

================================================================
== Vitis HLS Report for 'unsw_linear_transformer_Pipeline_VITIS_LOOP_224_26'
================================================================
* Date:           Mon Jun 29 21:52:48 2026

* Version:        2022.2 (Build 3670227 on Oct 13 2022)
* Project:        unsw_linear_transformer_fixed16_v2_resource_prj
* Solution:       solution1 (Vivado IP Flow Target)
* Product family: zynq
* Target device:  xc7z020-clg400-1


================================================================
== Performance Estimates
================================================================
+ Timing: 
    * Summary: 
    +--------+----------+----------+------------+
    |  Clock |  Target  | Estimated| Uncertainty|
    +--------+----------+----------+------------+
    |ap_clk  |  10.00 ns|  7.066 ns|     2.70 ns|
    +--------+----------+----------+------------+

+ Latency: 
    * Summary: 
    +---------+---------+----------+----------+-----+-----+---------+
    |  Latency (cycles) |  Latency (absolute) |  Interval | Pipeline|
    |   min   |   max   |    min   |    max   | min | max |   Type  |
    +---------+---------+----------+----------+-----+-----+---------+
    |       68|       68|  0.680 us|  0.680 us|   68|   68|       no|
    +---------+---------+----------+----------+-----+-----+---------+

    + Detail: 
        * Instance: 
        N/A

        * Loop: 
        +---------------------+---------+---------+----------+-----------+-----------+------+----------+
        |                     |  Latency (cycles) | Iteration|  Initiation Interval  | Trip |          |
        |      Loop Name      |   min   |   max   |  Latency |  achieved |   target  | Count| Pipelined|
        +---------------------+---------+---------+----------+-----------+-----------+------+----------+
        |- VITIS_LOOP_224_26  |       66|       66|         7|          4|          4|    16|       yes|
        +---------------------+---------+---------+----------+-----------+-----------+------+----------+

============================================================
+ Verbose Summary: Synthesis Manager
============================================================
InlineROM: 1
ExposeGlobal: 0
============================================================
+ Verbose Summary: CDFG Model
============================================================
IsTopModel: 0
ResetActiveHigh: 1
IsCombinational: 0
IsDatapathOnly: 0
HasWiredReturn: 1
HasMFsm: 2
HasVarLatency: 1
IsPipeline: 0
IsRtlPipelined: 0
IsInstanceOverlapped: 0
IsDontTouch: 0
HasImplIP: 0
IsGatedGlobalClock: 0

+ Individual pipeline summary: 
  * Pipeline-0: initiation interval (II) = 4, depth = 7


============================================================
+ Verbose Summary: Schedule
============================================================
* Number of FSM states : 7
* Pipeline : 1
  Pipeline-0 : II = 4, D = 7, States = { 1 2 3 4 5 6 7 }
* Dataflow Pipeline: 0

* FSM state transitions: 
1 --> 2 
2 --> 3 
3 --> 4 
4 --> 5 
5 --> 6 
6 --> 7 
7 --> 

* FSM state operations: 

State 1 <SV = 0> <Delay = 5.16>
ST_1 : Operation 10 [1/1] (0.00ns)   --->   "%lhs = alloca i32 1"   --->   Operation 10 'alloca' 'lhs' <Predicate = true> <Delay = 0.00>
ST_1 : Operation 11 [1/1] (0.00ns)   --->   "%input_feature = alloca i32 1"   --->   Operation 11 'alloca' 'input_feature' <Predicate = true> <Delay = 0.00>
ST_1 : Operation 12 [1/1] (0.00ns)   --->   "%zext_ln837_11_read = read i7 @_ssdm_op_Read.ap_auto.i7, i7 %zext_ln837_11"   --->   Operation 12 'read' 'zext_ln837_11_read' <Predicate = true> <Delay = 0.00>
ST_1 : Operation 13 [1/1] (0.00ns)   --->   "%zext_ln837_12_read = read i8 @_ssdm_op_Read.ap_auto.i8, i8 %zext_ln837_12"   --->   Operation 13 'read' 'zext_ln837_12_read' <Predicate = true> <Delay = 0.00>
ST_1 : Operation 14 [1/1] (0.00ns)   --->   "%sext_ln223_read = read i12 @_ssdm_op_Read.ap_auto.i12, i12 %sext_ln223"   --->   Operation 14 'read' 'sext_ln223_read' <Predicate = true> <Delay = 0.00>
ST_1 : Operation 15 [1/1] (0.00ns)   --->   "%sext_ln223_cast = sext i12 %sext_ln223_read"   --->   Operation 15 'sext' 'sext_ln223_cast' <Predicate = true> <Delay = 0.00>
ST_1 : Operation 16 [1/1] (1.58ns)   --->   "%store_ln0 = store i5 0, i5 %input_feature"   --->   Operation 16 'store' 'store_ln0' <Predicate = true> <Delay = 1.58>
ST_1 : Operation 17 [1/1] (1.58ns)   --->   "%store_ln0 = store i24 %sext_ln223_cast, i24 %lhs"   --->   Operation 17 'store' 'store_ln0' <Predicate = true> <Delay = 1.58>
ST_1 : Operation 18 [1/1] (0.00ns)   --->   "%br_ln0 = br void %for.body469"   --->   Operation 18 'br' 'br_ln0' <Predicate = true> <Delay = 0.00>
ST_1 : Operation 19 [1/1] (0.00ns)   --->   "%input_feature_3 = load i5 %input_feature" [src/unsw_linear_transformer.cpp:224]   --->   Operation 19 'load' 'input_feature_3' <Predicate = true> <Delay = 0.00>
ST_1 : Operation 20 [1/1] (1.36ns)   --->   "%icmp_ln224 = icmp_eq  i5 %input_feature_3, i5 16" [src/unsw_linear_transformer.cpp:224]   --->   Operation 20 'icmp' 'icmp_ln224' <Predicate = true> <Delay = 1.36> <CoreInst = "Cmp">   --->   Core 9 'Cmp' <Latency = 0> <II = 1> <Delay = 1.36> <FuncUnit> <Opcode : 'icmp'> <InPorts = 2> <OutPorts = 1>
ST_1 : Operation 21 [1/1] (0.00ns)   --->   "%empty = speclooptripcount i32 @_ssdm_op_SpecLoopTripCount, i64 16, i64 16, i64 16"   --->   Operation 21 'speclooptripcount' 'empty' <Predicate = true> <Delay = 0.00>
ST_1 : Operation 22 [1/1] (1.78ns)   --->   "%add_ln224 = add i5 %input_feature_3, i5 1" [src/unsw_linear_transformer.cpp:224]   --->   Operation 22 'add' 'add_ln224' <Predicate = true> <Delay = 1.78> <CoreInst = "Adder">   --->   Core 1 'Adder' <Latency = 0> <II = 1> <Delay = 1.78> <FuncUnit> <Opcode : 'add' 'sub'> <InPorts = 2> <OutPorts = 1>
ST_1 : Operation 23 [1/1] (0.00ns)   --->   "%br_ln224 = br i1 %icmp_ln224, void %for.body469.split_ifconv, void %for.end484_ifconv.exitStub" [src/unsw_linear_transformer.cpp:224]   --->   Operation 23 'br' 'br_ln224' <Predicate = true> <Delay = 0.00>
ST_1 : Operation 24 [1/1] (0.00ns)   --->   "%zext_ln837 = zext i5 %input_feature_3"   --->   Operation 24 'zext' 'zext_ln837' <Predicate = (!icmp_ln224)> <Delay = 0.00>
ST_1 : Operation 25 [1/1] (0.00ns)   --->   "%zext_ln837_8 = zext i5 %input_feature_3"   --->   Operation 25 'zext' 'zext_ln837_8' <Predicate = (!icmp_ln224)> <Delay = 0.00>
ST_1 : Operation 26 [1/1] (1.91ns)   --->   "%add_ln837 = add i8 %zext_ln837_12_read, i8 %zext_ln837_8"   --->   Operation 26 'add' 'add_ln837' <Predicate = (!icmp_ln224)> <Delay = 1.91> <CoreInst = "Adder">   --->   Core 1 'Adder' <Latency = 0> <II = 1> <Delay = 1.91> <FuncUnit> <Opcode : 'add' 'sub'> <InPorts = 2> <OutPorts = 1>
ST_1 : Operation 27 [1/1] (0.00ns)   --->   "%zext_ln837_9 = zext i8 %add_ln837"   --->   Operation 27 'zext' 'zext_ln837_9' <Predicate = (!icmp_ln224)> <Delay = 0.00>
ST_1 : Operation 28 [1/1] (0.00ns)   --->   "%LAYERS_0_ATTENTION_OUTPUT_WEIGHT_V_addr = getelementptr i10 %LAYERS_0_ATTENTION_OUTPUT_WEIGHT_V, i64 0, i64 %zext_ln837_9"   --->   Operation 28 'getelementptr' 'LAYERS_0_ATTENTION_OUTPUT_WEIGHT_V_addr' <Predicate = (!icmp_ln224)> <Delay = 0.00>
ST_1 : Operation 29 [1/1] (1.87ns)   --->   "%add_ln837_3 = add i7 %zext_ln837_11_read, i7 %zext_ln837"   --->   Operation 29 'add' 'add_ln837_3' <Predicate = (!icmp_ln224)> <Delay = 1.87> <CoreInst = "Adder">   --->   Core 1 'Adder' <Latency = 0> <II = 1> <Delay = 1.87> <FuncUnit> <Opcode : 'add' 'sub'> <InPorts = 2> <OutPorts = 1>
ST_1 : Operation 30 [1/1] (0.00ns)   --->   "%zext_ln837_10 = zext i7 %add_ln837_3"   --->   Operation 30 'zext' 'zext_ln837_10' <Predicate = (!icmp_ln224)> <Delay = 0.00>
ST_1 : Operation 31 [1/1] (0.00ns)   --->   "%attention_V_addr = getelementptr i16 %attention_V, i64 0, i64 %zext_ln837_10"   --->   Operation 31 'getelementptr' 'attention_V_addr' <Predicate = (!icmp_ln224)> <Delay = 0.00>
ST_1 : Operation 32 [2/2] (3.25ns)   --->   "%attention_V_load = load i7 %attention_V_addr"   --->   Operation 32 'load' 'attention_V_load' <Predicate = (!icmp_ln224)> <Delay = 3.25> <CoreInst = "RAM">   --->   Core 82 'RAM' <Latency = 1> <II = 1> <Delay = 3.25> <Storage> <Opcode : 'load' 'store'> <Ports = 2> <Width = 16> <Depth = 128> <RAM>
ST_1 : Operation 33 [2/2] (3.25ns)   --->   "%LAYERS_0_ATTENTION_OUTPUT_WEIGHT_V_load = load i8 %LAYERS_0_ATTENTION_OUTPUT_WEIGHT_V_addr"   --->   Operation 33 'load' 'LAYERS_0_ATTENTION_OUTPUT_WEIGHT_V_load' <Predicate = (!icmp_ln224)> <Delay = 3.25> <CoreInst = "ROM">   --->   Core 95 'ROM' <Latency = 1> <II = 1> <Delay = 3.25> <Storage> <Opcode : 'load'> <Ports = 0> <Width = 10> <Depth = 256> <ROM>
ST_1 : Operation 34 [1/1] (1.58ns)   --->   "%store_ln224 = store i5 %add_ln224, i5 %input_feature" [src/unsw_linear_transformer.cpp:224]   --->   Operation 34 'store' 'store_ln224' <Predicate = (!icmp_ln224)> <Delay = 1.58>

State 2 <SV = 1> <Delay = 5.40>
ST_2 : Operation 35 [1/2] (3.25ns)   --->   "%attention_V_load = load i7 %attention_V_addr"   --->   Operation 35 'load' 'attention_V_load' <Predicate = (!icmp_ln224)> <Delay = 3.25> <CoreInst = "RAM">   --->   Core 82 'RAM' <Latency = 1> <II = 1> <Delay = 3.25> <Storage> <Opcode : 'load' 'store'> <Ports = 2> <Width = 16> <Depth = 128> <RAM>
ST_2 : Operation 36 [1/1] (0.00ns)   --->   "%r_V = bitconcatenate i20 @_ssdm_op_BitConcatenate.i20.i16.i4, i16 %attention_V_load, i4 0"   --->   Operation 36 'bitconcatenate' 'r_V' <Predicate = (!icmp_ln224)> <Delay = 0.00>
ST_2 : Operation 37 [1/2] (3.25ns)   --->   "%LAYERS_0_ATTENTION_OUTPUT_WEIGHT_V_load = load i8 %LAYERS_0_ATTENTION_OUTPUT_WEIGHT_V_addr"   --->   Operation 37 'load' 'LAYERS_0_ATTENTION_OUTPUT_WEIGHT_V_load' <Predicate = (!icmp_ln224)> <Delay = 3.25> <CoreInst = "ROM">   --->   Core 95 'ROM' <Latency = 1> <II = 1> <Delay = 3.25> <Storage> <Opcode : 'load'> <Ports = 0> <Width = 10> <Depth = 256> <ROM>
ST_2 : Operation 38 [1/1] (0.00ns)   --->   "%shl_ln838_s = bitconcatenate i14 @_ssdm_op_BitConcatenate.i14.i10.i4, i10 %LAYERS_0_ATTENTION_OUTPUT_WEIGHT_V_load, i4 0"   --->   Operation 38 'bitconcatenate' 'shl_ln838_s' <Predicate = (!icmp_ln224)> <Delay = 0.00>
ST_2 : Operation 39 [1/1] (0.00ns)   --->   "%sext_ln1270 = sext i20 %r_V"   --->   Operation 39 'sext' 'sext_ln1270' <Predicate = (!icmp_ln224)> <Delay = 0.00>
ST_2 : Operation 40 [1/1] (0.00ns)   --->   "%sext_ln1273 = sext i14 %shl_ln838_s"   --->   Operation 40 'sext' 'sext_ln1273' <Predicate = (!icmp_ln224)> <Delay = 0.00>
ST_2 : Operation 41 [4/4] (2.15ns) (root node of the DSP)   --->   "%r_V_8 = mul i34 %sext_ln1273, i34 %sext_ln1270"   --->   Operation 41 'mul' 'r_V_8' <Predicate = (!icmp_ln224)> <Delay = 2.15> <CoreInst = "DSP48">   --->   Core 119 'DSP48' <Latency = 3> <II = 1> <Delay = 2.15> <IPBlock> <Opcode : 'mul' 'add' 'sub' 'select'> <InPorts = 0> <OutPorts = 1> <Sync> <CReg>

State 3 <SV = 2> <Delay = 2.15>
ST_3 : Operation 42 [3/4] (2.15ns) (root node of the DSP)   --->   "%r_V_8 = mul i34 %sext_ln1273, i34 %sext_ln1270"   --->   Operation 42 'mul' 'r_V_8' <Predicate = (!icmp_ln224)> <Delay = 2.15> <CoreInst = "DSP48">   --->   Core 119 'DSP48' <Latency = 3> <II = 1> <Delay = 2.15> <IPBlock> <Opcode : 'mul' 'add' 'sub' 'select'> <InPorts = 0> <OutPorts = 1> <Sync> <CReg>
ST_3 : Operation 85 [1/1] (0.00ns)   --->   "%lhs_load = load i24 %lhs"   --->   Operation 85 'load' 'lhs_load' <Predicate = (icmp_ln224)> <Delay = 0.00>
ST_3 : Operation 86 [1/1] (0.00ns)   --->   "%write_ln0 = write void @_ssdm_op_Write.ap_auto.i24P0A, i24 %sum_V_62_out, i24 %lhs_load"   --->   Operation 86 'write' 'write_ln0' <Predicate = (icmp_ln224)> <Delay = 0.00>
ST_3 : Operation 87 [1/1] (0.00ns)   --->   "%ret_ln0 = ret"   --->   Operation 87 'ret' 'ret_ln0' <Predicate = (icmp_ln224)> <Delay = 0.00>

State 4 <SV = 3> <Delay = 2.15>
ST_4 : Operation 43 [2/4] (2.15ns) (root node of the DSP)   --->   "%r_V_8 = mul i34 %sext_ln1273, i34 %sext_ln1270"   --->   Operation 43 'mul' 'r_V_8' <Predicate = (!icmp_ln224)> <Delay = 2.15> <CoreInst = "DSP48">   --->   Core 119 'DSP48' <Latency = 3> <II = 1> <Delay = 2.15> <IPBlock> <Opcode : 'mul' 'add' 'sub' 'select'> <InPorts = 0> <OutPorts = 1> <Sync> <CReg>

State 5 <SV = 4> <Delay = 0.00>
ST_5 : Operation 44 [1/4] (0.00ns) (root node of the DSP)   --->   "%r_V_8 = mul i34 %sext_ln1273, i34 %sext_ln1270"   --->   Operation 44 'mul' 'r_V_8' <Predicate = true> <Delay = 0.00> <CoreInst = "DSP48">   --->   Core 119 'DSP48' <Latency = 3> <II = 1> <Delay = 2.15> <IPBlock> <Opcode : 'mul' 'add' 'sub' 'select'> <InPorts = 0> <OutPorts = 1> <Sync> <CReg>
ST_5 : Operation 45 [1/1] (0.00ns)   --->   "%tmp = bitselect i1 @_ssdm_op_BitSelect.i1.i34.i32, i34 %r_V_8, i32 13"   --->   Operation 45 'bitselect' 'tmp' <Predicate = true> <Delay = 0.00>

State 6 <SV = 5> <Delay = 7.06>
ST_6 : Operation 46 [1/1] (0.00ns)   --->   "%lhs_load_3 = load i24 %lhs"   --->   Operation 46 'load' 'lhs_load_3' <Predicate = true> <Delay = 0.00>
ST_6 : Operation 47 [1/1] (0.00ns)   --->   "%lhs_3 = bitconcatenate i38 @_ssdm_op_BitConcatenate.i38.i24.i14, i24 %lhs_load_3, i14 0"   --->   Operation 47 'bitconcatenate' 'lhs_3' <Predicate = true> <Delay = 0.00>
ST_6 : Operation 48 [1/1] (0.00ns)   --->   "%sext_ln1347 = sext i38 %lhs_3"   --->   Operation 48 'sext' 'sext_ln1347' <Predicate = true> <Delay = 0.00>
ST_6 : Operation 49 [1/1] (0.00ns)   --->   "%sext_ln1347_8 = sext i34 %r_V_8"   --->   Operation 49 'sext' 'sext_ln1347_8' <Predicate = true> <Delay = 0.00>
ST_6 : Operation 50 [1/1] (0.00ns)   --->   "%sext_ln1347_9 = sext i34 %r_V_8"   --->   Operation 50 'sext' 'sext_ln1347_9' <Predicate = true> <Delay = 0.00>
ST_6 : Operation 51 [1/1] (2.79ns)   --->   "%ret_V = add i39 %sext_ln1347, i39 %sext_ln1347_8"   --->   Operation 51 'add' 'ret_V' <Predicate = true> <Delay = 2.79> <CoreInst = "Adder">   --->   Core 1 'Adder' <Latency = 0> <II = 1> <Delay = 2.79> <FuncUnit> <Opcode : 'add' 'sub'> <InPorts = 2> <OutPorts = 1>
ST_6 : Operation 52 [1/1] (2.79ns)   --->   "%add_ln1347_6 = add i38 %lhs_3, i38 %sext_ln1347_9"   --->   Operation 52 'add' 'add_ln1347_6' <Predicate = true> <Delay = 2.79> <CoreInst = "Adder">   --->   Core 1 'Adder' <Latency = 0> <II = 1> <Delay = 2.79> <FuncUnit> <Opcode : 'add' 'sub'> <InPorts = 2> <OutPorts = 1>
ST_6 : Operation 53 [1/1] (0.00ns)   --->   "%p_Result_s = bitselect i1 @_ssdm_op_BitSelect.i1.i39.i32, i39 %ret_V, i32 38"   --->   Operation 53 'bitselect' 'p_Result_s' <Predicate = true> <Delay = 0.00>
ST_6 : Operation 54 [1/1] (0.00ns)   --->   "%sum_V_8 = partselect i24 @_ssdm_op_PartSelect.i24.i38.i32.i32, i38 %add_ln1347_6, i32 14, i32 37"   --->   Operation 54 'partselect' 'sum_V_8' <Predicate = true> <Delay = 0.00>
ST_6 : Operation 55 [1/1] (0.00ns)   --->   "%p_Result_22 = bitselect i1 @_ssdm_op_BitSelect.i1.i38.i32, i38 %add_ln1347_6, i32 37"   --->   Operation 55 'bitselect' 'p_Result_22' <Predicate = true> <Delay = 0.00>
ST_6 : Operation 56 [1/1] (0.00ns)   --->   "%zext_ln377 = zext i1 %tmp"   --->   Operation 56 'zext' 'zext_ln377' <Predicate = true> <Delay = 0.00>
ST_6 : Operation 57 [1/1] (2.31ns)   --->   "%sum_V_9 = add i24 %zext_ln377, i24 %sum_V_8"   --->   Operation 57 'add' 'sum_V_9' <Predicate = true> <Delay = 2.31> <CoreInst = "Adder">   --->   Core 1 'Adder' <Latency = 0> <II = 1> <Delay = 2.31> <FuncUnit> <Opcode : 'add' 'sub'> <InPorts = 2> <OutPorts = 1>
ST_6 : Operation 58 [1/1] (0.00ns)   --->   "%p_Result_23 = bitselect i1 @_ssdm_op_BitSelect.i1.i24.i32, i24 %sum_V_9, i32 23"   --->   Operation 58 'bitselect' 'p_Result_23' <Predicate = true> <Delay = 0.00>
ST_6 : Operation 59 [1/1] (0.97ns)   --->   "%xor_ln896 = xor i1 %p_Result_23, i1 1"   --->   Operation 59 'xor' 'xor_ln896' <Predicate = true> <Delay = 0.97> <CoreInst = "LogicGate">   --->   Core 74 'LogicGate' <Latency = 0> <II = 1> <Delay = 0.97> <FuncUnit> <Opcode : 'and' 'or' 'xor'> <InPorts = 2> <OutPorts = 1>
ST_6 : Operation 60 [1/1] (0.00ns)   --->   "%Range2_all_ones = bitselect i1 @_ssdm_op_BitSelect.i1.i39.i32, i39 %ret_V, i32 38"   --->   Operation 60 'bitselect' 'Range2_all_ones' <Predicate = true> <Delay = 0.00>
ST_6 : Operation 61 [1/1] (0.00ns) (grouped into LUT with out node or_ln888)   --->   "%xor_ln888 = xor i1 %p_Result_22, i1 1"   --->   Operation 61 'xor' 'xor_ln888' <Predicate = true> <Delay = 0.00> <CoreInst = "LogicGate">   --->   Core 74 'LogicGate' <Latency = 0> <II = 1> <Delay = 0.97> <FuncUnit> <Opcode : 'and' 'or' 'xor'> <InPorts = 2> <OutPorts = 1>
ST_6 : Operation 62 [1/1] (0.97ns) (out node of the LUT)   --->   "%or_ln888 = or i1 %p_Result_23, i1 %xor_ln888"   --->   Operation 62 'or' 'or_ln888' <Predicate = true> <Delay = 0.97> <CoreInst = "LogicGate">   --->   Core 74 'LogicGate' <Latency = 0> <II = 1> <Delay = 0.97> <FuncUnit> <Opcode : 'and' 'or' 'xor'> <InPorts = 2> <OutPorts = 1>
ST_6 : Operation 63 [1/1] (0.00ns) (grouped into LUT with out node overflow)   --->   "%deleted_zeros = xor i1 %Range2_all_ones, i1 %or_ln888"   --->   Operation 63 'xor' 'deleted_zeros' <Predicate = true> <Delay = 0.00> <CoreInst = "LogicGate">   --->   Core 74 'LogicGate' <Latency = 0> <II = 1> <Delay = 0.97> <FuncUnit> <Opcode : 'and' 'or' 'xor'> <InPorts = 2> <OutPorts = 1>
ST_6 : Operation 64 [1/1] (0.00ns) (grouped into LUT with out node or_ln896)   --->   "%tmp_30 = bitselect i1 @_ssdm_op_BitSelect.i1.i39.i32, i39 %ret_V, i32 38"   --->   Operation 64 'bitselect' 'tmp_30' <Predicate = true> <Delay = 0.00>
ST_6 : Operation 65 [1/1] (0.00ns) (grouped into LUT with out node or_ln896)   --->   "%xor_ln890 = xor i1 %tmp_30, i1 1"   --->   Operation 65 'xor' 'xor_ln890' <Predicate = true> <Delay = 0.00> <CoreInst = "LogicGate">   --->   Core 74 'LogicGate' <Latency = 0> <II = 1> <Delay = 0.97> <FuncUnit> <Opcode : 'and' 'or' 'xor'> <InPorts = 2> <OutPorts = 1>
ST_6 : Operation 66 [1/1] (0.00ns) (grouped into LUT with out node or_ln896)   --->   "%or_ln890 = or i1 %or_ln888, i1 %xor_ln890"   --->   Operation 66 'or' 'or_ln890' <Predicate = true> <Delay = 0.00> <CoreInst = "LogicGate">   --->   Core 74 'LogicGate' <Latency = 0> <II = 1> <Delay = 0.97> <FuncUnit> <Opcode : 'and' 'or' 'xor'> <InPorts = 2> <OutPorts = 1>
ST_6 : Operation 67 [1/1] (0.00ns) (grouped into LUT with out node or_ln896)   --->   "%deleted_ones = and i1 %Range2_all_ones, i1 %or_ln890"   --->   Operation 67 'and' 'deleted_ones' <Predicate = true> <Delay = 0.00> <CoreInst = "LogicGate">   --->   Core 74 'LogicGate' <Latency = 0> <II = 1> <Delay = 0.97> <FuncUnit> <Opcode : 'and' 'or' 'xor'> <InPorts = 2> <OutPorts = 1>
ST_6 : Operation 68 [1/1] (0.00ns) (grouped into LUT with out node overflow)   --->   "%xor_ln895 = xor i1 %deleted_zeros, i1 1"   --->   Operation 68 'xor' 'xor_ln895' <Predicate = true> <Delay = 0.00> <CoreInst = "LogicGate">   --->   Core 74 'LogicGate' <Latency = 0> <II = 1> <Delay = 0.97> <FuncUnit> <Opcode : 'and' 'or' 'xor'> <InPorts = 2> <OutPorts = 1>
ST_6 : Operation 69 [1/1] (0.00ns) (grouped into LUT with out node overflow)   --->   "%or_ln895 = or i1 %p_Result_23, i1 %xor_ln895"   --->   Operation 69 'or' 'or_ln895' <Predicate = true> <Delay = 0.00> <CoreInst = "LogicGate">   --->   Core 74 'LogicGate' <Latency = 0> <II = 1> <Delay = 0.97> <FuncUnit> <Opcode : 'and' 'or' 'xor'> <InPorts = 2> <OutPorts = 1>
ST_6 : Operation 70 [1/1] (0.00ns) (grouped into LUT with out node overflow)   --->   "%xor_ln895_8 = xor i1 %p_Result_s, i1 1"   --->   Operation 70 'xor' 'xor_ln895_8' <Predicate = true> <Delay = 0.00> <CoreInst = "LogicGate">   --->   Core 74 'LogicGate' <Latency = 0> <II = 1> <Delay = 0.97> <FuncUnit> <Opcode : 'and' 'or' 'xor'> <InPorts = 2> <OutPorts = 1>
ST_6 : Operation 71 [1/1] (0.97ns) (out node of the LUT)   --->   "%overflow = and i1 %or_ln895, i1 %xor_ln895_8"   --->   Operation 71 'and' 'overflow' <Predicate = true> <Delay = 0.97> <CoreInst = "LogicGate">   --->   Core 74 'LogicGate' <Latency = 0> <II = 1> <Delay = 0.97> <FuncUnit> <Opcode : 'and' 'or' 'xor'> <InPorts = 2> <OutPorts = 1>
ST_6 : Operation 72 [1/1] (0.00ns) (grouped into LUT with out node or_ln896)   --->   "%xor_ln896_12 = xor i1 %deleted_ones, i1 1"   --->   Operation 72 'xor' 'xor_ln896_12' <Predicate = true> <Delay = 0.00> <CoreInst = "LogicGate">   --->   Core 74 'LogicGate' <Latency = 0> <II = 1> <Delay = 0.97> <FuncUnit> <Opcode : 'and' 'or' 'xor'> <InPorts = 2> <OutPorts = 1>
ST_6 : Operation 73 [1/1] (0.97ns) (out node of the LUT)   --->   "%or_ln896 = or i1 %xor_ln896, i1 %xor_ln896_12"   --->   Operation 73 'or' 'or_ln896' <Predicate = true> <Delay = 0.97> <CoreInst = "LogicGate">   --->   Core 74 'LogicGate' <Latency = 0> <II = 1> <Delay = 0.97> <FuncUnit> <Opcode : 'and' 'or' 'xor'> <InPorts = 2> <OutPorts = 1>

State 7 <SV = 6> <Delay = 3.26>
ST_7 : Operation 74 [1/1] (0.00ns)   --->   "%specpipeline_ln225 = specpipeline void @_ssdm_op_SpecPipeline, i32 4, i32 0, i32 0, i32 0, void @empty_9" [src/unsw_linear_transformer.cpp:225]   --->   Operation 74 'specpipeline' 'specpipeline_ln225' <Predicate = true> <Delay = 0.00>
ST_7 : Operation 75 [1/1] (0.00ns)   --->   "%specloopname_ln223 = specloopname void @_ssdm_op_SpecLoopName, void @empty_33" [src/unsw_linear_transformer.cpp:223]   --->   Operation 75 'specloopname' 'specloopname_ln223' <Predicate = true> <Delay = 0.00>
ST_7 : Operation 76 [1/1] (0.00ns) (grouped into LUT with out node or_ln346)   --->   "%carry_8 = and i1 %p_Result_22, i1 %xor_ln896"   --->   Operation 76 'and' 'carry_8' <Predicate = true> <Delay = 0.00> <CoreInst = "LogicGate">   --->   Core 74 'LogicGate' <Latency = 0> <II = 1> <Delay = 0.97> <FuncUnit> <Opcode : 'and' 'or' 'xor'> <InPorts = 2> <OutPorts = 1>
ST_7 : Operation 77 [1/1] (0.00ns) (grouped into LUT with out node or_ln346)   --->   "%and_ln891 = and i1 %carry_8, i1 %Range2_all_ones"   --->   Operation 77 'and' 'and_ln891' <Predicate = true> <Delay = 0.00> <CoreInst = "LogicGate">   --->   Core 74 'LogicGate' <Latency = 0> <II = 1> <Delay = 0.97> <FuncUnit> <Opcode : 'and' 'or' 'xor'> <InPorts = 2> <OutPorts = 1>
ST_7 : Operation 78 [1/1] (0.00ns) (grouped into LUT with out node or_ln346)   --->   "%xor_ln896_13 = xor i1 %and_ln891, i1 %or_ln896"   --->   Operation 78 'xor' 'xor_ln896_13' <Predicate = true> <Delay = 0.00> <CoreInst = "LogicGate">   --->   Core 74 'LogicGate' <Latency = 0> <II = 1> <Delay = 0.97> <FuncUnit> <Opcode : 'and' 'or' 'xor'> <InPorts = 2> <OutPorts = 1>
ST_7 : Operation 79 [1/1] (0.00ns) (grouped into LUT with out node or_ln346)   --->   "%underflow = and i1 %xor_ln896_13, i1 %p_Result_s"   --->   Operation 79 'and' 'underflow' <Predicate = true> <Delay = 0.00> <CoreInst = "LogicGate">   --->   Core 74 'LogicGate' <Latency = 0> <II = 1> <Delay = 0.97> <FuncUnit> <Opcode : 'and' 'or' 'xor'> <InPorts = 2> <OutPorts = 1>
ST_7 : Operation 80 [1/1] (0.00ns) (grouped into LUT with out node sum_V)   --->   "%select_ln346 = select i1 %overflow, i24 8388607, i24 8388608"   --->   Operation 80 'select' 'select_ln346' <Predicate = true> <Delay = 0.00> <CoreInst = "Sel">   --->   Core 73 'Sel' <Latency = 0> <II = 1> <Delay = 0.69> <FuncUnit> <Opcode : 'select'> <InPorts = 3> <OutPorts = 1>
ST_7 : Operation 81 [1/1] (0.97ns) (out node of the LUT)   --->   "%or_ln346 = or i1 %overflow, i1 %underflow"   --->   Operation 81 'or' 'or_ln346' <Predicate = true> <Delay = 0.97> <CoreInst = "LogicGate">   --->   Core 74 'LogicGate' <Latency = 0> <II = 1> <Delay = 0.97> <FuncUnit> <Opcode : 'and' 'or' 'xor'> <InPorts = 2> <OutPorts = 1>
ST_7 : Operation 82 [1/1] (0.69ns) (out node of the LUT)   --->   "%sum_V = select i1 %or_ln346, i24 %select_ln346, i24 %sum_V_9"   --->   Operation 82 'select' 'sum_V' <Predicate = true> <Delay = 0.69> <CoreInst = "Sel">   --->   Core 73 'Sel' <Latency = 0> <II = 1> <Delay = 0.69> <FuncUnit> <Opcode : 'select'> <InPorts = 3> <OutPorts = 1>
ST_7 : Operation 83 [1/1] (1.58ns)   --->   "%store_ln224 = store i24 %sum_V, i24 %lhs" [src/unsw_linear_transformer.cpp:224]   --->   Operation 83 'store' 'store_ln224' <Predicate = true> <Delay = 1.58>
ST_7 : Operation 84 [1/1] (0.00ns)   --->   "%br_ln224 = br void %for.body469" [src/unsw_linear_transformer.cpp:224]   --->   Operation 84 'br' 'br_ln224' <Predicate = true> <Delay = 0.00>


============================================================
+ Verbose Summary: Timing violations
============================================================
Target clock period: 10ns, clock uncertainty: 2.7ns.

 <State 1>: 5.17ns
The critical path consists of the following:
	'alloca' operation ('input_feature') [8]  (0 ns)
	'load' operation ('input_feature', src/unsw_linear_transformer.cpp:224) on local variable 'input_feature' [17]  (0 ns)
	'add' operation ('add_ln837') [26]  (1.92 ns)
	'getelementptr' operation ('LAYERS_0_ATTENTION_OUTPUT_WEIGHT_V_addr') [28]  (0 ns)
	'load' operation ('LAYERS_0_ATTENTION_OUTPUT_WEIGHT_V_load') on array 'LAYERS_0_ATTENTION_OUTPUT_WEIGHT_V' [36]  (3.25 ns)

 <State 2>: 5.4ns
The critical path consists of the following:
	'load' operation ('attention_V_load') on array 'attention_V' [34]  (3.25 ns)
	'mul' operation of DSP[40] ('r.V') [40]  (2.15 ns)

 <State 3>: 2.15ns
The critical path consists of the following:
	'mul' operation of DSP[40] ('r.V') [40]  (2.15 ns)

 <State 4>: 2.15ns
The critical path consists of the following:
	'mul' operation of DSP[40] ('r.V') [40]  (2.15 ns)

 <State 5>: 0ns
The critical path consists of the following:

 <State 6>: 7.07ns
The critical path consists of the following:
	'load' operation ('lhs_load_3') on local variable 'lhs' [23]  (0 ns)
	'add' operation ('add_ln1347_6') [46]  (2.8 ns)
	'add' operation ('sum.V') [52]  (2.31 ns)
	'or' operation ('or_ln888') [58]  (0.978 ns)
	'xor' operation ('deleted_zeros') [59]  (0 ns)
	'xor' operation ('xor_ln895') [65]  (0 ns)
	'or' operation ('or_ln895') [66]  (0 ns)
	'and' operation ('overflow') [68]  (0.978 ns)

 <State 7>: 3.26ns
The critical path consists of the following:
	'and' operation ('carry') [55]  (0 ns)
	'and' operation ('and_ln891') [64]  (0 ns)
	'xor' operation ('xor_ln896_13') [71]  (0 ns)
	'and' operation ('underflow') [72]  (0 ns)
	'or' operation ('or_ln346') [74]  (0.978 ns)
	'select' operation ('sum.V') [75]  (0.694 ns)
	'store' operation ('store_ln224', src/unsw_linear_transformer.cpp:224) of variable 'sum.V' on local variable 'lhs' [77]  (1.59 ns)


============================================================
+ Verbose Summary: Binding
============================================================
N/A
* FSMD analyzer results:
  - Output states:
 - Input state : 
  - Chain level:
	State 1
	State 2
	State 3
	State 4
	State 5
	State 6
	State 7


============================================================
+ Verbose Summary: Datapath Resource usage 
============================================================
N/A
