/home/cym/prj2/finn/notebooks/icl_thesis-master/vitis_hls/unsw_linear_transformer_fixed16_v2_resource/unsw_linear_transformer_fixed16_v2_resource_prj/solution1/.autopilot/db/unsw_linear_transformer.pp.0.cpp:1339:7: warning: Added loop label VITIS_LOOP_1211_1:   [xilinx-label-all-loops]
      for (i = 0; i < __N - 1; ++i) {
      ^~~
      VITIS_LOOP_1211_1: 
/home/cym/prj2/finn/notebooks/icl_thesis-master/vitis_hls/unsw_linear_transformer_fixed16_v2_resource/unsw_linear_transformer_fixed16_v2_resource_prj/solution1/.autopilot/db/unsw_linear_transformer.pp.0.cpp:1339:7: note: FIX-IT applied suggested code changes
/home/cym/prj2/finn/notebooks/icl_thesis-master/vitis_hls/unsw_linear_transformer_fixed16_v2_resource/unsw_linear_transformer_fixed16_v2_resource_prj/solution1/.autopilot/db/unsw_linear_transformer.pp.0.cpp:2313:5: warning: Added loop label VITIS_LOOP_676_1:   [xilinx-label-all-loops]
    for (unsigned i = low; i != high; ++i) {
    ^~~
    VITIS_LOOP_676_1: 
/home/cym/prj2/finn/notebooks/icl_thesis-master/vitis_hls/unsw_linear_transformer_fixed16_v2_resource/unsw_linear_transformer_fixed16_v2_resource_prj/solution1/.autopilot/db/unsw_linear_transformer.pp.0.cpp:2313:5: note: FIX-IT applied suggested code changes
/home/cym/prj2/finn/notebooks/icl_thesis-master/vitis_hls/unsw_linear_transformer_fixed16_v2_resource/unsw_linear_transformer_fixed16_v2_resource_prj/solution1/.autopilot/db/unsw_linear_transformer.pp.0.cpp:2327:5: warning: Added loop label VITIS_LOOP_690_1:   [xilinx-label-all-loops]
    for (unsigned i = low; i != high; ++i) {
    ^~~
    VITIS_LOOP_690_1: 
/home/cym/prj2/finn/notebooks/icl_thesis-master/vitis_hls/unsw_linear_transformer_fixed16_v2_resource/unsw_linear_transformer_fixed16_v2_resource_prj/solution1/.autopilot/db/unsw_linear_transformer.pp.0.cpp:2327:5: note: FIX-IT applied suggested code changes
/home/cym/prj2/finn/notebooks/icl_thesis-master/vitis_hls/unsw_linear_transformer_fixed16_v2_resource/unsw_linear_transformer_fixed16_v2_resource_prj/solution1/.autopilot/db/unsw_linear_transformer.pp.0.cpp:2341:5: warning: Added loop label VITIS_LOOP_704_1:   [xilinx-label-all-loops]
    for (unsigned i = low; i != high; ++i) {
    ^~~
    VITIS_LOOP_704_1: 
/home/cym/prj2/finn/notebooks/icl_thesis-master/vitis_hls/unsw_linear_transformer_fixed16_v2_resource/unsw_linear_transformer_fixed16_v2_resource_prj/solution1/.autopilot/db/unsw_linear_transformer.pp.0.cpp:2341:5: note: FIX-IT applied suggested code changes
/home/cym/prj2/finn/notebooks/icl_thesis-master/vitis_hls/unsw_linear_transformer_fixed16_v2_resource/unsw_linear_transformer_fixed16_v2_resource_prj/solution1/.autopilot/db/unsw_linear_transformer.pp.0.cpp:3940:7: warning: Added loop label VITIS_LOOP_1245_1:   [xilinx-label-all-loops]
      for (i = 0; i < __N - 1; ++i) {
      ^~~
      VITIS_LOOP_1245_1: 
/home/cym/prj2/finn/notebooks/icl_thesis-master/vitis_hls/unsw_linear_transformer_fixed16_v2_resource/unsw_linear_transformer_fixed16_v2_resource_prj/solution1/.autopilot/db/unsw_linear_transformer.pp.0.cpp:3940:7: note: FIX-IT applied suggested code changes
/home/cym/prj2/finn/notebooks/icl_thesis-master/vitis_hls/unsw_linear_transformer_fixed16_v2_resource/unsw_linear_transformer_fixed16_v2_resource_prj/solution1/.autopilot/db/unsw_linear_transformer.pp.0.cpp:12440:5: warning: Added loop label VITIS_LOOP_14_1:   [xilinx-label-all-loops]
    for (int sequence = 0; sequence < 8; ++sequence) {
    ^~~
    VITIS_LOOP_14_1: 
/home/cym/prj2/finn/notebooks/icl_thesis-master/vitis_hls/unsw_linear_transformer_fixed16_v2_resource/unsw_linear_transformer_fixed16_v2_resource_prj/solution1/.autopilot/db/unsw_linear_transformer.pp.0.cpp:12440:5: note: FIX-IT applied suggested code changes
/home/cym/prj2/finn/notebooks/icl_thesis-master/vitis_hls/unsw_linear_transformer_fixed16_v2_resource/unsw_linear_transformer_fixed16_v2_resource_prj/solution1/.autopilot/db/unsw_linear_transformer.pp.0.cpp:12442:9: warning: Added loop label VITIS_LOOP_16_2:   [xilinx-label-all-loops]
        for (int feature = 0; feature < 16; ++feature) {
        ^~~
        VITIS_LOOP_16_2: 
/home/cym/prj2/finn/notebooks/icl_thesis-master/vitis_hls/unsw_linear_transformer_fixed16_v2_resource/unsw_linear_transformer_fixed16_v2_resource_prj/solution1/.autopilot/db/unsw_linear_transformer.pp.0.cpp:12442:9: note: FIX-IT applied suggested code changes
/home/cym/prj2/finn/notebooks/icl_thesis-master/vitis_hls/unsw_linear_transformer_fixed16_v2_resource/unsw_linear_transformer_fixed16_v2_resource_prj/solution1/.autopilot/db/unsw_linear_transformer.pp.0.cpp:12449:9: warning: Added loop label VITIS_LOOP_23_3:   [xilinx-label-all-loops]
        for (int feature = 0; feature < 16; ++feature) {
        ^~~
        VITIS_LOOP_23_3: 
/home/cym/prj2/finn/notebooks/icl_thesis-master/vitis_hls/unsw_linear_transformer_fixed16_v2_resource/unsw_linear_transformer_fixed16_v2_resource_prj/solution1/.autopilot/db/unsw_linear_transformer.pp.0.cpp:12449:9: note: FIX-IT applied suggested code changes
/home/cym/prj2/finn/notebooks/icl_thesis-master/vitis_hls/unsw_linear_transformer_fixed16_v2_resource/unsw_linear_transformer_fixed16_v2_resource_prj/solution1/.autopilot/db/unsw_linear_transformer.pp.0.cpp:12461:9: warning: Added loop label VITIS_LOOP_35_4:   [xilinx-label-all-loops]
        for (int feature = 0; feature < 16; ++feature) {
        ^~~
        VITIS_LOOP_35_4: 
/home/cym/prj2/finn/notebooks/icl_thesis-master/vitis_hls/unsw_linear_transformer_fixed16_v2_resource/unsw_linear_transformer_fixed16_v2_resource_prj/solution1/.autopilot/db/unsw_linear_transformer.pp.0.cpp:12461:9: note: FIX-IT applied suggested code changes
/home/cym/prj2/finn/notebooks/icl_thesis-master/vitis_hls/unsw_linear_transformer_fixed16_v2_resource/unsw_linear_transformer_fixed16_v2_resource_prj/solution1/.autopilot/db/unsw_linear_transformer.pp.0.cpp:12482:5: warning: Added loop label VITIS_LOOP_56_1:   [xilinx-label-all-loops]
    for (int feature = 0; feature < 16; ++feature) {
    ^~~
    VITIS_LOOP_56_1: 
/home/cym/prj2/finn/notebooks/icl_thesis-master/vitis_hls/unsw_linear_transformer_fixed16_v2_resource/unsw_linear_transformer_fixed16_v2_resource_prj/solution1/.autopilot/db/unsw_linear_transformer.pp.0.cpp:12482:5: note: FIX-IT applied suggested code changes
/home/cym/prj2/finn/notebooks/icl_thesis-master/vitis_hls/unsw_linear_transformer_fixed16_v2_resource/unsw_linear_transformer_fixed16_v2_resource_prj/solution1/.autopilot/db/unsw_linear_transformer.pp.0.cpp:12489:5: warning: Added loop label VITIS_LOOP_63_2:   [xilinx-label-all-loops]
    for (int feature = 0; feature < 16; ++feature) {
    ^~~
    VITIS_LOOP_63_2: 
/home/cym/prj2/finn/notebooks/icl_thesis-master/vitis_hls/unsw_linear_transformer_fixed16_v2_resource/unsw_linear_transformer_fixed16_v2_resource_prj/solution1/.autopilot/db/unsw_linear_transformer.pp.0.cpp:12489:5: note: FIX-IT applied suggested code changes
/home/cym/prj2/finn/notebooks/icl_thesis-master/vitis_hls/unsw_linear_transformer_fixed16_v2_resource/unsw_linear_transformer_fixed16_v2_resource_prj/solution1/.autopilot/db/unsw_linear_transformer.pp.0.cpp:12501:5: warning: Added loop label VITIS_LOOP_75_3:   [xilinx-label-all-loops]
    for (int feature = 0; feature < 16; ++feature) {
    ^~~
    VITIS_LOOP_75_3: 
/home/cym/prj2/finn/notebooks/icl_thesis-master/vitis_hls/unsw_linear_transformer_fixed16_v2_resource/unsw_linear_transformer_fixed16_v2_resource_prj/solution1/.autopilot/db/unsw_linear_transformer.pp.0.cpp:12501:5: note: FIX-IT applied suggested code changes
/home/cym/prj2/finn/notebooks/icl_thesis-master/vitis_hls/unsw_linear_transformer_fixed16_v2_resource/unsw_linear_transformer_fixed16_v2_resource_prj/solution1/.autopilot/db/unsw_linear_transformer.pp.0.cpp:12527:5: warning: Added loop label VITIS_LOOP_93_1:   [xilinx-label-all-loops]
    for (int s = 0; s < 8; ++s) {
    ^~~
    VITIS_LOOP_93_1: 
/home/cym/prj2/finn/notebooks/icl_thesis-master/vitis_hls/unsw_linear_transformer_fixed16_v2_resource/unsw_linear_transformer_fixed16_v2_resource_prj/solution1/.autopilot/db/unsw_linear_transformer.pp.0.cpp:12527:5: note: FIX-IT applied suggested code changes
/home/cym/prj2/finn/notebooks/icl_thesis-master/vitis_hls/unsw_linear_transformer_fixed16_v2_resource/unsw_linear_transformer_fixed16_v2_resource_prj/solution1/.autopilot/db/unsw_linear_transformer.pp.0.cpp:12528:9: warning: Added loop label VITIS_LOOP_94_2:   [xilinx-label-all-loops]
        for (int f = 0; f < 24; ++f) {
        ^~~
        VITIS_LOOP_94_2: 
/home/cym/prj2/finn/notebooks/icl_thesis-master/vitis_hls/unsw_linear_transformer_fixed16_v2_resource/unsw_linear_transformer_fixed16_v2_resource_prj/solution1/.autopilot/db/unsw_linear_transformer.pp.0.cpp:12528:9: note: FIX-IT applied suggested code changes
/home/cym/prj2/finn/notebooks/icl_thesis-master/vitis_hls/unsw_linear_transformer_fixed16_v2_resource/unsw_linear_transformer_fixed16_v2_resource_prj/solution1/.autopilot/db/unsw_linear_transformer.pp.0.cpp:12536:5: warning: Added loop label VITIS_LOOP_102_3:   [xilinx-label-all-loops]
    for (int sequence = 0; sequence < 8; ++sequence) {
    ^~~
    VITIS_LOOP_102_3: 
/home/cym/prj2/finn/notebooks/icl_thesis-master/vitis_hls/unsw_linear_transformer_fixed16_v2_resource/unsw_linear_transformer_fixed16_v2_resource_prj/solution1/.autopilot/db/unsw_linear_transformer.pp.0.cpp:12536:5: note: FIX-IT applied suggested code changes
/home/cym/prj2/finn/notebooks/icl_thesis-master/vitis_hls/unsw_linear_transformer_fixed16_v2_resource/unsw_linear_transformer_fixed16_v2_resource_prj/solution1/.autopilot/db/unsw_linear_transformer.pp.0.cpp:12537:9: warning: Added loop label VITIS_LOOP_103_4:   [xilinx-label-all-loops]
        for (int output_feature = 0; output_feature < 16; ++output_feature) {
        ^~~
        VITIS_LOOP_103_4: 
/home/cym/prj2/finn/notebooks/icl_thesis-master/vitis_hls/unsw_linear_transformer_fixed16_v2_resource/unsw_linear_transformer_fixed16_v2_resource_prj/solution1/.autopilot/db/unsw_linear_transformer.pp.0.cpp:12537:9: note: FIX-IT applied suggested code changes
/home/cym/prj2/finn/notebooks/icl_thesis-master/vitis_hls/unsw_linear_transformer_fixed16_v2_resource/unsw_linear_transformer_fixed16_v2_resource_prj/solution1/.autopilot/db/unsw_linear_transformer.pp.0.cpp:12539:13: warning: Added loop label VITIS_LOOP_105_5:   [xilinx-label-all-loops]
            for (int input_feature = 0; input_feature < 24; ++input_feature) {
            ^~~
            VITIS_LOOP_105_5: 
/home/cym/prj2/finn/notebooks/icl_thesis-master/vitis_hls/unsw_linear_transformer_fixed16_v2_resource/unsw_linear_transformer_fixed16_v2_resource_prj/solution1/.autopilot/db/unsw_linear_transformer.pp.0.cpp:12539:13: note: FIX-IT applied suggested code changes
/home/cym/prj2/finn/notebooks/icl_thesis-master/vitis_hls/unsw_linear_transformer_fixed16_v2_resource/unsw_linear_transformer_fixed16_v2_resource_prj/solution1/.autopilot/db/unsw_linear_transformer.pp.0.cpp:12551:5: warning: Added loop label VITIS_LOOP_117_6:   [xilinx-label-all-loops]
    for (int sequence = 0; sequence < 8; ++sequence) {
    ^~~
    VITIS_LOOP_117_6: 
/home/cym/prj2/finn/notebooks/icl_thesis-master/vitis_hls/unsw_linear_transformer_fixed16_v2_resource/unsw_linear_transformer_fixed16_v2_resource_prj/solution1/.autopilot/db/unsw_linear_transformer.pp.0.cpp:12551:5: note: FIX-IT applied suggested code changes
/home/cym/prj2/finn/notebooks/icl_thesis-master/vitis_hls/unsw_linear_transformer_fixed16_v2_resource/unsw_linear_transformer_fixed16_v2_resource_prj/solution1/.autopilot/db/unsw_linear_transformer.pp.0.cpp:12552:9: warning: Added loop label VITIS_LOOP_118_7:   [xilinx-label-all-loops]
        for (int output_feature = 0; output_feature < 16; ++output_feature) {
        ^~~
        VITIS_LOOP_118_7: 
/home/cym/prj2/finn/notebooks/icl_thesis-master/vitis_hls/unsw_linear_transformer_fixed16_v2_resource/unsw_linear_transformer_fixed16_v2_resource_prj/solution1/.autopilot/db/unsw_linear_transformer.pp.0.cpp:12552:9: note: FIX-IT applied suggested code changes
/home/cym/prj2/finn/notebooks/icl_thesis-master/vitis_hls/unsw_linear_transformer_fixed16_v2_resource/unsw_linear_transformer_fixed16_v2_resource_prj/solution1/.autopilot/db/unsw_linear_transformer.pp.0.cpp:12554:13: warning: Added loop label VITIS_LOOP_120_8:   [xilinx-label-all-loops]
            for (int input_feature = 0; input_feature < 16; ++input_feature) {
            ^~~
            VITIS_LOOP_120_8: 
/home/cym/prj2/finn/notebooks/icl_thesis-master/vitis_hls/unsw_linear_transformer_fixed16_v2_resource/unsw_linear_transformer_fixed16_v2_resource_prj/solution1/.autopilot/db/unsw_linear_transformer.pp.0.cpp:12554:13: note: FIX-IT applied suggested code changes
/home/cym/prj2/finn/notebooks/icl_thesis-master/vitis_hls/unsw_linear_transformer_fixed16_v2_resource/unsw_linear_transformer_fixed16_v2_resource_prj/solution1/.autopilot/db/unsw_linear_transformer.pp.0.cpp:12571:5: warning: Added loop label VITIS_LOOP_137_9:   [xilinx-label-all-loops]
    for (int sequence = 0; sequence < 8; ++sequence) {
    ^~~
    VITIS_LOOP_137_9: 
/home/cym/prj2/finn/notebooks/icl_thesis-master/vitis_hls/unsw_linear_transformer_fixed16_v2_resource/unsw_linear_transformer_fixed16_v2_resource_prj/solution1/.autopilot/db/unsw_linear_transformer.pp.0.cpp:12571:5: note: FIX-IT applied suggested code changes
/home/cym/prj2/finn/notebooks/icl_thesis-master/vitis_hls/unsw_linear_transformer_fixed16_v2_resource/unsw_linear_transformer_fixed16_v2_resource_prj/solution1/.autopilot/db/unsw_linear_transformer.pp.0.cpp:12572:9: warning: Added loop label VITIS_LOOP_138_10:   [xilinx-label-all-loops]
        for (int output_feature = 0; output_feature < 16; ++output_feature) {
        ^~~
        VITIS_LOOP_138_10: 
/home/cym/prj2/finn/notebooks/icl_thesis-master/vitis_hls/unsw_linear_transformer_fixed16_v2_resource/unsw_linear_transformer_fixed16_v2_resource_prj/solution1/.autopilot/db/unsw_linear_transformer.pp.0.cpp:12572:9: note: FIX-IT applied suggested code changes
/home/cym/prj2/finn/notebooks/icl_thesis-master/vitis_hls/unsw_linear_transformer_fixed16_v2_resource/unsw_linear_transformer_fixed16_v2_resource_prj/solution1/.autopilot/db/unsw_linear_transformer.pp.0.cpp:12574:13: warning: Added loop label VITIS_LOOP_140_11:   [xilinx-label-all-loops]
            for (int input_feature = 0; input_feature < 16; ++input_feature) {
            ^~~
            VITIS_LOOP_140_11: 
/home/cym/prj2/finn/notebooks/icl_thesis-master/vitis_hls/unsw_linear_transformer_fixed16_v2_resource/unsw_linear_transformer_fixed16_v2_resource_prj/solution1/.autopilot/db/unsw_linear_transformer.pp.0.cpp:12574:13: note: FIX-IT applied suggested code changes
/home/cym/prj2/finn/notebooks/icl_thesis-master/vitis_hls/unsw_linear_transformer_fixed16_v2_resource/unsw_linear_transformer_fixed16_v2_resource_prj/solution1/.autopilot/db/unsw_linear_transformer.pp.0.cpp:12591:5: warning: Added loop label VITIS_LOOP_157_12:   [xilinx-label-all-loops]
    for (int sequence = 0; sequence < 8; ++sequence) {
    ^~~
    VITIS_LOOP_157_12: 
/home/cym/prj2/finn/notebooks/icl_thesis-master/vitis_hls/unsw_linear_transformer_fixed16_v2_resource/unsw_linear_transformer_fixed16_v2_resource_prj/solution1/.autopilot/db/unsw_linear_transformer.pp.0.cpp:12591:5: note: FIX-IT applied suggested code changes
/home/cym/prj2/finn/notebooks/icl_thesis-master/vitis_hls/unsw_linear_transformer_fixed16_v2_resource/unsw_linear_transformer_fixed16_v2_resource_prj/solution1/.autopilot/db/unsw_linear_transformer.pp.0.cpp:12592:9: warning: Added loop label VITIS_LOOP_158_13:   [xilinx-label-all-loops]
        for (int output_feature = 0; output_feature < 16; ++output_feature) {
        ^~~
        VITIS_LOOP_158_13: 
/home/cym/prj2/finn/notebooks/icl_thesis-master/vitis_hls/unsw_linear_transformer_fixed16_v2_resource/unsw_linear_transformer_fixed16_v2_resource_prj/solution1/.autopilot/db/unsw_linear_transformer.pp.0.cpp:12592:9: note: FIX-IT applied suggested code changes
/home/cym/prj2/finn/notebooks/icl_thesis-master/vitis_hls/unsw_linear_transformer_fixed16_v2_resource/unsw_linear_transformer_fixed16_v2_resource_prj/solution1/.autopilot/db/unsw_linear_transformer.pp.0.cpp:12594:13: warning: Added loop label VITIS_LOOP_160_14:   [xilinx-label-all-loops]
            for (int input_feature = 0; input_feature < 16; ++input_feature) {
            ^~~
            VITIS_LOOP_160_14: 
/home/cym/prj2/finn/notebooks/icl_thesis-master/vitis_hls/unsw_linear_transformer_fixed16_v2_resource/unsw_linear_transformer_fixed16_v2_resource_prj/solution1/.autopilot/db/unsw_linear_transformer.pp.0.cpp:12594:13: note: FIX-IT applied suggested code changes
/home/cym/prj2/finn/notebooks/icl_thesis-master/vitis_hls/unsw_linear_transformer_fixed16_v2_resource/unsw_linear_transformer_fixed16_v2_resource_prj/solution1/.autopilot/db/unsw_linear_transformer.pp.0.cpp:12606:5: warning: Added loop label VITIS_LOOP_172_15:   [xilinx-label-all-loops]
    for (int key_feature = 0; key_feature < 16; ++key_feature) {
    ^~~
    VITIS_LOOP_172_15: 
/home/cym/prj2/finn/notebooks/icl_thesis-master/vitis_hls/unsw_linear_transformer_fixed16_v2_resource/unsw_linear_transformer_fixed16_v2_resource_prj/solution1/.autopilot/db/unsw_linear_transformer.pp.0.cpp:12606:5: note: FIX-IT applied suggested code changes
/home/cym/prj2/finn/notebooks/icl_thesis-master/vitis_hls/unsw_linear_transformer_fixed16_v2_resource/unsw_linear_transformer_fixed16_v2_resource_prj/solution1/.autopilot/db/unsw_linear_transformer.pp.0.cpp:12607:9: warning: Added loop label VITIS_LOOP_173_16:   [xilinx-label-all-loops]
        for (int value_feature = 0; value_feature < 16; ++value_feature) {
        ^~~
        VITIS_LOOP_173_16: 
/home/cym/prj2/finn/notebooks/icl_thesis-master/vitis_hls/unsw_linear_transformer_fixed16_v2_resource/unsw_linear_transformer_fixed16_v2_resource_prj/solution1/.autopilot/db/unsw_linear_transformer.pp.0.cpp:12607:9: note: FIX-IT applied suggested code changes
/home/cym/prj2/finn/notebooks/icl_thesis-master/vitis_hls/unsw_linear_transformer_fixed16_v2_resource/unsw_linear_transformer_fixed16_v2_resource_prj/solution1/.autopilot/db/unsw_linear_transformer.pp.0.cpp:12609:13: warning: Added loop label VITIS_LOOP_175_17:   [xilinx-label-all-loops]
            for (int sequence = 0; sequence < 8; ++sequence) {
            ^~~
            VITIS_LOOP_175_17: 
/home/cym/prj2/finn/notebooks/icl_thesis-master/vitis_hls/unsw_linear_transformer_fixed16_v2_resource/unsw_linear_transformer_fixed16_v2_resource_prj/solution1/.autopilot/db/unsw_linear_transformer.pp.0.cpp:12609:13: note: FIX-IT applied suggested code changes
/home/cym/prj2/finn/notebooks/icl_thesis-master/vitis_hls/unsw_linear_transformer_fixed16_v2_resource/unsw_linear_transformer_fixed16_v2_resource_prj/solution1/.autopilot/db/unsw_linear_transformer.pp.0.cpp:12620:5: warning: Added loop label VITIS_LOOP_186_18:   [xilinx-label-all-loops]
    for (int feature = 0; feature < 16; ++feature) {
    ^~~
    VITIS_LOOP_186_18: 
/home/cym/prj2/finn/notebooks/icl_thesis-master/vitis_hls/unsw_linear_transformer_fixed16_v2_resource/unsw_linear_transformer_fixed16_v2_resource_prj/solution1/.autopilot/db/unsw_linear_transformer.pp.0.cpp:12620:5: note: FIX-IT applied suggested code changes
/home/cym/prj2/finn/notebooks/icl_thesis-master/vitis_hls/unsw_linear_transformer_fixed16_v2_resource/unsw_linear_transformer_fixed16_v2_resource_prj/solution1/.autopilot/db/unsw_linear_transformer.pp.0.cpp:12622:9: warning: Added loop label VITIS_LOOP_188_19:   [xilinx-label-all-loops]
        for (int sequence = 0; sequence < 8; ++sequence) {
        ^~~
        VITIS_LOOP_188_19: 
/home/cym/prj2/finn/notebooks/icl_thesis-master/vitis_hls/unsw_linear_transformer_fixed16_v2_resource/unsw_linear_transformer_fixed16_v2_resource_prj/solution1/.autopilot/db/unsw_linear_transformer.pp.0.cpp:12622:9: note: FIX-IT applied suggested code changes
/home/cym/prj2/finn/notebooks/icl_thesis-master/vitis_hls/unsw_linear_transformer_fixed16_v2_resource/unsw_linear_transformer_fixed16_v2_resource_prj/solution1/.autopilot/db/unsw_linear_transformer.pp.0.cpp:12631:5: warning: Added loop label VITIS_LOOP_197_20:   [xilinx-label-all-loops]
    for (int sequence = 0; sequence < 8; ++sequence) {
    ^~~
    VITIS_LOOP_197_20: 
/home/cym/prj2/finn/notebooks/icl_thesis-master/vitis_hls/unsw_linear_transformer_fixed16_v2_resource/unsw_linear_transformer_fixed16_v2_resource_prj/solution1/.autopilot/db/unsw_linear_transformer.pp.0.cpp:12631:5: note: FIX-IT applied suggested code changes
/home/cym/prj2/finn/notebooks/icl_thesis-master/vitis_hls/unsw_linear_transformer_fixed16_v2_resource/unsw_linear_transformer_fixed16_v2_resource_prj/solution1/.autopilot/db/unsw_linear_transformer.pp.0.cpp:12633:9: warning: Added loop label VITIS_LOOP_199_21:   [xilinx-label-all-loops]
        for (int feature = 0; feature < 16; ++feature) {
        ^~~
        VITIS_LOOP_199_21: 
/home/cym/prj2/finn/notebooks/icl_thesis-master/vitis_hls/unsw_linear_transformer_fixed16_v2_resource/unsw_linear_transformer_fixed16_v2_resource_prj/solution1/.autopilot/db/unsw_linear_transformer.pp.0.cpp:12633:9: note: FIX-IT applied suggested code changes
/home/cym/prj2/finn/notebooks/icl_thesis-master/vitis_hls/unsw_linear_transformer_fixed16_v2_resource/unsw_linear_transformer_fixed16_v2_resource_prj/solution1/.autopilot/db/unsw_linear_transformer.pp.0.cpp:12641:9: warning: Added loop label VITIS_LOOP_207_22:   [xilinx-label-all-loops]
        for (int value_feature = 0; value_feature < 16; ++value_feature) {
        ^~~
        VITIS_LOOP_207_22: 
/home/cym/prj2/finn/notebooks/icl_thesis-master/vitis_hls/unsw_linear_transformer_fixed16_v2_resource/unsw_linear_transformer_fixed16_v2_resource_prj/solution1/.autopilot/db/unsw_linear_transformer.pp.0.cpp:12641:9: note: FIX-IT applied suggested code changes
/home/cym/prj2/finn/notebooks/icl_thesis-master/vitis_hls/unsw_linear_transformer_fixed16_v2_resource/unsw_linear_transformer_fixed16_v2_resource_prj/solution1/.autopilot/db/unsw_linear_transformer.pp.0.cpp:12643:13: warning: Added loop label VITIS_LOOP_209_23:   [xilinx-label-all-loops]
            for (int key_feature = 0; key_feature < 16; ++key_feature) {
            ^~~
            VITIS_LOOP_209_23: 
/home/cym/prj2/finn/notebooks/icl_thesis-master/vitis_hls/unsw_linear_transformer_fixed16_v2_resource/unsw_linear_transformer_fixed16_v2_resource_prj/solution1/.autopilot/db/unsw_linear_transformer.pp.0.cpp:12643:13: note: FIX-IT applied suggested code changes
/home/cym/prj2/finn/notebooks/icl_thesis-master/vitis_hls/unsw_linear_transformer_fixed16_v2_resource/unsw_linear_transformer_fixed16_v2_resource_prj/solution1/.autopilot/db/unsw_linear_transformer.pp.0.cpp:12655:5: warning: Added loop label VITIS_LOOP_221_24:   [xilinx-label-all-loops]
    for (int sequence = 0; sequence < 8; ++sequence) {
    ^~~
    VITIS_LOOP_221_24: 
/home/cym/prj2/finn/notebooks/icl_thesis-master/vitis_hls/unsw_linear_transformer_fixed16_v2_resource/unsw_linear_transformer_fixed16_v2_resource_prj/solution1/.autopilot/db/unsw_linear_transformer.pp.0.cpp:12655:5: note: FIX-IT applied suggested code changes
/home/cym/prj2/finn/notebooks/icl_thesis-master/vitis_hls/unsw_linear_transformer_fixed16_v2_resource/unsw_linear_transformer_fixed16_v2_resource_prj/solution1/.autopilot/db/unsw_linear_transformer.pp.0.cpp:12656:9: warning: Added loop label VITIS_LOOP_222_25:   [xilinx-label-all-loops]
        for (int output_feature = 0; output_feature < 16; ++output_feature) {
        ^~~
        VITIS_LOOP_222_25: 
/home/cym/prj2/finn/notebooks/icl_thesis-master/vitis_hls/unsw_linear_transformer_fixed16_v2_resource/unsw_linear_transformer_fixed16_v2_resource_prj/solution1/.autopilot/db/unsw_linear_transformer.pp.0.cpp:12656:9: note: FIX-IT applied suggested code changes
/home/cym/prj2/finn/notebooks/icl_thesis-master/vitis_hls/unsw_linear_transformer_fixed16_v2_resource/unsw_linear_transformer_fixed16_v2_resource_prj/solution1/.autopilot/db/unsw_linear_transformer.pp.0.cpp:12658:13: warning: Added loop label VITIS_LOOP_224_26:   [xilinx-label-all-loops]
            for (int input_feature = 0; input_feature < 16; ++input_feature) {
            ^~~
            VITIS_LOOP_224_26: 
/home/cym/prj2/finn/notebooks/icl_thesis-master/vitis_hls/unsw_linear_transformer_fixed16_v2_resource/unsw_linear_transformer_fixed16_v2_resource_prj/solution1/.autopilot/db/unsw_linear_transformer.pp.0.cpp:12658:13: note: FIX-IT applied suggested code changes
/home/cym/prj2/finn/notebooks/icl_thesis-master/vitis_hls/unsw_linear_transformer_fixed16_v2_resource/unsw_linear_transformer_fixed16_v2_resource_prj/solution1/.autopilot/db/unsw_linear_transformer.pp.0.cpp:12678:5: warning: Added loop label VITIS_LOOP_244_27:   [xilinx-label-all-loops]
    for (int sequence = 0; sequence < 8; ++sequence) {
    ^~~
    VITIS_LOOP_244_27: 
/home/cym/prj2/finn/notebooks/icl_thesis-master/vitis_hls/unsw_linear_transformer_fixed16_v2_resource/unsw_linear_transformer_fixed16_v2_resource_prj/solution1/.autopilot/db/unsw_linear_transformer.pp.0.cpp:12678:5: note: FIX-IT applied suggested code changes
/home/cym/prj2/finn/notebooks/icl_thesis-master/vitis_hls/unsw_linear_transformer_fixed16_v2_resource/unsw_linear_transformer_fixed16_v2_resource_prj/solution1/.autopilot/db/unsw_linear_transformer.pp.0.cpp:12679:9: warning: Added loop label VITIS_LOOP_245_28:   [xilinx-label-all-loops]
        for (int output_feature = 0; output_feature < 32; ++output_feature) {
        ^~~
        VITIS_LOOP_245_28: 
/home/cym/prj2/finn/notebooks/icl_thesis-master/vitis_hls/unsw_linear_transformer_fixed16_v2_resource/unsw_linear_transformer_fixed16_v2_resource_prj/solution1/.autopilot/db/unsw_linear_transformer.pp.0.cpp:12679:9: note: FIX-IT applied suggested code changes
/home/cym/prj2/finn/notebooks/icl_thesis-master/vitis_hls/unsw_linear_transformer_fixed16_v2_resource/unsw_linear_transformer_fixed16_v2_resource_prj/solution1/.autopilot/db/unsw_linear_transformer.pp.0.cpp:12681:13: warning: Added loop label VITIS_LOOP_247_29:   [xilinx-label-all-loops]
            for (int input_feature = 0; input_feature < 16; ++input_feature) {
            ^~~
            VITIS_LOOP_247_29: 
/home/cym/prj2/finn/notebooks/icl_thesis-master/vitis_hls/unsw_linear_transformer_fixed16_v2_resource/unsw_linear_transformer_fixed16_v2_resource_prj/solution1/.autopilot/db/unsw_linear_transformer.pp.0.cpp:12681:13: note: FIX-IT applied suggested code changes
/home/cym/prj2/finn/notebooks/icl_thesis-master/vitis_hls/unsw_linear_transformer_fixed16_v2_resource/unsw_linear_transformer_fixed16_v2_resource_prj/solution1/.autopilot/db/unsw_linear_transformer.pp.0.cpp:12692:5: warning: Added loop label VITIS_LOOP_258_30:   [xilinx-label-all-loops]
    for (int sequence = 0; sequence < 8; ++sequence) {
    ^~~
    VITIS_LOOP_258_30: 
/home/cym/prj2/finn/notebooks/icl_thesis-master/vitis_hls/unsw_linear_transformer_fixed16_v2_resource/unsw_linear_transformer_fixed16_v2_resource_prj/solution1/.autopilot/db/unsw_linear_transformer.pp.0.cpp:12692:5: note: FIX-IT applied suggested code changes
/home/cym/prj2/finn/notebooks/icl_thesis-master/vitis_hls/unsw_linear_transformer_fixed16_v2_resource/unsw_linear_transformer_fixed16_v2_resource_prj/solution1/.autopilot/db/unsw_linear_transformer.pp.0.cpp:12693:9: warning: Added loop label VITIS_LOOP_259_31:   [xilinx-label-all-loops]
        for (int output_feature = 0; output_feature < 16; ++output_feature) {
        ^~~
        VITIS_LOOP_259_31: 
/home/cym/prj2/finn/notebooks/icl_thesis-master/vitis_hls/unsw_linear_transformer_fixed16_v2_resource/unsw_linear_transformer_fixed16_v2_resource_prj/solution1/.autopilot/db/unsw_linear_transformer.pp.0.cpp:12693:9: note: FIX-IT applied suggested code changes
/home/cym/prj2/finn/notebooks/icl_thesis-master/vitis_hls/unsw_linear_transformer_fixed16_v2_resource/unsw_linear_transformer_fixed16_v2_resource_prj/solution1/.autopilot/db/unsw_linear_transformer.pp.0.cpp:12695:13: warning: Added loop label VITIS_LOOP_261_32:   [xilinx-label-all-loops]
            for (int input_feature = 0; input_feature < 32; ++input_feature) {
            ^~~
            VITIS_LOOP_261_32: 
/home/cym/prj2/finn/notebooks/icl_thesis-master/vitis_hls/unsw_linear_transformer_fixed16_v2_resource/unsw_linear_transformer_fixed16_v2_resource_prj/solution1/.autopilot/db/unsw_linear_transformer.pp.0.cpp:12695:13: note: FIX-IT applied suggested code changes
/home/cym/prj2/finn/notebooks/icl_thesis-master/vitis_hls/unsw_linear_transformer_fixed16_v2_resource/unsw_linear_transformer_fixed16_v2_resource_prj/solution1/.autopilot/db/unsw_linear_transformer.pp.0.cpp:12713:5: warning: Added loop label VITIS_LOOP_279_33:   [xilinx-label-all-loops]
    for (int feature = 0; feature < 16; ++feature) {
    ^~~
    VITIS_LOOP_279_33: 
/home/cym/prj2/finn/notebooks/icl_thesis-master/vitis_hls/unsw_linear_transformer_fixed16_v2_resource/unsw_linear_transformer_fixed16_v2_resource_prj/solution1/.autopilot/db/unsw_linear_transformer.pp.0.cpp:12713:5: note: FIX-IT applied suggested code changes
/home/cym/prj2/finn/notebooks/icl_thesis-master/vitis_hls/unsw_linear_transformer_fixed16_v2_resource/unsw_linear_transformer_fixed16_v2_resource_prj/solution1/.autopilot/db/unsw_linear_transformer.pp.0.cpp:12715:9: warning: Added loop label VITIS_LOOP_281_34:   [xilinx-label-all-loops]
        for (int sequence = 0; sequence < 8; ++sequence) {
        ^~~
        VITIS_LOOP_281_34: 
/home/cym/prj2/finn/notebooks/icl_thesis-master/vitis_hls/unsw_linear_transformer_fixed16_v2_resource/unsw_linear_transformer_fixed16_v2_resource_prj/solution1/.autopilot/db/unsw_linear_transformer.pp.0.cpp:12715:9: note: FIX-IT applied suggested code changes
/home/cym/prj2/finn/notebooks/icl_thesis-master/vitis_hls/unsw_linear_transformer_fixed16_v2_resource/unsw_linear_transformer_fixed16_v2_resource_prj/solution1/.autopilot/db/unsw_linear_transformer.pp.0.cpp:12730:5: warning: Added loop label VITIS_LOOP_296_35:   [xilinx-label-all-loops]
    for (int output_class = 0; output_class < 2; ++output_class) {
    ^~~
    VITIS_LOOP_296_35: 
/home/cym/prj2/finn/notebooks/icl_thesis-master/vitis_hls/unsw_linear_transformer_fixed16_v2_resource/unsw_linear_transformer_fixed16_v2_resource_prj/solution1/.autopilot/db/unsw_linear_transformer.pp.0.cpp:12730:5: note: FIX-IT applied suggested code changes
/home/cym/prj2/finn/notebooks/icl_thesis-master/vitis_hls/unsw_linear_transformer_fixed16_v2_resource/unsw_linear_transformer_fixed16_v2_resource_prj/solution1/.autopilot/db/unsw_linear_transformer.pp.0.cpp:12732:9: warning: Added loop label VITIS_LOOP_298_36:   [xilinx-label-all-loops]
        for (int feature = 0; feature < 16; ++feature) {
        ^~~
        VITIS_LOOP_298_36: 
/home/cym/prj2/finn/notebooks/icl_thesis-master/vitis_hls/unsw_linear_transformer_fixed16_v2_resource/unsw_linear_transformer_fixed16_v2_resource_prj/solution1/.autopilot/db/unsw_linear_transformer.pp.0.cpp:12732:9: note: FIX-IT applied suggested code changes
