

================================================================
== Vitis HLS Report for 'layer_norm_1d_ap_fixed_ap_fixed_ap_fixed_ap_fixed_16_6_0_0_0_Pipeline_VITIS_LO'
================================================================
* Date:           Mon Jun 29 22:28:49 2026

* Version:        2022.2 (Build 3670227 on Oct 13 2022)
* Project:        unsw_linear_transformer_fixed16_v3b_hotspot_ii1_prj
* Solution:       solution1 (Vivado IP Flow Target)
* Product family: zynq
* Target device:  xc7z020-clg400-1


================================================================
== Performance Estimates
================================================================
+ Timing: 
    * Summary: 
    +--------+----------+----------+------------+
    |  Clock |  Target  | Estimated| Uncertainty|
    +--------+----------+----------+------------+
    |ap_clk  |  10.00 ns|  7.222 ns|     2.70 ns|
    +--------+----------+----------+------------+

+ Latency: 
    * Summary: 
    +---------+---------+----------+----------+-----+-----+---------+
    |  Latency (cycles) |  Latency (absolute) |  Interval | Pipeline|
    |   min   |   max   |    min   |    max   | min | max |   Type  |
    +---------+---------+----------+----------+-----+-----+---------+
    |       45|       45|  0.450 us|  0.450 us|   45|   45|       no|
    +---------+---------+----------+----------+-----+-----+---------+

    + Detail: 
        * Instance: 
        N/A

        * Loop: 
        +-------------------+---------+---------+----------+-----------+-----------+------+----------+
        |                   |  Latency (cycles) | Iteration|  Initiation Interval  | Trip |          |
        |     Loop Name     |   min   |   max   |  Latency |  achieved |   target  | Count| Pipelined|
        +-------------------+---------+---------+----------+-----------+-----------+------+----------+
        |- VITIS_LOOP_75_3  |       43|       43|        14|          2|          2|    16|       yes|
        +-------------------+---------+---------+----------+-----------+-----------+------+----------+



================================================================
== Utilization Estimates
================================================================
* Summary: 
+-----------------+---------+-----+--------+-------+-----+
|       Name      | BRAM_18K| DSP |   FF   |  LUT  | URAM|
+-----------------+---------+-----+--------+-------+-----+
|DSP              |        -|    2|       -|      -|    -|
|Expression       |        -|    -|       0|    475|    -|
|FIFO             |        -|    -|       -|      -|    -|
|Instance         |        -|    -|       -|      -|    -|
|Memory           |        0|    -|      18|      5|    -|
|Multiplexer      |        -|    -|       -|     59|    -|
|Register         |        -|    -|     368|     32|    -|
+-----------------+---------+-----+--------+-------+-----+
|Total            |        0|    2|     386|    571|    0|
+-----------------+---------+-----+--------+-------+-----+
|Available        |      280|  220|  106400|  53200|    0|
+-----------------+---------+-----+--------+-------+-----+
|Utilization (%)  |        0|   ~0|      ~0|      1|    0|
+-----------------+---------+-----+--------+-------+-----+

+ Detail: 
    * Instance: 
    N/A

    * DSP: 
    +------------------------------+-------------------------+-----------+
    |           Instance           |          Module         | Expression|
    +------------------------------+-------------------------+-----------+
    |mul_mul_16s_16s_32_4_1_U122   |mul_mul_16s_16s_32_4_1   |    i0 * i1|
    |mul_mul_20s_15ns_35_4_1_U123  |mul_mul_20s_15ns_35_4_1  |    i0 * i1|
    +------------------------------+-------------------------+-----------+

    * Memory: 
    +------------------------+----------------------------------------------------------------------------------+---------+----+----+-----+------+-----+------+-------------+
    |         Memory         |                                      Module                                      | BRAM_18K| FF | LUT| URAM| Words| Bits| Banks| W*Bits*Banks|
    +------------------------+----------------------------------------------------------------------------------+---------+----+----+-----+------+-----+------+-------------+
    |OUTPUT_NORM_WEIGHT_V_U  |layer_norm_1d_ap_fixed_ap_fixed_ap_fixed_ap_fixed_16_6_0_0_0_Pipeline_VITIS_Libs  |        0|  11|   3|    0|    16|   11|     1|          176|
    |OUTPUT_NORM_BIAS_V_U    |layer_norm_1d_ap_fixed_ap_fixed_ap_fixed_ap_fixed_16_6_0_0_0_Pipeline_VITIS_LjbC  |        0|   7|   2|    0|    16|    7|     1|          112|
    +------------------------+----------------------------------------------------------------------------------+---------+----+----+-----+------+-----+------+-------------+
    |Total                   |                                                                                  |        0|  18|   5|    0|    32|   18|     2|          288|
    +------------------------+----------------------------------------------------------------------------------+---------+----+----+-----+------+-----+------+-------------+

    * FIFO: 
    N/A

    * Expression: 
    +-------------------------------+----------+----+---+----+------------+------------+
    |         Variable Name         | Operation| DSP| FF| LUT| Bitwidth P0| Bitwidth P1|
    +-------------------------------+----------+----+---+----+------------+------------+
    |add_ln75_fu_220_p2             |         +|   0|  0|  13|           5|           1|
    |normalized_V_2_fu_371_p2       |         +|   0|  0|  23|          16|          16|
    |p_Val2_132_fu_763_p2           |         +|   0|  0|  23|          16|          16|
    |ret_V_7_fu_541_p2              |         +|   0|  0|  42|          35|          35|
    |scaled_V_3_fu_579_p2           |         +|   0|  0|  29|          22|          22|
    |ret_V_fu_240_p2                |         -|   0|  0|  24|          17|          17|
    |and_ln890_10_fu_414_p2         |       and|   0|  0|   2|           1|           1|
    |and_ln890_fu_844_p2            |       and|   0|  0|   2|           1|           1|
    |and_ln891_11_fu_653_p2         |       and|   0|  0|   2|           1|           1|
    |and_ln891_12_fu_856_p2         |       and|   0|  0|   2|           1|           1|
    |and_ln891_fu_426_p2            |       and|   0|  0|   2|           1|           1|
    |carry_53_fu_390_p2             |       and|   0|  0|   2|           1|           1|
    |carry_55_fu_609_p2             |       and|   0|  0|   2|           1|           1|
    |carry_57_fu_820_p2             |       and|   0|  0|   2|           1|           1|
    |deleted_ones_35_fu_648_p2      |       and|   0|  0|   2|           1|           1|
    |overflow_32_fu_448_p2          |       and|   0|  0|   2|           1|           1|
    |overflow_33_fu_674_p2          |       and|   0|  0|   2|           1|           1|
    |overflow_34_fu_877_p2          |       and|   0|  0|   2|           1|           1|
    |overflow_fu_271_p2             |       and|   0|  0|   2|           1|           1|
    |underflow_16_fu_698_p2         |       and|   0|  0|   2|           1|           1|
    |underflow_17_fu_901_p2         |       and|   0|  0|   2|           1|           1|
    |underflow_fu_472_p2            |       and|   0|  0|   2|           1|           1|
    |Range1_all_ones_37_fu_803_p2   |      icmp|   0|  0|   9|           4|           2|
    |Range1_all_ones_fu_356_p2      |      icmp|   0|  0|  10|           6|           2|
    |Range1_all_zeros_19_fu_809_p2  |      icmp|   0|  0|   9|           4|           1|
    |Range1_all_zeros_fu_362_p2     |      icmp|   0|  0|  10|           6|           1|
    |Range2_all_ones_35_fu_787_p2   |      icmp|   0|  0|   8|           3|           2|
    |Range2_all_ones_fu_341_p2      |      icmp|   0|  0|   9|           5|           2|
    |icmp_ln75_fu_214_p2            |      icmp|   0|  0|  10|           5|           6|
    |or_ln346_12_fu_711_p2          |        or|   0|  0|   2|           1|           1|
    |or_ln346_13_fu_914_p2          |        or|   0|  0|   2|           1|           1|
    |or_ln346_fu_477_p2             |        or|   0|  0|   2|           1|           1|
    |or_ln888_fu_619_p2             |        or|   0|  0|   2|           1|           1|
    |or_ln890_fu_642_p2             |        or|   0|  0|   2|           1|           1|
    |or_ln895_13_fu_664_p2          |        or|   0|  0|   2|           1|           1|
    |or_ln895_14_fu_867_p2          |        or|   0|  0|   2|           1|           1|
    |or_ln895_fu_437_p2             |        or|   0|  0|   2|           1|           1|
    |or_ln896_11_fu_686_p2          |        or|   0|  0|   2|           1|           1|
    |or_ln896_12_fu_889_p2          |        or|   0|  0|   2|           1|           1|
    |or_ln896_fu_460_p2             |        or|   0|  0|   2|           1|           1|
    |deleted_ones_34_fu_419_p3      |    select|   0|  0|   2|           1|           1|
    |deleted_ones_36_fu_849_p3      |    select|   0|  0|   2|           1|           1|
    |deleted_zeros_17_fu_825_p3     |    select|   0|  0|   2|           1|           1|
    |deleted_zeros_fu_395_p3        |    select|   0|  0|   2|           1|           1|
    |output_r_d0                    |    select|   0|  0|  16|           1|          16|
    |r_V_fu_291_p3                  |    select|   0|  0|  16|           1|          16|
    |scaled_V_4_fu_717_p3           |    select|   0|  0|  24|           1|          24|
    |select_ln346_41_fu_483_p3      |    select|   0|  0|  17|           1|          15|
    |select_ln346_42_fu_491_p3      |    select|   0|  0|  16|           1|          16|
    |select_ln346_43_fu_703_p3      |    select|   0|  0|  25|           1|          23|
    |select_ln346_45_fu_906_p3      |    select|   0|  0|  17|           1|          15|
    |select_ln346_fu_283_p3         |    select|   0|  0|  17|           1|          15|
    |ap_enable_pp0                  |       xor|   0|  0|   2|           1|           2|
    |deleted_zeros_16_fu_624_p2     |       xor|   0|  0|   2|           1|           1|
    |xor_ln302_fu_277_p2            |       xor|   0|  0|   2|           1|           1|
    |xor_ln888_fu_614_p2            |       xor|   0|  0|   2|           1|           2|
    |xor_ln890_12_fu_636_p2         |       xor|   0|  0|   2|           1|           2|
    |xor_ln890_13_fu_838_p2         |       xor|   0|  0|   2|           1|           2|
    |xor_ln890_fu_408_p2            |       xor|   0|  0|   2|           1|           2|
    |xor_ln895_37_fu_431_p2         |       xor|   0|  0|   2|           1|           2|
    |xor_ln895_38_fu_443_p2         |       xor|   0|  0|   2|           1|           2|
    |xor_ln895_39_fu_658_p2         |       xor|   0|  0|   2|           1|           2|
    |xor_ln895_40_fu_669_p2         |       xor|   0|  0|   2|           1|           2|
    |xor_ln895_41_fu_861_p2         |       xor|   0|  0|   2|           1|           2|
    |xor_ln895_42_fu_872_p2         |       xor|   0|  0|   2|           1|           2|
    |xor_ln895_fu_265_p2            |       xor|   0|  0|   2|           1|           2|
    |xor_ln896_50_fu_454_p2         |       xor|   0|  0|   2|           1|           2|
    |xor_ln896_51_fu_466_p2         |       xor|   0|  0|   2|           1|           1|
    |xor_ln896_52_fu_604_p2         |       xor|   0|  0|   2|           1|           2|
    |xor_ln896_53_fu_680_p2         |       xor|   0|  0|   2|           1|           2|
    |xor_ln896_54_fu_692_p2         |       xor|   0|  0|   2|           1|           1|
    |xor_ln896_55_fu_815_p2         |       xor|   0|  0|   2|           1|           2|
    |xor_ln896_56_fu_883_p2         |       xor|   0|  0|   2|           1|           2|
    |xor_ln896_57_fu_895_p2         |       xor|   0|  0|   2|           1|           1|
    |xor_ln896_fu_384_p2            |       xor|   0|  0|   2|           1|           2|
    +-------------------------------+----------+----+---+----+------------+------------+
    |Total                          |          |   0|  0| 475|         206|         335|
    +-------------------------------+----------+----+---+----+------------+------------+

    * Multiplexer: 
    +----------------------------+----+-----------+-----+-----------+
    |            Name            | LUT| Input Size| Bits| Total Bits|
    +----------------------------+----+-----------+-----+-----------+
    |ap_NS_fsm                   |  14|          3|    1|          3|
    |ap_done_int                 |   9|          2|    1|          2|
    |ap_enable_reg_pp0_iter0     |   9|          2|    1|          2|
    |ap_enable_reg_pp0_iter1     |   9|          2|    1|          2|
    |ap_sig_allocacmp_feature_7  |   9|          2|    5|         10|
    |feature_fu_130              |   9|          2|    5|         10|
    +----------------------------+----+-----------+-----+-----------+
    |Total                       |  59|         13|   14|         29|
    +----------------------------+----+-----------+-----+-----------+

    * Register: 
    +----------------------------------+----+----+-----+-----------+
    |               Name               | FF | LUT| Bits| Const Bits|
    +----------------------------------+----+----+-----+-----------+
    |Range1_all_ones_37_reg_1135       |   1|   0|    1|          0|
    |Range1_all_ones_reg_1020          |   1|   0|    1|          0|
    |Range1_all_zeros_19_reg_1142      |   1|   0|    1|          0|
    |Range1_all_zeros_reg_1027         |   1|   0|    1|          0|
    |Range2_all_ones_35_reg_1130       |   1|   0|    1|          0|
    |Range2_all_ones_36_reg_1096       |   1|   0|    1|          0|
    |Range2_all_ones_reg_1015          |   1|   0|    1|          0|
    |ap_CS_fsm                         |   2|   0|    2|          0|
    |ap_done_reg                       |   1|   0|    1|          0|
    |ap_enable_reg_pp0_iter0_reg       |   1|   0|    1|          0|
    |ap_enable_reg_pp0_iter1           |   1|   0|    1|          0|
    |ap_enable_reg_pp0_iter2           |   1|   0|    1|          0|
    |ap_enable_reg_pp0_iter3           |   1|   0|    1|          0|
    |ap_enable_reg_pp0_iter4           |   1|   0|    1|          0|
    |ap_enable_reg_pp0_iter5           |   1|   0|    1|          0|
    |ap_enable_reg_pp0_iter6           |   1|   0|    1|          0|
    |ap_loop_exit_ready_pp0_iter1_reg  |   1|   0|    1|          0|
    |ap_loop_exit_ready_pp0_iter2_reg  |   1|   0|    1|          0|
    |ap_loop_exit_ready_pp0_iter3_reg  |   1|   0|    1|          0|
    |ap_loop_exit_ready_pp0_iter4_reg  |   1|   0|    1|          0|
    |ap_loop_exit_ready_pp0_iter5_reg  |   1|   0|    1|          0|
    |conv7_i340_cast_reg_953           |  32|   0|   32|          0|
    |feature_fu_130                    |   5|   0|    5|          0|
    |icmp_ln75_reg_963                 |   1|   0|    1|          0|
    |normalized_V_reg_1000             |  16|   0|   16|          0|
    |p_Result_199_reg_994              |   1|   0|    1|          0|
    |p_Result_200_reg_1005             |   1|   0|    1|          0|
    |p_Result_202_reg_1072             |   1|   0|    1|          0|
    |p_Result_203_reg_1078             |   1|   0|    1|          0|
    |p_Result_204_reg_1089             |   1|   0|    1|          0|
    |p_Result_205_reg_1108             |   1|   0|    1|          0|
    |p_Result_206_reg_1114             |   1|   0|    1|          0|
    |p_Result_207_reg_1124             |   1|   0|    1|          0|
    |p_Val2_132_reg_1119               |  16|   0|   16|          0|
    |r_V_28_reg_989                    |  32|   0|   32|          0|
    |r_V_29_reg_1052                   |  35|   0|   35|          0|
    |r_V_reg_979                       |  16|   0|   16|          0|
    |ret_V_7_reg_1067                  |  35|   0|   35|          0|
    |scaled_V_3_reg_1084               |  22|   0|   22|          0|
    |scaled_V_4_reg_1103               |  24|   0|   24|          0|
    |select_ln346_42_reg_1032          |  16|   0|   16|          0|
    |sext_ln1348_cast_reg_958          |  17|   0|   17|          0|
    |tmp_194_reg_1062                  |   1|   0|    1|          0|
    |tmp_reg_1010                      |   1|   0|    1|          0|
    |zext_ln75_reg_967                 |   5|   0|   64|         59|
    |zext_ln75_reg_967                 |  64|  32|   64|         59|
    +----------------------------------+----+----+-----+-----------+
    |Total                             | 368|  32|  427|        118|
    +----------------------------------+----+----+-----+-----------+



================================================================
== Interface
================================================================
* Summary: 
+-------------------+-----+-----+------------+----------------------------------------------------------------------------------+--------------+
|     RTL Ports     | Dir | Bits|  Protocol  |                                   Source Object                                  |    C Type    |
+-------------------+-----+-----+------------+----------------------------------------------------------------------------------+--------------+
|ap_clk             |   in|    1|  ap_ctrl_hs|  layer_norm_1d<ap_fixed,ap_fixed,ap_fixed,ap_fixed<16,6,0,0,0>>_Pipeline_VITIS_LO|  return value|
|ap_rst             |   in|    1|  ap_ctrl_hs|  layer_norm_1d<ap_fixed,ap_fixed,ap_fixed,ap_fixed<16,6,0,0,0>>_Pipeline_VITIS_LO|  return value|
|ap_start           |   in|    1|  ap_ctrl_hs|  layer_norm_1d<ap_fixed,ap_fixed,ap_fixed,ap_fixed<16,6,0,0,0>>_Pipeline_VITIS_LO|  return value|
|ap_done            |  out|    1|  ap_ctrl_hs|  layer_norm_1d<ap_fixed,ap_fixed,ap_fixed,ap_fixed<16,6,0,0,0>>_Pipeline_VITIS_LO|  return value|
|ap_idle            |  out|    1|  ap_ctrl_hs|  layer_norm_1d<ap_fixed,ap_fixed,ap_fixed,ap_fixed<16,6,0,0,0>>_Pipeline_VITIS_LO|  return value|
|ap_ready           |  out|    1|  ap_ctrl_hs|  layer_norm_1d<ap_fixed,ap_fixed,ap_fixed,ap_fixed<16,6,0,0,0>>_Pipeline_VITIS_LO|  return value|
|input_r_address0   |  out|    4|   ap_memory|                                                                           input_r|         array|
|input_r_ce0        |  out|    1|   ap_memory|                                                                           input_r|         array|
|input_r_q0         |   in|   16|   ap_memory|                                                                           input_r|         array|
|sext_ln1348        |   in|   16|     ap_none|                                                                       sext_ln1348|        scalar|
|conv7_i340         |   in|   16|     ap_none|                                                                        conv7_i340|        scalar|
|output_r_address0  |  out|    4|   ap_memory|                                                                          output_r|         array|
|output_r_ce0       |  out|    1|   ap_memory|                                                                          output_r|         array|
|output_r_we0       |  out|    1|   ap_memory|                                                                          output_r|         array|
|output_r_d0        |  out|   16|   ap_memory|                                                                          output_r|         array|
+-------------------+-----+-----+------------+----------------------------------------------------------------------------------+--------------+

