

================================================================
== Vitis HLS Report for 'layer_norm_2d_ap_fixed_ap_fixed_ap_fixed_ap_fixed_16_6_0_0_0_s'
================================================================
* Date:           Mon Jun 29 22:28:47 2026

* Version:        2022.2 (Build 3670227 on Oct 13 2022)
* Project:        unsw_linear_transformer_fixed16_v3b_hotspot_ii1_prj
* Solution:       solution1 (Vivado IP Flow Target)
* Product family: zynq
* Target device:  xc7z020-clg400-1


================================================================
== Performance Estimates
================================================================
+ Timing: 
    * Summary: 
    +--------+----------+----------+------------+
    |  Clock |  Target  | Estimated| Uncertainty|
    +--------+----------+----------+------------+
    |ap_clk  |  10.00 ns|  7.292 ns|     2.70 ns|
    +--------+----------+----------+------------+

+ Latency: 
    * Summary: 
    +---------+---------+-----------+-----------+------+------+---------+
    |  Latency (cycles) |   Latency (absolute)  |   Interval  | Pipeline|
    |   min   |   max   |    min    |    max    |  min |  max |   Type  |
    +---------+---------+-----------+-----------+------+------+---------+
    |     1377|     1377|  13.770 us|  13.770 us|  1377|  1377|       no|
    +---------+---------+-----------+-----------+------+------+---------+

    + Detail: 
        * Instance: 
        +---------------------------------------------------------------------------------------------+----------------------------------------------------------------------------------+---------+---------+----------+----------+-----+-----+---------+
        |                                                                                             |                                                                                  |  Latency (cycles) |  Latency (absolute) |  Interval | Pipeline|
        |                                           Instance                                          |                                      Module                                      |   min   |   max   |    min   |    max   | min | max |   Type  |
        +---------------------------------------------------------------------------------------------+----------------------------------------------------------------------------------+---------+---------+----------+----------+-----+-----+---------+
        |grp_layer_norm_2d_ap_fixed_ap_fixed_ap_fixed_ap_fixed_16_6_0_0_0_Pipeline_VITIS_LO_2_fu_196  |layer_norm_2d_ap_fixed_ap_fixed_ap_fixed_ap_fixed_16_6_0_0_0_Pipeline_VITIS_LO_2  |       34|       34|  0.340 us|  0.340 us|   34|   34|       no|
        |grp_layer_norm_2d_ap_fixed_ap_fixed_ap_fixed_ap_fixed_16_6_0_0_0_Pipeline_VITIS_LO_1_fu_204  |layer_norm_2d_ap_fixed_ap_fixed_ap_fixed_ap_fixed_16_6_0_0_0_Pipeline_VITIS_LO_1  |       36|       36|  0.360 us|  0.360 us|   36|   36|       no|
        |grp_layer_norm_2d_ap_fixed_ap_fixed_ap_fixed_ap_fixed_16_6_0_0_0_Pipeline_VITIS_LO_fu_213    |layer_norm_2d_ap_fixed_ap_fixed_ap_fixed_ap_fixed_16_6_0_0_0_Pipeline_VITIS_LO    |       45|       45|  0.450 us|  0.450 us|   45|   45|       no|
        +---------------------------------------------------------------------------------------------+----------------------------------------------------------------------------------+---------+---------+----------+----------+-----+-----+---------+

        * Loop: 
        +-------------------+---------+---------+----------+-----------+-----------+------+----------+
        |                   |  Latency (cycles) | Iteration|  Initiation Interval  | Trip |          |
        |     Loop Name     |   min   |   max   |  Latency |  achieved |   target  | Count| Pipelined|
        +-------------------+---------+---------+----------+-----------+-----------+------+----------+
        |- VITIS_LOOP_14_1  |     1376|     1376|       172|          -|          -|     8|        no|
        +-------------------+---------+---------+----------+-----------+-----------+------+----------+



================================================================
== Utilization Estimates
================================================================
* Summary: 
+-----------------+---------+-----+--------+-------+-----+
|       Name      | BRAM_18K| DSP |   FF   |  LUT  | URAM|
+-----------------+---------+-----+--------+-------+-----+
|DSP              |        -|    -|       -|      -|    -|
|Expression       |        -|    -|       0|   2527|    -|
|FIFO             |        -|    -|       -|      -|    -|
|Instance         |        -|    5|     889|   1613|    -|
|Memory           |        -|    -|       -|      -|    -|
|Multiplexer      |        -|    -|       -|    302|    -|
|Register         |        -|    -|     860|      -|    -|
+-----------------+---------+-----+--------+-------+-----+
|Total            |        0|    5|    1749|   4442|    0|
+-----------------+---------+-----+--------+-------+-----+
|Available        |      280|  220|  106400|  53200|    0|
+-----------------+---------+-----+--------+-------+-----+
|Utilization (%)  |        0|    2|       1|      8|    0|
+-----------------+---------+-----+--------+-------+-----+

+ Detail: 
    * Instance: 
    +---------------------------------------------------------------------------------------------+----------------------------------------------------------------------------------+---------+----+-----+-----+-----+
    |                                           Instance                                          |                                      Module                                      | BRAM_18K| DSP|  FF | LUT | URAM|
    +---------------------------------------------------------------------------------------------+----------------------------------------------------------------------------------+---------+----+-----+-----+-----+
    |fadd_32ns_32ns_32_5_full_dsp_1_U84                                                           |fadd_32ns_32ns_32_5_full_dsp_1                                                    |        0|   2|  205|  390|    0|
    |fdiv_32ns_32ns_32_16_no_dsp_1_U85                                                            |fdiv_32ns_32ns_32_16_no_dsp_1                                                     |        0|   0|    0|    0|    0|
    |fpext_32ns_64_2_no_dsp_1_U86                                                                 |fpext_32ns_64_2_no_dsp_1                                                          |        0|   0|    0|    0|    0|
    |fsqrt_32ns_32ns_32_16_no_dsp_1_U87                                                           |fsqrt_32ns_32ns_32_16_no_dsp_1                                                    |        0|   0|    0|    0|    0|
    |grp_layer_norm_2d_ap_fixed_ap_fixed_ap_fixed_ap_fixed_16_6_0_0_0_Pipeline_VITIS_LO_fu_213    |layer_norm_2d_ap_fixed_ap_fixed_ap_fixed_ap_fixed_16_6_0_0_0_Pipeline_VITIS_LO    |        0|   2|  453|  614|    0|
    |grp_layer_norm_2d_ap_fixed_ap_fixed_ap_fixed_ap_fixed_16_6_0_0_0_Pipeline_VITIS_LO_1_fu_204  |layer_norm_2d_ap_fixed_ap_fixed_ap_fixed_ap_fixed_16_6_0_0_0_Pipeline_VITIS_LO_1  |        0|   1|  180|  375|    0|
    |grp_layer_norm_2d_ap_fixed_ap_fixed_ap_fixed_ap_fixed_16_6_0_0_0_Pipeline_VITIS_LO_2_fu_196  |layer_norm_2d_ap_fixed_ap_fixed_ap_fixed_ap_fixed_16_6_0_0_0_Pipeline_VITIS_LO_2  |        0|   0|   51|  234|    0|
    +---------------------------------------------------------------------------------------------+----------------------------------------------------------------------------------+---------+----+-----+-----+-----+
    |Total                                                                                        |                                                                                  |        0|   5|  889| 1613|    0|
    +---------------------------------------------------------------------------------------------+----------------------------------------------------------------------------------+---------+----+-----+-----+-----+

    * DSP: 
    N/A

    * Memory: 
    N/A

    * FIFO: 
    N/A

    * Expression: 
    +--------------------------------+----------+----+---+-----+------------+------------+
    |          Variable Name         | Operation| DSP| FF| LUT | Bitwidth P0| Bitwidth P1|
    +--------------------------------+----------+----+---+-----+------------+------------+
    |add_ln1104_fu_927_p2            |         +|   0|  0|   23|          16|           6|
    |add_ln1113_fu_968_p2            |         +|   0|  0|   39|          32|           6|
    |add_ln1124_fu_1047_p2           |         +|   0|  0|    8|           8|           8|
    |add_ln14_fu_264_p2              |         +|   0|  0|   13|           4|           1|
    |add_ln570_fu_1162_p2            |         +|   0|  0|   12|          12|           5|
    |add_ln580_fu_1292_p2            |         +|   0|  0|   12|          12|           5|
    |add_ln601_fu_1309_p2            |         +|   0|  0|   12|          12|          12|
    |exp_fu_1234_p2                  |         +|   0|  0|   12|          12|          11|
    |lsb_index_fu_860_p2             |         +|   0|  0|   39|          32|           6|
    |m_24_fu_1008_p2                 |         +|   0|  0|   71|          64|          64|
    |mean_val_V_4_fu_384_p2          |         +|   0|  0|   23|          16|          16|
    |p_Val2_116_fu_1374_p2           |         +|   0|  0|   23|          16|          16|
    |pos1_fu_1208_p2                 |         +|   0|  0|   12|          12|           3|
    |pos2_fu_1321_p2                 |         +|   0|  0|   12|          12|           3|
    |var_val_V_1_fu_636_p2           |         +|   0|  0|   23|          16|          16|
    |F2_fu_1150_p2                   |         -|   0|  0|   12|          11|          12|
    |man_V_10_fu_1137_p2             |         -|   0|  0|   61|           1|          54|
    |sub_ln1099_fu_842_p2            |         -|   0|  0|   39|           5|          32|
    |sub_ln1102_fu_881_p2            |         -|   0|  0|   13|           4|           4|
    |sub_ln1114_fu_983_p2            |         -|   0|  0|   39|           5|          32|
    |sub_ln1119_fu_1042_p2           |         -|   0|  0|    8|           3|           8|
    |sub_ln1303_2_fu_323_p2          |         -|   0|  0|   28|           1|          21|
    |sub_ln1303_3_fu_555_p2          |         -|   0|  0|   45|           1|          38|
    |sub_ln1303_4_fu_575_p2          |         -|   0|  0|   28|           1|          21|
    |sub_ln1303_fu_303_p2            |         -|   0|  0|   45|           1|          38|
    |sub_ln570_fu_1168_p2            |         -|   0|  0|   12|           4|          12|
    |tmp_V_fu_801_p2                 |         -|   0|  0|   23|           1|          16|
    |Range1_all_ones_33_fu_1511_p2   |       and|   0|  0|    2|           1|           1|
    |Range1_all_ones_35_fu_1459_p2   |       and|   0|  0|    2|           1|           1|
    |a_fu_907_p2                     |       and|   0|  0|    2|           1|           1|
    |and_ln1104_fu_939_p2            |       and|   0|  0|    2|           1|           1|
    |and_ln302_5_fu_1719_p2          |       and|   0|  0|    2|           1|           1|
    |and_ln302_fu_1713_p2            |       and|   0|  0|    2|           1|           1|
    |and_ln365_fu_1429_p2            |       and|   0|  0|    2|           1|           1|
    |and_ln546_fu_1636_p2            |       and|   0|  0|    2|           1|           1|
    |and_ln566_fu_1404_p2            |       and|   0|  0|    2|           1|           1|
    |and_ln592_fu_1417_p2            |       and|   0|  0|    2|           1|           1|
    |and_ln610_8_fu_1631_p2          |       and|   0|  0|    2|           1|           1|
    |and_ln610_fu_1626_p2            |       and|   0|  0|    2|           1|           1|
    |and_ln628_fu_1505_p2            |       and|   0|  0|    2|           1|           1|
    |and_ln630_fu_1528_p2            |       and|   0|  0|    2|           1|           1|
    |and_ln642_fu_1593_p2            |       and|   0|  0|    2|           1|           1|
    |and_ln643_fu_1604_p2            |       and|   0|  0|    2|           1|           1|
    |and_ln647_fu_1655_p2            |       and|   0|  0|    2|           1|           1|
    |and_ln648_fu_1677_p2            |       and|   0|  0|    2|           1|           1|
    |and_ln891_10_fu_714_p2          |       and|   0|  0|    2|           1|           1|
    |and_ln891_fu_462_p2             |       and|   0|  0|    2|           1|           1|
    |carry_47_fu_404_p2              |       and|   0|  0|    2|           1|           1|
    |carry_49_fu_656_p2              |       and|   0|  0|    2|           1|           1|
    |carry_51_fu_1435_p2             |       and|   0|  0|    2|           1|           1|
    |deleted_ones_30_fu_708_p2       |       and|   0|  0|    2|           1|           1|
    |deleted_ones_fu_456_p2          |       and|   0|  0|    2|           1|           1|
    |overflow_29_fu_737_p2           |       and|   0|  0|    2|           1|           1|
    |overflow_30_fu_1671_p2          |       and|   0|  0|    2|           1|           1|
    |overflow_fu_485_p2              |       and|   0|  0|    2|           1|           1|
    |p_Result_171_fu_896_p2          |       and|   0|  0|   16|          16|          16|
    |underflow_14_fu_761_p2          |       and|   0|  0|    2|           1|           1|
    |underflow_15_fu_1688_p2         |       and|   0|  0|    2|           1|           1|
    |underflow_fu_509_p2             |       and|   0|  0|    2|           1|           1|
    |ashr_ln575_fu_1275_p2           |      ashr|   0|  0|  161|          54|          54|
    |QUAN_INC_fu_1156_p2             |      icmp|   0|  0|   12|          12|           4|
    |Range2_all_ones_fu_1479_p2      |      icmp|   0|  0|   25|          54|          54|
    |icmp_ln1090_fu_796_p2           |      icmp|   0|  0|   13|          16|           1|
    |icmp_ln1101_fu_875_p2           |      icmp|   0|  0|   17|          31|           1|
    |icmp_ln1102_fu_901_p2           |      icmp|   0|  0|   13|          16|           1|
    |icmp_ln1113_fu_959_p2           |      icmp|   0|  0|   18|          32|           1|
    |icmp_ln14_fu_258_p2             |      icmp|   0|  0|    9|           4|           5|
    |icmp_ln560_fu_1117_p2           |      icmp|   0|  0|   28|          63|           1|
    |icmp_ln566_fu_1297_p2           |      icmp|   0|  0|   12|          12|           4|
    |icmp_ln571_fu_1242_p2           |      icmp|   0|  0|   12|          12|           4|
    |icmp_ln574_fu_1247_p2           |      icmp|   0|  0|   12|          12|           6|
    |icmp_ln580_fu_1186_p2           |      icmp|   0|  0|   12|          12|           6|
    |icmp_ln592_fu_1202_p2           |      icmp|   0|  0|   11|           8|           1|
    |icmp_ln600_fu_1315_p2           |      icmp|   0|  0|   12|          12|           3|
    |icmp_ln610_5_fu_1454_p2         |      icmp|   0|  0|   12|          12|           6|
    |icmp_ln610_fu_1571_p2           |      icmp|   0|  0|   12|          12|           6|
    |icmp_ln620_5_fu_1469_p2         |      icmp|   0|  0|   12|          12|           6|
    |icmp_ln620_fu_1464_p2           |      icmp|   0|  0|   12|          12|           6|
    |icmp_ln630_fu_1523_p2           |      icmp|   0|  0|   25|          54|           1|
    |icmp_ln631_fu_1534_p2           |      icmp|   0|  0|   12|          12|           6|
    |p_Result_180_fu_339_p2          |      icmp|   0|  0|   20|          38|          19|
    |p_Result_183_fu_591_p2          |      icmp|   0|  0|   20|          38|          19|
    |Range2_V_5_fu_1334_p2           |      lshr|   0|  0|  161|          54|          54|
    |lshr_ln1102_fu_890_p2           |      lshr|   0|  0|   35|           2|          16|
    |lshr_ln1113_fu_977_p2           |      lshr|   0|  0|  182|          64|          64|
    |r_V_fu_1474_p2                  |      lshr|   0|  0|  161|           2|          54|
    |deleted_ones_32_fu_1620_p2      |        or|   0|  0|    2|           1|           1|
    |or_ln1104_fu_945_p2             |        or|   0|  0|    2|           1|           1|
    |or_ln302_fu_1694_p2             |        or|   0|  0|    2|           1|           1|
    |or_ln346_11_fu_774_p2           |        or|   0|  0|    2|           1|           1|
    |or_ln346_fu_522_p2              |        or|   0|  0|    2|           1|           1|
    |or_ln642_fu_1588_p2             |        or|   0|  0|    2|           1|           1|
    |or_ln647_fu_1661_p2             |        or|   0|  0|    2|           1|           1|
    |or_ln888_1_fu_676_p2            |        or|   0|  0|    2|           1|           1|
    |or_ln888_fu_424_p2              |        or|   0|  0|    2|           1|           1|
    |or_ln890_1_fu_702_p2            |        or|   0|  0|    2|           1|           1|
    |or_ln890_fu_450_p2              |        or|   0|  0|    2|           1|           1|
    |or_ln895_12_fu_726_p2           |        or|   0|  0|    2|           1|           1|
    |or_ln895_fu_474_p2              |        or|   0|  0|    2|           1|           1|
    |or_ln896_10_fu_749_p2           |        or|   0|  0|    2|           1|           1|
    |or_ln896_fu_497_p2              |        or|   0|  0|    2|           1|           1|
    |Range1_all_ones_34_fu_1555_p3   |    select|   0|  0|    2|           1|           1|
    |Range1_all_zeros_18_fu_1563_p3  |    select|   0|  0|    2|           1|           1|
    |Range2_all_ones_31_fu_1497_p3   |    select|   0|  0|    2|           1|           1|
    |deleted_ones_31_fu_1598_p3      |    select|   0|  0|    2|           1|           1|
    |deleted_zeros_15_fu_1576_p3     |    select|   0|  0|    2|           1|           1|
    |grp_fu_241_p1                   |    select|   0|  0|   32|           1|          30|
    |inv_std_V_fu_1731_p3            |    select|   0|  0|   16|           1|           1|
    |m_23_fu_998_p3                  |    select|   0|  0|   64|           1|          64|
    |man_V_fu_1143_p3                |    select|   0|  0|   54|           1|          54|
    |mean_val_V_fu_528_p3            |    select|   0|  0|   16|           1|          16|
    |neg_src_20_fu_1641_p3           |    select|   0|  0|    2|           1|           1|
    |p_Val2_115_fu_1284_p3           |    select|   0|  0|   16|           1|          16|
    |p_Val2_117_fu_1421_p3           |    select|   0|  0|   16|           1|          16|
    |qb_fu_1357_p3                   |    select|   0|  0|    2|           1|           1|
    |select_ln1098_fu_1035_p3        |    select|   0|  0|    7|           1|           7|
    |select_ln1303_1_fu_600_p3       |    select|   0|  0|   21|           1|          21|
    |select_ln1303_fu_348_p3         |    select|   0|  0|   21|           1|          21|
    |select_ln302_fu_1724_p3         |    select|   0|  0|   16|           1|          16|
    |select_ln346_36_fu_766_p3       |    select|   0|  0|   17|           1|          15|
    |select_ln346_38_fu_1700_p3      |    select|   0|  0|   17|           1|          15|
    |select_ln346_fu_514_p3          |    select|   0|  0|   17|           1|          15|
    |select_ln566_fu_1409_p3         |    select|   0|  0|   16|           1|          16|
    |select_ln571_fu_1393_p3         |    select|   0|  0|   16|           1|          16|
    |select_ln577_fu_1263_p3         |    select|   0|  0|    2|           1|           2|
    |select_ln601_fu_1302_p3         |    select|   0|  0|    2|           1|           2|
    |select_ln631_5_fu_1547_p3       |    select|   0|  0|    2|           1|           1|
    |select_ln631_fu_1539_p3         |    select|   0|  0|    2|           1|           1|
    |sh_amt_fu_1174_p3               |    select|   0|  0|   12|           1|          12|
    |tmp_V_13_fu_806_p3              |    select|   0|  0|   16|           1|          16|
    |var_val_V_2_fu_780_p3           |    select|   0|  0|   16|           1|          16|
    |shl_ln1114_fu_992_p2            |       shl|   0|  0|  182|          64|          64|
    |shl_ln593_fu_1352_p2            |       shl|   0|  0|   35|          16|          16|
    |Range1_all_ones_fu_1449_p2      |       xor|   0|  0|    2|           1|           2|
    |Range1_all_zeros_17_fu_1517_p2  |       xor|   0|  0|    2|           2|           1|
    |Range2_all_ones_30_fu_1491_p2   |       xor|   0|  0|    2|           1|           2|
    |deleted_zeros_14_fu_682_p2      |       xor|   0|  0|    2|           1|           1|
    |deleted_zeros_fu_430_p2         |       xor|   0|  0|    2|           1|           1|
    |xor_ln1104_fu_921_p2            |       xor|   0|  0|    2|           1|           2|
    |xor_ln378_fu_1387_p2            |       xor|   0|  0|    2|           1|           2|
    |xor_ln560_fu_1708_p2            |       xor|   0|  0|    2|           1|           2|
    |xor_ln571_fu_1399_p2            |       xor|   0|  0|    2|           1|           2|
    |xor_ln610_fu_1614_p2            |       xor|   0|  0|    2|           1|           2|
    |xor_ln643_fu_1608_p2            |       xor|   0|  0|    2|           2|           1|
    |xor_ln647_5_fu_1666_p2          |       xor|   0|  0|    2|           1|           2|
    |xor_ln647_fu_1649_p2            |       xor|   0|  0|    2|           1|           2|
    |xor_ln648_fu_1682_p2            |       xor|   0|  0|    2|           2|           1|
    |xor_ln888_10_fu_670_p2          |       xor|   0|  0|    2|           1|           2|
    |xor_ln888_fu_418_p2             |       xor|   0|  0|    2|           1|           2|
    |xor_ln890_11_fu_696_p2          |       xor|   0|  0|    2|           1|           2|
    |xor_ln890_fu_444_p2             |       xor|   0|  0|    2|           1|           2|
    |xor_ln895_32_fu_480_p2          |       xor|   0|  0|    2|           1|           2|
    |xor_ln895_33_fu_720_p2          |       xor|   0|  0|    2|           1|           2|
    |xor_ln895_34_fu_732_p2          |       xor|   0|  0|    2|           1|           2|
    |xor_ln895_fu_468_p2             |       xor|   0|  0|    2|           1|           2|
    |xor_ln896_43_fu_491_p2          |       xor|   0|  0|    2|           1|           2|
    |xor_ln896_44_fu_503_p2          |       xor|   0|  0|    2|           1|           1|
    |xor_ln896_45_fu_650_p2          |       xor|   0|  0|    2|           1|           2|
    |xor_ln896_46_fu_743_p2          |       xor|   0|  0|    2|           1|           2|
    |xor_ln896_47_fu_755_p2          |       xor|   0|  0|    2|           1|           1|
    |xor_ln896_fu_398_p2             |       xor|   0|  0|    2|           1|           2|
    +--------------------------------+----------+----+---+-----+------------+------------+
    |Total                           |          |   0|  0| 2527|        1179|        1456|
    +--------------------------------+----------+----+---+-----+------------+------------+

    * Multiplexer: 
    +------------------+-----+-----------+-----+-----------+
    |       Name       | LUT | Input Size| Bits| Total Bits|
    +------------------+-----+-----------+-----+-----------+
    |ap_NS_fsm         |  253|         59|    1|         59|
    |input_r_address0  |   20|          4|    7|         28|
    |input_r_ce0       |   20|          4|    1|          4|
    |sequence_fu_184   |    9|          2|    4|          8|
    +------------------+-----+-----------+-----+-----------+
    |Total             |  302|         69|   13|         99|
    +------------------+-----+-----------+-----+-----------+

    * Register: 
    +----------------------------------------------------------------------------------------------------------+----+----+-----+-----------+
    |                                                   Name                                                   | FF | LUT| Bits| Const Bits|
    +----------------------------------------------------------------------------------------------------------+----+----+-----+-----------+
    |F2_reg_1950                                                                                               |  12|   0|   12|          0|
    |LD_reg_1882                                                                                               |  32|   0|   32|          0|
    |QUAN_INC_reg_1958                                                                                         |   1|   0|    1|          0|
    |Range1_all_ones_34_reg_2083                                                                               |   1|   0|    1|          0|
    |Range1_all_zeros_17_reg_2078                                                                              |   1|   0|    1|          0|
    |Range1_all_zeros_18_reg_2090                                                                              |   1|   0|    1|          0|
    |Range2_V_5_reg_2048                                                                                       |  54|   0|   54|          0|
    |Range2_all_ones_31_reg_2073                                                                               |   1|   0|    1|          0|
    |add_ln580_reg_2020                                                                                        |  12|   0|   12|          0|
    |ap_CS_fsm                                                                                                 |  58|   0|   58|          0|
    |carry_51_reg_2059                                                                                         |   1|   0|    1|          0|
    |d_assign_reg_1907                                                                                         |  32|   0|   32|          0|
    |exp_tmp_reg_1922                                                                                          |  11|   0|   11|          0|
    |grp_layer_norm_2d_ap_fixed_ap_fixed_ap_fixed_ap_fixed_16_6_0_0_0_Pipeline_VITIS_LO_1_fu_204_ap_start_reg  |   1|   0|    1|          0|
    |grp_layer_norm_2d_ap_fixed_ap_fixed_ap_fixed_ap_fixed_16_6_0_0_0_Pipeline_VITIS_LO_2_fu_196_ap_start_reg  |   1|   0|    1|          0|
    |grp_layer_norm_2d_ap_fixed_ap_fixed_ap_fixed_ap_fixed_16_6_0_0_0_Pipeline_VITIS_LO_fu_213_ap_start_reg    |   1|   0|    1|          0|
    |icmp_ln1090_reg_1828                                                                                      |   1|   0|    1|          0|
    |icmp_ln1113_reg_1867                                                                                      |   1|   0|    1|          0|
    |icmp_ln560_reg_1932                                                                                       |   1|   0|    1|          0|
    |icmp_ln566_reg_2025                                                                                       |   1|   0|    1|          0|
    |icmp_ln571_reg_2008                                                                                       |   1|   0|    1|          0|
    |icmp_ln580_reg_1976                                                                                       |   1|   0|    1|          0|
    |icmp_ln592_reg_1981                                                                                       |   1|   0|    1|          0|
    |icmp_ln600_reg_2030                                                                                       |   1|   0|    1|          0|
    |inv_std_V_reg_2100                                                                                        |  16|   0|   16|          0|
    |lD_reg_1998                                                                                               |   1|   0|    1|          0|
    |m_25_reg_1872                                                                                             |  63|   0|   63|          0|
    |man_V_reg_1943                                                                                            |  54|   0|   54|          0|
    |mean_val_V_reg_1788                                                                                       |  16|   0|   16|          0|
    |or_ln_reg_1862                                                                                            |   1|   0|    2|          1|
    |p_Result_173_reg_1877                                                                                     |   1|   0|    1|          0|
    |p_Result_180_reg_1782                                                                                     |   1|   0|    1|          0|
    |p_Result_183_reg_1809                                                                                     |   1|   0|    1|          0|
    |p_Result_186_reg_1822                                                                                     |   1|   0|    1|          0|
    |p_Result_189_reg_1913                                                                                     |   1|   0|    1|          0|
    |p_Result_192_reg_2066                                                                                     |   1|   0|    1|          0|
    |p_Val2_115_reg_2014                                                                                       |  16|   0|   16|          0|
    |p_Val2_117_reg_2054                                                                                       |  16|   0|   16|          0|
    |phitmp_reg_1892                                                                                           |  32|   0|   32|          0|
    |pos1_reg_1986                                                                                             |  12|   0|   12|          0|
    |pos2_reg_2035                                                                                             |  12|   0|   12|          0|
    |select_ln302_reg_2095                                                                                     |  16|   0|   16|          0|
    |sequence_fu_184                                                                                           |   4|   0|    4|          0|
    |sext_ln570_reg_2003                                                                                       |  32|   0|   32|          0|
    |sh_amt_reg_1964                                                                                           |  12|   0|   12|          0|
    |sub_ln1099_reg_1840                                                                                       |  32|   0|   32|          0|
    |sub_ln1303_2_reg_1772                                                                                     |  21|   0|   21|          0|
    |sub_ln1303_4_reg_1799                                                                                     |  21|   0|   21|          0|
    |tmp_163_reg_1794                                                                                          |   1|   0|    1|          0|
    |tmp_179_reg_1993                                                                                          |   1|   0|    1|          0|
    |tmp_29_reg_1902                                                                                           |  32|   0|   32|          0|
    |tmp_49_reg_1760                                                                                           |   3|   0|    7|          4|
    |tmp_V_13_reg_1833                                                                                         |  16|   0|   16|          0|
    |tmp_reg_1767                                                                                              |   1|   0|    1|          0|
    |trunc_ln1098_reg_1857                                                                                     |   8|   0|    8|          0|
    |trunc_ln1099_reg_1847                                                                                     |  16|   0|   16|          0|
    |trunc_ln1102_reg_1852                                                                                     |   4|   0|    4|          0|
    |trunc_ln1303_4_reg_1777                                                                                   |  20|   0|   20|          0|
    |trunc_ln1303_6_reg_1804                                                                                   |  20|   0|   20|          0|
    |trunc_ln554_reg_1927                                                                                      |  52|   0|   52|          0|
    |trunc_ln572_reg_1970                                                                                      |  16|   0|   16|          0|
    |var_val_V_2_reg_1815                                                                                      |  16|   0|   16|          0|
    |zext_ln455_reg_1938                                                                                       |  11|   0|   12|          1|
    |zext_ln624_reg_2043                                                                                       |  32|   0|   54|         22|
    +----------------------------------------------------------------------------------------------------------+----+----+-----+-----------+
    |Total                                                                                                     | 860|   0|  888|         28|
    +----------------------------------------------------------------------------------------------------------+----+----+-----+-----------+



================================================================
== Interface
================================================================
* Summary: 
+-------------------+-----+-----+------------+----------------------------------------------------------------+--------------+
|     RTL Ports     | Dir | Bits|  Protocol  |                          Source Object                         |    C Type    |
+-------------------+-----+-----+------------+----------------------------------------------------------------+--------------+
|ap_clk             |   in|    1|  ap_ctrl_hs|  layer_norm_2d<ap_fixed,ap_fixed,ap_fixed,ap_fixed<16,6,0,0,0>>|  return value|
|ap_rst             |   in|    1|  ap_ctrl_hs|  layer_norm_2d<ap_fixed,ap_fixed,ap_fixed,ap_fixed<16,6,0,0,0>>|  return value|
|ap_start           |   in|    1|  ap_ctrl_hs|  layer_norm_2d<ap_fixed,ap_fixed,ap_fixed,ap_fixed<16,6,0,0,0>>|  return value|
|ap_done            |  out|    1|  ap_ctrl_hs|  layer_norm_2d<ap_fixed,ap_fixed,ap_fixed,ap_fixed<16,6,0,0,0>>|  return value|
|ap_idle            |  out|    1|  ap_ctrl_hs|  layer_norm_2d<ap_fixed,ap_fixed,ap_fixed,ap_fixed<16,6,0,0,0>>|  return value|
|ap_ready           |  out|    1|  ap_ctrl_hs|  layer_norm_2d<ap_fixed,ap_fixed,ap_fixed,ap_fixed<16,6,0,0,0>>|  return value|
|input_r_address0   |  out|    7|   ap_memory|                                                         input_r|         array|
|input_r_ce0        |  out|    1|   ap_memory|                                                         input_r|         array|
|input_r_q0         |   in|   16|   ap_memory|                                                         input_r|         array|
|output_r_address0  |  out|    7|   ap_memory|                                                        output_r|         array|
|output_r_ce0       |  out|    1|   ap_memory|                                                        output_r|         array|
|output_r_we0       |  out|    1|   ap_memory|                                                        output_r|         array|
|output_r_d0        |  out|   16|   ap_memory|                                                        output_r|         array|
|weight_address0    |  out|    4|   ap_memory|                                                          weight|         array|
|weight_ce0         |  out|    1|   ap_memory|                                                          weight|         array|
|weight_q0          |   in|   12|   ap_memory|                                                          weight|         array|
|bias_address0      |  out|    4|   ap_memory|                                                            bias|         array|
|bias_ce0           |  out|    1|   ap_memory|                                                            bias|         array|
|bias_q0            |   in|    9|   ap_memory|                                                            bias|         array|
+-------------------+-----+-----+------------+----------------------------------------------------------------+--------------+

