

================================================================
== Vitis HLS Report for 'unsw_linear_transformer_Pipeline_VITIS_LOOP_93_1_VITIS_LOOP_94_2'
================================================================
* Date:           Mon Jun 29 22:28:44 2026

* Version:        2022.2 (Build 3670227 on Oct 13 2022)
* Project:        unsw_linear_transformer_fixed16_v3b_hotspot_ii1_prj
* Solution:       solution1 (Vivado IP Flow Target)
* Product family: zynq
* Target device:  xc7z020-clg400-1


================================================================
== Performance Estimates
================================================================
+ Timing: 
    * Summary: 
    +--------+----------+----------+------------+
    |  Clock |  Target  | Estimated| Uncertainty|
    +--------+----------+----------+------------+
    |ap_clk  |  10.00 ns|  7.222 ns|     2.70 ns|
    +--------+----------+----------+------------+

+ Latency: 
    * Summary: 
    +---------+---------+----------+----------+-----+-----+---------+
    |  Latency (cycles) |  Latency (absolute) |  Interval | Pipeline|
    |   min   |   max   |    min   |    max   | min | max |   Type  |
    +---------+---------+----------+----------+-----+-----+---------+
    |      202|      202|  2.020 us|  2.020 us|  202|  202|       no|
    +---------+---------+----------+----------+-----+-----+---------+

    + Detail: 
        * Instance: 
        N/A

        * Loop: 
        +-----------------------------------+---------+---------+----------+-----------+-----------+------+----------+
        |                                   |  Latency (cycles) | Iteration|  Initiation Interval  | Trip |          |
        |             Loop Name             |   min   |   max   |  Latency |  achieved |   target  | Count| Pipelined|
        +-----------------------------------+---------+---------+----------+-----------+-----------+------+----------+
        |- VITIS_LOOP_93_1_VITIS_LOOP_94_2  |      200|      200|        10|          1|          1|   192|       yes|
        +-----------------------------------+---------+---------+----------+-----------+-----------+------+----------+



================================================================
== Utilization Estimates
================================================================
* Summary: 
+-----------------+---------+-----+--------+-------+-----+
|       Name      | BRAM_18K| DSP |   FF   |  LUT  | URAM|
+-----------------+---------+-----+--------+-------+-----+
|DSP              |        -|    -|       -|      -|    -|
|Expression       |        -|    -|       0|   1276|    -|
|FIFO             |        -|    -|       -|      -|    -|
|Instance         |        -|    -|       -|      -|    -|
|Memory           |        -|    -|       -|      -|    -|
|Multiplexer      |        -|    -|       -|     72|    -|
|Register         |        -|    -|     866|    160|    -|
+-----------------+---------+-----+--------+-------+-----+
|Total            |        0|    0|     866|   1508|    0|
+-----------------+---------+-----+--------+-------+-----+
|Available        |      280|  220|  106400|  53200|    0|
+-----------------+---------+-----+--------+-------+-----+
|Utilization (%)  |        0|    0|      ~0|      2|    0|
+-----------------+---------+-----+--------+-------+-----+

+ Detail: 
    * Instance: 
    N/A

    * DSP: 
    N/A

    * Memory: 
    N/A

    * FIFO: 
    N/A

    * Expression: 
    +------------------------------+----------+----+---+-----+------------+------------+
    |         Variable Name        | Operation| DSP| FF| LUT | Bitwidth P0| Bitwidth P1|
    +------------------------------+----------+----+---+-----+------------+------------+
    |add_ln570_fu_369_p2           |         +|   0|  0|   12|          12|           5|
    |add_ln580_fu_495_p2           |         +|   0|  0|   12|          12|           5|
    |add_ln601_fu_512_p2           |         +|   0|  0|   12|          12|          12|
    |add_ln93_1_fu_185_p2          |         +|   0|  0|   15|           8|           1|
    |add_ln93_fu_197_p2            |         +|   0|  0|   13|           4|           1|
    |add_ln94_fu_265_p2            |         +|   0|  0|   13|           5|           1|
    |add_ln96_fu_259_p2            |         +|   0|  0|    8|           8|           8|
    |exp_fu_441_p2                 |         +|   0|  0|   12|          12|          11|
    |p_Val2_3_fu_577_p2            |         +|   0|  0|   23|          16|          16|
    |pos1_fu_415_p2                |         +|   0|  0|   12|          12|           3|
    |pos2_fu_524_p2                |         +|   0|  0|   12|          12|           3|
    |F2_fu_357_p2                  |         -|   0|  0|   12|          11|          12|
    |man_V_2_fu_344_p2             |         -|   0|  0|   61|           1|          54|
    |sub_ln570_fu_375_p2           |         -|   0|  0|   12|           4|          12|
    |sub_ln96_fu_249_p2            |         -|   0|  0|    8|           8|           8|
    |Range1_all_ones_3_fu_662_p2   |       and|   0|  0|    2|           1|           1|
    |Range1_all_ones_fu_714_p2     |       and|   0|  0|    2|           1|           1|
    |and_ln302_1_fu_922_p2         |       and|   0|  0|    2|           1|           1|
    |and_ln302_fu_916_p2           |       and|   0|  0|    2|           1|           1|
    |and_ln365_fu_632_p2           |       and|   0|  0|    2|           1|           1|
    |and_ln546_fu_839_p2           |       and|   0|  0|    2|           1|           1|
    |and_ln566_fu_607_p2           |       and|   0|  0|    2|           1|           1|
    |and_ln592_fu_620_p2           |       and|   0|  0|    2|           1|           1|
    |and_ln610_1_fu_834_p2         |       and|   0|  0|    2|           1|           1|
    |and_ln610_fu_829_p2           |       and|   0|  0|    2|           1|           1|
    |and_ln628_fu_708_p2           |       and|   0|  0|    2|           1|           1|
    |and_ln630_fu_731_p2           |       and|   0|  0|    2|           1|           1|
    |and_ln642_fu_796_p2           |       and|   0|  0|    2|           1|           1|
    |and_ln643_fu_807_p2           |       and|   0|  0|    2|           1|           1|
    |and_ln647_fu_858_p2           |       and|   0|  0|    2|           1|           1|
    |and_ln648_fu_880_p2           |       and|   0|  0|    2|           1|           1|
    |carry_1_fu_638_p2             |       and|   0|  0|    2|           1|           1|
    |overflow_fu_874_p2            |       and|   0|  0|    2|           1|           1|
    |underflow_fu_891_p2           |       and|   0|  0|    2|           1|           1|
    |ashr_ln575_fu_478_p2          |      ashr|   0|  0|  161|          54|          54|
    |QUAN_INC_fu_363_p2            |      icmp|   0|  0|   12|          12|           4|
    |Range2_all_ones_fu_682_p2     |      icmp|   0|  0|   25|          54|          54|
    |icmp_ln560_fu_324_p2          |      icmp|   0|  0|   28|          63|           1|
    |icmp_ln566_fu_500_p2          |      icmp|   0|  0|   12|          12|           4|
    |icmp_ln571_fu_449_p2          |      icmp|   0|  0|   12|          12|           4|
    |icmp_ln574_fu_454_p2          |      icmp|   0|  0|   12|          12|           6|
    |icmp_ln580_fu_393_p2          |      icmp|   0|  0|   12|          12|           6|
    |icmp_ln592_fu_409_p2          |      icmp|   0|  0|   11|           8|           1|
    |icmp_ln600_fu_518_p2          |      icmp|   0|  0|   12|          12|           3|
    |icmp_ln610_1_fu_657_p2        |      icmp|   0|  0|   12|          12|           6|
    |icmp_ln610_fu_774_p2          |      icmp|   0|  0|   12|          12|           6|
    |icmp_ln620_1_fu_672_p2        |      icmp|   0|  0|   12|          12|           6|
    |icmp_ln620_fu_667_p2          |      icmp|   0|  0|   12|          12|           6|
    |icmp_ln630_fu_726_p2          |      icmp|   0|  0|   25|          54|           1|
    |icmp_ln631_fu_737_p2          |      icmp|   0|  0|   12|          12|           6|
    |icmp_ln93_fu_179_p2           |      icmp|   0|  0|   11|           8|           8|
    |icmp_ln94_fu_203_p2           |      icmp|   0|  0|    9|           5|           5|
    |Range2_V_1_fu_537_p2          |      lshr|   0|  0|  161|          54|          54|
    |r_V_fu_677_p2                 |      lshr|   0|  0|  161|           2|          54|
    |deleted_ones_1_fu_823_p2      |        or|   0|  0|    2|           1|           1|
    |or_ln302_fu_897_p2            |        or|   0|  0|    2|           1|           1|
    |or_ln642_fu_791_p2            |        or|   0|  0|    2|           1|           1|
    |or_ln647_fu_864_p2            |        or|   0|  0|    2|           1|           1|
    |Range1_all_ones_1_fu_758_p3   |    select|   0|  0|    2|           1|           1|
    |Range1_all_zeros_2_fu_766_p3  |    select|   0|  0|    2|           1|           1|
    |Range2_all_ones_2_fu_700_p3   |    select|   0|  0|    2|           1|           1|
    |deleted_ones_fu_801_p3        |    select|   0|  0|    2|           1|           1|
    |deleted_zeros_fu_779_p3       |    select|   0|  0|    2|           1|           1|
    |input_fp_V_d0                 |    select|   0|  0|   16|           1|           1|
    |man_V_fu_350_p3               |    select|   0|  0|   54|           1|          54|
    |neg_src_1_fu_844_p3           |    select|   0|  0|    2|           1|           1|
    |p_Val2_2_fu_487_p3            |    select|   0|  0|   16|           1|          16|
    |p_Val2_4_fu_624_p3            |    select|   0|  0|   16|           1|          16|
    |qb_fu_560_p3                  |    select|   0|  0|    2|           1|           1|
    |select_ln302_fu_927_p3        |    select|   0|  0|   16|           1|          16|
    |select_ln346_fu_903_p3        |    select|   0|  0|   17|           1|          15|
    |select_ln566_fu_612_p3        |    select|   0|  0|   16|           1|          16|
    |select_ln571_fu_596_p3        |    select|   0|  0|   16|           1|          16|
    |select_ln577_fu_466_p3        |    select|   0|  0|    2|           1|           2|
    |select_ln601_fu_505_p3        |    select|   0|  0|    2|           1|           2|
    |select_ln631_1_fu_750_p3      |    select|   0|  0|    2|           1|           1|
    |select_ln631_fu_742_p3        |    select|   0|  0|    2|           1|           1|
    |select_ln93_1_fu_217_p3       |    select|   0|  0|    4|           1|           4|
    |select_ln93_fu_209_p3         |    select|   0|  0|    5|           1|           1|
    |sh_amt_fu_381_p3              |    select|   0|  0|   12|           1|          12|
    |shl_ln593_fu_555_p2           |       shl|   0|  0|   35|          16|          16|
    |Range1_all_ones_2_fu_652_p2   |       xor|   0|  0|    2|           1|           2|
    |Range1_all_zeros_1_fu_720_p2  |       xor|   0|  0|    2|           2|           1|
    |Range2_all_ones_1_fu_694_p2   |       xor|   0|  0|    2|           1|           2|
    |ap_enable_pp0                 |       xor|   0|  0|    2|           1|           2|
    |xor_ln378_fu_590_p2           |       xor|   0|  0|    2|           1|           2|
    |xor_ln560_fu_911_p2           |       xor|   0|  0|    2|           1|           2|
    |xor_ln571_fu_602_p2           |       xor|   0|  0|    2|           1|           2|
    |xor_ln610_fu_817_p2           |       xor|   0|  0|    2|           1|           2|
    |xor_ln643_fu_811_p2           |       xor|   0|  0|    2|           2|           1|
    |xor_ln647_1_fu_869_p2         |       xor|   0|  0|    2|           1|           2|
    |xor_ln647_fu_852_p2           |       xor|   0|  0|    2|           1|           2|
    |xor_ln648_fu_885_p2           |       xor|   0|  0|    2|           2|           1|
    +------------------------------+----------+----+---+-----+------------+------------+
    |Total                         |          |   0|  0| 1276|         647|         681|
    +------------------------------+----------+----+---+-----+------------+------------+

    * Multiplexer: 
    +--------------------------------------+----+-----------+-----+-----------+
    |                 Name                 | LUT| Input Size| Bits| Total Bits|
    +--------------------------------------+----+-----------+-----+-----------+
    |ap_done_int                           |   9|          2|    1|          2|
    |ap_enable_reg_pp0_iter1               |   9|          2|    1|          2|
    |ap_sig_allocacmp_f_load               |   9|          2|    5|         10|
    |ap_sig_allocacmp_indvar_flatten_load  |   9|          2|    8|         16|
    |ap_sig_allocacmp_s_load               |   9|          2|    4|          8|
    |f_fu_120                              |   9|          2|    5|         10|
    |indvar_flatten_fu_128                 |   9|          2|    8|         16|
    |s_fu_124                              |   9|          2|    4|          8|
    +--------------------------------------+----+-----------+-----+-----------+
    |Total                                 |  72|         16|   36|         72|
    +--------------------------------------+----+-----------+-----+-----------+

    * Register: 
    +------------------------------------+----+----+-----+-----------+
    |                Name                | FF | LUT| Bits| Const Bits|
    +------------------------------------+----+----+-----+-----------+
    |F2_reg_1029                         |  12|   0|   12|          0|
    |QUAN_INC_reg_1037                   |   1|   0|    1|          0|
    |QUAN_INC_reg_1037_pp0_iter6_reg     |   1|   0|    1|          0|
    |Range1_all_ones_1_reg_1162          |   1|   0|    1|          0|
    |Range1_all_zeros_1_reg_1157         |   1|   0|    1|          0|
    |Range1_all_zeros_2_reg_1169         |   1|   0|    1|          0|
    |Range2_V_1_reg_1127                 |  54|   0|   54|          0|
    |Range2_all_ones_2_reg_1152          |   1|   0|    1|          0|
    |add_ln580_reg_1099                  |  12|   0|   12|          0|
    |add_ln96_reg_966                    |   8|   0|    8|          0|
    |ap_CS_fsm                           |   1|   0|    1|          0|
    |ap_done_reg                         |   1|   0|    1|          0|
    |ap_enable_reg_pp0_iter1             |   1|   0|    1|          0|
    |ap_enable_reg_pp0_iter2             |   1|   0|    1|          0|
    |ap_enable_reg_pp0_iter3             |   1|   0|    1|          0|
    |ap_enable_reg_pp0_iter4             |   1|   0|    1|          0|
    |ap_enable_reg_pp0_iter5             |   1|   0|    1|          0|
    |ap_enable_reg_pp0_iter6             |   1|   0|    1|          0|
    |ap_enable_reg_pp0_iter7             |   1|   0|    1|          0|
    |ap_enable_reg_pp0_iter8             |   1|   0|    1|          0|
    |ap_enable_reg_pp0_iter9             |   1|   0|    1|          0|
    |ap_loop_exit_ready_pp0_iter1_reg    |   1|   0|    1|          0|
    |ap_loop_exit_ready_pp0_iter2_reg    |   1|   0|    1|          0|
    |ap_loop_exit_ready_pp0_iter3_reg    |   1|   0|    1|          0|
    |ap_loop_exit_ready_pp0_iter4_reg    |   1|   0|    1|          0|
    |ap_loop_exit_ready_pp0_iter5_reg    |   1|   0|    1|          0|
    |ap_loop_exit_ready_pp0_iter6_reg    |   1|   0|    1|          0|
    |ap_loop_exit_ready_pp0_iter7_reg    |   1|   0|    1|          0|
    |ap_loop_exit_ready_pp0_iter8_reg    |   1|   0|    1|          0|
    |carry_1_reg_1138                    |   1|   0|    1|          0|
    |exp_tmp_reg_1001                    |  11|   0|   11|          0|
    |f_fu_120                            |   5|   0|    5|          0|
    |icmp_ln560_reg_1011                 |   1|   0|    1|          0|
    |icmp_ln566_reg_1104                 |   1|   0|    1|          0|
    |icmp_ln571_reg_1087                 |   1|   0|    1|          0|
    |icmp_ln580_reg_1055                 |   1|   0|    1|          0|
    |icmp_ln580_reg_1055_pp0_iter6_reg   |   1|   0|    1|          0|
    |icmp_ln592_reg_1060                 |   1|   0|    1|          0|
    |icmp_ln592_reg_1060_pp0_iter6_reg   |   1|   0|    1|          0|
    |icmp_ln600_reg_1109                 |   1|   0|    1|          0|
    |icmp_ln600_reg_1109_pp0_iter7_reg   |   1|   0|    1|          0|
    |indvar_flatten_fu_128               |   8|   0|    8|          0|
    |input_r_load_reg_981                |  32|   0|   32|          0|
    |lD_reg_1077                         |   1|   0|    1|          0|
    |lD_reg_1077_pp0_iter6_reg           |   1|   0|    1|          0|
    |man_V_reg_1022                      |  54|   0|   54|          0|
    |man_V_reg_1022_pp0_iter6_reg        |  54|   0|   54|          0|
    |p_Result_5_reg_992                  |   1|   0|    1|          0|
    |p_Result_8_reg_1145                 |   1|   0|    1|          0|
    |p_Val2_2_reg_1093                   |  16|   0|   16|          0|
    |p_Val2_4_reg_1133                   |  16|   0|   16|          0|
    |pos1_reg_1065                       |  12|   0|   12|          0|
    |pos2_reg_1114                       |  12|   0|   12|          0|
    |s_fu_124                            |   4|   0|    4|          0|
    |select_ln302_reg_1174               |  16|   0|   16|          0|
    |sext_ln570_reg_1082                 |  32|   0|   32|          0|
    |sh_amt_reg_1043                     |  12|   0|   12|          0|
    |tmp_6_reg_1072                      |   1|   0|    1|          0|
    |tmp_6_reg_1072_pp0_iter6_reg        |   1|   0|    1|          0|
    |trunc_ln554_reg_1006                |  52|   0|   52|          0|
    |trunc_ln572_reg_1049                |  16|   0|   16|          0|
    |trunc_ln572_reg_1049_pp0_iter6_reg  |  16|   0|   16|          0|
    |zext_ln455_reg_1017                 |  11|   0|   12|          1|
    |zext_ln624_reg_1122                 |  32|   0|   54|         22|
    |zext_ln96_2_reg_971                 |   8|   0|   64|         56|
    |icmp_ln560_reg_1011                 |  64|  32|    1|          0|
    |input_r_load_reg_981                |  64|  32|   32|          0|
    |p_Result_5_reg_992                  |  64|  32|    1|          0|
    |pos1_reg_1065                       |  64|  32|   12|          0|
    |zext_ln96_2_reg_971                 |  64|  32|   64|         56|
    +------------------------------------+----+----+-----+-----------+
    |Total                               | 866| 160|  735|        135|
    +------------------------------------+----+----+-----+-----------+



================================================================
== Interface
================================================================
* Summary: 
+---------------------+-----+-----+------------+------------------------------------------------------------------+--------------+
|      RTL Ports      | Dir | Bits|  Protocol  |                           Source Object                          |    C Type    |
+---------------------+-----+-----+------------+------------------------------------------------------------------+--------------+
|ap_clk               |   in|    1|  ap_ctrl_hs|  unsw_linear_transformer_Pipeline_VITIS_LOOP_93_1_VITIS_LOOP_94_2|  return value|
|ap_rst               |   in|    1|  ap_ctrl_hs|  unsw_linear_transformer_Pipeline_VITIS_LOOP_93_1_VITIS_LOOP_94_2|  return value|
|ap_start             |   in|    1|  ap_ctrl_hs|  unsw_linear_transformer_Pipeline_VITIS_LOOP_93_1_VITIS_LOOP_94_2|  return value|
|ap_done              |  out|    1|  ap_ctrl_hs|  unsw_linear_transformer_Pipeline_VITIS_LOOP_93_1_VITIS_LOOP_94_2|  return value|
|ap_idle              |  out|    1|  ap_ctrl_hs|  unsw_linear_transformer_Pipeline_VITIS_LOOP_93_1_VITIS_LOOP_94_2|  return value|
|ap_ready             |  out|    1|  ap_ctrl_hs|  unsw_linear_transformer_Pipeline_VITIS_LOOP_93_1_VITIS_LOOP_94_2|  return value|
|grp_fu_934_p_din0    |  out|   32|  ap_ctrl_hs|  unsw_linear_transformer_Pipeline_VITIS_LOOP_93_1_VITIS_LOOP_94_2|  return value|
|grp_fu_934_p_dout0   |   in|   64|  ap_ctrl_hs|  unsw_linear_transformer_Pipeline_VITIS_LOOP_93_1_VITIS_LOOP_94_2|  return value|
|grp_fu_934_p_ce      |  out|    1|  ap_ctrl_hs|  unsw_linear_transformer_Pipeline_VITIS_LOOP_93_1_VITIS_LOOP_94_2|  return value|
|input_r_address0     |  out|    8|   ap_memory|                                                           input_r|         array|
|input_r_ce0          |  out|    1|   ap_memory|                                                           input_r|         array|
|input_r_q0           |   in|   32|   ap_memory|                                                           input_r|         array|
|input_fp_V_address0  |  out|    8|   ap_memory|                                                        input_fp_V|         array|
|input_fp_V_ce0       |  out|    1|   ap_memory|                                                        input_fp_V|         array|
|input_fp_V_we0       |  out|    1|   ap_memory|                                                        input_fp_V|         array|
|input_fp_V_d0        |  out|   16|   ap_memory|                                                        input_fp_V|         array|
+---------------------+-----+-----+------------+------------------------------------------------------------------+--------------+

