/home/cym/prj2/finn/notebooks/icl_thesis-master/experiments/imgds_linear_sparse/final_paper_experiments/experiment1_qks_v2_physical_prune/hls_projects/q16_qksv2_d16/q16_qksv2_d16_csynth/solution1/.autopilot/db/q16_qksv2_d16.pp.0.cpp:1337:7: warning: Added loop label VITIS_LOOP_1211_1:   [xilinx-label-all-loops]
      for (i = 0; i < __N - 1; ++i) {
      ^~~
      VITIS_LOOP_1211_1: 
/home/cym/prj2/finn/notebooks/icl_thesis-master/experiments/imgds_linear_sparse/final_paper_experiments/experiment1_qks_v2_physical_prune/hls_projects/q16_qksv2_d16/q16_qksv2_d16_csynth/solution1/.autopilot/db/q16_qksv2_d16.pp.0.cpp:1337:7: note: FIX-IT applied suggested code changes
/home/cym/prj2/finn/notebooks/icl_thesis-master/experiments/imgds_linear_sparse/final_paper_experiments/experiment1_qks_v2_physical_prune/hls_projects/q16_qksv2_d16/q16_qksv2_d16_csynth/solution1/.autopilot/db/q16_qksv2_d16.pp.0.cpp:2311:5: warning: Added loop label VITIS_LOOP_676_1:   [xilinx-label-all-loops]
    for (unsigned i = low; i != high; ++i) {
    ^~~
    VITIS_LOOP_676_1: 
/home/cym/prj2/finn/notebooks/icl_thesis-master/experiments/imgds_linear_sparse/final_paper_experiments/experiment1_qks_v2_physical_prune/hls_projects/q16_qksv2_d16/q16_qksv2_d16_csynth/solution1/.autopilot/db/q16_qksv2_d16.pp.0.cpp:2311:5: note: FIX-IT applied suggested code changes
/home/cym/prj2/finn/notebooks/icl_thesis-master/experiments/imgds_linear_sparse/final_paper_experiments/experiment1_qks_v2_physical_prune/hls_projects/q16_qksv2_d16/q16_qksv2_d16_csynth/solution1/.autopilot/db/q16_qksv2_d16.pp.0.cpp:2325:5: warning: Added loop label VITIS_LOOP_690_1:   [xilinx-label-all-loops]
    for (unsigned i = low; i != high; ++i) {
    ^~~
    VITIS_LOOP_690_1: 
/home/cym/prj2/finn/notebooks/icl_thesis-master/experiments/imgds_linear_sparse/final_paper_experiments/experiment1_qks_v2_physical_prune/hls_projects/q16_qksv2_d16/q16_qksv2_d16_csynth/solution1/.autopilot/db/q16_qksv2_d16.pp.0.cpp:2325:5: note: FIX-IT applied suggested code changes
/home/cym/prj2/finn/notebooks/icl_thesis-master/experiments/imgds_linear_sparse/final_paper_experiments/experiment1_qks_v2_physical_prune/hls_projects/q16_qksv2_d16/q16_qksv2_d16_csynth/solution1/.autopilot/db/q16_qksv2_d16.pp.0.cpp:2339:5: warning: Added loop label VITIS_LOOP_704_1:   [xilinx-label-all-loops]
    for (unsigned i = low; i != high; ++i) {
    ^~~
    VITIS_LOOP_704_1: 
/home/cym/prj2/finn/notebooks/icl_thesis-master/experiments/imgds_linear_sparse/final_paper_experiments/experiment1_qks_v2_physical_prune/hls_projects/q16_qksv2_d16/q16_qksv2_d16_csynth/solution1/.autopilot/db/q16_qksv2_d16.pp.0.cpp:2339:5: note: FIX-IT applied suggested code changes
/home/cym/prj2/finn/notebooks/icl_thesis-master/experiments/imgds_linear_sparse/final_paper_experiments/experiment1_qks_v2_physical_prune/hls_projects/q16_qksv2_d16/q16_qksv2_d16_csynth/solution1/.autopilot/db/q16_qksv2_d16.pp.0.cpp:3938:7: warning: Added loop label VITIS_LOOP_1245_1:   [xilinx-label-all-loops]
      for (i = 0; i < __N - 1; ++i) {
      ^~~
      VITIS_LOOP_1245_1: 
/home/cym/prj2/finn/notebooks/icl_thesis-master/experiments/imgds_linear_sparse/final_paper_experiments/experiment1_qks_v2_physical_prune/hls_projects/q16_qksv2_d16/q16_qksv2_d16_csynth/solution1/.autopilot/db/q16_qksv2_d16.pp.0.cpp:3938:7: note: FIX-IT applied suggested code changes
/home/cym/prj2/finn/notebooks/icl_thesis-master/experiments/imgds_linear_sparse/final_paper_experiments/experiment1_qks_v2_physical_prune/hls_projects/q16_qksv2_d16/q16_qksv2_d16_csynth/solution1/.autopilot/db/q16_qksv2_d16.pp.0.cpp:12766:5: warning: Added loop label VITIS_LOOP_34_1:   [xilinx-label-all-loops]
    for (int i = 0; i < 16; ++i) sum += x[i];
    ^~~
    VITIS_LOOP_34_1: 
/home/cym/prj2/finn/notebooks/icl_thesis-master/experiments/imgds_linear_sparse/final_paper_experiments/experiment1_qks_v2_physical_prune/hls_projects/q16_qksv2_d16/q16_qksv2_d16_csynth/solution1/.autopilot/db/q16_qksv2_d16.pp.0.cpp:12766:5: note: FIX-IT applied suggested code changes
/home/cym/prj2/finn/notebooks/icl_thesis-master/experiments/imgds_linear_sparse/final_paper_experiments/experiment1_qks_v2_physical_prune/hls_projects/q16_qksv2_d16/q16_qksv2_d16_csynth/solution1/.autopilot/db/q16_qksv2_d16.pp.0.cpp:12770:5: warning: Added loop label VITIS_LOOP_38_2:   [xilinx-label-all-loops]
    for (int i = 0; i < 16; ++i) {
    ^~~
    VITIS_LOOP_38_2: 
/home/cym/prj2/finn/notebooks/icl_thesis-master/experiments/imgds_linear_sparse/final_paper_experiments/experiment1_qks_v2_physical_prune/hls_projects/q16_qksv2_d16/q16_qksv2_d16_csynth/solution1/.autopilot/db/q16_qksv2_d16.pp.0.cpp:12770:5: note: FIX-IT applied suggested code changes
/home/cym/prj2/finn/notebooks/icl_thesis-master/experiments/imgds_linear_sparse/final_paper_experiments/experiment1_qks_v2_physical_prune/hls_projects/q16_qksv2_d16/q16_qksv2_d16_csynth/solution1/.autopilot/db/q16_qksv2_d16.pp.0.cpp:12777:5: warning: Added loop label VITIS_LOOP_45_3:   [xilinx-label-all-loops]
    for (int i = 0; i < 16; ++i) {
    ^~~
    VITIS_LOOP_45_3: 
/home/cym/prj2/finn/notebooks/icl_thesis-master/experiments/imgds_linear_sparse/final_paper_experiments/experiment1_qks_v2_physical_prune/hls_projects/q16_qksv2_d16/q16_qksv2_d16_csynth/solution1/.autopilot/db/q16_qksv2_d16.pp.0.cpp:12777:5: note: FIX-IT applied suggested code changes
/home/cym/prj2/finn/notebooks/icl_thesis-master/experiments/imgds_linear_sparse/final_paper_experiments/experiment1_qks_v2_physical_prune/hls_projects/q16_qksv2_d16/q16_qksv2_d16_csynth/solution1/.autopilot/db/q16_qksv2_d16.pp.0.cpp:12803:5: warning: Added loop label VITIS_LOOP_71_1:   [xilinx-label-all-loops]
    for (int s = 0; s < 16; ++s) {
    ^~~
    VITIS_LOOP_71_1: 
/home/cym/prj2/finn/notebooks/icl_thesis-master/experiments/imgds_linear_sparse/final_paper_experiments/experiment1_qks_v2_physical_prune/hls_projects/q16_qksv2_d16/q16_qksv2_d16_csynth/solution1/.autopilot/db/q16_qksv2_d16.pp.0.cpp:12803:5: note: FIX-IT applied suggested code changes
/home/cym/prj2/finn/notebooks/icl_thesis-master/experiments/imgds_linear_sparse/final_paper_experiments/experiment1_qks_v2_physical_prune/hls_projects/q16_qksv2_d16/q16_qksv2_d16_csynth/solution1/.autopilot/db/q16_qksv2_d16.pp.0.cpp:12805:9: warning: Added loop label VITIS_LOOP_73_2:   [xilinx-label-all-loops]
        for (int d = 0; d < 16; ++d) {
        ^~~
        VITIS_LOOP_73_2: 
/home/cym/prj2/finn/notebooks/icl_thesis-master/experiments/imgds_linear_sparse/final_paper_experiments/experiment1_qks_v2_physical_prune/hls_projects/q16_qksv2_d16/q16_qksv2_d16_csynth/solution1/.autopilot/db/q16_qksv2_d16.pp.0.cpp:12805:9: note: FIX-IT applied suggested code changes
/home/cym/prj2/finn/notebooks/icl_thesis-master/experiments/imgds_linear_sparse/final_paper_experiments/experiment1_qks_v2_physical_prune/hls_projects/q16_qksv2_d16/q16_qksv2_d16_csynth/solution1/.autopilot/db/q16_qksv2_d16.pp.0.cpp:12807:13: warning: Added loop label VITIS_LOOP_75_3:   [xilinx-label-all-loops]
            for (int i = 0; i < 16; ++i) {
            ^~~
            VITIS_LOOP_75_3: 
/home/cym/prj2/finn/notebooks/icl_thesis-master/experiments/imgds_linear_sparse/final_paper_experiments/experiment1_qks_v2_physical_prune/hls_projects/q16_qksv2_d16/q16_qksv2_d16_csynth/solution1/.autopilot/db/q16_qksv2_d16.pp.0.cpp:12807:13: note: FIX-IT applied suggested code changes
/home/cym/prj2/finn/notebooks/icl_thesis-master/experiments/imgds_linear_sparse/final_paper_experiments/experiment1_qks_v2_physical_prune/hls_projects/q16_qksv2_d16/q16_qksv2_d16_csynth/solution1/.autopilot/db/q16_qksv2_d16.pp.0.cpp:12815:9: warning: Added loop label VITIS_LOOP_83_4:   [xilinx-label-all-loops]
        for (int r = 0; r < 16; ++r) {
        ^~~
        VITIS_LOOP_83_4: 
/home/cym/prj2/finn/notebooks/icl_thesis-master/experiments/imgds_linear_sparse/final_paper_experiments/experiment1_qks_v2_physical_prune/hls_projects/q16_qksv2_d16/q16_qksv2_d16_csynth/solution1/.autopilot/db/q16_qksv2_d16.pp.0.cpp:12815:9: note: FIX-IT applied suggested code changes
/home/cym/prj2/finn/notebooks/icl_thesis-master/experiments/imgds_linear_sparse/final_paper_experiments/experiment1_qks_v2_physical_prune/hls_projects/q16_qksv2_d16/q16_qksv2_d16_csynth/solution1/.autopilot/db/q16_qksv2_d16.pp.0.cpp:12817:13: warning: Added loop label VITIS_LOOP_85_5:   [xilinx-label-all-loops]
            for (int i = 0; i < 16; ++i) {
            ^~~
            VITIS_LOOP_85_5: 
/home/cym/prj2/finn/notebooks/icl_thesis-master/experiments/imgds_linear_sparse/final_paper_experiments/experiment1_qks_v2_physical_prune/hls_projects/q16_qksv2_d16/q16_qksv2_d16_csynth/solution1/.autopilot/db/q16_qksv2_d16.pp.0.cpp:12817:13: note: FIX-IT applied suggested code changes
/home/cym/prj2/finn/notebooks/icl_thesis-master/experiments/imgds_linear_sparse/final_paper_experiments/experiment1_qks_v2_physical_prune/hls_projects/q16_qksv2_d16/q16_qksv2_d16_csynth/solution1/.autopilot/db/q16_qksv2_d16.pp.0.cpp:12825:9: warning: Added loop label VITIS_LOOP_93_6:   [xilinx-label-all-loops]
        for (int r = 0; r < 16; ++r) {
        ^~~
        VITIS_LOOP_93_6: 
/home/cym/prj2/finn/notebooks/icl_thesis-master/experiments/imgds_linear_sparse/final_paper_experiments/experiment1_qks_v2_physical_prune/hls_projects/q16_qksv2_d16/q16_qksv2_d16_csynth/solution1/.autopilot/db/q16_qksv2_d16.pp.0.cpp:12825:9: note: FIX-IT applied suggested code changes
/home/cym/prj2/finn/notebooks/icl_thesis-master/experiments/imgds_linear_sparse/final_paper_experiments/experiment1_qks_v2_physical_prune/hls_projects/q16_qksv2_d16/q16_qksv2_d16_csynth/solution1/.autopilot/db/q16_qksv2_d16.pp.0.cpp:12827:13: warning: Added loop label VITIS_LOOP_95_7:   [xilinx-label-all-loops]
            for (int i = 0; i < 16; ++i) {
            ^~~
            VITIS_LOOP_95_7: 
/home/cym/prj2/finn/notebooks/icl_thesis-master/experiments/imgds_linear_sparse/final_paper_experiments/experiment1_qks_v2_physical_prune/hls_projects/q16_qksv2_d16/q16_qksv2_d16_csynth/solution1/.autopilot/db/q16_qksv2_d16.pp.0.cpp:12827:13: note: FIX-IT applied suggested code changes
/home/cym/prj2/finn/notebooks/icl_thesis-master/experiments/imgds_linear_sparse/final_paper_experiments/experiment1_qks_v2_physical_prune/hls_projects/q16_qksv2_d16/q16_qksv2_d16_csynth/solution1/.autopilot/db/q16_qksv2_d16.pp.0.cpp:12837:5: warning: Added loop label VITIS_LOOP_105_8:   [xilinx-label-all-loops]
    for (int r = 0; r < 16; ++r) {
    ^~~
    VITIS_LOOP_105_8: 
/home/cym/prj2/finn/notebooks/icl_thesis-master/experiments/imgds_linear_sparse/final_paper_experiments/experiment1_qks_v2_physical_prune/hls_projects/q16_qksv2_d16/q16_qksv2_d16_csynth/solution1/.autopilot/db/q16_qksv2_d16.pp.0.cpp:12837:5: note: FIX-IT applied suggested code changes
/home/cym/prj2/finn/notebooks/icl_thesis-master/experiments/imgds_linear_sparse/final_paper_experiments/experiment1_qks_v2_physical_prune/hls_projects/q16_qksv2_d16/q16_qksv2_d16_csynth/solution1/.autopilot/db/q16_qksv2_d16.pp.0.cpp:12838:9: warning: Added loop label VITIS_LOOP_106_9:   [xilinx-label-all-loops]
        for (int d2 = 0; d2 < 16; ++d2) {
        ^~~
        VITIS_LOOP_106_9: 
/home/cym/prj2/finn/notebooks/icl_thesis-master/experiments/imgds_linear_sparse/final_paper_experiments/experiment1_qks_v2_physical_prune/hls_projects/q16_qksv2_d16/q16_qksv2_d16_csynth/solution1/.autopilot/db/q16_qksv2_d16.pp.0.cpp:12838:9: note: FIX-IT applied suggested code changes
/home/cym/prj2/finn/notebooks/icl_thesis-master/experiments/imgds_linear_sparse/final_paper_experiments/experiment1_qks_v2_physical_prune/hls_projects/q16_qksv2_d16/q16_qksv2_d16_csynth/solution1/.autopilot/db/q16_qksv2_d16.pp.0.cpp:12840:13: warning: Added loop label VITIS_LOOP_108_10:   [xilinx-label-all-loops]
            for (int t = 0; t < 16; ++t) {
            ^~~
            VITIS_LOOP_108_10: 
/home/cym/prj2/finn/notebooks/icl_thesis-master/experiments/imgds_linear_sparse/final_paper_experiments/experiment1_qks_v2_physical_prune/hls_projects/q16_qksv2_d16/q16_qksv2_d16_csynth/solution1/.autopilot/db/q16_qksv2_d16.pp.0.cpp:12840:13: note: FIX-IT applied suggested code changes
/home/cym/prj2/finn/notebooks/icl_thesis-master/experiments/imgds_linear_sparse/final_paper_experiments/experiment1_qks_v2_physical_prune/hls_projects/q16_qksv2_d16/q16_qksv2_d16_csynth/solution1/.autopilot/db/q16_qksv2_d16.pp.0.cpp:12850:5: warning: Added loop label VITIS_LOOP_118_11:   [xilinx-label-all-loops]
    for (int r = 0; r < 16; ++r) {
    ^~~
    VITIS_LOOP_118_11: 
/home/cym/prj2/finn/notebooks/icl_thesis-master/experiments/imgds_linear_sparse/final_paper_experiments/experiment1_qks_v2_physical_prune/hls_projects/q16_qksv2_d16/q16_qksv2_d16_csynth/solution1/.autopilot/db/q16_qksv2_d16.pp.0.cpp:12850:5: note: FIX-IT applied suggested code changes
/home/cym/prj2/finn/notebooks/icl_thesis-master/experiments/imgds_linear_sparse/final_paper_experiments/experiment1_qks_v2_physical_prune/hls_projects/q16_qksv2_d16/q16_qksv2_d16_csynth/solution1/.autopilot/db/q16_qksv2_d16.pp.0.cpp:12852:9: warning: Added loop label VITIS_LOOP_120_12:   [xilinx-label-all-loops]
        for (int t = 0; t < 16; ++t) {
        ^~~
        VITIS_LOOP_120_12: 
/home/cym/prj2/finn/notebooks/icl_thesis-master/experiments/imgds_linear_sparse/final_paper_experiments/experiment1_qks_v2_physical_prune/hls_projects/q16_qksv2_d16/q16_qksv2_d16_csynth/solution1/.autopilot/db/q16_qksv2_d16.pp.0.cpp:12852:9: note: FIX-IT applied suggested code changes
/home/cym/prj2/finn/notebooks/icl_thesis-master/experiments/imgds_linear_sparse/final_paper_experiments/experiment1_qks_v2_physical_prune/hls_projects/q16_qksv2_d16/q16_qksv2_d16_csynth/solution1/.autopilot/db/q16_qksv2_d16.pp.0.cpp:12860:5: warning: Added loop label VITIS_LOOP_128_13:   [xilinx-label-all-loops]
    for (int t = 0; t < 16; ++t) {
    ^~~
    VITIS_LOOP_128_13: 
/home/cym/prj2/finn/notebooks/icl_thesis-master/experiments/imgds_linear_sparse/final_paper_experiments/experiment1_qks_v2_physical_prune/hls_projects/q16_qksv2_d16/q16_qksv2_d16_csynth/solution1/.autopilot/db/q16_qksv2_d16.pp.0.cpp:12860:5: note: FIX-IT applied suggested code changes
/home/cym/prj2/finn/notebooks/icl_thesis-master/experiments/imgds_linear_sparse/final_paper_experiments/experiment1_qks_v2_physical_prune/hls_projects/q16_qksv2_d16/q16_qksv2_d16_csynth/solution1/.autopilot/db/q16_qksv2_d16.pp.0.cpp:12863:9: warning: Added loop label VITIS_LOOP_131_14:   [xilinx-label-all-loops]
        for (int r = 0; r < 16; ++r) {
        ^~~
        VITIS_LOOP_131_14: 
/home/cym/prj2/finn/notebooks/icl_thesis-master/experiments/imgds_linear_sparse/final_paper_experiments/experiment1_qks_v2_physical_prune/hls_projects/q16_qksv2_d16/q16_qksv2_d16_csynth/solution1/.autopilot/db/q16_qksv2_d16.pp.0.cpp:12863:9: note: FIX-IT applied suggested code changes
/home/cym/prj2/finn/notebooks/icl_thesis-master/experiments/imgds_linear_sparse/final_paper_experiments/experiment1_qks_v2_physical_prune/hls_projects/q16_qksv2_d16/q16_qksv2_d16_csynth/solution1/.autopilot/db/q16_qksv2_d16.pp.0.cpp:12871:9: warning: Added loop label VITIS_LOOP_139_15:   [xilinx-label-all-loops]
        for (int d2 = 0; d2 < 16; ++d2) {
        ^~~
        VITIS_LOOP_139_15: 
/home/cym/prj2/finn/notebooks/icl_thesis-master/experiments/imgds_linear_sparse/final_paper_experiments/experiment1_qks_v2_physical_prune/hls_projects/q16_qksv2_d16/q16_qksv2_d16_csynth/solution1/.autopilot/db/q16_qksv2_d16.pp.0.cpp:12871:9: note: FIX-IT applied suggested code changes
/home/cym/prj2/finn/notebooks/icl_thesis-master/experiments/imgds_linear_sparse/final_paper_experiments/experiment1_qks_v2_physical_prune/hls_projects/q16_qksv2_d16/q16_qksv2_d16_csynth/solution1/.autopilot/db/q16_qksv2_d16.pp.0.cpp:12873:13: warning: Added loop label VITIS_LOOP_141_16:   [xilinx-label-all-loops]
            for (int r = 0; r < 16; ++r) {
            ^~~
            VITIS_LOOP_141_16: 
/home/cym/prj2/finn/notebooks/icl_thesis-master/experiments/imgds_linear_sparse/final_paper_experiments/experiment1_qks_v2_physical_prune/hls_projects/q16_qksv2_d16/q16_qksv2_d16_csynth/solution1/.autopilot/db/q16_qksv2_d16.pp.0.cpp:12873:13: note: FIX-IT applied suggested code changes
/home/cym/prj2/finn/notebooks/icl_thesis-master/experiments/imgds_linear_sparse/final_paper_experiments/experiment1_qks_v2_physical_prune/hls_projects/q16_qksv2_d16/q16_qksv2_d16_csynth/solution1/.autopilot/db/q16_qksv2_d16.pp.0.cpp:12881:9: warning: Added loop label VITIS_LOOP_149_17:   [xilinx-label-all-loops]
        for (int d = 0; d < 16; ++d) {
        ^~~
        VITIS_LOOP_149_17: 
/home/cym/prj2/finn/notebooks/icl_thesis-master/experiments/imgds_linear_sparse/final_paper_experiments/experiment1_qks_v2_physical_prune/hls_projects/q16_qksv2_d16/q16_qksv2_d16_csynth/solution1/.autopilot/db/q16_qksv2_d16.pp.0.cpp:12881:9: note: FIX-IT applied suggested code changes
/home/cym/prj2/finn/notebooks/icl_thesis-master/experiments/imgds_linear_sparse/final_paper_experiments/experiment1_qks_v2_physical_prune/hls_projects/q16_qksv2_d16/q16_qksv2_d16_csynth/solution1/.autopilot/db/q16_qksv2_d16.pp.0.cpp:12883:13: warning: Added loop label VITIS_LOOP_151_18:   [xilinx-label-all-loops]
            for (int i = 0; i < 16; ++i) {
            ^~~
            VITIS_LOOP_151_18: 
/home/cym/prj2/finn/notebooks/icl_thesis-master/experiments/imgds_linear_sparse/final_paper_experiments/experiment1_qks_v2_physical_prune/hls_projects/q16_qksv2_d16/q16_qksv2_d16_csynth/solution1/.autopilot/db/q16_qksv2_d16.pp.0.cpp:12883:13: note: FIX-IT applied suggested code changes
/home/cym/prj2/finn/notebooks/icl_thesis-master/experiments/imgds_linear_sparse/final_paper_experiments/experiment1_qks_v2_physical_prune/hls_projects/q16_qksv2_d16/q16_qksv2_d16_csynth/solution1/.autopilot/db/q16_qksv2_d16.pp.0.cpp:12904:2: warning: Added loop label VITIS_LOOP_172_1:   [xilinx-label-all-loops]
 for (int t = 0; t < 16; ++t) {
 ^~~
 VITIS_LOOP_172_1: 
/home/cym/prj2/finn/notebooks/icl_thesis-master/experiments/imgds_linear_sparse/final_paper_experiments/experiment1_qks_v2_physical_prune/hls_projects/q16_qksv2_d16/q16_qksv2_d16_csynth/solution1/.autopilot/db/q16_qksv2_d16.pp.0.cpp:12904:2: note: FIX-IT applied suggested code changes
/home/cym/prj2/finn/notebooks/icl_thesis-master/experiments/imgds_linear_sparse/final_paper_experiments/experiment1_qks_v2_physical_prune/hls_projects/q16_qksv2_d16/q16_qksv2_d16_csynth/solution1/.autopilot/db/q16_qksv2_d16.pp.0.cpp:12906:9: warning: Added loop label VITIS_LOOP_174_2:   [xilinx-label-all-loops]
        for (int d = 0; d < 32; ++d) {
        ^~~
        VITIS_LOOP_174_2: 
/home/cym/prj2/finn/notebooks/icl_thesis-master/experiments/imgds_linear_sparse/final_paper_experiments/experiment1_qks_v2_physical_prune/hls_projects/q16_qksv2_d16/q16_qksv2_d16_csynth/solution1/.autopilot/db/q16_qksv2_d16.pp.0.cpp:12906:9: note: FIX-IT applied suggested code changes
/home/cym/prj2/finn/notebooks/icl_thesis-master/experiments/imgds_linear_sparse/final_paper_experiments/experiment1_qks_v2_physical_prune/hls_projects/q16_qksv2_d16/q16_qksv2_d16_csynth/solution1/.autopilot/db/q16_qksv2_d16.pp.0.cpp:12908:13: warning: Added loop label VITIS_LOOP_176_3:   [xilinx-label-all-loops]
            for (int i = 0; i < 16; ++i) {
            ^~~
            VITIS_LOOP_176_3: 
/home/cym/prj2/finn/notebooks/icl_thesis-master/experiments/imgds_linear_sparse/final_paper_experiments/experiment1_qks_v2_physical_prune/hls_projects/q16_qksv2_d16/q16_qksv2_d16_csynth/solution1/.autopilot/db/q16_qksv2_d16.pp.0.cpp:12908:13: note: FIX-IT applied suggested code changes
/home/cym/prj2/finn/notebooks/icl_thesis-master/experiments/imgds_linear_sparse/final_paper_experiments/experiment1_qks_v2_physical_prune/hls_projects/q16_qksv2_d16/q16_qksv2_d16_csynth/solution1/.autopilot/db/q16_qksv2_d16.pp.0.cpp:12917:9: warning: Added loop label VITIS_LOOP_185_4:   [xilinx-label-all-loops]
        for (int d = 0; d < 16; ++d) {
        ^~~
        VITIS_LOOP_185_4: 
/home/cym/prj2/finn/notebooks/icl_thesis-master/experiments/imgds_linear_sparse/final_paper_experiments/experiment1_qks_v2_physical_prune/hls_projects/q16_qksv2_d16/q16_qksv2_d16_csynth/solution1/.autopilot/db/q16_qksv2_d16.pp.0.cpp:12917:9: note: FIX-IT applied suggested code changes
/home/cym/prj2/finn/notebooks/icl_thesis-master/experiments/imgds_linear_sparse/final_paper_experiments/experiment1_qks_v2_physical_prune/hls_projects/q16_qksv2_d16/q16_qksv2_d16_csynth/solution1/.autopilot/db/q16_qksv2_d16.pp.0.cpp:12919:13: warning: Added loop label VITIS_LOOP_187_5:   [xilinx-label-all-loops]
            for (int i = 0; i < 32; ++i) {
            ^~~
            VITIS_LOOP_187_5: 
/home/cym/prj2/finn/notebooks/icl_thesis-master/experiments/imgds_linear_sparse/final_paper_experiments/experiment1_qks_v2_physical_prune/hls_projects/q16_qksv2_d16/q16_qksv2_d16_csynth/solution1/.autopilot/db/q16_qksv2_d16.pp.0.cpp:12919:13: note: FIX-IT applied suggested code changes
/home/cym/prj2/finn/notebooks/icl_thesis-master/experiments/imgds_linear_sparse/final_paper_experiments/experiment1_qks_v2_physical_prune/hls_projects/q16_qksv2_d16/q16_qksv2_d16_csynth/solution1/.autopilot/db/q16_qksv2_d16.pp.0.cpp:12926:9: warning: Added loop label VITIS_LOOP_194_6:   [xilinx-label-all-loops]
        for (int d = 0; d < 16; ++d)
        ^~~
        VITIS_LOOP_194_6: 
/home/cym/prj2/finn/notebooks/icl_thesis-master/experiments/imgds_linear_sparse/final_paper_experiments/experiment1_qks_v2_physical_prune/hls_projects/q16_qksv2_d16/q16_qksv2_d16_csynth/solution1/.autopilot/db/q16_qksv2_d16.pp.0.cpp:12926:9: note: FIX-IT applied suggested code changes
/home/cym/prj2/finn/notebooks/icl_thesis-master/experiments/imgds_linear_sparse/final_paper_experiments/experiment1_qks_v2_physical_prune/hls_projects/q16_qksv2_d16/q16_qksv2_d16_csynth/solution1/.autopilot/db/q16_qksv2_d16.pp.0.cpp:12950:5: warning: Added loop label VITIS_LOOP_214_1:   [xilinx-label-all-loops]
    for (int t = 0; t < 16; ++t) {
    ^~~
    VITIS_LOOP_214_1: 
/home/cym/prj2/finn/notebooks/icl_thesis-master/experiments/imgds_linear_sparse/final_paper_experiments/experiment1_qks_v2_physical_prune/hls_projects/q16_qksv2_d16/q16_qksv2_d16_csynth/solution1/.autopilot/db/q16_qksv2_d16.pp.0.cpp:12950:5: note: FIX-IT applied suggested code changes
/home/cym/prj2/finn/notebooks/icl_thesis-master/experiments/imgds_linear_sparse/final_paper_experiments/experiment1_qks_v2_physical_prune/hls_projects/q16_qksv2_d16/q16_qksv2_d16_csynth/solution1/.autopilot/db/q16_qksv2_d16.pp.0.cpp:12951:9: warning: Added loop label VITIS_LOOP_215_2:   [xilinx-label-all-loops]
        for (int d = 0; d < 16; ++d) {
        ^~~
        VITIS_LOOP_215_2: 
/home/cym/prj2/finn/notebooks/icl_thesis-master/experiments/imgds_linear_sparse/final_paper_experiments/experiment1_qks_v2_physical_prune/hls_projects/q16_qksv2_d16/q16_qksv2_d16_csynth/solution1/.autopilot/db/q16_qksv2_d16.pp.0.cpp:12951:9: note: FIX-IT applied suggested code changes
/home/cym/prj2/finn/notebooks/icl_thesis-master/experiments/imgds_linear_sparse/final_paper_experiments/experiment1_qks_v2_physical_prune/hls_projects/q16_qksv2_d16/q16_qksv2_d16_csynth/solution1/.autopilot/db/q16_qksv2_d16.pp.0.cpp:12953:13: warning: Added loop label VITIS_LOOP_217_3:   [xilinx-label-all-loops]
            for (int i = 0; i < 64; ++i) {
            ^~~
            VITIS_LOOP_217_3: 
/home/cym/prj2/finn/notebooks/icl_thesis-master/experiments/imgds_linear_sparse/final_paper_experiments/experiment1_qks_v2_physical_prune/hls_projects/q16_qksv2_d16/q16_qksv2_d16_csynth/solution1/.autopilot/db/q16_qksv2_d16.pp.0.cpp:12953:13: note: FIX-IT applied suggested code changes
/home/cym/prj2/finn/notebooks/icl_thesis-master/experiments/imgds_linear_sparse/final_paper_experiments/experiment1_qks_v2_physical_prune/hls_projects/q16_qksv2_d16/q16_qksv2_d16_csynth/solution1/.autopilot/db/q16_qksv2_d16.pp.0.cpp:12974:5: warning: Added loop label VITIS_LOOP_238_4:   [xilinx-label-all-loops]
    for (int t = 0; t < 16; ++t)
    ^~~
    VITIS_LOOP_238_4: 
/home/cym/prj2/finn/notebooks/icl_thesis-master/experiments/imgds_linear_sparse/final_paper_experiments/experiment1_qks_v2_physical_prune/hls_projects/q16_qksv2_d16/q16_qksv2_d16_csynth/solution1/.autopilot/db/q16_qksv2_d16.pp.0.cpp:12974:5: note: FIX-IT applied suggested code changes
/home/cym/prj2/finn/notebooks/icl_thesis-master/experiments/imgds_linear_sparse/final_paper_experiments/experiment1_qks_v2_physical_prune/hls_projects/q16_qksv2_d16/q16_qksv2_d16_csynth/solution1/.autopilot/db/q16_qksv2_d16.pp.0.cpp:12987:5: warning: Added loop label VITIS_LOOP_251_5:   [xilinx-label-all-loops]
    for (int t = 0; t < 16; ++t)
    ^~~
    VITIS_LOOP_251_5: 
/home/cym/prj2/finn/notebooks/icl_thesis-master/experiments/imgds_linear_sparse/final_paper_experiments/experiment1_qks_v2_physical_prune/hls_projects/q16_qksv2_d16/q16_qksv2_d16_csynth/solution1/.autopilot/db/q16_qksv2_d16.pp.0.cpp:12987:5: note: FIX-IT applied suggested code changes
/home/cym/prj2/finn/notebooks/icl_thesis-master/experiments/imgds_linear_sparse/final_paper_experiments/experiment1_qks_v2_physical_prune/hls_projects/q16_qksv2_d16/q16_qksv2_d16_csynth/solution1/.autopilot/db/q16_qksv2_d16.pp.0.cpp:12992:5: warning: Added loop label VITIS_LOOP_256_6:   [xilinx-label-all-loops]
    for (int d = 0; d < 16; ++d) {
    ^~~
    VITIS_LOOP_256_6: 
/home/cym/prj2/finn/notebooks/icl_thesis-master/experiments/imgds_linear_sparse/final_paper_experiments/experiment1_qks_v2_physical_prune/hls_projects/q16_qksv2_d16/q16_qksv2_d16_csynth/solution1/.autopilot/db/q16_qksv2_d16.pp.0.cpp:12992:5: note: FIX-IT applied suggested code changes
/home/cym/prj2/finn/notebooks/icl_thesis-master/experiments/imgds_linear_sparse/final_paper_experiments/experiment1_qks_v2_physical_prune/hls_projects/q16_qksv2_d16/q16_qksv2_d16_csynth/solution1/.autopilot/db/q16_qksv2_d16.pp.0.cpp:12994:9: warning: Added loop label VITIS_LOOP_258_7:   [xilinx-label-all-loops]
        for (int t = 0; t < 16; ++t) {
        ^~~
        VITIS_LOOP_258_7: 
/home/cym/prj2/finn/notebooks/icl_thesis-master/experiments/imgds_linear_sparse/final_paper_experiments/experiment1_qks_v2_physical_prune/hls_projects/q16_qksv2_d16/q16_qksv2_d16_csynth/solution1/.autopilot/db/q16_qksv2_d16.pp.0.cpp:12994:9: note: FIX-IT applied suggested code changes
/home/cym/prj2/finn/notebooks/icl_thesis-master/experiments/imgds_linear_sparse/final_paper_experiments/experiment1_qks_v2_physical_prune/hls_projects/q16_qksv2_d16/q16_qksv2_d16_csynth/solution1/.autopilot/db/q16_qksv2_d16.pp.0.cpp:13003:5: warning: Added loop label VITIS_LOOP_267_8:   [xilinx-label-all-loops]
    for (int c = 0; c < 2; ++c) {
    ^~~
    VITIS_LOOP_267_8: 
/home/cym/prj2/finn/notebooks/icl_thesis-master/experiments/imgds_linear_sparse/final_paper_experiments/experiment1_qks_v2_physical_prune/hls_projects/q16_qksv2_d16/q16_qksv2_d16_csynth/solution1/.autopilot/db/q16_qksv2_d16.pp.0.cpp:13003:5: note: FIX-IT applied suggested code changes
/home/cym/prj2/finn/notebooks/icl_thesis-master/experiments/imgds_linear_sparse/final_paper_experiments/experiment1_qks_v2_physical_prune/hls_projects/q16_qksv2_d16/q16_qksv2_d16_csynth/solution1/.autopilot/db/q16_qksv2_d16.pp.0.cpp:13006:9: warning: Added loop label VITIS_LOOP_270_9:   [xilinx-label-all-loops]
        for (int d = 0; d < 16; ++d) {
        ^~~
        VITIS_LOOP_270_9: 
/home/cym/prj2/finn/notebooks/icl_thesis-master/experiments/imgds_linear_sparse/final_paper_experiments/experiment1_qks_v2_physical_prune/hls_projects/q16_qksv2_d16/q16_qksv2_d16_csynth/solution1/.autopilot/db/q16_qksv2_d16.pp.0.cpp:13006:9: note: FIX-IT applied suggested code changes
