#-----------------------------------------------------------
# Vivado v2022.2 (64-bit)
# SW Build 3671981 on Fri Oct 14 04:59:54 MDT 2022
# IP Build 3669848 on Fri Oct 14 08:30:02 MDT 2022
# Start of session at: Wed Jul  1 21:19:20 2026
# Process ID: 1161734
# Current directory: /home/cym/prj2/finn/notebooks/icl_thesis-master/experiments/imgds_linear_sparse/stage4_structural_small_models/hls/small_A_q16_d12_ff24/hls/imgds_linear_small_a_axi/solution1/impl/ip
# Command line: vivado -notrace -mode batch -source run_ippack.tcl
# Log file: /home/cym/prj2/finn/notebooks/icl_thesis-master/experiments/imgds_linear_sparse/stage4_structural_small_models/hls/small_A_q16_d12_ff24/hls/imgds_linear_small_a_axi/solution1/impl/ip/vivado.log
# Journal file: /home/cym/prj2/finn/notebooks/icl_thesis-master/experiments/imgds_linear_sparse/stage4_structural_small_models/hls/small_A_q16_d12_ff24/hls/imgds_linear_small_a_axi/solution1/impl/ip/vivado.jou
# Running On: cym-HP-OmniBook-7-Laptop-16-az0xxx, OS: Linux, CPU Frequency: 3673.093 MHz, CPU Physical cores: 10, Host memory: 33266 MB
#-----------------------------------------------------------
source run_ippack.tcl -notrace
INFO: [IP_Flow 19-234] Refreshing IP repositories
INFO: [IP_Flow 19-1704] No user IP repositories specified
INFO: [IP_Flow 19-2313] Loaded Vivado IP repository '/tools/Xilinx/Vivado/2022.2/data/ip'.
WARNING: [IP_Flow 19-4832] The IP name 'imgds_linear_small_a_fadd_32ns_32ns_32_5_full_dsp_1_ip' you have specified is long. The Windows operating system has path length limitations. It is recommended you use shorter names to reduce the likelihood of issues.
INFO: [IP_Flow 19-1686] Generating 'Synthesis' target for IP 'imgds_linear_small_a_fadd_32ns_32ns_32_5_full_dsp_1_ip'...
INFO: [IP_Flow 19-1686] Generating 'Simulation' target for IP 'imgds_linear_small_a_fadd_32ns_32ns_32_5_full_dsp_1_ip'...
WARNING: [IP_Flow 19-4832] The IP name 'imgds_linear_small_a_fdiv_32ns_32ns_32_16_no_dsp_1_ip' you have specified is long. The Windows operating system has path length limitations. It is recommended you use shorter names to reduce the likelihood of issues.
INFO: [IP_Flow 19-1686] Generating 'Synthesis' target for IP 'imgds_linear_small_a_fdiv_32ns_32ns_32_16_no_dsp_1_ip'...
INFO: [IP_Flow 19-1686] Generating 'Simulation' target for IP 'imgds_linear_small_a_fdiv_32ns_32ns_32_16_no_dsp_1_ip'...
WARNING: [IP_Flow 19-4832] The IP name 'imgds_linear_small_a_fexp_32ns_32ns_32_10_full_dsp_1_ip' you have specified is long. The Windows operating system has path length limitations. It is recommended you use shorter names to reduce the likelihood of issues.
INFO: [IP_Flow 19-1686] Generating 'Synthesis' target for IP 'imgds_linear_small_a_fexp_32ns_32ns_32_10_full_dsp_1_ip'...
INFO: [IP_Flow 19-1686] Generating 'Simulation' target for IP 'imgds_linear_small_a_fexp_32ns_32ns_32_10_full_dsp_1_ip'...
WARNING: [IP_Flow 19-4832] The IP name 'imgds_linear_small_a_fpext_32ns_64_2_no_dsp_1_ip' you have specified is long. The Windows operating system has path length limitations. It is recommended you use shorter names to reduce the likelihood of issues.
INFO: [IP_Flow 19-1686] Generating 'Synthesis' target for IP 'imgds_linear_small_a_fpext_32ns_64_2_no_dsp_1_ip'...
INFO: [IP_Flow 19-1686] Generating 'Simulation' target for IP 'imgds_linear_small_a_fpext_32ns_64_2_no_dsp_1_ip'...
WARNING: [IP_Flow 19-4832] The IP name 'imgds_linear_small_a_fsqrt_32ns_32ns_32_16_no_dsp_1_ip' you have specified is long. The Windows operating system has path length limitations. It is recommended you use shorter names to reduce the likelihood of issues.
INFO: [IP_Flow 19-1686] Generating 'Synthesis' target for IP 'imgds_linear_small_a_fsqrt_32ns_32ns_32_16_no_dsp_1_ip'...
INFO: [IP_Flow 19-1686] Generating 'Simulation' target for IP 'imgds_linear_small_a_fsqrt_32ns_32ns_32_16_no_dsp_1_ip'...
INFO: [IP_Flow 19-234] Refreshing IP repositories
INFO: [IP_Flow 19-1704] No user IP repositories specified
INFO: [IP_Flow 19-2313] Loaded Vivado IP repository '/tools/Xilinx/Vivado/2022.2/data/ip'.
INFO: [Common 17-206] Exiting Vivado at Wed Jul  1 21:19:34 2026...
