

================================================================
== Vitis HLS Report for 'unsw_linear_transformer_Pipeline_VITIS_LOOP_47_1'
================================================================
* Date:           Sat Jun 27 12:31:28 2026

* Version:        2022.2 (Build 3670227 on Oct 13 2022)
* Project:        unsw_linear_transformer_prj
* Solution:       solution1 (Vivado IP Flow Target)
* Product family: zynq
* Target device:  xc7z020-clg400-1


================================================================
== Performance Estimates
================================================================
+ Timing: 
    * Summary: 
    +--------+----------+----------+------------+
    |  Clock |  Target  | Estimated| Uncertainty|
    +--------+----------+----------+------------+
    |ap_clk  |  10.00 ns|  7.256 ns|     2.70 ns|
    +--------+----------+----------+------------+

+ Latency: 
    * Summary: 
    +---------+---------+----------+----------+-----+-----+---------+
    |  Latency (cycles) |  Latency (absolute) |  Interval | Pipeline|
    |   min   |   max   |    min   |    max   | min | max |   Type  |
    +---------+---------+----------+----------+-----+-----+---------+
    |       84|       84|  0.840 us|  0.840 us|   84|   84|       no|
    +---------+---------+----------+----------+-----+-----+---------+

    + Detail: 
        * Instance: 
        N/A

        * Loop: 
        +-------------------+---------+---------+----------+-----------+-----------+------+----------+
        |                   |  Latency (cycles) | Iteration|  Initiation Interval  | Trip |          |
        |     Loop Name     |   min   |   max   |  Latency |  achieved |   target  | Count| Pipelined|
        +-------------------+---------+---------+----------+-----------+-----------+------+----------+
        |- VITIS_LOOP_47_1  |       82|       82|         8|          5|          1|    16|       yes|
        +-------------------+---------+---------+----------+-----------+-----------+------+----------+

============================================================
+ Verbose Summary: Synthesis Manager
============================================================
InlineROM: 1
ExposeGlobal: 0
============================================================
+ Verbose Summary: CDFG Model
============================================================
IsTopModel: 0
ResetActiveHigh: 1
IsCombinational: 0
IsDatapathOnly: 0
HasWiredReturn: 1
HasMFsm: 2
HasVarLatency: 1
IsPipeline: 0
IsRtlPipelined: 0
IsInstanceOverlapped: 0
IsDontTouch: 0
HasImplIP: 0
IsGatedGlobalClock: 0

+ Individual pipeline summary: 
  * Pipeline-0: initiation interval (II) = 5, depth = 8


============================================================
+ Verbose Summary: Schedule
============================================================
* Number of FSM states : 8
* Pipeline : 1
  Pipeline-0 : II = 5, D = 8, States = { 1 2 3 4 5 6 7 8 }
* Dataflow Pipeline: 0

* FSM state transitions: 
1 --> 2 
2 --> 3 
3 --> 4 
4 --> 5 
5 --> 6 
6 --> 7 
7 --> 8 
8 --> 

* FSM state operations: 

State 1 <SV = 0> <Delay = 3.36>
ST_1 : Operation 11 [1/1] (0.00ns)   --->   "%mean = alloca i32 1"   --->   Operation 11 'alloca' 'mean' <Predicate = true> <Delay = 0.00>
ST_1 : Operation 12 [1/1] (0.00ns)   --->   "%feature = alloca i32 1"   --->   Operation 12 'alloca' 'feature' <Predicate = true> <Delay = 0.00>
ST_1 : Operation 13 [1/1] (1.58ns)   --->   "%store_ln0 = store i5 0, i5 %feature"   --->   Operation 13 'store' 'store_ln0' <Predicate = true> <Delay = 1.58>
ST_1 : Operation 14 [1/1] (1.58ns)   --->   "%store_ln0 = store i32 0, i32 %mean"   --->   Operation 14 'store' 'store_ln0' <Predicate = true> <Delay = 1.58>
ST_1 : Operation 15 [1/1] (0.00ns)   --->   "%br_ln0 = br void %for.inc.i131"   --->   Operation 15 'br' 'br_ln0' <Predicate = true> <Delay = 0.00>
ST_1 : Operation 16 [1/1] (0.00ns)   --->   "%feature_3 = load i5 %feature" [src/unsw_linear_transformer.cpp:47]   --->   Operation 16 'load' 'feature_3' <Predicate = true> <Delay = 0.00>
ST_1 : Operation 17 [1/1] (0.00ns)   --->   "%specpipeline_ln0 = specpipeline void @_ssdm_op_SpecPipeline, i32 4294967295, i32 0, i32 1, i32 0, void @p_str"   --->   Operation 17 'specpipeline' 'specpipeline_ln0' <Predicate = true> <Delay = 0.00>
ST_1 : Operation 18 [1/1] (1.36ns)   --->   "%icmp_ln47 = icmp_eq  i5 %feature_3, i5 16" [src/unsw_linear_transformer.cpp:47]   --->   Operation 18 'icmp' 'icmp_ln47' <Predicate = true> <Delay = 1.36> <CoreInst = "Cmp">   --->   Core 9 'Cmp' <Latency = 0> <II = 1> <Delay = 1.36> <FuncUnit> <Opcode : 'icmp'> <InPorts = 2> <OutPorts = 1>
ST_1 : Operation 19 [1/1] (0.00ns)   --->   "%empty = speclooptripcount i32 @_ssdm_op_SpecLoopTripCount, i64 16, i64 16, i64 16"   --->   Operation 19 'speclooptripcount' 'empty' <Predicate = true> <Delay = 0.00>
ST_1 : Operation 20 [1/1] (1.78ns)   --->   "%add_ln47 = add i5 %feature_3, i5 1" [src/unsw_linear_transformer.cpp:47]   --->   Operation 20 'add' 'add_ln47' <Predicate = true> <Delay = 1.78> <CoreInst = "Adder">   --->   Core 1 'Adder' <Latency = 0> <II = 1> <Delay = 1.78> <FuncUnit> <Opcode : 'add' 'sub'> <InPorts = 2> <OutPorts = 1>
ST_1 : Operation 21 [1/1] (0.00ns)   --->   "%br_ln47 = br i1 %icmp_ln47, void %for.inc.i131.split, void %for.end.i.exitStub" [src/unsw_linear_transformer.cpp:47]   --->   Operation 21 'br' 'br_ln47' <Predicate = true> <Delay = 0.00>
ST_1 : Operation 22 [1/1] (0.00ns)   --->   "%feature_3_cast = zext i5 %feature_3" [src/unsw_linear_transformer.cpp:47]   --->   Operation 22 'zext' 'feature_3_cast' <Predicate = (!icmp_ln47)> <Delay = 0.00>
ST_1 : Operation 23 [1/1] (0.00ns)   --->   "%pooled_addr = getelementptr i32 %pooled, i64 0, i64 %feature_3_cast" [src/unsw_linear_transformer.cpp:48]   --->   Operation 23 'getelementptr' 'pooled_addr' <Predicate = (!icmp_ln47)> <Delay = 0.00>
ST_1 : Operation 24 [2/2] (2.32ns)   --->   "%pooled_load = load i4 %pooled_addr" [src/unsw_linear_transformer.cpp:48]   --->   Operation 24 'load' 'pooled_load' <Predicate = (!icmp_ln47)> <Delay = 2.32> <CoreInst = "RAM">   --->   Core 82 'RAM' <Latency = 1> <II = 1> <Delay = 2.32> <Storage> <Opcode : 'load' 'store'> <Ports = 2> <Width = 32> <Depth = 16> <RAM>
ST_1 : Operation 25 [1/1] (1.58ns)   --->   "%store_ln47 = store i5 %add_ln47, i5 %feature" [src/unsw_linear_transformer.cpp:47]   --->   Operation 25 'store' 'store_ln47' <Predicate = (!icmp_ln47)> <Delay = 1.58>

State 2 <SV = 1> <Delay = 2.32>
ST_2 : Operation 26 [1/2] (2.32ns)   --->   "%pooled_load = load i4 %pooled_addr" [src/unsw_linear_transformer.cpp:48]   --->   Operation 26 'load' 'pooled_load' <Predicate = (!icmp_ln47)> <Delay = 2.32> <CoreInst = "RAM">   --->   Core 82 'RAM' <Latency = 1> <II = 1> <Delay = 2.32> <Storage> <Opcode : 'load' 'store'> <Ports = 2> <Width = 32> <Depth = 16> <RAM>

State 3 <SV = 2> <Delay = 7.25>
ST_3 : Operation 27 [1/1] (0.00ns)   --->   "%mean_load_1 = load i32 %mean" [src/unsw_linear_transformer.cpp:48]   --->   Operation 27 'load' 'mean_load_1' <Predicate = (!icmp_ln47)> <Delay = 0.00>
ST_3 : Operation 28 [5/5] (7.25ns)   --->   "%mean_1 = fadd i32 %mean_load_1, i32 %pooled_load" [src/unsw_linear_transformer.cpp:48]   --->   Operation 28 'fadd' 'mean_1' <Predicate = (!icmp_ln47)> <Delay = 7.25> <CoreInst = "FAddSub_fulldsp">   --->   Core 18 'FAddSub_fulldsp' <Latency = 4> <II = 1> <Delay = 7.25> <FuncUnit> <Opcode : 'fadd' 'fsub'> <InPorts = 2> <OutPorts = 1>
ST_3 : Operation 36 [1/1] (0.00ns)   --->   "%mean_load = load i32 %mean"   --->   Operation 36 'load' 'mean_load' <Predicate = (icmp_ln47)> <Delay = 0.00>
ST_3 : Operation 37 [1/1] (0.00ns)   --->   "%write_ln0 = write void @_ssdm_op_Write.ap_auto.floatP0A, i32 %mean_4_out, i32 %mean_load"   --->   Operation 37 'write' 'write_ln0' <Predicate = (icmp_ln47)> <Delay = 0.00>
ST_3 : Operation 38 [1/1] (0.00ns)   --->   "%ret_ln0 = ret"   --->   Operation 38 'ret' 'ret_ln0' <Predicate = (icmp_ln47)> <Delay = 0.00>

State 4 <SV = 3> <Delay = 7.25>
ST_4 : Operation 29 [4/5] (7.25ns)   --->   "%mean_1 = fadd i32 %mean_load_1, i32 %pooled_load" [src/unsw_linear_transformer.cpp:48]   --->   Operation 29 'fadd' 'mean_1' <Predicate = (!icmp_ln47)> <Delay = 7.25> <CoreInst = "FAddSub_fulldsp">   --->   Core 18 'FAddSub_fulldsp' <Latency = 4> <II = 1> <Delay = 7.25> <FuncUnit> <Opcode : 'fadd' 'fsub'> <InPorts = 2> <OutPorts = 1>

State 5 <SV = 4> <Delay = 7.25>
ST_5 : Operation 30 [3/5] (7.25ns)   --->   "%mean_1 = fadd i32 %mean_load_1, i32 %pooled_load" [src/unsw_linear_transformer.cpp:48]   --->   Operation 30 'fadd' 'mean_1' <Predicate = (!icmp_ln47)> <Delay = 7.25> <CoreInst = "FAddSub_fulldsp">   --->   Core 18 'FAddSub_fulldsp' <Latency = 4> <II = 1> <Delay = 7.25> <FuncUnit> <Opcode : 'fadd' 'fsub'> <InPorts = 2> <OutPorts = 1>

State 6 <SV = 5> <Delay = 7.25>
ST_6 : Operation 31 [2/5] (7.25ns)   --->   "%mean_1 = fadd i32 %mean_load_1, i32 %pooled_load" [src/unsw_linear_transformer.cpp:48]   --->   Operation 31 'fadd' 'mean_1' <Predicate = true> <Delay = 7.25> <CoreInst = "FAddSub_fulldsp">   --->   Core 18 'FAddSub_fulldsp' <Latency = 4> <II = 1> <Delay = 7.25> <FuncUnit> <Opcode : 'fadd' 'fsub'> <InPorts = 2> <OutPorts = 1>

State 7 <SV = 6> <Delay = 7.25>
ST_7 : Operation 32 [1/5] (7.25ns)   --->   "%mean_1 = fadd i32 %mean_load_1, i32 %pooled_load" [src/unsw_linear_transformer.cpp:48]   --->   Operation 32 'fadd' 'mean_1' <Predicate = true> <Delay = 7.25> <CoreInst = "FAddSub_fulldsp">   --->   Core 18 'FAddSub_fulldsp' <Latency = 4> <II = 1> <Delay = 7.25> <FuncUnit> <Opcode : 'fadd' 'fsub'> <InPorts = 2> <OutPorts = 1>

State 8 <SV = 7> <Delay = 1.58>
ST_8 : Operation 33 [1/1] (0.00ns)   --->   "%specloopname_ln46 = specloopname void @_ssdm_op_SpecLoopName, void @empty_5" [src/unsw_linear_transformer.cpp:46]   --->   Operation 33 'specloopname' 'specloopname_ln46' <Predicate = true> <Delay = 0.00>
ST_8 : Operation 34 [1/1] (1.58ns)   --->   "%store_ln47 = store i32 %mean_1, i32 %mean" [src/unsw_linear_transformer.cpp:47]   --->   Operation 34 'store' 'store_ln47' <Predicate = true> <Delay = 1.58>
ST_8 : Operation 35 [1/1] (0.00ns)   --->   "%br_ln47 = br void %for.inc.i131" [src/unsw_linear_transformer.cpp:47]   --->   Operation 35 'br' 'br_ln47' <Predicate = true> <Delay = 0.00>


============================================================
+ Verbose Summary: Binding
============================================================
STG Binding: 
---------------- STG Properties BEGIN ----------------
- Is combinational: 0
- Is one-state seq: 0
- Is datapath-only: 0
- Is pipelined: 0
- Is top level: 0
Port [ Return ] is wired: 1; IO mode=ap_ctrl_hs:ce=0
Port [ pooled]:  wired=1; compound=1; hidden=0; nouse=0; global=0; static=0; extern=0; dir=0; type=1; pingpong=0; private_global=0; MemPort=[13]; IO mode=ap_memory:ce=0
Port [ mean_4_out]:  wired=1; compound=0; hidden=0; nouse=0; global=0; static=0; extern=0; dir=1; type=0; pingpong=0; private_global=0; IO mode=ap_vld:ce=0
---------------- STG Properties END ------------------

---------------- Datapath Model BEGIN ----------------

<LifeTime>
<method=bitvector/>
mean              (alloca           ) [ 011111111]
feature           (alloca           ) [ 010000000]
store_ln0         (store            ) [ 000000000]
store_ln0         (store            ) [ 000000000]
br_ln0            (br               ) [ 000000000]
feature_3         (load             ) [ 000000000]
specpipeline_ln0  (specpipeline     ) [ 000000000]
icmp_ln47         (icmp             ) [ 011111000]
empty             (speclooptripcount) [ 000000000]
add_ln47          (add              ) [ 000000000]
br_ln47           (br               ) [ 000000000]
feature_3_cast    (zext             ) [ 000000000]
pooled_addr       (getelementptr    ) [ 001000000]
store_ln47        (store            ) [ 000000000]
pooled_load       (load             ) [ 011111110]
mean_load_1       (load             ) [ 011011110]
mean_1            (fadd             ) [ 000100001]
specloopname_ln46 (specloopname     ) [ 000000000]
store_ln47        (store            ) [ 000000000]
br_ln47           (br               ) [ 000000000]
mean_load         (load             ) [ 000000000]
write_ln0         (write            ) [ 000000000]
ret_ln0           (ret              ) [ 000000000]
</LifeTime>

<model>

<comp_list>
<comp id="0" class="1000" name="pooled">
<pin_list>
<pin id="1" dir="1" index="0" bw="1" slack="0"/>
</pin_list>
<bind>
<StgValue><ssdm name="pooled"/><MemPortTyVec>1 3 </MemPortTyVec>
</StgValue>
</bind>
</comp>

<comp id="2" class="1000" name="mean_4_out">
<pin_list>
<pin id="3" dir="1" index="0" bw="1" slack="0"/>
</pin_list>
<bind>
<StgValue><ssdm name="mean_4_out"/></StgValue>
</bind>
</comp>

<comp id="4" class="1001" name="const_4">
<pin_list>
<pin id="5" dir="1" index="0" bw="1" slack="0"/>
</pin_list>
<bind>
<StgValue><ssdm name=""/></StgValue>
</bind>
</comp>

<comp id="6" class="1001" name="const_6">
<pin_list>
<pin id="7" dir="1" index="0" bw="1" slack="0"/>
</pin_list>
<bind>
<StgValue><ssdm name=""/></StgValue>
</bind>
</comp>

<comp id="8" class="1001" name="const_8">
<pin_list>
<pin id="9" dir="1" index="0" bw="1" slack="0"/>
</pin_list>
<bind>
<StgValue><ssdm name=""/></StgValue>
</bind>
</comp>

<comp id="10" class="1001" name="const_10">
<pin_list>
<pin id="11" dir="1" index="0" bw="1" slack="2147483647"/>
</pin_list>
<bind>
<StgValue><ssdm name="_ssdm_op_SpecPipeline"/></StgValue>
</bind>
</comp>

<comp id="12" class="1001" name="const_12">
<pin_list>
<pin id="13" dir="1" index="0" bw="1" slack="2147483647"/>
</pin_list>
<bind>
<StgValue><ssdm name=""/></StgValue>
</bind>
</comp>

<comp id="14" class="1001" name="const_14">
<pin_list>
<pin id="15" dir="1" index="0" bw="1" slack="2147483647"/>
</pin_list>
<bind>
<StgValue><ssdm name=""/></StgValue>
</bind>
</comp>

<comp id="16" class="1001" name="const_16">
<pin_list>
<pin id="17" dir="1" index="0" bw="1" slack="2147483647"/>
</pin_list>
<bind>
<StgValue><ssdm name="p_str"/></StgValue>
</bind>
</comp>

<comp id="18" class="1001" name="const_18">
<pin_list>
<pin id="19" dir="1" index="0" bw="1" slack="0"/>
</pin_list>
<bind>
<StgValue><ssdm name=""/></StgValue>
</bind>
</comp>

<comp id="20" class="1001" name="const_20">
<pin_list>
<pin id="21" dir="1" index="0" bw="1" slack="2147483647"/>
</pin_list>
<bind>
<StgValue><ssdm name="_ssdm_op_SpecLoopTripCount"/></StgValue>
</bind>
</comp>

<comp id="22" class="1001" name="const_22">
<pin_list>
<pin id="23" dir="1" index="0" bw="1" slack="2147483647"/>
</pin_list>
<bind>
<StgValue><ssdm name=""/></StgValue>
</bind>
</comp>

<comp id="24" class="1001" name="const_24">
<pin_list>
<pin id="25" dir="1" index="0" bw="1" slack="0"/>
</pin_list>
<bind>
<StgValue><ssdm name=""/></StgValue>
</bind>
</comp>

<comp id="26" class="1001" name="const_26">
<pin_list>
<pin id="27" dir="1" index="0" bw="1" slack="0"/>
</pin_list>
<bind>
<StgValue><ssdm name=""/></StgValue>
</bind>
</comp>

<comp id="28" class="1001" name="const_28">
<pin_list>
<pin id="29" dir="1" index="0" bw="1" slack="2147483647"/>
</pin_list>
<bind>
<StgValue><ssdm name="_ssdm_op_SpecLoopName"/></StgValue>
</bind>
</comp>

<comp id="30" class="1001" name="const_30">
<pin_list>
<pin id="31" dir="1" index="0" bw="1" slack="2147483647"/>
</pin_list>
<bind>
<StgValue><ssdm name="empty_5"/></StgValue>
</bind>
</comp>

<comp id="32" class="1001" name="const_32">
<pin_list>
<pin id="33" dir="1" index="0" bw="1" slack="0"/>
</pin_list>
<bind>
<StgValue><ssdm name="_ssdm_op_Write.ap_auto.floatP0A"/></StgValue>
</bind>
</comp>

<comp id="34" class="1004" name="mean_fu_34">
<pin_list>
<pin id="35" dir="0" index="0" bw="1" slack="0"/>
<pin id="36" dir="1" index="1" bw="32" slack="0"/>
</pin_list>
<bind>
<opcode="alloca(26) " fcode="alloca"/>
<opset="mean/1 "/>
</bind>
</comp>

<comp id="38" class="1004" name="feature_fu_38">
<pin_list>
<pin id="39" dir="0" index="0" bw="1" slack="0"/>
<pin id="40" dir="1" index="1" bw="5" slack="0"/>
</pin_list>
<bind>
<opcode="alloca(26) " fcode="alloca"/>
<opset="feature/1 "/>
</bind>
</comp>

<comp id="42" class="1004" name="write_ln0_write_fu_42">
<pin_list>
<pin id="43" dir="0" index="0" bw="0" slack="0"/>
<pin id="44" dir="0" index="1" bw="32" slack="0"/>
<pin id="45" dir="0" index="2" bw="32" slack="0"/>
<pin id="46" dir="1" index="3" bw="0" slack="2147483647"/>
</pin_list>
<bind>
<opcode="write(1151) " fcode="write"/>
<opset="write_ln0/3 "/>
</bind>
</comp>

<comp id="49" class="1004" name="pooled_addr_gep_fu_49">
<pin_list>
<pin id="50" dir="0" index="0" bw="32" slack="0"/>
<pin id="51" dir="0" index="1" bw="1" slack="0"/>
<pin id="52" dir="0" index="2" bw="5" slack="0"/>
<pin id="53" dir="1" index="3" bw="4" slack="0"/>
</pin_list>
<bind>
<opcode="getelementptr(29) " fcode="getelementptr"/>
<opset="pooled_addr/1 "/>
</bind>
</comp>

<comp id="56" class="1004" name="grp_access_fu_56">
<pin_list>
<pin id="57" dir="0" index="0" bw="4" slack="0"/>
<pin id="58" dir="0" index="1" bw="32" slack="2147483647"/>
<pin id="59" dir="0" index="2" bw="0" slack="2147483647"/>
<pin id="60" dir="1" index="3" bw="32" slack="1"/>
</pin_list>
<bind>
<opcode="load(27) " fcode="load"/>
<opset="pooled_load/1 "/>
</bind>
</comp>

<comp id="62" class="1004" name="grp_fu_62">
<pin_list>
<pin id="63" dir="0" index="0" bw="32" slack="0"/>
<pin id="64" dir="0" index="1" bw="32" slack="1"/>
<pin id="65" dir="1" index="2" bw="32" slack="1"/>
</pin_list>
<bind>
<opcode="fadd(9) " fcode="fadd"/>
<opset="mean_1/3 "/>
</bind>
</comp>

<comp id="66" class="1004" name="store_ln0_store_fu_66">
<pin_list>
<pin id="67" dir="0" index="0" bw="1" slack="0"/>
<pin id="68" dir="0" index="1" bw="5" slack="0"/>
<pin id="69" dir="1" index="2" bw="0" slack="2147483647"/>
</pin_list>
<bind>
<opcode="store(28) " fcode="store"/>
<opset="store_ln0/1 "/>
</bind>
</comp>

<comp id="71" class="1004" name="store_ln0_store_fu_71">
<pin_list>
<pin id="72" dir="0" index="0" bw="32" slack="0"/>
<pin id="73" dir="0" index="1" bw="32" slack="0"/>
<pin id="74" dir="1" index="2" bw="0" slack="2147483647"/>
</pin_list>
<bind>
<opcode="store(28) " fcode="store"/>
<opset="store_ln0/1 "/>
</bind>
</comp>

<comp id="76" class="1004" name="feature_3_load_fu_76">
<pin_list>
<pin id="77" dir="0" index="0" bw="5" slack="0"/>
<pin id="78" dir="1" index="1" bw="5" slack="0"/>
</pin_list>
<bind>
<opcode="load(27) " fcode="load"/>
<opset="feature_3/1 "/>
</bind>
</comp>

<comp id="79" class="1004" name="icmp_ln47_fu_79">
<pin_list>
<pin id="80" dir="0" index="0" bw="5" slack="0"/>
<pin id="81" dir="0" index="1" bw="5" slack="0"/>
<pin id="82" dir="1" index="2" bw="1" slack="1"/>
</pin_list>
<bind>
<opcode="icmp(45) " fcode="icmp"/>
<opset="icmp_ln47/1 "/>
</bind>
</comp>

<comp id="85" class="1004" name="add_ln47_fu_85">
<pin_list>
<pin id="86" dir="0" index="0" bw="5" slack="0"/>
<pin id="87" dir="0" index="1" bw="1" slack="0"/>
<pin id="88" dir="1" index="2" bw="5" slack="0"/>
</pin_list>
<bind>
<opcode="add(8) " fcode="add"/>
<opset="add_ln47/1 "/>
</bind>
</comp>

<comp id="91" class="1004" name="feature_3_cast_fu_91">
<pin_list>
<pin id="92" dir="0" index="0" bw="5" slack="0"/>
<pin id="93" dir="1" index="1" bw="64" slack="0"/>
</pin_list>
<bind>
<opcode="zext(34) " fcode="zext"/>
<opset="feature_3_cast/1 "/>
</bind>
</comp>

<comp id="96" class="1004" name="store_ln47_store_fu_96">
<pin_list>
<pin id="97" dir="0" index="0" bw="5" slack="0"/>
<pin id="98" dir="0" index="1" bw="5" slack="0"/>
<pin id="99" dir="1" index="2" bw="0" slack="2147483647"/>
</pin_list>
<bind>
<opcode="store(28) " fcode="store"/>
<opset="store_ln47/1 "/>
</bind>
</comp>

<comp id="101" class="1004" name="mean_load_1_load_fu_101">
<pin_list>
<pin id="102" dir="0" index="0" bw="32" slack="2"/>
<pin id="103" dir="1" index="1" bw="32" slack="0"/>
</pin_list>
<bind>
<opcode="load(27) " fcode="load"/>
<opset="mean_load_1/3 "/>
</bind>
</comp>

<comp id="105" class="1004" name="store_ln47_store_fu_105">
<pin_list>
<pin id="106" dir="0" index="0" bw="32" slack="1"/>
<pin id="107" dir="0" index="1" bw="32" slack="7"/>
<pin id="108" dir="1" index="2" bw="0" slack="2147483647"/>
</pin_list>
<bind>
<opcode="store(28) " fcode="store"/>
<opset="store_ln47/8 "/>
</bind>
</comp>

<comp id="109" class="1004" name="mean_load_load_fu_109">
<pin_list>
<pin id="110" dir="0" index="0" bw="32" slack="2"/>
<pin id="111" dir="1" index="1" bw="32" slack="0"/>
</pin_list>
<bind>
<opcode="load(27) " fcode="load"/>
<opset="mean_load/3 "/>
</bind>
</comp>

<comp id="113" class="1005" name="mean_reg_113">
<pin_list>
<pin id="114" dir="0" index="0" bw="32" slack="0"/>
<pin id="115" dir="1" index="1" bw="32" slack="0"/>
</pin_list>
<bind>
<opset="mean "/>
</bind>
</comp>

<comp id="121" class="1005" name="feature_reg_121">
<pin_list>
<pin id="122" dir="0" index="0" bw="5" slack="0"/>
<pin id="123" dir="1" index="1" bw="5" slack="0"/>
</pin_list>
<bind>
<opset="feature "/>
</bind>
</comp>

<comp id="128" class="1005" name="icmp_ln47_reg_128">
<pin_list>
<pin id="129" dir="0" index="0" bw="1" slack="1"/>
<pin id="130" dir="1" index="1" bw="1" slack="2147483647"/>
</pin_list>
<bind>
<opset="icmp_ln47 "/>
</bind>
</comp>

<comp id="132" class="1005" name="pooled_addr_reg_132">
<pin_list>
<pin id="133" dir="0" index="0" bw="4" slack="1"/>
<pin id="134" dir="1" index="1" bw="4" slack="1"/>
</pin_list>
<bind>
<opset="pooled_addr "/>
</bind>
</comp>

<comp id="137" class="1005" name="pooled_load_reg_137">
<pin_list>
<pin id="138" dir="0" index="0" bw="32" slack="1"/>
<pin id="139" dir="1" index="1" bw="32" slack="1"/>
</pin_list>
<bind>
<opset="pooled_load "/>
</bind>
</comp>

<comp id="142" class="1005" name="mean_load_1_reg_142">
<pin_list>
<pin id="143" dir="0" index="0" bw="32" slack="1"/>
<pin id="144" dir="1" index="1" bw="32" slack="1"/>
</pin_list>
<bind>
<opset="mean_load_1 "/>
</bind>
</comp>

<comp id="147" class="1005" name="mean_1_reg_147">
<pin_list>
<pin id="148" dir="0" index="0" bw="32" slack="1"/>
<pin id="149" dir="1" index="1" bw="32" slack="1"/>
</pin_list>
<bind>
<opset="mean_1 "/>
</bind>
</comp>

</comp_list>

<net_list>
<net id="37"><net_src comp="4" pin="0"/><net_sink comp="34" pin=0"/></net>

<net id="41"><net_src comp="4" pin="0"/><net_sink comp="38" pin=0"/></net>

<net id="47"><net_src comp="32" pin="0"/><net_sink comp="42" pin=0"/></net>

<net id="48"><net_src comp="2" pin="0"/><net_sink comp="42" pin=1"/></net>

<net id="54"><net_src comp="0" pin="0"/><net_sink comp="49" pin=0"/></net>

<net id="55"><net_src comp="26" pin="0"/><net_sink comp="49" pin=1"/></net>

<net id="61"><net_src comp="49" pin="3"/><net_sink comp="56" pin=0"/></net>

<net id="70"><net_src comp="6" pin="0"/><net_sink comp="66" pin=0"/></net>

<net id="75"><net_src comp="8" pin="0"/><net_sink comp="71" pin=0"/></net>

<net id="83"><net_src comp="76" pin="1"/><net_sink comp="79" pin=0"/></net>

<net id="84"><net_src comp="18" pin="0"/><net_sink comp="79" pin=1"/></net>

<net id="89"><net_src comp="76" pin="1"/><net_sink comp="85" pin=0"/></net>

<net id="90"><net_src comp="24" pin="0"/><net_sink comp="85" pin=1"/></net>

<net id="94"><net_src comp="76" pin="1"/><net_sink comp="91" pin=0"/></net>

<net id="95"><net_src comp="91" pin="1"/><net_sink comp="49" pin=2"/></net>

<net id="100"><net_src comp="85" pin="2"/><net_sink comp="96" pin=0"/></net>

<net id="104"><net_src comp="101" pin="1"/><net_sink comp="62" pin=0"/></net>

<net id="112"><net_src comp="109" pin="1"/><net_sink comp="42" pin=2"/></net>

<net id="116"><net_src comp="34" pin="1"/><net_sink comp="113" pin=0"/></net>

<net id="117"><net_src comp="113" pin="1"/><net_sink comp="71" pin=1"/></net>

<net id="118"><net_src comp="113" pin="1"/><net_sink comp="101" pin=0"/></net>

<net id="119"><net_src comp="113" pin="1"/><net_sink comp="105" pin=1"/></net>

<net id="120"><net_src comp="113" pin="1"/><net_sink comp="109" pin=0"/></net>

<net id="124"><net_src comp="38" pin="1"/><net_sink comp="121" pin=0"/></net>

<net id="125"><net_src comp="121" pin="1"/><net_sink comp="66" pin=1"/></net>

<net id="126"><net_src comp="121" pin="1"/><net_sink comp="76" pin=0"/></net>

<net id="127"><net_src comp="121" pin="1"/><net_sink comp="96" pin=1"/></net>

<net id="131"><net_src comp="79" pin="2"/><net_sink comp="128" pin=0"/></net>

<net id="135"><net_src comp="49" pin="3"/><net_sink comp="132" pin=0"/></net>

<net id="136"><net_src comp="132" pin="1"/><net_sink comp="56" pin=0"/></net>

<net id="140"><net_src comp="56" pin="3"/><net_sink comp="137" pin=0"/></net>

<net id="141"><net_src comp="137" pin="1"/><net_sink comp="62" pin=1"/></net>

<net id="145"><net_src comp="101" pin="1"/><net_sink comp="142" pin=0"/></net>

<net id="146"><net_src comp="142" pin="1"/><net_sink comp="62" pin=0"/></net>

<net id="150"><net_src comp="62" pin="2"/><net_sink comp="147" pin=0"/></net>

<net id="151"><net_src comp="147" pin="1"/><net_sink comp="105" pin=0"/></net>

</net_list>

</model> 
---------------- Datapath Model END ------------------

* FSMD analyzer results:
  - Output states:
	Port: mean_4_out | {3 }
 - Input state : 
	Port: unsw_linear_transformer_Pipeline_VITIS_LOOP_47_1 : pooled | {1 2 }
  - Chain level:
	State 1
		store_ln0 : 1
		store_ln0 : 1
		feature_3 : 1
		icmp_ln47 : 2
		add_ln47 : 2
		br_ln47 : 3
		feature_3_cast : 2
		pooled_addr : 3
		pooled_load : 4
		store_ln47 : 3
	State 2
	State 3
		mean_1 : 1
		write_ln0 : 1
	State 4
	State 5
	State 6
	State 7
	State 8


============================================================
+ Verbose Summary: Datapath Resource usage 
============================================================

* Functional unit list:
|----------|-----------------------|---------|---------|---------|
| Operation|    Functional Unit    |   DSP   |    FF   |   LUT   |
|----------|-----------------------|---------|---------|---------|
|   fadd   |       grp_fu_62       |    2    |   205   |   390   |
|----------|-----------------------|---------|---------|---------|
|    add   |     add_ln47_fu_85    |    0    |    0    |    13   |
|----------|-----------------------|---------|---------|---------|
|   icmp   |    icmp_ln47_fu_79    |    0    |    0    |    9    |
|----------|-----------------------|---------|---------|---------|
|   write  | write_ln0_write_fu_42 |    0    |    0    |    0    |
|----------|-----------------------|---------|---------|---------|
|   zext   |  feature_3_cast_fu_91 |    0    |    0    |    0    |
|----------|-----------------------|---------|---------|---------|
|   Total  |                       |    2    |   205   |   412   |
|----------|-----------------------|---------|---------|---------|

Memories:
N/A

* Register list:
+-------------------+--------+
|                   |   FF   |
+-------------------+--------+
|  feature_reg_121  |    5   |
| icmp_ln47_reg_128 |    1   |
|   mean_1_reg_147  |   32   |
|mean_load_1_reg_142|   32   |
|    mean_reg_113   |   32   |
|pooled_addr_reg_132|    4   |
|pooled_load_reg_137|   32   |
+-------------------+--------+
|       Total       |   138  |
+-------------------+--------+

* Multiplexer (MUX) list: 
|------------------|------|------|------|--------||---------||---------|
|       Comp       |  Pin | Size |  BW  | S x BW ||  Delay  ||   LUT   |
|------------------|------|------|------|--------||---------||---------|
| grp_access_fu_56 |  p0  |   2  |   4  |    8   ||    9    |
|     grp_fu_62    |  p0  |   2  |  32  |   64   ||    9    |
|------------------|------|------|------|--------||---------||---------|
|       Total      |      |      |      |   72   ||  3.176  ||    18   |
|------------------|------|------|------|--------||---------||---------|



* Summary:
+-----------+--------+--------+--------+--------+
|           |   DSP  |  Delay |   FF   |   LUT  |
+-----------+--------+--------+--------+--------+
|  Function |    2   |    -   |   205  |   412  |
|   Memory  |    -   |    -   |    -   |    -   |
|Multiplexer|    -   |    3   |    -   |   18   |
|  Register |    -   |    -   |   138  |    -   |
+-----------+--------+--------+--------+--------+
|   Total   |    2   |    3   |   343  |   430  |
+-----------+--------+--------+--------+--------+
