/home/cym/prj2/finn/notebooks/icl_thesis-master/vitis_hls/unsw_linear_transformer_hls/unsw_linear_transformer_prj/solution1/.autopilot/db/unsw_linear_transformer.pp.0.cpp:6872:5: warning: Added loop label VITIS_LOOP_17_1:   [xilinx-label-all-loops]
    for (int sequence = 0; sequence < 8; ++sequence) {
    ^~~
    VITIS_LOOP_17_1: 
/home/cym/prj2/finn/notebooks/icl_thesis-master/vitis_hls/unsw_linear_transformer_hls/unsw_linear_transformer_prj/solution1/.autopilot/db/unsw_linear_transformer.pp.0.cpp:6872:5: note: FIX-IT applied suggested code changes
/home/cym/prj2/finn/notebooks/icl_thesis-master/vitis_hls/unsw_linear_transformer_hls/unsw_linear_transformer_prj/solution1/.autopilot/db/unsw_linear_transformer.pp.0.cpp:6874:9: warning: Added loop label VITIS_LOOP_19_2:   [xilinx-label-all-loops]
        for (int feature = 0; feature < 16; ++feature) {
        ^~~
        VITIS_LOOP_19_2: 
/home/cym/prj2/finn/notebooks/icl_thesis-master/vitis_hls/unsw_linear_transformer_hls/unsw_linear_transformer_prj/solution1/.autopilot/db/unsw_linear_transformer.pp.0.cpp:6874:9: note: FIX-IT applied suggested code changes
/home/cym/prj2/finn/notebooks/icl_thesis-master/vitis_hls/unsw_linear_transformer_hls/unsw_linear_transformer_prj/solution1/.autopilot/db/unsw_linear_transformer.pp.0.cpp:6880:9: warning: Added loop label VITIS_LOOP_25_3:   [xilinx-label-all-loops]
        for (int feature = 0; feature < 16; ++feature) {
        ^~~
        VITIS_LOOP_25_3: 
/home/cym/prj2/finn/notebooks/icl_thesis-master/vitis_hls/unsw_linear_transformer_hls/unsw_linear_transformer_prj/solution1/.autopilot/db/unsw_linear_transformer.pp.0.cpp:6880:9: note: FIX-IT applied suggested code changes
/home/cym/prj2/finn/notebooks/icl_thesis-master/vitis_hls/unsw_linear_transformer_hls/unsw_linear_transformer_prj/solution1/.autopilot/db/unsw_linear_transformer.pp.0.cpp:6887:9: warning: Added loop label VITIS_LOOP_32_4:   [xilinx-label-all-loops]
        for (int feature = 0; feature < 16; ++feature) {
        ^~~
        VITIS_LOOP_32_4: 
/home/cym/prj2/finn/notebooks/icl_thesis-master/vitis_hls/unsw_linear_transformer_hls/unsw_linear_transformer_prj/solution1/.autopilot/db/unsw_linear_transformer.pp.0.cpp:6887:9: note: FIX-IT applied suggested code changes
/home/cym/prj2/finn/notebooks/icl_thesis-master/vitis_hls/unsw_linear_transformer_hls/unsw_linear_transformer_prj/solution1/.autopilot/db/unsw_linear_transformer.pp.0.cpp:6902:5: warning: Added loop label VITIS_LOOP_47_1:   [xilinx-label-all-loops]
    for (int feature = 0; feature < 16; ++feature) {
    ^~~
    VITIS_LOOP_47_1: 
/home/cym/prj2/finn/notebooks/icl_thesis-master/vitis_hls/unsw_linear_transformer_hls/unsw_linear_transformer_prj/solution1/.autopilot/db/unsw_linear_transformer.pp.0.cpp:6902:5: note: FIX-IT applied suggested code changes
/home/cym/prj2/finn/notebooks/icl_thesis-master/vitis_hls/unsw_linear_transformer_hls/unsw_linear_transformer_prj/solution1/.autopilot/db/unsw_linear_transformer.pp.0.cpp:6908:5: warning: Added loop label VITIS_LOOP_53_2:   [xilinx-label-all-loops]
    for (int feature = 0; feature < 16; ++feature) {
    ^~~
    VITIS_LOOP_53_2: 
/home/cym/prj2/finn/notebooks/icl_thesis-master/vitis_hls/unsw_linear_transformer_hls/unsw_linear_transformer_prj/solution1/.autopilot/db/unsw_linear_transformer.pp.0.cpp:6908:5: note: FIX-IT applied suggested code changes
/home/cym/prj2/finn/notebooks/icl_thesis-master/vitis_hls/unsw_linear_transformer_hls/unsw_linear_transformer_prj/solution1/.autopilot/db/unsw_linear_transformer.pp.0.cpp:6915:5: warning: Added loop label VITIS_LOOP_60_3:   [xilinx-label-all-loops]
    for (int feature = 0; feature < 16; ++feature) {
    ^~~
    VITIS_LOOP_60_3: 
/home/cym/prj2/finn/notebooks/icl_thesis-master/vitis_hls/unsw_linear_transformer_hls/unsw_linear_transformer_prj/solution1/.autopilot/db/unsw_linear_transformer.pp.0.cpp:6915:5: note: FIX-IT applied suggested code changes
/home/cym/prj2/finn/notebooks/icl_thesis-master/vitis_hls/unsw_linear_transformer_hls/unsw_linear_transformer_prj/solution1/.autopilot/db/unsw_linear_transformer.pp.0.cpp:6930:5: warning: Added loop label VITIS_LOOP_71_1:   [xilinx-label-all-loops]
    for (int sequence = 0; sequence < 8; ++sequence) {
    ^~~
    VITIS_LOOP_71_1: 
/home/cym/prj2/finn/notebooks/icl_thesis-master/vitis_hls/unsw_linear_transformer_hls/unsw_linear_transformer_prj/solution1/.autopilot/db/unsw_linear_transformer.pp.0.cpp:6930:5: note: FIX-IT applied suggested code changes
/home/cym/prj2/finn/notebooks/icl_thesis-master/vitis_hls/unsw_linear_transformer_hls/unsw_linear_transformer_prj/solution1/.autopilot/db/unsw_linear_transformer.pp.0.cpp:6931:9: warning: Added loop label VITIS_LOOP_72_2:   [xilinx-label-all-loops]
        for (int output_feature = 0; output_feature < 16; ++output_feature) {
        ^~~
        VITIS_LOOP_72_2: 
/home/cym/prj2/finn/notebooks/icl_thesis-master/vitis_hls/unsw_linear_transformer_hls/unsw_linear_transformer_prj/solution1/.autopilot/db/unsw_linear_transformer.pp.0.cpp:6931:9: note: FIX-IT applied suggested code changes
/home/cym/prj2/finn/notebooks/icl_thesis-master/vitis_hls/unsw_linear_transformer_hls/unsw_linear_transformer_prj/solution1/.autopilot/db/unsw_linear_transformer.pp.0.cpp:6933:13: warning: Added loop label VITIS_LOOP_74_3:   [xilinx-label-all-loops]
            for (int input_feature = 0; input_feature < 24; ++input_feature) {
            ^~~
            VITIS_LOOP_74_3: 
/home/cym/prj2/finn/notebooks/icl_thesis-master/vitis_hls/unsw_linear_transformer_hls/unsw_linear_transformer_prj/solution1/.autopilot/db/unsw_linear_transformer.pp.0.cpp:6933:13: note: FIX-IT applied suggested code changes
/home/cym/prj2/finn/notebooks/icl_thesis-master/vitis_hls/unsw_linear_transformer_hls/unsw_linear_transformer_prj/solution1/.autopilot/db/unsw_linear_transformer.pp.0.cpp:6945:5: warning: Added loop label VITIS_LOOP_86_4:   [xilinx-label-all-loops]
    for (int sequence = 0; sequence < 8; ++sequence) {
    ^~~
    VITIS_LOOP_86_4: 
/home/cym/prj2/finn/notebooks/icl_thesis-master/vitis_hls/unsw_linear_transformer_hls/unsw_linear_transformer_prj/solution1/.autopilot/db/unsw_linear_transformer.pp.0.cpp:6945:5: note: FIX-IT applied suggested code changes
/home/cym/prj2/finn/notebooks/icl_thesis-master/vitis_hls/unsw_linear_transformer_hls/unsw_linear_transformer_prj/solution1/.autopilot/db/unsw_linear_transformer.pp.0.cpp:6946:9: warning: Added loop label VITIS_LOOP_87_5:   [xilinx-label-all-loops]
        for (int output_feature = 0; output_feature < 16; ++output_feature) {
        ^~~
        VITIS_LOOP_87_5: 
/home/cym/prj2/finn/notebooks/icl_thesis-master/vitis_hls/unsw_linear_transformer_hls/unsw_linear_transformer_prj/solution1/.autopilot/db/unsw_linear_transformer.pp.0.cpp:6946:9: note: FIX-IT applied suggested code changes
/home/cym/prj2/finn/notebooks/icl_thesis-master/vitis_hls/unsw_linear_transformer_hls/unsw_linear_transformer_prj/solution1/.autopilot/db/unsw_linear_transformer.pp.0.cpp:6950:13: warning: Added loop label VITIS_LOOP_91_6:   [xilinx-label-all-loops]
            for (int input_feature = 0; input_feature < 16; ++input_feature) {
            ^~~
            VITIS_LOOP_91_6: 
/home/cym/prj2/finn/notebooks/icl_thesis-master/vitis_hls/unsw_linear_transformer_hls/unsw_linear_transformer_prj/solution1/.autopilot/db/unsw_linear_transformer.pp.0.cpp:6950:13: note: FIX-IT applied suggested code changes
/home/cym/prj2/finn/notebooks/icl_thesis-master/vitis_hls/unsw_linear_transformer_hls/unsw_linear_transformer_prj/solution1/.autopilot/db/unsw_linear_transformer.pp.0.cpp:6966:5: warning: Added loop label VITIS_LOOP_107_7:   [xilinx-label-all-loops]
    for (int key_feature = 0; key_feature < 16; ++key_feature) {
    ^~~
    VITIS_LOOP_107_7: 
/home/cym/prj2/finn/notebooks/icl_thesis-master/vitis_hls/unsw_linear_transformer_hls/unsw_linear_transformer_prj/solution1/.autopilot/db/unsw_linear_transformer.pp.0.cpp:6966:5: note: FIX-IT applied suggested code changes
/home/cym/prj2/finn/notebooks/icl_thesis-master/vitis_hls/unsw_linear_transformer_hls/unsw_linear_transformer_prj/solution1/.autopilot/db/unsw_linear_transformer.pp.0.cpp:6967:9: warning: Added loop label VITIS_LOOP_108_8:   [xilinx-label-all-loops]
        for (int value_feature = 0; value_feature < 16; ++value_feature) {
        ^~~
        VITIS_LOOP_108_8: 
/home/cym/prj2/finn/notebooks/icl_thesis-master/vitis_hls/unsw_linear_transformer_hls/unsw_linear_transformer_prj/solution1/.autopilot/db/unsw_linear_transformer.pp.0.cpp:6967:9: note: FIX-IT applied suggested code changes
/home/cym/prj2/finn/notebooks/icl_thesis-master/vitis_hls/unsw_linear_transformer_hls/unsw_linear_transformer_prj/solution1/.autopilot/db/unsw_linear_transformer.pp.0.cpp:6969:13: warning: Added loop label VITIS_LOOP_110_9:   [xilinx-label-all-loops]
            for (int sequence = 0; sequence < 8; ++sequence) {
            ^~~
            VITIS_LOOP_110_9: 
/home/cym/prj2/finn/notebooks/icl_thesis-master/vitis_hls/unsw_linear_transformer_hls/unsw_linear_transformer_prj/solution1/.autopilot/db/unsw_linear_transformer.pp.0.cpp:6969:13: note: FIX-IT applied suggested code changes
/home/cym/prj2/finn/notebooks/icl_thesis-master/vitis_hls/unsw_linear_transformer_hls/unsw_linear_transformer_prj/solution1/.autopilot/db/unsw_linear_transformer.pp.0.cpp:6977:5: warning: Added loop label VITIS_LOOP_118_10:   [xilinx-label-all-loops]
    for (int feature = 0; feature < 16; ++feature) {
    ^~~
    VITIS_LOOP_118_10: 
/home/cym/prj2/finn/notebooks/icl_thesis-master/vitis_hls/unsw_linear_transformer_hls/unsw_linear_transformer_prj/solution1/.autopilot/db/unsw_linear_transformer.pp.0.cpp:6977:5: note: FIX-IT applied suggested code changes
/home/cym/prj2/finn/notebooks/icl_thesis-master/vitis_hls/unsw_linear_transformer_hls/unsw_linear_transformer_prj/solution1/.autopilot/db/unsw_linear_transformer.pp.0.cpp:6979:9: warning: Added loop label VITIS_LOOP_120_11:   [xilinx-label-all-loops]
        for (int sequence = 0; sequence < 8; ++sequence) {
        ^~~
        VITIS_LOOP_120_11: 
/home/cym/prj2/finn/notebooks/icl_thesis-master/vitis_hls/unsw_linear_transformer_hls/unsw_linear_transformer_prj/solution1/.autopilot/db/unsw_linear_transformer.pp.0.cpp:6979:9: note: FIX-IT applied suggested code changes
/home/cym/prj2/finn/notebooks/icl_thesis-master/vitis_hls/unsw_linear_transformer_hls/unsw_linear_transformer_prj/solution1/.autopilot/db/unsw_linear_transformer.pp.0.cpp:6986:5: warning: Added loop label VITIS_LOOP_127_12:   [xilinx-label-all-loops]
    for (int sequence = 0; sequence < 8; ++sequence) {
    ^~~
    VITIS_LOOP_127_12: 
/home/cym/prj2/finn/notebooks/icl_thesis-master/vitis_hls/unsw_linear_transformer_hls/unsw_linear_transformer_prj/solution1/.autopilot/db/unsw_linear_transformer.pp.0.cpp:6986:5: note: FIX-IT applied suggested code changes
/home/cym/prj2/finn/notebooks/icl_thesis-master/vitis_hls/unsw_linear_transformer_hls/unsw_linear_transformer_prj/solution1/.autopilot/db/unsw_linear_transformer.pp.0.cpp:6988:9: warning: Added loop label VITIS_LOOP_129_13:   [xilinx-label-all-loops]
        for (int feature = 0; feature < 16; ++feature) {
        ^~~
        VITIS_LOOP_129_13: 
/home/cym/prj2/finn/notebooks/icl_thesis-master/vitis_hls/unsw_linear_transformer_hls/unsw_linear_transformer_prj/solution1/.autopilot/db/unsw_linear_transformer.pp.0.cpp:6988:9: note: FIX-IT applied suggested code changes
/home/cym/prj2/finn/notebooks/icl_thesis-master/vitis_hls/unsw_linear_transformer_hls/unsw_linear_transformer_prj/solution1/.autopilot/db/unsw_linear_transformer.pp.0.cpp:6994:9: warning: Added loop label VITIS_LOOP_135_14:   [xilinx-label-all-loops]
        for (int value_feature = 0; value_feature < 16; ++value_feature) {
        ^~~
        VITIS_LOOP_135_14: 
/home/cym/prj2/finn/notebooks/icl_thesis-master/vitis_hls/unsw_linear_transformer_hls/unsw_linear_transformer_prj/solution1/.autopilot/db/unsw_linear_transformer.pp.0.cpp:6994:9: note: FIX-IT applied suggested code changes
/home/cym/prj2/finn/notebooks/icl_thesis-master/vitis_hls/unsw_linear_transformer_hls/unsw_linear_transformer_prj/solution1/.autopilot/db/unsw_linear_transformer.pp.0.cpp:6996:13: warning: Added loop label VITIS_LOOP_137_15:   [xilinx-label-all-loops]
            for (int key_feature = 0; key_feature < 16; ++key_feature) {
            ^~~
            VITIS_LOOP_137_15: 
/home/cym/prj2/finn/notebooks/icl_thesis-master/vitis_hls/unsw_linear_transformer_hls/unsw_linear_transformer_prj/solution1/.autopilot/db/unsw_linear_transformer.pp.0.cpp:6996:13: note: FIX-IT applied suggested code changes
/home/cym/prj2/finn/notebooks/icl_thesis-master/vitis_hls/unsw_linear_transformer_hls/unsw_linear_transformer_prj/solution1/.autopilot/db/unsw_linear_transformer.pp.0.cpp:7006:5: warning: Added loop label VITIS_LOOP_147_16:   [xilinx-label-all-loops]
    for (int sequence = 0; sequence < 8; ++sequence) {
    ^~~
    VITIS_LOOP_147_16: 
/home/cym/prj2/finn/notebooks/icl_thesis-master/vitis_hls/unsw_linear_transformer_hls/unsw_linear_transformer_prj/solution1/.autopilot/db/unsw_linear_transformer.pp.0.cpp:7006:5: note: FIX-IT applied suggested code changes
/home/cym/prj2/finn/notebooks/icl_thesis-master/vitis_hls/unsw_linear_transformer_hls/unsw_linear_transformer_prj/solution1/.autopilot/db/unsw_linear_transformer.pp.0.cpp:7007:9: warning: Added loop label VITIS_LOOP_148_17:   [xilinx-label-all-loops]
        for (int output_feature = 0; output_feature < 16; ++output_feature) {
        ^~~
        VITIS_LOOP_148_17: 
/home/cym/prj2/finn/notebooks/icl_thesis-master/vitis_hls/unsw_linear_transformer_hls/unsw_linear_transformer_prj/solution1/.autopilot/db/unsw_linear_transformer.pp.0.cpp:7007:9: note: FIX-IT applied suggested code changes
/home/cym/prj2/finn/notebooks/icl_thesis-master/vitis_hls/unsw_linear_transformer_hls/unsw_linear_transformer_prj/solution1/.autopilot/db/unsw_linear_transformer.pp.0.cpp:7009:13: warning: Added loop label VITIS_LOOP_150_18:   [xilinx-label-all-loops]
            for (int input_feature = 0; input_feature < 16; ++input_feature) {
            ^~~
            VITIS_LOOP_150_18: 
/home/cym/prj2/finn/notebooks/icl_thesis-master/vitis_hls/unsw_linear_transformer_hls/unsw_linear_transformer_prj/solution1/.autopilot/db/unsw_linear_transformer.pp.0.cpp:7009:13: note: FIX-IT applied suggested code changes
/home/cym/prj2/finn/notebooks/icl_thesis-master/vitis_hls/unsw_linear_transformer_hls/unsw_linear_transformer_prj/solution1/.autopilot/db/unsw_linear_transformer.pp.0.cpp:7027:5: warning: Added loop label VITIS_LOOP_168_19:   [xilinx-label-all-loops]
    for (int sequence = 0; sequence < 8; ++sequence) {
    ^~~
    VITIS_LOOP_168_19: 
/home/cym/prj2/finn/notebooks/icl_thesis-master/vitis_hls/unsw_linear_transformer_hls/unsw_linear_transformer_prj/solution1/.autopilot/db/unsw_linear_transformer.pp.0.cpp:7027:5: note: FIX-IT applied suggested code changes
/home/cym/prj2/finn/notebooks/icl_thesis-master/vitis_hls/unsw_linear_transformer_hls/unsw_linear_transformer_prj/solution1/.autopilot/db/unsw_linear_transformer.pp.0.cpp:7028:9: warning: Added loop label VITIS_LOOP_169_20:   [xilinx-label-all-loops]
        for (int output_feature = 0; output_feature < 32; ++output_feature) {
        ^~~
        VITIS_LOOP_169_20: 
/home/cym/prj2/finn/notebooks/icl_thesis-master/vitis_hls/unsw_linear_transformer_hls/unsw_linear_transformer_prj/solution1/.autopilot/db/unsw_linear_transformer.pp.0.cpp:7028:9: note: FIX-IT applied suggested code changes
/home/cym/prj2/finn/notebooks/icl_thesis-master/vitis_hls/unsw_linear_transformer_hls/unsw_linear_transformer_prj/solution1/.autopilot/db/unsw_linear_transformer.pp.0.cpp:7030:13: warning: Added loop label VITIS_LOOP_171_21:   [xilinx-label-all-loops]
            for (int input_feature = 0; input_feature < 16; ++input_feature) {
            ^~~
            VITIS_LOOP_171_21: 
/home/cym/prj2/finn/notebooks/icl_thesis-master/vitis_hls/unsw_linear_transformer_hls/unsw_linear_transformer_prj/solution1/.autopilot/db/unsw_linear_transformer.pp.0.cpp:7030:13: note: FIX-IT applied suggested code changes
/home/cym/prj2/finn/notebooks/icl_thesis-master/vitis_hls/unsw_linear_transformer_hls/unsw_linear_transformer_prj/solution1/.autopilot/db/unsw_linear_transformer.pp.0.cpp:7039:5: warning: Added loop label VITIS_LOOP_180_22:   [xilinx-label-all-loops]
    for (int sequence = 0; sequence < 8; ++sequence) {
    ^~~
    VITIS_LOOP_180_22: 
/home/cym/prj2/finn/notebooks/icl_thesis-master/vitis_hls/unsw_linear_transformer_hls/unsw_linear_transformer_prj/solution1/.autopilot/db/unsw_linear_transformer.pp.0.cpp:7039:5: note: FIX-IT applied suggested code changes
/home/cym/prj2/finn/notebooks/icl_thesis-master/vitis_hls/unsw_linear_transformer_hls/unsw_linear_transformer_prj/solution1/.autopilot/db/unsw_linear_transformer.pp.0.cpp:7040:9: warning: Added loop label VITIS_LOOP_181_23:   [xilinx-label-all-loops]
        for (int output_feature = 0; output_feature < 16; ++output_feature) {
        ^~~
        VITIS_LOOP_181_23: 
/home/cym/prj2/finn/notebooks/icl_thesis-master/vitis_hls/unsw_linear_transformer_hls/unsw_linear_transformer_prj/solution1/.autopilot/db/unsw_linear_transformer.pp.0.cpp:7040:9: note: FIX-IT applied suggested code changes
/home/cym/prj2/finn/notebooks/icl_thesis-master/vitis_hls/unsw_linear_transformer_hls/unsw_linear_transformer_prj/solution1/.autopilot/db/unsw_linear_transformer.pp.0.cpp:7042:13: warning: Added loop label VITIS_LOOP_183_24:   [xilinx-label-all-loops]
            for (int input_feature = 0; input_feature < 32; ++input_feature) {
            ^~~
            VITIS_LOOP_183_24: 
/home/cym/prj2/finn/notebooks/icl_thesis-master/vitis_hls/unsw_linear_transformer_hls/unsw_linear_transformer_prj/solution1/.autopilot/db/unsw_linear_transformer.pp.0.cpp:7042:13: note: FIX-IT applied suggested code changes
/home/cym/prj2/finn/notebooks/icl_thesis-master/vitis_hls/unsw_linear_transformer_hls/unsw_linear_transformer_prj/solution1/.autopilot/db/unsw_linear_transformer.pp.0.cpp:7059:5: warning: Added loop label VITIS_LOOP_200_25:   [xilinx-label-all-loops]
    for (int feature = 0; feature < 16; ++feature) {
    ^~~
    VITIS_LOOP_200_25: 
/home/cym/prj2/finn/notebooks/icl_thesis-master/vitis_hls/unsw_linear_transformer_hls/unsw_linear_transformer_prj/solution1/.autopilot/db/unsw_linear_transformer.pp.0.cpp:7059:5: note: FIX-IT applied suggested code changes
/home/cym/prj2/finn/notebooks/icl_thesis-master/vitis_hls/unsw_linear_transformer_hls/unsw_linear_transformer_prj/solution1/.autopilot/db/unsw_linear_transformer.pp.0.cpp:7061:9: warning: Added loop label VITIS_LOOP_202_26:   [xilinx-label-all-loops]
        for (int sequence = 0; sequence < 8; ++sequence) {
        ^~~
        VITIS_LOOP_202_26: 
/home/cym/prj2/finn/notebooks/icl_thesis-master/vitis_hls/unsw_linear_transformer_hls/unsw_linear_transformer_prj/solution1/.autopilot/db/unsw_linear_transformer.pp.0.cpp:7061:9: note: FIX-IT applied suggested code changes
/home/cym/prj2/finn/notebooks/icl_thesis-master/vitis_hls/unsw_linear_transformer_hls/unsw_linear_transformer_prj/solution1/.autopilot/db/unsw_linear_transformer.pp.0.cpp:7070:5: warning: Added loop label VITIS_LOOP_211_27:   [xilinx-label-all-loops]
    for (int output_class = 0; output_class < 2; ++output_class) {
    ^~~
    VITIS_LOOP_211_27: 
/home/cym/prj2/finn/notebooks/icl_thesis-master/vitis_hls/unsw_linear_transformer_hls/unsw_linear_transformer_prj/solution1/.autopilot/db/unsw_linear_transformer.pp.0.cpp:7070:5: note: FIX-IT applied suggested code changes
/home/cym/prj2/finn/notebooks/icl_thesis-master/vitis_hls/unsw_linear_transformer_hls/unsw_linear_transformer_prj/solution1/.autopilot/db/unsw_linear_transformer.pp.0.cpp:7072:9: warning: Added loop label VITIS_LOOP_213_28:   [xilinx-label-all-loops]
        for (int feature = 0; feature < 16; ++feature) {
        ^~~
        VITIS_LOOP_213_28: 
/home/cym/prj2/finn/notebooks/icl_thesis-master/vitis_hls/unsw_linear_transformer_hls/unsw_linear_transformer_prj/solution1/.autopilot/db/unsw_linear_transformer.pp.0.cpp:7072:9: note: FIX-IT applied suggested code changes
