

================================================================
== Vitis HLS Report for 'layer_norm_small_a'
================================================================
* Date:           Wed Jul  1 21:17:23 2026

* Version:        2022.2 (Build 3670227 on Oct 13 2022)
* Project:        imgds_linear_small_a
* Solution:       solution1 (Vivado IP Flow Target)
* Product family: zynq
* Target device:  xc7z020-clg400-1


================================================================
== Performance Estimates
================================================================
+ Timing: 
    * Summary: 
    +--------+----------+----------+------------+
    |  Clock |  Target  | Estimated| Uncertainty|
    +--------+----------+----------+------------+
    |ap_clk  |  10.00 ns|  7.256 ns|     2.70 ns|
    +--------+----------+----------+------------+

+ Latency: 
    * Summary: 
    +---------+---------+----------+----------+-----+-----+---------+
    |  Latency (cycles) |  Latency (absolute) |  Interval | Pipeline|
    |   min   |   max   |    min   |    max   | min | max |   Type  |
    +---------+---------+----------+----------+-----+-----+---------+
    |      107|      107|  1.070 us|  1.070 us|  107|  107|       no|
    +---------+---------+----------+----------+-----+-----+---------+

    + Detail: 
        * Instance: 
        +--------------------------------------------------------+---------------------------------------------+---------+---------+----------+----------+-----+-----+---------+
        |                                                        |                                             |  Latency (cycles) |  Latency (absolute) |  Interval | Pipeline|
        |                        Instance                        |                    Module                   |   min   |   max   |    min   |    max   | min | max |   Type  |
        +--------------------------------------------------------+---------------------------------------------+---------+---------+----------+----------+-----+-----+---------+
        |grp_layer_norm_small_a_Pipeline_VITIS_LOOP_19_1_fu_144  |layer_norm_small_a_Pipeline_VITIS_LOOP_19_1  |       14|       14|  0.140 us|  0.140 us|   14|   14|       no|
        |grp_layer_norm_small_a_Pipeline_VITIS_LOOP_22_2_fu_151  |layer_norm_small_a_Pipeline_VITIS_LOOP_22_2  |       17|       17|  0.170 us|  0.170 us|   17|   17|       no|
        |grp_layer_norm_small_a_Pipeline_VITIS_LOOP_27_3_fu_159  |layer_norm_small_a_Pipeline_VITIS_LOOP_27_3  |       20|       20|  0.200 us|  0.200 us|   20|   20|       no|
        +--------------------------------------------------------+---------------------------------------------+---------+---------+----------+----------+-----+-----+---------+

        * Loop: 
        N/A



================================================================
== Utilization Estimates
================================================================
* Summary: 
+-----------------+---------+-----+--------+-------+-----+
|       Name      | BRAM_18K| DSP |   FF   |  LUT  | URAM|
+-----------------+---------+-----+--------+-------+-----+
|DSP              |        -|    -|       -|      -|    -|
|Expression       |        -|    -|       0|   1727|    -|
|FIFO             |        -|    -|       -|      -|    -|
|Instance         |        0|   13|    1028|    946|    -|
|Memory           |        -|    -|       -|      -|    -|
|Multiplexer      |        -|    -|       -|    307|    -|
|Register         |        -|    -|     825|      -|    -|
+-----------------+---------+-----+--------+-------+-----+
|Total            |        0|   13|    1853|   2980|    0|
+-----------------+---------+-----+--------+-------+-----+
|Available        |      280|  220|  106400|  53200|    0|
+-----------------+---------+-----+--------+-------+-----+
|Utilization (%)  |        0|    5|       1|      5|    0|
+-----------------+---------+-----+--------+-------+-----+

+ Detail: 
    * Instance: 
    +--------------------------------------------------------+---------------------------------------------+---------+----+-----+-----+-----+
    |                        Instance                        |                    Module                   | BRAM_18K| DSP|  FF | LUT | URAM|
    +--------------------------------------------------------+---------------------------------------------+---------+----+-----+-----+-----+
    |fadd_32ns_32ns_32_5_full_dsp_1_U180                     |fadd_32ns_32ns_32_5_full_dsp_1               |        0|   2|  205|  390|    0|
    |fsqrt_32ns_32ns_32_16_no_dsp_1_U183                     |fsqrt_32ns_32ns_32_16_no_dsp_1               |        0|   0|    0|    0|    0|
    |grp_layer_norm_small_a_Pipeline_VITIS_LOOP_19_1_fu_144  |layer_norm_small_a_Pipeline_VITIS_LOOP_19_1  |        0|   0|   31|  100|    0|
    |grp_layer_norm_small_a_Pipeline_VITIS_LOOP_22_2_fu_151  |layer_norm_small_a_Pipeline_VITIS_LOOP_22_2  |        0|   1|  102|  133|    0|
    |grp_layer_norm_small_a_Pipeline_VITIS_LOOP_27_3_fu_159  |layer_norm_small_a_Pipeline_VITIS_LOOP_27_3  |        0|   2|  296|  161|    0|
    |mul_38s_40ns_77_2_1_U184                                |mul_38s_40ns_77_2_1                          |        0|   4|  197|   81|    0|
    |mul_38s_40ns_77_2_1_U185                                |mul_38s_40ns_77_2_1                          |        0|   4|  197|   81|    0|
    +--------------------------------------------------------+---------------------------------------------+---------+----+-----+-----+-----+
    |Total                                                   |                                             |        0|  13| 1028|  946|    0|
    +--------------------------------------------------------+---------------------------------------------+---------+----+-----+-----+-----+

    * DSP: 
    N/A

    * Memory: 
    N/A

    * FIFO: 
    N/A

    * Expression: 
    +---------------------------+----------+----+---+-----+------------+------------+
    |       Variable Name       | Operation| DSP| FF| LUT | Bitwidth P0| Bitwidth P1|
    +---------------------------+----------+----+---+-----+------------+------------+
    |add_ln1104_fu_523_p2       |         +|   0|  0|   23|          16|           6|
    |add_ln1113_fu_564_p2       |         +|   0|  0|   39|          32|           6|
    |add_ln1124_fu_643_p2       |         +|   0|  0|    8|           8|           8|
    |add_ln570_fu_758_p2        |         +|   0|  0|   12|          12|           5|
    |lsb_index_fu_456_p2        |         +|   0|  0|   39|          32|           6|
    |m_22_fu_604_p2             |         +|   0|  0|   71|          64|          64|
    |F2_fu_746_p2               |         -|   0|  0|   12|          11|          12|
    |man_V_11_fu_733_p2         |         -|   0|  0|   61|           1|          54|
    |sub_ln1099_fu_438_p2       |         -|   0|  0|   39|           5|          32|
    |sub_ln1102_fu_477_p2       |         -|   0|  0|   13|           4|           4|
    |sub_ln1114_fu_579_p2       |         -|   0|  0|   39|           5|          32|
    |sub_ln1119_fu_638_p2       |         -|   0|  0|    8|           3|           8|
    |sub_ln1303_4_fu_253_p2     |         -|   0|  0|   27|           1|          20|
    |sub_ln1303_5_fu_324_p2     |         -|   0|  0|   84|           1|          77|
    |sub_ln1303_6_fu_349_p2     |         -|   0|  0|   27|           1|          20|
    |sub_ln1303_fu_228_p2       |         -|   0|  0|   84|           1|          77|
    |sub_ln570_fu_764_p2        |         -|   0|  0|   12|           4|          12|
    |tmp_V_fu_394_p2            |         -|   0|  0|   23|           1|          16|
    |a_fu_503_p2                |       and|   0|  0|    2|           1|           1|
    |and_ln1104_fu_535_p2       |       and|   0|  0|    2|           1|           1|
    |and_ln570_fu_815_p2        |       and|   0|  0|    2|           1|           1|
    |and_ln571_fu_850_p2        |       and|   0|  0|    2|           1|           1|
    |p_Result_53_fu_492_p2      |       and|   0|  0|   16|          16|          16|
    |ashr_ln575_fu_865_p2       |      ashr|   0|  0|  161|          54|          54|
    |icmp_ln1090_fu_380_p2      |      icmp|   0|  0|   13|          16|           1|
    |icmp_ln1101_fu_471_p2      |      icmp|   0|  0|   17|          31|           1|
    |icmp_ln1102_fu_497_p2      |      icmp|   0|  0|   13|          16|           1|
    |icmp_ln1113_fu_555_p2      |      icmp|   0|  0|   18|          32|           1|
    |icmp_ln560_fu_713_p2       |      icmp|   0|  0|   28|          63|           1|
    |icmp_ln570_fu_752_p2       |      icmp|   0|  0|   12|          12|           4|
    |icmp_ln571_fu_778_p2       |      icmp|   0|  0|   12|          12|           4|
    |icmp_ln574_fu_824_p2       |      icmp|   0|  0|   12|          12|           6|
    |icmp_ln592_fu_798_p2       |      icmp|   0|  0|   11|           8|           1|
    |lshr_ln1102_fu_486_p2      |      lshr|   0|  0|   35|           2|          16|
    |lshr_ln1113_fu_573_p2      |      lshr|   0|  0|  182|          64|          64|
    |or_ln1104_fu_541_p2        |        or|   0|  0|    2|           1|           1|
    |or_ln571_fu_804_p2         |        or|   0|  0|    2|           1|           1|
    |grp_fu_184_p1              |    select|   0|  0|   32|           1|          30|
    |inv_std_V_fu_906_p3        |    select|   0|  0|   16|           1|           1|
    |m_21_fu_594_p3             |    select|   0|  0|   64|           1|          64|
    |man_V_12_fu_739_p3         |    select|   0|  0|   54|           1|          54|
    |mean_fu_279_p3             |    select|   0|  0|   16|           1|          16|
    |select_ln1098_fu_631_p3    |    select|   0|  0|    7|           1|           7|
    |select_ln1303_5_fu_339_p3  |    select|   0|  0|   21|           1|          21|
    |select_ln1303_fu_243_p3    |    select|   0|  0|   21|           1|          21|
    |select_ln570_fu_900_p3     |    select|   0|  0|   16|           1|          16|
    |select_ln571_fu_855_p3     |    select|   0|  0|   16|           1|          16|
    |select_ln574_fu_893_p3     |    select|   0|  0|   16|           1|          16|
    |select_ln577_fu_885_p3     |    select|   0|  0|    2|           1|           2|
    |select_ln592_fu_838_p3     |    select|   0|  0|   16|           1|          16|
    |sh_amt_fu_770_p3           |    select|   0|  0|   12|           1|          12|
    |tmp_V_10_fu_400_p3         |    select|   0|  0|   16|           1|          16|
    |var_val_fu_375_p3          |    select|   0|  0|   16|           1|          16|
    |shl_ln1114_fu_588_p2       |       shl|   0|  0|  182|          64|          64|
    |shl_ln593_fu_833_p2        |       shl|   0|  0|   35|          16|          16|
    |xor_ln1104_fu_517_p2       |       xor|   0|  0|    2|           1|           2|
    |xor_ln560_fu_845_p2        |       xor|   0|  0|    2|           1|           2|
    |xor_ln571_fu_809_p2        |       xor|   0|  0|    2|           1|           2|
    +---------------------------+----------+----+---+-----+------------+------------+
    |Total                      |          |   0|  0| 1727|         645|        1045|
    +---------------------------+----------+----+---+-----+------------+------------+

    * Multiplexer: 
    +------------+-----+-----------+-----+-----------+
    |    Name    | LUT | Input Size| Bits| Total Bits|
    +------------+-----+-----------+-----+-----------+
    |ap_NS_fsm   |  249|         58|    1|         58|
    |x_address0  |   20|          4|    4|         16|
    |x_ce0       |   20|          4|    1|          4|
    |x_ce1       |    9|          2|    1|          2|
    |x_we0       |    9|          2|    1|          2|
    +------------+-----+-----------+-----+-----------+
    |Total       |  307|         70|    8|         82|
    +------------+-----+-----------+-----+-----------+

    * Register: 
    +---------------------------------------------------------------------+----+----+-----+-----------+
    |                                 Name                                | FF | LUT| Bits| Const Bits|
    +---------------------------------------------------------------------+----+----+-----+-----------+
    |LD_reg_1053                                                          |  32|   0|   32|          0|
    |and_ln570_reg_1133                                                   |   1|   0|    1|          0|
    |ap_CS_fsm                                                            |  57|   0|   57|          0|
    |exp_tmp_reg_1089                                                     |  11|   0|   11|          0|
    |finv_reg_1078                                                        |  32|   0|   32|          0|
    |grp_layer_norm_small_a_Pipeline_VITIS_LOOP_19_1_fu_144_ap_start_reg  |   1|   0|    1|          0|
    |grp_layer_norm_small_a_Pipeline_VITIS_LOOP_22_2_fu_151_ap_start_reg  |   1|   0|    1|          0|
    |grp_layer_norm_small_a_Pipeline_VITIS_LOOP_27_3_fu_159_ap_start_reg  |   1|   0|    1|          0|
    |icmp_ln1090_reg_994                                                  |   1|   0|    1|          0|
    |icmp_ln1113_reg_1038                                                 |   1|   0|    1|          0|
    |icmp_ln560_reg_1099                                                  |   1|   0|    1|          0|
    |icmp_ln571_reg_1117                                                  |   1|   0|    1|          0|
    |icmp_ln574_reg_1143                                                  |   1|   0|    1|          0|
    |icmp_ln592_reg_1128                                                  |   1|   0|    1|          0|
    |inv_std_V_reg_1153                                                   |  16|   0|   16|          0|
    |m_23_reg_1043                                                        |  63|   0|   63|          0|
    |man_V_12_reg_1106                                                    |  54|   0|   54|          0|
    |mean_reg_957                                                         |  16|   0|   16|          0|
    |mul_ln1303_2_reg_974                                                 |  77|   0|   77|          0|
    |mul_ln1303_reg_937                                                   |  77|   0|   77|          0|
    |or_ln_reg_1033                                                       |   1|   0|    2|          1|
    |p_Result_55_reg_1048                                                 |   1|   0|    1|          0|
    |p_Result_59_reg_999                                                  |   1|   0|    1|          0|
    |p_Result_62_reg_1084                                                 |   1|   0|    1|          0|
    |phitmp_reg_1063                                                      |  32|   0|   32|          0|
    |select_ln571_reg_1148                                                |  16|   0|   16|          0|
    |sext_ln570_reg_1138                                                  |  32|   0|   32|          0|
    |sh_amt_reg_1111                                                      |  12|   0|   12|          0|
    |sub_ln1099_reg_1011                                                  |  32|   0|   32|          0|
    |tmp_26_reg_952                                                       |  16|   0|   16|          0|
    |tmp_27_reg_984                                                       |  16|   0|   16|          0|
    |tmp_28_reg_989                                                       |  16|   0|   16|          0|
    |tmp_55_reg_931                                                       |   1|   0|    1|          0|
    |tmp_57_reg_942                                                       |  21|   0|   21|          0|
    |tmp_58_reg_968                                                       |   1|   0|    1|          0|
    |tmp_60_reg_979                                                       |  21|   0|   21|          0|
    |tmp_V_10_reg_1004                                                    |  16|   0|   16|          0|
    |tmp_reg_1073                                                         |  32|   0|   32|          0|
    |tmp_s_reg_947                                                        |  16|   0|   16|          0|
    |trunc_ln1098_reg_1028                                                |   8|   0|    8|          0|
    |trunc_ln1099_reg_1018                                                |  16|   0|   16|          0|
    |trunc_ln1102_reg_1023                                                |   4|   0|    4|          0|
    |trunc_ln554_reg_1094                                                 |  52|   0|   52|          0|
    |trunc_ln572_reg_1122                                                 |  16|   0|   16|          0|
    +---------------------------------------------------------------------+----+----+-----+-----------+
    |Total                                                                | 825|   0|  826|          1|
    +---------------------------------------------------------------------+----+----+-----+-----------+



================================================================
== Interface
================================================================
* Summary: 
+---------------------+-----+-----+------------+--------------------+--------------+
|      RTL Ports      | Dir | Bits|  Protocol  |    Source Object   |    C Type    |
+---------------------+-----+-----+------------+--------------------+--------------+
|ap_clk               |   in|    1|  ap_ctrl_hs|  layer_norm_small_a|  return value|
|ap_rst               |   in|    1|  ap_ctrl_hs|  layer_norm_small_a|  return value|
|ap_start             |   in|    1|  ap_ctrl_hs|  layer_norm_small_a|  return value|
|ap_done              |  out|    1|  ap_ctrl_hs|  layer_norm_small_a|  return value|
|ap_idle              |  out|    1|  ap_ctrl_hs|  layer_norm_small_a|  return value|
|ap_ready             |  out|    1|  ap_ctrl_hs|  layer_norm_small_a|  return value|
|grp_fu_2341_p_din0   |  out|   32|  ap_ctrl_hs|  layer_norm_small_a|  return value|
|grp_fu_2341_p_din1   |  out|   32|  ap_ctrl_hs|  layer_norm_small_a|  return value|
|grp_fu_2341_p_dout0  |   in|   32|  ap_ctrl_hs|  layer_norm_small_a|  return value|
|grp_fu_2341_p_ce     |  out|    1|  ap_ctrl_hs|  layer_norm_small_a|  return value|
|grp_fu_2345_p_din0   |  out|   32|  ap_ctrl_hs|  layer_norm_small_a|  return value|
|grp_fu_2345_p_dout0  |   in|   64|  ap_ctrl_hs|  layer_norm_small_a|  return value|
|grp_fu_2345_p_ce     |  out|    1|  ap_ctrl_hs|  layer_norm_small_a|  return value|
|x_address0           |  out|    4|   ap_memory|                   x|         array|
|x_ce0                |  out|    1|   ap_memory|                   x|         array|
|x_we0                |  out|    1|   ap_memory|                   x|         array|
|x_d0                 |  out|   16|   ap_memory|                   x|         array|
|x_q0                 |   in|   16|   ap_memory|                   x|         array|
|x_address1           |  out|    4|   ap_memory|                   x|         array|
|x_ce1                |  out|    1|   ap_memory|                   x|         array|
|x_q1                 |   in|   16|   ap_memory|                   x|         array|
+---------------------+-----+-----+------------+--------------------+--------------+

