

================================================================
== Vitis HLS Report for 'linear_attention_q16_sparse_Pipeline_VITIS_LOOP_98_2_VITIS_LOOP_100_3'
================================================================
* Date:           Thu Jul  2 16:52:53 2026

* Version:        2022.2 (Build 3670227 on Oct 13 2022)
* Project:        q16_s10_attn_sparse
* Solution:       solution1 (Vivado IP Flow Target)
* Product family: zynq
* Target device:  xc7z020-clg400-1


================================================================
== Performance Estimates
================================================================
+ Timing: 
    * Summary: 
    +--------+----------+----------+------------+
    |  Clock |  Target  | Estimated| Uncertainty|
    +--------+----------+----------+------------+
    |ap_clk  |  10.00 ns|  5.947 ns|     2.70 ns|
    +--------+----------+----------+------------+

+ Latency: 
    * Summary: 
    +---------+---------+----------+----------+-----+-----+---------+
    |  Latency (cycles) |  Latency (absolute) |  Interval | Pipeline|
    |   min   |   max   |    min   |    max   | min | max |   Type  |
    +---------+---------+----------+----------+-----+-----+---------+
    |      263|      263|  2.630 us|  2.630 us|  263|  263|       no|
    +---------+---------+----------+----------+-----+-----+---------+

    + Detail: 
        * Instance: 
        N/A

        * Loop: 
        +------------------------------------+---------+---------+----------+-----------+-----------+------+----------+
        |                                    |  Latency (cycles) | Iteration|  Initiation Interval  | Trip |          |
        |              Loop Name             |   min   |   max   |  Latency |  achieved |   target  | Count| Pipelined|
        +------------------------------------+---------+---------+----------+-----------+-----------+------+----------+
        |- VITIS_LOOP_98_2_VITIS_LOOP_100_3  |      261|      261|         7|          1|          1|   256|       yes|
        +------------------------------------+---------+---------+----------+-----------+-----------+------+----------+

============================================================
+ Verbose Summary: Synthesis Manager
============================================================
InlineROM: 1
ExposeGlobal: 0
============================================================
+ Verbose Summary: CDFG Model
============================================================
IsTopModel: 0
ResetActiveHigh: 1
IsCombinational: 0
IsDatapathOnly: 0
HasWiredReturn: 1
HasMFsm: 2
HasVarLatency: 1
IsPipeline: 0
IsRtlPipelined: 0
IsInstanceOverlapped: 0
IsDontTouch: 0
HasImplIP: 0
IsGatedGlobalClock: 0

+ Individual pipeline summary: 
  * Pipeline-0: initiation interval (II) = 1, depth = 7


============================================================
+ Verbose Summary: Schedule
============================================================
* Number of FSM states : 7
* Pipeline : 1
  Pipeline-0 : II = 1, D = 7, States = { 1 2 3 4 5 6 7 }
* Dataflow Pipeline: 0

* FSM state transitions: 
1 --> 2 
2 --> 3 
3 --> 4 
4 --> 5 
5 --> 6 
6 --> 7 
7 --> 

* FSM state operations: 

State 1 <SV = 0> <Delay = 5.94>
ST_1 : Operation 10 [1/1] (0.00ns)   --->   "%lhs = alloca i32 1"   --->   Operation 10 'alloca' 'lhs' <Predicate = true> <Delay = 0.00>
ST_1 : Operation 11 [1/1] (0.00ns)   --->   "%i = alloca i32 1"   --->   Operation 11 'alloca' 'i' <Predicate = true> <Delay = 0.00>
ST_1 : Operation 12 [1/1] (0.00ns)   --->   "%d = alloca i32 1"   --->   Operation 12 'alloca' 'd' <Predicate = true> <Delay = 0.00>
ST_1 : Operation 13 [1/1] (0.00ns)   --->   "%indvar_flatten = alloca i32 1"   --->   Operation 13 'alloca' 'indvar_flatten' <Predicate = true> <Delay = 0.00>
ST_1 : Operation 14 [1/1] (0.00ns)   --->   "%zext_ln1271_3_read = read i8 @_ssdm_op_Read.ap_auto.i8, i8 %zext_ln1271_3"   --->   Operation 14 'read' 'zext_ln1271_3_read' <Predicate = true> <Delay = 0.00>
ST_1 : Operation 15 [1/1] (1.58ns)   --->   "%store_ln0 = store i9 0, i9 %indvar_flatten"   --->   Operation 15 'store' 'store_ln0' <Predicate = true> <Delay = 1.58>
ST_1 : Operation 16 [1/1] (1.58ns)   --->   "%store_ln0 = store i5 0, i5 %d"   --->   Operation 16 'store' 'store_ln0' <Predicate = true> <Delay = 1.58>
ST_1 : Operation 17 [1/1] (1.58ns)   --->   "%store_ln0 = store i5 0, i5 %i"   --->   Operation 17 'store' 'store_ln0' <Predicate = true> <Delay = 1.58>
ST_1 : Operation 18 [1/1] (1.58ns)   --->   "%store_ln0 = store i24 0, i24 %lhs"   --->   Operation 18 'store' 'store_ln0' <Predicate = true> <Delay = 1.58>
ST_1 : Operation 19 [1/1] (0.00ns)   --->   "%br_ln0 = br void %for.body42"   --->   Operation 19 'br' 'br_ln0' <Predicate = true> <Delay = 0.00>
ST_1 : Operation 20 [1/1] (0.00ns)   --->   "%indvar_flatten_load = load i9 %indvar_flatten" [src/imgds_linear_dense_q16.cpp:98]   --->   Operation 20 'load' 'indvar_flatten_load' <Predicate = true> <Delay = 0.00>
ST_1 : Operation 21 [1/1] (1.66ns)   --->   "%icmp_ln98 = icmp_eq  i9 %indvar_flatten_load, i9 256" [src/imgds_linear_dense_q16.cpp:98]   --->   Operation 21 'icmp' 'icmp_ln98' <Predicate = true> <Delay = 1.66> <CoreInst = "Cmp">   --->   Core 9 'Cmp' <Latency = 0> <II = 1> <Delay = 1.66> <FuncUnit> <Opcode : 'icmp'> <InPorts = 2> <OutPorts = 1>
ST_1 : Operation 22 [1/1] (1.82ns)   --->   "%add_ln98_1 = add i9 %indvar_flatten_load, i9 1" [src/imgds_linear_dense_q16.cpp:98]   --->   Operation 22 'add' 'add_ln98_1' <Predicate = true> <Delay = 1.82> <CoreInst = "Adder">   --->   Core 1 'Adder' <Latency = 0> <II = 1> <Delay = 1.82> <FuncUnit> <Opcode : 'add' 'sub'> <InPorts = 2> <OutPorts = 1>
ST_1 : Operation 23 [1/1] (0.00ns)   --->   "%br_ln98 = br i1 %icmp_ln98, void %for.end, void %for.body58.preheader.exitStub" [src/imgds_linear_dense_q16.cpp:98]   --->   Operation 23 'br' 'br_ln98' <Predicate = true> <Delay = 0.00>
ST_1 : Operation 24 [1/1] (0.00ns)   --->   "%i_load = load i5 %i" [src/imgds_linear_dense_q16.cpp:100]   --->   Operation 24 'load' 'i_load' <Predicate = (!icmp_ln98)> <Delay = 0.00>
ST_1 : Operation 25 [1/1] (0.00ns)   --->   "%d_load = load i5 %d" [src/imgds_linear_dense_q16.cpp:98]   --->   Operation 25 'load' 'd_load' <Predicate = (!icmp_ln98)> <Delay = 0.00>
ST_1 : Operation 26 [1/1] (1.78ns)   --->   "%add_ln98 = add i5 %d_load, i5 1" [src/imgds_linear_dense_q16.cpp:98]   --->   Operation 26 'add' 'add_ln98' <Predicate = (!icmp_ln98)> <Delay = 1.78> <CoreInst = "Adder">   --->   Core 1 'Adder' <Latency = 0> <II = 1> <Delay = 1.78> <FuncUnit> <Opcode : 'add' 'sub'> <InPorts = 2> <OutPorts = 1>
ST_1 : Operation 27 [1/1] (1.36ns)   --->   "%icmp_ln100 = icmp_eq  i5 %i_load, i5 16" [src/imgds_linear_dense_q16.cpp:100]   --->   Operation 27 'icmp' 'icmp_ln100' <Predicate = (!icmp_ln98)> <Delay = 1.36> <CoreInst = "Cmp">   --->   Core 9 'Cmp' <Latency = 0> <II = 1> <Delay = 1.36> <FuncUnit> <Opcode : 'icmp'> <InPorts = 2> <OutPorts = 1>
ST_1 : Operation 28 [1/1] (1.21ns)   --->   "%select_ln98 = select i1 %icmp_ln100, i5 0, i5 %i_load" [src/imgds_linear_dense_q16.cpp:98]   --->   Operation 28 'select' 'select_ln98' <Predicate = (!icmp_ln98)> <Delay = 1.21> <CoreInst = "Sel">   --->   Core 73 'Sel' <Latency = 0> <II = 1> <Delay = 1.21> <FuncUnit> <Opcode : 'select'> <InPorts = 3> <OutPorts = 1>
ST_1 : Operation 29 [1/1] (1.21ns)   --->   "%select_ln98_1 = select i1 %icmp_ln100, i5 %add_ln98, i5 %d_load" [src/imgds_linear_dense_q16.cpp:98]   --->   Operation 29 'select' 'select_ln98_1' <Predicate = (!icmp_ln98)> <Delay = 1.21> <CoreInst = "Sel">   --->   Core 73 'Sel' <Latency = 0> <II = 1> <Delay = 1.21> <FuncUnit> <Opcode : 'select'> <InPorts = 3> <OutPorts = 1>
ST_1 : Operation 30 [1/1] (0.00ns)   --->   "%trunc_ln98 = trunc i5 %select_ln98_1" [src/imgds_linear_dense_q16.cpp:98]   --->   Operation 30 'trunc' 'trunc_ln98' <Predicate = (!icmp_ln98)> <Delay = 0.00>
ST_1 : Operation 31 [1/1] (1.78ns)   --->   "%add_ln100 = add i5 %select_ln98, i5 1" [src/imgds_linear_dense_q16.cpp:100]   --->   Operation 31 'add' 'add_ln100' <Predicate = (!icmp_ln98)> <Delay = 1.78> <CoreInst = "Adder">   --->   Core 1 'Adder' <Latency = 0> <II = 1> <Delay = 1.78> <FuncUnit> <Opcode : 'add' 'sub'> <InPorts = 2> <OutPorts = 1>
ST_1 : Operation 32 [1/1] (1.36ns)   --->   "%icmp_ln100_1 = icmp_eq  i5 %add_ln100, i5 16" [src/imgds_linear_dense_q16.cpp:100]   --->   Operation 32 'icmp' 'icmp_ln100_1' <Predicate = (!icmp_ln98)> <Delay = 1.36> <CoreInst = "Cmp">   --->   Core 9 'Cmp' <Latency = 0> <II = 1> <Delay = 1.36> <FuncUnit> <Opcode : 'icmp'> <InPorts = 2> <OutPorts = 1>
ST_1 : Operation 33 [1/1] (0.00ns)   --->   "%br_ln100 = br i1 %icmp_ln100_1, void %ifFalse, void %ifTrue" [src/imgds_linear_dense_q16.cpp:100]   --->   Operation 33 'br' 'br_ln100' <Predicate = (!icmp_ln98)> <Delay = 0.00>
ST_1 : Operation 34 [1/1] (1.58ns)   --->   "%store_ln98 = store i9 %add_ln98_1, i9 %indvar_flatten" [src/imgds_linear_dense_q16.cpp:98]   --->   Operation 34 'store' 'store_ln98' <Predicate = (!icmp_ln98)> <Delay = 1.58>
ST_1 : Operation 35 [1/1] (1.58ns)   --->   "%store_ln98 = store i5 %select_ln98_1, i5 %d" [src/imgds_linear_dense_q16.cpp:98]   --->   Operation 35 'store' 'store_ln98' <Predicate = (!icmp_ln98)> <Delay = 1.58>
ST_1 : Operation 36 [1/1] (1.58ns)   --->   "%store_ln100 = store i5 %add_ln100, i5 %i" [src/imgds_linear_dense_q16.cpp:100]   --->   Operation 36 'store' 'store_ln100' <Predicate = (!icmp_ln98)> <Delay = 1.58>

State 2 <SV = 1> <Delay = 5.16>
ST_2 : Operation 37 [1/1] (0.00ns)   --->   "%p_mid2 = bitconcatenate i8 @_ssdm_op_BitConcatenate.i8.i4.i4, i4 %trunc_ln98, i4 0" [src/imgds_linear_dense_q16.cpp:98]   --->   Operation 37 'bitconcatenate' 'p_mid2' <Predicate = true> <Delay = 0.00>
ST_2 : Operation 38 [1/1] (0.00ns)   --->   "%zext_ln1271_1 = zext i5 %select_ln98"   --->   Operation 38 'zext' 'zext_ln1271_1' <Predicate = true> <Delay = 0.00>
ST_2 : Operation 39 [1/1] (1.91ns)   --->   "%add_ln1271 = add i8 %zext_ln1271_3_read, i8 %zext_ln1271_1"   --->   Operation 39 'add' 'add_ln1271' <Predicate = true> <Delay = 1.91> <CoreInst = "Adder">   --->   Core 1 'Adder' <Latency = 0> <II = 1> <Delay = 1.91> <FuncUnit> <Opcode : 'add' 'sub'> <InPorts = 2> <OutPorts = 1>
ST_2 : Operation 40 [1/1] (0.00ns)   --->   "%zext_ln1271_2 = zext i8 %add_ln1271"   --->   Operation 40 'zext' 'zext_ln1271_2' <Predicate = true> <Delay = 0.00>
ST_2 : Operation 41 [1/1] (0.00ns)   --->   "%x_addr = getelementptr i16 %x, i64 0, i64 %zext_ln1271_2"   --->   Operation 41 'getelementptr' 'x_addr' <Predicate = true> <Delay = 0.00>
ST_2 : Operation 42 [1/1] (1.91ns)   --->   "%add_ln102 = add i8 %zext_ln1271_1, i8 %p_mid2" [src/imgds_linear_dense_q16.cpp:102]   --->   Operation 42 'add' 'add_ln102' <Predicate = true> <Delay = 1.91> <CoreInst = "Adder">   --->   Core 1 'Adder' <Latency = 0> <II = 1> <Delay = 1.91> <FuncUnit> <Opcode : 'add' 'sub'> <InPorts = 2> <OutPorts = 1>
ST_2 : Operation 43 [1/1] (0.00ns)   --->   "%zext_ln1271 = zext i8 %add_ln102"   --->   Operation 43 'zext' 'zext_ln1271' <Predicate = true> <Delay = 0.00>
ST_2 : Operation 44 [2/2] (3.25ns)   --->   "%r_V = load i8 %x_addr"   --->   Operation 44 'load' 'r_V' <Predicate = true> <Delay = 3.25> <CoreInst = "RAM">   --->   Core 82 'RAM' <Latency = 1> <II = 1> <Delay = 3.25> <Storage> <Opcode : 'load' 'store'> <Ports = 2> <Width = 16> <Depth = 256> <RAM>
ST_2 : Operation 45 [1/1] (0.00ns)   --->   "%layers_0_attention_value_weight_V_addr = getelementptr i10 %layers_0_attention_value_weight_V, i64 0, i64 %zext_ln1271"   --->   Operation 45 'getelementptr' 'layers_0_attention_value_weight_V_addr' <Predicate = true> <Delay = 0.00>
ST_2 : Operation 46 [2/2] (3.25ns)   --->   "%layers_0_attention_value_weight_V_load = load i8 %layers_0_attention_value_weight_V_addr"   --->   Operation 46 'load' 'layers_0_attention_value_weight_V_load' <Predicate = true> <Delay = 3.25> <CoreInst = "ROM">   --->   Core 95 'ROM' <Latency = 1> <II = 1> <Delay = 3.25> <Storage> <Opcode : 'load'> <Ports = 0> <Width = 10> <Depth = 256> <ROM>

State 3 <SV = 2> <Delay = 5.40>
ST_3 : Operation 47 [1/2] (3.25ns)   --->   "%r_V = load i8 %x_addr"   --->   Operation 47 'load' 'r_V' <Predicate = true> <Delay = 3.25> <CoreInst = "RAM">   --->   Core 82 'RAM' <Latency = 1> <II = 1> <Delay = 3.25> <Storage> <Opcode : 'load' 'store'> <Ports = 2> <Width = 16> <Depth = 256> <RAM>
ST_3 : Operation 48 [1/1] (0.00ns)   --->   "%sext_ln1270 = sext i16 %r_V"   --->   Operation 48 'sext' 'sext_ln1270' <Predicate = true> <Delay = 0.00>
ST_3 : Operation 49 [1/2] (3.25ns)   --->   "%layers_0_attention_value_weight_V_load = load i8 %layers_0_attention_value_weight_V_addr"   --->   Operation 49 'load' 'layers_0_attention_value_weight_V_load' <Predicate = true> <Delay = 3.25> <CoreInst = "ROM">   --->   Core 95 'ROM' <Latency = 1> <II = 1> <Delay = 3.25> <Storage> <Opcode : 'load'> <Ports = 0> <Width = 10> <Depth = 256> <ROM>
ST_3 : Operation 50 [1/1] (0.00ns)   --->   "%sext_ln1273 = sext i10 %layers_0_attention_value_weight_V_load"   --->   Operation 50 'sext' 'sext_ln1273' <Predicate = true> <Delay = 0.00>
ST_3 : Operation 51 [4/4] (2.15ns) (root node of the DSP)   --->   "%r_V_2 = mul i26 %sext_ln1273, i26 %sext_ln1270"   --->   Operation 51 'mul' 'r_V_2' <Predicate = true> <Delay = 2.15> <CoreInst = "DSP48">   --->   Core 119 'DSP48' <Latency = 3> <II = 1> <Delay = 2.15> <IPBlock> <Opcode : 'mul' 'add' 'sub' 'select'> <InPorts = 0> <OutPorts = 1> <Sync> <CReg>

State 4 <SV = 3> <Delay = 2.15>
ST_4 : Operation 52 [3/4] (2.15ns) (root node of the DSP)   --->   "%r_V_2 = mul i26 %sext_ln1273, i26 %sext_ln1270"   --->   Operation 52 'mul' 'r_V_2' <Predicate = true> <Delay = 2.15> <CoreInst = "DSP48">   --->   Core 119 'DSP48' <Latency = 3> <II = 1> <Delay = 2.15> <IPBlock> <Opcode : 'mul' 'add' 'sub' 'select'> <InPorts = 0> <OutPorts = 1> <Sync> <CReg>

State 5 <SV = 4> <Delay = 2.15>
ST_5 : Operation 53 [2/4] (2.15ns) (root node of the DSP)   --->   "%r_V_2 = mul i26 %sext_ln1273, i26 %sext_ln1270"   --->   Operation 53 'mul' 'r_V_2' <Predicate = true> <Delay = 2.15> <CoreInst = "DSP48">   --->   Core 119 'DSP48' <Latency = 3> <II = 1> <Delay = 2.15> <IPBlock> <Opcode : 'mul' 'add' 'sub' 'select'> <InPorts = 0> <OutPorts = 1> <Sync> <CReg>

State 6 <SV = 5> <Delay = 4.77>
ST_6 : Operation 54 [1/1] (0.00ns)   --->   "%lhs_load = load i24 %lhs" [src/imgds_linear_dense_q16.cpp:98]   --->   Operation 54 'load' 'lhs_load' <Predicate = (!icmp_ln100)> <Delay = 0.00>
ST_6 : Operation 55 [1/4] (0.00ns) (root node of the DSP)   --->   "%r_V_2 = mul i26 %sext_ln1273, i26 %sext_ln1270"   --->   Operation 55 'mul' 'r_V_2' <Predicate = true> <Delay = 0.00> <CoreInst = "DSP48">   --->   Core 119 'DSP48' <Latency = 3> <II = 1> <Delay = 2.15> <IPBlock> <Opcode : 'mul' 'add' 'sub' 'select'> <InPorts = 0> <OutPorts = 1> <Sync> <CReg>
ST_6 : Operation 56 [1/1] (0.69ns)   --->   "%select_ln98_2 = select i1 %icmp_ln100, i24 0, i24 %lhs_load" [src/imgds_linear_dense_q16.cpp:98]   --->   Operation 56 'select' 'select_ln98_2' <Predicate = true> <Delay = 0.69> <CoreInst = "Sel">   --->   Core 73 'Sel' <Latency = 0> <II = 1> <Delay = 0.69> <FuncUnit> <Opcode : 'select'> <InPorts = 3> <OutPorts = 1>
ST_6 : Operation 57 [1/1] (0.00ns)   --->   "%lhs_1 = bitconcatenate i30 @_ssdm_op_BitConcatenate.i30.i24.i6, i24 %select_ln98_2, i6 0"   --->   Operation 57 'bitconcatenate' 'lhs_1' <Predicate = true> <Delay = 0.00>
ST_6 : Operation 58 [1/1] (0.00ns)   --->   "%sext_ln1347 = sext i26 %r_V_2"   --->   Operation 58 'sext' 'sext_ln1347' <Predicate = true> <Delay = 0.00>
ST_6 : Operation 59 [1/1] (0.00ns)   --->   "%trunc_ln1347 = trunc i24 %select_ln98_2"   --->   Operation 59 'trunc' 'trunc_ln1347' <Predicate = true> <Delay = 0.00>
ST_6 : Operation 60 [1/1] (0.00ns)   --->   "%trunc_ln1 = bitconcatenate i26 @_ssdm_op_BitConcatenate.i26.i20.i6, i20 %trunc_ln1347, i6 0"   --->   Operation 60 'bitconcatenate' 'trunc_ln1' <Predicate = true> <Delay = 0.00>
ST_6 : Operation 61 [1/1] (2.49ns)   --->   "%ret_V = add i30 %lhs_1, i30 %sext_ln1347"   --->   Operation 61 'add' 'ret_V' <Predicate = true> <Delay = 2.49> <CoreInst = "Adder">   --->   Core 1 'Adder' <Latency = 0> <II = 1> <Delay = 2.49> <FuncUnit> <Opcode : 'add' 'sub'> <InPorts = 2> <OutPorts = 1>
ST_6 : Operation 62 [1/1] (2.37ns)   --->   "%add_ln1347_1 = add i26 %trunc_ln1, i26 %r_V_2"   --->   Operation 62 'add' 'add_ln1347_1' <Predicate = true> <Delay = 2.37> <CoreInst = "Adder">   --->   Core 1 'Adder' <Latency = 0> <II = 1> <Delay = 2.37> <FuncUnit> <Opcode : 'add' 'sub'> <InPorts = 2> <OutPorts = 1>
ST_6 : Operation 63 [1/1] (0.00ns)   --->   "%sv_V = partselect i24 @_ssdm_op_PartSelect.i24.i30.i32.i32, i30 %ret_V, i32 6, i32 29"   --->   Operation 63 'partselect' 'sv_V' <Predicate = true> <Delay = 0.00>
ST_6 : Operation 64 [1/1] (0.00ns)   --->   "%trunc_ln2 = partselect i16 @_ssdm_op_PartSelect.i16.i26.i32.i32, i26 %add_ln1347_1, i32 10, i32 25" [src/imgds_linear_dense_q16.cpp:100]   --->   Operation 64 'partselect' 'trunc_ln2' <Predicate = true> <Delay = 0.00>
ST_6 : Operation 65 [1/1] (1.58ns)   --->   "%store_ln818 = store i24 %sv_V, i24 %lhs"   --->   Operation 65 'store' 'store_ln818' <Predicate = true> <Delay = 1.58>
ST_6 : Operation 66 [1/1] (0.00ns)   --->   "%br_ln0 = br void %for.body42"   --->   Operation 66 'br' 'br_ln0' <Predicate = true> <Delay = 0.00>
ST_6 : Operation 77 [1/1] (0.00ns)   --->   "%ret_ln0 = ret"   --->   Operation 77 'ret' 'ret_ln0' <Predicate = (icmp_ln98)> <Delay = 0.00>

State 7 <SV = 6> <Delay = 5.16>
ST_7 : Operation 67 [1/1] (0.00ns)   --->   "%specloopname_ln0 = specloopname void @_ssdm_op_SpecLoopName, void @VITIS_LOOP_98_2_VITIS_LOOP_100_3_str"   --->   Operation 67 'specloopname' 'specloopname_ln0' <Predicate = true> <Delay = 0.00>
ST_7 : Operation 68 [1/1] (0.00ns)   --->   "%empty = speclooptripcount i32 @_ssdm_op_SpecLoopTripCount, i64 256, i64 256, i64 256"   --->   Operation 68 'speclooptripcount' 'empty' <Predicate = true> <Delay = 0.00>
ST_7 : Operation 69 [1/1] (0.00ns)   --->   "%zext_ln104 = zext i5 %select_ln98_1" [src/imgds_linear_dense_q16.cpp:104]   --->   Operation 69 'zext' 'zext_ln104' <Predicate = true> <Delay = 0.00>
ST_7 : Operation 70 [1/1] (1.91ns)   --->   "%add_ln104 = add i8 %zext_ln1271_3_read, i8 %zext_ln104" [src/imgds_linear_dense_q16.cpp:104]   --->   Operation 70 'add' 'add_ln104' <Predicate = true> <Delay = 1.91> <CoreInst = "Adder">   --->   Core 1 'Adder' <Latency = 0> <II = 1> <Delay = 1.91> <FuncUnit> <Opcode : 'add' 'sub'> <InPorts = 2> <OutPorts = 1>
ST_7 : Operation 71 [1/1] (0.00ns)   --->   "%zext_ln104_1 = zext i8 %add_ln104" [src/imgds_linear_dense_q16.cpp:104]   --->   Operation 71 'zext' 'zext_ln104_1' <Predicate = true> <Delay = 0.00>
ST_7 : Operation 72 [1/1] (0.00ns)   --->   "%V_V_addr = getelementptr i16 %V_V, i64 0, i64 %zext_ln104_1" [src/imgds_linear_dense_q16.cpp:104]   --->   Operation 72 'getelementptr' 'V_V_addr' <Predicate = true> <Delay = 0.00>
ST_7 : Operation 73 [1/1] (0.00ns)   --->   "%specpipeline_ln101 = specpipeline void @_ssdm_op_SpecPipeline, i32 1, i32 0, i32 0, i32 0, void @empty_2" [src/imgds_linear_dense_q16.cpp:101]   --->   Operation 73 'specpipeline' 'specpipeline_ln101' <Predicate = true> <Delay = 0.00>
ST_7 : Operation 74 [1/1] (0.00ns)   --->   "%specloopname_ln99 = specloopname void @_ssdm_op_SpecLoopName, void @empty_14" [src/imgds_linear_dense_q16.cpp:99]   --->   Operation 74 'specloopname' 'specloopname_ln99' <Predicate = true> <Delay = 0.00>
ST_7 : Operation 75 [1/1] (3.25ns)   --->   "%store_ln104 = store i16 %trunc_ln2, i8 %V_V_addr" [src/imgds_linear_dense_q16.cpp:104]   --->   Operation 75 'store' 'store_ln104' <Predicate = (icmp_ln100_1)> <Delay = 3.25> <CoreInst = "RAM">   --->   Core 82 'RAM' <Latency = 1> <II = 1> <Delay = 3.25> <Storage> <Opcode : 'load' 'store'> <Ports = 2> <Width = 16> <Depth = 256> <RAM>
ST_7 : Operation 76 [1/1] (0.00ns)   --->   "%br_ln0 = br void %ifFalse"   --->   Operation 76 'br' 'br_ln0' <Predicate = (icmp_ln100_1)> <Delay = 0.00>


============================================================
+ Verbose Summary: Timing violations
============================================================
Target clock period: 10ns, clock uncertainty: 2.7ns.

 <State 1>: 5.95ns
The critical path consists of the following:
	'alloca' operation ('i') [6]  (0 ns)
	'load' operation ('i_load', src/imgds_linear_dense_q16.cpp:100) on local variable 'i' [22]  (0 ns)
	'icmp' operation ('icmp_ln100', src/imgds_linear_dense_q16.cpp:100) [27]  (1.36 ns)
	'select' operation ('select_ln98', src/imgds_linear_dense_q16.cpp:98) [28]  (1.22 ns)
	'add' operation ('add_ln100', src/imgds_linear_dense_q16.cpp:100) [58]  (1.78 ns)
	'store' operation ('store_ln100', src/imgds_linear_dense_q16.cpp:100) of variable 'add_ln100', src/imgds_linear_dense_q16.cpp:100 on local variable 'i' [68]  (1.59 ns)

 <State 2>: 5.17ns
The critical path consists of the following:
	'add' operation ('add_ln1271') [37]  (1.92 ns)
	'getelementptr' operation ('x_addr') [39]  (0 ns)
	'load' operation ('r.V') on array 'x' [44]  (3.25 ns)

 <State 3>: 5.4ns
The critical path consists of the following:
	'load' operation ('r.V') on array 'x' [44]  (3.25 ns)
	'mul' operation of DSP[49] ('r.V') [49]  (2.15 ns)

 <State 4>: 2.15ns
The critical path consists of the following:
	'mul' operation of DSP[49] ('r.V') [49]  (2.15 ns)

 <State 5>: 2.15ns
The critical path consists of the following:
	'mul' operation of DSP[49] ('r.V') [49]  (2.15 ns)

 <State 6>: 4.77ns
The critical path consists of the following:
	'load' operation ('lhs_load', src/imgds_linear_dense_q16.cpp:98) on local variable 'lhs' [21]  (0 ns)
	'select' operation ('select_ln98_2', src/imgds_linear_dense_q16.cpp:98) [50]  (0.694 ns)
	'add' operation ('ret.V') [55]  (2.49 ns)
	'store' operation ('store_ln818') of variable 'sv.V' on local variable 'lhs' [69]  (1.59 ns)

 <State 7>: 5.17ns
The critical path consists of the following:
	'add' operation ('add_ln104', src/imgds_linear_dense_q16.cpp:104) [31]  (1.92 ns)
	'getelementptr' operation ('V_V_addr', src/imgds_linear_dense_q16.cpp:104) [33]  (0 ns)
	'store' operation ('store_ln104', src/imgds_linear_dense_q16.cpp:104) of variable 'trunc_ln2', src/imgds_linear_dense_q16.cpp:100 on array 'V_V' [63]  (3.25 ns)


============================================================
+ Verbose Summary: Binding
============================================================
N/A
* FSMD analyzer results:
  - Output states:
 - Input state : 
  - Chain level:
	State 1
	State 2
	State 3
	State 4
	State 5
	State 6
	State 7


============================================================
+ Verbose Summary: Datapath Resource usage 
============================================================
N/A
