
****** Vitis HLS - High-Level Synthesis from C, C++ and OpenCL v2022.2 (64-bit)
  **** SW Build 3670227 on Oct 13 2022
  **** IP Build 3669848 on Fri Oct 14 08:30:02 MDT 2022
    ** Copyright 1986-2022 Xilinx, Inc. All Rights Reserved.

source /tools/Xilinx/Vitis_HLS/2022.2/scripts/vitis_hls/hls.tcl -notrace
INFO: [HLS 200-10] Running '/tools/Xilinx/Vitis_HLS/2022.2/bin/unwrapped/lnx64.o/vitis_hls'
INFO: [HLS 200-10] For user 'cym' on host 'cym-HP-OmniBook-7-Laptop-16-az0xxx' (Linux_x86_64 version 6.8.0-124-generic) on Wed Jul 01 00:16:42 CST 2026
INFO: [HLS 200-10] On os Ubuntu 22.04.5 LTS
INFO: [HLS 200-10] In directory '/home/cym/prj2/finn/notebooks/icl_thesis-master/experiments/imgds_linear_sparse/stage2_dense_hls_baselines/q16_s0_pareto2_axi/hls'
Sourcing Tcl script 'run_hls_axi_export.tcl'
INFO: [HLS 200-1510] Running: open_project imgds_linear_dense_q16_pareto2_axi 
INFO: [HLS 200-10] Creating and opening project '/home/cym/prj2/finn/notebooks/icl_thesis-master/experiments/imgds_linear_sparse/stage2_dense_hls_baselines/q16_s0_pareto2_axi/hls/imgds_linear_dense_q16_pareto2_axi'.
INFO: [HLS 200-1510] Running: set_top imgds_linear_dense_q16 
INFO: [HLS 200-1510] Running: add_files src/imgds_linear_dense_q16.cpp 
INFO: [HLS 200-10] Adding design file 'src/imgds_linear_dense_q16.cpp' to the project
INFO: [HLS 200-1510] Running: add_files src/imgds_linear_dense_q16.h 
INFO: [HLS 200-10] Adding design file 'src/imgds_linear_dense_q16.h' to the project
INFO: [HLS 200-1510] Running: add_files src/hls_params_q16.h 
INFO: [HLS 200-10] Adding design file 'src/hls_params_q16.h' to the project
INFO: [HLS 200-1510] Running: add_files src/eval_samples_q16.h 
INFO: [HLS 200-10] Adding design file 'src/eval_samples_q16.h' to the project
INFO: [HLS 200-1510] Running: add_files src/testbench.cpp -tb 
INFO: [HLS 200-10] Adding test bench file 'src/testbench.cpp' to the project
INFO: [HLS 200-1510] Running: open_solution solution1 -flow_target vivado 
INFO: [HLS 200-10] Creating and opening solution '/home/cym/prj2/finn/notebooks/icl_thesis-master/experiments/imgds_linear_sparse/stage2_dense_hls_baselines/q16_s0_pareto2_axi/hls/imgds_linear_dense_q16_pareto2_axi/solution1'.
INFO: [HLS 200-1505] Using flow_target 'vivado'
Resolution: For help on HLS 200-1505 see www.xilinx.com/cgi-bin/docs/rdoc?v=2022.2;t=hls+guidance;d=200-1505.html
INFO: [HLS 200-435] Setting 'open_solution -flow_target vivado' configuration: config_interface -m_axi_latency=0
INFO: [HLS 200-1510] Running: set_part xc7z020clg400-1 
INFO: [HLS 200-1611] Setting target device to 'xc7z020-clg400-1'
INFO: [HLS 200-1510] Running: create_clock -period 10 -name default 
INFO: [SYN 201-201] Setting up clock 'default' with a period of 10ns.
INFO: [HLS 200-1510] Running: csim_design 
Running Dispatch Server on port: 39289
INFO: [SIM 211-2] *************** CSIM start ***************
INFO: [SIM 211-4] CSIM will launch GCC as the compiler.
   Compiling ../../../../src/testbench.cpp in debug mode
   Compiling ../../../../src/imgds_linear_dense_q16.cpp in debug mode
   Generating csim.exe
Q16-S0-PARETO2 CSIM Testbench
==================================================

==================================================
Q16-S0-PARETO2  CSIM Results (N=200)
==================================================
  Prediction match rate vs Q32:  0.9850  (197/200)
  HW  label accuracy:            0.9450  (189/200)
  Ref label accuracy:            0.9500  (190/200)
  Mismatch count  (hw!=ref):     3
  Max  abs error vs Q32 ref:     0.42115319
  Mean abs error vs Q32 ref:     0.06591579

  First 3 mismatches:
  sample hw_logits      ref_logits     hw_pr  ref_pr label 
  ------ -------------- -------------- -----  -----  ----- 
  0      [ 0.4863, 0.4883] [ 0.6272, 0.3213] 1     0     0    
  73     [ 0.6426, 0.8008] [ 0.8308, 0.6993] 1     0     1    
  88     [ 0.7090, 0.5527] [ 0.6301, 0.6349] 0     1     1    

==================================================
  strict_threshold_0p99  : FAIL
  relaxed_threshold_0p98 : PASS
==================================================

CSIM PASSED (relaxed). HW accuracy=0.9450.
INFO: [SIM 211-1] CSim done with 0 errors.
INFO: [SIM 211-3] *************** CSIM finish ***************
INFO: [HLS 200-111] Finished Command csim_design CPU user time: 12.35 seconds. CPU system time: 0.44 seconds. Elapsed time: 13.01 seconds; current allocated memory: 0.000 MB.
INFO: [HLS 200-1510] Running: csynth_design 
INFO: [HLS 200-111] Finished File checks and directory preparation: CPU user time: 0 seconds. CPU system time: 0 seconds. Elapsed time: 0 seconds; current allocated memory: 308.707 MB.
INFO: [HLS 200-10] Analyzing design file 'src/imgds_linear_dense_q16.cpp' ... 
WARNING: [HLS 207-5555] unexpected pragma argument 'mul', expects function/operation (src/imgds_linear_dense_q16.cpp:85:34)
WARNING: [HLS 207-5555] unexpected pragma argument 'mul', expects function/operation (src/imgds_linear_dense_q16.cpp:178:34)
WARNING: [HLS 207-5555] unexpected pragma argument 'mul', expects function/operation (src/imgds_linear_dense_q16.cpp:223:34)
INFO: [HLS 200-111] Finished Source Code Analysis and Preprocessing: CPU user time: 4 seconds. CPU system time: 0.43 seconds. Elapsed time: 4.74 seconds; current allocated memory: 311.758 MB.
INFO: [HLS 200-777] Using interface defaults for 'Vivado' flow target.
INFO: [HLS 214-131] Inlining function 'feature_map(ap_fixed<16, 6, (ap_q_mode)5, (ap_o_mode)3, 0>)' into 'linear_attention_q16(ap_fixed<16, 6, (ap_q_mode)5, (ap_o_mode)3, 0> (*) [16], ap_fixed<16, 6, (ap_q_mode)5, (ap_o_mode)3, 0> const*, ap_fixed<16, 6, (ap_q_mode)5, (ap_o_mode)3, 0> const*, ap_fixed<16, 6, (ap_q_mode)5, (ap_o_mode)3, 0> const*, ap_fixed<16, 6, (ap_q_mode)5, (ap_o_mode)3, 0> const*, ap_fixed<16, 6, (ap_q_mode)5, (ap_o_mode)3, 0> const*)' (src/imgds_linear_dense_q16.cpp:105:23)
INFO: [HLS 214-131] Inlining function 'feature_map(ap_fixed<16, 6, (ap_q_mode)5, (ap_o_mode)3, 0>)' into 'linear_attention_q16(ap_fixed<16, 6, (ap_q_mode)5, (ap_o_mode)3, 0> (*) [16], ap_fixed<16, 6, (ap_q_mode)5, (ap_o_mode)3, 0> const*, ap_fixed<16, 6, (ap_q_mode)5, (ap_o_mode)3, 0> const*, ap_fixed<16, 6, (ap_q_mode)5, (ap_o_mode)3, 0> const*, ap_fixed<16, 6, (ap_q_mode)5, (ap_o_mode)3, 0> const*, ap_fixed<16, 6, (ap_q_mode)5, (ap_o_mode)3, 0> const*)' (src/imgds_linear_dense_q16.cpp:104:23)
INFO: [HLS 214-186] Unrolling loop 'VITIS_LOOP_283_8' (src/imgds_linear_dense_q16.cpp:283:23) in function 'imgds_linear_dense_q16' completely with a factor of 2 (src/imgds_linear_dense_q16.cpp:216:0)
INFO: [HLS 214-186] Unrolling loop 'VITIS_LOOP_286_9' (src/imgds_linear_dense_q16.cpp:286:27) in function 'imgds_linear_dense_q16' completely with a factor of 16 (src/imgds_linear_dense_q16.cpp:216:0)
INFO: [HLS 214-178] Inlining function 'feedforward_q16(ap_fixed<16, 6, (ap_q_mode)5, (ap_o_mode)3, 0> (*) [16], ap_fixed<16, 6, (ap_q_mode)5, (ap_o_mode)3, 0> const*, ap_fixed<16, 6, (ap_q_mode)5, (ap_o_mode)3, 0> const*, ap_fixed<16, 6, (ap_q_mode)5, (ap_o_mode)3, 0> const*, ap_fixed<16, 6, (ap_q_mode)5, (ap_o_mode)3, 0> const*)' into 'imgds_linear_dense_q16(ap_fixed<16, 6, (ap_q_mode)5, (ap_o_mode)3, 0> (*) [64], ap_fixed<16, 6, (ap_q_mode)5, (ap_o_mode)3, 0>*)' (src/imgds_linear_dense_q16.cpp:216:0)
INFO: [HLS 214-241] Aggregating maxi variable 'input' with compact=none mode in 16-bits (src/imgds_linear_dense_q16.cpp:216:0)
INFO: [HLS 214-115] Multiple burst reads of length 64 and bit width 16 in loop 'VITIS_LOOP_234_3'(src/imgds_linear_dense_q16.cpp:234:31) has been inferred on bundle 'gmem0'. These burst requests might be further partitioned into multiple requests during RTL generation, based on max_read_burst_length or max_write_burst_length settings. (src/imgds_linear_dense_q16.cpp:234:31)
INFO: [HLS 214-115] Multiple burst writes of length 2 and bit width 16 has been inferred on bundle 'gmem1'. These burst requests might be further partitioned into multiple requests during RTL generation, based on max_read_burst_length or max_write_burst_length settings. (src/imgds_linear_dense_q16.cpp:283:32)
INFO: [HLS 200-111] Finished Compiling Optimization and Transform: CPU user time: 3.4 seconds. CPU system time: 0.39 seconds. Elapsed time: 4 seconds; current allocated memory: 311.953 MB.
INFO: [HLS 200-111] Finished Checking Pragmas: CPU user time: 0 seconds. CPU system time: 0 seconds. Elapsed time: 0 seconds; current allocated memory: 311.953 MB.
INFO: [HLS 200-10] Starting code transformations ...
INFO: [HLS 200-111] Finished Standard Transforms: CPU user time: 0.11 seconds. CPU system time: 0.01 seconds. Elapsed time: 0.18 seconds; current allocated memory: 335.770 MB.
INFO: [HLS 200-10] Checking synthesizability ...
WARNING: [SYNCHK 200-23] /tools/Xilinx/Vitis_HLS/2022.2/common/technology/autopilot/ap_fixed_base.h:1102: variable-indexed range selection may cause suboptimal QoR.
WARNING: [SYNCHK 200-120] /tools/Xilinx/Vitis_HLS/2022.2/common/technology/autopilot/ap_fixed_base.h:1273: multiplication is assumed not to overflow by default, otherwise, please add option '-fwrapv'.
INFO: [SYNCHK 200-10] 0 error(s), 2 warning(s).
INFO: [HLS 200-111] Finished Checking Synthesizability: CPU user time: 0.19 seconds. CPU system time: 0.01 seconds. Elapsed time: 0.21 seconds; current allocated memory: 365.211 MB.
INFO: [XFORM 203-510] Pipelining loop 'VITIS_LOOP_46_1' (src/imgds_linear_dense_q16.cpp:45) in function 'layer_norm_q16' automatically.
INFO: [XFORM 203-510] Pipelining loop 'VITIS_LOOP_52_2' (src/imgds_linear_dense_q16.cpp:51) in function 'layer_norm_q16' automatically.
INFO: [XFORM 203-510] Pipelining loop 'VITIS_LOOP_64_3' (src/imgds_linear_dense_q16.cpp:64) in function 'layer_norm_q16' automatically.
INFO: [XFORM 203-510] Pipelining loop 'VITIS_LOOP_254_4' (src/imgds_linear_dense_q16.cpp:254) in function 'imgds_linear_dense_q16' automatically.
INFO: [XFORM 203-510] Pipelining loop 'VITIS_LOOP_205_6' (src/imgds_linear_dense_q16.cpp:205) in function 'imgds_linear_dense_q16' automatically.
INFO: [XFORM 203-510] Pipelining loop 'VITIS_LOOP_267_5' (src/imgds_linear_dense_q16.cpp:267) in function 'imgds_linear_dense_q16' automatically.
INFO: [XFORM 203-502] Unrolling all loops for pipelining in function 'layer_norm_q16.1' (src/imgds_linear_dense_q16.cpp:45:22).
INFO: [HLS 200-489] Unrolling loop 'VITIS_LOOP_46_1' (src/imgds_linear_dense_q16.cpp:45) in function 'layer_norm_q16.1' completely with a factor of 16.
INFO: [HLS 200-489] Unrolling loop 'VITIS_LOOP_52_2' (src/imgds_linear_dense_q16.cpp:51) in function 'layer_norm_q16.1' completely with a factor of 16.
INFO: [HLS 200-489] Unrolling loop 'VITIS_LOOP_64_3' (src/imgds_linear_dense_q16.cpp:64) in function 'layer_norm_q16.1' completely with a factor of 16.
INFO: [XFORM 203-102] Partitioning array 'layers_0_norm2_weight.V' automatically.
INFO: [XFORM 203-102] Partitioning array 'layers_0_norm2_bias.V' automatically.
INFO: [XFORM 203-102] Partitioning array 'layers_0_norm1_weight.V' automatically.
INFO: [XFORM 203-102] Partitioning array 'layers_0_norm1_bias.V' automatically.
INFO: [XFORM 203-401] Performing if-conversion on hyperblock from (src/imgds_linear_dense_q16.cpp:29:41) to (src/imgds_linear_dense_q16.cpp:95:26) in function 'linear_attention_q16'... converting 31 basic blocks.
INFO: [XFORM 203-401] Performing if-conversion on hyperblock to (src/imgds_linear_dense_q16.cpp:147:28) in function 'linear_attention_q16'... converting 16 basic blocks.
INFO: [XFORM 203-401] Performing if-conversion on hyperblock to (src/imgds_linear_dense_q16.cpp:68:1) in function 'layer_norm_q16.1'... converting 16 basic blocks.
INFO: [XFORM 203-401] Performing if-conversion on hyperblock to (src/imgds_linear_dense_q16.cpp:64:22) in function 'layer_norm_q16'... converting 16 basic blocks.
INFO: [XFORM 203-11] Balancing expressions in function 'layer_norm_q16.1' (src/imgds_linear_dense_q16.cpp:60:1)...29 expression(s) balanced.
INFO: [HLS 200-111] Finished Loop, function and other optimizations: CPU user time: 0.5 seconds. CPU system time: 0.03 seconds. Elapsed time: 0.63 seconds; current allocated memory: 422.488 MB.
WARNING: [HLS 200-960] Cannot flatten loop 'VITIS_LOOP_95_2' (src/imgds_linear_dense_q16.cpp:95:35) in function 'linear_attention_q16' the outer loop is not a perfect loop because there is nontrivial logic in the loop latch.
Resolution: For help on HLS 200-960 see www.xilinx.com/cgi-bin/docs/rdoc?v=2022.2;t=hls+guidance;d=200-960.html
INFO: [XFORM 203-541] Flattening a loop nest 'VITIS_LOOP_94_1' (src/imgds_linear_dense_q16.cpp:94:31) in function 'linear_attention_q16'.
INFO: [XFORM 203-541] Flattening a loop nest 'VITIS_LOOP_113_5' (src/imgds_linear_dense_q16.cpp:113:36) in function 'linear_attention_q16'.
INFO: [XFORM 203-541] Flattening a loop nest 'VITIS_LOOP_112_4' (src/imgds_linear_dense_q16.cpp:112:32) in function 'linear_attention_q16'.
WARNING: [HLS 200-960] Cannot flatten loop 'VITIS_LOOP_125_7' (src/imgds_linear_dense_q16.cpp:125:32) in function 'linear_attention_q16' the outer loop is not a perfect loop because there is nontrivial logic in the loop latch.
Resolution: For help on HLS 200-960 see www.xilinx.com/cgi-bin/docs/rdoc?v=2022.2;t=hls+guidance;d=200-960.html
INFO: [XFORM 203-541] Flattening a loop nest 'VITIS_LOOP_147_11' (src/imgds_linear_dense_q16.cpp:147:37) in function 'linear_attention_q16'.
WARNING: [HLS 200-960] Cannot flatten loop 'VITIS_LOOP_157_13' (src/imgds_linear_dense_q16.cpp:157:37) in function 'linear_attention_q16' the outer loop is not a perfect loop.
Resolution: For help on HLS 200-960 see www.xilinx.com/cgi-bin/docs/rdoc?v=2022.2;t=hls+guidance;d=200-960.html
WARNING: [HLS 200-960] Cannot flatten loop 'VITIS_LOOP_135_9' (src/imgds_linear_dense_q16.cpp:137:15) in function 'linear_attention_q16' more than one sub loop.
Resolution: For help on HLS 200-960 see www.xilinx.com/cgi-bin/docs/rdoc?v=2022.2;t=hls+guidance;d=200-960.html
WARNING: [HLS 200-960] Cannot flatten loop 'VITIS_LOOP_232_2' (src/imgds_linear_dense_q16.cpp:232:36) in function 'imgds_linear_dense_q16' the outer loop is not a perfect loop.
Resolution: For help on HLS 200-960 see www.xilinx.com/cgi-bin/docs/rdoc?v=2022.2;t=hls+guidance;d=200-960.html
INFO: [XFORM 203-541] Flattening a loop nest 'VITIS_LOOP_231_1' (src/imgds_linear_dense_q16.cpp:231:32) in function 'imgds_linear_dense_q16'.
WARNING: [HLS 200-960] Cannot flatten loop 'VITIS_LOOP_183_2' (src/imgds_linear_dense_q16.cpp:183:36) in function 'imgds_linear_dense_q16' the outer loop is not a perfect loop because there is nontrivial logic in the loop latch.
Resolution: For help on HLS 200-960 see www.xilinx.com/cgi-bin/docs/rdoc?v=2022.2;t=hls+guidance;d=200-960.html
WARNING: [HLS 200-960] Cannot flatten loop 'VITIS_LOOP_195_4' (src/imgds_linear_dense_q16.cpp:195:36) in function 'imgds_linear_dense_q16' the outer loop is not a perfect loop.
Resolution: For help on HLS 200-960 see www.xilinx.com/cgi-bin/docs/rdoc?v=2022.2;t=hls+guidance;d=200-960.html
WARNING: [HLS 200-960] Cannot flatten loop 'VITIS_LOOP_180_1' (src/imgds_linear_dense_q16.cpp:180:29) in function 'imgds_linear_dense_q16' more than one sub loop.
Resolution: For help on HLS 200-960 see www.xilinx.com/cgi-bin/docs/rdoc?v=2022.2;t=hls+guidance;d=200-960.html
INFO: [XFORM 203-541] Flattening a loop nest 'VITIS_LOOP_272_6' (src/imgds_linear_dense_q16.cpp:272:32) in function 'imgds_linear_dense_q16'.
INFO: [HLS 200-472] Inferring partial write operation for 'Q.V' (src/imgds_linear_dense_q16.cpp:104:21)
INFO: [HLS 200-472] Inferring partial write operation for 'K.V' (src/imgds_linear_dense_q16.cpp:105:21)
INFO: [HLS 200-472] Inferring partial write operation for 'V.V' (src/imgds_linear_dense_q16.cpp:106:21)
INFO: [HLS 200-472] Inferring partial write operation for 'KV.V' (src/imgds_linear_dense_q16.cpp:119:24)
INFO: [HLS 200-472] Inferring partial write operation for 'K_sum.V' (src/imgds_linear_dense_q16.cpp:131:18)
INFO: [HLS 200-472] Inferring partial write operation for 'attended.V' (src/imgds_linear_dense_q16.cpp:153:26)
INFO: [HLS 200-472] Inferring partial write operation for 'x' (src/imgds_linear_dense_q16.cpp:163:23)
INFO: [HLS 200-472] Inferring partial write operation for 'x' (src/imgds_linear_dense_q16.cpp:66:14)
INFO: [HLS 200-472] Inferring partial write operation for 'x.V' (src/imgds_linear_dense_q16.cpp:238:21)
INFO: [HLS 200-472] Inferring partial write operation for 'hidden.V' 
INFO: [HLS 200-472] Inferring partial write operation for 'ff_out.V' (src/imgds_linear_dense_q16.cpp:201:23)
INFO: [HLS 200-472] Inferring partial write operation for 'x.V' (src/imgds_linear_dense_q16.cpp:206:23)
INFO: [HLS 200-472] Inferring partial write operation for 'pooled.V' (src/imgds_linear_dense_q16.cpp:278:19)
INFO: [HLS 200-111] Finished Architecture Synthesis: CPU user time: 0.58 seconds. CPU system time: 0.05 seconds. Elapsed time: 0.67 seconds; current allocated memory: 613.023 MB.
INFO: [HLS 200-10] Starting hardware synthesis ...
INFO: [HLS 200-10] Synthesizing 'imgds_linear_dense_q16' ...
WARNING: [SYN 201-103] Legalizing function name 'layer_norm_q16.1' to 'layer_norm_q16_1'.
INFO: [HLS 200-10] ----------------------------------------------------------------
INFO: [HLS 200-42] -- Implementing module 'imgds_linear_dense_q16_Pipeline_VITIS_LOOP_234_3' 
INFO: [HLS 200-10] ----------------------------------------------------------------
INFO: [SCHED 204-11] Starting scheduling ...
INFO: [HLS 200-486] Changing DSP latency (root=r_V_10) to 3 in order to utilize available DSP registers.
INFO: [SCHED 204-61] Pipelining loop 'VITIS_LOOP_234_3'.
INFO: [HLS 200-1470] Pipelining result : Target II = 1, Final II = 1, Depth = 7, loop 'VITIS_LOOP_234_3'
INFO: [SCHED 204-11] Finished scheduling.
INFO: [HLS 200-111] Finished Scheduling: CPU user time: 0.09 seconds. CPU system time: 0.02 seconds. Elapsed time: 0.14 seconds; current allocated memory: 614.859 MB.
INFO: [BIND 205-100] Starting micro-architecture generation ...
INFO: [BIND 205-101] Performing variable lifetime analysis.
INFO: [BIND 205-101] Exploring resource sharing.
INFO: [BIND 205-101] Binding ...
INFO: [BIND 205-100] Finished micro-architecture generation.
INFO: [HLS 200-111] Finished Binding: CPU user time: 0.03 seconds. CPU system time: 0 seconds. Elapsed time: 0.03 seconds; current allocated memory: 614.859 MB.
INFO: [HLS 200-10] ----------------------------------------------------------------
INFO: [HLS 200-42] -- Implementing module 'linear_attention_q16_Pipeline_VITIS_LOOP_97_3' 
INFO: [HLS 200-10] ----------------------------------------------------------------
INFO: [SCHED 204-11] Starting scheduling ...
INFO: [HLS 200-486] Changing DSP latency (root=r_V_5) to 3 in order to utilize available DSP registers.
INFO: [HLS 200-486] Changing DSP latency (root=r_V_4) to 3 in order to utilize available DSP registers.
INFO: [HLS 200-486] Changing DSP latency (root=r_V) to 3 in order to utilize available DSP registers.
INFO: [SCHED 204-61] Pipelining loop 'VITIS_LOOP_97_3'.
INFO: [HLS 200-1470] Pipelining result : Target II = 1, Final II = 1, Depth = 5, loop 'VITIS_LOOP_97_3'
INFO: [SCHED 204-11] Finished scheduling.
INFO: [HLS 200-111] Finished Scheduling: CPU user time: 0.05 seconds. CPU system time: 0.01 seconds. Elapsed time: 0.06 seconds; current allocated memory: 615.551 MB.
INFO: [BIND 205-100] Starting micro-architecture generation ...
INFO: [BIND 205-101] Performing variable lifetime analysis.
INFO: [BIND 205-101] Exploring resource sharing.
INFO: [BIND 205-101] Binding ...
INFO: [BIND 205-100] Finished micro-architecture generation.
INFO: [HLS 200-111] Finished Binding: CPU user time: 0.03 seconds. CPU system time: 0 seconds. Elapsed time: 0.03 seconds; current allocated memory: 615.551 MB.
INFO: [HLS 200-10] ----------------------------------------------------------------
INFO: [HLS 200-42] -- Implementing module 'linear_attention_q16_Pipeline_VITIS_LOOP_112_4_VITIS_LOOP_113_5_VITIS_LOOP_115_6' 
INFO: [HLS 200-10] ----------------------------------------------------------------
INFO: [SCHED 204-11] Starting scheduling ...
INFO: [HLS 200-486] Changing DSP latency (root=mul_ln1347) to 3 in order to utilize available DSP registers.
INFO: [SCHED 204-61] Pipelining loop 'VITIS_LOOP_112_4_VITIS_LOOP_113_5_VITIS_LOOP_115_6'.
INFO: [HLS 200-1470] Pipelining result : Target II = 1, Final II = 1, Depth = 7, loop 'VITIS_LOOP_112_4_VITIS_LOOP_113_5_VITIS_LOOP_115_6'
WARNING: [HLS 200-871] Estimated clock period (7.90325ns) exceeds the target (target clock period: 10ns, clock uncertainty: 2.7ns, effective delay budget: 7.3ns).
Resolution: For help on HLS 200-871 see www.xilinx.com/cgi-bin/docs/rdoc?v=2022.2;t=hls+guidance;d=200-871.html
WARNING: [HLS 200-1016] The critical path in module 'linear_attention_q16_Pipeline_VITIS_LOOP_112_4_VITIS_LOOP_113_5_VITIS_LOOP_115_6' consists of the following:	'load' operation ('pos_load', src/imgds_linear_dense_q16.cpp:115) on local variable 'pos' [25]  (0 ns)
	'icmp' operation ('icmp_ln115', src/imgds_linear_dense_q16.cpp:115) [38]  (1.36 ns)
	'and' operation ('and_ln112', src/imgds_linear_dense_q16.cpp:112) [39]  (0.978 ns)
	'or' operation ('or_ln113', src/imgds_linear_dense_q16.cpp:113) [42]  (0.978 ns)
	'select' operation ('select_ln113', src/imgds_linear_dense_q16.cpp:113) [43]  (1.22 ns)
	'add' operation ('add_ln115', src/imgds_linear_dense_q16.cpp:115) [68]  (1.78 ns)
	'store' operation ('pos_write_ln115', src/imgds_linear_dense_q16.cpp:115) of variable 'add_ln115', src/imgds_linear_dense_q16.cpp:115 on local variable 'pos' [82]  (1.59 ns)

Resolution: For help on HLS 200-1016 see www.xilinx.com/cgi-bin/docs/rdoc?v=2022.2;t=hls+guidance;d=200-1016.html
INFO: [SCHED 204-11] Finished scheduling.
INFO: [HLS 200-111] Finished Scheduling: CPU user time: 0.08 seconds. CPU system time: 0 seconds. Elapsed time: 0.17 seconds; current allocated memory: 616.414 MB.
INFO: [BIND 205-100] Starting micro-architecture generation ...
INFO: [BIND 205-101] Performing variable lifetime analysis.
INFO: [BIND 205-101] Exploring resource sharing.
INFO: [BIND 205-101] Binding ...
INFO: [BIND 205-100] Finished micro-architecture generation.
INFO: [HLS 200-111] Finished Binding: CPU user time: 0.05 seconds. CPU system time: 0 seconds. Elapsed time: 0.1 seconds; current allocated memory: 616.414 MB.
INFO: [HLS 200-10] ----------------------------------------------------------------
INFO: [HLS 200-42] -- Implementing module 'linear_attention_q16_Pipeline_VITIS_LOOP_127_8' 
INFO: [HLS 200-10] ----------------------------------------------------------------
INFO: [SCHED 204-11] Starting scheduling ...
INFO: [SCHED 204-61] Pipelining loop 'VITIS_LOOP_127_8'.
INFO: [HLS 200-1470] Pipelining result : Target II = 1, Final II = 1, Depth = 2, loop 'VITIS_LOOP_127_8'
INFO: [SCHED 204-11] Finished scheduling.
INFO: [HLS 200-111] Finished Scheduling: CPU user time: 0.06 seconds. CPU system time: 0.01 seconds. Elapsed time: 0.08 seconds; current allocated memory: 616.656 MB.
INFO: [BIND 205-100] Starting micro-architecture generation ...
INFO: [BIND 205-101] Performing variable lifetime analysis.
INFO: [BIND 205-101] Exploring resource sharing.
INFO: [BIND 205-101] Binding ...
INFO: [BIND 205-100] Finished micro-architecture generation.
INFO: [HLS 200-111] Finished Binding: CPU user time: 0.02 seconds. CPU system time: 0 seconds. Elapsed time: 0.02 seconds; current allocated memory: 616.656 MB.
INFO: [HLS 200-10] ----------------------------------------------------------------
INFO: [HLS 200-42] -- Implementing module 'linear_attention_q16_Pipeline_VITIS_LOOP_138_10' 
INFO: [HLS 200-10] ----------------------------------------------------------------
INFO: [SCHED 204-11] Starting scheduling ...
INFO: [HLS 200-486] Changing DSP latency (root=mul_ln1347) to 3 in order to utilize available DSP registers.
INFO: [SCHED 204-61] Pipelining loop 'VITIS_LOOP_138_10'.
INFO: [HLS 200-1470] Pipelining result : Target II = 1, Final II = 1, Depth = 5, loop 'VITIS_LOOP_138_10'
INFO: [SCHED 204-11] Finished scheduling.
INFO: [HLS 200-111] Finished Scheduling: CPU user time: 0.02 seconds. CPU system time: 0 seconds. Elapsed time: 0.03 seconds; current allocated memory: 617.016 MB.
INFO: [BIND 205-100] Starting micro-architecture generation ...
INFO: [BIND 205-101] Performing variable lifetime analysis.
INFO: [BIND 205-101] Exploring resource sharing.
INFO: [BIND 205-101] Binding ...
INFO: [BIND 205-100] Finished micro-architecture generation.
INFO: [HLS 200-111] Finished Binding: CPU user time: 0.02 seconds. CPU system time: 0 seconds. Elapsed time: 0.02 seconds; current allocated memory: 617.016 MB.
INFO: [HLS 200-10] ----------------------------------------------------------------
INFO: [HLS 200-42] -- Implementing module 'linear_attention_q16_Pipeline_VITIS_LOOP_147_11_VITIS_LOOP_149_12' 
INFO: [HLS 200-10] ----------------------------------------------------------------
INFO: [SCHED 204-11] Starting scheduling ...
INFO: [HLS 200-486] Changing DSP latency (root=mul_ln1347) to 3 in order to utilize available DSP registers.
INFO: [HLS 200-486] Changing DSP latency (root=mul_ln1270) to 3 in order to utilize available DSP registers.
INFO: [SCHED 204-61] Pipelining loop 'VITIS_LOOP_147_11_VITIS_LOOP_149_12'.
INFO: [HLS 200-1470] Pipelining result : Target II = 1, Final II = 1, Depth = 9, loop 'VITIS_LOOP_147_11_VITIS_LOOP_149_12'
INFO: [SCHED 204-11] Finished scheduling.
INFO: [HLS 200-111] Finished Scheduling: CPU user time: 0.05 seconds. CPU system time: 0 seconds. Elapsed time: 0.05 seconds; current allocated memory: 617.477 MB.
INFO: [BIND 205-100] Starting micro-architecture generation ...
INFO: [BIND 205-101] Performing variable lifetime analysis.
INFO: [BIND 205-101] Exploring resource sharing.
INFO: [BIND 205-101] Binding ...
INFO: [BIND 205-100] Finished micro-architecture generation.
INFO: [HLS 200-111] Finished Binding: CPU user time: 0.03 seconds. CPU system time: 0 seconds. Elapsed time: 0.04 seconds; current allocated memory: 617.477 MB.
INFO: [HLS 200-10] ----------------------------------------------------------------
INFO: [HLS 200-42] -- Implementing module 'linear_attention_q16_Pipeline_VITIS_LOOP_159_14' 
INFO: [HLS 200-10] ----------------------------------------------------------------
INFO: [SCHED 204-11] Starting scheduling ...
INFO: [HLS 200-486] Changing DSP latency (root=r_V_7) to 3 in order to utilize available DSP registers.
INFO: [SCHED 204-61] Pipelining loop 'VITIS_LOOP_159_14'.
INFO: [HLS 200-1470] Pipelining result : Target II = 1, Final II = 1, Depth = 6, loop 'VITIS_LOOP_159_14'
INFO: [SCHED 204-11] Finished scheduling.
INFO: [HLS 200-111] Finished Scheduling: CPU user time: 0.05 seconds. CPU system time: 0 seconds. Elapsed time: 0.1 seconds; current allocated memory: 617.996 MB.
INFO: [BIND 205-100] Starting micro-architecture generation ...
INFO: [BIND 205-101] Performing variable lifetime analysis.
INFO: [BIND 205-101] Exploring resource sharing.
INFO: [BIND 205-101] Binding ...
INFO: [BIND 205-100] Finished micro-architecture generation.
INFO: [HLS 200-111] Finished Binding: CPU user time: 0.03 seconds. CPU system time: 0 seconds. Elapsed time: 0.03 seconds; current allocated memory: 617.996 MB.
INFO: [HLS 200-10] ----------------------------------------------------------------
INFO: [HLS 200-42] -- Implementing module 'linear_attention_q16' 
INFO: [HLS 200-10] ----------------------------------------------------------------
INFO: [SCHED 204-11] Starting scheduling ...
INFO: [SCHED 204-11] Finished scheduling.
INFO: [HLS 200-111] Finished Scheduling: CPU user time: 0.2 seconds. CPU system time: 0.01 seconds. Elapsed time: 0.2 seconds; current allocated memory: 621.434 MB.
INFO: [BIND 205-100] Starting micro-architecture generation ...
INFO: [BIND 205-101] Performing variable lifetime analysis.
INFO: [BIND 205-101] Exploring resource sharing.
INFO: [BIND 205-101] Binding ...
INFO: [BIND 205-100] Finished micro-architecture generation.
INFO: [HLS 200-111] Finished Binding: CPU user time: 0.32 seconds. CPU system time: 0 seconds. Elapsed time: 0.33 seconds; current allocated memory: 621.434 MB.
INFO: [HLS 200-10] ----------------------------------------------------------------
INFO: [HLS 200-42] -- Implementing module 'layer_norm_q16_1' 
INFO: [HLS 200-10] ----------------------------------------------------------------
INFO: [SCHED 204-11] Starting scheduling ...
INFO: [HLS 200-486] Changing DSP latency (root=mul_ln837_11) to 3 in order to utilize available DSP registers.
INFO: [HLS 200-486] Changing DSP latency (root=sub_ln1348_15) to 3 in order to utilize available DSP registers.
INFO: [HLS 200-486] Changing DSP latency (root=mul_ln837_10) to 3 in order to utilize available DSP registers.
INFO: [HLS 200-486] Changing DSP latency (root=sub_ln1348_14) to 3 in order to utilize available DSP registers.
INFO: [HLS 200-486] Changing DSP latency (root=mul_ln837_9) to 3 in order to utilize available DSP registers.
INFO: [HLS 200-486] Changing DSP latency (root=sub_ln1348_13) to 3 in order to utilize available DSP registers.
INFO: [HLS 200-486] Changing DSP latency (root=mul_ln813_3) to 3 in order to utilize available DSP registers.
INFO: [HLS 200-486] Changing DSP latency (root=sub_ln1348_12) to 3 in order to utilize available DSP registers.
INFO: [HLS 200-486] Changing DSP latency (root=mul_ln837_8) to 3 in order to utilize available DSP registers.
INFO: [HLS 200-486] Changing DSP latency (root=sub_ln1348_11) to 3 in order to utilize available DSP registers.
INFO: [HLS 200-486] Changing DSP latency (root=mul_ln837_7) to 3 in order to utilize available DSP registers.
INFO: [HLS 200-486] Changing DSP latency (root=sub_ln1348_10) to 3 in order to utilize available DSP registers.
INFO: [HLS 200-486] Changing DSP latency (root=mul_ln837_6) to 3 in order to utilize available DSP registers.
INFO: [HLS 200-486] Changing DSP latency (root=sub_ln1348_9) to 3 in order to utilize available DSP registers.
INFO: [HLS 200-486] Changing DSP latency (root=mul_ln813_2) to 3 in order to utilize available DSP registers.
INFO: [HLS 200-486] Changing DSP latency (root=sub_ln1348_8) to 3 in order to utilize available DSP registers.
INFO: [HLS 200-486] Changing DSP latency (root=mul_ln813_1) to 3 in order to utilize available DSP registers.
INFO: [HLS 200-486] Changing DSP latency (root=sub_ln1348_7) to 3 in order to utilize available DSP registers.
INFO: [HLS 200-486] Changing DSP latency (root=mul_ln813) to 3 in order to utilize available DSP registers.
INFO: [HLS 200-486] Changing DSP latency (root=sub_ln1348_6) to 3 in order to utilize available DSP registers.
INFO: [HLS 200-486] Changing DSP latency (root=mul_ln837_5) to 3 in order to utilize available DSP registers.
INFO: [HLS 200-486] Changing DSP latency (root=sub_ln1348_5) to 3 in order to utilize available DSP registers.
INFO: [HLS 200-486] Changing DSP latency (root=mul_ln837_4) to 3 in order to utilize available DSP registers.
INFO: [HLS 200-486] Changing DSP latency (root=sub_ln1348_4) to 3 in order to utilize available DSP registers.
INFO: [HLS 200-486] Changing DSP latency (root=mul_ln837_3) to 3 in order to utilize available DSP registers.
INFO: [HLS 200-486] Changing DSP latency (root=sub_ln1348_3) to 3 in order to utilize available DSP registers.
INFO: [HLS 200-486] Changing DSP latency (root=mul_ln837_2) to 3 in order to utilize available DSP registers.
INFO: [HLS 200-486] Changing DSP latency (root=sub_ln1348_2) to 3 in order to utilize available DSP registers.
INFO: [HLS 200-486] Changing DSP latency (root=mul_ln837_1) to 3 in order to utilize available DSP registers.
INFO: [HLS 200-486] Changing DSP latency (root=sub_ln1348_1) to 3 in order to utilize available DSP registers.
INFO: [HLS 200-486] Changing DSP latency (root=mul_ln837) to 3 in order to utilize available DSP registers.
INFO: [HLS 200-486] Changing DSP latency (root=sub_ln1348) to 3 in order to utilize available DSP registers.
INFO: [HLS 200-486] Changing DSP latency (root=mul_ln1347_14) to 3 in order to utilize available DSP registers.
INFO: [HLS 200-486] Changing DSP latency (root=mul_ln1347_13) to 3 in order to utilize available DSP registers.
INFO: [HLS 200-486] Changing DSP latency (root=mul_ln1347_12) to 3 in order to utilize available DSP registers.
INFO: [HLS 200-486] Changing DSP latency (root=mul_ln1347_11) to 3 in order to utilize available DSP registers.
INFO: [HLS 200-486] Changing DSP latency (root=mul_ln1347_10) to 3 in order to utilize available DSP registers.
INFO: [HLS 200-486] Changing DSP latency (root=mul_ln1347_9) to 3 in order to utilize available DSP registers.
INFO: [HLS 200-486] Changing DSP latency (root=mul_ln1347_8) to 3 in order to utilize available DSP registers.
INFO: [HLS 200-486] Changing DSP latency (root=mul_ln1347_7) to 3 in order to utilize available DSP registers.
INFO: [HLS 200-486] Changing DSP latency (root=mul_ln1347_6) to 3 in order to utilize available DSP registers.
INFO: [HLS 200-486] Changing DSP latency (root=mul_ln1347_5) to 3 in order to utilize available DSP registers.
INFO: [HLS 200-486] Changing DSP latency (root=mul_ln1347_4) to 3 in order to utilize available DSP registers.
INFO: [HLS 200-486] Changing DSP latency (root=mul_ln1347_3) to 3 in order to utilize available DSP registers.
INFO: [HLS 200-486] Changing DSP latency (root=mul_ln1347_2) to 3 in order to utilize available DSP registers.
INFO: [HLS 200-486] Changing DSP latency (root=mul_ln1347_1) to 3 in order to utilize available DSP registers.
INFO: [HLS 200-486] Changing DSP latency (root=mul_ln1347) to 3 in order to utilize available DSP registers.
INFO: [HLS 200-486] Changing DSP latency (root=mul_ln818) to 3 in order to utilize available DSP registers.
INFO: [SCHED 204-61] Pipelining function 'layer_norm_q16.1'.
WARNING: [HLS 200-880] The II Violation in module 'layer_norm_q16_1' (function 'layer_norm_q16.1'): Unable to enforce a carried dependence constraint (II = 1, distance = 1, offset = 1) between 'store' operation ('x_addr_write_ln66', src/imgds_linear_dense_q16.cpp:66) of variable 'trunc_ln818_16' on array 'x' and 'load' operation ('x_load') on array 'x'.
Resolution: For help on HLS 200-880 see www.xilinx.com/cgi-bin/docs/rdoc?v=2022.2;t=hls+guidance;d=200-880.html
WARNING: [HLS 200-880] The II Violation in module 'layer_norm_q16_1' (function 'layer_norm_q16.1'): Unable to enforce a carried dependence constraint (II = 2, distance = 1, offset = 1) between 'store' operation ('x_addr_write_ln66', src/imgds_linear_dense_q16.cpp:66) of variable 'trunc_ln818_16' on array 'x' and 'load' operation ('x_load') on array 'x'.
Resolution: For help on HLS 200-880 see www.xilinx.com/cgi-bin/docs/rdoc?v=2022.2;t=hls+guidance;d=200-880.html
WARNING: [HLS 200-880] The II Violation in module 'layer_norm_q16_1' (function 'layer_norm_q16.1'): Unable to enforce a carried dependence constraint (II = 3, distance = 1, offset = 1) between 'store' operation ('x_addr_write_ln66', src/imgds_linear_dense_q16.cpp:66) of variable 'trunc_ln818_16' on array 'x' and 'load' operation ('x_load') on array 'x'.
Resolution: For help on HLS 200-880 see www.xilinx.com/cgi-bin/docs/rdoc?v=2022.2;t=hls+guidance;d=200-880.html
WARNING: [HLS 200-880] The II Violation in module 'layer_norm_q16_1' (function 'layer_norm_q16.1'): Unable to enforce a carried dependence constraint (II = 4, distance = 1, offset = 1) between 'store' operation ('x_addr_write_ln66', src/imgds_linear_dense_q16.cpp:66) of variable 'trunc_ln818_16' on array 'x' and 'load' operation ('x_load') on array 'x'.
Resolution: For help on HLS 200-880 see www.xilinx.com/cgi-bin/docs/rdoc?v=2022.2;t=hls+guidance;d=200-880.html
WARNING: [HLS 200-880] The II Violation in module 'layer_norm_q16_1' (function 'layer_norm_q16.1'): Unable to enforce a carried dependence constraint (II = 67, distance = 1, offset = 1) between 'store' operation ('x_addr_write_ln66', src/imgds_linear_dense_q16.cpp:66) of variable 'trunc_ln818_16' on array 'x' and 'load' operation ('x_load') on array 'x'.
Resolution: For help on HLS 200-880 see www.xilinx.com/cgi-bin/docs/rdoc?v=2022.2;t=hls+guidance;d=200-880.html
WARNING: [HLS 200-885] The II Violation in module 'layer_norm_q16_1' (function 'layer_norm_q16.1'): Unable to schedule 'load' operation ('x_load_13') on array 'x' due to limited memory ports (II = 82). Please consider using a memory core with more ports or partitioning the array 'x'.
Resolution: For help on HLS 200-885 see www.xilinx.com/cgi-bin/docs/rdoc?v=2022.2;t=hls+guidance;d=200-885.html
WARNING: [HLS 200-885] The II Violation in module 'layer_norm_q16_1' (function 'layer_norm_q16.1'): Unable to schedule 'load' operation ('x_load_1') on array 'x' due to limited memory ports (II = 86). Please consider using a memory core with more ports or partitioning the array 'x'.
Resolution: For help on HLS 200-885 see www.xilinx.com/cgi-bin/docs/rdoc?v=2022.2;t=hls+guidance;d=200-885.html
WARNING: [HLS 200-885] The II Violation in module 'layer_norm_q16_1' (function 'layer_norm_q16.1'): Unable to schedule 'load' operation ('x_load_1') on array 'x' due to limited memory ports (II = 88). Please consider using a memory core with more ports or partitioning the array 'x'.
Resolution: For help on HLS 200-885 see www.xilinx.com/cgi-bin/docs/rdoc?v=2022.2;t=hls+guidance;d=200-885.html
WARNING: [HLS 200-885] The II Violation in module 'layer_norm_q16_1' (function 'layer_norm_q16.1'): Unable to schedule 'load' operation ('x_load_1') on array 'x' due to limited memory ports (II = 89). Please consider using a memory core with more ports or partitioning the array 'x'.
Resolution: For help on HLS 200-885 see www.xilinx.com/cgi-bin/docs/rdoc?v=2022.2;t=hls+guidance;d=200-885.html
INFO: [HLS 200-1470] Pipelining result : Target II = NA, Final II = 90, Depth = 90, function 'layer_norm_q16.1'
INFO: [SCHED 204-11] Finished scheduling.
INFO: [HLS 200-111] Finished Scheduling: CPU user time: 4.67 seconds. CPU system time: 0 seconds. Elapsed time: 4.69 seconds; current allocated memory: 625.816 MB.
INFO: [BIND 205-100] Starting micro-architecture generation ...
INFO: [BIND 205-101] Performing variable lifetime analysis.
INFO: [BIND 205-101] Exploring resource sharing.
INFO: [BIND 205-101] Binding ...
INFO: [BIND 205-100] Finished micro-architecture generation.
INFO: [HLS 200-111] Finished Binding: CPU user time: 0.33 seconds. CPU system time: 0 seconds. Elapsed time: 0.33 seconds; current allocated memory: 625.816 MB.
INFO: [HLS 200-10] ----------------------------------------------------------------
INFO: [HLS 200-42] -- Implementing module 'imgds_linear_dense_q16_Pipeline_VITIS_LOOP_254_4' 
INFO: [HLS 200-10] ----------------------------------------------------------------
INFO: [SCHED 204-11] Starting scheduling ...
INFO: [SCHED 204-61] Pipelining loop 'VITIS_LOOP_254_4'.
INFO: [HLS 200-1470] Pipelining result : Target II = NA, Final II = 90, Depth = 91, loop 'VITIS_LOOP_254_4'
INFO: [SCHED 204-11] Finished scheduling.
INFO: [HLS 200-111] Finished Scheduling: CPU user time: 0.32 seconds. CPU system time: 0.01 seconds. Elapsed time: 0.35 seconds; current allocated memory: 626.672 MB.
INFO: [BIND 205-100] Starting micro-architecture generation ...
INFO: [BIND 205-101] Performing variable lifetime analysis.
INFO: [BIND 205-101] Exploring resource sharing.
INFO: [BIND 205-101] Binding ...
INFO: [BIND 205-100] Finished micro-architecture generation.
INFO: [HLS 200-111] Finished Binding: CPU user time: 0.24 seconds. CPU system time: 0 seconds. Elapsed time: 0.25 seconds; current allocated memory: 627.082 MB.
INFO: [HLS 200-10] ----------------------------------------------------------------
INFO: [HLS 200-42] -- Implementing module 'imgds_linear_dense_q16_Pipeline_VITIS_LOOP_185_3' 
INFO: [HLS 200-10] ----------------------------------------------------------------
INFO: [SCHED 204-11] Starting scheduling ...
INFO: [HLS 200-486] Changing DSP latency (root=r_V_14) to 3 in order to utilize available DSP registers.
INFO: [SCHED 204-61] Pipelining loop 'VITIS_LOOP_185_3'.
INFO: [HLS 200-1470] Pipelining result : Target II = 1, Final II = 1, Depth = 5, loop 'VITIS_LOOP_185_3'
INFO: [SCHED 204-11] Finished scheduling.
INFO: [HLS 200-111] Finished Scheduling: CPU user time: 0.2 seconds. CPU system time: 0 seconds. Elapsed time: 0.26 seconds; current allocated memory: 628.176 MB.
INFO: [BIND 205-100] Starting micro-architecture generation ...
INFO: [BIND 205-101] Performing variable lifetime analysis.
INFO: [BIND 205-101] Exploring resource sharing.
INFO: [BIND 205-101] Binding ...
INFO: [BIND 205-100] Finished micro-architecture generation.
INFO: [HLS 200-111] Finished Binding: CPU user time: 0.03 seconds. CPU system time: 0 seconds. Elapsed time: 0.03 seconds; current allocated memory: 628.176 MB.
INFO: [HLS 200-10] ----------------------------------------------------------------
INFO: [HLS 200-42] -- Implementing module 'imgds_linear_dense_q16_Pipeline_VITIS_LOOP_197_5' 
INFO: [HLS 200-10] ----------------------------------------------------------------
INFO: [SCHED 204-11] Starting scheduling ...
INFO: [HLS 200-486] Changing DSP latency (root=r_V_12) to 3 in order to utilize available DSP registers.
INFO: [SCHED 204-61] Pipelining loop 'VITIS_LOOP_197_5'.
INFO: [HLS 200-1470] Pipelining result : Target II = 1, Final II = 1, Depth = 5, loop 'VITIS_LOOP_197_5'
INFO: [SCHED 204-11] Finished scheduling.
INFO: [HLS 200-111] Finished Scheduling: CPU user time: 0.05 seconds. CPU system time: 0 seconds. Elapsed time: 0.05 seconds; current allocated memory: 628.695 MB.
INFO: [BIND 205-100] Starting micro-architecture generation ...
INFO: [BIND 205-101] Performing variable lifetime analysis.
INFO: [BIND 205-101] Exploring resource sharing.
INFO: [BIND 205-101] Binding ...
INFO: [BIND 205-100] Finished micro-architecture generation.
INFO: [HLS 200-111] Finished Binding: CPU user time: 0.02 seconds. CPU system time: 0 seconds. Elapsed time: 0.03 seconds; current allocated memory: 628.695 MB.
INFO: [HLS 200-10] ----------------------------------------------------------------
INFO: [HLS 200-42] -- Implementing module 'imgds_linear_dense_q16_Pipeline_VITIS_LOOP_205_6' 
INFO: [HLS 200-10] ----------------------------------------------------------------
INFO: [SCHED 204-11] Starting scheduling ...
INFO: [SCHED 204-61] Pipelining loop 'VITIS_LOOP_205_6'.
INFO: [HLS 200-1470] Pipelining result : Target II = NA, Final II = 1, Depth = 3, loop 'VITIS_LOOP_205_6'
INFO: [SCHED 204-11] Finished scheduling.
INFO: [HLS 200-111] Finished Scheduling: CPU user time: 0.03 seconds. CPU system time: 0.01 seconds. Elapsed time: 0.04 seconds; current allocated memory: 629.047 MB.
INFO: [BIND 205-100] Starting micro-architecture generation ...
INFO: [BIND 205-101] Performing variable lifetime analysis.
INFO: [BIND 205-101] Exploring resource sharing.
INFO: [BIND 205-101] Binding ...
INFO: [BIND 205-100] Finished micro-architecture generation.
INFO: [HLS 200-111] Finished Binding: CPU user time: 0.02 seconds. CPU system time: 0 seconds. Elapsed time: 0.02 seconds; current allocated memory: 629.047 MB.
INFO: [HLS 200-10] ----------------------------------------------------------------
INFO: [HLS 200-42] -- Implementing module 'imgds_linear_dense_q16_Pipeline_VITIS_LOOP_267_5' 
INFO: [HLS 200-10] ----------------------------------------------------------------
INFO: [SCHED 204-11] Starting scheduling ...
INFO: [SCHED 204-61] Pipelining loop 'VITIS_LOOP_267_5'.
INFO: [HLS 200-1470] Pipelining result : Target II = NA, Final II = 90, Depth = 91, loop 'VITIS_LOOP_267_5'
INFO: [SCHED 204-11] Finished scheduling.
INFO: [HLS 200-111] Finished Scheduling: CPU user time: 0.1 seconds. CPU system time: 0 seconds. Elapsed time: 0.11 seconds; current allocated memory: 629.312 MB.
INFO: [BIND 205-100] Starting micro-architecture generation ...
INFO: [BIND 205-101] Performing variable lifetime analysis.
INFO: [BIND 205-101] Exploring resource sharing.
INFO: [BIND 205-101] Binding ...
INFO: [BIND 205-100] Finished micro-architecture generation.
INFO: [HLS 200-111] Finished Binding: CPU user time: 0.24 seconds. CPU system time: 0 seconds. Elapsed time: 0.24 seconds; current allocated memory: 629.863 MB.
INFO: [HLS 200-10] ----------------------------------------------------------------
INFO: [HLS 200-42] -- Implementing module 'imgds_linear_dense_q16_Pipeline_VITIS_LOOP_272_6_VITIS_LOOP_274_7' 
INFO: [HLS 200-10] ----------------------------------------------------------------
INFO: [SCHED 204-11] Starting scheduling ...
INFO: [SCHED 204-61] Pipelining loop 'VITIS_LOOP_272_6_VITIS_LOOP_274_7'.
INFO: [HLS 200-1470] Pipelining result : Target II = 1, Final II = 1, Depth = 5, loop 'VITIS_LOOP_272_6_VITIS_LOOP_274_7'
INFO: [SCHED 204-11] Finished scheduling.
INFO: [HLS 200-111] Finished Scheduling: CPU user time: 0.2 seconds. CPU system time: 0 seconds. Elapsed time: 0.21 seconds; current allocated memory: 631.016 MB.
INFO: [BIND 205-100] Starting micro-architecture generation ...
INFO: [BIND 205-101] Performing variable lifetime analysis.
INFO: [BIND 205-101] Exploring resource sharing.
INFO: [BIND 205-101] Binding ...
INFO: [BIND 205-100] Finished micro-architecture generation.
INFO: [HLS 200-111] Finished Binding: CPU user time: 0.04 seconds. CPU system time: 0 seconds. Elapsed time: 0.03 seconds; current allocated memory: 631.016 MB.
INFO: [HLS 200-10] ----------------------------------------------------------------
INFO: [HLS 200-42] -- Implementing module 'layer_norm_q16_Pipeline_VITIS_LOOP_46_1' 
INFO: [HLS 200-10] ----------------------------------------------------------------
INFO: [SCHED 204-11] Starting scheduling ...
INFO: [SCHED 204-61] Pipelining loop 'VITIS_LOOP_46_1'.
INFO: [HLS 200-1470] Pipelining result : Target II = NA, Final II = 1, Depth = 2, loop 'VITIS_LOOP_46_1'
INFO: [SCHED 204-11] Finished scheduling.
INFO: [HLS 200-111] Finished Scheduling: CPU user time: 0.05 seconds. CPU system time: 0 seconds. Elapsed time: 0.05 seconds; current allocated memory: 631.449 MB.
INFO: [BIND 205-100] Starting micro-architecture generation ...
INFO: [BIND 205-101] Performing variable lifetime analysis.
INFO: [BIND 205-101] Exploring resource sharing.
INFO: [BIND 205-101] Binding ...
INFO: [BIND 205-100] Finished micro-architecture generation.
INFO: [HLS 200-111] Finished Binding: CPU user time: 0.02 seconds. CPU system time: 0 seconds. Elapsed time: 0.02 seconds; current allocated memory: 631.449 MB.
INFO: [HLS 200-10] ----------------------------------------------------------------
INFO: [HLS 200-42] -- Implementing module 'layer_norm_q16_Pipeline_VITIS_LOOP_52_2' 
INFO: [HLS 200-10] ----------------------------------------------------------------
INFO: [SCHED 204-11] Starting scheduling ...
INFO: [HLS 200-486] Changing DSP latency (root=mul_ln1347) to 3 in order to utilize available DSP registers.
INFO: [SCHED 204-61] Pipelining loop 'VITIS_LOOP_52_2'.
INFO: [HLS 200-1470] Pipelining result : Target II = NA, Final II = 1, Depth = 5, loop 'VITIS_LOOP_52_2'
INFO: [SCHED 204-11] Finished scheduling.
INFO: [HLS 200-111] Finished Scheduling: CPU user time: 0.04 seconds. CPU system time: 0 seconds. Elapsed time: 0.04 seconds; current allocated memory: 631.777 MB.
INFO: [BIND 205-100] Starting micro-architecture generation ...
INFO: [BIND 205-101] Performing variable lifetime analysis.
INFO: [BIND 205-101] Exploring resource sharing.
INFO: [BIND 205-101] Binding ...
INFO: [BIND 205-100] Finished micro-architecture generation.
INFO: [HLS 200-111] Finished Binding: CPU user time: 0.02 seconds. CPU system time: 0 seconds. Elapsed time: 0.02 seconds; current allocated memory: 631.777 MB.
INFO: [HLS 200-10] ----------------------------------------------------------------
INFO: [HLS 200-42] -- Implementing module 'layer_norm_q16_Pipeline_VITIS_LOOP_64_3' 
INFO: [HLS 200-10] ----------------------------------------------------------------
INFO: [SCHED 204-11] Starting scheduling ...
INFO: [HLS 200-486] Changing DSP latency (root=mul_ln837) to 3 in order to utilize available DSP registers.
INFO: [HLS 200-486] Changing DSP latency (root=ret_V_3) to 3 in order to utilize available DSP registers.
INFO: [SCHED 204-61] Pipelining loop 'VITIS_LOOP_64_3'.
INFO: [HLS 200-1470] Pipelining result : Target II = NA, Final II = 1, Depth = 8, loop 'VITIS_LOOP_64_3'
INFO: [SCHED 204-11] Finished scheduling.
INFO: [HLS 200-111] Finished Scheduling: CPU user time: 0.04 seconds. CPU system time: 0 seconds. Elapsed time: 0.05 seconds; current allocated memory: 632.145 MB.
INFO: [BIND 205-100] Starting micro-architecture generation ...
INFO: [BIND 205-101] Performing variable lifetime analysis.
INFO: [BIND 205-101] Exploring resource sharing.
INFO: [BIND 205-101] Binding ...
INFO: [BIND 205-100] Finished micro-architecture generation.
INFO: [HLS 200-111] Finished Binding: CPU user time: 0.03 seconds. CPU system time: 0 seconds. Elapsed time: 0.03 seconds; current allocated memory: 632.145 MB.
INFO: [HLS 200-10] ----------------------------------------------------------------
INFO: [HLS 200-42] -- Implementing module 'layer_norm_q16' 
INFO: [HLS 200-10] ----------------------------------------------------------------
INFO: [SCHED 204-11] Starting scheduling ...
INFO: [SCHED 204-11] Finished scheduling.
INFO: [HLS 200-111] Finished Scheduling: CPU user time: 0.1 seconds. CPU system time: 0 seconds. Elapsed time: 0.1 seconds; current allocated memory: 632.469 MB.
INFO: [BIND 205-100] Starting micro-architecture generation ...
INFO: [BIND 205-101] Performing variable lifetime analysis.
INFO: [BIND 205-101] Exploring resource sharing.
INFO: [BIND 205-101] Binding ...
INFO: [BIND 205-100] Finished micro-architecture generation.
INFO: [HLS 200-111] Finished Binding: CPU user time: 0.19 seconds. CPU system time: 0 seconds. Elapsed time: 0.18 seconds; current allocated memory: 632.590 MB.
INFO: [HLS 200-10] ----------------------------------------------------------------
INFO: [HLS 200-42] -- Implementing module 'imgds_linear_dense_q16' 
INFO: [HLS 200-10] ----------------------------------------------------------------
INFO: [SCHED 204-11] Starting scheduling ...
INFO: [HLS 200-486] Changing DSP latency (root=r_V_57) to 3 in order to utilize available DSP registers.
INFO: [HLS 200-486] Changing DSP latency (root=r_V_56) to 3 in order to utilize available DSP registers.
INFO: [HLS 200-486] Changing DSP latency (root=r_V_55) to 3 in order to utilize available DSP registers.
INFO: [HLS 200-486] Changing DSP latency (root=r_V_53) to 3 in order to utilize available DSP registers.
INFO: [HLS 200-486] Changing DSP latency (root=r_V_52) to 3 in order to utilize available DSP registers.
INFO: [HLS 200-486] Changing DSP latency (root=r_V_49) to 3 in order to utilize available DSP registers.
INFO: [HLS 200-486] Changing DSP latency (root=r_V_47) to 3 in order to utilize available DSP registers.
INFO: [HLS 200-486] Changing DSP latency (root=r_V_46) to 3 in order to utilize available DSP registers.
INFO: [HLS 200-486] Changing DSP latency (root=r_V_44) to 3 in order to utilize available DSP registers.
INFO: [HLS 200-486] Changing DSP latency (root=mul_ln1270) to 3 in order to utilize available DSP registers.
INFO: [HLS 200-486] Changing DSP latency (root=r_V_43) to 3 in order to utilize available DSP registers.
INFO: [HLS 200-486] Changing DSP latency (root=r_V_41) to 3 in order to utilize available DSP registers.
INFO: [HLS 200-486] Changing DSP latency (root=r_V_39) to 3 in order to utilize available DSP registers.
INFO: [HLS 200-486] Changing DSP latency (root=r_V_37) to 3 in order to utilize available DSP registers.
INFO: [HLS 200-486] Changing DSP latency (root=r_V_35) to 3 in order to utilize available DSP registers.
INFO: [HLS 200-486] Changing DSP latency (root=mul_ln1347_15) to 3 in order to utilize available DSP registers.
INFO: [HLS 200-486] Changing DSP latency (root=r_V_32) to 3 in order to utilize available DSP registers.
INFO: [HLS 200-486] Changing DSP latency (root=r_V_30) to 3 in order to utilize available DSP registers.
INFO: [HLS 200-486] Changing DSP latency (root=r_V_28) to 3 in order to utilize available DSP registers.
INFO: [HLS 200-486] Changing DSP latency (root=r_V_26) to 3 in order to utilize available DSP registers.
INFO: [HLS 200-486] Changing DSP latency (root=r_V_24) to 3 in order to utilize available DSP registers.
INFO: [HLS 200-486] Changing DSP latency (root=r_V_22) to 3 in order to utilize available DSP registers.
INFO: [HLS 200-486] Changing DSP latency (root=r_V_20) to 3 in order to utilize available DSP registers.
INFO: [HLS 200-486] Changing DSP latency (root=r_V_18) to 3 in order to utilize available DSP registers.
INFO: [HLS 200-486] Changing DSP latency (root=r_V_16) to 3 in order to utilize available DSP registers.
INFO: [HLS 200-486] Changing DSP latency (root=mul_ln1347) to 3 in order to utilize available DSP registers.
INFO: [SCHED 204-11] Finished scheduling.
INFO: [HLS 200-111] Finished Scheduling: CPU user time: 0.33 seconds. CPU system time: 0 seconds. Elapsed time: 0.33 seconds; current allocated memory: 635.355 MB.
INFO: [BIND 205-100] Starting micro-architecture generation ...
INFO: [BIND 205-101] Performing variable lifetime analysis.
INFO: [BIND 205-101] Exploring resource sharing.
INFO: [BIND 205-101] Binding ...
INFO: [BIND 205-100] Finished micro-architecture generation.
INFO: [HLS 200-111] Finished Binding: CPU user time: 0.45 seconds. CPU system time: 0 seconds. Elapsed time: 0.44 seconds; current allocated memory: 635.555 MB.
INFO: [HLS 200-10] ----------------------------------------------------------------
INFO: [HLS 200-10] -- Generating RTL for module 'imgds_linear_dense_q16_Pipeline_VITIS_LOOP_234_3' 
INFO: [HLS 200-10] ----------------------------------------------------------------
INFO: [SYN 201-210] Renamed object name 'imgds_linear_dense_q16_Pipeline_VITIS_LOOP_234_3_input_projection_weight_V_ROM_AUTO_1R' to 'imgds_linear_dense_q16_Pipeline_VITIS_LOOP_234_3_input_projection_weight_V_RObkb' due to the length limit 80
INFO: [HLS 200-1030] Apply Unified Pipeline Control on module 'imgds_linear_dense_q16_Pipeline_VITIS_LOOP_234_3' pipeline 'VITIS_LOOP_234_3' pipeline type 'loop pipeline'
WARNING: [RTGEN 206-101] Setting dangling out port 'imgds_linear_dense_q16_Pipeline_VITIS_LOOP_234_3/m_axi_gmem0_ARVALID' to 0.
WARNING: [RTGEN 206-101] Setting dangling out port 'imgds_linear_dense_q16_Pipeline_VITIS_LOOP_234_3/m_axi_gmem0_ARADDR' to 0.
WARNING: [RTGEN 206-101] Setting dangling out port 'imgds_linear_dense_q16_Pipeline_VITIS_LOOP_234_3/m_axi_gmem0_ARID' to 0.
WARNING: [RTGEN 206-101] Setting dangling out port 'imgds_linear_dense_q16_Pipeline_VITIS_LOOP_234_3/m_axi_gmem0_ARLEN' to 0.
WARNING: [RTGEN 206-101] Setting dangling out port 'imgds_linear_dense_q16_Pipeline_VITIS_LOOP_234_3/m_axi_gmem0_ARSIZE' to 0.
WARNING: [RTGEN 206-101] Setting dangling out port 'imgds_linear_dense_q16_Pipeline_VITIS_LOOP_234_3/m_axi_gmem0_ARBURST' to 0.
WARNING: [RTGEN 206-101] Setting dangling out port 'imgds_linear_dense_q16_Pipeline_VITIS_LOOP_234_3/m_axi_gmem0_ARLOCK' to 0.
WARNING: [RTGEN 206-101] Setting dangling out port 'imgds_linear_dense_q16_Pipeline_VITIS_LOOP_234_3/m_axi_gmem0_ARCACHE' to 0.
WARNING: [RTGEN 206-101] Setting dangling out port 'imgds_linear_dense_q16_Pipeline_VITIS_LOOP_234_3/m_axi_gmem0_ARPROT' to 0.
WARNING: [RTGEN 206-101] Setting dangling out port 'imgds_linear_dense_q16_Pipeline_VITIS_LOOP_234_3/m_axi_gmem0_ARQOS' to 0.
WARNING: [RTGEN 206-101] Setting dangling out port 'imgds_linear_dense_q16_Pipeline_VITIS_LOOP_234_3/m_axi_gmem0_ARREGION' to 0.
WARNING: [RTGEN 206-101] Setting dangling out port 'imgds_linear_dense_q16_Pipeline_VITIS_LOOP_234_3/m_axi_gmem0_ARUSER' to 0.
INFO: [RTGEN 206-100] Generating core module 'mul_mul_9s_16s_25_4_1': 1 instance(s).
INFO: [RTGEN 206-100] Finished creating RTL model for 'imgds_linear_dense_q16_Pipeline_VITIS_LOOP_234_3'.
INFO: [RTMG 210-279] Implementing memory 'imgds_linear_dense_q16_imgds_linear_dense_q16_Pipeline_VITIS_LOOP_234_3_input_projection_weight_V_RObkb' using auto ROMs.
INFO: [HLS 200-111] Finished Creating RTL model: CPU user time: 0.86 seconds. CPU system time: 0.01 seconds. Elapsed time: 0.88 seconds; current allocated memory: 636.566 MB.
INFO: [HLS 200-10] ----------------------------------------------------------------
INFO: [HLS 200-10] -- Generating RTL for module 'linear_attention_q16_Pipeline_VITIS_LOOP_97_3' 
INFO: [HLS 200-10] ----------------------------------------------------------------
INFO: [SYN 201-210] Renamed object name 'linear_attention_q16_Pipeline_VITIS_LOOP_97_3_layers_0_attention_query_weight_V_ROM_AUTO_1R' to 'linear_attention_q16_Pipeline_VITIS_LOOP_97_3_layers_0_attention_query_weightcud' due to the length limit 80
INFO: [SYN 201-210] Renamed object name 'linear_attention_q16_Pipeline_VITIS_LOOP_97_3_layers_0_attention_key_weight_V_ROM_AUTO_1R' to 'linear_attention_q16_Pipeline_VITIS_LOOP_97_3_layers_0_attention_key_weight_VdEe' due to the length limit 80
INFO: [SYN 201-210] Renamed object name 'linear_attention_q16_Pipeline_VITIS_LOOP_97_3_layers_0_attention_value_weight_V_ROM_AUTO_1R' to 'linear_attention_q16_Pipeline_VITIS_LOOP_97_3_layers_0_attention_value_weighteOg' due to the length limit 80
INFO: [HLS 200-1030] Apply Unified Pipeline Control on module 'linear_attention_q16_Pipeline_VITIS_LOOP_97_3' pipeline 'VITIS_LOOP_97_3' pipeline type 'loop pipeline'
INFO: [RTGEN 206-100] Generating core module 'mul_mul_10s_16s_26_4_1': 1 instance(s).
INFO: [RTGEN 206-100] Generating core module 'mul_mul_11s_16s_27_4_1': 1 instance(s).
INFO: [RTGEN 206-100] Generating core module 'mul_mul_12s_16s_28_4_1': 1 instance(s).
INFO: [RTGEN 206-100] Finished creating RTL model for 'linear_attention_q16_Pipeline_VITIS_LOOP_97_3'.
INFO: [RTMG 210-279] Implementing memory 'imgds_linear_dense_q16_linear_attention_q16_Pipeline_VITIS_LOOP_97_3_layers_0_attention_query_weightcud' using auto ROMs.
INFO: [RTMG 210-279] Implementing memory 'imgds_linear_dense_q16_linear_attention_q16_Pipeline_VITIS_LOOP_97_3_layers_0_attention_key_weight_VdEe' using auto ROMs.
INFO: [RTMG 210-279] Implementing memory 'imgds_linear_dense_q16_linear_attention_q16_Pipeline_VITIS_LOOP_97_3_layers_0_attention_value_weighteOg' using auto ROMs.
INFO: [HLS 200-111] Finished Creating RTL model: CPU user time: 0.09 seconds. CPU system time: 0 seconds. Elapsed time: 0.11 seconds; current allocated memory: 638.277 MB.
INFO: [HLS 200-10] ----------------------------------------------------------------
INFO: [HLS 200-10] -- Generating RTL for module 'linear_attention_q16_Pipeline_VITIS_LOOP_112_4_VITIS_LOOP_113_5_VITIS_LOOP_115_6' 
INFO: [HLS 200-10] ----------------------------------------------------------------
INFO: [HLS 200-1030] Apply Unified Pipeline Control on module 'linear_attention_q16_Pipeline_VITIS_LOOP_112_4_VITIS_LOOP_113_5_VITIS_LOOP_115_6' pipeline 'VITIS_LOOP_112_4_VITIS_LOOP_113_5_VITIS_LOOP_115_6' pipeline type 'loop pipeline'
INFO: [RTGEN 206-100] Generating core module 'mac_muladd_16s_16s_30ns_30_4_1': 1 instance(s).
INFO: [RTGEN 206-100] Finished creating RTL model for 'linear_attention_q16_Pipeline_VITIS_LOOP_112_4_VITIS_LOOP_113_5_VITIS_LOOP_115_6'.
INFO: [HLS 200-111] Finished Creating RTL model: CPU user time: 0.09 seconds. CPU system time: 0.01 seconds. Elapsed time: 0.1 seconds; current allocated memory: 640.332 MB.
INFO: [HLS 200-10] ----------------------------------------------------------------
INFO: [HLS 200-10] -- Generating RTL for module 'linear_attention_q16_Pipeline_VITIS_LOOP_127_8' 
INFO: [HLS 200-10] ----------------------------------------------------------------
INFO: [HLS 200-1030] Apply Unified Pipeline Control on module 'linear_attention_q16_Pipeline_VITIS_LOOP_127_8' pipeline 'VITIS_LOOP_127_8' pipeline type 'loop pipeline'
INFO: [RTGEN 206-100] Finished creating RTL model for 'linear_attention_q16_Pipeline_VITIS_LOOP_127_8'.
INFO: [HLS 200-111] Finished Creating RTL model: CPU user time: 0.13 seconds. CPU system time: 0 seconds. Elapsed time: 0.13 seconds; current allocated memory: 642.020 MB.
INFO: [HLS 200-10] ----------------------------------------------------------------
INFO: [HLS 200-10] -- Generating RTL for module 'linear_attention_q16_Pipeline_VITIS_LOOP_138_10' 
INFO: [HLS 200-10] ----------------------------------------------------------------
INFO: [HLS 200-1030] Apply Unified Pipeline Control on module 'linear_attention_q16_Pipeline_VITIS_LOOP_138_10' pipeline 'VITIS_LOOP_138_10' pipeline type 'loop pipeline'
INFO: [RTGEN 206-100] Generating core module 'mac_muladd_16s_16s_30ns_30_4_1': 1 instance(s).
INFO: [RTGEN 206-100] Finished creating RTL model for 'linear_attention_q16_Pipeline_VITIS_LOOP_138_10'.
INFO: [HLS 200-111] Finished Creating RTL model: CPU user time: 0.05 seconds. CPU system time: 0 seconds. Elapsed time: 0.07 seconds; current allocated memory: 642.898 MB.
INFO: [HLS 200-10] ----------------------------------------------------------------
INFO: [HLS 200-10] -- Generating RTL for module 'linear_attention_q16_Pipeline_VITIS_LOOP_147_11_VITIS_LOOP_149_12' 
INFO: [HLS 200-10] ----------------------------------------------------------------
INFO: [HLS 200-1030] Apply Unified Pipeline Control on module 'linear_attention_q16_Pipeline_VITIS_LOOP_147_11_VITIS_LOOP_149_12' pipeline 'VITIS_LOOP_147_11_VITIS_LOOP_149_12' pipeline type 'loop pipeline'
INFO: [RTGEN 206-100] Generating core module 'mac_muladd_16s_16s_30ns_30_4_1': 1 instance(s).
INFO: [RTGEN 206-100] Generating core module 'mul_mul_24s_16s_30_4_1': 1 instance(s).
INFO: [RTGEN 206-100] Finished creating RTL model for 'linear_attention_q16_Pipeline_VITIS_LOOP_147_11_VITIS_LOOP_149_12'.
INFO: [HLS 200-111] Finished Creating RTL model: CPU user time: 0.06 seconds. CPU system time: 0 seconds. Elapsed time: 0.08 seconds; current allocated memory: 644.141 MB.
INFO: [HLS 200-10] ----------------------------------------------------------------
INFO: [HLS 200-10] -- Generating RTL for module 'linear_attention_q16_Pipeline_VITIS_LOOP_159_14' 
INFO: [HLS 200-10] ----------------------------------------------------------------
INFO: [SYN 201-210] Renamed object name 'linear_attention_q16_Pipeline_VITIS_LOOP_159_14_layers_0_attention_output_weight_V_ROM_AUTO_1R' to 'linear_attention_q16_Pipeline_VITIS_LOOP_159_14_layers_0_attention_output_weifYi' due to the length limit 80
INFO: [HLS 200-1030] Apply Unified Pipeline Control on module 'linear_attention_q16_Pipeline_VITIS_LOOP_159_14' pipeline 'VITIS_LOOP_159_14' pipeline type 'loop pipeline'
INFO: [RTGEN 206-100] Generating core module 'mul_mul_10s_16s_26_4_1': 1 instance(s).
INFO: [RTGEN 206-100] Finished creating RTL model for 'linear_attention_q16_Pipeline_VITIS_LOOP_159_14'.
INFO: [RTMG 210-279] Implementing memory 'imgds_linear_dense_q16_linear_attention_q16_Pipeline_VITIS_LOOP_159_14_layers_0_attention_output_weifYi' using auto ROMs.
INFO: [HLS 200-111] Finished Creating RTL model: CPU user time: 0.12 seconds. CPU system time: 0.01 seconds. Elapsed time: 0.14 seconds; current allocated memory: 645.844 MB.
INFO: [HLS 200-10] ----------------------------------------------------------------
INFO: [HLS 200-10] -- Generating RTL for module 'linear_attention_q16' 
INFO: [HLS 200-10] ----------------------------------------------------------------
INFO: [RTGEN 206-100] Generating core module 'fdiv_32ns_32ns_32_16_no_dsp_1': 1 instance(s).
INFO: [RTGEN 206-100] Generating core module 'fexp_32ns_32ns_32_10_full_dsp_1': 2 instance(s).
INFO: [RTGEN 206-100] Generating core module 'fpext_32ns_64_2_no_dsp_1': 2 instance(s).
INFO: [RTGEN 206-100] Finished creating RTL model for 'linear_attention_q16'.
INFO: [RTMG 210-279] Implementing memory 'imgds_linear_dense_q16_linear_attention_q16_layers_0_attention_output_bias_V_ROM_AUTO_1R' using auto ROMs.
INFO: [RTMG 210-278] Implementing memory 'imgds_linear_dense_q16_linear_attention_q16_Q_V_RAM_AUTO_1R1W' using auto RAMs.
INFO: [RTMG 210-278] Implementing memory 'imgds_linear_dense_q16_linear_attention_q16_K_sum_V_RAM_AUTO_1R1W' using auto RAMs.
INFO: [HLS 200-111] Finished Creating RTL model: CPU user time: 0.12 seconds. CPU system time: 0 seconds. Elapsed time: 0.15 seconds; current allocated memory: 650.285 MB.
INFO: [HLS 200-10] ----------------------------------------------------------------
INFO: [HLS 200-10] -- Generating RTL for module 'layer_norm_q16_1' 
INFO: [HLS 200-10] ----------------------------------------------------------------
INFO: [RTGEN 206-100] Generating core module 'am_submul_16s_16s_16s_26_4_1': 16 instance(s).
INFO: [RTGEN 206-100] Generating core module 'fadd_32ns_32ns_32_5_full_dsp_1': 1 instance(s).
INFO: [RTGEN 206-100] Generating core module 'fdiv_32ns_32ns_32_16_no_dsp_1': 1 instance(s).
INFO: [RTGEN 206-100] Generating core module 'fpext_32ns_64_2_no_dsp_1': 1 instance(s).
INFO: [RTGEN 206-100] Generating core module 'fsqrt_32ns_32ns_32_16_no_dsp_1': 1 instance(s).
INFO: [RTGEN 206-100] Generating core module 'mac_muladd_16s_10ns_16ns_26_4_1': 1 instance(s).
INFO: [RTGEN 206-100] Generating core module 'mac_muladd_16s_10ns_16s_26_4_1': 2 instance(s).
INFO: [RTGEN 206-100] Generating core module 'mac_muladd_16s_10ns_18s_26_4_1': 1 instance(s).
INFO: [RTGEN 206-100] Generating core module 'mac_muladd_16s_11ns_15ns_26_4_1': 2 instance(s).
INFO: [RTGEN 206-100] Generating core module 'mac_muladd_16s_11ns_15s_26_4_1': 1 instance(s).
INFO: [RTGEN 206-100] Generating core module 'mac_muladd_16s_11ns_16ns_26_4_1': 2 instance(s).
INFO: [RTGEN 206-100] Generating core module 'mac_muladd_16s_11ns_16s_26_4_1': 2 instance(s).
INFO: [RTGEN 206-100] Generating core module 'mac_muladd_16s_11ns_17s_26_4_1': 4 instance(s).
INFO: [RTGEN 206-100] Generating core module 'mac_muladd_16s_11ns_18s_26_4_1': 1 instance(s).
INFO: [RTGEN 206-100] Generating core module 'mac_muladd_16s_16s_30ns_30_4_1': 15 instance(s).
INFO: [RTGEN 206-100] Generating core module 'mul_mul_16s_16s_30_4_1': 1 instance(s).
INFO: [RTGEN 206-100] Finished creating RTL model for 'layer_norm_q16_1'.
INFO: [HLS 200-111] Finished Creating RTL model: CPU user time: 1.01 seconds. CPU system time: 0.01 seconds. Elapsed time: 1.07 seconds; current allocated memory: 662.234 MB.
INFO: [HLS 200-10] ----------------------------------------------------------------
INFO: [HLS 200-10] -- Generating RTL for module 'imgds_linear_dense_q16_Pipeline_VITIS_LOOP_254_4' 
INFO: [HLS 200-10] ----------------------------------------------------------------
INFO: [HLS 200-1030] Apply Unified Pipeline Control on module 'imgds_linear_dense_q16_Pipeline_VITIS_LOOP_254_4' pipeline 'VITIS_LOOP_254_4' pipeline type 'loop pipeline'
INFO: [RTGEN 206-100] Finished creating RTL model for 'imgds_linear_dense_q16_Pipeline_VITIS_LOOP_254_4'.
INFO: [HLS 200-111] Finished Creating RTL model: CPU user time: 0.58 seconds. CPU system time: 0.01 seconds. Elapsed time: 0.61 seconds; current allocated memory: 674.012 MB.
INFO: [HLS 200-10] ----------------------------------------------------------------
INFO: [HLS 200-10] -- Generating RTL for module 'imgds_linear_dense_q16_Pipeline_VITIS_LOOP_185_3' 
INFO: [HLS 200-10] ----------------------------------------------------------------
INFO: [SYN 201-210] Renamed object name 'imgds_linear_dense_q16_Pipeline_VITIS_LOOP_185_3_layers_0_feedforward_0_weight_V_ROM_AUTO_1R' to 'imgds_linear_dense_q16_Pipeline_VITIS_LOOP_185_3_layers_0_feedforward_0_weighg8j' due to the length limit 80
INFO: [HLS 200-1030] Apply Unified Pipeline Control on module 'imgds_linear_dense_q16_Pipeline_VITIS_LOOP_185_3' pipeline 'VITIS_LOOP_185_3' pipeline type 'loop pipeline'
INFO: [RTGEN 206-100] Generating core module 'mul_mul_11s_16s_27_4_1': 1 instance(s).
INFO: [RTGEN 206-100] Finished creating RTL model for 'imgds_linear_dense_q16_Pipeline_VITIS_LOOP_185_3'.
INFO: [RTMG 210-279] Implementing memory 'imgds_linear_dense_q16_imgds_linear_dense_q16_Pipeline_VITIS_LOOP_185_3_layers_0_feedforward_0_weighg8j' using auto ROMs.
INFO: [HLS 200-111] Finished Creating RTL model: CPU user time: 0.22 seconds. CPU system time: 0.01 seconds. Elapsed time: 0.27 seconds; current allocated memory: 674.332 MB.
INFO: [HLS 200-10] ----------------------------------------------------------------
INFO: [HLS 200-10] -- Generating RTL for module 'imgds_linear_dense_q16_Pipeline_VITIS_LOOP_197_5' 
INFO: [HLS 200-10] ----------------------------------------------------------------
INFO: [SYN 201-210] Renamed object name 'imgds_linear_dense_q16_Pipeline_VITIS_LOOP_197_5_layers_0_feedforward_3_weight_V_ROM_AUTO_1R' to 'imgds_linear_dense_q16_Pipeline_VITIS_LOOP_197_5_layers_0_feedforward_3_weighhbi' due to the length limit 80
INFO: [HLS 200-1030] Apply Unified Pipeline Control on module 'imgds_linear_dense_q16_Pipeline_VITIS_LOOP_197_5' pipeline 'VITIS_LOOP_197_5' pipeline type 'loop pipeline'
INFO: [RTGEN 206-100] Generating core module 'mul_mul_10s_15ns_25_4_1': 1 instance(s).
INFO: [RTGEN 206-100] Finished creating RTL model for 'imgds_linear_dense_q16_Pipeline_VITIS_LOOP_197_5'.
INFO: [RTMG 210-279] Implementing memory 'imgds_linear_dense_q16_imgds_linear_dense_q16_Pipeline_VITIS_LOOP_197_5_layers_0_feedforward_3_weighhbi' using auto ROMs.
INFO: [HLS 200-111] Finished Creating RTL model: CPU user time: 0.07 seconds. CPU system time: 0 seconds. Elapsed time: 0.13 seconds; current allocated memory: 675.625 MB.
INFO: [HLS 200-10] ----------------------------------------------------------------
INFO: [HLS 200-10] -- Generating RTL for module 'imgds_linear_dense_q16_Pipeline_VITIS_LOOP_205_6' 
INFO: [HLS 200-10] ----------------------------------------------------------------
INFO: [HLS 200-1030] Apply Unified Pipeline Control on module 'imgds_linear_dense_q16_Pipeline_VITIS_LOOP_205_6' pipeline 'VITIS_LOOP_205_6' pipeline type 'loop pipeline'
INFO: [RTGEN 206-100] Finished creating RTL model for 'imgds_linear_dense_q16_Pipeline_VITIS_LOOP_205_6'.
INFO: [HLS 200-111] Finished Creating RTL model: CPU user time: 0.08 seconds. CPU system time: 0 seconds. Elapsed time: 0.09 seconds; current allocated memory: 676.922 MB.
INFO: [HLS 200-10] ----------------------------------------------------------------
INFO: [HLS 200-10] -- Generating RTL for module 'imgds_linear_dense_q16_Pipeline_VITIS_LOOP_267_5' 
INFO: [HLS 200-10] ----------------------------------------------------------------
INFO: [HLS 200-1030] Apply Unified Pipeline Control on module 'imgds_linear_dense_q16_Pipeline_VITIS_LOOP_267_5' pipeline 'VITIS_LOOP_267_5' pipeline type 'loop pipeline'
INFO: [RTGEN 206-100] Finished creating RTL model for 'imgds_linear_dense_q16_Pipeline_VITIS_LOOP_267_5'.
INFO: [HLS 200-111] Finished Creating RTL model: CPU user time: 0.06 seconds. CPU system time: 0 seconds. Elapsed time: 0.09 seconds; current allocated memory: 678.371 MB.
INFO: [HLS 200-10] ----------------------------------------------------------------
INFO: [HLS 200-10] -- Generating RTL for module 'imgds_linear_dense_q16_Pipeline_VITIS_LOOP_272_6_VITIS_LOOP_274_7' 
INFO: [HLS 200-10] ----------------------------------------------------------------
INFO: [HLS 200-1030] Apply Unified Pipeline Control on module 'imgds_linear_dense_q16_Pipeline_VITIS_LOOP_272_6_VITIS_LOOP_274_7' pipeline 'VITIS_LOOP_272_6_VITIS_LOOP_274_7' pipeline type 'loop pipeline'
INFO: [RTGEN 206-100] Finished creating RTL model for 'imgds_linear_dense_q16_Pipeline_VITIS_LOOP_272_6_VITIS_LOOP_274_7'.
INFO: [HLS 200-111] Finished Creating RTL model: CPU user time: 0.2 seconds. CPU system time: 0 seconds. Elapsed time: 0.2 seconds; current allocated memory: 679.910 MB.
INFO: [HLS 200-10] ----------------------------------------------------------------
INFO: [HLS 200-10] -- Generating RTL for module 'layer_norm_q16_Pipeline_VITIS_LOOP_46_1' 
INFO: [HLS 200-10] ----------------------------------------------------------------
INFO: [HLS 200-1030] Apply Unified Pipeline Control on module 'layer_norm_q16_Pipeline_VITIS_LOOP_46_1' pipeline 'VITIS_LOOP_46_1' pipeline type 'loop pipeline'
INFO: [RTGEN 206-100] Finished creating RTL model for 'layer_norm_q16_Pipeline_VITIS_LOOP_46_1'.
INFO: [HLS 200-111] Finished Creating RTL model: CPU user time: 0.1 seconds. CPU system time: 0 seconds. Elapsed time: 0.12 seconds; current allocated memory: 681.215 MB.
INFO: [HLS 200-10] ----------------------------------------------------------------
INFO: [HLS 200-10] -- Generating RTL for module 'layer_norm_q16_Pipeline_VITIS_LOOP_52_2' 
INFO: [HLS 200-10] ----------------------------------------------------------------
INFO: [HLS 200-1030] Apply Unified Pipeline Control on module 'layer_norm_q16_Pipeline_VITIS_LOOP_52_2' pipeline 'VITIS_LOOP_52_2' pipeline type 'loop pipeline'
INFO: [RTGEN 206-100] Generating core module 'mac_muladd_16s_16s_30ns_30_4_1': 1 instance(s).
INFO: [RTGEN 206-100] Finished creating RTL model for 'layer_norm_q16_Pipeline_VITIS_LOOP_52_2'.
INFO: [HLS 200-111] Finished Creating RTL model: CPU user time: 0.05 seconds. CPU system time: 0 seconds. Elapsed time: 0.08 seconds; current allocated memory: 682.500 MB.
INFO: [HLS 200-10] ----------------------------------------------------------------
INFO: [HLS 200-10] -- Generating RTL for module 'layer_norm_q16_Pipeline_VITIS_LOOP_64_3' 
INFO: [HLS 200-10] ----------------------------------------------------------------
INFO: [HLS 200-1030] Apply Unified Pipeline Control on module 'layer_norm_q16_Pipeline_VITIS_LOOP_64_3' pipeline 'VITIS_LOOP_64_3' pipeline type 'loop pipeline'
INFO: [RTGEN 206-100] Generating core module 'am_submul_16s_16s_16s_26_4_1': 1 instance(s).
INFO: [RTGEN 206-100] Generating core module 'mac_muladd_16s_11ns_18s_26_4_1': 1 instance(s).
INFO: [RTGEN 206-100] Finished creating RTL model for 'layer_norm_q16_Pipeline_VITIS_LOOP_64_3'.
INFO: [RTMG 210-279] Implementing memory 'imgds_linear_dense_q16_layer_norm_q16_Pipeline_VITIS_LOOP_64_3_output_norm_weight_V_ROM_AUTO_1R' using auto ROMs.
INFO: [RTMG 210-279] Implementing memory 'imgds_linear_dense_q16_layer_norm_q16_Pipeline_VITIS_LOOP_64_3_output_norm_bias_V_ROM_AUTO_1R' using auto ROMs.
INFO: [HLS 200-111] Finished Creating RTL model: CPU user time: 0.07 seconds. CPU system time: 0.01 seconds. Elapsed time: 0.1 seconds; current allocated memory: 683.383 MB.
INFO: [HLS 200-10] ----------------------------------------------------------------
INFO: [HLS 200-10] -- Generating RTL for module 'layer_norm_q16' 
INFO: [HLS 200-10] ----------------------------------------------------------------
INFO: [RTGEN 206-100] Generating core module 'fadd_32ns_32ns_32_5_full_dsp_1': 1 instance(s).
INFO: [RTGEN 206-100] Generating core module 'fdiv_32ns_32ns_32_16_no_dsp_1': 1 instance(s).
INFO: [RTGEN 206-100] Generating core module 'fpext_32ns_64_2_no_dsp_1': 1 instance(s).
INFO: [RTGEN 206-100] Generating core module 'fsqrt_32ns_32ns_32_16_no_dsp_1': 1 instance(s).
INFO: [RTGEN 206-100] Finished creating RTL model for 'layer_norm_q16'.
INFO: [HLS 200-111] Finished Creating RTL model: CPU user time: 0.1 seconds. CPU system time: 0 seconds. Elapsed time: 0.22 seconds; current allocated memory: 685.262 MB.
INFO: [HLS 200-10] ----------------------------------------------------------------
INFO: [HLS 200-10] -- Generating RTL for module 'imgds_linear_dense_q16' 
INFO: [HLS 200-10] ----------------------------------------------------------------
WARNING: [RTGEN 206-101] Design contains AXI ports. Reset is fixed to synchronous and active low.
INFO: [RTGEN 206-500] Setting interface mode on port 'imgds_linear_dense_q16/gmem0' to 'm_axi'.
INFO: [RTGEN 206-500] Setting interface mode on port 'imgds_linear_dense_q16/gmem1' to 'm_axi'.
INFO: [RTGEN 206-500] Setting interface mode on port 'imgds_linear_dense_q16/input_r' to 's_axilite & ap_none'.
INFO: [RTGEN 206-500] Setting interface mode on port 'imgds_linear_dense_q16/logits' to 's_axilite & ap_none'.
INFO: [RTGEN 206-500] Setting interface mode on function 'imgds_linear_dense_q16' to 's_axilite & ap_ctrl_hs'.
INFO: [RTGEN 206-100] Bundling port 'input_r', 'logits' and 'return' to AXI-Lite port control.
INFO: [RTGEN 206-100] Generating core module 'fdiv_32ns_32ns_32_16_no_dsp_1': 1 instance(s).
INFO: [RTGEN 206-100] Generating core module 'fpext_32ns_64_2_no_dsp_1': 1 instance(s).
INFO: [RTGEN 206-100] Generating core module 'mac_muladd_16s_10ns_26ns_26_4_1': 1 instance(s).
INFO: [RTGEN 206-100] Generating core module 'mac_muladd_16s_10s_25s_26_4_1': 1 instance(s).
INFO: [RTGEN 206-100] Generating core module 'mac_muladd_16s_10s_26ns_26_4_1': 4 instance(s).
INFO: [RTGEN 206-100] Generating core module 'mac_muladd_16s_7ns_24s_25_4_1': 1 instance(s).
INFO: [RTGEN 206-100] Generating core module 'mac_muladd_16s_7ns_26s_26_4_1': 4 instance(s).
INFO: [RTGEN 206-100] Generating core module 'mac_muladd_16s_8ns_25s_26_4_1': 1 instance(s).
INFO: [RTGEN 206-100] Generating core module 'mac_muladd_16s_8ns_26s_26_4_1': 2 instance(s).
INFO: [RTGEN 206-100] Generating core module 'mac_muladd_16s_8s_26s_26_4_1': 1 instance(s).
INFO: [RTGEN 206-100] Generating core module 'mac_muladd_16s_9ns_18s_25_4_1': 1 instance(s).
INFO: [RTGEN 206-100] Generating core module 'mac_muladd_16s_9ns_26ns_26_4_1': 5 instance(s).
INFO: [RTGEN 206-100] Generating core module 'mac_muladd_16s_9s_19s_24_4_1': 1 instance(s).
INFO: [RTGEN 206-100] Generating core module 'mac_muladd_16s_9s_26s_26_4_1': 4 instance(s).
INFO: [RTGEN 206-100] Finished creating RTL model for 'imgds_linear_dense_q16'.
INFO: [RTMG 210-279] Implementing memory 'imgds_linear_dense_q16_input_projection_bias_V_ROM_AUTO_1R' using auto ROMs.
INFO: [RTMG 210-279] Implementing memory 'imgds_linear_dense_q16_position_embedding_V_ROM_AUTO_1R' using auto ROMs.
INFO: [RTMG 210-279] Implementing memory 'imgds_linear_dense_q16_layers_0_feedforward_0_bias_V_ROM_AUTO_1R' using auto ROMs.
INFO: [RTMG 210-279] Implementing memory 'imgds_linear_dense_q16_layers_0_feedforward_3_bias_V_ROM_AUTO_1R' using auto ROMs.
INFO: [RTMG 210-278] Implementing memory 'imgds_linear_dense_q16_hidden_V_RAM_AUTO_1R1W' using auto RAMs.
INFO: [RTMG 210-278] Implementing memory 'imgds_linear_dense_q16_x_V_RAM_AUTO_1R1W' using auto RAMs.
INFO: [RTMG 210-278] Implementing memory 'imgds_linear_dense_q16_pooled_V_RAM_AUTO_1R1W' using auto RAMs.
INFO: [HLS 200-111] Finished Creating RTL model: CPU user time: 0.45 seconds. CPU system time: 0.02 seconds. Elapsed time: 0.47 seconds; current allocated memory: 692.250 MB.
INFO: [HLS 200-111] Finished Generating all RTL models: CPU user time: 1.94 seconds. CPU system time: 0.04 seconds. Elapsed time: 1.99 seconds; current allocated memory: 700.055 MB.
INFO: [HLS 200-1603] Design has inferred MAXI bursts and missed bursts, see Vitis HLS GUI synthesis summary report for detailed information.
INFO: [HLS 200-111] Finished Updating report files: CPU user time: 0.88 seconds. CPU system time: 0.02 seconds. Elapsed time: 0.91 seconds; current allocated memory: 716.043 MB.
INFO: [VHDL 208-304] Generating VHDL RTL for imgds_linear_dense_q16.
INFO: [VLOG 209-307] Generating Verilog RTL for imgds_linear_dense_q16.
INFO: [HLS 200-790] **** Loop Constraint Status: All loop constraints were NOT satisfied.
INFO: [HLS 200-789] **** Estimated Fmax: 126.53 MHz
INFO: [HLS 200-111] Finished Command csynth_design CPU user time: 25.16 seconds. CPU system time: 1.17 seconds. Elapsed time: 27.95 seconds; current allocated memory: 407.438 MB.
INFO: [HLS 200-1510] Running: export_design -format ip_catalog -rtl verilog 
INFO: [IMPL 213-8] Exporting RTL as a Vivado IP.

****** Vivado v2022.2 (64-bit)
  **** SW Build 3671981 on Fri Oct 14 04:59:54 MDT 2022
  **** IP Build 3669848 on Fri Oct 14 08:30:02 MDT 2022
    ** Copyright 1986-2022 Xilinx, Inc. All Rights Reserved.

source run_ippack.tcl -notrace
INFO: [IP_Flow 19-234] Refreshing IP repositories
INFO: [IP_Flow 19-1704] No user IP repositories specified
INFO: [IP_Flow 19-2313] Loaded Vivado IP repository '/tools/Xilinx/Vivado/2022.2/data/ip'.
WARNING: [IP_Flow 19-4832] The IP name 'imgds_linear_dense_q16_fadd_32ns_32ns_32_5_full_dsp_1_ip' you have specified is long. The Windows operating system has path length limitations. It is recommended you use shorter names to reduce the likelihood of issues.
INFO: [IP_Flow 19-1686] Generating 'Synthesis' target for IP 'imgds_linear_dense_q16_fadd_32ns_32ns_32_5_full_dsp_1_ip'...
INFO: [IP_Flow 19-1686] Generating 'Simulation' target for IP 'imgds_linear_dense_q16_fadd_32ns_32ns_32_5_full_dsp_1_ip'...
WARNING: [IP_Flow 19-4832] The IP name 'imgds_linear_dense_q16_fdiv_32ns_32ns_32_16_no_dsp_1_ip' you have specified is long. The Windows operating system has path length limitations. It is recommended you use shorter names to reduce the likelihood of issues.
INFO: [IP_Flow 19-1686] Generating 'Synthesis' target for IP 'imgds_linear_dense_q16_fdiv_32ns_32ns_32_16_no_dsp_1_ip'...
INFO: [IP_Flow 19-1686] Generating 'Simulation' target for IP 'imgds_linear_dense_q16_fdiv_32ns_32ns_32_16_no_dsp_1_ip'...
WARNING: [IP_Flow 19-4832] The IP name 'imgds_linear_dense_q16_fexp_32ns_32ns_32_10_full_dsp_1_ip' you have specified is long. The Windows operating system has path length limitations. It is recommended you use shorter names to reduce the likelihood of issues.
INFO: [IP_Flow 19-1686] Generating 'Synthesis' target for IP 'imgds_linear_dense_q16_fexp_32ns_32ns_32_10_full_dsp_1_ip'...
INFO: [IP_Flow 19-1686] Generating 'Simulation' target for IP 'imgds_linear_dense_q16_fexp_32ns_32ns_32_10_full_dsp_1_ip'...
WARNING: [IP_Flow 19-4832] The IP name 'imgds_linear_dense_q16_fpext_32ns_64_2_no_dsp_1_ip' you have specified is long. The Windows operating system has path length limitations. It is recommended you use shorter names to reduce the likelihood of issues.
INFO: [IP_Flow 19-1686] Generating 'Synthesis' target for IP 'imgds_linear_dense_q16_fpext_32ns_64_2_no_dsp_1_ip'...
INFO: [IP_Flow 19-1686] Generating 'Simulation' target for IP 'imgds_linear_dense_q16_fpext_32ns_64_2_no_dsp_1_ip'...
WARNING: [IP_Flow 19-4832] The IP name 'imgds_linear_dense_q16_fsqrt_32ns_32ns_32_16_no_dsp_1_ip' you have specified is long. The Windows operating system has path length limitations. It is recommended you use shorter names to reduce the likelihood of issues.
INFO: [IP_Flow 19-1686] Generating 'Synthesis' target for IP 'imgds_linear_dense_q16_fsqrt_32ns_32ns_32_16_no_dsp_1_ip'...
INFO: [IP_Flow 19-1686] Generating 'Simulation' target for IP 'imgds_linear_dense_q16_fsqrt_32ns_32ns_32_16_no_dsp_1_ip'...
INFO: [IP_Flow 19-234] Refreshing IP repositories
INFO: [IP_Flow 19-1704] No user IP repositories specified
INFO: [IP_Flow 19-2313] Loaded Vivado IP repository '/tools/Xilinx/Vivado/2022.2/data/ip'.
INFO: [Common 17-206] Exiting Vivado at Wed Jul  1 00:17:54 2026...
INFO: [HLS 200-802] Generated output file imgds_linear_dense_q16_pareto2_axi/solution1/impl/export.zip
INFO: [HLS 200-111] Finished Command export_design CPU user time: 17.92 seconds. CPU system time: 1.04 seconds. Elapsed time: 29.85 seconds; current allocated memory: 4.543 MB.
INFO: [HLS 200-112] Total CPU user time: 56.49 seconds. Total CPU system time: 2.88 seconds. Total elapsed time: 82.35 seconds; peak allocated memory: 720.617 MB.
INFO: [Common 17-206] Exiting vitis_hls at Wed Jul  1 00:18:04 2026...
