

================================================================
== Vitis HLS Report for 'imgds_linear_small_a_Pipeline_VITIS_LOOP_179_5'
================================================================
* Date:           Wed Jul  1 21:19:07 2026

* Version:        2022.2 (Build 3670227 on Oct 13 2022)
* Project:        imgds_linear_small_a_axi
* Solution:       solution1 (Vivado IP Flow Target)
* Product family: zynq
* Target device:  xc7z020-clg400-1


================================================================
== Performance Estimates
================================================================
+ Timing: 
    * Summary: 
    +--------+----------+----------+------------+
    |  Clock |  Target  | Estimated| Uncertainty|
    +--------+----------+----------+------------+
    |ap_clk  |  10.00 ns|  7.256 ns|     2.70 ns|
    +--------+----------+----------+------------+

+ Latency: 
    * Summary: 
    +---------+---------+-----------+-----------+------+------+---------+
    |  Latency (cycles) |   Latency (absolute)  |   Interval  | Pipeline|
    |   min   |   max   |    min    |    max    |  min |  max |   Type  |
    +---------+---------+-----------+-----------+------+------+---------+
    |     1378|     1378|  13.780 us|  13.780 us|  1378|  1378|       no|
    +---------+---------+-----------+-----------+------+------+---------+

    + Detail: 
        * Instance: 
        +--------------------------------+----------------------+---------+---------+----------+----------+-----+-----+---------+
        |                                |                      |  Latency (cycles) |  Latency (absolute) |  Interval | Pipeline|
        |            Instance            |        Module        |   min   |   max   |    min   |    max   | min | max |   Type  |
        +--------------------------------+----------------------+---------+---------+----------+----------+-----+-----+---------+
        |grp_layer_norm_small_a_1_fu_80  |layer_norm_small_a_1  |       85|       85|  0.850 us|  0.850 us|   86|   86|      yes|
        +--------------------------------+----------------------+---------+---------+----------+----------+-----+-----+---------+

        * Loop: 
        +--------------------+---------+---------+----------+-----------+-----------+------+----------+
        |                    |  Latency (cycles) | Iteration|  Initiation Interval  | Trip |          |
        |      Loop Name     |   min   |   max   |  Latency |  achieved |   target  | Count| Pipelined|
        +--------------------+---------+---------+----------+-----------+-----------+------+----------+
        |- VITIS_LOOP_179_5  |     1376|     1376|        87|         86|          1|    16|       yes|
        +--------------------+---------+---------+----------+-----------+-----------+------+----------+

============================================================
+ Verbose Summary: Synthesis Manager
============================================================
InlineROM: 1
ExposeGlobal: 0
============================================================
+ Verbose Summary: CDFG Model
============================================================
IsTopModel: 0
ResetActiveHigh: 1
IsCombinational: 0
IsDatapathOnly: 0
HasWiredReturn: 1
HasMFsm: 2
HasVarLatency: 1
IsPipeline: 0
IsRtlPipelined: 0
IsInstanceOverlapped: 0
IsDontTouch: 0
HasImplIP: 0
IsGatedGlobalClock: 0

+ Individual pipeline summary: 
  * Pipeline-0: initiation interval (II) = 86, depth = 87


============================================================
+ Verbose Summary: Schedule
============================================================
* Number of FSM states : 87
* Pipeline : 1
  Pipeline-0 : II = 86, D = 87, States = { 1 2 3 4 5 6 7 8 9 10 11 12 13 14 15 16 17 18 19 20 21 22 23 24 25 26 27 28 29 30 31 32 33 34 35 36 37 38 39 40 41 42 43 44 45 46 47 48 49 50 51 52 53 54 55 56 57 58 59 60 61 62 63 64 65 66 67 68 69 70 71 72 73 74 75 76 77 78 79 80 81 82 83 84 85 86 87 }
* Dataflow Pipeline: 0

* FSM state transitions: 
1 --> 2 
2 --> 3 
3 --> 4 
4 --> 5 
5 --> 6 
6 --> 7 
7 --> 8 
8 --> 9 
9 --> 10 
10 --> 11 
11 --> 12 
12 --> 13 
13 --> 14 
14 --> 15 
15 --> 16 
16 --> 17 
17 --> 18 
18 --> 19 
19 --> 20 
20 --> 21 
21 --> 22 
22 --> 23 
23 --> 24 
24 --> 25 
25 --> 26 
26 --> 27 
27 --> 28 
28 --> 29 
29 --> 30 
30 --> 31 
31 --> 32 
32 --> 33 
33 --> 34 
34 --> 35 
35 --> 36 
36 --> 37 
37 --> 38 
38 --> 39 
39 --> 40 
40 --> 41 
41 --> 42 
42 --> 43 
43 --> 44 
44 --> 45 
45 --> 46 
46 --> 47 
47 --> 48 
48 --> 49 
49 --> 50 
50 --> 51 
51 --> 52 
52 --> 53 
53 --> 54 
54 --> 55 
55 --> 56 
56 --> 57 
57 --> 58 
58 --> 59 
59 --> 60 
60 --> 61 
61 --> 62 
62 --> 63 
63 --> 64 
64 --> 65 
65 --> 66 
66 --> 67 
67 --> 68 
68 --> 69 
69 --> 70 
70 --> 71 
71 --> 72 
72 --> 73 
73 --> 74 
74 --> 75 
75 --> 76 
76 --> 77 
77 --> 78 
78 --> 79 
79 --> 80 
80 --> 81 
81 --> 82 
82 --> 83 
83 --> 84 
84 --> 85 
85 --> 86 
86 --> 87 
87 --> 

* FSM state operations: 

State 1 <SV = 0> <Delay = 3.36>
ST_1 : Operation 90 [1/1] (0.00ns)   --->   "%s = alloca i32 1"   --->   Operation 90 'alloca' 's' <Predicate = true> <Delay = 0.00>
ST_1 : Operation 91 [1/1] (1.58ns)   --->   "%store_ln0 = store i5 0, i5 %s"   --->   Operation 91 'store' 'store_ln0' <Predicate = true> <Delay = 1.58>
ST_1 : Operation 92 [1/1] (0.00ns)   --->   "%br_ln0 = br void %for.inc59"   --->   Operation 92 'br' 'br_ln0' <Predicate = true> <Delay = 0.00>
ST_1 : Operation 93 [1/1] (0.00ns)   --->   "%s_2 = load i5 %s"   --->   Operation 93 'load' 's_2' <Predicate = true> <Delay = 0.00>
ST_1 : Operation 94 [1/1] (0.00ns)   --->   "%specpipeline_ln0 = specpipeline void @_ssdm_op_SpecPipeline, i32 4294967295, i32 0, i32 1, i32 0, void @p_str"   --->   Operation 94 'specpipeline' 'specpipeline_ln0' <Predicate = true> <Delay = 0.00>
ST_1 : Operation 95 [1/1] (1.36ns)   --->   "%icmp_ln179 = icmp_eq  i5 %s_2, i5 16" [src/imgds_linear_small_a.cpp:179]   --->   Operation 95 'icmp' 'icmp_ln179' <Predicate = true> <Delay = 1.36> <CoreInst = "Cmp">   --->   Core 9 'Cmp' <Latency = 0> <II = 1> <Delay = 1.36> <FuncUnit> <Opcode : 'icmp'> <InPorts = 2> <OutPorts = 1>
ST_1 : Operation 96 [1/1] (0.00ns)   --->   "%empty = speclooptripcount i32 @_ssdm_op_SpecLoopTripCount, i64 16, i64 16, i64 16"   --->   Operation 96 'speclooptripcount' 'empty' <Predicate = true> <Delay = 0.00>
ST_1 : Operation 97 [1/1] (1.78ns)   --->   "%add_ln179 = add i5 %s_2, i5 1" [src/imgds_linear_small_a.cpp:179]   --->   Operation 97 'add' 'add_ln179' <Predicate = true> <Delay = 1.78> <CoreInst = "Adder">   --->   Core 1 'Adder' <Latency = 0> <II = 1> <Delay = 1.78> <FuncUnit> <Opcode : 'add' 'sub'> <InPorts = 2> <OutPorts = 1>
ST_1 : Operation 98 [1/1] (0.00ns)   --->   "%br_ln179 = br i1 %icmp_ln179, void %for.inc59.split, void %for.body78.preheader.exitStub" [src/imgds_linear_small_a.cpp:179]   --->   Operation 98 'br' 'br_ln179' <Predicate = true> <Delay = 0.00>
ST_1 : Operation 99 [1/1] (0.00ns)   --->   "%empty_73 = trunc i5 %s_2"   --->   Operation 99 'trunc' 'empty_73' <Predicate = (!icmp_ln179)> <Delay = 0.00>
ST_1 : Operation 100 [1/1] (1.58ns)   --->   "%store_ln179 = store i5 %add_ln179, i5 %s" [src/imgds_linear_small_a.cpp:179]   --->   Operation 100 'store' 'store_ln179' <Predicate = (!icmp_ln179)> <Delay = 1.58>
ST_1 : Operation 189 [1/1] (0.00ns)   --->   "%ret_ln0 = ret"   --->   Operation 189 'ret' 'ret_ln0' <Predicate = (icmp_ln179)> <Delay = 0.00>

State 2 <SV = 1> <Delay = 5.16>
ST_2 : Operation 101 [86/86] (5.16ns)   --->   "%call_ln179 = call void @layer_norm_small_a.1, i16 %x_V, i4 %empty_73, i10 669, i11 1051, i8 219, i11 1088, i11 926, i9 466, i11 782, i11 1155, i11 1169, i9 501, i11 1138, i8 165, i8 231, i5 2, i7 63, i8 233, i8 187, i6 17, i9 279, i7 20, i6 24, i6 36, i7 88, i8 28" [src/imgds_linear_small_a.cpp:179]   --->   Operation 101 'call' 'call_ln179' <Predicate = (!icmp_ln179)> <Delay = 5.16> <CoreType = "Generic">   --->   Core 0 '' <Latency = 0> <II = 1> <Delay = 1.00> <Generic> <Opcode : >

State 3 <SV = 2> <Delay = 7.25>
ST_3 : Operation 102 [85/86] (7.25ns)   --->   "%call_ln179 = call void @layer_norm_small_a.1, i16 %x_V, i4 %empty_73, i10 669, i11 1051, i8 219, i11 1088, i11 926, i9 466, i11 782, i11 1155, i11 1169, i9 501, i11 1138, i8 165, i8 231, i5 2, i7 63, i8 233, i8 187, i6 17, i9 279, i7 20, i6 24, i6 36, i7 88, i8 28" [src/imgds_linear_small_a.cpp:179]   --->   Operation 102 'call' 'call_ln179' <Predicate = (!icmp_ln179)> <Delay = 7.25> <CoreType = "Generic">   --->   Core 0 '' <Latency = 0> <II = 1> <Delay = 1.00> <Generic> <Opcode : >

State 4 <SV = 3> <Delay = 7.25>
ST_4 : Operation 103 [84/86] (7.25ns)   --->   "%call_ln179 = call void @layer_norm_small_a.1, i16 %x_V, i4 %empty_73, i10 669, i11 1051, i8 219, i11 1088, i11 926, i9 466, i11 782, i11 1155, i11 1169, i9 501, i11 1138, i8 165, i8 231, i5 2, i7 63, i8 233, i8 187, i6 17, i9 279, i7 20, i6 24, i6 36, i7 88, i8 28" [src/imgds_linear_small_a.cpp:179]   --->   Operation 103 'call' 'call_ln179' <Predicate = (!icmp_ln179)> <Delay = 7.25> <CoreType = "Generic">   --->   Core 0 '' <Latency = 0> <II = 1> <Delay = 1.00> <Generic> <Opcode : >

State 5 <SV = 4> <Delay = 7.25>
ST_5 : Operation 104 [83/86] (7.25ns)   --->   "%call_ln179 = call void @layer_norm_small_a.1, i16 %x_V, i4 %empty_73, i10 669, i11 1051, i8 219, i11 1088, i11 926, i9 466, i11 782, i11 1155, i11 1169, i9 501, i11 1138, i8 165, i8 231, i5 2, i7 63, i8 233, i8 187, i6 17, i9 279, i7 20, i6 24, i6 36, i7 88, i8 28" [src/imgds_linear_small_a.cpp:179]   --->   Operation 104 'call' 'call_ln179' <Predicate = (!icmp_ln179)> <Delay = 7.25> <CoreType = "Generic">   --->   Core 0 '' <Latency = 0> <II = 1> <Delay = 1.00> <Generic> <Opcode : >

State 6 <SV = 5> <Delay = 7.25>
ST_6 : Operation 105 [82/86] (7.25ns)   --->   "%call_ln179 = call void @layer_norm_small_a.1, i16 %x_V, i4 %empty_73, i10 669, i11 1051, i8 219, i11 1088, i11 926, i9 466, i11 782, i11 1155, i11 1169, i9 501, i11 1138, i8 165, i8 231, i5 2, i7 63, i8 233, i8 187, i6 17, i9 279, i7 20, i6 24, i6 36, i7 88, i8 28" [src/imgds_linear_small_a.cpp:179]   --->   Operation 105 'call' 'call_ln179' <Predicate = (!icmp_ln179)> <Delay = 7.25> <CoreType = "Generic">   --->   Core 0 '' <Latency = 0> <II = 1> <Delay = 1.00> <Generic> <Opcode : >

State 7 <SV = 6> <Delay = 7.25>
ST_7 : Operation 106 [81/86] (7.25ns)   --->   "%call_ln179 = call void @layer_norm_small_a.1, i16 %x_V, i4 %empty_73, i10 669, i11 1051, i8 219, i11 1088, i11 926, i9 466, i11 782, i11 1155, i11 1169, i9 501, i11 1138, i8 165, i8 231, i5 2, i7 63, i8 233, i8 187, i6 17, i9 279, i7 20, i6 24, i6 36, i7 88, i8 28" [src/imgds_linear_small_a.cpp:179]   --->   Operation 106 'call' 'call_ln179' <Predicate = (!icmp_ln179)> <Delay = 7.25> <CoreType = "Generic">   --->   Core 0 '' <Latency = 0> <II = 1> <Delay = 1.00> <Generic> <Opcode : >

State 8 <SV = 7> <Delay = 7.25>
ST_8 : Operation 107 [80/86] (7.25ns)   --->   "%call_ln179 = call void @layer_norm_small_a.1, i16 %x_V, i4 %empty_73, i10 669, i11 1051, i8 219, i11 1088, i11 926, i9 466, i11 782, i11 1155, i11 1169, i9 501, i11 1138, i8 165, i8 231, i5 2, i7 63, i8 233, i8 187, i6 17, i9 279, i7 20, i6 24, i6 36, i7 88, i8 28" [src/imgds_linear_small_a.cpp:179]   --->   Operation 107 'call' 'call_ln179' <Predicate = (!icmp_ln179)> <Delay = 7.25> <CoreType = "Generic">   --->   Core 0 '' <Latency = 0> <II = 1> <Delay = 1.00> <Generic> <Opcode : >

State 9 <SV = 8> <Delay = 7.25>
ST_9 : Operation 108 [79/86] (7.25ns)   --->   "%call_ln179 = call void @layer_norm_small_a.1, i16 %x_V, i4 %empty_73, i10 669, i11 1051, i8 219, i11 1088, i11 926, i9 466, i11 782, i11 1155, i11 1169, i9 501, i11 1138, i8 165, i8 231, i5 2, i7 63, i8 233, i8 187, i6 17, i9 279, i7 20, i6 24, i6 36, i7 88, i8 28" [src/imgds_linear_small_a.cpp:179]   --->   Operation 108 'call' 'call_ln179' <Predicate = (!icmp_ln179)> <Delay = 7.25> <CoreType = "Generic">   --->   Core 0 '' <Latency = 0> <II = 1> <Delay = 1.00> <Generic> <Opcode : >

State 10 <SV = 9> <Delay = 7.25>
ST_10 : Operation 109 [78/86] (7.25ns)   --->   "%call_ln179 = call void @layer_norm_small_a.1, i16 %x_V, i4 %empty_73, i10 669, i11 1051, i8 219, i11 1088, i11 926, i9 466, i11 782, i11 1155, i11 1169, i9 501, i11 1138, i8 165, i8 231, i5 2, i7 63, i8 233, i8 187, i6 17, i9 279, i7 20, i6 24, i6 36, i7 88, i8 28" [src/imgds_linear_small_a.cpp:179]   --->   Operation 109 'call' 'call_ln179' <Predicate = (!icmp_ln179)> <Delay = 7.25> <CoreType = "Generic">   --->   Core 0 '' <Latency = 0> <II = 1> <Delay = 1.00> <Generic> <Opcode : >

State 11 <SV = 10> <Delay = 7.25>
ST_11 : Operation 110 [77/86] (7.25ns)   --->   "%call_ln179 = call void @layer_norm_small_a.1, i16 %x_V, i4 %empty_73, i10 669, i11 1051, i8 219, i11 1088, i11 926, i9 466, i11 782, i11 1155, i11 1169, i9 501, i11 1138, i8 165, i8 231, i5 2, i7 63, i8 233, i8 187, i6 17, i9 279, i7 20, i6 24, i6 36, i7 88, i8 28" [src/imgds_linear_small_a.cpp:179]   --->   Operation 110 'call' 'call_ln179' <Predicate = (!icmp_ln179)> <Delay = 7.25> <CoreType = "Generic">   --->   Core 0 '' <Latency = 0> <II = 1> <Delay = 1.00> <Generic> <Opcode : >

State 12 <SV = 11> <Delay = 7.25>
ST_12 : Operation 111 [76/86] (7.25ns)   --->   "%call_ln179 = call void @layer_norm_small_a.1, i16 %x_V, i4 %empty_73, i10 669, i11 1051, i8 219, i11 1088, i11 926, i9 466, i11 782, i11 1155, i11 1169, i9 501, i11 1138, i8 165, i8 231, i5 2, i7 63, i8 233, i8 187, i6 17, i9 279, i7 20, i6 24, i6 36, i7 88, i8 28" [src/imgds_linear_small_a.cpp:179]   --->   Operation 111 'call' 'call_ln179' <Predicate = (!icmp_ln179)> <Delay = 7.25> <CoreType = "Generic">   --->   Core 0 '' <Latency = 0> <II = 1> <Delay = 1.00> <Generic> <Opcode : >

State 13 <SV = 12> <Delay = 7.25>
ST_13 : Operation 112 [75/86] (7.25ns)   --->   "%call_ln179 = call void @layer_norm_small_a.1, i16 %x_V, i4 %empty_73, i10 669, i11 1051, i8 219, i11 1088, i11 926, i9 466, i11 782, i11 1155, i11 1169, i9 501, i11 1138, i8 165, i8 231, i5 2, i7 63, i8 233, i8 187, i6 17, i9 279, i7 20, i6 24, i6 36, i7 88, i8 28" [src/imgds_linear_small_a.cpp:179]   --->   Operation 112 'call' 'call_ln179' <Predicate = (!icmp_ln179)> <Delay = 7.25> <CoreType = "Generic">   --->   Core 0 '' <Latency = 0> <II = 1> <Delay = 1.00> <Generic> <Opcode : >

State 14 <SV = 13> <Delay = 7.25>
ST_14 : Operation 113 [74/86] (7.25ns)   --->   "%call_ln179 = call void @layer_norm_small_a.1, i16 %x_V, i4 %empty_73, i10 669, i11 1051, i8 219, i11 1088, i11 926, i9 466, i11 782, i11 1155, i11 1169, i9 501, i11 1138, i8 165, i8 231, i5 2, i7 63, i8 233, i8 187, i6 17, i9 279, i7 20, i6 24, i6 36, i7 88, i8 28" [src/imgds_linear_small_a.cpp:179]   --->   Operation 113 'call' 'call_ln179' <Predicate = (!icmp_ln179)> <Delay = 7.25> <CoreType = "Generic">   --->   Core 0 '' <Latency = 0> <II = 1> <Delay = 1.00> <Generic> <Opcode : >

State 15 <SV = 14> <Delay = 7.25>
ST_15 : Operation 114 [73/86] (7.25ns)   --->   "%call_ln179 = call void @layer_norm_small_a.1, i16 %x_V, i4 %empty_73, i10 669, i11 1051, i8 219, i11 1088, i11 926, i9 466, i11 782, i11 1155, i11 1169, i9 501, i11 1138, i8 165, i8 231, i5 2, i7 63, i8 233, i8 187, i6 17, i9 279, i7 20, i6 24, i6 36, i7 88, i8 28" [src/imgds_linear_small_a.cpp:179]   --->   Operation 114 'call' 'call_ln179' <Predicate = (!icmp_ln179)> <Delay = 7.25> <CoreType = "Generic">   --->   Core 0 '' <Latency = 0> <II = 1> <Delay = 1.00> <Generic> <Opcode : >

State 16 <SV = 15> <Delay = 7.25>
ST_16 : Operation 115 [72/86] (7.25ns)   --->   "%call_ln179 = call void @layer_norm_small_a.1, i16 %x_V, i4 %empty_73, i10 669, i11 1051, i8 219, i11 1088, i11 926, i9 466, i11 782, i11 1155, i11 1169, i9 501, i11 1138, i8 165, i8 231, i5 2, i7 63, i8 233, i8 187, i6 17, i9 279, i7 20, i6 24, i6 36, i7 88, i8 28" [src/imgds_linear_small_a.cpp:179]   --->   Operation 115 'call' 'call_ln179' <Predicate = (!icmp_ln179)> <Delay = 7.25> <CoreType = "Generic">   --->   Core 0 '' <Latency = 0> <II = 1> <Delay = 1.00> <Generic> <Opcode : >

State 17 <SV = 16> <Delay = 7.25>
ST_17 : Operation 116 [71/86] (7.25ns)   --->   "%call_ln179 = call void @layer_norm_small_a.1, i16 %x_V, i4 %empty_73, i10 669, i11 1051, i8 219, i11 1088, i11 926, i9 466, i11 782, i11 1155, i11 1169, i9 501, i11 1138, i8 165, i8 231, i5 2, i7 63, i8 233, i8 187, i6 17, i9 279, i7 20, i6 24, i6 36, i7 88, i8 28" [src/imgds_linear_small_a.cpp:179]   --->   Operation 116 'call' 'call_ln179' <Predicate = (!icmp_ln179)> <Delay = 7.25> <CoreType = "Generic">   --->   Core 0 '' <Latency = 0> <II = 1> <Delay = 1.00> <Generic> <Opcode : >

State 18 <SV = 17> <Delay = 7.25>
ST_18 : Operation 117 [70/86] (7.25ns)   --->   "%call_ln179 = call void @layer_norm_small_a.1, i16 %x_V, i4 %empty_73, i10 669, i11 1051, i8 219, i11 1088, i11 926, i9 466, i11 782, i11 1155, i11 1169, i9 501, i11 1138, i8 165, i8 231, i5 2, i7 63, i8 233, i8 187, i6 17, i9 279, i7 20, i6 24, i6 36, i7 88, i8 28" [src/imgds_linear_small_a.cpp:179]   --->   Operation 117 'call' 'call_ln179' <Predicate = (!icmp_ln179)> <Delay = 7.25> <CoreType = "Generic">   --->   Core 0 '' <Latency = 0> <II = 1> <Delay = 1.00> <Generic> <Opcode : >

State 19 <SV = 18> <Delay = 7.25>
ST_19 : Operation 118 [69/86] (7.25ns)   --->   "%call_ln179 = call void @layer_norm_small_a.1, i16 %x_V, i4 %empty_73, i10 669, i11 1051, i8 219, i11 1088, i11 926, i9 466, i11 782, i11 1155, i11 1169, i9 501, i11 1138, i8 165, i8 231, i5 2, i7 63, i8 233, i8 187, i6 17, i9 279, i7 20, i6 24, i6 36, i7 88, i8 28" [src/imgds_linear_small_a.cpp:179]   --->   Operation 118 'call' 'call_ln179' <Predicate = (!icmp_ln179)> <Delay = 7.25> <CoreType = "Generic">   --->   Core 0 '' <Latency = 0> <II = 1> <Delay = 1.00> <Generic> <Opcode : >

State 20 <SV = 19> <Delay = 7.25>
ST_20 : Operation 119 [68/86] (7.25ns)   --->   "%call_ln179 = call void @layer_norm_small_a.1, i16 %x_V, i4 %empty_73, i10 669, i11 1051, i8 219, i11 1088, i11 926, i9 466, i11 782, i11 1155, i11 1169, i9 501, i11 1138, i8 165, i8 231, i5 2, i7 63, i8 233, i8 187, i6 17, i9 279, i7 20, i6 24, i6 36, i7 88, i8 28" [src/imgds_linear_small_a.cpp:179]   --->   Operation 119 'call' 'call_ln179' <Predicate = (!icmp_ln179)> <Delay = 7.25> <CoreType = "Generic">   --->   Core 0 '' <Latency = 0> <II = 1> <Delay = 1.00> <Generic> <Opcode : >

State 21 <SV = 20> <Delay = 7.25>
ST_21 : Operation 120 [67/86] (7.25ns)   --->   "%call_ln179 = call void @layer_norm_small_a.1, i16 %x_V, i4 %empty_73, i10 669, i11 1051, i8 219, i11 1088, i11 926, i9 466, i11 782, i11 1155, i11 1169, i9 501, i11 1138, i8 165, i8 231, i5 2, i7 63, i8 233, i8 187, i6 17, i9 279, i7 20, i6 24, i6 36, i7 88, i8 28" [src/imgds_linear_small_a.cpp:179]   --->   Operation 120 'call' 'call_ln179' <Predicate = (!icmp_ln179)> <Delay = 7.25> <CoreType = "Generic">   --->   Core 0 '' <Latency = 0> <II = 1> <Delay = 1.00> <Generic> <Opcode : >

State 22 <SV = 21> <Delay = 7.25>
ST_22 : Operation 121 [66/86] (7.25ns)   --->   "%call_ln179 = call void @layer_norm_small_a.1, i16 %x_V, i4 %empty_73, i10 669, i11 1051, i8 219, i11 1088, i11 926, i9 466, i11 782, i11 1155, i11 1169, i9 501, i11 1138, i8 165, i8 231, i5 2, i7 63, i8 233, i8 187, i6 17, i9 279, i7 20, i6 24, i6 36, i7 88, i8 28" [src/imgds_linear_small_a.cpp:179]   --->   Operation 121 'call' 'call_ln179' <Predicate = (!icmp_ln179)> <Delay = 7.25> <CoreType = "Generic">   --->   Core 0 '' <Latency = 0> <II = 1> <Delay = 1.00> <Generic> <Opcode : >

State 23 <SV = 22> <Delay = 7.25>
ST_23 : Operation 122 [65/86] (7.25ns)   --->   "%call_ln179 = call void @layer_norm_small_a.1, i16 %x_V, i4 %empty_73, i10 669, i11 1051, i8 219, i11 1088, i11 926, i9 466, i11 782, i11 1155, i11 1169, i9 501, i11 1138, i8 165, i8 231, i5 2, i7 63, i8 233, i8 187, i6 17, i9 279, i7 20, i6 24, i6 36, i7 88, i8 28" [src/imgds_linear_small_a.cpp:179]   --->   Operation 122 'call' 'call_ln179' <Predicate = (!icmp_ln179)> <Delay = 7.25> <CoreType = "Generic">   --->   Core 0 '' <Latency = 0> <II = 1> <Delay = 1.00> <Generic> <Opcode : >

State 24 <SV = 23> <Delay = 7.25>
ST_24 : Operation 123 [64/86] (7.25ns)   --->   "%call_ln179 = call void @layer_norm_small_a.1, i16 %x_V, i4 %empty_73, i10 669, i11 1051, i8 219, i11 1088, i11 926, i9 466, i11 782, i11 1155, i11 1169, i9 501, i11 1138, i8 165, i8 231, i5 2, i7 63, i8 233, i8 187, i6 17, i9 279, i7 20, i6 24, i6 36, i7 88, i8 28" [src/imgds_linear_small_a.cpp:179]   --->   Operation 123 'call' 'call_ln179' <Predicate = (!icmp_ln179)> <Delay = 7.25> <CoreType = "Generic">   --->   Core 0 '' <Latency = 0> <II = 1> <Delay = 1.00> <Generic> <Opcode : >

State 25 <SV = 24> <Delay = 7.25>
ST_25 : Operation 124 [63/86] (7.25ns)   --->   "%call_ln179 = call void @layer_norm_small_a.1, i16 %x_V, i4 %empty_73, i10 669, i11 1051, i8 219, i11 1088, i11 926, i9 466, i11 782, i11 1155, i11 1169, i9 501, i11 1138, i8 165, i8 231, i5 2, i7 63, i8 233, i8 187, i6 17, i9 279, i7 20, i6 24, i6 36, i7 88, i8 28" [src/imgds_linear_small_a.cpp:179]   --->   Operation 124 'call' 'call_ln179' <Predicate = (!icmp_ln179)> <Delay = 7.25> <CoreType = "Generic">   --->   Core 0 '' <Latency = 0> <II = 1> <Delay = 1.00> <Generic> <Opcode : >

State 26 <SV = 25> <Delay = 7.25>
ST_26 : Operation 125 [62/86] (7.25ns)   --->   "%call_ln179 = call void @layer_norm_small_a.1, i16 %x_V, i4 %empty_73, i10 669, i11 1051, i8 219, i11 1088, i11 926, i9 466, i11 782, i11 1155, i11 1169, i9 501, i11 1138, i8 165, i8 231, i5 2, i7 63, i8 233, i8 187, i6 17, i9 279, i7 20, i6 24, i6 36, i7 88, i8 28" [src/imgds_linear_small_a.cpp:179]   --->   Operation 125 'call' 'call_ln179' <Predicate = (!icmp_ln179)> <Delay = 7.25> <CoreType = "Generic">   --->   Core 0 '' <Latency = 0> <II = 1> <Delay = 1.00> <Generic> <Opcode : >

State 27 <SV = 26> <Delay = 7.25>
ST_27 : Operation 126 [61/86] (7.25ns)   --->   "%call_ln179 = call void @layer_norm_small_a.1, i16 %x_V, i4 %empty_73, i10 669, i11 1051, i8 219, i11 1088, i11 926, i9 466, i11 782, i11 1155, i11 1169, i9 501, i11 1138, i8 165, i8 231, i5 2, i7 63, i8 233, i8 187, i6 17, i9 279, i7 20, i6 24, i6 36, i7 88, i8 28" [src/imgds_linear_small_a.cpp:179]   --->   Operation 126 'call' 'call_ln179' <Predicate = (!icmp_ln179)> <Delay = 7.25> <CoreType = "Generic">   --->   Core 0 '' <Latency = 0> <II = 1> <Delay = 1.00> <Generic> <Opcode : >

State 28 <SV = 27> <Delay = 7.25>
ST_28 : Operation 127 [60/86] (7.25ns)   --->   "%call_ln179 = call void @layer_norm_small_a.1, i16 %x_V, i4 %empty_73, i10 669, i11 1051, i8 219, i11 1088, i11 926, i9 466, i11 782, i11 1155, i11 1169, i9 501, i11 1138, i8 165, i8 231, i5 2, i7 63, i8 233, i8 187, i6 17, i9 279, i7 20, i6 24, i6 36, i7 88, i8 28" [src/imgds_linear_small_a.cpp:179]   --->   Operation 127 'call' 'call_ln179' <Predicate = (!icmp_ln179)> <Delay = 7.25> <CoreType = "Generic">   --->   Core 0 '' <Latency = 0> <II = 1> <Delay = 1.00> <Generic> <Opcode : >

State 29 <SV = 28> <Delay = 7.25>
ST_29 : Operation 128 [59/86] (7.25ns)   --->   "%call_ln179 = call void @layer_norm_small_a.1, i16 %x_V, i4 %empty_73, i10 669, i11 1051, i8 219, i11 1088, i11 926, i9 466, i11 782, i11 1155, i11 1169, i9 501, i11 1138, i8 165, i8 231, i5 2, i7 63, i8 233, i8 187, i6 17, i9 279, i7 20, i6 24, i6 36, i7 88, i8 28" [src/imgds_linear_small_a.cpp:179]   --->   Operation 128 'call' 'call_ln179' <Predicate = (!icmp_ln179)> <Delay = 7.25> <CoreType = "Generic">   --->   Core 0 '' <Latency = 0> <II = 1> <Delay = 1.00> <Generic> <Opcode : >

State 30 <SV = 29> <Delay = 7.25>
ST_30 : Operation 129 [58/86] (7.25ns)   --->   "%call_ln179 = call void @layer_norm_small_a.1, i16 %x_V, i4 %empty_73, i10 669, i11 1051, i8 219, i11 1088, i11 926, i9 466, i11 782, i11 1155, i11 1169, i9 501, i11 1138, i8 165, i8 231, i5 2, i7 63, i8 233, i8 187, i6 17, i9 279, i7 20, i6 24, i6 36, i7 88, i8 28" [src/imgds_linear_small_a.cpp:179]   --->   Operation 129 'call' 'call_ln179' <Predicate = (!icmp_ln179)> <Delay = 7.25> <CoreType = "Generic">   --->   Core 0 '' <Latency = 0> <II = 1> <Delay = 1.00> <Generic> <Opcode : >

State 31 <SV = 30> <Delay = 7.25>
ST_31 : Operation 130 [57/86] (7.25ns)   --->   "%call_ln179 = call void @layer_norm_small_a.1, i16 %x_V, i4 %empty_73, i10 669, i11 1051, i8 219, i11 1088, i11 926, i9 466, i11 782, i11 1155, i11 1169, i9 501, i11 1138, i8 165, i8 231, i5 2, i7 63, i8 233, i8 187, i6 17, i9 279, i7 20, i6 24, i6 36, i7 88, i8 28" [src/imgds_linear_small_a.cpp:179]   --->   Operation 130 'call' 'call_ln179' <Predicate = (!icmp_ln179)> <Delay = 7.25> <CoreType = "Generic">   --->   Core 0 '' <Latency = 0> <II = 1> <Delay = 1.00> <Generic> <Opcode : >

State 32 <SV = 31> <Delay = 7.25>
ST_32 : Operation 131 [56/86] (7.25ns)   --->   "%call_ln179 = call void @layer_norm_small_a.1, i16 %x_V, i4 %empty_73, i10 669, i11 1051, i8 219, i11 1088, i11 926, i9 466, i11 782, i11 1155, i11 1169, i9 501, i11 1138, i8 165, i8 231, i5 2, i7 63, i8 233, i8 187, i6 17, i9 279, i7 20, i6 24, i6 36, i7 88, i8 28" [src/imgds_linear_small_a.cpp:179]   --->   Operation 131 'call' 'call_ln179' <Predicate = (!icmp_ln179)> <Delay = 7.25> <CoreType = "Generic">   --->   Core 0 '' <Latency = 0> <II = 1> <Delay = 1.00> <Generic> <Opcode : >

State 33 <SV = 32> <Delay = 7.25>
ST_33 : Operation 132 [55/86] (7.25ns)   --->   "%call_ln179 = call void @layer_norm_small_a.1, i16 %x_V, i4 %empty_73, i10 669, i11 1051, i8 219, i11 1088, i11 926, i9 466, i11 782, i11 1155, i11 1169, i9 501, i11 1138, i8 165, i8 231, i5 2, i7 63, i8 233, i8 187, i6 17, i9 279, i7 20, i6 24, i6 36, i7 88, i8 28" [src/imgds_linear_small_a.cpp:179]   --->   Operation 132 'call' 'call_ln179' <Predicate = (!icmp_ln179)> <Delay = 7.25> <CoreType = "Generic">   --->   Core 0 '' <Latency = 0> <II = 1> <Delay = 1.00> <Generic> <Opcode : >

State 34 <SV = 33> <Delay = 7.25>
ST_34 : Operation 133 [54/86] (7.25ns)   --->   "%call_ln179 = call void @layer_norm_small_a.1, i16 %x_V, i4 %empty_73, i10 669, i11 1051, i8 219, i11 1088, i11 926, i9 466, i11 782, i11 1155, i11 1169, i9 501, i11 1138, i8 165, i8 231, i5 2, i7 63, i8 233, i8 187, i6 17, i9 279, i7 20, i6 24, i6 36, i7 88, i8 28" [src/imgds_linear_small_a.cpp:179]   --->   Operation 133 'call' 'call_ln179' <Predicate = (!icmp_ln179)> <Delay = 7.25> <CoreType = "Generic">   --->   Core 0 '' <Latency = 0> <II = 1> <Delay = 1.00> <Generic> <Opcode : >

State 35 <SV = 34> <Delay = 7.25>
ST_35 : Operation 134 [53/86] (7.25ns)   --->   "%call_ln179 = call void @layer_norm_small_a.1, i16 %x_V, i4 %empty_73, i10 669, i11 1051, i8 219, i11 1088, i11 926, i9 466, i11 782, i11 1155, i11 1169, i9 501, i11 1138, i8 165, i8 231, i5 2, i7 63, i8 233, i8 187, i6 17, i9 279, i7 20, i6 24, i6 36, i7 88, i8 28" [src/imgds_linear_small_a.cpp:179]   --->   Operation 134 'call' 'call_ln179' <Predicate = (!icmp_ln179)> <Delay = 7.25> <CoreType = "Generic">   --->   Core 0 '' <Latency = 0> <II = 1> <Delay = 1.00> <Generic> <Opcode : >

State 36 <SV = 35> <Delay = 7.25>
ST_36 : Operation 135 [52/86] (7.25ns)   --->   "%call_ln179 = call void @layer_norm_small_a.1, i16 %x_V, i4 %empty_73, i10 669, i11 1051, i8 219, i11 1088, i11 926, i9 466, i11 782, i11 1155, i11 1169, i9 501, i11 1138, i8 165, i8 231, i5 2, i7 63, i8 233, i8 187, i6 17, i9 279, i7 20, i6 24, i6 36, i7 88, i8 28" [src/imgds_linear_small_a.cpp:179]   --->   Operation 135 'call' 'call_ln179' <Predicate = (!icmp_ln179)> <Delay = 7.25> <CoreType = "Generic">   --->   Core 0 '' <Latency = 0> <II = 1> <Delay = 1.00> <Generic> <Opcode : >

State 37 <SV = 36> <Delay = 7.25>
ST_37 : Operation 136 [51/86] (7.25ns)   --->   "%call_ln179 = call void @layer_norm_small_a.1, i16 %x_V, i4 %empty_73, i10 669, i11 1051, i8 219, i11 1088, i11 926, i9 466, i11 782, i11 1155, i11 1169, i9 501, i11 1138, i8 165, i8 231, i5 2, i7 63, i8 233, i8 187, i6 17, i9 279, i7 20, i6 24, i6 36, i7 88, i8 28" [src/imgds_linear_small_a.cpp:179]   --->   Operation 136 'call' 'call_ln179' <Predicate = (!icmp_ln179)> <Delay = 7.25> <CoreType = "Generic">   --->   Core 0 '' <Latency = 0> <II = 1> <Delay = 1.00> <Generic> <Opcode : >

State 38 <SV = 37> <Delay = 7.25>
ST_38 : Operation 137 [50/86] (7.25ns)   --->   "%call_ln179 = call void @layer_norm_small_a.1, i16 %x_V, i4 %empty_73, i10 669, i11 1051, i8 219, i11 1088, i11 926, i9 466, i11 782, i11 1155, i11 1169, i9 501, i11 1138, i8 165, i8 231, i5 2, i7 63, i8 233, i8 187, i6 17, i9 279, i7 20, i6 24, i6 36, i7 88, i8 28" [src/imgds_linear_small_a.cpp:179]   --->   Operation 137 'call' 'call_ln179' <Predicate = (!icmp_ln179)> <Delay = 7.25> <CoreType = "Generic">   --->   Core 0 '' <Latency = 0> <II = 1> <Delay = 1.00> <Generic> <Opcode : >

State 39 <SV = 38> <Delay = 7.25>
ST_39 : Operation 138 [49/86] (7.25ns)   --->   "%call_ln179 = call void @layer_norm_small_a.1, i16 %x_V, i4 %empty_73, i10 669, i11 1051, i8 219, i11 1088, i11 926, i9 466, i11 782, i11 1155, i11 1169, i9 501, i11 1138, i8 165, i8 231, i5 2, i7 63, i8 233, i8 187, i6 17, i9 279, i7 20, i6 24, i6 36, i7 88, i8 28" [src/imgds_linear_small_a.cpp:179]   --->   Operation 138 'call' 'call_ln179' <Predicate = (!icmp_ln179)> <Delay = 7.25> <CoreType = "Generic">   --->   Core 0 '' <Latency = 0> <II = 1> <Delay = 1.00> <Generic> <Opcode : >

State 40 <SV = 39> <Delay = 7.25>
ST_40 : Operation 139 [48/86] (7.25ns)   --->   "%call_ln179 = call void @layer_norm_small_a.1, i16 %x_V, i4 %empty_73, i10 669, i11 1051, i8 219, i11 1088, i11 926, i9 466, i11 782, i11 1155, i11 1169, i9 501, i11 1138, i8 165, i8 231, i5 2, i7 63, i8 233, i8 187, i6 17, i9 279, i7 20, i6 24, i6 36, i7 88, i8 28" [src/imgds_linear_small_a.cpp:179]   --->   Operation 139 'call' 'call_ln179' <Predicate = (!icmp_ln179)> <Delay = 7.25> <CoreType = "Generic">   --->   Core 0 '' <Latency = 0> <II = 1> <Delay = 1.00> <Generic> <Opcode : >

State 41 <SV = 40> <Delay = 7.25>
ST_41 : Operation 140 [47/86] (7.25ns)   --->   "%call_ln179 = call void @layer_norm_small_a.1, i16 %x_V, i4 %empty_73, i10 669, i11 1051, i8 219, i11 1088, i11 926, i9 466, i11 782, i11 1155, i11 1169, i9 501, i11 1138, i8 165, i8 231, i5 2, i7 63, i8 233, i8 187, i6 17, i9 279, i7 20, i6 24, i6 36, i7 88, i8 28" [src/imgds_linear_small_a.cpp:179]   --->   Operation 140 'call' 'call_ln179' <Predicate = (!icmp_ln179)> <Delay = 7.25> <CoreType = "Generic">   --->   Core 0 '' <Latency = 0> <II = 1> <Delay = 1.00> <Generic> <Opcode : >

State 42 <SV = 41> <Delay = 7.25>
ST_42 : Operation 141 [46/86] (7.25ns)   --->   "%call_ln179 = call void @layer_norm_small_a.1, i16 %x_V, i4 %empty_73, i10 669, i11 1051, i8 219, i11 1088, i11 926, i9 466, i11 782, i11 1155, i11 1169, i9 501, i11 1138, i8 165, i8 231, i5 2, i7 63, i8 233, i8 187, i6 17, i9 279, i7 20, i6 24, i6 36, i7 88, i8 28" [src/imgds_linear_small_a.cpp:179]   --->   Operation 141 'call' 'call_ln179' <Predicate = (!icmp_ln179)> <Delay = 7.25> <CoreType = "Generic">   --->   Core 0 '' <Latency = 0> <II = 1> <Delay = 1.00> <Generic> <Opcode : >

State 43 <SV = 42> <Delay = 7.25>
ST_43 : Operation 142 [45/86] (7.25ns)   --->   "%call_ln179 = call void @layer_norm_small_a.1, i16 %x_V, i4 %empty_73, i10 669, i11 1051, i8 219, i11 1088, i11 926, i9 466, i11 782, i11 1155, i11 1169, i9 501, i11 1138, i8 165, i8 231, i5 2, i7 63, i8 233, i8 187, i6 17, i9 279, i7 20, i6 24, i6 36, i7 88, i8 28" [src/imgds_linear_small_a.cpp:179]   --->   Operation 142 'call' 'call_ln179' <Predicate = (!icmp_ln179)> <Delay = 7.25> <CoreType = "Generic">   --->   Core 0 '' <Latency = 0> <II = 1> <Delay = 1.00> <Generic> <Opcode : >

State 44 <SV = 43> <Delay = 7.25>
ST_44 : Operation 143 [44/86] (7.25ns)   --->   "%call_ln179 = call void @layer_norm_small_a.1, i16 %x_V, i4 %empty_73, i10 669, i11 1051, i8 219, i11 1088, i11 926, i9 466, i11 782, i11 1155, i11 1169, i9 501, i11 1138, i8 165, i8 231, i5 2, i7 63, i8 233, i8 187, i6 17, i9 279, i7 20, i6 24, i6 36, i7 88, i8 28" [src/imgds_linear_small_a.cpp:179]   --->   Operation 143 'call' 'call_ln179' <Predicate = (!icmp_ln179)> <Delay = 7.25> <CoreType = "Generic">   --->   Core 0 '' <Latency = 0> <II = 1> <Delay = 1.00> <Generic> <Opcode : >

State 45 <SV = 44> <Delay = 7.25>
ST_45 : Operation 144 [43/86] (7.25ns)   --->   "%call_ln179 = call void @layer_norm_small_a.1, i16 %x_V, i4 %empty_73, i10 669, i11 1051, i8 219, i11 1088, i11 926, i9 466, i11 782, i11 1155, i11 1169, i9 501, i11 1138, i8 165, i8 231, i5 2, i7 63, i8 233, i8 187, i6 17, i9 279, i7 20, i6 24, i6 36, i7 88, i8 28" [src/imgds_linear_small_a.cpp:179]   --->   Operation 144 'call' 'call_ln179' <Predicate = (!icmp_ln179)> <Delay = 7.25> <CoreType = "Generic">   --->   Core 0 '' <Latency = 0> <II = 1> <Delay = 1.00> <Generic> <Opcode : >

State 46 <SV = 45> <Delay = 7.25>
ST_46 : Operation 145 [42/86] (7.25ns)   --->   "%call_ln179 = call void @layer_norm_small_a.1, i16 %x_V, i4 %empty_73, i10 669, i11 1051, i8 219, i11 1088, i11 926, i9 466, i11 782, i11 1155, i11 1169, i9 501, i11 1138, i8 165, i8 231, i5 2, i7 63, i8 233, i8 187, i6 17, i9 279, i7 20, i6 24, i6 36, i7 88, i8 28" [src/imgds_linear_small_a.cpp:179]   --->   Operation 145 'call' 'call_ln179' <Predicate = (!icmp_ln179)> <Delay = 7.25> <CoreType = "Generic">   --->   Core 0 '' <Latency = 0> <II = 1> <Delay = 1.00> <Generic> <Opcode : >

State 47 <SV = 46> <Delay = 7.25>
ST_47 : Operation 146 [41/86] (7.25ns)   --->   "%call_ln179 = call void @layer_norm_small_a.1, i16 %x_V, i4 %empty_73, i10 669, i11 1051, i8 219, i11 1088, i11 926, i9 466, i11 782, i11 1155, i11 1169, i9 501, i11 1138, i8 165, i8 231, i5 2, i7 63, i8 233, i8 187, i6 17, i9 279, i7 20, i6 24, i6 36, i7 88, i8 28" [src/imgds_linear_small_a.cpp:179]   --->   Operation 146 'call' 'call_ln179' <Predicate = (!icmp_ln179)> <Delay = 7.25> <CoreType = "Generic">   --->   Core 0 '' <Latency = 0> <II = 1> <Delay = 1.00> <Generic> <Opcode : >

State 48 <SV = 47> <Delay = 7.25>
ST_48 : Operation 147 [40/86] (7.25ns)   --->   "%call_ln179 = call void @layer_norm_small_a.1, i16 %x_V, i4 %empty_73, i10 669, i11 1051, i8 219, i11 1088, i11 926, i9 466, i11 782, i11 1155, i11 1169, i9 501, i11 1138, i8 165, i8 231, i5 2, i7 63, i8 233, i8 187, i6 17, i9 279, i7 20, i6 24, i6 36, i7 88, i8 28" [src/imgds_linear_small_a.cpp:179]   --->   Operation 147 'call' 'call_ln179' <Predicate = (!icmp_ln179)> <Delay = 7.25> <CoreType = "Generic">   --->   Core 0 '' <Latency = 0> <II = 1> <Delay = 1.00> <Generic> <Opcode : >

State 49 <SV = 48> <Delay = 7.25>
ST_49 : Operation 148 [39/86] (7.25ns)   --->   "%call_ln179 = call void @layer_norm_small_a.1, i16 %x_V, i4 %empty_73, i10 669, i11 1051, i8 219, i11 1088, i11 926, i9 466, i11 782, i11 1155, i11 1169, i9 501, i11 1138, i8 165, i8 231, i5 2, i7 63, i8 233, i8 187, i6 17, i9 279, i7 20, i6 24, i6 36, i7 88, i8 28" [src/imgds_linear_small_a.cpp:179]   --->   Operation 148 'call' 'call_ln179' <Predicate = (!icmp_ln179)> <Delay = 7.25> <CoreType = "Generic">   --->   Core 0 '' <Latency = 0> <II = 1> <Delay = 1.00> <Generic> <Opcode : >

State 50 <SV = 49> <Delay = 7.25>
ST_50 : Operation 149 [38/86] (7.25ns)   --->   "%call_ln179 = call void @layer_norm_small_a.1, i16 %x_V, i4 %empty_73, i10 669, i11 1051, i8 219, i11 1088, i11 926, i9 466, i11 782, i11 1155, i11 1169, i9 501, i11 1138, i8 165, i8 231, i5 2, i7 63, i8 233, i8 187, i6 17, i9 279, i7 20, i6 24, i6 36, i7 88, i8 28" [src/imgds_linear_small_a.cpp:179]   --->   Operation 149 'call' 'call_ln179' <Predicate = (!icmp_ln179)> <Delay = 7.25> <CoreType = "Generic">   --->   Core 0 '' <Latency = 0> <II = 1> <Delay = 1.00> <Generic> <Opcode : >

State 51 <SV = 50> <Delay = 7.25>
ST_51 : Operation 150 [37/86] (7.25ns)   --->   "%call_ln179 = call void @layer_norm_small_a.1, i16 %x_V, i4 %empty_73, i10 669, i11 1051, i8 219, i11 1088, i11 926, i9 466, i11 782, i11 1155, i11 1169, i9 501, i11 1138, i8 165, i8 231, i5 2, i7 63, i8 233, i8 187, i6 17, i9 279, i7 20, i6 24, i6 36, i7 88, i8 28" [src/imgds_linear_small_a.cpp:179]   --->   Operation 150 'call' 'call_ln179' <Predicate = (!icmp_ln179)> <Delay = 7.25> <CoreType = "Generic">   --->   Core 0 '' <Latency = 0> <II = 1> <Delay = 1.00> <Generic> <Opcode : >

State 52 <SV = 51> <Delay = 7.25>
ST_52 : Operation 151 [36/86] (7.25ns)   --->   "%call_ln179 = call void @layer_norm_small_a.1, i16 %x_V, i4 %empty_73, i10 669, i11 1051, i8 219, i11 1088, i11 926, i9 466, i11 782, i11 1155, i11 1169, i9 501, i11 1138, i8 165, i8 231, i5 2, i7 63, i8 233, i8 187, i6 17, i9 279, i7 20, i6 24, i6 36, i7 88, i8 28" [src/imgds_linear_small_a.cpp:179]   --->   Operation 151 'call' 'call_ln179' <Predicate = (!icmp_ln179)> <Delay = 7.25> <CoreType = "Generic">   --->   Core 0 '' <Latency = 0> <II = 1> <Delay = 1.00> <Generic> <Opcode : >

State 53 <SV = 52> <Delay = 7.25>
ST_53 : Operation 152 [35/86] (7.25ns)   --->   "%call_ln179 = call void @layer_norm_small_a.1, i16 %x_V, i4 %empty_73, i10 669, i11 1051, i8 219, i11 1088, i11 926, i9 466, i11 782, i11 1155, i11 1169, i9 501, i11 1138, i8 165, i8 231, i5 2, i7 63, i8 233, i8 187, i6 17, i9 279, i7 20, i6 24, i6 36, i7 88, i8 28" [src/imgds_linear_small_a.cpp:179]   --->   Operation 152 'call' 'call_ln179' <Predicate = (!icmp_ln179)> <Delay = 7.25> <CoreType = "Generic">   --->   Core 0 '' <Latency = 0> <II = 1> <Delay = 1.00> <Generic> <Opcode : >

State 54 <SV = 53> <Delay = 7.25>
ST_54 : Operation 153 [34/86] (7.25ns)   --->   "%call_ln179 = call void @layer_norm_small_a.1, i16 %x_V, i4 %empty_73, i10 669, i11 1051, i8 219, i11 1088, i11 926, i9 466, i11 782, i11 1155, i11 1169, i9 501, i11 1138, i8 165, i8 231, i5 2, i7 63, i8 233, i8 187, i6 17, i9 279, i7 20, i6 24, i6 36, i7 88, i8 28" [src/imgds_linear_small_a.cpp:179]   --->   Operation 153 'call' 'call_ln179' <Predicate = (!icmp_ln179)> <Delay = 7.25> <CoreType = "Generic">   --->   Core 0 '' <Latency = 0> <II = 1> <Delay = 1.00> <Generic> <Opcode : >

State 55 <SV = 54> <Delay = 7.25>
ST_55 : Operation 154 [33/86] (7.25ns)   --->   "%call_ln179 = call void @layer_norm_small_a.1, i16 %x_V, i4 %empty_73, i10 669, i11 1051, i8 219, i11 1088, i11 926, i9 466, i11 782, i11 1155, i11 1169, i9 501, i11 1138, i8 165, i8 231, i5 2, i7 63, i8 233, i8 187, i6 17, i9 279, i7 20, i6 24, i6 36, i7 88, i8 28" [src/imgds_linear_small_a.cpp:179]   --->   Operation 154 'call' 'call_ln179' <Predicate = (!icmp_ln179)> <Delay = 7.25> <CoreType = "Generic">   --->   Core 0 '' <Latency = 0> <II = 1> <Delay = 1.00> <Generic> <Opcode : >

State 56 <SV = 55> <Delay = 7.25>
ST_56 : Operation 155 [32/86] (7.25ns)   --->   "%call_ln179 = call void @layer_norm_small_a.1, i16 %x_V, i4 %empty_73, i10 669, i11 1051, i8 219, i11 1088, i11 926, i9 466, i11 782, i11 1155, i11 1169, i9 501, i11 1138, i8 165, i8 231, i5 2, i7 63, i8 233, i8 187, i6 17, i9 279, i7 20, i6 24, i6 36, i7 88, i8 28" [src/imgds_linear_small_a.cpp:179]   --->   Operation 155 'call' 'call_ln179' <Predicate = (!icmp_ln179)> <Delay = 7.25> <CoreType = "Generic">   --->   Core 0 '' <Latency = 0> <II = 1> <Delay = 1.00> <Generic> <Opcode : >

State 57 <SV = 56> <Delay = 7.25>
ST_57 : Operation 156 [31/86] (7.25ns)   --->   "%call_ln179 = call void @layer_norm_small_a.1, i16 %x_V, i4 %empty_73, i10 669, i11 1051, i8 219, i11 1088, i11 926, i9 466, i11 782, i11 1155, i11 1169, i9 501, i11 1138, i8 165, i8 231, i5 2, i7 63, i8 233, i8 187, i6 17, i9 279, i7 20, i6 24, i6 36, i7 88, i8 28" [src/imgds_linear_small_a.cpp:179]   --->   Operation 156 'call' 'call_ln179' <Predicate = (!icmp_ln179)> <Delay = 7.25> <CoreType = "Generic">   --->   Core 0 '' <Latency = 0> <II = 1> <Delay = 1.00> <Generic> <Opcode : >

State 58 <SV = 57> <Delay = 7.25>
ST_58 : Operation 157 [30/86] (7.25ns)   --->   "%call_ln179 = call void @layer_norm_small_a.1, i16 %x_V, i4 %empty_73, i10 669, i11 1051, i8 219, i11 1088, i11 926, i9 466, i11 782, i11 1155, i11 1169, i9 501, i11 1138, i8 165, i8 231, i5 2, i7 63, i8 233, i8 187, i6 17, i9 279, i7 20, i6 24, i6 36, i7 88, i8 28" [src/imgds_linear_small_a.cpp:179]   --->   Operation 157 'call' 'call_ln179' <Predicate = (!icmp_ln179)> <Delay = 7.25> <CoreType = "Generic">   --->   Core 0 '' <Latency = 0> <II = 1> <Delay = 1.00> <Generic> <Opcode : >

State 59 <SV = 58> <Delay = 7.25>
ST_59 : Operation 158 [29/86] (7.25ns)   --->   "%call_ln179 = call void @layer_norm_small_a.1, i16 %x_V, i4 %empty_73, i10 669, i11 1051, i8 219, i11 1088, i11 926, i9 466, i11 782, i11 1155, i11 1169, i9 501, i11 1138, i8 165, i8 231, i5 2, i7 63, i8 233, i8 187, i6 17, i9 279, i7 20, i6 24, i6 36, i7 88, i8 28" [src/imgds_linear_small_a.cpp:179]   --->   Operation 158 'call' 'call_ln179' <Predicate = (!icmp_ln179)> <Delay = 7.25> <CoreType = "Generic">   --->   Core 0 '' <Latency = 0> <II = 1> <Delay = 1.00> <Generic> <Opcode : >

State 60 <SV = 59> <Delay = 7.25>
ST_60 : Operation 159 [28/86] (7.25ns)   --->   "%call_ln179 = call void @layer_norm_small_a.1, i16 %x_V, i4 %empty_73, i10 669, i11 1051, i8 219, i11 1088, i11 926, i9 466, i11 782, i11 1155, i11 1169, i9 501, i11 1138, i8 165, i8 231, i5 2, i7 63, i8 233, i8 187, i6 17, i9 279, i7 20, i6 24, i6 36, i7 88, i8 28" [src/imgds_linear_small_a.cpp:179]   --->   Operation 159 'call' 'call_ln179' <Predicate = (!icmp_ln179)> <Delay = 7.25> <CoreType = "Generic">   --->   Core 0 '' <Latency = 0> <II = 1> <Delay = 1.00> <Generic> <Opcode : >

State 61 <SV = 60> <Delay = 7.25>
ST_61 : Operation 160 [27/86] (7.25ns)   --->   "%call_ln179 = call void @layer_norm_small_a.1, i16 %x_V, i4 %empty_73, i10 669, i11 1051, i8 219, i11 1088, i11 926, i9 466, i11 782, i11 1155, i11 1169, i9 501, i11 1138, i8 165, i8 231, i5 2, i7 63, i8 233, i8 187, i6 17, i9 279, i7 20, i6 24, i6 36, i7 88, i8 28" [src/imgds_linear_small_a.cpp:179]   --->   Operation 160 'call' 'call_ln179' <Predicate = (!icmp_ln179)> <Delay = 7.25> <CoreType = "Generic">   --->   Core 0 '' <Latency = 0> <II = 1> <Delay = 1.00> <Generic> <Opcode : >

State 62 <SV = 61> <Delay = 7.25>
ST_62 : Operation 161 [26/86] (7.25ns)   --->   "%call_ln179 = call void @layer_norm_small_a.1, i16 %x_V, i4 %empty_73, i10 669, i11 1051, i8 219, i11 1088, i11 926, i9 466, i11 782, i11 1155, i11 1169, i9 501, i11 1138, i8 165, i8 231, i5 2, i7 63, i8 233, i8 187, i6 17, i9 279, i7 20, i6 24, i6 36, i7 88, i8 28" [src/imgds_linear_small_a.cpp:179]   --->   Operation 161 'call' 'call_ln179' <Predicate = (!icmp_ln179)> <Delay = 7.25> <CoreType = "Generic">   --->   Core 0 '' <Latency = 0> <II = 1> <Delay = 1.00> <Generic> <Opcode : >

State 63 <SV = 62> <Delay = 7.25>
ST_63 : Operation 162 [25/86] (7.25ns)   --->   "%call_ln179 = call void @layer_norm_small_a.1, i16 %x_V, i4 %empty_73, i10 669, i11 1051, i8 219, i11 1088, i11 926, i9 466, i11 782, i11 1155, i11 1169, i9 501, i11 1138, i8 165, i8 231, i5 2, i7 63, i8 233, i8 187, i6 17, i9 279, i7 20, i6 24, i6 36, i7 88, i8 28" [src/imgds_linear_small_a.cpp:179]   --->   Operation 162 'call' 'call_ln179' <Predicate = (!icmp_ln179)> <Delay = 7.25> <CoreType = "Generic">   --->   Core 0 '' <Latency = 0> <II = 1> <Delay = 1.00> <Generic> <Opcode : >

State 64 <SV = 63> <Delay = 7.25>
ST_64 : Operation 163 [24/86] (7.25ns)   --->   "%call_ln179 = call void @layer_norm_small_a.1, i16 %x_V, i4 %empty_73, i10 669, i11 1051, i8 219, i11 1088, i11 926, i9 466, i11 782, i11 1155, i11 1169, i9 501, i11 1138, i8 165, i8 231, i5 2, i7 63, i8 233, i8 187, i6 17, i9 279, i7 20, i6 24, i6 36, i7 88, i8 28" [src/imgds_linear_small_a.cpp:179]   --->   Operation 163 'call' 'call_ln179' <Predicate = (!icmp_ln179)> <Delay = 7.25> <CoreType = "Generic">   --->   Core 0 '' <Latency = 0> <II = 1> <Delay = 1.00> <Generic> <Opcode : >

State 65 <SV = 64> <Delay = 7.25>
ST_65 : Operation 164 [23/86] (7.25ns)   --->   "%call_ln179 = call void @layer_norm_small_a.1, i16 %x_V, i4 %empty_73, i10 669, i11 1051, i8 219, i11 1088, i11 926, i9 466, i11 782, i11 1155, i11 1169, i9 501, i11 1138, i8 165, i8 231, i5 2, i7 63, i8 233, i8 187, i6 17, i9 279, i7 20, i6 24, i6 36, i7 88, i8 28" [src/imgds_linear_small_a.cpp:179]   --->   Operation 164 'call' 'call_ln179' <Predicate = (!icmp_ln179)> <Delay = 7.25> <CoreType = "Generic">   --->   Core 0 '' <Latency = 0> <II = 1> <Delay = 1.00> <Generic> <Opcode : >

State 66 <SV = 65> <Delay = 7.25>
ST_66 : Operation 165 [22/86] (7.25ns)   --->   "%call_ln179 = call void @layer_norm_small_a.1, i16 %x_V, i4 %empty_73, i10 669, i11 1051, i8 219, i11 1088, i11 926, i9 466, i11 782, i11 1155, i11 1169, i9 501, i11 1138, i8 165, i8 231, i5 2, i7 63, i8 233, i8 187, i6 17, i9 279, i7 20, i6 24, i6 36, i7 88, i8 28" [src/imgds_linear_small_a.cpp:179]   --->   Operation 165 'call' 'call_ln179' <Predicate = (!icmp_ln179)> <Delay = 7.25> <CoreType = "Generic">   --->   Core 0 '' <Latency = 0> <II = 1> <Delay = 1.00> <Generic> <Opcode : >

State 67 <SV = 66> <Delay = 7.25>
ST_67 : Operation 166 [21/86] (7.25ns)   --->   "%call_ln179 = call void @layer_norm_small_a.1, i16 %x_V, i4 %empty_73, i10 669, i11 1051, i8 219, i11 1088, i11 926, i9 466, i11 782, i11 1155, i11 1169, i9 501, i11 1138, i8 165, i8 231, i5 2, i7 63, i8 233, i8 187, i6 17, i9 279, i7 20, i6 24, i6 36, i7 88, i8 28" [src/imgds_linear_small_a.cpp:179]   --->   Operation 166 'call' 'call_ln179' <Predicate = (!icmp_ln179)> <Delay = 7.25> <CoreType = "Generic">   --->   Core 0 '' <Latency = 0> <II = 1> <Delay = 1.00> <Generic> <Opcode : >

State 68 <SV = 67> <Delay = 7.25>
ST_68 : Operation 167 [20/86] (7.25ns)   --->   "%call_ln179 = call void @layer_norm_small_a.1, i16 %x_V, i4 %empty_73, i10 669, i11 1051, i8 219, i11 1088, i11 926, i9 466, i11 782, i11 1155, i11 1169, i9 501, i11 1138, i8 165, i8 231, i5 2, i7 63, i8 233, i8 187, i6 17, i9 279, i7 20, i6 24, i6 36, i7 88, i8 28" [src/imgds_linear_small_a.cpp:179]   --->   Operation 167 'call' 'call_ln179' <Predicate = (!icmp_ln179)> <Delay = 7.25> <CoreType = "Generic">   --->   Core 0 '' <Latency = 0> <II = 1> <Delay = 1.00> <Generic> <Opcode : >

State 69 <SV = 68> <Delay = 7.25>
ST_69 : Operation 168 [19/86] (7.25ns)   --->   "%call_ln179 = call void @layer_norm_small_a.1, i16 %x_V, i4 %empty_73, i10 669, i11 1051, i8 219, i11 1088, i11 926, i9 466, i11 782, i11 1155, i11 1169, i9 501, i11 1138, i8 165, i8 231, i5 2, i7 63, i8 233, i8 187, i6 17, i9 279, i7 20, i6 24, i6 36, i7 88, i8 28" [src/imgds_linear_small_a.cpp:179]   --->   Operation 168 'call' 'call_ln179' <Predicate = (!icmp_ln179)> <Delay = 7.25> <CoreType = "Generic">   --->   Core 0 '' <Latency = 0> <II = 1> <Delay = 1.00> <Generic> <Opcode : >

State 70 <SV = 69> <Delay = 7.25>
ST_70 : Operation 169 [18/86] (7.25ns)   --->   "%call_ln179 = call void @layer_norm_small_a.1, i16 %x_V, i4 %empty_73, i10 669, i11 1051, i8 219, i11 1088, i11 926, i9 466, i11 782, i11 1155, i11 1169, i9 501, i11 1138, i8 165, i8 231, i5 2, i7 63, i8 233, i8 187, i6 17, i9 279, i7 20, i6 24, i6 36, i7 88, i8 28" [src/imgds_linear_small_a.cpp:179]   --->   Operation 169 'call' 'call_ln179' <Predicate = (!icmp_ln179)> <Delay = 7.25> <CoreType = "Generic">   --->   Core 0 '' <Latency = 0> <II = 1> <Delay = 1.00> <Generic> <Opcode : >

State 71 <SV = 70> <Delay = 7.25>
ST_71 : Operation 170 [17/86] (7.25ns)   --->   "%call_ln179 = call void @layer_norm_small_a.1, i16 %x_V, i4 %empty_73, i10 669, i11 1051, i8 219, i11 1088, i11 926, i9 466, i11 782, i11 1155, i11 1169, i9 501, i11 1138, i8 165, i8 231, i5 2, i7 63, i8 233, i8 187, i6 17, i9 279, i7 20, i6 24, i6 36, i7 88, i8 28" [src/imgds_linear_small_a.cpp:179]   --->   Operation 170 'call' 'call_ln179' <Predicate = (!icmp_ln179)> <Delay = 7.25> <CoreType = "Generic">   --->   Core 0 '' <Latency = 0> <II = 1> <Delay = 1.00> <Generic> <Opcode : >

State 72 <SV = 71> <Delay = 7.25>
ST_72 : Operation 171 [16/86] (7.25ns)   --->   "%call_ln179 = call void @layer_norm_small_a.1, i16 %x_V, i4 %empty_73, i10 669, i11 1051, i8 219, i11 1088, i11 926, i9 466, i11 782, i11 1155, i11 1169, i9 501, i11 1138, i8 165, i8 231, i5 2, i7 63, i8 233, i8 187, i6 17, i9 279, i7 20, i6 24, i6 36, i7 88, i8 28" [src/imgds_linear_small_a.cpp:179]   --->   Operation 171 'call' 'call_ln179' <Predicate = (!icmp_ln179)> <Delay = 7.25> <CoreType = "Generic">   --->   Core 0 '' <Latency = 0> <II = 1> <Delay = 1.00> <Generic> <Opcode : >

State 73 <SV = 72> <Delay = 7.25>
ST_73 : Operation 172 [15/86] (7.25ns)   --->   "%call_ln179 = call void @layer_norm_small_a.1, i16 %x_V, i4 %empty_73, i10 669, i11 1051, i8 219, i11 1088, i11 926, i9 466, i11 782, i11 1155, i11 1169, i9 501, i11 1138, i8 165, i8 231, i5 2, i7 63, i8 233, i8 187, i6 17, i9 279, i7 20, i6 24, i6 36, i7 88, i8 28" [src/imgds_linear_small_a.cpp:179]   --->   Operation 172 'call' 'call_ln179' <Predicate = (!icmp_ln179)> <Delay = 7.25> <CoreType = "Generic">   --->   Core 0 '' <Latency = 0> <II = 1> <Delay = 1.00> <Generic> <Opcode : >

State 74 <SV = 73> <Delay = 7.25>
ST_74 : Operation 173 [14/86] (7.25ns)   --->   "%call_ln179 = call void @layer_norm_small_a.1, i16 %x_V, i4 %empty_73, i10 669, i11 1051, i8 219, i11 1088, i11 926, i9 466, i11 782, i11 1155, i11 1169, i9 501, i11 1138, i8 165, i8 231, i5 2, i7 63, i8 233, i8 187, i6 17, i9 279, i7 20, i6 24, i6 36, i7 88, i8 28" [src/imgds_linear_small_a.cpp:179]   --->   Operation 173 'call' 'call_ln179' <Predicate = (!icmp_ln179)> <Delay = 7.25> <CoreType = "Generic">   --->   Core 0 '' <Latency = 0> <II = 1> <Delay = 1.00> <Generic> <Opcode : >

State 75 <SV = 74> <Delay = 7.25>
ST_75 : Operation 174 [13/86] (7.25ns)   --->   "%call_ln179 = call void @layer_norm_small_a.1, i16 %x_V, i4 %empty_73, i10 669, i11 1051, i8 219, i11 1088, i11 926, i9 466, i11 782, i11 1155, i11 1169, i9 501, i11 1138, i8 165, i8 231, i5 2, i7 63, i8 233, i8 187, i6 17, i9 279, i7 20, i6 24, i6 36, i7 88, i8 28" [src/imgds_linear_small_a.cpp:179]   --->   Operation 174 'call' 'call_ln179' <Predicate = (!icmp_ln179)> <Delay = 7.25> <CoreType = "Generic">   --->   Core 0 '' <Latency = 0> <II = 1> <Delay = 1.00> <Generic> <Opcode : >

State 76 <SV = 75> <Delay = 7.25>
ST_76 : Operation 175 [12/86] (7.25ns)   --->   "%call_ln179 = call void @layer_norm_small_a.1, i16 %x_V, i4 %empty_73, i10 669, i11 1051, i8 219, i11 1088, i11 926, i9 466, i11 782, i11 1155, i11 1169, i9 501, i11 1138, i8 165, i8 231, i5 2, i7 63, i8 233, i8 187, i6 17, i9 279, i7 20, i6 24, i6 36, i7 88, i8 28" [src/imgds_linear_small_a.cpp:179]   --->   Operation 175 'call' 'call_ln179' <Predicate = (!icmp_ln179)> <Delay = 7.25> <CoreType = "Generic">   --->   Core 0 '' <Latency = 0> <II = 1> <Delay = 1.00> <Generic> <Opcode : >

State 77 <SV = 76> <Delay = 7.25>
ST_77 : Operation 176 [11/86] (7.25ns)   --->   "%call_ln179 = call void @layer_norm_small_a.1, i16 %x_V, i4 %empty_73, i10 669, i11 1051, i8 219, i11 1088, i11 926, i9 466, i11 782, i11 1155, i11 1169, i9 501, i11 1138, i8 165, i8 231, i5 2, i7 63, i8 233, i8 187, i6 17, i9 279, i7 20, i6 24, i6 36, i7 88, i8 28" [src/imgds_linear_small_a.cpp:179]   --->   Operation 176 'call' 'call_ln179' <Predicate = (!icmp_ln179)> <Delay = 7.25> <CoreType = "Generic">   --->   Core 0 '' <Latency = 0> <II = 1> <Delay = 1.00> <Generic> <Opcode : >

State 78 <SV = 77> <Delay = 7.25>
ST_78 : Operation 177 [10/86] (7.25ns)   --->   "%call_ln179 = call void @layer_norm_small_a.1, i16 %x_V, i4 %empty_73, i10 669, i11 1051, i8 219, i11 1088, i11 926, i9 466, i11 782, i11 1155, i11 1169, i9 501, i11 1138, i8 165, i8 231, i5 2, i7 63, i8 233, i8 187, i6 17, i9 279, i7 20, i6 24, i6 36, i7 88, i8 28" [src/imgds_linear_small_a.cpp:179]   --->   Operation 177 'call' 'call_ln179' <Predicate = (!icmp_ln179)> <Delay = 7.25> <CoreType = "Generic">   --->   Core 0 '' <Latency = 0> <II = 1> <Delay = 1.00> <Generic> <Opcode : >

State 79 <SV = 78> <Delay = 7.25>
ST_79 : Operation 178 [9/86] (7.25ns)   --->   "%call_ln179 = call void @layer_norm_small_a.1, i16 %x_V, i4 %empty_73, i10 669, i11 1051, i8 219, i11 1088, i11 926, i9 466, i11 782, i11 1155, i11 1169, i9 501, i11 1138, i8 165, i8 231, i5 2, i7 63, i8 233, i8 187, i6 17, i9 279, i7 20, i6 24, i6 36, i7 88, i8 28" [src/imgds_linear_small_a.cpp:179]   --->   Operation 178 'call' 'call_ln179' <Predicate = (!icmp_ln179)> <Delay = 7.25> <CoreType = "Generic">   --->   Core 0 '' <Latency = 0> <II = 1> <Delay = 1.00> <Generic> <Opcode : >

State 80 <SV = 79> <Delay = 7.25>
ST_80 : Operation 179 [8/86] (7.25ns)   --->   "%call_ln179 = call void @layer_norm_small_a.1, i16 %x_V, i4 %empty_73, i10 669, i11 1051, i8 219, i11 1088, i11 926, i9 466, i11 782, i11 1155, i11 1169, i9 501, i11 1138, i8 165, i8 231, i5 2, i7 63, i8 233, i8 187, i6 17, i9 279, i7 20, i6 24, i6 36, i7 88, i8 28" [src/imgds_linear_small_a.cpp:179]   --->   Operation 179 'call' 'call_ln179' <Predicate = (!icmp_ln179)> <Delay = 7.25> <CoreType = "Generic">   --->   Core 0 '' <Latency = 0> <II = 1> <Delay = 1.00> <Generic> <Opcode : >

State 81 <SV = 80> <Delay = 7.25>
ST_81 : Operation 180 [7/86] (7.25ns)   --->   "%call_ln179 = call void @layer_norm_small_a.1, i16 %x_V, i4 %empty_73, i10 669, i11 1051, i8 219, i11 1088, i11 926, i9 466, i11 782, i11 1155, i11 1169, i9 501, i11 1138, i8 165, i8 231, i5 2, i7 63, i8 233, i8 187, i6 17, i9 279, i7 20, i6 24, i6 36, i7 88, i8 28" [src/imgds_linear_small_a.cpp:179]   --->   Operation 180 'call' 'call_ln179' <Predicate = (!icmp_ln179)> <Delay = 7.25> <CoreType = "Generic">   --->   Core 0 '' <Latency = 0> <II = 1> <Delay = 1.00> <Generic> <Opcode : >

State 82 <SV = 81> <Delay = 7.25>
ST_82 : Operation 181 [6/86] (7.25ns)   --->   "%call_ln179 = call void @layer_norm_small_a.1, i16 %x_V, i4 %empty_73, i10 669, i11 1051, i8 219, i11 1088, i11 926, i9 466, i11 782, i11 1155, i11 1169, i9 501, i11 1138, i8 165, i8 231, i5 2, i7 63, i8 233, i8 187, i6 17, i9 279, i7 20, i6 24, i6 36, i7 88, i8 28" [src/imgds_linear_small_a.cpp:179]   --->   Operation 181 'call' 'call_ln179' <Predicate = (!icmp_ln179)> <Delay = 7.25> <CoreType = "Generic">   --->   Core 0 '' <Latency = 0> <II = 1> <Delay = 1.00> <Generic> <Opcode : >

State 83 <SV = 82> <Delay = 7.25>
ST_83 : Operation 182 [5/86] (7.25ns)   --->   "%call_ln179 = call void @layer_norm_small_a.1, i16 %x_V, i4 %empty_73, i10 669, i11 1051, i8 219, i11 1088, i11 926, i9 466, i11 782, i11 1155, i11 1169, i9 501, i11 1138, i8 165, i8 231, i5 2, i7 63, i8 233, i8 187, i6 17, i9 279, i7 20, i6 24, i6 36, i7 88, i8 28" [src/imgds_linear_small_a.cpp:179]   --->   Operation 182 'call' 'call_ln179' <Predicate = (!icmp_ln179)> <Delay = 7.25> <CoreType = "Generic">   --->   Core 0 '' <Latency = 0> <II = 1> <Delay = 1.00> <Generic> <Opcode : >

State 84 <SV = 83> <Delay = 7.25>
ST_84 : Operation 183 [4/86] (7.25ns)   --->   "%call_ln179 = call void @layer_norm_small_a.1, i16 %x_V, i4 %empty_73, i10 669, i11 1051, i8 219, i11 1088, i11 926, i9 466, i11 782, i11 1155, i11 1169, i9 501, i11 1138, i8 165, i8 231, i5 2, i7 63, i8 233, i8 187, i6 17, i9 279, i7 20, i6 24, i6 36, i7 88, i8 28" [src/imgds_linear_small_a.cpp:179]   --->   Operation 183 'call' 'call_ln179' <Predicate = (!icmp_ln179)> <Delay = 7.25> <CoreType = "Generic">   --->   Core 0 '' <Latency = 0> <II = 1> <Delay = 1.00> <Generic> <Opcode : >

State 85 <SV = 84> <Delay = 7.25>
ST_85 : Operation 184 [3/86] (7.25ns)   --->   "%call_ln179 = call void @layer_norm_small_a.1, i16 %x_V, i4 %empty_73, i10 669, i11 1051, i8 219, i11 1088, i11 926, i9 466, i11 782, i11 1155, i11 1169, i9 501, i11 1138, i8 165, i8 231, i5 2, i7 63, i8 233, i8 187, i6 17, i9 279, i7 20, i6 24, i6 36, i7 88, i8 28" [src/imgds_linear_small_a.cpp:179]   --->   Operation 184 'call' 'call_ln179' <Predicate = (!icmp_ln179)> <Delay = 7.25> <CoreType = "Generic">   --->   Core 0 '' <Latency = 0> <II = 1> <Delay = 1.00> <Generic> <Opcode : >

State 86 <SV = 85> <Delay = 7.25>
ST_86 : Operation 185 [2/86] (7.25ns)   --->   "%call_ln179 = call void @layer_norm_small_a.1, i16 %x_V, i4 %empty_73, i10 669, i11 1051, i8 219, i11 1088, i11 926, i9 466, i11 782, i11 1155, i11 1169, i9 501, i11 1138, i8 165, i8 231, i5 2, i7 63, i8 233, i8 187, i6 17, i9 279, i7 20, i6 24, i6 36, i7 88, i8 28" [src/imgds_linear_small_a.cpp:179]   --->   Operation 185 'call' 'call_ln179' <Predicate = (!icmp_ln179)> <Delay = 7.25> <CoreType = "Generic">   --->   Core 0 '' <Latency = 0> <II = 1> <Delay = 1.00> <Generic> <Opcode : >

State 87 <SV = 86> <Delay = 0.00>
ST_87 : Operation 186 [1/1] (0.00ns)   --->   "%specloopname_ln179 = specloopname void @_ssdm_op_SpecLoopName, void @empty_22" [src/imgds_linear_small_a.cpp:179]   --->   Operation 186 'specloopname' 'specloopname_ln179' <Predicate = true> <Delay = 0.00>
ST_87 : Operation 187 [1/86] (0.00ns)   --->   "%call_ln179 = call void @layer_norm_small_a.1, i16 %x_V, i4 %empty_73, i10 669, i11 1051, i8 219, i11 1088, i11 926, i9 466, i11 782, i11 1155, i11 1169, i9 501, i11 1138, i8 165, i8 231, i5 2, i7 63, i8 233, i8 187, i6 17, i9 279, i7 20, i6 24, i6 36, i7 88, i8 28" [src/imgds_linear_small_a.cpp:179]   --->   Operation 187 'call' 'call_ln179' <Predicate = (!icmp_ln179)> <Delay = 0.00> <CoreType = "Generic">   --->   Core 0 '' <Latency = 0> <II = 1> <Delay = 1.00> <Generic> <Opcode : >
ST_87 : Operation 188 [1/1] (0.00ns)   --->   "%br_ln179 = br void %for.inc59" [src/imgds_linear_small_a.cpp:179]   --->   Operation 188 'br' 'br_ln179' <Predicate = true> <Delay = 0.00>


============================================================
+ Verbose Summary: Binding
============================================================
STG Binding: 
---------------- STG Properties BEGIN ----------------
- Is combinational: 0
- Is one-state seq: 0
- Is datapath-only: 0
- Is pipelined: 0
- Is top level: 0
Port [ Return ] is wired: 1; IO mode=ap_ctrl_hs:ce=0
Port [ x_V]:  wired=1; compound=1; hidden=0; nouse=0; global=0; static=0; extern=0; dir=2; type=1; pingpong=0; private_global=0; MemPort=[22]; IO mode=ap_memory:ce=0
---------------- STG Properties END ------------------

---------------- Datapath Model BEGIN ----------------

<LifeTime>
<method=bitvector/>
s                  (alloca           ) [ 0100000000000000000000000000000000000000000000000000000000000000000000000000000000000000]
store_ln0          (store            ) [ 0000000000000000000000000000000000000000000000000000000000000000000000000000000000000000]
br_ln0             (br               ) [ 0000000000000000000000000000000000000000000000000000000000000000000000000000000000000000]
s_2                (load             ) [ 0000000000000000000000000000000000000000000000000000000000000000000000000000000000000000]
specpipeline_ln0   (specpipeline     ) [ 0000000000000000000000000000000000000000000000000000000000000000000000000000000000000000]
icmp_ln179         (icmp             ) [ 0111111111111111111111111111111111111111111111111111111111111111111111111111111111111111]
empty              (speclooptripcount) [ 0000000000000000000000000000000000000000000000000000000000000000000000000000000000000000]
add_ln179          (add              ) [ 0000000000000000000000000000000000000000000000000000000000000000000000000000000000000000]
br_ln179           (br               ) [ 0000000000000000000000000000000000000000000000000000000000000000000000000000000000000000]
empty_73           (trunc            ) [ 0010000000000000000000000000000000000000000000000000000000000000000000000000000000000000]
store_ln179        (store            ) [ 0000000000000000000000000000000000000000000000000000000000000000000000000000000000000000]
specloopname_ln179 (specloopname     ) [ 0000000000000000000000000000000000000000000000000000000000000000000000000000000000000000]
call_ln179         (call             ) [ 0000000000000000000000000000000000000000000000000000000000000000000000000000000000000000]
br_ln179           (br               ) [ 0000000000000000000000000000000000000000000000000000000000000000000000000000000000000000]
ret_ln0            (ret              ) [ 0000000000000000000000000000000000000000000000000000000000000000000000000000000000000000]
</LifeTime>

<model>

<comp_list>
<comp id="0" class="1000" name="x_V">
<pin_list>
<pin id="1" dir="1" index="0" bw="1" slack="0"/>
</pin_list>
<bind>
<StgValue><ssdm name="x_V"/><MemPortTyVec>2 2 </MemPortTyVec>
</StgValue>
</bind>
</comp>

<comp id="2" class="1001" name="const_2">
<pin_list>
<pin id="3" dir="1" index="0" bw="1" slack="0"/>
</pin_list>
<bind>
<StgValue><ssdm name=""/></StgValue>
</bind>
</comp>

<comp id="4" class="1001" name="const_4">
<pin_list>
<pin id="5" dir="1" index="0" bw="1" slack="0"/>
</pin_list>
<bind>
<StgValue><ssdm name=""/></StgValue>
</bind>
</comp>

<comp id="6" class="1001" name="const_6">
<pin_list>
<pin id="7" dir="1" index="0" bw="1" slack="2147483647"/>
</pin_list>
<bind>
<StgValue><ssdm name="_ssdm_op_SpecPipeline"/></StgValue>
</bind>
</comp>

<comp id="8" class="1001" name="const_8">
<pin_list>
<pin id="9" dir="1" index="0" bw="1" slack="2147483647"/>
</pin_list>
<bind>
<StgValue><ssdm name=""/></StgValue>
</bind>
</comp>

<comp id="10" class="1001" name="const_10">
<pin_list>
<pin id="11" dir="1" index="0" bw="1" slack="2147483647"/>
</pin_list>
<bind>
<StgValue><ssdm name=""/></StgValue>
</bind>
</comp>

<comp id="12" class="1001" name="const_12">
<pin_list>
<pin id="13" dir="1" index="0" bw="1" slack="2147483647"/>
</pin_list>
<bind>
<StgValue><ssdm name="p_str"/></StgValue>
</bind>
</comp>

<comp id="14" class="1001" name="const_14">
<pin_list>
<pin id="15" dir="1" index="0" bw="1" slack="0"/>
</pin_list>
<bind>
<StgValue><ssdm name=""/></StgValue>
</bind>
</comp>

<comp id="16" class="1001" name="const_16">
<pin_list>
<pin id="17" dir="1" index="0" bw="1" slack="2147483647"/>
</pin_list>
<bind>
<StgValue><ssdm name="_ssdm_op_SpecLoopTripCount"/></StgValue>
</bind>
</comp>

<comp id="18" class="1001" name="const_18">
<pin_list>
<pin id="19" dir="1" index="0" bw="1" slack="2147483647"/>
</pin_list>
<bind>
<StgValue><ssdm name=""/></StgValue>
</bind>
</comp>

<comp id="20" class="1001" name="const_20">
<pin_list>
<pin id="21" dir="1" index="0" bw="1" slack="0"/>
</pin_list>
<bind>
<StgValue><ssdm name=""/></StgValue>
</bind>
</comp>

<comp id="22" class="1001" name="const_22">
<pin_list>
<pin id="23" dir="1" index="0" bw="1" slack="0"/>
</pin_list>
<bind>
<StgValue><ssdm name="layer_norm_small_a.1"/></StgValue>
</bind>
</comp>

<comp id="24" class="1001" name="const_24">
<pin_list>
<pin id="25" dir="1" index="0" bw="1" slack="0"/>
</pin_list>
<bind>
<StgValue><ssdm name=""/></StgValue>
</bind>
</comp>

<comp id="26" class="1001" name="const_26">
<pin_list>
<pin id="27" dir="1" index="0" bw="1" slack="0"/>
</pin_list>
<bind>
<StgValue><ssdm name=""/></StgValue>
</bind>
</comp>

<comp id="28" class="1001" name="const_28">
<pin_list>
<pin id="29" dir="1" index="0" bw="1" slack="0"/>
</pin_list>
<bind>
<StgValue><ssdm name=""/></StgValue>
</bind>
</comp>

<comp id="30" class="1001" name="const_30">
<pin_list>
<pin id="31" dir="1" index="0" bw="1" slack="0"/>
</pin_list>
<bind>
<StgValue><ssdm name=""/></StgValue>
</bind>
</comp>

<comp id="32" class="1001" name="const_32">
<pin_list>
<pin id="33" dir="1" index="0" bw="1" slack="0"/>
</pin_list>
<bind>
<StgValue><ssdm name=""/></StgValue>
</bind>
</comp>

<comp id="34" class="1001" name="const_34">
<pin_list>
<pin id="35" dir="1" index="0" bw="1" slack="0"/>
</pin_list>
<bind>
<StgValue><ssdm name=""/></StgValue>
</bind>
</comp>

<comp id="36" class="1001" name="const_36">
<pin_list>
<pin id="37" dir="1" index="0" bw="1" slack="0"/>
</pin_list>
<bind>
<StgValue><ssdm name=""/></StgValue>
</bind>
</comp>

<comp id="38" class="1001" name="const_38">
<pin_list>
<pin id="39" dir="1" index="0" bw="1" slack="0"/>
</pin_list>
<bind>
<StgValue><ssdm name=""/></StgValue>
</bind>
</comp>

<comp id="40" class="1001" name="const_40">
<pin_list>
<pin id="41" dir="1" index="0" bw="1" slack="0"/>
</pin_list>
<bind>
<StgValue><ssdm name=""/></StgValue>
</bind>
</comp>

<comp id="42" class="1001" name="const_42">
<pin_list>
<pin id="43" dir="1" index="0" bw="1" slack="0"/>
</pin_list>
<bind>
<StgValue><ssdm name=""/></StgValue>
</bind>
</comp>

<comp id="44" class="1001" name="const_44">
<pin_list>
<pin id="45" dir="1" index="0" bw="1" slack="0"/>
</pin_list>
<bind>
<StgValue><ssdm name=""/></StgValue>
</bind>
</comp>

<comp id="46" class="1001" name="const_46">
<pin_list>
<pin id="47" dir="1" index="0" bw="1" slack="0"/>
</pin_list>
<bind>
<StgValue><ssdm name=""/></StgValue>
</bind>
</comp>

<comp id="48" class="1001" name="const_48">
<pin_list>
<pin id="49" dir="1" index="0" bw="1" slack="0"/>
</pin_list>
<bind>
<StgValue><ssdm name=""/></StgValue>
</bind>
</comp>

<comp id="50" class="1001" name="const_50">
<pin_list>
<pin id="51" dir="1" index="0" bw="1" slack="0"/>
</pin_list>
<bind>
<StgValue><ssdm name=""/></StgValue>
</bind>
</comp>

<comp id="52" class="1001" name="const_52">
<pin_list>
<pin id="53" dir="1" index="0" bw="1" slack="0"/>
</pin_list>
<bind>
<StgValue><ssdm name=""/></StgValue>
</bind>
</comp>

<comp id="54" class="1001" name="const_54">
<pin_list>
<pin id="55" dir="1" index="0" bw="1" slack="0"/>
</pin_list>
<bind>
<StgValue><ssdm name=""/></StgValue>
</bind>
</comp>

<comp id="56" class="1001" name="const_56">
<pin_list>
<pin id="57" dir="1" index="0" bw="1" slack="0"/>
</pin_list>
<bind>
<StgValue><ssdm name=""/></StgValue>
</bind>
</comp>

<comp id="58" class="1001" name="const_58">
<pin_list>
<pin id="59" dir="1" index="0" bw="1" slack="0"/>
</pin_list>
<bind>
<StgValue><ssdm name=""/></StgValue>
</bind>
</comp>

<comp id="60" class="1001" name="const_60">
<pin_list>
<pin id="61" dir="1" index="0" bw="1" slack="0"/>
</pin_list>
<bind>
<StgValue><ssdm name=""/></StgValue>
</bind>
</comp>

<comp id="62" class="1001" name="const_62">
<pin_list>
<pin id="63" dir="1" index="0" bw="1" slack="0"/>
</pin_list>
<bind>
<StgValue><ssdm name=""/></StgValue>
</bind>
</comp>

<comp id="64" class="1001" name="const_64">
<pin_list>
<pin id="65" dir="1" index="0" bw="1" slack="0"/>
</pin_list>
<bind>
<StgValue><ssdm name=""/></StgValue>
</bind>
</comp>

<comp id="66" class="1001" name="const_66">
<pin_list>
<pin id="67" dir="1" index="0" bw="1" slack="0"/>
</pin_list>
<bind>
<StgValue><ssdm name=""/></StgValue>
</bind>
</comp>

<comp id="68" class="1001" name="const_68">
<pin_list>
<pin id="69" dir="1" index="0" bw="1" slack="0"/>
</pin_list>
<bind>
<StgValue><ssdm name=""/></StgValue>
</bind>
</comp>

<comp id="70" class="1001" name="const_70">
<pin_list>
<pin id="71" dir="1" index="0" bw="1" slack="0"/>
</pin_list>
<bind>
<StgValue><ssdm name=""/></StgValue>
</bind>
</comp>

<comp id="72" class="1001" name="const_72">
<pin_list>
<pin id="73" dir="1" index="0" bw="1" slack="2147483647"/>
</pin_list>
<bind>
<StgValue><ssdm name="_ssdm_op_SpecLoopName"/></StgValue>
</bind>
</comp>

<comp id="74" class="1001" name="const_74">
<pin_list>
<pin id="75" dir="1" index="0" bw="1" slack="2147483647"/>
</pin_list>
<bind>
<StgValue><ssdm name="empty_22"/></StgValue>
</bind>
</comp>

<comp id="76" class="1004" name="s_fu_76">
<pin_list>
<pin id="77" dir="0" index="0" bw="1" slack="0"/>
<pin id="78" dir="1" index="1" bw="5" slack="0"/>
</pin_list>
<bind>
<opcode="alloca(26) " fcode="alloca"/>
<opset="s/1 "/>
</bind>
</comp>

<comp id="80" class="1004" name="grp_layer_norm_small_a_1_fu_80">
<pin_list>
<pin id="81" dir="0" index="0" bw="0" slack="0"/>
<pin id="82" dir="0" index="1" bw="16" slack="0"/>
<pin id="83" dir="0" index="2" bw="4" slack="1"/>
<pin id="84" dir="0" index="3" bw="10" slack="0"/>
<pin id="85" dir="0" index="4" bw="11" slack="0"/>
<pin id="86" dir="0" index="5" bw="7" slack="0"/>
<pin id="87" dir="0" index="6" bw="11" slack="0"/>
<pin id="88" dir="0" index="7" bw="11" slack="0"/>
<pin id="89" dir="0" index="8" bw="7" slack="0"/>
<pin id="90" dir="0" index="9" bw="11" slack="0"/>
<pin id="91" dir="0" index="10" bw="11" slack="0"/>
<pin id="92" dir="0" index="11" bw="11" slack="0"/>
<pin id="93" dir="0" index="12" bw="5" slack="0"/>
<pin id="94" dir="0" index="13" bw="11" slack="0"/>
<pin id="95" dir="0" index="14" bw="8" slack="0"/>
<pin id="96" dir="0" index="15" bw="6" slack="0"/>
<pin id="97" dir="0" index="16" bw="3" slack="0"/>
<pin id="98" dir="0" index="17" bw="7" slack="0"/>
<pin id="99" dir="0" index="18" bw="6" slack="0"/>
<pin id="100" dir="0" index="19" bw="8" slack="0"/>
<pin id="101" dir="0" index="20" bw="6" slack="0"/>
<pin id="102" dir="0" index="21" bw="9" slack="0"/>
<pin id="103" dir="0" index="22" bw="6" slack="0"/>
<pin id="104" dir="0" index="23" bw="6" slack="0"/>
<pin id="105" dir="0" index="24" bw="6" slack="0"/>
<pin id="106" dir="0" index="25" bw="7" slack="0"/>
<pin id="107" dir="0" index="26" bw="6" slack="0"/>
<pin id="108" dir="1" index="27" bw="0" slack="2147483647"/>
</pin_list>
<bind>
<opcode="call(48) " fcode="call"/>
<opset="call_ln179/2 "/>
</bind>
</comp>

<comp id="135" class="1004" name="store_ln0_store_fu_135">
<pin_list>
<pin id="136" dir="0" index="0" bw="1" slack="0"/>
<pin id="137" dir="0" index="1" bw="5" slack="0"/>
<pin id="138" dir="1" index="2" bw="0" slack="2147483647"/>
</pin_list>
<bind>
<opcode="store(28) " fcode="store"/>
<opset="store_ln0/1 "/>
</bind>
</comp>

<comp id="140" class="1004" name="s_2_load_fu_140">
<pin_list>
<pin id="141" dir="0" index="0" bw="5" slack="0"/>
<pin id="142" dir="1" index="1" bw="5" slack="0"/>
</pin_list>
<bind>
<opcode="load(27) " fcode="load"/>
<opset="s_2/1 "/>
</bind>
</comp>

<comp id="143" class="1004" name="icmp_ln179_fu_143">
<pin_list>
<pin id="144" dir="0" index="0" bw="5" slack="0"/>
<pin id="145" dir="0" index="1" bw="5" slack="0"/>
<pin id="146" dir="1" index="2" bw="1" slack="1"/>
</pin_list>
<bind>
<opcode="icmp(45) " fcode="icmp"/>
<opset="icmp_ln179/1 "/>
</bind>
</comp>

<comp id="149" class="1004" name="add_ln179_fu_149">
<pin_list>
<pin id="150" dir="0" index="0" bw="5" slack="0"/>
<pin id="151" dir="0" index="1" bw="1" slack="0"/>
<pin id="152" dir="1" index="2" bw="5" slack="0"/>
</pin_list>
<bind>
<opcode="add(8) " fcode="add"/>
<opset="add_ln179/1 "/>
</bind>
</comp>

<comp id="155" class="1004" name="empty_73_fu_155">
<pin_list>
<pin id="156" dir="0" index="0" bw="5" slack="0"/>
<pin id="157" dir="1" index="1" bw="4" slack="1"/>
</pin_list>
<bind>
<opcode="trunc(33) " fcode="trunc"/>
<opset="empty_73/1 "/>
</bind>
</comp>

<comp id="159" class="1004" name="store_ln179_store_fu_159">
<pin_list>
<pin id="160" dir="0" index="0" bw="5" slack="0"/>
<pin id="161" dir="0" index="1" bw="5" slack="0"/>
<pin id="162" dir="1" index="2" bw="0" slack="2147483647"/>
</pin_list>
<bind>
<opcode="store(28) " fcode="store"/>
<opset="store_ln179/1 "/>
</bind>
</comp>

<comp id="164" class="1005" name="s_reg_164">
<pin_list>
<pin id="165" dir="0" index="0" bw="5" slack="0"/>
<pin id="166" dir="1" index="1" bw="5" slack="0"/>
</pin_list>
<bind>
<opset="s "/>
</bind>
</comp>

<comp id="171" class="1005" name="icmp_ln179_reg_171">
<pin_list>
<pin id="172" dir="0" index="0" bw="1" slack="1"/>
<pin id="173" dir="1" index="1" bw="1" slack="2147483647"/>
</pin_list>
<bind>
<opset="icmp_ln179 "/>
</bind>
</comp>

<comp id="175" class="1005" name="empty_73_reg_175">
<pin_list>
<pin id="176" dir="0" index="0" bw="4" slack="1"/>
<pin id="177" dir="1" index="1" bw="4" slack="1"/>
</pin_list>
<bind>
<opset="empty_73 "/>
</bind>
</comp>

</comp_list>

<net_list>
<net id="79"><net_src comp="2" pin="0"/><net_sink comp="76" pin=0"/></net>

<net id="109"><net_src comp="22" pin="0"/><net_sink comp="80" pin=0"/></net>

<net id="110"><net_src comp="0" pin="0"/><net_sink comp="80" pin=1"/></net>

<net id="111"><net_src comp="24" pin="0"/><net_sink comp="80" pin=3"/></net>

<net id="112"><net_src comp="26" pin="0"/><net_sink comp="80" pin=4"/></net>

<net id="113"><net_src comp="28" pin="0"/><net_sink comp="80" pin=5"/></net>

<net id="114"><net_src comp="30" pin="0"/><net_sink comp="80" pin=6"/></net>

<net id="115"><net_src comp="32" pin="0"/><net_sink comp="80" pin=7"/></net>

<net id="116"><net_src comp="34" pin="0"/><net_sink comp="80" pin=8"/></net>

<net id="117"><net_src comp="36" pin="0"/><net_sink comp="80" pin=9"/></net>

<net id="118"><net_src comp="38" pin="0"/><net_sink comp="80" pin=10"/></net>

<net id="119"><net_src comp="40" pin="0"/><net_sink comp="80" pin=11"/></net>

<net id="120"><net_src comp="42" pin="0"/><net_sink comp="80" pin=12"/></net>

<net id="121"><net_src comp="44" pin="0"/><net_sink comp="80" pin=13"/></net>

<net id="122"><net_src comp="46" pin="0"/><net_sink comp="80" pin=14"/></net>

<net id="123"><net_src comp="48" pin="0"/><net_sink comp="80" pin=15"/></net>

<net id="124"><net_src comp="50" pin="0"/><net_sink comp="80" pin=16"/></net>

<net id="125"><net_src comp="52" pin="0"/><net_sink comp="80" pin=17"/></net>

<net id="126"><net_src comp="54" pin="0"/><net_sink comp="80" pin=18"/></net>

<net id="127"><net_src comp="56" pin="0"/><net_sink comp="80" pin=19"/></net>

<net id="128"><net_src comp="58" pin="0"/><net_sink comp="80" pin=20"/></net>

<net id="129"><net_src comp="60" pin="0"/><net_sink comp="80" pin=21"/></net>

<net id="130"><net_src comp="62" pin="0"/><net_sink comp="80" pin=22"/></net>

<net id="131"><net_src comp="64" pin="0"/><net_sink comp="80" pin=23"/></net>

<net id="132"><net_src comp="66" pin="0"/><net_sink comp="80" pin=24"/></net>

<net id="133"><net_src comp="68" pin="0"/><net_sink comp="80" pin=25"/></net>

<net id="134"><net_src comp="70" pin="0"/><net_sink comp="80" pin=26"/></net>

<net id="139"><net_src comp="4" pin="0"/><net_sink comp="135" pin=0"/></net>

<net id="147"><net_src comp="140" pin="1"/><net_sink comp="143" pin=0"/></net>

<net id="148"><net_src comp="14" pin="0"/><net_sink comp="143" pin=1"/></net>

<net id="153"><net_src comp="140" pin="1"/><net_sink comp="149" pin=0"/></net>

<net id="154"><net_src comp="20" pin="0"/><net_sink comp="149" pin=1"/></net>

<net id="158"><net_src comp="140" pin="1"/><net_sink comp="155" pin=0"/></net>

<net id="163"><net_src comp="149" pin="2"/><net_sink comp="159" pin=0"/></net>

<net id="167"><net_src comp="76" pin="1"/><net_sink comp="164" pin=0"/></net>

<net id="168"><net_src comp="164" pin="1"/><net_sink comp="135" pin=1"/></net>

<net id="169"><net_src comp="164" pin="1"/><net_sink comp="140" pin=0"/></net>

<net id="170"><net_src comp="164" pin="1"/><net_sink comp="159" pin=1"/></net>

<net id="174"><net_src comp="143" pin="2"/><net_sink comp="171" pin=0"/></net>

<net id="178"><net_src comp="155" pin="1"/><net_sink comp="175" pin=0"/></net>

<net id="179"><net_src comp="175" pin="1"/><net_sink comp="80" pin=2"/></net>

</net_list>

</model> 
---------------- Datapath Model END ------------------

* FSMD analyzer results:
  - Output states:
	Port: x_V | {82 83 84 85 86 87 }
 - Input state : 
	Port: imgds_linear_small_a_Pipeline_VITIS_LOOP_179_5 : x_V | {2 3 4 5 6 7 8 }
  - Chain level:
	State 1
		store_ln0 : 1
		s_2 : 1
		icmp_ln179 : 2
		add_ln179 : 2
		br_ln179 : 3
		empty_73 : 2
		store_ln179 : 3
	State 2
	State 3
	State 4
	State 5
	State 6
	State 7
	State 8
	State 9
	State 10
	State 11
	State 12
	State 13
	State 14
	State 15
	State 16
	State 17
	State 18
	State 19
	State 20
	State 21
	State 22
	State 23
	State 24
	State 25
	State 26
	State 27
	State 28
	State 29
	State 30
	State 31
	State 32
	State 33
	State 34
	State 35
	State 36
	State 37
	State 38
	State 39
	State 40
	State 41
	State 42
	State 43
	State 44
	State 45
	State 46
	State 47
	State 48
	State 49
	State 50
	State 51
	State 52
	State 53
	State 54
	State 55
	State 56
	State 57
	State 58
	State 59
	State 60
	State 61
	State 62
	State 63
	State 64
	State 65
	State 66
	State 67
	State 68
	State 69
	State 70
	State 71
	State 72
	State 73
	State 74
	State 75
	State 76
	State 77
	State 78
	State 79
	State 80
	State 81
	State 82
	State 83
	State 84
	State 85
	State 86
	State 87


============================================================
+ Verbose Summary: Datapath Resource usage 
============================================================

* Functional unit list:
|----------|--------------------------------|---------|---------|---------|---------|
| Operation|         Functional Unit        |   DSP   |  Delay  |    FF   |   LUT   |
|----------|--------------------------------|---------|---------|---------|---------|
|   call   | grp_layer_norm_small_a_1_fu_80 |    46   | 114.068 |   3790  |   3691  |
|----------|--------------------------------|---------|---------|---------|---------|
|    add   |        add_ln179_fu_149        |    0    |    0    |    0    |    13   |
|----------|--------------------------------|---------|---------|---------|---------|
|   icmp   |        icmp_ln179_fu_143       |    0    |    0    |    0    |    9    |
|----------|--------------------------------|---------|---------|---------|---------|
|   trunc  |         empty_73_fu_155        |    0    |    0    |    0    |    0    |
|----------|--------------------------------|---------|---------|---------|---------|
|   Total  |                                |    46   | 114.068 |   3790  |   3713  |
|----------|--------------------------------|---------|---------|---------|---------|

Memories:
N/A

* Register list:
+------------------+--------+
|                  |   FF   |
+------------------+--------+
| empty_73_reg_175 |    4   |
|icmp_ln179_reg_171|    1   |
|     s_reg_164    |    5   |
+------------------+--------+
|       Total      |   10   |
+------------------+--------+

* Multiplexer (MUX) list: 
|--------|------|------|------|--------|
|  Comp  |  Pin | Size |  BW  | S x BW |
|--------|------|------|------|--------|
|  Total |      |      |      |    0   |
|--------|------|------|------|--------|



* Summary:
+-----------+--------+--------+--------+--------+
|           |   DSP  |  Delay |   FF   |   LUT  |
+-----------+--------+--------+--------+--------+
|  Function |   46   |   114  |  3790  |  3713  |
|   Memory  |    -   |    -   |    -   |    -   |
|Multiplexer|    -   |    -   |    -   |    -   |
|  Register |    -   |    -   |   10   |    -   |
+-----------+--------+--------+--------+--------+
|   Total   |   46   |   114  |  3800  |  3713  |
+-----------+--------+--------+--------+--------+
