

================================================================
== Vitis HLS Report for 'layer_norm_small_a_Pipeline_VITIS_LOOP_19_1'
================================================================
* Date:           Wed Jul  1 21:19:13 2026

* Version:        2022.2 (Build 3670227 on Oct 13 2022)
* Project:        imgds_linear_small_a_axi
* Solution:       solution1 (Vivado IP Flow Target)
* Product family: zynq
* Target device:  xc7z020-clg400-1


================================================================
== Performance Estimates
================================================================
+ Timing: 
    * Summary: 
    +--------+----------+----------+------------+
    |  Clock |  Target  | Estimated| Uncertainty|
    +--------+----------+----------+------------+
    |ap_clk  |  10.00 ns|  6.224 ns|     2.70 ns|
    +--------+----------+----------+------------+

+ Latency: 
    * Summary: 
    +---------+---------+----------+----------+-----+-----+---------+
    |  Latency (cycles) |  Latency (absolute) |  Interval | Pipeline|
    |   min   |   max   |    min   |    max   | min | max |   Type  |
    +---------+---------+----------+----------+-----+-----+---------+
    |       14|       14|  0.140 us|  0.140 us|   14|   14|       no|
    +---------+---------+----------+----------+-----+-----+---------+

    + Detail: 
        * Instance: 
        N/A

        * Loop: 
        +-------------------+---------+---------+----------+-----------+-----------+------+----------+
        |                   |  Latency (cycles) | Iteration|  Initiation Interval  | Trip |          |
        |     Loop Name     |   min   |   max   |  Latency |  achieved |   target  | Count| Pipelined|
        +-------------------+---------+---------+----------+-----------+-----------+------+----------+
        |- VITIS_LOOP_19_1  |       12|       12|         2|          1|          1|    12|       yes|
        +-------------------+---------+---------+----------+-----------+-----------+------+----------+



================================================================
== Utilization Estimates
================================================================
* Summary: 
+-----------------+---------+-----+--------+-------+-----+
|       Name      | BRAM_18K| DSP |   FF   |  LUT  | URAM|
+-----------------+---------+-----+--------+-------+-----+
|DSP              |        -|    -|       -|      -|    -|
|Expression       |        -|    -|       0|     55|    -|
|FIFO             |        -|    -|       -|      -|    -|
|Instance         |        -|    -|       -|      -|    -|
|Memory           |        -|    -|       -|      -|    -|
|Multiplexer      |        -|    -|       -|     45|    -|
|Register         |        -|    -|      31|      -|    -|
+-----------------+---------+-----+--------+-------+-----+
|Total            |        0|    0|      31|    100|    0|
+-----------------+---------+-----+--------+-------+-----+
|Available        |      280|  220|  106400|  53200|    0|
+-----------------+---------+-----+--------+-------+-----+
|Utilization (%)  |        0|    0|      ~0|     ~0|    0|
+-----------------+---------+-----+--------+-------+-----+

+ Detail: 
    * Instance: 
    N/A

    * DSP: 
    N/A

    * Memory: 
    N/A

    * FIFO: 
    N/A

    * Expression: 
    +--------------------+----------+----+---+----+------------+------------+
    |    Variable Name   | Operation| DSP| FF| LUT| Bitwidth P0| Bitwidth P1|
    +--------------------+----------+----+---+----+------------+------------+
    |add_ln19_fu_83_p2   |         +|   0|  0|  13|           4|           1|
    |sum_V_1_fu_114_p2   |         +|   0|  0|  31|          24|          24|
    |icmp_ln19_fu_77_p2  |      icmp|   0|  0|   9|           4|           4|
    |ap_enable_pp0       |       xor|   0|  0|   2|           1|           2|
    +--------------------+----------+----+---+----+------------+------------+
    |Total               |          |   0|  0|  55|          33|          31|
    +--------------------+----------+----+---+----+------------+------------+

    * Multiplexer: 
    +-------------------------+----+-----------+-----+-----------+
    |           Name          | LUT| Input Size| Bits| Total Bits|
    +-------------------------+----+-----------+-----+-----------+
    |ap_done_int              |   9|          2|    1|          2|
    |ap_enable_reg_pp0_iter1  |   9|          2|    1|          2|
    |ap_sig_allocacmp_i_3     |   9|          2|    4|          8|
    |i_fu_40                  |   9|          2|    4|          8|
    |sum_V_fu_36              |   9|          2|   24|         48|
    +-------------------------+----+-----------+-----+-----------+
    |Total                    |  45|         10|   34|         68|
    +-------------------------+----+-----------+-----+-----------+

    * Register: 
    +-------------------------+----+----+-----+-----------+
    |           Name          | FF | LUT| Bits| Const Bits|
    +-------------------------+----+----+-----+-----------+
    |ap_CS_fsm                |   1|   0|    1|          0|
    |ap_done_reg              |   1|   0|    1|          0|
    |ap_enable_reg_pp0_iter1  |   1|   0|    1|          0|
    |i_fu_40                  |   4|   0|    4|          0|
    |sum_V_fu_36              |  24|   0|   24|          0|
    +-------------------------+----+----+-----+-----------+
    |Total                    |  31|   0|   31|          0|
    +-------------------------+----+----+-----+-----------+



================================================================
== Interface
================================================================
* Summary: 
+------------------+-----+-----+------------+---------------------------------------------+--------------+
|     RTL Ports    | Dir | Bits|  Protocol  |                Source Object                |    C Type    |
+------------------+-----+-----+------------+---------------------------------------------+--------------+
|ap_clk            |   in|    1|  ap_ctrl_hs|  layer_norm_small_a_Pipeline_VITIS_LOOP_19_1|  return value|
|ap_rst            |   in|    1|  ap_ctrl_hs|  layer_norm_small_a_Pipeline_VITIS_LOOP_19_1|  return value|
|ap_start          |   in|    1|  ap_ctrl_hs|  layer_norm_small_a_Pipeline_VITIS_LOOP_19_1|  return value|
|ap_done           |  out|    1|  ap_ctrl_hs|  layer_norm_small_a_Pipeline_VITIS_LOOP_19_1|  return value|
|ap_idle           |  out|    1|  ap_ctrl_hs|  layer_norm_small_a_Pipeline_VITIS_LOOP_19_1|  return value|
|ap_ready          |  out|    1|  ap_ctrl_hs|  layer_norm_small_a_Pipeline_VITIS_LOOP_19_1|  return value|
|x_address0        |  out|    4|   ap_memory|                                            x|         array|
|x_ce0             |  out|    1|   ap_memory|                                            x|         array|
|x_q0              |   in|   16|   ap_memory|                                            x|         array|
|sum_V_out         |  out|   24|      ap_vld|                                    sum_V_out|       pointer|
|sum_V_out_ap_vld  |  out|    1|      ap_vld|                                    sum_V_out|       pointer|
+------------------+-----+-----+------------+---------------------------------------------+--------------+

============================================================
+ Verbose Summary: Synthesis Manager
============================================================
InlineROM: 1
ExposeGlobal: 0
============================================================
+ Verbose Summary: CDFG Model
============================================================
IsTopModel: 0
ResetActiveHigh: 1
IsCombinational: 2
IsDatapathOnly: 2
HasWiredReturn: 1
HasMFsm: 2
HasVarLatency: 1
IsPipeline: 0
IsRtlPipelined: 0
IsInstanceOverlapped: 0
IsDontTouch: 0
HasImplIP: 0
IsGatedGlobalClock: 0

+ Individual pipeline summary: 
  * Pipeline-0: initiation interval (II) = 1, depth = 2


============================================================
+ Verbose Summary: Schedule
============================================================
* Number of FSM states : 2
* Pipeline : 1
  Pipeline-0 : II = 1, D = 2, States = { 1 2 }
* Dataflow Pipeline: 0

* FSM state transitions: 
1 --> 2 
2 --> 

* FSM state operations: 

State 1 <SV = 0> <Delay = 3.32>
ST_1 : Operation 5 [1/1] (0.00ns)   --->   "%sum_V = alloca i32 1"   --->   Operation 5 'alloca' 'sum_V' <Predicate = true> <Delay = 0.00>
ST_1 : Operation 6 [1/1] (0.00ns)   --->   "%i = alloca i32 1"   --->   Operation 6 'alloca' 'i' <Predicate = true> <Delay = 0.00>
ST_1 : Operation 7 [1/1] (1.58ns)   --->   "%store_ln0 = store i4 0, i4 %i"   --->   Operation 7 'store' 'store_ln0' <Predicate = true> <Delay = 1.58>
ST_1 : Operation 8 [1/1] (1.58ns)   --->   "%store_ln0 = store i24 0, i24 %sum_V"   --->   Operation 8 'store' 'store_ln0' <Predicate = true> <Delay = 1.58>
ST_1 : Operation 9 [1/1] (0.00ns)   --->   "%br_ln0 = br void %for.body"   --->   Operation 9 'br' 'br_ln0' <Predicate = true> <Delay = 0.00>
ST_1 : Operation 10 [1/1] (0.00ns)   --->   "%i_3 = load i4 %i" [src/imgds_linear_small_a.cpp:19]   --->   Operation 10 'load' 'i_3' <Predicate = true> <Delay = 0.00>
ST_1 : Operation 11 [1/1] (0.00ns)   --->   "%specpipeline_ln0 = specpipeline void @_ssdm_op_SpecPipeline, i32 4294967295, i32 0, i32 1, i32 0, void @p_str"   --->   Operation 11 'specpipeline' 'specpipeline_ln0' <Predicate = true> <Delay = 0.00>
ST_1 : Operation 12 [1/1] (1.30ns)   --->   "%icmp_ln19 = icmp_eq  i4 %i_3, i4 12" [src/imgds_linear_small_a.cpp:19]   --->   Operation 12 'icmp' 'icmp_ln19' <Predicate = true> <Delay = 1.30> <CoreInst = "Cmp">   --->   Core 9 'Cmp' <Latency = 0> <II = 1> <Delay = 1.30> <FuncUnit> <Opcode : 'icmp'> <InPorts = 2> <OutPorts = 1>
ST_1 : Operation 13 [1/1] (0.00ns)   --->   "%empty = speclooptripcount i32 @_ssdm_op_SpecLoopTripCount, i64 12, i64 12, i64 12"   --->   Operation 13 'speclooptripcount' 'empty' <Predicate = true> <Delay = 0.00>
ST_1 : Operation 14 [1/1] (1.73ns)   --->   "%add_ln19 = add i4 %i_3, i4 1" [src/imgds_linear_small_a.cpp:19]   --->   Operation 14 'add' 'add_ln19' <Predicate = true> <Delay = 1.73> <CoreInst = "Adder">   --->   Core 1 'Adder' <Latency = 0> <II = 1> <Delay = 1.73> <FuncUnit> <Opcode : 'add' 'sub'> <InPorts = 2> <OutPorts = 1>
ST_1 : Operation 15 [1/1] (0.00ns)   --->   "%br_ln19 = br i1 %icmp_ln19, void %for.body.split, void %_ZN8ap_fixedILi24ELi10EL9ap_q_mode5EL9ap_o_mode3ELi0EEC2Ei.exit416.exitStub" [src/imgds_linear_small_a.cpp:19]   --->   Operation 15 'br' 'br_ln19' <Predicate = true> <Delay = 0.00>
ST_1 : Operation 16 [1/1] (0.00ns)   --->   "%i_cast = zext i4 %i_3" [src/imgds_linear_small_a.cpp:19]   --->   Operation 16 'zext' 'i_cast' <Predicate = (!icmp_ln19)> <Delay = 0.00>
ST_1 : Operation 17 [1/1] (0.00ns)   --->   "%x_addr = getelementptr i16 %x, i64 0, i64 %i_cast"   --->   Operation 17 'getelementptr' 'x_addr' <Predicate = (!icmp_ln19)> <Delay = 0.00>
ST_1 : Operation 18 [2/2] (2.32ns)   --->   "%x_load = load i4 %x_addr"   --->   Operation 18 'load' 'x_load' <Predicate = (!icmp_ln19)> <Delay = 2.32> <CoreInst = "RAM">   --->   Core 82 'RAM' <Latency = 1> <II = 1> <Delay = 2.32> <Storage> <Opcode : 'load' 'store'> <Ports = 2> <Width = 16> <Depth = 12> <RAM>
ST_1 : Operation 19 [1/1] (1.58ns)   --->   "%store_ln19 = store i4 %add_ln19, i4 %i" [src/imgds_linear_small_a.cpp:19]   --->   Operation 19 'store' 'store_ln19' <Predicate = (!icmp_ln19)> <Delay = 1.58>
ST_1 : Operation 28 [1/1] (0.00ns)   --->   "%sum_V_load_1 = load i24 %sum_V"   --->   Operation 28 'load' 'sum_V_load_1' <Predicate = (icmp_ln19)> <Delay = 0.00>
ST_1 : Operation 29 [1/1] (0.00ns)   --->   "%write_ln0 = write void @_ssdm_op_Write.ap_auto.i24P0A, i24 %sum_V_out, i24 %sum_V_load_1"   --->   Operation 29 'write' 'write_ln0' <Predicate = (icmp_ln19)> <Delay = 0.00>
ST_1 : Operation 30 [1/1] (0.00ns)   --->   "%ret_ln0 = ret"   --->   Operation 30 'ret' 'ret_ln0' <Predicate = (icmp_ln19)> <Delay = 0.00>

State 2 <SV = 1> <Delay = 6.22>
ST_2 : Operation 20 [1/1] (0.00ns)   --->   "%sum_V_load = load i24 %sum_V"   --->   Operation 20 'load' 'sum_V_load' <Predicate = true> <Delay = 0.00>
ST_2 : Operation 21 [1/1] (0.00ns)   --->   "%specloopname_ln18 = specloopname void @_ssdm_op_SpecLoopName, void @empty_27" [src/imgds_linear_small_a.cpp:18]   --->   Operation 21 'specloopname' 'specloopname_ln18' <Predicate = true> <Delay = 0.00>
ST_2 : Operation 22 [1/2] (2.32ns)   --->   "%x_load = load i4 %x_addr"   --->   Operation 22 'load' 'x_load' <Predicate = true> <Delay = 2.32> <CoreInst = "RAM">   --->   Core 82 'RAM' <Latency = 1> <II = 1> <Delay = 2.32> <Storage> <Opcode : 'load' 'store'> <Ports = 2> <Width = 16> <Depth = 12> <RAM>
ST_2 : Operation 23 [1/1] (0.00ns)   --->   "%shl_ln = bitconcatenate i20 @_ssdm_op_BitConcatenate.i20.i16.i4, i16 %x_load, i4 0"   --->   Operation 23 'bitconcatenate' 'shl_ln' <Predicate = true> <Delay = 0.00>
ST_2 : Operation 24 [1/1] (0.00ns)   --->   "%sext_ln813 = sext i20 %shl_ln"   --->   Operation 24 'sext' 'sext_ln813' <Predicate = true> <Delay = 0.00>
ST_2 : Operation 25 [1/1] (2.31ns)   --->   "%sum_V_1 = add i24 %sext_ln813, i24 %sum_V_load"   --->   Operation 25 'add' 'sum_V_1' <Predicate = true> <Delay = 2.31> <CoreInst = "Adder">   --->   Core 1 'Adder' <Latency = 0> <II = 1> <Delay = 2.31> <FuncUnit> <Opcode : 'add' 'sub'> <InPorts = 2> <OutPorts = 1>
ST_2 : Operation 26 [1/1] (1.58ns)   --->   "%store_ln19 = store i24 %sum_V_1, i24 %sum_V" [src/imgds_linear_small_a.cpp:19]   --->   Operation 26 'store' 'store_ln19' <Predicate = true> <Delay = 1.58>
ST_2 : Operation 27 [1/1] (0.00ns)   --->   "%br_ln19 = br void %for.body" [src/imgds_linear_small_a.cpp:19]   --->   Operation 27 'br' 'br_ln19' <Predicate = true> <Delay = 0.00>


============================================================
+ Verbose Summary: Binding
============================================================
STG Binding: 
---------------- STG Properties BEGIN ----------------
- Is combinational: 0
- Is one-state seq: 0
- Is datapath-only: 0
- Is pipelined: 0
- Is top level: 0
Port [ Return ] is wired: 1; IO mode=ap_ctrl_hs:ce=0
Port [ x]:  wired=1; compound=1; hidden=0; nouse=0; global=0; static=0; extern=0; dir=0; type=1; pingpong=0; private_global=0; MemPort=[13]; IO mode=ap_memory:ce=0
Port [ sum_V_out]:  wired=1; compound=0; hidden=0; nouse=0; global=0; static=0; extern=0; dir=1; type=0; pingpong=0; private_global=0; IO mode=ap_vld:ce=0
---------------- STG Properties END ------------------

---------------- Datapath Model BEGIN ----------------

<LifeTime>
<method=bitvector/>
sum_V             (alloca           ) [ 011]
i                 (alloca           ) [ 010]
store_ln0         (store            ) [ 000]
store_ln0         (store            ) [ 000]
br_ln0            (br               ) [ 000]
i_3               (load             ) [ 000]
specpipeline_ln0  (specpipeline     ) [ 000]
icmp_ln19         (icmp             ) [ 010]
empty             (speclooptripcount) [ 000]
add_ln19          (add              ) [ 000]
br_ln19           (br               ) [ 000]
i_cast            (zext             ) [ 000]
x_addr            (getelementptr    ) [ 011]
store_ln19        (store            ) [ 000]
sum_V_load        (load             ) [ 000]
specloopname_ln18 (specloopname     ) [ 000]
x_load            (load             ) [ 000]
shl_ln            (bitconcatenate   ) [ 000]
sext_ln813        (sext             ) [ 000]
sum_V_1           (add              ) [ 000]
store_ln19        (store            ) [ 000]
br_ln19           (br               ) [ 000]
sum_V_load_1      (load             ) [ 000]
write_ln0         (write            ) [ 000]
ret_ln0           (ret              ) [ 000]
</LifeTime>

<model>

<comp_list>
<comp id="0" class="1000" name="x">
<pin_list>
<pin id="1" dir="1" index="0" bw="1" slack="0"/>
</pin_list>
<bind>
<StgValue><ssdm name="x"/><MemPortTyVec>1 3 </MemPortTyVec>
</StgValue>
</bind>
</comp>

<comp id="2" class="1000" name="sum_V_out">
<pin_list>
<pin id="3" dir="1" index="0" bw="1" slack="0"/>
</pin_list>
<bind>
<StgValue><ssdm name="sum_V_out"/></StgValue>
</bind>
</comp>

<comp id="4" class="1001" name="const_4">
<pin_list>
<pin id="5" dir="1" index="0" bw="1" slack="0"/>
</pin_list>
<bind>
<StgValue><ssdm name=""/></StgValue>
</bind>
</comp>

<comp id="6" class="1001" name="const_6">
<pin_list>
<pin id="7" dir="1" index="0" bw="1" slack="0"/>
</pin_list>
<bind>
<StgValue><ssdm name=""/></StgValue>
</bind>
</comp>

<comp id="8" class="1001" name="const_8">
<pin_list>
<pin id="9" dir="1" index="0" bw="1" slack="0"/>
</pin_list>
<bind>
<StgValue><ssdm name=""/></StgValue>
</bind>
</comp>

<comp id="10" class="1001" name="const_10">
<pin_list>
<pin id="11" dir="1" index="0" bw="1" slack="2147483647"/>
</pin_list>
<bind>
<StgValue><ssdm name="_ssdm_op_SpecPipeline"/></StgValue>
</bind>
</comp>

<comp id="12" class="1001" name="const_12">
<pin_list>
<pin id="13" dir="1" index="0" bw="1" slack="2147483647"/>
</pin_list>
<bind>
<StgValue><ssdm name=""/></StgValue>
</bind>
</comp>

<comp id="14" class="1001" name="const_14">
<pin_list>
<pin id="15" dir="1" index="0" bw="1" slack="2147483647"/>
</pin_list>
<bind>
<StgValue><ssdm name=""/></StgValue>
</bind>
</comp>

<comp id="16" class="1001" name="const_16">
<pin_list>
<pin id="17" dir="1" index="0" bw="1" slack="2147483647"/>
</pin_list>
<bind>
<StgValue><ssdm name="p_str"/></StgValue>
</bind>
</comp>

<comp id="18" class="1001" name="const_18">
<pin_list>
<pin id="19" dir="1" index="0" bw="1" slack="0"/>
</pin_list>
<bind>
<StgValue><ssdm name=""/></StgValue>
</bind>
</comp>

<comp id="20" class="1001" name="const_20">
<pin_list>
<pin id="21" dir="1" index="0" bw="1" slack="2147483647"/>
</pin_list>
<bind>
<StgValue><ssdm name="_ssdm_op_SpecLoopTripCount"/></StgValue>
</bind>
</comp>

<comp id="22" class="1001" name="const_22">
<pin_list>
<pin id="23" dir="1" index="0" bw="1" slack="2147483647"/>
</pin_list>
<bind>
<StgValue><ssdm name=""/></StgValue>
</bind>
</comp>

<comp id="24" class="1001" name="const_24">
<pin_list>
<pin id="25" dir="1" index="0" bw="1" slack="0"/>
</pin_list>
<bind>
<StgValue><ssdm name=""/></StgValue>
</bind>
</comp>

<comp id="26" class="1001" name="const_26">
<pin_list>
<pin id="27" dir="1" index="0" bw="1" slack="0"/>
</pin_list>
<bind>
<StgValue><ssdm name=""/></StgValue>
</bind>
</comp>

<comp id="28" class="1001" name="const_28">
<pin_list>
<pin id="29" dir="1" index="0" bw="1" slack="2147483647"/>
</pin_list>
<bind>
<StgValue><ssdm name="_ssdm_op_SpecLoopName"/></StgValue>
</bind>
</comp>

<comp id="30" class="1001" name="const_30">
<pin_list>
<pin id="31" dir="1" index="0" bw="1" slack="2147483647"/>
</pin_list>
<bind>
<StgValue><ssdm name="empty_27"/></StgValue>
</bind>
</comp>

<comp id="32" class="1001" name="const_32">
<pin_list>
<pin id="33" dir="1" index="0" bw="1" slack="0"/>
</pin_list>
<bind>
<StgValue><ssdm name="_ssdm_op_BitConcatenate.i20.i16.i4"/></StgValue>
</bind>
</comp>

<comp id="34" class="1001" name="const_34">
<pin_list>
<pin id="35" dir="1" index="0" bw="1" slack="0"/>
</pin_list>
<bind>
<StgValue><ssdm name="_ssdm_op_Write.ap_auto.i24P0A"/></StgValue>
</bind>
</comp>

<comp id="36" class="1004" name="sum_V_fu_36">
<pin_list>
<pin id="37" dir="0" index="0" bw="1" slack="0"/>
<pin id="38" dir="1" index="1" bw="24" slack="0"/>
</pin_list>
<bind>
<opcode="alloca(26) " fcode="alloca"/>
<opset="sum_V/1 "/>
</bind>
</comp>

<comp id="40" class="1004" name="i_fu_40">
<pin_list>
<pin id="41" dir="0" index="0" bw="1" slack="0"/>
<pin id="42" dir="1" index="1" bw="4" slack="0"/>
</pin_list>
<bind>
<opcode="alloca(26) " fcode="alloca"/>
<opset="i/1 "/>
</bind>
</comp>

<comp id="44" class="1004" name="write_ln0_write_fu_44">
<pin_list>
<pin id="45" dir="0" index="0" bw="0" slack="0"/>
<pin id="46" dir="0" index="1" bw="24" slack="0"/>
<pin id="47" dir="0" index="2" bw="24" slack="0"/>
<pin id="48" dir="1" index="3" bw="0" slack="2147483647"/>
</pin_list>
<bind>
<opcode="write(1151) " fcode="write"/>
<opset="write_ln0/1 "/>
</bind>
</comp>

<comp id="51" class="1004" name="x_addr_gep_fu_51">
<pin_list>
<pin id="52" dir="0" index="0" bw="16" slack="0"/>
<pin id="53" dir="0" index="1" bw="1" slack="0"/>
<pin id="54" dir="0" index="2" bw="4" slack="0"/>
<pin id="55" dir="1" index="3" bw="4" slack="0"/>
</pin_list>
<bind>
<opcode="getelementptr(29) " fcode="getelementptr"/>
<opset="x_addr/1 "/>
</bind>
</comp>

<comp id="58" class="1004" name="grp_access_fu_58">
<pin_list>
<pin id="59" dir="0" index="0" bw="4" slack="0"/>
<pin id="60" dir="0" index="1" bw="16" slack="2147483647"/>
<pin id="61" dir="0" index="2" bw="0" slack="2147483647"/>
<pin id="62" dir="1" index="3" bw="16" slack="0"/>
</pin_list>
<bind>
<opcode="load(27) " fcode="load"/>
<opset="x_load/1 "/>
</bind>
</comp>

<comp id="64" class="1004" name="store_ln0_store_fu_64">
<pin_list>
<pin id="65" dir="0" index="0" bw="1" slack="0"/>
<pin id="66" dir="0" index="1" bw="4" slack="0"/>
<pin id="67" dir="1" index="2" bw="0" slack="2147483647"/>
</pin_list>
<bind>
<opcode="store(28) " fcode="store"/>
<opset="store_ln0/1 "/>
</bind>
</comp>

<comp id="69" class="1004" name="store_ln0_store_fu_69">
<pin_list>
<pin id="70" dir="0" index="0" bw="1" slack="0"/>
<pin id="71" dir="0" index="1" bw="24" slack="0"/>
<pin id="72" dir="1" index="2" bw="0" slack="2147483647"/>
</pin_list>
<bind>
<opcode="store(28) " fcode="store"/>
<opset="store_ln0/1 "/>
</bind>
</comp>

<comp id="74" class="1004" name="i_3_load_fu_74">
<pin_list>
<pin id="75" dir="0" index="0" bw="4" slack="0"/>
<pin id="76" dir="1" index="1" bw="4" slack="0"/>
</pin_list>
<bind>
<opcode="load(27) " fcode="load"/>
<opset="i_3/1 "/>
</bind>
</comp>

<comp id="77" class="1004" name="icmp_ln19_fu_77">
<pin_list>
<pin id="78" dir="0" index="0" bw="4" slack="0"/>
<pin id="79" dir="0" index="1" bw="4" slack="0"/>
<pin id="80" dir="1" index="2" bw="1" slack="2147483647"/>
</pin_list>
<bind>
<opcode="icmp(45) " fcode="icmp"/>
<opset="icmp_ln19/1 "/>
</bind>
</comp>

<comp id="83" class="1004" name="add_ln19_fu_83">
<pin_list>
<pin id="84" dir="0" index="0" bw="4" slack="0"/>
<pin id="85" dir="0" index="1" bw="1" slack="0"/>
<pin id="86" dir="1" index="2" bw="4" slack="0"/>
</pin_list>
<bind>
<opcode="add(8) " fcode="add"/>
<opset="add_ln19/1 "/>
</bind>
</comp>

<comp id="89" class="1004" name="i_cast_fu_89">
<pin_list>
<pin id="90" dir="0" index="0" bw="4" slack="0"/>
<pin id="91" dir="1" index="1" bw="64" slack="0"/>
</pin_list>
<bind>
<opcode="zext(34) " fcode="zext"/>
<opset="i_cast/1 "/>
</bind>
</comp>

<comp id="94" class="1004" name="store_ln19_store_fu_94">
<pin_list>
<pin id="95" dir="0" index="0" bw="4" slack="0"/>
<pin id="96" dir="0" index="1" bw="4" slack="0"/>
<pin id="97" dir="1" index="2" bw="0" slack="2147483647"/>
</pin_list>
<bind>
<opcode="store(28) " fcode="store"/>
<opset="store_ln19/1 "/>
</bind>
</comp>

<comp id="99" class="1004" name="sum_V_load_load_fu_99">
<pin_list>
<pin id="100" dir="0" index="0" bw="24" slack="1"/>
<pin id="101" dir="1" index="1" bw="24" slack="0"/>
</pin_list>
<bind>
<opcode="load(27) " fcode="load"/>
<opset="sum_V_load/2 "/>
</bind>
</comp>

<comp id="102" class="1004" name="shl_ln_fu_102">
<pin_list>
<pin id="103" dir="0" index="0" bw="20" slack="0"/>
<pin id="104" dir="0" index="1" bw="16" slack="0"/>
<pin id="105" dir="0" index="2" bw="1" slack="0"/>
<pin id="106" dir="1" index="3" bw="20" slack="0"/>
</pin_list>
<bind>
<opcode="bitconcatenate(1004) " fcode="bitconcatenate"/>
<opset="shl_ln/2 "/>
</bind>
</comp>

<comp id="110" class="1004" name="sext_ln813_fu_110">
<pin_list>
<pin id="111" dir="0" index="0" bw="20" slack="0"/>
<pin id="112" dir="1" index="1" bw="24" slack="0"/>
</pin_list>
<bind>
<opcode="sext(35) " fcode="sext"/>
<opset="sext_ln813/2 "/>
</bind>
</comp>

<comp id="114" class="1004" name="sum_V_1_fu_114">
<pin_list>
<pin id="115" dir="0" index="0" bw="20" slack="0"/>
<pin id="116" dir="0" index="1" bw="24" slack="0"/>
<pin id="117" dir="1" index="2" bw="24" slack="0"/>
</pin_list>
<bind>
<opcode="add(8) " fcode="add"/>
<opset="sum_V_1/2 "/>
</bind>
</comp>

<comp id="120" class="1004" name="store_ln19_store_fu_120">
<pin_list>
<pin id="121" dir="0" index="0" bw="24" slack="0"/>
<pin id="122" dir="0" index="1" bw="24" slack="1"/>
<pin id="123" dir="1" index="2" bw="0" slack="2147483647"/>
</pin_list>
<bind>
<opcode="store(28) " fcode="store"/>
<opset="store_ln19/2 "/>
</bind>
</comp>

<comp id="125" class="1004" name="sum_V_load_1_load_fu_125">
<pin_list>
<pin id="126" dir="0" index="0" bw="24" slack="0"/>
<pin id="127" dir="1" index="1" bw="24" slack="0"/>
</pin_list>
<bind>
<opcode="load(27) " fcode="load"/>
<opset="sum_V_load_1/1 "/>
</bind>
</comp>

<comp id="129" class="1005" name="sum_V_reg_129">
<pin_list>
<pin id="130" dir="0" index="0" bw="24" slack="0"/>
<pin id="131" dir="1" index="1" bw="24" slack="0"/>
</pin_list>
<bind>
<opset="sum_V "/>
</bind>
</comp>

<comp id="137" class="1005" name="i_reg_137">
<pin_list>
<pin id="138" dir="0" index="0" bw="4" slack="0"/>
<pin id="139" dir="1" index="1" bw="4" slack="0"/>
</pin_list>
<bind>
<opset="i "/>
</bind>
</comp>

<comp id="147" class="1005" name="x_addr_reg_147">
<pin_list>
<pin id="148" dir="0" index="0" bw="4" slack="1"/>
<pin id="149" dir="1" index="1" bw="4" slack="1"/>
</pin_list>
<bind>
<opset="x_addr "/>
</bind>
</comp>

</comp_list>

<net_list>
<net id="39"><net_src comp="4" pin="0"/><net_sink comp="36" pin=0"/></net>

<net id="43"><net_src comp="4" pin="0"/><net_sink comp="40" pin=0"/></net>

<net id="49"><net_src comp="34" pin="0"/><net_sink comp="44" pin=0"/></net>

<net id="50"><net_src comp="2" pin="0"/><net_sink comp="44" pin=1"/></net>

<net id="56"><net_src comp="0" pin="0"/><net_sink comp="51" pin=0"/></net>

<net id="57"><net_src comp="26" pin="0"/><net_sink comp="51" pin=1"/></net>

<net id="63"><net_src comp="51" pin="3"/><net_sink comp="58" pin=0"/></net>

<net id="68"><net_src comp="6" pin="0"/><net_sink comp="64" pin=0"/></net>

<net id="73"><net_src comp="8" pin="0"/><net_sink comp="69" pin=0"/></net>

<net id="81"><net_src comp="74" pin="1"/><net_sink comp="77" pin=0"/></net>

<net id="82"><net_src comp="18" pin="0"/><net_sink comp="77" pin=1"/></net>

<net id="87"><net_src comp="74" pin="1"/><net_sink comp="83" pin=0"/></net>

<net id="88"><net_src comp="24" pin="0"/><net_sink comp="83" pin=1"/></net>

<net id="92"><net_src comp="74" pin="1"/><net_sink comp="89" pin=0"/></net>

<net id="93"><net_src comp="89" pin="1"/><net_sink comp="51" pin=2"/></net>

<net id="98"><net_src comp="83" pin="2"/><net_sink comp="94" pin=0"/></net>

<net id="107"><net_src comp="32" pin="0"/><net_sink comp="102" pin=0"/></net>

<net id="108"><net_src comp="58" pin="3"/><net_sink comp="102" pin=1"/></net>

<net id="109"><net_src comp="6" pin="0"/><net_sink comp="102" pin=2"/></net>

<net id="113"><net_src comp="102" pin="3"/><net_sink comp="110" pin=0"/></net>

<net id="118"><net_src comp="110" pin="1"/><net_sink comp="114" pin=0"/></net>

<net id="119"><net_src comp="99" pin="1"/><net_sink comp="114" pin=1"/></net>

<net id="124"><net_src comp="114" pin="2"/><net_sink comp="120" pin=0"/></net>

<net id="128"><net_src comp="125" pin="1"/><net_sink comp="44" pin=2"/></net>

<net id="132"><net_src comp="36" pin="1"/><net_sink comp="129" pin=0"/></net>

<net id="133"><net_src comp="129" pin="1"/><net_sink comp="69" pin=1"/></net>

<net id="134"><net_src comp="129" pin="1"/><net_sink comp="99" pin=0"/></net>

<net id="135"><net_src comp="129" pin="1"/><net_sink comp="120" pin=1"/></net>

<net id="136"><net_src comp="129" pin="1"/><net_sink comp="125" pin=0"/></net>

<net id="140"><net_src comp="40" pin="1"/><net_sink comp="137" pin=0"/></net>

<net id="141"><net_src comp="137" pin="1"/><net_sink comp="64" pin=1"/></net>

<net id="142"><net_src comp="137" pin="1"/><net_sink comp="74" pin=0"/></net>

<net id="143"><net_src comp="137" pin="1"/><net_sink comp="94" pin=1"/></net>

<net id="150"><net_src comp="51" pin="3"/><net_sink comp="147" pin=0"/></net>

<net id="151"><net_src comp="147" pin="1"/><net_sink comp="58" pin=0"/></net>

</net_list>

</model> 
---------------- Datapath Model END ------------------

* FSMD analyzer results:
  - Output states:
	Port: x | {}
	Port: sum_V_out | {1 }
 - Input state : 
	Port: layer_norm_small_a_Pipeline_VITIS_LOOP_19_1 : x | {1 2 }
  - Chain level:
	State 1
		store_ln0 : 1
		store_ln0 : 1
		i_3 : 1
		icmp_ln19 : 2
		add_ln19 : 2
		br_ln19 : 3
		i_cast : 2
		x_addr : 3
		x_load : 4
		store_ln19 : 3
		sum_V_load_1 : 1
		write_ln0 : 2
	State 2
		shl_ln : 1
		sext_ln813 : 2
		sum_V_1 : 3
		store_ln19 : 4


============================================================
+ Verbose Summary: Datapath Resource usage 
============================================================

* Functional unit list:
|----------|-----------------------|---------|---------|
| Operation|    Functional Unit    |    FF   |   LUT   |
|----------|-----------------------|---------|---------|
|    add   |     add_ln19_fu_83    |    0    |    13   |
|          |     sum_V_1_fu_114    |    0    |    31   |
|----------|-----------------------|---------|---------|
|   icmp   |    icmp_ln19_fu_77    |    0    |    9    |
|----------|-----------------------|---------|---------|
|   write  | write_ln0_write_fu_44 |    0    |    0    |
|----------|-----------------------|---------|---------|
|   zext   |      i_cast_fu_89     |    0    |    0    |
|----------|-----------------------|---------|---------|
|bitconcatenate|     shl_ln_fu_102     |    0    |    0    |
|----------|-----------------------|---------|---------|
|   sext   |   sext_ln813_fu_110   |    0    |    0    |
|----------|-----------------------|---------|---------|
|   Total  |                       |    0    |    53   |
|----------|-----------------------|---------|---------|

Memories:
N/A

* Register list:
+--------------+--------+
|              |   FF   |
+--------------+--------+
|   i_reg_137  |    4   |
| sum_V_reg_129|   24   |
|x_addr_reg_147|    4   |
+--------------+--------+
|     Total    |   32   |
+--------------+--------+

* Multiplexer (MUX) list: 
|------------------|------|------|------|--------||---------||---------|
|       Comp       |  Pin | Size |  BW  | S x BW ||  Delay  ||   LUT   |
|------------------|------|------|------|--------||---------||---------|
| grp_access_fu_58 |  p0  |   2  |   4  |    8   ||    9    |
|------------------|------|------|------|--------||---------||---------|
|       Total      |      |      |      |    8   ||  1.588  ||    9    |
|------------------|------|------|------|--------||---------||---------|



* Summary:
+-----------+--------+--------+--------+
|           |  Delay |   FF   |   LUT  |
+-----------+--------+--------+--------+
|  Function |    -   |    0   |   53   |
|   Memory  |    -   |    -   |    -   |
|Multiplexer|    1   |    -   |    9   |
|  Register |    -   |   32   |    -   |
+-----------+--------+--------+--------+
|   Total   |    1   |   32   |   62   |
+-----------+--------+--------+--------+
