

================================================================
== Vitis HLS Report for 'linear_attention_small_a_Pipeline_VITIS_LOOP_88_10'
================================================================
* Date:           Wed Jul  1 21:19:10 2026

* Version:        2022.2 (Build 3670227 on Oct 13 2022)
* Project:        imgds_linear_small_a_axi
* Solution:       solution1 (Vivado IP Flow Target)
* Product family: zynq
* Target device:  xc7z020-clg400-1


================================================================
== Performance Estimates
================================================================
+ Timing: 
    * Summary: 
    +--------+----------+----------+------------+
    |  Clock |  Target  | Estimated| Uncertainty|
    +--------+----------+----------+------------+
    |ap_clk  |  10.00 ns|  5.169 ns|     2.70 ns|
    +--------+----------+----------+------------+

+ Latency: 
    * Summary: 
    +---------+---------+----------+----------+-----+-----+---------+
    |  Latency (cycles) |  Latency (absolute) |  Interval | Pipeline|
    |   min   |   max   |    min   |    max   | min | max |   Type  |
    +---------+---------+----------+----------+-----+-----+---------+
    |       17|       17|  0.170 us|  0.170 us|   17|   17|       no|
    +---------+---------+----------+----------+-----+-----+---------+

    + Detail: 
        * Instance: 
        N/A

        * Loop: 
        +--------------------+---------+---------+----------+-----------+-----------+------+----------+
        |                    |  Latency (cycles) | Iteration|  Initiation Interval  | Trip |          |
        |      Loop Name     |   min   |   max   |  Latency |  achieved |   target  | Count| Pipelined|
        +--------------------+---------+---------+----------+-----------+-----------+------+----------+
        |- VITIS_LOOP_88_10  |       15|       15|         5|          1|          1|    12|       yes|
        +--------------------+---------+---------+----------+-----------+-----------+------+----------+



================================================================
== Utilization Estimates
================================================================
* Summary: 
+-----------------+---------+-----+--------+-------+-----+
|       Name      | BRAM_18K| DSP |   FF   |  LUT  | URAM|
+-----------------+---------+-----+--------+-------+-----+
|DSP              |        -|    1|       -|      -|    -|
|Expression       |        -|    -|       0|     39|    -|
|FIFO             |        -|    -|       -|      -|    -|
|Instance         |        -|    -|       -|      -|    -|
|Memory           |        -|    -|       -|      -|    -|
|Multiplexer      |        -|    -|       -|     54|    -|
|Register         |        -|    -|     102|     32|    -|
+-----------------+---------+-----+--------+-------+-----+
|Total            |        0|    1|     102|    125|    0|
+-----------------+---------+-----+--------+-------+-----+
|Available        |      280|  220|  106400|  53200|    0|
+-----------------+---------+-----+--------+-------+-----+
|Utilization (%)  |        0|   ~0|      ~0|     ~0|    0|
+-----------------+---------+-----+--------+-------+-----+

+ Detail: 
    * Instance: 
    N/A

    * DSP: 
    +------------------------------------+--------------------------------+--------------+
    |              Instance              |             Module             |  Expression  |
    +------------------------------------+--------------------------------+--------------+
    |mac_muladd_16s_16s_30ns_30_4_1_U33  |mac_muladd_16s_16s_30ns_30_4_1  |  i0 + i1 * i2|
    +------------------------------------+--------------------------------+--------------+

    * Memory: 
    N/A

    * FIFO: 
    N/A

    * Expression: 
    +----------------------+----------+----+---+----+------------+------------+
    |     Variable Name    | Operation| DSP| FF| LUT| Bitwidth P0| Bitwidth P1|
    +----------------------+----------+----+---+----+------------+------------+
    |add_ln1271_fu_129_p2  |         +|   0|  0|  15|           8|           8|
    |add_ln88_fu_114_p2    |         +|   0|  0|  13|           4|           1|
    |icmp_ln88_fu_108_p2   |      icmp|   0|  0|   9|           4|           4|
    |ap_enable_pp0         |       xor|   0|  0|   2|           1|           2|
    +----------------------+----------+----+---+----+------------+------------+
    |Total                 |          |   0|  0|  39|          17|          15|
    +----------------------+----------+----+---+----+------------+------------+

    * Multiplexer: 
    +-----------------------------+----+-----------+-----+-----------+
    |             Name            | LUT| Input Size| Bits| Total Bits|
    +-----------------------------+----+-----------+-----+-----------+
    |ap_done_int                  |   9|          2|    1|          2|
    |ap_enable_reg_pp0_iter1      |   9|          2|    1|          2|
    |ap_sig_allocacmp_d_1         |   9|          2|    4|          8|
    |ap_sig_allocacmp_lhs_load_1  |   9|          2|   24|         48|
    |d_fu_52                      |   9|          2|    4|          8|
    |lhs_fu_48                    |   9|          2|   24|         48|
    +-----------------------------+----+-----------+-----+-----------+
    |Total                        |  54|         12|   58|        116|
    +-----------------------------+----+-----------+-----+-----------+

    * Register: 
    +----------------------------------+----+----+-----+-----------+
    |               Name               | FF | LUT| Bits| Const Bits|
    +----------------------------------+----+----+-----+-----------+
    |ap_CS_fsm                         |   1|   0|    1|          0|
    |ap_done_reg                       |   1|   0|    1|          0|
    |ap_enable_reg_pp0_iter1           |   1|   0|    1|          0|
    |ap_enable_reg_pp0_iter2           |   1|   0|    1|          0|
    |ap_enable_reg_pp0_iter3           |   1|   0|    1|          0|
    |ap_enable_reg_pp0_iter4           |   1|   0|    1|          0|
    |ap_loop_exit_ready_pp0_iter1_reg  |   1|   0|    1|          0|
    |ap_loop_exit_ready_pp0_iter2_reg  |   1|   0|    1|          0|
    |ap_loop_exit_ready_pp0_iter3_reg  |   1|   0|    1|          0|
    |d_fu_52                           |   4|   0|    4|          0|
    |icmp_ln88_reg_206                 |   1|   0|    1|          0|
    |lhs_fu_48                         |  24|   0|   24|          0|
    |icmp_ln88_reg_206                 |  64|  32|    1|          0|
    +----------------------------------+----+----+-----+-----------+
    |Total                             | 102|  32|   39|          0|
    +----------------------------------+----+----+-----+-----------+



================================================================
== Interface
================================================================
* Summary: 
+-----------------------------+-----+-----+------------+----------------------------------------------------+--------------+
|          RTL Ports          | Dir | Bits|  Protocol  |                    Source Object                   |    C Type    |
+-----------------------------+-----+-----+------------+----------------------------------------------------+--------------+
|ap_clk                       |   in|    1|  ap_ctrl_hs|  linear_attention_small_a_Pipeline_VITIS_LOOP_88_10|  return value|
|ap_rst                       |   in|    1|  ap_ctrl_hs|  linear_attention_small_a_Pipeline_VITIS_LOOP_88_10|  return value|
|ap_start                     |   in|    1|  ap_ctrl_hs|  linear_attention_small_a_Pipeline_VITIS_LOOP_88_10|  return value|
|ap_done                      |  out|    1|  ap_ctrl_hs|  linear_attention_small_a_Pipeline_VITIS_LOOP_88_10|  return value|
|ap_idle                      |  out|    1|  ap_ctrl_hs|  linear_attention_small_a_Pipeline_VITIS_LOOP_88_10|  return value|
|ap_ready                     |  out|    1|  ap_ctrl_hs|  linear_attention_small_a_Pipeline_VITIS_LOOP_88_10|  return value|
|sub_ln813                    |   in|    8|     ap_none|                                           sub_ln813|        scalar|
|Q_V_address0                 |  out|    8|   ap_memory|                                                 Q_V|         array|
|Q_V_ce0                      |  out|    1|   ap_memory|                                                 Q_V|         array|
|Q_V_q0                       |   in|   16|   ap_memory|                                                 Q_V|         array|
|K_sum_V_address0             |  out|    4|   ap_memory|                                             K_sum_V|         array|
|K_sum_V_ce0                  |  out|    1|   ap_memory|                                             K_sum_V|         array|
|K_sum_V_q0                   |   in|   16|   ap_memory|                                             K_sum_V|         array|
|p_normalizer_V_2_out         |  out|   24|      ap_vld|                                p_normalizer_V_2_out|       pointer|
|p_normalizer_V_2_out_ap_vld  |  out|    1|      ap_vld|                                p_normalizer_V_2_out|       pointer|
+-----------------------------+-----+-----+------------+----------------------------------------------------+--------------+

============================================================
+ Verbose Summary: Synthesis Manager
============================================================
InlineROM: 1
ExposeGlobal: 0
============================================================
+ Verbose Summary: CDFG Model
============================================================
IsTopModel: 0
ResetActiveHigh: 1
IsCombinational: 2
IsDatapathOnly: 2
HasWiredReturn: 1
HasMFsm: 2
HasVarLatency: 1
IsPipeline: 0
IsRtlPipelined: 0
IsInstanceOverlapped: 0
IsDontTouch: 0
HasImplIP: 0
IsGatedGlobalClock: 0

+ Individual pipeline summary: 
  * Pipeline-0: initiation interval (II) = 1, depth = 5


============================================================
+ Verbose Summary: Schedule
============================================================
* Number of FSM states : 5
* Pipeline : 1
  Pipeline-0 : II = 1, D = 5, States = { 1 2 3 4 5 }
* Dataflow Pipeline: 0

* FSM state transitions: 
1 --> 2 
2 --> 3 
3 --> 4 
4 --> 5 
5 --> 

* FSM state operations: 

State 1 <SV = 0> <Delay = 5.16>
ST_1 : Operation 8 [1/1] (0.00ns)   --->   "%lhs = alloca i32 1"   --->   Operation 8 'alloca' 'lhs' <Predicate = true> <Delay = 0.00>
ST_1 : Operation 9 [1/1] (0.00ns)   --->   "%d = alloca i32 1"   --->   Operation 9 'alloca' 'd' <Predicate = true> <Delay = 0.00>
ST_1 : Operation 10 [1/1] (0.00ns)   --->   "%sub_ln813_read = read i8 @_ssdm_op_Read.ap_auto.i8, i8 %sub_ln813"   --->   Operation 10 'read' 'sub_ln813_read' <Predicate = true> <Delay = 0.00>
ST_1 : Operation 11 [1/1] (1.58ns)   --->   "%store_ln0 = store i4 0, i4 %d"   --->   Operation 11 'store' 'store_ln0' <Predicate = true> <Delay = 1.58>
ST_1 : Operation 12 [1/1] (1.58ns)   --->   "%store_ln0 = store i24 0, i24 %lhs"   --->   Operation 12 'store' 'store_ln0' <Predicate = true> <Delay = 1.58>
ST_1 : Operation 13 [1/1] (0.00ns)   --->   "%br_ln0 = br void %for.body172"   --->   Operation 13 'br' 'br_ln0' <Predicate = true> <Delay = 0.00>
ST_1 : Operation 14 [1/1] (0.00ns)   --->   "%d_1 = load i4 %d" [src/imgds_linear_small_a.cpp:88]   --->   Operation 14 'load' 'd_1' <Predicate = true> <Delay = 0.00>
ST_1 : Operation 15 [1/1] (1.30ns)   --->   "%icmp_ln88 = icmp_eq  i4 %d_1, i4 12" [src/imgds_linear_small_a.cpp:88]   --->   Operation 15 'icmp' 'icmp_ln88' <Predicate = true> <Delay = 1.30> <CoreInst = "Cmp">   --->   Core 9 'Cmp' <Latency = 0> <II = 1> <Delay = 1.30> <FuncUnit> <Opcode : 'icmp'> <InPorts = 2> <OutPorts = 1>
ST_1 : Operation 16 [1/1] (0.00ns)   --->   "%empty = speclooptripcount i32 @_ssdm_op_SpecLoopTripCount, i64 12, i64 12, i64 12"   --->   Operation 16 'speclooptripcount' 'empty' <Predicate = true> <Delay = 0.00>
ST_1 : Operation 17 [1/1] (1.73ns)   --->   "%add_ln88 = add i4 %d_1, i4 1" [src/imgds_linear_small_a.cpp:88]   --->   Operation 17 'add' 'add_ln88' <Predicate = true> <Delay = 1.73> <CoreInst = "Adder">   --->   Core 1 'Adder' <Latency = 0> <II = 1> <Delay = 1.73> <FuncUnit> <Opcode : 'add' 'sub'> <InPorts = 2> <OutPorts = 1>
ST_1 : Operation 18 [1/1] (0.00ns)   --->   "%br_ln88 = br i1 %icmp_ln88, void %for.body172.split, void %for.end183_ifconv.exitStub" [src/imgds_linear_small_a.cpp:88]   --->   Operation 18 'br' 'br_ln88' <Predicate = true> <Delay = 0.00>
ST_1 : Operation 19 [1/1] (0.00ns)   --->   "%zext_ln88 = zext i4 %d_1" [src/imgds_linear_small_a.cpp:88]   --->   Operation 19 'zext' 'zext_ln88' <Predicate = (!icmp_ln88)> <Delay = 0.00>
ST_1 : Operation 20 [1/1] (0.00ns)   --->   "%zext_ln1271 = zext i4 %d_1"   --->   Operation 20 'zext' 'zext_ln1271' <Predicate = (!icmp_ln88)> <Delay = 0.00>
ST_1 : Operation 21 [1/1] (1.91ns)   --->   "%add_ln1271 = add i8 %sub_ln813_read, i8 %zext_ln1271"   --->   Operation 21 'add' 'add_ln1271' <Predicate = (!icmp_ln88)> <Delay = 1.91> <CoreInst = "Adder">   --->   Core 1 'Adder' <Latency = 0> <II = 1> <Delay = 1.91> <FuncUnit> <Opcode : 'add' 'sub'> <InPorts = 2> <OutPorts = 1>
ST_1 : Operation 22 [1/1] (0.00ns)   --->   "%zext_ln1271_2 = zext i8 %add_ln1271"   --->   Operation 22 'zext' 'zext_ln1271_2' <Predicate = (!icmp_ln88)> <Delay = 0.00>
ST_1 : Operation 23 [1/1] (0.00ns)   --->   "%Q_V_addr = getelementptr i16 %Q_V, i64 0, i64 %zext_ln1271_2"   --->   Operation 23 'getelementptr' 'Q_V_addr' <Predicate = (!icmp_ln88)> <Delay = 0.00>
ST_1 : Operation 24 [2/2] (3.25ns)   --->   "%r_V = load i8 %Q_V_addr"   --->   Operation 24 'load' 'r_V' <Predicate = (!icmp_ln88)> <Delay = 3.25> <CoreInst = "RAM">   --->   Core 82 'RAM' <Latency = 1> <II = 1> <Delay = 3.25> <Storage> <Opcode : 'load' 'store'> <Ports = 2> <Width = 16> <Depth = 192> <RAM>
ST_1 : Operation 25 [1/1] (0.00ns)   --->   "%K_sum_V_addr = getelementptr i16 %K_sum_V, i64 0, i64 %zext_ln88"   --->   Operation 25 'getelementptr' 'K_sum_V_addr' <Predicate = (!icmp_ln88)> <Delay = 0.00>
ST_1 : Operation 26 [2/2] (2.32ns)   --->   "%K_sum_V_load = load i4 %K_sum_V_addr"   --->   Operation 26 'load' 'K_sum_V_load' <Predicate = (!icmp_ln88)> <Delay = 2.32> <CoreInst = "RAM">   --->   Core 82 'RAM' <Latency = 1> <II = 1> <Delay = 2.32> <Storage> <Opcode : 'load' 'store'> <Ports = 2> <Width = 16> <Depth = 12> <RAM>
ST_1 : Operation 27 [1/1] (1.58ns)   --->   "%store_ln88 = store i4 %add_ln88, i4 %d" [src/imgds_linear_small_a.cpp:88]   --->   Operation 27 'store' 'store_ln88' <Predicate = (!icmp_ln88)> <Delay = 1.58>

State 2 <SV = 1> <Delay = 4.30>
ST_2 : Operation 28 [1/2] (3.25ns)   --->   "%r_V = load i8 %Q_V_addr"   --->   Operation 28 'load' 'r_V' <Predicate = true> <Delay = 3.25> <CoreInst = "RAM">   --->   Core 82 'RAM' <Latency = 1> <II = 1> <Delay = 3.25> <Storage> <Opcode : 'load' 'store'> <Ports = 2> <Width = 16> <Depth = 192> <RAM>
ST_2 : Operation 29 [1/1] (0.00ns)   --->   "%sext_ln1347 = sext i16 %r_V"   --->   Operation 29 'sext' 'sext_ln1347' <Predicate = true> <Delay = 0.00>
ST_2 : Operation 30 [1/2] (2.32ns)   --->   "%K_sum_V_load = load i4 %K_sum_V_addr"   --->   Operation 30 'load' 'K_sum_V_load' <Predicate = true> <Delay = 2.32> <CoreInst = "RAM">   --->   Core 82 'RAM' <Latency = 1> <II = 1> <Delay = 2.32> <Storage> <Opcode : 'load' 'store'> <Ports = 2> <Width = 16> <Depth = 12> <RAM>
ST_2 : Operation 31 [1/1] (0.00ns)   --->   "%sext_ln1347_2 = sext i16 %K_sum_V_load"   --->   Operation 31 'sext' 'sext_ln1347_2' <Predicate = true> <Delay = 0.00>
ST_2 : Operation 32 [3/3] (1.05ns) (grouped into DSP with root node ret_V)   --->   "%mul_ln1347 = mul i30 %sext_ln1347_2, i30 %sext_ln1347"   --->   Operation 32 'mul' 'mul_ln1347' <Predicate = true> <Delay = 1.05> <CoreInst = "DSP48">   --->   Core 119 'DSP48' <Latency = 3> <II = 1> <Delay = 2.15> <IPBlock> <Opcode : 'mul' 'add' 'sub' 'select'> <InPorts = 0> <OutPorts = 1> <Sync> <CReg>

State 3 <SV = 2> <Delay = 1.05>
ST_3 : Operation 33 [2/3] (1.05ns) (grouped into DSP with root node ret_V)   --->   "%mul_ln1347 = mul i30 %sext_ln1347_2, i30 %sext_ln1347"   --->   Operation 33 'mul' 'mul_ln1347' <Predicate = true> <Delay = 1.05> <CoreInst = "DSP48">   --->   Core 119 'DSP48' <Latency = 3> <II = 1> <Delay = 2.15> <IPBlock> <Opcode : 'mul' 'add' 'sub' 'select'> <InPorts = 0> <OutPorts = 1> <Sync> <CReg>

State 4 <SV = 3> <Delay = 2.10>
ST_4 : Operation 34 [1/1] (0.00ns)   --->   "%lhs_load_1 = load i24 %lhs"   --->   Operation 34 'load' 'lhs_load_1' <Predicate = true> <Delay = 0.00>
ST_4 : Operation 35 [1/3] (0.00ns) (grouped into DSP with root node ret_V)   --->   "%mul_ln1347 = mul i30 %sext_ln1347_2, i30 %sext_ln1347"   --->   Operation 35 'mul' 'mul_ln1347' <Predicate = true> <Delay = 0.00> <CoreInst = "DSP48">   --->   Core 119 'DSP48' <Latency = 3> <II = 1> <Delay = 2.15> <IPBlock> <Opcode : 'mul' 'add' 'sub' 'select'> <InPorts = 0> <OutPorts = 1> <Sync> <CReg>
ST_4 : Operation 36 [1/1] (0.00ns)   --->   "%lhs_1 = bitconcatenate i30 @_ssdm_op_BitConcatenate.i30.i24.i6, i24 %lhs_load_1, i6 0"   --->   Operation 36 'bitconcatenate' 'lhs_1' <Predicate = true> <Delay = 0.00>
ST_4 : Operation 37 [2/2] (2.10ns) (root node of the DSP)   --->   "%ret_V = add i30 %lhs_1, i30 %mul_ln1347"   --->   Operation 37 'add' 'ret_V' <Predicate = true> <Delay = 2.10> <CoreInst = "DSP48">   --->   Core 119 'DSP48' <Latency = 3> <II = 1> <Delay = 2.15> <IPBlock> <Opcode : 'mul' 'add' 'sub' 'select'> <InPorts = 0> <OutPorts = 1> <Sync> <CReg>
ST_4 : Operation 44 [1/1] (0.00ns)   --->   "%lhs_load = load i24 %lhs"   --->   Operation 44 'load' 'lhs_load' <Predicate = (icmp_ln88)> <Delay = 0.00>
ST_4 : Operation 45 [1/1] (0.00ns)   --->   "%write_ln0 = write void @_ssdm_op_Write.ap_auto.i24P0A, i24 %p_normalizer_V_2_out, i24 %lhs_load"   --->   Operation 45 'write' 'write_ln0' <Predicate = (icmp_ln88)> <Delay = 0.00>
ST_4 : Operation 46 [1/1] (0.00ns)   --->   "%ret_ln0 = ret"   --->   Operation 46 'ret' 'ret_ln0' <Predicate = (icmp_ln88)> <Delay = 0.00>

State 5 <SV = 4> <Delay = 3.68>
ST_5 : Operation 38 [1/1] (0.00ns)   --->   "%specpipeline_ln89 = specpipeline void @_ssdm_op_SpecPipeline, i32 1, i32 0, i32 0, i32 0, void @empty_1" [src/imgds_linear_small_a.cpp:89]   --->   Operation 38 'specpipeline' 'specpipeline_ln89' <Predicate = true> <Delay = 0.00>
ST_5 : Operation 39 [1/1] (0.00ns)   --->   "%specloopname_ln87 = specloopname void @_ssdm_op_SpecLoopName, void @empty_8" [src/imgds_linear_small_a.cpp:87]   --->   Operation 39 'specloopname' 'specloopname_ln87' <Predicate = true> <Delay = 0.00>
ST_5 : Operation 40 [1/2] (2.10ns) (root node of the DSP)   --->   "%ret_V = add i30 %lhs_1, i30 %mul_ln1347"   --->   Operation 40 'add' 'ret_V' <Predicate = true> <Delay = 2.10> <CoreInst = "DSP48">   --->   Core 119 'DSP48' <Latency = 3> <II = 1> <Delay = 2.15> <IPBlock> <Opcode : 'mul' 'add' 'sub' 'select'> <InPorts = 0> <OutPorts = 1> <Sync> <CReg>
ST_5 : Operation 41 [1/1] (0.00ns)   --->   "%p_normalizer_V = partselect i24 @_ssdm_op_PartSelect.i24.i30.i32.i32, i30 %ret_V, i32 6, i32 29"   --->   Operation 41 'partselect' 'p_normalizer_V' <Predicate = true> <Delay = 0.00>
ST_5 : Operation 42 [1/1] (1.58ns)   --->   "%store_ln88 = store i24 %p_normalizer_V, i24 %lhs" [src/imgds_linear_small_a.cpp:88]   --->   Operation 42 'store' 'store_ln88' <Predicate = true> <Delay = 1.58>
ST_5 : Operation 43 [1/1] (0.00ns)   --->   "%br_ln88 = br void %for.body172" [src/imgds_linear_small_a.cpp:88]   --->   Operation 43 'br' 'br_ln88' <Predicate = true> <Delay = 0.00>


============================================================
+ Verbose Summary: Binding
============================================================
STG Binding: 
---------------- STG Properties BEGIN ----------------
- Is combinational: 0
- Is one-state seq: 0
- Is datapath-only: 0
- Is pipelined: 0
- Is top level: 0
Port [ Return ] is wired: 1; IO mode=ap_ctrl_hs:ce=0
Port [ sub_ln813]:  wired=1; compound=0; hidden=0; nouse=0; global=0; static=0; extern=0; dir=0; type=0; pingpong=0; private_global=0; IO mode=ap_none:ce=0
Port [ Q_V]:  wired=1; compound=1; hidden=0; nouse=0; global=0; static=0; extern=0; dir=0; type=1; pingpong=0; private_global=0; MemPort=[13]; IO mode=ap_memory:ce=0
Port [ K_sum_V]:  wired=1; compound=1; hidden=0; nouse=0; global=0; static=0; extern=0; dir=0; type=1; pingpong=0; private_global=0; MemPort=[13]; IO mode=ap_memory:ce=0
Port [ p_normalizer_V_2_out]:  wired=1; compound=0; hidden=0; nouse=0; global=0; static=0; extern=0; dir=1; type=0; pingpong=0; private_global=0; IO mode=ap_vld:ce=0
---------------- STG Properties END ------------------

---------------- Datapath Model BEGIN ----------------

<LifeTime>
<method=bitvector/>
lhs               (alloca           ) [ 011111]
d                 (alloca           ) [ 010000]
sub_ln813_read    (read             ) [ 000000]
store_ln0         (store            ) [ 000000]
store_ln0         (store            ) [ 000000]
br_ln0            (br               ) [ 000000]
d_1               (load             ) [ 000000]
icmp_ln88         (icmp             ) [ 011110]
empty             (speclooptripcount) [ 000000]
add_ln88          (add              ) [ 000000]
br_ln88           (br               ) [ 000000]
zext_ln88         (zext             ) [ 000000]
zext_ln1271       (zext             ) [ 000000]
add_ln1271        (add              ) [ 000000]
zext_ln1271_2     (zext             ) [ 000000]
Q_V_addr          (getelementptr    ) [ 011000]
K_sum_V_addr      (getelementptr    ) [ 011000]
store_ln88        (store            ) [ 000000]
r_V               (load             ) [ 000000]
sext_ln1347       (sext             ) [ 010110]
K_sum_V_load      (load             ) [ 000000]
sext_ln1347_2     (sext             ) [ 010110]
lhs_load_1        (load             ) [ 000000]
mul_ln1347        (mul              ) [ 010001]
lhs_1             (bitconcatenate   ) [ 010001]
specpipeline_ln89 (specpipeline     ) [ 000000]
specloopname_ln87 (specloopname     ) [ 000000]
ret_V             (add              ) [ 000000]
p_normalizer_V    (partselect       ) [ 000000]
store_ln88        (store            ) [ 000000]
br_ln88           (br               ) [ 000000]
lhs_load          (load             ) [ 000000]
write_ln0         (write            ) [ 000000]
ret_ln0           (ret              ) [ 000000]
</LifeTime>

<model>

<comp_list>
<comp id="0" class="1000" name="sub_ln813">
<pin_list>
<pin id="1" dir="1" index="0" bw="1" slack="0"/>
</pin_list>
<bind>
<StgValue><ssdm name="sub_ln813"/></StgValue>
</bind>
</comp>

<comp id="2" class="1000" name="Q_V">
<pin_list>
<pin id="3" dir="1" index="0" bw="1" slack="0"/>
</pin_list>
<bind>
<StgValue><ssdm name="Q_V"/><MemPortTyVec>1 3 </MemPortTyVec>
</StgValue>
</bind>
</comp>

<comp id="4" class="1000" name="K_sum_V">
<pin_list>
<pin id="5" dir="1" index="0" bw="1" slack="0"/>
</pin_list>
<bind>
<StgValue><ssdm name="K_sum_V"/><MemPortTyVec>1 3 </MemPortTyVec>
</StgValue>
</bind>
</comp>

<comp id="6" class="1000" name="p_normalizer_V_2_out">
<pin_list>
<pin id="7" dir="1" index="0" bw="1" slack="0"/>
</pin_list>
<bind>
<StgValue><ssdm name="p_normalizer_V_2_out"/></StgValue>
</bind>
</comp>

<comp id="8" class="1001" name="const_8">
<pin_list>
<pin id="9" dir="1" index="0" bw="1" slack="0"/>
</pin_list>
<bind>
<StgValue><ssdm name=""/></StgValue>
</bind>
</comp>

<comp id="10" class="1001" name="const_10">
<pin_list>
<pin id="11" dir="1" index="0" bw="1" slack="0"/>
</pin_list>
<bind>
<StgValue><ssdm name="_ssdm_op_Read.ap_auto.i8"/></StgValue>
</bind>
</comp>

<comp id="12" class="1001" name="const_12">
<pin_list>
<pin id="13" dir="1" index="0" bw="1" slack="0"/>
</pin_list>
<bind>
<StgValue><ssdm name=""/></StgValue>
</bind>
</comp>

<comp id="14" class="1001" name="const_14">
<pin_list>
<pin id="15" dir="1" index="0" bw="1" slack="0"/>
</pin_list>
<bind>
<StgValue><ssdm name=""/></StgValue>
</bind>
</comp>

<comp id="16" class="1001" name="const_16">
<pin_list>
<pin id="17" dir="1" index="0" bw="1" slack="0"/>
</pin_list>
<bind>
<StgValue><ssdm name=""/></StgValue>
</bind>
</comp>

<comp id="18" class="1001" name="const_18">
<pin_list>
<pin id="19" dir="1" index="0" bw="1" slack="2147483647"/>
</pin_list>
<bind>
<StgValue><ssdm name="_ssdm_op_SpecLoopTripCount"/></StgValue>
</bind>
</comp>

<comp id="20" class="1001" name="const_20">
<pin_list>
<pin id="21" dir="1" index="0" bw="1" slack="2147483647"/>
</pin_list>
<bind>
<StgValue><ssdm name=""/></StgValue>
</bind>
</comp>

<comp id="22" class="1001" name="const_22">
<pin_list>
<pin id="23" dir="1" index="0" bw="1" slack="0"/>
</pin_list>
<bind>
<StgValue><ssdm name=""/></StgValue>
</bind>
</comp>

<comp id="24" class="1001" name="const_24">
<pin_list>
<pin id="25" dir="1" index="0" bw="1" slack="0"/>
</pin_list>
<bind>
<StgValue><ssdm name=""/></StgValue>
</bind>
</comp>

<comp id="26" class="1001" name="const_26">
<pin_list>
<pin id="27" dir="1" index="0" bw="1" slack="0"/>
</pin_list>
<bind>
<StgValue><ssdm name="_ssdm_op_BitConcatenate.i30.i24.i6"/></StgValue>
</bind>
</comp>

<comp id="28" class="1001" name="const_28">
<pin_list>
<pin id="29" dir="1" index="0" bw="1" slack="0"/>
</pin_list>
<bind>
<StgValue><ssdm name=""/></StgValue>
</bind>
</comp>

<comp id="30" class="1001" name="const_30">
<pin_list>
<pin id="31" dir="1" index="0" bw="1" slack="2147483647"/>
</pin_list>
<bind>
<StgValue><ssdm name="_ssdm_op_SpecPipeline"/></StgValue>
</bind>
</comp>

<comp id="32" class="1001" name="const_32">
<pin_list>
<pin id="33" dir="1" index="0" bw="1" slack="2147483647"/>
</pin_list>
<bind>
<StgValue><ssdm name=""/></StgValue>
</bind>
</comp>

<comp id="34" class="1001" name="const_34">
<pin_list>
<pin id="35" dir="1" index="0" bw="1" slack="2147483647"/>
</pin_list>
<bind>
<StgValue><ssdm name="empty_1"/></StgValue>
</bind>
</comp>

<comp id="36" class="1001" name="const_36">
<pin_list>
<pin id="37" dir="1" index="0" bw="1" slack="2147483647"/>
</pin_list>
<bind>
<StgValue><ssdm name="_ssdm_op_SpecLoopName"/></StgValue>
</bind>
</comp>

<comp id="38" class="1001" name="const_38">
<pin_list>
<pin id="39" dir="1" index="0" bw="1" slack="2147483647"/>
</pin_list>
<bind>
<StgValue><ssdm name="empty_8"/></StgValue>
</bind>
</comp>

<comp id="40" class="1001" name="const_40">
<pin_list>
<pin id="41" dir="1" index="0" bw="1" slack="0"/>
</pin_list>
<bind>
<StgValue><ssdm name="_ssdm_op_PartSelect.i24.i30.i32.i32"/></StgValue>
</bind>
</comp>

<comp id="42" class="1001" name="const_42">
<pin_list>
<pin id="43" dir="1" index="0" bw="1" slack="0"/>
</pin_list>
<bind>
<StgValue><ssdm name=""/></StgValue>
</bind>
</comp>

<comp id="44" class="1001" name="const_44">
<pin_list>
<pin id="45" dir="1" index="0" bw="1" slack="0"/>
</pin_list>
<bind>
<StgValue><ssdm name=""/></StgValue>
</bind>
</comp>

<comp id="46" class="1001" name="const_46">
<pin_list>
<pin id="47" dir="1" index="0" bw="1" slack="0"/>
</pin_list>
<bind>
<StgValue><ssdm name="_ssdm_op_Write.ap_auto.i24P0A"/></StgValue>
</bind>
</comp>

<comp id="48" class="1004" name="lhs_fu_48">
<pin_list>
<pin id="49" dir="0" index="0" bw="1" slack="0"/>
<pin id="50" dir="1" index="1" bw="24" slack="0"/>
</pin_list>
<bind>
<opcode="alloca(26) " fcode="alloca"/>
<opset="lhs/1 "/>
</bind>
</comp>

<comp id="52" class="1004" name="d_fu_52">
<pin_list>
<pin id="53" dir="0" index="0" bw="1" slack="0"/>
<pin id="54" dir="1" index="1" bw="4" slack="0"/>
</pin_list>
<bind>
<opcode="alloca(26) " fcode="alloca"/>
<opset="d/1 "/>
</bind>
</comp>

<comp id="56" class="1004" name="sub_ln813_read_read_fu_56">
<pin_list>
<pin id="57" dir="0" index="0" bw="8" slack="0"/>
<pin id="58" dir="0" index="1" bw="8" slack="0"/>
<pin id="59" dir="1" index="2" bw="8" slack="0"/>
</pin_list>
<bind>
<opcode="read(1150) " fcode="read"/>
<opset="sub_ln813_read/1 "/>
</bind>
</comp>

<comp id="62" class="1004" name="write_ln0_write_fu_62">
<pin_list>
<pin id="63" dir="0" index="0" bw="0" slack="0"/>
<pin id="64" dir="0" index="1" bw="24" slack="0"/>
<pin id="65" dir="0" index="2" bw="24" slack="0"/>
<pin id="66" dir="1" index="3" bw="0" slack="2147483647"/>
</pin_list>
<bind>
<opcode="write(1151) " fcode="write"/>
<opset="write_ln0/4 "/>
</bind>
</comp>

<comp id="69" class="1004" name="Q_V_addr_gep_fu_69">
<pin_list>
<pin id="70" dir="0" index="0" bw="16" slack="0"/>
<pin id="71" dir="0" index="1" bw="1" slack="0"/>
<pin id="72" dir="0" index="2" bw="8" slack="0"/>
<pin id="73" dir="1" index="3" bw="8" slack="0"/>
</pin_list>
<bind>
<opcode="getelementptr(29) " fcode="getelementptr"/>
<opset="Q_V_addr/1 "/>
</bind>
</comp>

<comp id="76" class="1004" name="grp_access_fu_76">
<pin_list>
<pin id="77" dir="0" index="0" bw="8" slack="0"/>
<pin id="78" dir="0" index="1" bw="16" slack="2147483647"/>
<pin id="79" dir="0" index="2" bw="0" slack="2147483647"/>
<pin id="80" dir="1" index="3" bw="16" slack="0"/>
</pin_list>
<bind>
<opcode="load(27) " fcode="load"/>
<opset="r_V/1 "/>
</bind>
</comp>

<comp id="82" class="1004" name="K_sum_V_addr_gep_fu_82">
<pin_list>
<pin id="83" dir="0" index="0" bw="16" slack="0"/>
<pin id="84" dir="0" index="1" bw="1" slack="0"/>
<pin id="85" dir="0" index="2" bw="4" slack="0"/>
<pin id="86" dir="1" index="3" bw="4" slack="0"/>
</pin_list>
<bind>
<opcode="getelementptr(29) " fcode="getelementptr"/>
<opset="K_sum_V_addr/1 "/>
</bind>
</comp>

<comp id="89" class="1004" name="grp_access_fu_89">
<pin_list>
<pin id="90" dir="0" index="0" bw="4" slack="0"/>
<pin id="91" dir="0" index="1" bw="16" slack="2147483647"/>
<pin id="92" dir="0" index="2" bw="0" slack="2147483647"/>
<pin id="93" dir="1" index="3" bw="16" slack="0"/>
</pin_list>
<bind>
<opcode="load(27) " fcode="load"/>
<opset="K_sum_V_load/1 "/>
</bind>
</comp>

<comp id="95" class="1004" name="store_ln0_store_fu_95">
<pin_list>
<pin id="96" dir="0" index="0" bw="1" slack="0"/>
<pin id="97" dir="0" index="1" bw="4" slack="0"/>
<pin id="98" dir="1" index="2" bw="0" slack="2147483647"/>
</pin_list>
<bind>
<opcode="store(28) " fcode="store"/>
<opset="store_ln0/1 "/>
</bind>
</comp>

<comp id="100" class="1004" name="store_ln0_store_fu_100">
<pin_list>
<pin id="101" dir="0" index="0" bw="1" slack="0"/>
<pin id="102" dir="0" index="1" bw="24" slack="0"/>
<pin id="103" dir="1" index="2" bw="0" slack="2147483647"/>
</pin_list>
<bind>
<opcode="store(28) " fcode="store"/>
<opset="store_ln0/1 "/>
</bind>
</comp>

<comp id="105" class="1004" name="d_1_load_fu_105">
<pin_list>
<pin id="106" dir="0" index="0" bw="4" slack="0"/>
<pin id="107" dir="1" index="1" bw="4" slack="0"/>
</pin_list>
<bind>
<opcode="load(27) " fcode="load"/>
<opset="d_1/1 "/>
</bind>
</comp>

<comp id="108" class="1004" name="icmp_ln88_fu_108">
<pin_list>
<pin id="109" dir="0" index="0" bw="4" slack="0"/>
<pin id="110" dir="0" index="1" bw="4" slack="0"/>
<pin id="111" dir="1" index="2" bw="1" slack="3"/>
</pin_list>
<bind>
<opcode="icmp(45) " fcode="icmp"/>
<opset="icmp_ln88/1 "/>
</bind>
</comp>

<comp id="114" class="1004" name="add_ln88_fu_114">
<pin_list>
<pin id="115" dir="0" index="0" bw="4" slack="0"/>
<pin id="116" dir="0" index="1" bw="1" slack="0"/>
<pin id="117" dir="1" index="2" bw="4" slack="0"/>
</pin_list>
<bind>
<opcode="add(8) " fcode="add"/>
<opset="add_ln88/1 "/>
</bind>
</comp>

<comp id="120" class="1004" name="zext_ln88_fu_120">
<pin_list>
<pin id="121" dir="0" index="0" bw="4" slack="0"/>
<pin id="122" dir="1" index="1" bw="64" slack="0"/>
</pin_list>
<bind>
<opcode="zext(34) " fcode="zext"/>
<opset="zext_ln88/1 "/>
</bind>
</comp>

<comp id="125" class="1004" name="zext_ln1271_fu_125">
<pin_list>
<pin id="126" dir="0" index="0" bw="4" slack="0"/>
<pin id="127" dir="1" index="1" bw="8" slack="0"/>
</pin_list>
<bind>
<opcode="zext(34) " fcode="zext"/>
<opset="zext_ln1271/1 "/>
</bind>
</comp>

<comp id="129" class="1004" name="add_ln1271_fu_129">
<pin_list>
<pin id="130" dir="0" index="0" bw="8" slack="0"/>
<pin id="131" dir="0" index="1" bw="4" slack="0"/>
<pin id="132" dir="1" index="2" bw="8" slack="0"/>
</pin_list>
<bind>
<opcode="add(8) " fcode="add"/>
<opset="add_ln1271/1 "/>
</bind>
</comp>

<comp id="135" class="1004" name="zext_ln1271_2_fu_135">
<pin_list>
<pin id="136" dir="0" index="0" bw="8" slack="0"/>
<pin id="137" dir="1" index="1" bw="64" slack="0"/>
</pin_list>
<bind>
<opcode="zext(34) " fcode="zext"/>
<opset="zext_ln1271_2/1 "/>
</bind>
</comp>

<comp id="140" class="1004" name="store_ln88_store_fu_140">
<pin_list>
<pin id="141" dir="0" index="0" bw="4" slack="0"/>
<pin id="142" dir="0" index="1" bw="4" slack="0"/>
<pin id="143" dir="1" index="2" bw="0" slack="2147483647"/>
</pin_list>
<bind>
<opcode="store(28) " fcode="store"/>
<opset="store_ln88/1 "/>
</bind>
</comp>

<comp id="145" class="1004" name="sext_ln1347_fu_145">
<pin_list>
<pin id="146" dir="0" index="0" bw="16" slack="0"/>
<pin id="147" dir="1" index="1" bw="30" slack="0"/>
</pin_list>
<bind>
<opcode="sext(35) " fcode="sext"/>
<opset="sext_ln1347/2 "/>
</bind>
</comp>

<comp id="149" class="1004" name="sext_ln1347_2_fu_149">
<pin_list>
<pin id="150" dir="0" index="0" bw="16" slack="0"/>
<pin id="151" dir="1" index="1" bw="30" slack="0"/>
</pin_list>
<bind>
<opcode="sext(35) " fcode="sext"/>
<opset="sext_ln1347_2/2 "/>
</bind>
</comp>

<comp id="153" class="1004" name="lhs_load_1_load_fu_153">
<pin_list>
<pin id="154" dir="0" index="0" bw="24" slack="3"/>
<pin id="155" dir="1" index="1" bw="24" slack="0"/>
</pin_list>
<bind>
<opcode="load(27) " fcode="load"/>
<opset="lhs_load_1/4 "/>
</bind>
</comp>

<comp id="156" class="1004" name="lhs_1_fu_156">
<pin_list>
<pin id="157" dir="0" index="0" bw="30" slack="0"/>
<pin id="158" dir="0" index="1" bw="24" slack="0"/>
<pin id="159" dir="0" index="2" bw="1" slack="0"/>
<pin id="160" dir="1" index="3" bw="30" slack="0"/>
</pin_list>
<bind>
<opcode="bitconcatenate(1004) " fcode="bitconcatenate"/>
<opset="lhs_1/4 "/>
</bind>
</comp>

<comp id="164" class="1004" name="p_normalizer_V_fu_164">
<pin_list>
<pin id="165" dir="0" index="0" bw="24" slack="0"/>
<pin id="166" dir="0" index="1" bw="30" slack="0"/>
<pin id="167" dir="0" index="2" bw="4" slack="0"/>
<pin id="168" dir="0" index="3" bw="6" slack="0"/>
<pin id="169" dir="1" index="4" bw="24" slack="0"/>
</pin_list>
<bind>
<opcode="partselect(1002) " fcode="partselect"/>
<opset="p_normalizer_V/5 "/>
</bind>
</comp>

<comp id="173" class="1004" name="store_ln88_store_fu_173">
<pin_list>
<pin id="174" dir="0" index="0" bw="24" slack="0"/>
<pin id="175" dir="0" index="1" bw="24" slack="4"/>
<pin id="176" dir="1" index="2" bw="0" slack="2147483647"/>
</pin_list>
<bind>
<opcode="store(28) " fcode="store"/>
<opset="store_ln88/5 "/>
</bind>
</comp>

<comp id="178" class="1004" name="lhs_load_load_fu_178">
<pin_list>
<pin id="179" dir="0" index="0" bw="24" slack="3"/>
<pin id="180" dir="1" index="1" bw="24" slack="0"/>
</pin_list>
<bind>
<opcode="load(27) " fcode="load"/>
<opset="lhs_load/4 "/>
</bind>
</comp>

<comp id="182" class="1007" name="grp_fu_182">
<pin_list>
<pin id="183" dir="0" index="0" bw="16" slack="0"/>
<pin id="184" dir="0" index="1" bw="16" slack="0"/>
<pin id="185" dir="0" index="2" bw="30" slack="0"/>
<pin id="186" dir="1" index="3" bw="30" slack="0"/>
</pin_list>
<bind>
<opcode="muladd(1172) " fcode="muladd"/>
<opset="mul_ln1347/2 ret_V/4 "/>
</bind>
</comp>

<comp id="191" class="1005" name="lhs_reg_191">
<pin_list>
<pin id="192" dir="0" index="0" bw="24" slack="0"/>
<pin id="193" dir="1" index="1" bw="24" slack="0"/>
</pin_list>
<bind>
<opset="lhs "/>
</bind>
</comp>

<comp id="199" class="1005" name="d_reg_199">
<pin_list>
<pin id="200" dir="0" index="0" bw="4" slack="0"/>
<pin id="201" dir="1" index="1" bw="4" slack="0"/>
</pin_list>
<bind>
<opset="d "/>
</bind>
</comp>

<comp id="206" class="1005" name="icmp_ln88_reg_206">
<pin_list>
<pin id="207" dir="0" index="0" bw="1" slack="3"/>
<pin id="208" dir="1" index="1" bw="1" slack="2147483647"/>
</pin_list>
<bind>
<opset="icmp_ln88 "/>
</bind>
</comp>

<comp id="210" class="1005" name="Q_V_addr_reg_210">
<pin_list>
<pin id="211" dir="0" index="0" bw="8" slack="1"/>
<pin id="212" dir="1" index="1" bw="8" slack="1"/>
</pin_list>
<bind>
<opset="Q_V_addr "/>
</bind>
</comp>

<comp id="215" class="1005" name="K_sum_V_addr_reg_215">
<pin_list>
<pin id="216" dir="0" index="0" bw="4" slack="1"/>
<pin id="217" dir="1" index="1" bw="4" slack="1"/>
</pin_list>
<bind>
<opset="K_sum_V_addr "/>
</bind>
</comp>

<comp id="220" class="1005" name="sext_ln1347_reg_220">
<pin_list>
<pin id="221" dir="0" index="0" bw="30" slack="1"/>
<pin id="222" dir="1" index="1" bw="30" slack="1"/>
</pin_list>
<bind>
<opset="sext_ln1347 "/>
</bind>
</comp>

<comp id="225" class="1005" name="sext_ln1347_2_reg_225">
<pin_list>
<pin id="226" dir="0" index="0" bw="30" slack="1"/>
<pin id="227" dir="1" index="1" bw="30" slack="1"/>
</pin_list>
<bind>
<opset="sext_ln1347_2 "/>
</bind>
</comp>

<comp id="230" class="1005" name="lhs_1_reg_230">
<pin_list>
<pin id="231" dir="0" index="0" bw="30" slack="1"/>
<pin id="232" dir="1" index="1" bw="30" slack="1"/>
</pin_list>
<bind>
<opset="lhs_1 "/>
</bind>
</comp>

</comp_list>

<net_list>
<net id="51"><net_src comp="8" pin="0"/><net_sink comp="48" pin=0"/></net>

<net id="55"><net_src comp="8" pin="0"/><net_sink comp="52" pin=0"/></net>

<net id="60"><net_src comp="10" pin="0"/><net_sink comp="56" pin=0"/></net>

<net id="61"><net_src comp="0" pin="0"/><net_sink comp="56" pin=1"/></net>

<net id="67"><net_src comp="46" pin="0"/><net_sink comp="62" pin=0"/></net>

<net id="68"><net_src comp="6" pin="0"/><net_sink comp="62" pin=1"/></net>

<net id="74"><net_src comp="2" pin="0"/><net_sink comp="69" pin=0"/></net>

<net id="75"><net_src comp="24" pin="0"/><net_sink comp="69" pin=1"/></net>

<net id="81"><net_src comp="69" pin="3"/><net_sink comp="76" pin=0"/></net>

<net id="87"><net_src comp="4" pin="0"/><net_sink comp="82" pin=0"/></net>

<net id="88"><net_src comp="24" pin="0"/><net_sink comp="82" pin=1"/></net>

<net id="94"><net_src comp="82" pin="3"/><net_sink comp="89" pin=0"/></net>

<net id="99"><net_src comp="12" pin="0"/><net_sink comp="95" pin=0"/></net>

<net id="104"><net_src comp="14" pin="0"/><net_sink comp="100" pin=0"/></net>

<net id="112"><net_src comp="105" pin="1"/><net_sink comp="108" pin=0"/></net>

<net id="113"><net_src comp="16" pin="0"/><net_sink comp="108" pin=1"/></net>

<net id="118"><net_src comp="105" pin="1"/><net_sink comp="114" pin=0"/></net>

<net id="119"><net_src comp="22" pin="0"/><net_sink comp="114" pin=1"/></net>

<net id="123"><net_src comp="105" pin="1"/><net_sink comp="120" pin=0"/></net>

<net id="124"><net_src comp="120" pin="1"/><net_sink comp="82" pin=2"/></net>

<net id="128"><net_src comp="105" pin="1"/><net_sink comp="125" pin=0"/></net>

<net id="133"><net_src comp="56" pin="2"/><net_sink comp="129" pin=0"/></net>

<net id="134"><net_src comp="125" pin="1"/><net_sink comp="129" pin=1"/></net>

<net id="138"><net_src comp="129" pin="2"/><net_sink comp="135" pin=0"/></net>

<net id="139"><net_src comp="135" pin="1"/><net_sink comp="69" pin=2"/></net>

<net id="144"><net_src comp="114" pin="2"/><net_sink comp="140" pin=0"/></net>

<net id="148"><net_src comp="76" pin="3"/><net_sink comp="145" pin=0"/></net>

<net id="152"><net_src comp="89" pin="3"/><net_sink comp="149" pin=0"/></net>

<net id="161"><net_src comp="26" pin="0"/><net_sink comp="156" pin=0"/></net>

<net id="162"><net_src comp="153" pin="1"/><net_sink comp="156" pin=1"/></net>

<net id="163"><net_src comp="28" pin="0"/><net_sink comp="156" pin=2"/></net>

<net id="170"><net_src comp="40" pin="0"/><net_sink comp="164" pin=0"/></net>

<net id="171"><net_src comp="42" pin="0"/><net_sink comp="164" pin=2"/></net>

<net id="172"><net_src comp="44" pin="0"/><net_sink comp="164" pin=3"/></net>

<net id="177"><net_src comp="164" pin="4"/><net_sink comp="173" pin=0"/></net>

<net id="181"><net_src comp="178" pin="1"/><net_sink comp="62" pin=2"/></net>

<net id="187"><net_src comp="149" pin="1"/><net_sink comp="182" pin=0"/></net>

<net id="188"><net_src comp="145" pin="1"/><net_sink comp="182" pin=1"/></net>

<net id="189"><net_src comp="156" pin="3"/><net_sink comp="182" pin=2"/></net>

<net id="190"><net_src comp="182" pin="3"/><net_sink comp="164" pin=1"/></net>

<net id="194"><net_src comp="48" pin="1"/><net_sink comp="191" pin=0"/></net>

<net id="195"><net_src comp="191" pin="1"/><net_sink comp="100" pin=1"/></net>

<net id="196"><net_src comp="191" pin="1"/><net_sink comp="153" pin=0"/></net>

<net id="197"><net_src comp="191" pin="1"/><net_sink comp="173" pin=1"/></net>

<net id="198"><net_src comp="191" pin="1"/><net_sink comp="178" pin=0"/></net>

<net id="202"><net_src comp="52" pin="1"/><net_sink comp="199" pin=0"/></net>

<net id="203"><net_src comp="199" pin="1"/><net_sink comp="95" pin=1"/></net>

<net id="204"><net_src comp="199" pin="1"/><net_sink comp="105" pin=0"/></net>

<net id="205"><net_src comp="199" pin="1"/><net_sink comp="140" pin=1"/></net>

<net id="209"><net_src comp="108" pin="2"/><net_sink comp="206" pin=0"/></net>

<net id="213"><net_src comp="69" pin="3"/><net_sink comp="210" pin=0"/></net>

<net id="214"><net_src comp="210" pin="1"/><net_sink comp="76" pin=0"/></net>

<net id="218"><net_src comp="82" pin="3"/><net_sink comp="215" pin=0"/></net>

<net id="219"><net_src comp="215" pin="1"/><net_sink comp="89" pin=0"/></net>

<net id="223"><net_src comp="145" pin="1"/><net_sink comp="220" pin=0"/></net>

<net id="224"><net_src comp="220" pin="1"/><net_sink comp="182" pin=1"/></net>

<net id="228"><net_src comp="149" pin="1"/><net_sink comp="225" pin=0"/></net>

<net id="229"><net_src comp="225" pin="1"/><net_sink comp="182" pin=0"/></net>

<net id="233"><net_src comp="156" pin="3"/><net_sink comp="230" pin=0"/></net>

<net id="234"><net_src comp="230" pin="1"/><net_sink comp="182" pin=0"/></net>

</net_list>

</model> 
---------------- Datapath Model END ------------------

* FSMD analyzer results:
  - Output states:
	Port: p_normalizer_V_2_out | {4 }
 - Input state : 
	Port: linear_attention_small_a_Pipeline_VITIS_LOOP_88_10 : sub_ln813 | {1 }
	Port: linear_attention_small_a_Pipeline_VITIS_LOOP_88_10 : Q_V | {1 2 }
	Port: linear_attention_small_a_Pipeline_VITIS_LOOP_88_10 : K_sum_V | {1 2 }
  - Chain level:
	State 1
		store_ln0 : 1
		store_ln0 : 1
		d_1 : 1
		icmp_ln88 : 2
		add_ln88 : 2
		br_ln88 : 3
		zext_ln88 : 2
		zext_ln1271 : 2
		add_ln1271 : 3
		zext_ln1271_2 : 4
		Q_V_addr : 5
		r_V : 6
		K_sum_V_addr : 3
		K_sum_V_load : 4
		store_ln88 : 3
	State 2
		sext_ln1347 : 1
		sext_ln1347_2 : 1
		mul_ln1347 : 2
	State 3
	State 4
		lhs_1 : 1
		ret_V : 2
		write_ln0 : 1
	State 5
		p_normalizer_V : 1
		store_ln88 : 2


============================================================
+ Verbose Summary: Datapath Resource usage 
============================================================

* Functional unit list:
|----------|---------------------------|---------|---------|---------|
| Operation|      Functional Unit      |   DSP   |    FF   |   LUT   |
|----------|---------------------------|---------|---------|---------|
|    add   |      add_ln88_fu_114      |    0    |    0    |    13   |
|          |     add_ln1271_fu_129     |    0    |    0    |    15   |
|----------|---------------------------|---------|---------|---------|
|   icmp   |      icmp_ln88_fu_108     |    0    |    0    |    9    |
|----------|---------------------------|---------|---------|---------|
|  muladd  |         grp_fu_182        |    1    |    0    |    0    |
|----------|---------------------------|---------|---------|---------|
|   read   | sub_ln813_read_read_fu_56 |    0    |    0    |    0    |
|----------|---------------------------|---------|---------|---------|
|   write  |   write_ln0_write_fu_62   |    0    |    0    |    0    |
|----------|---------------------------|---------|---------|---------|
|          |      zext_ln88_fu_120     |    0    |    0    |    0    |
|   zext   |     zext_ln1271_fu_125    |    0    |    0    |    0    |
|          |    zext_ln1271_2_fu_135   |    0    |    0    |    0    |
|----------|---------------------------|---------|---------|---------|
|   sext   |     sext_ln1347_fu_145    |    0    |    0    |    0    |
|          |    sext_ln1347_2_fu_149   |    0    |    0    |    0    |
|----------|---------------------------|---------|---------|---------|
|bitconcatenate|        lhs_1_fu_156       |    0    |    0    |    0    |
|----------|---------------------------|---------|---------|---------|
|partselect|   p_normalizer_V_fu_164   |    0    |    0    |    0    |
|----------|---------------------------|---------|---------|---------|
|   Total  |                           |    1    |    0    |    37   |
|----------|---------------------------|---------|---------|---------|

Memories:
N/A

* Register list:
+---------------------+--------+
|                     |   FF   |
+---------------------+--------+
| K_sum_V_addr_reg_215|    4   |
|   Q_V_addr_reg_210  |    8   |
|      d_reg_199      |    4   |
|  icmp_ln88_reg_206  |    1   |
|    lhs_1_reg_230    |   30   |
|     lhs_reg_191     |   24   |
|sext_ln1347_2_reg_225|   30   |
| sext_ln1347_reg_220 |   30   |
+---------------------+--------+
|        Total        |   131  |
+---------------------+--------+

* Multiplexer (MUX) list: 
|------------------|------|------|------|--------||---------||---------|
|       Comp       |  Pin | Size |  BW  | S x BW ||  Delay  ||   LUT   |
|------------------|------|------|------|--------||---------||---------|
| grp_access_fu_76 |  p0  |   2  |   8  |   16   ||    9    |
| grp_access_fu_89 |  p0  |   2  |   4  |    8   ||    9    |
|    grp_fu_182    |  p0  |   3  |  16  |   48   ||    14   |
|    grp_fu_182    |  p1  |   2  |  16  |   32   ||    9    |
|------------------|------|------|------|--------||---------||---------|
|       Total      |      |      |      |   104  ||  6.4713 ||    41   |
|------------------|------|------|------|--------||---------||---------|



* Summary:
+-----------+--------+--------+--------+--------+
|           |   DSP  |  Delay |   FF   |   LUT  |
+-----------+--------+--------+--------+--------+
|  Function |    1   |    -   |    0   |   37   |
|   Memory  |    -   |    -   |    -   |    -   |
|Multiplexer|    -   |    6   |    -   |   41   |
|  Register |    -   |    -   |   131  |    -   |
+-----------+--------+--------+--------+--------+
|   Total   |    1   |    6   |   131  |   78   |
+-----------+--------+--------+--------+--------+
