

================================================================
== Vitis HLS Report for 'attention_active13_Pipeline_VITIS_LOOP_126_10'
================================================================
* Date:           Fri Jul  3 13:39:47 2026

* Version:        2022.2 (Build 3670227 on Oct 13 2022)
* Project:        q16_esla_k13_csynth
* Solution:       solution1 (Vivado IP Flow Target)
* Product family: zynq
* Target device:  xc7z020-clg400-1


================================================================
== Performance Estimates
================================================================
+ Timing: 
    * Summary: 
    +--------+----------+----------+------------+
    |  Clock |  Target  | Estimated| Uncertainty|
    +--------+----------+----------+------------+
    |ap_clk  |  10.00 ns|  5.169 ns|     2.70 ns|
    +--------+----------+----------+------------+

+ Latency: 
    * Summary: 
    +---------+---------+----------+----------+-----+-----+---------+
    |  Latency (cycles) |  Latency (absolute) |  Interval | Pipeline|
    |   min   |   max   |    min   |    max   | min | max |   Type  |
    +---------+---------+----------+----------+-----+-----+---------+
    |       21|       21|  0.210 us|  0.210 us|   21|   21|       no|
    +---------+---------+----------+----------+-----+-----+---------+

    + Detail: 
        * Instance: 
        N/A

        * Loop: 
        +---------------------+---------+---------+----------+-----------+-----------+------+----------+
        |                     |  Latency (cycles) | Iteration|  Initiation Interval  | Trip |          |
        |      Loop Name      |   min   |   max   |  Latency |  achieved |   target  | Count| Pipelined|
        +---------------------+---------+---------+----------+-----------+-----------+------+----------+
        |- VITIS_LOOP_126_10  |       19|       19|         5|          1|          1|    16|       yes|
        +---------------------+---------+---------+----------+-----------+-----------+------+----------+

============================================================
+ Verbose Summary: Synthesis Manager
============================================================
InlineROM: 1
ExposeGlobal: 0
============================================================
+ Verbose Summary: CDFG Model
============================================================
IsTopModel: 0
ResetActiveHigh: 1
IsCombinational: 0
IsDatapathOnly: 0
HasWiredReturn: 1
HasMFsm: 2
HasVarLatency: 1
IsPipeline: 0
IsRtlPipelined: 0
IsInstanceOverlapped: 0
IsDontTouch: 0
HasImplIP: 0
IsGatedGlobalClock: 0

+ Individual pipeline summary: 
  * Pipeline-0: initiation interval (II) = 1, depth = 5


============================================================
+ Verbose Summary: Schedule
============================================================
* Number of FSM states : 5
* Pipeline : 1
  Pipeline-0 : II = 1, D = 5, States = { 1 2 3 4 5 }
* Dataflow Pipeline: 0

* FSM state transitions: 
1 --> 2 
2 --> 3 
3 --> 4 
4 --> 5 
5 --> 

* FSM state operations: 

State 1 <SV = 0> <Delay = 5.16>
ST_1 : Operation 8 [1/1] (0.00ns)   --->   "%lhs = alloca i32 1"   --->   Operation 8 'alloca' 'lhs' <Predicate = true> <Delay = 0.00>
ST_1 : Operation 9 [1/1] (0.00ns)   --->   "%d = alloca i32 1"   --->   Operation 9 'alloca' 'd' <Predicate = true> <Delay = 0.00>
ST_1 : Operation 10 [1/1] (0.00ns)   --->   "%zext_ln813_read = read i8 @_ssdm_op_Read.ap_auto.i8, i8 %zext_ln813"   --->   Operation 10 'read' 'zext_ln813_read' <Predicate = true> <Delay = 0.00>
ST_1 : Operation 11 [1/1] (1.58ns)   --->   "%store_ln0 = store i5 0, i5 %d"   --->   Operation 11 'store' 'store_ln0' <Predicate = true> <Delay = 1.58>
ST_1 : Operation 12 [1/1] (1.58ns)   --->   "%store_ln0 = store i24 0, i24 %lhs"   --->   Operation 12 'store' 'store_ln0' <Predicate = true> <Delay = 1.58>
ST_1 : Operation 13 [1/1] (0.00ns)   --->   "%br_ln0 = br void %for.body147"   --->   Operation 13 'br' 'br_ln0' <Predicate = true> <Delay = 0.00>
ST_1 : Operation 14 [1/1] (0.00ns)   --->   "%d_6 = load i5 %d" [/home/cym/prj2/finn/notebooks/icl_thesis-master/real_event_sparse/hls/q16_esla_k13/src/q16_esla_k13.cpp:126]   --->   Operation 14 'load' 'd_6' <Predicate = true> <Delay = 0.00>
ST_1 : Operation 15 [1/1] (1.36ns)   --->   "%icmp_ln126 = icmp_eq  i5 %d_6, i5 16" [/home/cym/prj2/finn/notebooks/icl_thesis-master/real_event_sparse/hls/q16_esla_k13/src/q16_esla_k13.cpp:126]   --->   Operation 15 'icmp' 'icmp_ln126' <Predicate = true> <Delay = 1.36> <CoreInst = "Cmp">   --->   Core 9 'Cmp' <Latency = 0> <II = 1> <Delay = 1.36> <FuncUnit> <Opcode : 'icmp'> <InPorts = 2> <OutPorts = 1>
ST_1 : Operation 16 [1/1] (0.00ns)   --->   "%empty = speclooptripcount i32 @_ssdm_op_SpecLoopTripCount, i64 16, i64 16, i64 16"   --->   Operation 16 'speclooptripcount' 'empty' <Predicate = true> <Delay = 0.00>
ST_1 : Operation 17 [1/1] (1.78ns)   --->   "%add_ln126 = add i5 %d_6, i5 1" [/home/cym/prj2/finn/notebooks/icl_thesis-master/real_event_sparse/hls/q16_esla_k13/src/q16_esla_k13.cpp:126]   --->   Operation 17 'add' 'add_ln126' <Predicate = true> <Delay = 1.78> <CoreInst = "Adder">   --->   Core 1 'Adder' <Latency = 0> <II = 1> <Delay = 1.78> <FuncUnit> <Opcode : 'add' 'sub'> <InPorts = 2> <OutPorts = 1>
ST_1 : Operation 18 [1/1] (0.00ns)   --->   "%br_ln126 = br i1 %icmp_ln126, void %for.body147.split, void %for.end158_ifconv.exitStub" [/home/cym/prj2/finn/notebooks/icl_thesis-master/real_event_sparse/hls/q16_esla_k13/src/q16_esla_k13.cpp:126]   --->   Operation 18 'br' 'br_ln126' <Predicate = true> <Delay = 0.00>
ST_1 : Operation 19 [1/1] (0.00ns)   --->   "%zext_ln126 = zext i5 %d_6" [/home/cym/prj2/finn/notebooks/icl_thesis-master/real_event_sparse/hls/q16_esla_k13/src/q16_esla_k13.cpp:126]   --->   Operation 19 'zext' 'zext_ln126' <Predicate = (!icmp_ln126)> <Delay = 0.00>
ST_1 : Operation 20 [1/1] (0.00ns)   --->   "%zext_ln1271 = zext i5 %d_6"   --->   Operation 20 'zext' 'zext_ln1271' <Predicate = (!icmp_ln126)> <Delay = 0.00>
ST_1 : Operation 21 [1/1] (1.91ns)   --->   "%add_ln1271 = add i8 %zext_ln813_read, i8 %zext_ln1271"   --->   Operation 21 'add' 'add_ln1271' <Predicate = (!icmp_ln126)> <Delay = 1.91> <CoreInst = "Adder">   --->   Core 1 'Adder' <Latency = 0> <II = 1> <Delay = 1.91> <FuncUnit> <Opcode : 'add' 'sub'> <InPorts = 2> <OutPorts = 1>
ST_1 : Operation 22 [1/1] (0.00ns)   --->   "%zext_ln1271_5 = zext i8 %add_ln1271"   --->   Operation 22 'zext' 'zext_ln1271_5' <Predicate = (!icmp_ln126)> <Delay = 0.00>
ST_1 : Operation 23 [1/1] (0.00ns)   --->   "%Q_V_addr = getelementptr i16 %Q_V, i64 0, i64 %zext_ln1271_5"   --->   Operation 23 'getelementptr' 'Q_V_addr' <Predicate = (!icmp_ln126)> <Delay = 0.00>
ST_1 : Operation 24 [2/2] (3.25ns)   --->   "%r_V = load i8 %Q_V_addr"   --->   Operation 24 'load' 'r_V' <Predicate = (!icmp_ln126)> <Delay = 3.25> <CoreInst = "RAM">   --->   Core 82 'RAM' <Latency = 1> <II = 1> <Delay = 3.25> <Storage> <Opcode : 'load' 'store'> <Ports = 2> <Width = 16> <Depth = 208> <RAM>
ST_1 : Operation 25 [1/1] (0.00ns)   --->   "%K_sum_V_addr = getelementptr i16 %K_sum_V, i64 0, i64 %zext_ln126"   --->   Operation 25 'getelementptr' 'K_sum_V_addr' <Predicate = (!icmp_ln126)> <Delay = 0.00>
ST_1 : Operation 26 [2/2] (2.32ns)   --->   "%K_sum_V_load = load i4 %K_sum_V_addr"   --->   Operation 26 'load' 'K_sum_V_load' <Predicate = (!icmp_ln126)> <Delay = 2.32> <CoreInst = "RAM">   --->   Core 82 'RAM' <Latency = 1> <II = 1> <Delay = 2.32> <Storage> <Opcode : 'load' 'store'> <Ports = 2> <Width = 16> <Depth = 16> <RAM>
ST_1 : Operation 27 [1/1] (1.58ns)   --->   "%store_ln126 = store i5 %add_ln126, i5 %d" [/home/cym/prj2/finn/notebooks/icl_thesis-master/real_event_sparse/hls/q16_esla_k13/src/q16_esla_k13.cpp:126]   --->   Operation 27 'store' 'store_ln126' <Predicate = (!icmp_ln126)> <Delay = 1.58>

State 2 <SV = 1> <Delay = 4.30>
ST_2 : Operation 28 [1/2] (3.25ns)   --->   "%r_V = load i8 %Q_V_addr"   --->   Operation 28 'load' 'r_V' <Predicate = true> <Delay = 3.25> <CoreInst = "RAM">   --->   Core 82 'RAM' <Latency = 1> <II = 1> <Delay = 3.25> <Storage> <Opcode : 'load' 'store'> <Ports = 2> <Width = 16> <Depth = 208> <RAM>
ST_2 : Operation 29 [1/1] (0.00ns)   --->   "%sext_ln1347 = sext i16 %r_V"   --->   Operation 29 'sext' 'sext_ln1347' <Predicate = true> <Delay = 0.00>
ST_2 : Operation 30 [1/2] (2.32ns)   --->   "%K_sum_V_load = load i4 %K_sum_V_addr"   --->   Operation 30 'load' 'K_sum_V_load' <Predicate = true> <Delay = 2.32> <CoreInst = "RAM">   --->   Core 82 'RAM' <Latency = 1> <II = 1> <Delay = 2.32> <Storage> <Opcode : 'load' 'store'> <Ports = 2> <Width = 16> <Depth = 16> <RAM>
ST_2 : Operation 31 [1/1] (0.00ns)   --->   "%sext_ln1347_17 = sext i16 %K_sum_V_load"   --->   Operation 31 'sext' 'sext_ln1347_17' <Predicate = true> <Delay = 0.00>
ST_2 : Operation 32 [3/3] (1.05ns) (grouped into DSP with root node ret_V)   --->   "%mul_ln1347 = mul i30 %sext_ln1347_17, i30 %sext_ln1347"   --->   Operation 32 'mul' 'mul_ln1347' <Predicate = true> <Delay = 1.05> <CoreInst = "DSP48">   --->   Core 119 'DSP48' <Latency = 3> <II = 1> <Delay = 2.15> <IPBlock> <Opcode : 'mul' 'add' 'sub' 'select'> <InPorts = 0> <OutPorts = 1> <Sync> <CReg>

State 3 <SV = 2> <Delay = 1.05>
ST_3 : Operation 33 [2/3] (1.05ns) (grouped into DSP with root node ret_V)   --->   "%mul_ln1347 = mul i30 %sext_ln1347_17, i30 %sext_ln1347"   --->   Operation 33 'mul' 'mul_ln1347' <Predicate = true> <Delay = 1.05> <CoreInst = "DSP48">   --->   Core 119 'DSP48' <Latency = 3> <II = 1> <Delay = 2.15> <IPBlock> <Opcode : 'mul' 'add' 'sub' 'select'> <InPorts = 0> <OutPorts = 1> <Sync> <CReg>

State 4 <SV = 3> <Delay = 2.10>
ST_4 : Operation 34 [1/1] (0.00ns)   --->   "%lhs_load_2 = load i24 %lhs"   --->   Operation 34 'load' 'lhs_load_2' <Predicate = true> <Delay = 0.00>
ST_4 : Operation 35 [1/3] (0.00ns) (grouped into DSP with root node ret_V)   --->   "%mul_ln1347 = mul i30 %sext_ln1347_17, i30 %sext_ln1347"   --->   Operation 35 'mul' 'mul_ln1347' <Predicate = true> <Delay = 0.00> <CoreInst = "DSP48">   --->   Core 119 'DSP48' <Latency = 3> <II = 1> <Delay = 2.15> <IPBlock> <Opcode : 'mul' 'add' 'sub' 'select'> <InPorts = 0> <OutPorts = 1> <Sync> <CReg>
ST_4 : Operation 36 [1/1] (0.00ns)   --->   "%lhs_38 = bitconcatenate i30 @_ssdm_op_BitConcatenate.i30.i24.i6, i24 %lhs_load_2, i6 0"   --->   Operation 36 'bitconcatenate' 'lhs_38' <Predicate = true> <Delay = 0.00>
ST_4 : Operation 37 [2/2] (2.10ns) (root node of the DSP)   --->   "%ret_V = add i30 %lhs_38, i30 %mul_ln1347"   --->   Operation 37 'add' 'ret_V' <Predicate = true> <Delay = 2.10> <CoreInst = "DSP48">   --->   Core 119 'DSP48' <Latency = 3> <II = 1> <Delay = 2.15> <IPBlock> <Opcode : 'mul' 'add' 'sub' 'select'> <InPorts = 0> <OutPorts = 1> <Sync> <CReg>
ST_4 : Operation 44 [1/1] (0.00ns)   --->   "%lhs_load = load i24 %lhs"   --->   Operation 44 'load' 'lhs_load' <Predicate = (icmp_ln126)> <Delay = 0.00>
ST_4 : Operation 45 [1/1] (0.00ns)   --->   "%write_ln0 = write void @_ssdm_op_Write.ap_auto.i24P0A, i24 %normalizer_V_2_out, i24 %lhs_load"   --->   Operation 45 'write' 'write_ln0' <Predicate = (icmp_ln126)> <Delay = 0.00>
ST_4 : Operation 46 [1/1] (0.00ns)   --->   "%ret_ln0 = ret"   --->   Operation 46 'ret' 'ret_ln0' <Predicate = (icmp_ln126)> <Delay = 0.00>

State 5 <SV = 4> <Delay = 3.68>
ST_5 : Operation 38 [1/1] (0.00ns)   --->   "%specpipeline_ln127 = specpipeline void @_ssdm_op_SpecPipeline, i32 1, i32 0, i32 0, i32 0, void @empty_36" [/home/cym/prj2/finn/notebooks/icl_thesis-master/real_event_sparse/hls/q16_esla_k13/src/q16_esla_k13.cpp:127]   --->   Operation 38 'specpipeline' 'specpipeline_ln127' <Predicate = true> <Delay = 0.00>
ST_5 : Operation 39 [1/1] (0.00ns)   --->   "%specloopname_ln125 = specloopname void @_ssdm_op_SpecLoopName, void @empty_27" [/home/cym/prj2/finn/notebooks/icl_thesis-master/real_event_sparse/hls/q16_esla_k13/src/q16_esla_k13.cpp:125]   --->   Operation 39 'specloopname' 'specloopname_ln125' <Predicate = true> <Delay = 0.00>
ST_5 : Operation 40 [1/2] (2.10ns) (root node of the DSP)   --->   "%ret_V = add i30 %lhs_38, i30 %mul_ln1347"   --->   Operation 40 'add' 'ret_V' <Predicate = true> <Delay = 2.10> <CoreInst = "DSP48">   --->   Core 119 'DSP48' <Latency = 3> <II = 1> <Delay = 2.15> <IPBlock> <Opcode : 'mul' 'add' 'sub' 'select'> <InPorts = 0> <OutPorts = 1> <Sync> <CReg>
ST_5 : Operation 41 [1/1] (0.00ns)   --->   "%normalizer_V = partselect i24 @_ssdm_op_PartSelect.i24.i30.i32.i32, i30 %ret_V, i32 6, i32 29"   --->   Operation 41 'partselect' 'normalizer_V' <Predicate = true> <Delay = 0.00>
ST_5 : Operation 42 [1/1] (1.58ns)   --->   "%store_ln126 = store i24 %normalizer_V, i24 %lhs" [/home/cym/prj2/finn/notebooks/icl_thesis-master/real_event_sparse/hls/q16_esla_k13/src/q16_esla_k13.cpp:126]   --->   Operation 42 'store' 'store_ln126' <Predicate = true> <Delay = 1.58>
ST_5 : Operation 43 [1/1] (0.00ns)   --->   "%br_ln126 = br void %for.body147" [/home/cym/prj2/finn/notebooks/icl_thesis-master/real_event_sparse/hls/q16_esla_k13/src/q16_esla_k13.cpp:126]   --->   Operation 43 'br' 'br_ln126' <Predicate = true> <Delay = 0.00>


============================================================
+ Verbose Summary: Timing violations
============================================================
Target clock period: 10ns, clock uncertainty: 2.7ns.

 <State 1>: 5.17ns
The critical path consists of the following:
	'alloca' operation ('d') [6]  (0 ns)
	'load' operation ('d', /home/cym/prj2/finn/notebooks/icl_thesis-master/real_event_sparse/hls/q16_esla_k13/src/q16_esla_k13.cpp:126) on local variable 'd' [12]  (0 ns)
	'add' operation ('add_ln1271') [21]  (1.92 ns)
	'getelementptr' operation ('Q_V_addr') [23]  (0 ns)
	'load' operation ('r.V') on array 'Q_V' [26]  (3.25 ns)

 <State 2>: 4.3ns
The critical path consists of the following:
	'load' operation ('r.V') on array 'Q_V' [26]  (3.25 ns)
	'mul' operation of DSP[33] ('mul_ln1347') [31]  (1.05 ns)

 <State 3>: 1.05ns
The critical path consists of the following:
	'mul' operation of DSP[33] ('mul_ln1347') [31]  (1.05 ns)

 <State 4>: 2.1ns
The critical path consists of the following:
	'load' operation ('lhs_load_2') on local variable 'lhs' [18]  (0 ns)
	'add' operation of DSP[33] ('ret.V') [33]  (2.1 ns)

 <State 5>: 3.69ns
The critical path consists of the following:
	'add' operation of DSP[33] ('ret.V') [33]  (2.1 ns)
	'store' operation ('store_ln126', /home/cym/prj2/finn/notebooks/icl_thesis-master/real_event_sparse/hls/q16_esla_k13/src/q16_esla_k13.cpp:126) of variable 'normalizer.V' on local variable 'lhs' [36]  (1.59 ns)


============================================================
+ Verbose Summary: Binding
============================================================
N/A
* FSMD analyzer results:
  - Output states:
 - Input state : 
  - Chain level:
	State 1
	State 2
	State 3
	State 4
	State 5


============================================================
+ Verbose Summary: Datapath Resource usage 
============================================================
N/A
