

================================================================
== Vitis HLS Report for 'q16_esla_k13_Pipeline_VITIS_LOOP_70_6'
================================================================
* Date:           Fri Jul  3 13:39:46 2026

* Version:        2022.2 (Build 3670227 on Oct 13 2022)
* Project:        q16_esla_k13_csynth
* Solution:       solution1 (Vivado IP Flow Target)
* Product family: zynq
* Target device:  xc7z020-clg400-1


================================================================
== Performance Estimates
================================================================
+ Timing: 
    * Summary: 
    +--------+----------+----------+------------+
    |  Clock |  Target  | Estimated| Uncertainty|
    +--------+----------+----------+------------+
    |ap_clk  |  10.00 ns|  7.300 ns|     2.70 ns|
    +--------+----------+----------+------------+

+ Latency: 
    * Summary: 
    +---------+---------+----------+----------+-----+-----+---------+
    |  Latency (cycles) |  Latency (absolute) |  Interval | Pipeline|
    |   min   |   max   |    min   |    max   | min | max |   Type  |
    +---------+---------+----------+----------+-----+-----+---------+
    |        ?|        ?|         ?|         ?|    ?|    ?|       no|
    +---------+---------+----------+----------+-----+-----+---------+

    + Detail: 
        * Instance: 
        N/A

        * Loop: 
        +-------------------+---------+---------+----------+-----------+-----------+------+----------+
        |                   |  Latency (cycles) | Iteration|  Initiation Interval  | Trip |          |
        |     Loop Name     |   min   |   max   |  Latency |  achieved |   target  | Count| Pipelined|
        +-------------------+---------+---------+----------+-----------+-----------+------+----------+
        |- VITIS_LOOP_70_6  |        ?|        ?|        17|         16|          1|     ?|       yes|
        +-------------------+---------+---------+----------+-----------+-----------+------+----------+

============================================================
+ Verbose Summary: Synthesis Manager
============================================================
InlineROM: 1
ExposeGlobal: 0
============================================================
+ Verbose Summary: CDFG Model
============================================================
IsTopModel: 0
ResetActiveHigh: 1
IsCombinational: 0
IsDatapathOnly: 0
HasWiredReturn: 1
HasMFsm: 2
HasVarLatency: 1
IsPipeline: 0
IsRtlPipelined: 0
IsInstanceOverlapped: 0
IsDontTouch: 0
HasImplIP: 0
IsGatedGlobalClock: 0

+ Individual pipeline summary: 
  * Pipeline-0: initiation interval (II) = 16, depth = 17


============================================================
+ Verbose Summary: Schedule
============================================================
* Number of FSM states : 20
* Pipeline : 1
  Pipeline-0 : II = 16, D = 17, States = { 2 3 4 5 6 7 8 9 10 11 12 13 14 15 16 17 18 }
* Dataflow Pipeline: 0

* FSM state transitions: 
1 --> 2 
2 --> 3 
3 --> 4 
4 --> 5 
5 --> 6 
6 --> 7 
7 --> 8 
8 --> 9 
9 --> 10 
10 --> 11 
11 --> 19 20 12 
12 --> 13 
13 --> 14 
14 --> 15 
15 --> 16 
16 --> 17 
17 --> 18 
18 --> 2 
19 --> 
20 --> 19 

* FSM state operations: 

State 1 <SV = 0> <Delay = 1.58>
ST_1 : Operation 21 [1/1] (0.00ns)   --->   "%j = alloca i32 1"   --->   Operation 21 'alloca' 'j' <Predicate = true> <Delay = 0.00>
ST_1 : Operation 22 [1/1] (0.00ns)   --->   "%key_read = read i32 @_ssdm_op_Read.ap_auto.i32, i32 %key"   --->   Operation 22 'read' 'key_read' <Predicate = true> <Delay = 0.00>
ST_1 : Operation 23 [1/1] (0.00ns)   --->   "%active_token_indices_read = read i64 @_ssdm_op_Read.ap_auto.i64, i64 %active_token_indices"   --->   Operation 23 'read' 'active_token_indices_read' <Predicate = true> <Delay = 0.00>
ST_1 : Operation 24 [1/1] (0.00ns)   --->   "%zext_ln67_read = read i4 @_ssdm_op_Read.ap_auto.i4, i4 %zext_ln67"   --->   Operation 24 'read' 'zext_ln67_read' <Predicate = true> <Delay = 0.00>
ST_1 : Operation 25 [1/1] (0.00ns)   --->   "%zext_ln67_cast = zext i4 %zext_ln67_read"   --->   Operation 25 'zext' 'zext_ln67_cast' <Predicate = true> <Delay = 0.00>
ST_1 : Operation 26 [1/1] (0.00ns)   --->   "%specinterface_ln0 = specinterface void @_ssdm_op_SpecInterface, i32 %gmem2, void @empty_10, i32 0, i32 0, void @empty_36, i32 0, i32 13, void @empty_22, void @empty_37, void @empty_36, i32 16, i32 16, i32 16, i32 16, void @empty_36, void @empty_36, i32 4294967295, i32 0"   --->   Operation 26 'specinterface' 'specinterface_ln0' <Predicate = true> <Delay = 0.00>
ST_1 : Operation 27 [1/1] (1.58ns)   --->   "%store_ln0 = store i64 %zext_ln67_cast, i64 %j"   --->   Operation 27 'store' 'store_ln0' <Predicate = true> <Delay = 1.58>
ST_1 : Operation 28 [1/1] (0.00ns)   --->   "%br_ln0 = br void %while.cond65.i"   --->   Operation 28 'br' 'br_ln0' <Predicate = true> <Delay = 0.00>

State 2 <SV = 1> <Delay = 3.52>
ST_2 : Operation 29 [1/1] (0.00ns)   --->   "%j_1 = load i64 %j" [/home/cym/prj2/finn/notebooks/icl_thesis-master/real_event_sparse/hls/q16_esla_k13/src/q16_esla_k13.cpp:70]   --->   Operation 29 'load' 'j_1' <Predicate = true> <Delay = 0.00>
ST_2 : Operation 30 [1/1] (0.00ns)   --->   "%empty = trunc i64 %j_1" [/home/cym/prj2/finn/notebooks/icl_thesis-master/real_event_sparse/hls/q16_esla_k13/src/q16_esla_k13.cpp:70]   --->   Operation 30 'trunc' 'empty' <Predicate = true> <Delay = 0.00>
ST_2 : Operation 31 [1/1] (0.00ns)   --->   "%specbitsmap_ln0 = specbitsmap void @_ssdm_op_SpecBitsMap, i32 %gmem2"   --->   Operation 31 'specbitsmap' 'specbitsmap_ln0' <Predicate = true> <Delay = 0.00>
ST_2 : Operation 32 [1/1] (0.00ns)   --->   "%specpipeline_ln0 = specpipeline void @_ssdm_op_SpecPipeline, i32 4294967295, i32 0, i32 1, i32 0, void @p_str"   --->   Operation 32 'specpipeline' 'specpipeline_ln0' <Predicate = true> <Delay = 0.00>
ST_2 : Operation 33 [1/1] (0.00ns)   --->   "%tmp = bitselect i1 @_ssdm_op_BitSelect.i1.i64.i32, i64 %j_1, i32 63" [/home/cym/prj2/finn/notebooks/icl_thesis-master/real_event_sparse/hls/q16_esla_k13/src/q16_esla_k13.cpp:70]   --->   Operation 33 'bitselect' 'tmp' <Predicate = true> <Delay = 0.00>
ST_2 : Operation 34 [1/1] (0.00ns)   --->   "%br_ln70 = br i1 %tmp, void %land.rhs67.i, void %while.cond65.i.for.inc83.i_crit_edge.exitStub" [/home/cym/prj2/finn/notebooks/icl_thesis-master/real_event_sparse/hls/q16_esla_k13/src/q16_esla_k13.cpp:70]   --->   Operation 34 'br' 'br_ln70' <Predicate = true> <Delay = 0.00>
ST_2 : Operation 35 [1/1] (0.00ns)   --->   "%shl_ln70 = shl i64 %j_1, i64 2" [/home/cym/prj2/finn/notebooks/icl_thesis-master/real_event_sparse/hls/q16_esla_k13/src/q16_esla_k13.cpp:70]   --->   Operation 35 'shl' 'shl_ln70' <Predicate = (!tmp)> <Delay = 0.00>
ST_2 : Operation 36 [1/1] (3.52ns)   --->   "%add_ln70 = add i64 %shl_ln70, i64 %active_token_indices_read" [/home/cym/prj2/finn/notebooks/icl_thesis-master/real_event_sparse/hls/q16_esla_k13/src/q16_esla_k13.cpp:70]   --->   Operation 36 'add' 'add_ln70' <Predicate = (!tmp)> <Delay = 3.52> <CoreInst = "Adder">   --->   Core 1 'Adder' <Latency = 0> <II = 1> <Delay = 3.52> <FuncUnit> <Opcode : 'add' 'sub'> <InPorts = 2> <OutPorts = 1>
ST_2 : Operation 37 [1/1] (0.00ns)   --->   "%trunc_ln70_1 = partselect i62 @_ssdm_op_PartSelect.i62.i64.i32.i32, i64 %add_ln70, i32 2, i32 63" [/home/cym/prj2/finn/notebooks/icl_thesis-master/real_event_sparse/hls/q16_esla_k13/src/q16_esla_k13.cpp:70]   --->   Operation 37 'partselect' 'trunc_ln70_1' <Predicate = (!tmp)> <Delay = 0.00>
ST_2 : Operation 38 [1/1] (0.00ns)   --->   "%sext_ln70 = sext i62 %trunc_ln70_1" [/home/cym/prj2/finn/notebooks/icl_thesis-master/real_event_sparse/hls/q16_esla_k13/src/q16_esla_k13.cpp:70]   --->   Operation 38 'sext' 'sext_ln70' <Predicate = (!tmp)> <Delay = 0.00>
ST_2 : Operation 39 [1/1] (0.00ns)   --->   "%gmem2_addr = getelementptr i32 %gmem2, i64 %sext_ln70" [/home/cym/prj2/finn/notebooks/icl_thesis-master/real_event_sparse/hls/q16_esla_k13/src/q16_esla_k13.cpp:70]   --->   Operation 39 'getelementptr' 'gmem2_addr' <Predicate = (!tmp)> <Delay = 0.00>

State 3 <SV = 2> <Delay = 7.30>
ST_3 : Operation 40 [7/7] (7.30ns)   --->   "%gmem2_load_req = readreq i1 @_ssdm_op_ReadReq.m_axi.i32P1A, i32 %gmem2_addr, i32 1" [/home/cym/prj2/finn/notebooks/icl_thesis-master/real_event_sparse/hls/q16_esla_k13/src/q16_esla_k13.cpp:70]   --->   Operation 40 'readreq' 'gmem2_load_req' <Predicate = (!tmp)> <Delay = 7.30> <CoreInst = "m_axi">   --->   Core 113 'm_axi' <Latency = 0> <II = 1> <Delay = 1.00> <Adapter> <Opcode : 'read' 'write' 'readreq' 'writereq' 'writeresp'>

State 4 <SV = 3> <Delay = 7.30>
ST_4 : Operation 41 [6/7] (7.30ns)   --->   "%gmem2_load_req = readreq i1 @_ssdm_op_ReadReq.m_axi.i32P1A, i32 %gmem2_addr, i32 1" [/home/cym/prj2/finn/notebooks/icl_thesis-master/real_event_sparse/hls/q16_esla_k13/src/q16_esla_k13.cpp:70]   --->   Operation 41 'readreq' 'gmem2_load_req' <Predicate = (!tmp)> <Delay = 7.30> <CoreInst = "m_axi">   --->   Core 113 'm_axi' <Latency = 0> <II = 1> <Delay = 1.00> <Adapter> <Opcode : 'read' 'write' 'readreq' 'writereq' 'writeresp'>

State 5 <SV = 4> <Delay = 7.30>
ST_5 : Operation 42 [5/7] (7.30ns)   --->   "%gmem2_load_req = readreq i1 @_ssdm_op_ReadReq.m_axi.i32P1A, i32 %gmem2_addr, i32 1" [/home/cym/prj2/finn/notebooks/icl_thesis-master/real_event_sparse/hls/q16_esla_k13/src/q16_esla_k13.cpp:70]   --->   Operation 42 'readreq' 'gmem2_load_req' <Predicate = (!tmp)> <Delay = 7.30> <CoreInst = "m_axi">   --->   Core 113 'm_axi' <Latency = 0> <II = 1> <Delay = 1.00> <Adapter> <Opcode : 'read' 'write' 'readreq' 'writereq' 'writeresp'>

State 6 <SV = 5> <Delay = 7.30>
ST_6 : Operation 43 [4/7] (7.30ns)   --->   "%gmem2_load_req = readreq i1 @_ssdm_op_ReadReq.m_axi.i32P1A, i32 %gmem2_addr, i32 1" [/home/cym/prj2/finn/notebooks/icl_thesis-master/real_event_sparse/hls/q16_esla_k13/src/q16_esla_k13.cpp:70]   --->   Operation 43 'readreq' 'gmem2_load_req' <Predicate = (!tmp)> <Delay = 7.30> <CoreInst = "m_axi">   --->   Core 113 'm_axi' <Latency = 0> <II = 1> <Delay = 1.00> <Adapter> <Opcode : 'read' 'write' 'readreq' 'writereq' 'writeresp'>

State 7 <SV = 6> <Delay = 7.30>
ST_7 : Operation 44 [3/7] (7.30ns)   --->   "%gmem2_load_req = readreq i1 @_ssdm_op_ReadReq.m_axi.i32P1A, i32 %gmem2_addr, i32 1" [/home/cym/prj2/finn/notebooks/icl_thesis-master/real_event_sparse/hls/q16_esla_k13/src/q16_esla_k13.cpp:70]   --->   Operation 44 'readreq' 'gmem2_load_req' <Predicate = (!tmp)> <Delay = 7.30> <CoreInst = "m_axi">   --->   Core 113 'm_axi' <Latency = 0> <II = 1> <Delay = 1.00> <Adapter> <Opcode : 'read' 'write' 'readreq' 'writereq' 'writeresp'>

State 8 <SV = 7> <Delay = 7.30>
ST_8 : Operation 45 [2/7] (7.30ns)   --->   "%gmem2_load_req = readreq i1 @_ssdm_op_ReadReq.m_axi.i32P1A, i32 %gmem2_addr, i32 1" [/home/cym/prj2/finn/notebooks/icl_thesis-master/real_event_sparse/hls/q16_esla_k13/src/q16_esla_k13.cpp:70]   --->   Operation 45 'readreq' 'gmem2_load_req' <Predicate = (!tmp)> <Delay = 7.30> <CoreInst = "m_axi">   --->   Core 113 'm_axi' <Latency = 0> <II = 1> <Delay = 1.00> <Adapter> <Opcode : 'read' 'write' 'readreq' 'writereq' 'writeresp'>

State 9 <SV = 8> <Delay = 7.30>
ST_9 : Operation 46 [1/7] (7.30ns)   --->   "%gmem2_load_req = readreq i1 @_ssdm_op_ReadReq.m_axi.i32P1A, i32 %gmem2_addr, i32 1" [/home/cym/prj2/finn/notebooks/icl_thesis-master/real_event_sparse/hls/q16_esla_k13/src/q16_esla_k13.cpp:70]   --->   Operation 46 'readreq' 'gmem2_load_req' <Predicate = (!tmp)> <Delay = 7.30> <CoreInst = "m_axi">   --->   Core 113 'm_axi' <Latency = 0> <II = 1> <Delay = 1.00> <Adapter> <Opcode : 'read' 'write' 'readreq' 'writereq' 'writeresp'>

State 10 <SV = 9> <Delay = 7.30>
ST_10 : Operation 47 [1/1] (7.30ns)   --->   "%gmem2_addr_read = read i32 @_ssdm_op_Read.m_axi.i32P1A, i32 %gmem2_addr" [/home/cym/prj2/finn/notebooks/icl_thesis-master/real_event_sparse/hls/q16_esla_k13/src/q16_esla_k13.cpp:70]   --->   Operation 47 'read' 'gmem2_addr_read' <Predicate = (!tmp)> <Delay = 7.30> <CoreInst = "m_axi">   --->   Core 113 'm_axi' <Latency = 0> <II = 1> <Delay = 1.00> <Adapter> <Opcode : 'read' 'write' 'readreq' 'writereq' 'writeresp'>

State 11 <SV = 10> <Delay = 5.30>
ST_11 : Operation 48 [1/1] (0.00ns)   --->   "%specloopname_ln70 = specloopname void @_ssdm_op_SpecLoopName, void @empty_34" [/home/cym/prj2/finn/notebooks/icl_thesis-master/real_event_sparse/hls/q16_esla_k13/src/q16_esla_k13.cpp:70]   --->   Operation 48 'specloopname' 'specloopname_ln70' <Predicate = (!tmp)> <Delay = 0.00>
ST_11 : Operation 49 [1/1] (2.47ns)   --->   "%icmp_ln70 = icmp_sgt  i32 %gmem2_addr_read, i32 %key_read" [/home/cym/prj2/finn/notebooks/icl_thesis-master/real_event_sparse/hls/q16_esla_k13/src/q16_esla_k13.cpp:70]   --->   Operation 49 'icmp' 'icmp_ln70' <Predicate = (!tmp)> <Delay = 2.47> <CoreInst = "Cmp">   --->   Core 9 'Cmp' <Latency = 0> <II = 1> <Delay = 2.47> <FuncUnit> <Opcode : 'icmp'> <InPorts = 2> <OutPorts = 1>
ST_11 : Operation 50 [1/1] (0.00ns)   --->   "%br_ln70 = br i1 %icmp_ln70, void %land.rhs67.i.for.inc83.i_crit_edge.exitStub, void %while.body72.i" [/home/cym/prj2/finn/notebooks/icl_thesis-master/real_event_sparse/hls/q16_esla_k13/src/q16_esla_k13.cpp:70]   --->   Operation 50 'br' 'br_ln70' <Predicate = (!tmp)> <Delay = 0.00>
ST_11 : Operation 51 [1/1] (0.00ns) (grouped into TernaryAdder)   --->   "%add_ln71 = add i64 %shl_ln70, i64 4" [/home/cym/prj2/finn/notebooks/icl_thesis-master/real_event_sparse/hls/q16_esla_k13/src/q16_esla_k13.cpp:71]   --->   Operation 51 'add' 'add_ln71' <Predicate = (!tmp & icmp_ln70)> <Delay = 0.00> <CoreInst = "TAddSub">   --->   Core 10 'TAddSub' <Latency = 0> <II = 1> <Delay = 2.65> <IPBlock> <Opcode : 'add' 'sub'> <InPorts = 3> <OutPorts = 1> <Sync> <CReg>
ST_11 : Operation 52 [1/1] (5.30ns) (root node of TernaryAdder)   --->   "%add_ln71_1 = add i64 %add_ln71, i64 %active_token_indices_read" [/home/cym/prj2/finn/notebooks/icl_thesis-master/real_event_sparse/hls/q16_esla_k13/src/q16_esla_k13.cpp:71]   --->   Operation 52 'add' 'add_ln71_1' <Predicate = (!tmp & icmp_ln70)> <Delay = 5.30> <CoreInst = "TAddSub">   --->   Core 10 'TAddSub' <Latency = 0> <II = 1> <Delay = 2.65> <IPBlock> <Opcode : 'add' 'sub'> <InPorts = 3> <OutPorts = 1> <Sync> <CReg>
ST_11 : Operation 53 [1/1] (0.00ns)   --->   "%trunc_ln = partselect i62 @_ssdm_op_PartSelect.i62.i64.i32.i32, i64 %add_ln71_1, i32 2, i32 63" [/home/cym/prj2/finn/notebooks/icl_thesis-master/real_event_sparse/hls/q16_esla_k13/src/q16_esla_k13.cpp:71]   --->   Operation 53 'partselect' 'trunc_ln' <Predicate = (!tmp & icmp_ln70)> <Delay = 0.00>
ST_11 : Operation 54 [1/1] (0.00ns)   --->   "%sext_ln71 = sext i62 %trunc_ln" [/home/cym/prj2/finn/notebooks/icl_thesis-master/real_event_sparse/hls/q16_esla_k13/src/q16_esla_k13.cpp:71]   --->   Operation 54 'sext' 'sext_ln71' <Predicate = (!tmp & icmp_ln70)> <Delay = 0.00>
ST_11 : Operation 55 [1/1] (0.00ns)   --->   "%gmem2_addr_1 = getelementptr i32 %gmem2, i64 %sext_ln71" [/home/cym/prj2/finn/notebooks/icl_thesis-master/real_event_sparse/hls/q16_esla_k13/src/q16_esla_k13.cpp:71]   --->   Operation 55 'getelementptr' 'gmem2_addr_1' <Predicate = (!tmp & icmp_ln70)> <Delay = 0.00>

State 12 <SV = 11> <Delay = 7.30>
ST_12 : Operation 56 [1/1] (7.30ns)   --->   "%gmem2_addr_4_req = writereq i1 @_ssdm_op_WriteReq.m_axi.i32P1A, i32 %gmem2_addr_1, i32 1" [/home/cym/prj2/finn/notebooks/icl_thesis-master/real_event_sparse/hls/q16_esla_k13/src/q16_esla_k13.cpp:71]   --->   Operation 56 'writereq' 'gmem2_addr_4_req' <Predicate = (!tmp & icmp_ln70)> <Delay = 7.30> <CoreInst = "m_axi">   --->   Core 113 'm_axi' <Latency = 0> <II = 1> <Delay = 1.00> <Adapter> <Opcode : 'read' 'write' 'readreq' 'writereq' 'writeresp'>

State 13 <SV = 12> <Delay = 7.30>
ST_13 : Operation 57 [1/1] (7.30ns)   --->   "%write_ln71 = write void @_ssdm_op_Write.m_axi.i32P1A, i32 %gmem2_addr_1, i32 %gmem2_addr_read, i4 15" [/home/cym/prj2/finn/notebooks/icl_thesis-master/real_event_sparse/hls/q16_esla_k13/src/q16_esla_k13.cpp:71]   --->   Operation 57 'write' 'write_ln71' <Predicate = (!tmp & icmp_ln70)> <Delay = 7.30> <CoreInst = "m_axi">   --->   Core 113 'm_axi' <Latency = 0> <II = 1> <Delay = 1.00> <Adapter> <Opcode : 'read' 'write' 'readreq' 'writereq' 'writeresp'>

State 14 <SV = 13> <Delay = 7.30>
ST_14 : Operation 58 [5/5] (7.30ns)   --->   "%gmem2_addr_4_resp = writeresp i1 @_ssdm_op_WriteResp.m_axi.i32P1A, i32 %gmem2_addr_1" [/home/cym/prj2/finn/notebooks/icl_thesis-master/real_event_sparse/hls/q16_esla_k13/src/q16_esla_k13.cpp:71]   --->   Operation 58 'writeresp' 'gmem2_addr_4_resp' <Predicate = (!tmp & icmp_ln70)> <Delay = 7.30> <CoreInst = "m_axi">   --->   Core 113 'm_axi' <Latency = 0> <II = 1> <Delay = 1.00> <Adapter> <Opcode : 'read' 'write' 'readreq' 'writereq' 'writeresp'>
ST_14 : Operation 59 [1/1] (3.52ns)   --->   "%add_ln72 = add i64 %j_1, i64 18446744073709551615" [/home/cym/prj2/finn/notebooks/icl_thesis-master/real_event_sparse/hls/q16_esla_k13/src/q16_esla_k13.cpp:72]   --->   Operation 59 'add' 'add_ln72' <Predicate = (!tmp & icmp_ln70)> <Delay = 3.52> <CoreInst = "Adder">   --->   Core 1 'Adder' <Latency = 0> <II = 1> <Delay = 3.52> <FuncUnit> <Opcode : 'add' 'sub'> <InPorts = 2> <OutPorts = 1>
ST_14 : Operation 60 [1/1] (1.58ns)   --->   "%store_ln70 = store i64 %add_ln72, i64 %j" [/home/cym/prj2/finn/notebooks/icl_thesis-master/real_event_sparse/hls/q16_esla_k13/src/q16_esla_k13.cpp:70]   --->   Operation 60 'store' 'store_ln70' <Predicate = (!tmp & icmp_ln70)> <Delay = 1.58>

State 15 <SV = 14> <Delay = 7.30>
ST_15 : Operation 61 [4/5] (7.30ns)   --->   "%gmem2_addr_4_resp = writeresp i1 @_ssdm_op_WriteResp.m_axi.i32P1A, i32 %gmem2_addr_1" [/home/cym/prj2/finn/notebooks/icl_thesis-master/real_event_sparse/hls/q16_esla_k13/src/q16_esla_k13.cpp:71]   --->   Operation 61 'writeresp' 'gmem2_addr_4_resp' <Predicate = (!tmp & icmp_ln70)> <Delay = 7.30> <CoreInst = "m_axi">   --->   Core 113 'm_axi' <Latency = 0> <II = 1> <Delay = 1.00> <Adapter> <Opcode : 'read' 'write' 'readreq' 'writereq' 'writeresp'>

State 16 <SV = 15> <Delay = 7.30>
ST_16 : Operation 62 [3/5] (7.30ns)   --->   "%gmem2_addr_4_resp = writeresp i1 @_ssdm_op_WriteResp.m_axi.i32P1A, i32 %gmem2_addr_1" [/home/cym/prj2/finn/notebooks/icl_thesis-master/real_event_sparse/hls/q16_esla_k13/src/q16_esla_k13.cpp:71]   --->   Operation 62 'writeresp' 'gmem2_addr_4_resp' <Predicate = (!tmp & icmp_ln70)> <Delay = 7.30> <CoreInst = "m_axi">   --->   Core 113 'm_axi' <Latency = 0> <II = 1> <Delay = 1.00> <Adapter> <Opcode : 'read' 'write' 'readreq' 'writereq' 'writeresp'>

State 17 <SV = 16> <Delay = 7.30>
ST_17 : Operation 63 [2/5] (7.30ns)   --->   "%gmem2_addr_4_resp = writeresp i1 @_ssdm_op_WriteResp.m_axi.i32P1A, i32 %gmem2_addr_1" [/home/cym/prj2/finn/notebooks/icl_thesis-master/real_event_sparse/hls/q16_esla_k13/src/q16_esla_k13.cpp:71]   --->   Operation 63 'writeresp' 'gmem2_addr_4_resp' <Predicate = (!tmp & icmp_ln70)> <Delay = 7.30> <CoreInst = "m_axi">   --->   Core 113 'm_axi' <Latency = 0> <II = 1> <Delay = 1.00> <Adapter> <Opcode : 'read' 'write' 'readreq' 'writereq' 'writeresp'>

State 18 <SV = 17> <Delay = 7.30>
ST_18 : Operation 64 [1/5] (7.30ns)   --->   "%gmem2_addr_4_resp = writeresp i1 @_ssdm_op_WriteResp.m_axi.i32P1A, i32 %gmem2_addr_1" [/home/cym/prj2/finn/notebooks/icl_thesis-master/real_event_sparse/hls/q16_esla_k13/src/q16_esla_k13.cpp:71]   --->   Operation 64 'writeresp' 'gmem2_addr_4_resp' <Predicate = true> <Delay = 7.30> <CoreInst = "m_axi">   --->   Core 113 'm_axi' <Latency = 0> <II = 1> <Delay = 1.00> <Adapter> <Opcode : 'read' 'write' 'readreq' 'writereq' 'writeresp'>
ST_18 : Operation 65 [1/1] (0.00ns)   --->   "%br_ln70 = br void %while.cond65.i" [/home/cym/prj2/finn/notebooks/icl_thesis-master/real_event_sparse/hls/q16_esla_k13/src/q16_esla_k13.cpp:70]   --->   Operation 65 'br' 'br_ln70' <Predicate = true> <Delay = 0.00>

State 19 <SV = 11> <Delay = 0.00>
ST_19 : Operation 66 [1/1] (0.00ns)   --->   "%write_ln70 = write void @_ssdm_op_Write.ap_auto.i32P0A, i32 %j_1_out, i32 %empty" [/home/cym/prj2/finn/notebooks/icl_thesis-master/real_event_sparse/hls/q16_esla_k13/src/q16_esla_k13.cpp:70]   --->   Operation 66 'write' 'write_ln70' <Predicate = (!tmp)> <Delay = 0.00>
ST_19 : Operation 67 [1/1] (0.00ns)   --->   "%br_ln0 = br void %UnifiedReturnBlock"   --->   Operation 67 'br' 'br_ln0' <Predicate = (!tmp)> <Delay = 0.00>
ST_19 : Operation 68 [1/1] (0.00ns)   --->   "%ret_ln0 = ret"   --->   Operation 68 'ret' 'ret_ln0' <Predicate = true> <Delay = 0.00>

State 20 <SV = 2> <Delay = 0.00>
ST_20 : Operation 69 [1/1] (0.00ns)   --->   "%write_ln70 = write void @_ssdm_op_Write.ap_auto.i32P0A, i32 %j_1_out, i32 %empty" [/home/cym/prj2/finn/notebooks/icl_thesis-master/real_event_sparse/hls/q16_esla_k13/src/q16_esla_k13.cpp:70]   --->   Operation 69 'write' 'write_ln70' <Predicate = true> <Delay = 0.00>
ST_20 : Operation 70 [1/1] (0.00ns)   --->   "%br_ln0 = br void %UnifiedReturnBlock"   --->   Operation 70 'br' 'br_ln0' <Predicate = true> <Delay = 0.00>


============================================================
+ Verbose Summary: Timing violations
============================================================
Target clock period: 10ns, clock uncertainty: 2.7ns.

 <State 1>: 1.59ns
The critical path consists of the following:
	'alloca' operation ('j') [6]  (0 ns)
	'store' operation ('store_ln0') of variable 'zext_ln67_cast' on local variable 'j' [12]  (1.59 ns)

 <State 2>: 3.52ns
The critical path consists of the following:
	'load' operation ('j', /home/cym/prj2/finn/notebooks/icl_thesis-master/real_event_sparse/hls/q16_esla_k13/src/q16_esla_k13.cpp:70) on local variable 'j' [15]  (0 ns)
	'shl' operation ('shl_ln70', /home/cym/prj2/finn/notebooks/icl_thesis-master/real_event_sparse/hls/q16_esla_k13/src/q16_esla_k13.cpp:70) [23]  (0 ns)
	'add' operation ('add_ln70', /home/cym/prj2/finn/notebooks/icl_thesis-master/real_event_sparse/hls/q16_esla_k13/src/q16_esla_k13.cpp:70) [24]  (3.52 ns)

 <State 3>: 7.3ns
The critical path consists of the following:
	bus request operation ('gmem2_load_req', /home/cym/prj2/finn/notebooks/icl_thesis-master/real_event_sparse/hls/q16_esla_k13/src/q16_esla_k13.cpp:70) on port 'gmem2' (/home/cym/prj2/finn/notebooks/icl_thesis-master/real_event_sparse/hls/q16_esla_k13/src/q16_esla_k13.cpp:70) [28]  (7.3 ns)

 <State 4>: 7.3ns
The critical path consists of the following:
	bus request operation ('gmem2_load_req', /home/cym/prj2/finn/notebooks/icl_thesis-master/real_event_sparse/hls/q16_esla_k13/src/q16_esla_k13.cpp:70) on port 'gmem2' (/home/cym/prj2/finn/notebooks/icl_thesis-master/real_event_sparse/hls/q16_esla_k13/src/q16_esla_k13.cpp:70) [28]  (7.3 ns)

 <State 5>: 7.3ns
The critical path consists of the following:
	bus request operation ('gmem2_load_req', /home/cym/prj2/finn/notebooks/icl_thesis-master/real_event_sparse/hls/q16_esla_k13/src/q16_esla_k13.cpp:70) on port 'gmem2' (/home/cym/prj2/finn/notebooks/icl_thesis-master/real_event_sparse/hls/q16_esla_k13/src/q16_esla_k13.cpp:70) [28]  (7.3 ns)

 <State 6>: 7.3ns
The critical path consists of the following:
	bus request operation ('gmem2_load_req', /home/cym/prj2/finn/notebooks/icl_thesis-master/real_event_sparse/hls/q16_esla_k13/src/q16_esla_k13.cpp:70) on port 'gmem2' (/home/cym/prj2/finn/notebooks/icl_thesis-master/real_event_sparse/hls/q16_esla_k13/src/q16_esla_k13.cpp:70) [28]  (7.3 ns)

 <State 7>: 7.3ns
The critical path consists of the following:
	bus request operation ('gmem2_load_req', /home/cym/prj2/finn/notebooks/icl_thesis-master/real_event_sparse/hls/q16_esla_k13/src/q16_esla_k13.cpp:70) on port 'gmem2' (/home/cym/prj2/finn/notebooks/icl_thesis-master/real_event_sparse/hls/q16_esla_k13/src/q16_esla_k13.cpp:70) [28]  (7.3 ns)

 <State 8>: 7.3ns
The critical path consists of the following:
	bus request operation ('gmem2_load_req', /home/cym/prj2/finn/notebooks/icl_thesis-master/real_event_sparse/hls/q16_esla_k13/src/q16_esla_k13.cpp:70) on port 'gmem2' (/home/cym/prj2/finn/notebooks/icl_thesis-master/real_event_sparse/hls/q16_esla_k13/src/q16_esla_k13.cpp:70) [28]  (7.3 ns)

 <State 9>: 7.3ns
The critical path consists of the following:
	bus request operation ('gmem2_load_req', /home/cym/prj2/finn/notebooks/icl_thesis-master/real_event_sparse/hls/q16_esla_k13/src/q16_esla_k13.cpp:70) on port 'gmem2' (/home/cym/prj2/finn/notebooks/icl_thesis-master/real_event_sparse/hls/q16_esla_k13/src/q16_esla_k13.cpp:70) [28]  (7.3 ns)

 <State 10>: 7.3ns
The critical path consists of the following:
	bus read operation ('gmem2_addr_read', /home/cym/prj2/finn/notebooks/icl_thesis-master/real_event_sparse/hls/q16_esla_k13/src/q16_esla_k13.cpp:70) on port 'gmem2' (/home/cym/prj2/finn/notebooks/icl_thesis-master/real_event_sparse/hls/q16_esla_k13/src/q16_esla_k13.cpp:70) [29]  (7.3 ns)

 <State 11>: 5.31ns
The critical path consists of the following:
	'add' operation ('add_ln71', /home/cym/prj2/finn/notebooks/icl_thesis-master/real_event_sparse/hls/q16_esla_k13/src/q16_esla_k13.cpp:71) [33]  (0 ns)
	'add' operation ('add_ln71_1', /home/cym/prj2/finn/notebooks/icl_thesis-master/real_event_sparse/hls/q16_esla_k13/src/q16_esla_k13.cpp:71) [34]  (5.31 ns)

 <State 12>: 7.3ns
The critical path consists of the following:
	bus request operation ('gmem2_addr_4_req', /home/cym/prj2/finn/notebooks/icl_thesis-master/real_event_sparse/hls/q16_esla_k13/src/q16_esla_k13.cpp:71) on port 'gmem2' (/home/cym/prj2/finn/notebooks/icl_thesis-master/real_event_sparse/hls/q16_esla_k13/src/q16_esla_k13.cpp:71) [38]  (7.3 ns)

 <State 13>: 7.3ns
The critical path consists of the following:
	bus write operation ('write_ln71', /home/cym/prj2/finn/notebooks/icl_thesis-master/real_event_sparse/hls/q16_esla_k13/src/q16_esla_k13.cpp:71) on port 'gmem2' (/home/cym/prj2/finn/notebooks/icl_thesis-master/real_event_sparse/hls/q16_esla_k13/src/q16_esla_k13.cpp:71) [39]  (7.3 ns)

 <State 14>: 7.3ns
The critical path consists of the following:
	bus response operation ('gmem2_addr_4_resp', /home/cym/prj2/finn/notebooks/icl_thesis-master/real_event_sparse/hls/q16_esla_k13/src/q16_esla_k13.cpp:71) on port 'gmem2' (/home/cym/prj2/finn/notebooks/icl_thesis-master/real_event_sparse/hls/q16_esla_k13/src/q16_esla_k13.cpp:71) [40]  (7.3 ns)

 <State 15>: 7.3ns
The critical path consists of the following:
	bus response operation ('gmem2_addr_4_resp', /home/cym/prj2/finn/notebooks/icl_thesis-master/real_event_sparse/hls/q16_esla_k13/src/q16_esla_k13.cpp:71) on port 'gmem2' (/home/cym/prj2/finn/notebooks/icl_thesis-master/real_event_sparse/hls/q16_esla_k13/src/q16_esla_k13.cpp:71) [40]  (7.3 ns)

 <State 16>: 7.3ns
The critical path consists of the following:
	bus response operation ('gmem2_addr_4_resp', /home/cym/prj2/finn/notebooks/icl_thesis-master/real_event_sparse/hls/q16_esla_k13/src/q16_esla_k13.cpp:71) on port 'gmem2' (/home/cym/prj2/finn/notebooks/icl_thesis-master/real_event_sparse/hls/q16_esla_k13/src/q16_esla_k13.cpp:71) [40]  (7.3 ns)

 <State 17>: 7.3ns
The critical path consists of the following:
	bus response operation ('gmem2_addr_4_resp', /home/cym/prj2/finn/notebooks/icl_thesis-master/real_event_sparse/hls/q16_esla_k13/src/q16_esla_k13.cpp:71) on port 'gmem2' (/home/cym/prj2/finn/notebooks/icl_thesis-master/real_event_sparse/hls/q16_esla_k13/src/q16_esla_k13.cpp:71) [40]  (7.3 ns)

 <State 18>: 7.3ns
The critical path consists of the following:
	bus response operation ('gmem2_addr_4_resp', /home/cym/prj2/finn/notebooks/icl_thesis-master/real_event_sparse/hls/q16_esla_k13/src/q16_esla_k13.cpp:71) on port 'gmem2' (/home/cym/prj2/finn/notebooks/icl_thesis-master/real_event_sparse/hls/q16_esla_k13/src/q16_esla_k13.cpp:71) [40]  (7.3 ns)

 <State 19>: 0ns
The critical path consists of the following:

 <State 20>: 0ns
The critical path consists of the following:


============================================================
+ Verbose Summary: Binding
============================================================
N/A
* FSMD analyzer results:
  - Output states:
 - Input state : 
  - Chain level:
	State 1
	State 2
	State 3
	State 4
	State 5
	State 6
	State 7
	State 8
	State 9
	State 10
	State 11
	State 12
	State 13
	State 14
	State 15
	State 16
	State 17
	State 18
	State 19
	State 20


============================================================
+ Verbose Summary: Datapath Resource usage 
============================================================
N/A
