

================================================================
== Vitis HLS Report for 'q16_esla_k13_Pipeline_VITIS_LOOP_63_4'
================================================================
* Date:           Fri Jul  3 13:39:58 2026

* Version:        2022.2 (Build 3670227 on Oct 13 2022)
* Project:        q16_esla_k13_csynth
* Solution:       solution1 (Vivado IP Flow Target)
* Product family: zynq
* Target device:  xc7z020-clg400-1


================================================================
== Performance Estimates
================================================================
+ Timing: 
    * Summary: 
    +--------+----------+----------+------------+
    |  Clock |  Target  | Estimated| Uncertainty|
    +--------+----------+----------+------------+
    |ap_clk  |  10.00 ns|  7.300 ns|     2.70 ns|
    +--------+----------+----------+------------+

+ Latency: 
    * Summary: 
    +---------+---------+----------+----------+-----+-----+---------+
    |  Latency (cycles) |  Latency (absolute) |  Interval | Pipeline|
    |   min   |   max   |    min   |    max   | min | max |   Type  |
    +---------+---------+----------+----------+-----+-----+---------+
    |       16|       16|  0.160 us|  0.160 us|   16|   16|       no|
    +---------+---------+----------+----------+-----+-----+---------+

    + Detail: 
        * Instance: 
        N/A

        * Loop: 
        +-------------------+---------+---------+----------+-----------+-----------+------+----------+
        |                   |  Latency (cycles) | Iteration|  Initiation Interval  | Trip |          |
        |     Loop Name     |   min   |   max   |  Latency |  achieved |   target  | Count| Pipelined|
        +-------------------+---------+---------+----------+-----------+-----------+------+----------+
        |- VITIS_LOOP_63_4  |       14|       14|         3|          1|          1|    13|       yes|
        +-------------------+---------+---------+----------+-----------+-----------+------+----------+



================================================================
== Utilization Estimates
================================================================
* Summary: 
+-----------------+---------+-----+--------+-------+-----+
|       Name      | BRAM_18K| DSP |   FF   |  LUT  | URAM|
+-----------------+---------+-----+--------+-------+-----+
|DSP              |        -|    -|       -|      -|    -|
|Expression       |        -|    -|       0|     26|    -|
|FIFO             |        -|    -|       -|      -|    -|
|Instance         |        -|    -|       -|      -|    -|
|Memory           |        -|    -|       -|      -|    -|
|Multiplexer      |        -|    -|       -|     45|    -|
|Register         |        -|    -|      14|      -|    -|
+-----------------+---------+-----+--------+-------+-----+
|Total            |        0|    0|      14|     71|    0|
+-----------------+---------+-----+--------+-------+-----+
|Available        |      280|  220|  106400|  53200|    0|
+-----------------+---------+-----+--------+-------+-----+
|Utilization (%)  |        0|    0|      ~0|     ~0|    0|
+-----------------+---------+-----+--------+-------+-----+

+ Detail: 
    * Instance: 
    N/A

    * DSP: 
    N/A

    * Memory: 
    N/A

    * FIFO: 
    N/A

    * Expression: 
    +---------------------------+----------+----+---+----+------------+------------+
    |       Variable Name       | Operation| DSP| FF| LUT| Bitwidth P0| Bitwidth P1|
    +---------------------------+----------+----+---+----+------------+------------+
    |add_ln63_fu_103_p2         |         +|   0|  0|  13|           4|           1|
    |ap_block_pp0_stage0_11001  |       and|   0|  0|   2|           1|           1|
    |icmp_ln63_fu_97_p2         |      icmp|   0|  0|   9|           4|           3|
    |ap_enable_pp0              |       xor|   0|  0|   2|           1|           2|
    +---------------------------+----------+----+---+----+------------+------------+
    |Total                      |          |   0|  0|  26|          10|           7|
    +---------------------------+----------+----+---+----+------------+------------+

    * Multiplexer: 
    +-------------------------+----+-----------+-----+-----------+
    |           Name          | LUT| Input Size| Bits| Total Bits|
    +-------------------------+----+-----------+-----+-----------+
    |a_fu_54                  |   9|          2|    4|          8|
    |ap_done_int              |   9|          2|    1|          2|
    |ap_enable_reg_pp0_iter2  |   9|          2|    1|          2|
    |ap_sig_allocacmp_a_1     |   9|          2|    4|          8|
    |gmem2_blk_n_W            |   9|          2|    1|          2|
    +-------------------------+----+-----------+-----+-----------+
    |Total                    |  45|         10|   11|         22|
    +-------------------------+----+-----------+-----+-----------+

    * Register: 
    +----------------------------------+---+----+-----+-----------+
    |               Name               | FF| LUT| Bits| Const Bits|
    +----------------------------------+---+----+-----+-----------+
    |a_fu_54                           |  4|   0|    4|          0|
    |ap_CS_fsm                         |  1|   0|    1|          0|
    |ap_done_reg                       |  1|   0|    1|          0|
    |ap_enable_reg_pp0_iter1           |  1|   0|    1|          0|
    |ap_enable_reg_pp0_iter2           |  1|   0|    1|          0|
    |ap_loop_exit_ready_pp0_iter1_reg  |  1|   0|    1|          0|
    |icmp_ln63_reg_140                 |  1|   0|    1|          0|
    |sorted_index_load_reg_154         |  4|   0|    4|          0|
    +----------------------------------+---+----+-----+-----------+
    |Total                             | 14|   0|   14|          0|
    +----------------------------------+---+----+-----+-----------+



================================================================
== Interface
================================================================
* Summary: 
+-----------------------+-----+-----+------------+---------------------------------------+--------------+
|       RTL Ports       | Dir | Bits|  Protocol  |             Source Object             |    C Type    |
+-----------------------+-----+-----+------------+---------------------------------------+--------------+
|ap_clk                 |   in|    1|  ap_ctrl_hs|  q16_esla_k13_Pipeline_VITIS_LOOP_63_4|  return value|
|ap_rst                 |   in|    1|  ap_ctrl_hs|  q16_esla_k13_Pipeline_VITIS_LOOP_63_4|  return value|
|ap_start               |   in|    1|  ap_ctrl_hs|  q16_esla_k13_Pipeline_VITIS_LOOP_63_4|  return value|
|ap_done                |  out|    1|  ap_ctrl_hs|  q16_esla_k13_Pipeline_VITIS_LOOP_63_4|  return value|
|ap_idle                |  out|    1|  ap_ctrl_hs|  q16_esla_k13_Pipeline_VITIS_LOOP_63_4|  return value|
|ap_ready               |  out|    1|  ap_ctrl_hs|  q16_esla_k13_Pipeline_VITIS_LOOP_63_4|  return value|
|m_axi_gmem2_AWVALID    |  out|    1|       m_axi|                                  gmem2|       pointer|
|m_axi_gmem2_AWREADY    |   in|    1|       m_axi|                                  gmem2|       pointer|
|m_axi_gmem2_AWADDR     |  out|   64|       m_axi|                                  gmem2|       pointer|
|m_axi_gmem2_AWID       |  out|    1|       m_axi|                                  gmem2|       pointer|
|m_axi_gmem2_AWLEN      |  out|   32|       m_axi|                                  gmem2|       pointer|
|m_axi_gmem2_AWSIZE     |  out|    3|       m_axi|                                  gmem2|       pointer|
|m_axi_gmem2_AWBURST    |  out|    2|       m_axi|                                  gmem2|       pointer|
|m_axi_gmem2_AWLOCK     |  out|    2|       m_axi|                                  gmem2|       pointer|
|m_axi_gmem2_AWCACHE    |  out|    4|       m_axi|                                  gmem2|       pointer|
|m_axi_gmem2_AWPROT     |  out|    3|       m_axi|                                  gmem2|       pointer|
|m_axi_gmem2_AWQOS      |  out|    4|       m_axi|                                  gmem2|       pointer|
|m_axi_gmem2_AWREGION   |  out|    4|       m_axi|                                  gmem2|       pointer|
|m_axi_gmem2_AWUSER     |  out|    1|       m_axi|                                  gmem2|       pointer|
|m_axi_gmem2_WVALID     |  out|    1|       m_axi|                                  gmem2|       pointer|
|m_axi_gmem2_WREADY     |   in|    1|       m_axi|                                  gmem2|       pointer|
|m_axi_gmem2_WDATA      |  out|   32|       m_axi|                                  gmem2|       pointer|
|m_axi_gmem2_WSTRB      |  out|    4|       m_axi|                                  gmem2|       pointer|
|m_axi_gmem2_WLAST      |  out|    1|       m_axi|                                  gmem2|       pointer|
|m_axi_gmem2_WID        |  out|    1|       m_axi|                                  gmem2|       pointer|
|m_axi_gmem2_WUSER      |  out|    1|       m_axi|                                  gmem2|       pointer|
|m_axi_gmem2_ARVALID    |  out|    1|       m_axi|                                  gmem2|       pointer|
|m_axi_gmem2_ARREADY    |   in|    1|       m_axi|                                  gmem2|       pointer|
|m_axi_gmem2_ARADDR     |  out|   64|       m_axi|                                  gmem2|       pointer|
|m_axi_gmem2_ARID       |  out|    1|       m_axi|                                  gmem2|       pointer|
|m_axi_gmem2_ARLEN      |  out|   32|       m_axi|                                  gmem2|       pointer|
|m_axi_gmem2_ARSIZE     |  out|    3|       m_axi|                                  gmem2|       pointer|
|m_axi_gmem2_ARBURST    |  out|    2|       m_axi|                                  gmem2|       pointer|
|m_axi_gmem2_ARLOCK     |  out|    2|       m_axi|                                  gmem2|       pointer|
|m_axi_gmem2_ARCACHE    |  out|    4|       m_axi|                                  gmem2|       pointer|
|m_axi_gmem2_ARPROT     |  out|    3|       m_axi|                                  gmem2|       pointer|
|m_axi_gmem2_ARQOS      |  out|    4|       m_axi|                                  gmem2|       pointer|
|m_axi_gmem2_ARREGION   |  out|    4|       m_axi|                                  gmem2|       pointer|
|m_axi_gmem2_ARUSER     |  out|    1|       m_axi|                                  gmem2|       pointer|
|m_axi_gmem2_RVALID     |   in|    1|       m_axi|                                  gmem2|       pointer|
|m_axi_gmem2_RREADY     |  out|    1|       m_axi|                                  gmem2|       pointer|
|m_axi_gmem2_RDATA      |   in|   32|       m_axi|                                  gmem2|       pointer|
|m_axi_gmem2_RLAST      |   in|    1|       m_axi|                                  gmem2|       pointer|
|m_axi_gmem2_RID        |   in|    1|       m_axi|                                  gmem2|       pointer|
|m_axi_gmem2_RFIFONUM   |   in|    9|       m_axi|                                  gmem2|       pointer|
|m_axi_gmem2_RUSER      |   in|    1|       m_axi|                                  gmem2|       pointer|
|m_axi_gmem2_RRESP      |   in|    2|       m_axi|                                  gmem2|       pointer|
|m_axi_gmem2_BVALID     |   in|    1|       m_axi|                                  gmem2|       pointer|
|m_axi_gmem2_BREADY     |  out|    1|       m_axi|                                  gmem2|       pointer|
|m_axi_gmem2_BRESP      |   in|    2|       m_axi|                                  gmem2|       pointer|
|m_axi_gmem2_BID        |   in|    1|       m_axi|                                  gmem2|       pointer|
|m_axi_gmem2_BUSER      |   in|    1|       m_axi|                                  gmem2|       pointer|
|sext_ln63              |   in|   62|     ap_none|                              sext_ln63|        scalar|
|sorted_index_address0  |  out|    4|   ap_memory|                           sorted_index|         array|
|sorted_index_ce0       |  out|    1|   ap_memory|                           sorted_index|         array|
|sorted_index_q0        |   in|    4|   ap_memory|                           sorted_index|         array|
+-----------------------+-----+-----+------------+---------------------------------------+--------------+

============================================================
+ Verbose Summary: Synthesis Manager
============================================================
InlineROM: 1
ExposeGlobal: 0
============================================================
+ Verbose Summary: CDFG Model
============================================================
IsTopModel: 0
ResetActiveHigh: 1
IsCombinational: 2
IsDatapathOnly: 2
HasWiredReturn: 1
HasMFsm: 2
HasVarLatency: 1
IsPipeline: 0
IsRtlPipelined: 0
IsInstanceOverlapped: 0
IsDontTouch: 0
HasImplIP: 0
IsGatedGlobalClock: 0

+ Individual pipeline summary: 
  * Pipeline-0: initiation interval (II) = 1, depth = 3


============================================================
+ Verbose Summary: Schedule
============================================================
* Number of FSM states : 3
* Pipeline : 1
  Pipeline-0 : II = 1, D = 3, States = { 1 2 3 }
* Dataflow Pipeline: 0

* FSM state transitions: 
1 --> 2 
2 --> 3 
3 --> 

* FSM state operations: 

State 1 <SV = 0> <Delay = 3.32>
ST_1 : Operation 6 [1/1] (0.00ns)   --->   "%a = alloca i32 1"   --->   Operation 6 'alloca' 'a' <Predicate = true> <Delay = 0.00>
ST_1 : Operation 7 [1/1] (0.00ns)   --->   "%sext_ln63_read = read i62 @_ssdm_op_Read.ap_auto.i62, i62 %sext_ln63"   --->   Operation 7 'read' 'sext_ln63_read' <Predicate = true> <Delay = 0.00>
ST_1 : Operation 8 [1/1] (0.00ns)   --->   "%sext_ln63_cast = sext i62 %sext_ln63_read"   --->   Operation 8 'sext' 'sext_ln63_cast' <Predicate = true> <Delay = 0.00>
ST_1 : Operation 9 [1/1] (0.00ns)   --->   "%specinterface_ln0 = specinterface void @_ssdm_op_SpecInterface, i32 %gmem2, void @empty_10, i32 0, i32 0, void @empty_36, i32 0, i32 13, void @empty_22, void @empty_37, void @empty_36, i32 16, i32 16, i32 16, i32 16, void @empty_36, void @empty_36, i32 4294967295, i32 0"   --->   Operation 9 'specinterface' 'specinterface_ln0' <Predicate = true> <Delay = 0.00>
ST_1 : Operation 10 [1/1] (1.58ns)   --->   "%store_ln0 = store i4 0, i4 %a"   --->   Operation 10 'store' 'store_ln0' <Predicate = true> <Delay = 1.58>
ST_1 : Operation 11 [1/1] (0.00ns)   --->   "%br_ln0 = br void %for.inc53.i"   --->   Operation 11 'br' 'br_ln0' <Predicate = true> <Delay = 0.00>
ST_1 : Operation 12 [1/1] (0.00ns)   --->   "%a_1 = load i4 %a" [/home/cym/prj2/finn/notebooks/icl_thesis-master/real_event_sparse/hls/q16_esla_k13/src/q16_esla_k13.cpp:63]   --->   Operation 12 'load' 'a_1' <Predicate = true> <Delay = 0.00>
ST_1 : Operation 13 [1/1] (1.30ns)   --->   "%icmp_ln63 = icmp_eq  i4 %a_1, i4 13" [/home/cym/prj2/finn/notebooks/icl_thesis-master/real_event_sparse/hls/q16_esla_k13/src/q16_esla_k13.cpp:63]   --->   Operation 13 'icmp' 'icmp_ln63' <Predicate = true> <Delay = 1.30> <CoreInst = "Cmp">   --->   Core 9 'Cmp' <Latency = 0> <II = 1> <Delay = 1.30> <FuncUnit> <Opcode : 'icmp'> <InPorts = 2> <OutPorts = 1>
ST_1 : Operation 14 [1/1] (1.73ns)   --->   "%add_ln63 = add i4 %a_1, i4 1" [/home/cym/prj2/finn/notebooks/icl_thesis-master/real_event_sparse/hls/q16_esla_k13/src/q16_esla_k13.cpp:63]   --->   Operation 14 'add' 'add_ln63' <Predicate = true> <Delay = 1.73> <CoreInst = "Adder">   --->   Core 1 'Adder' <Latency = 0> <II = 1> <Delay = 1.73> <FuncUnit> <Opcode : 'add' 'sub'> <InPorts = 2> <OutPorts = 1>
ST_1 : Operation 15 [1/1] (0.00ns)   --->   "%br_ln63 = br i1 %icmp_ln63, void %for.inc53.i.split, void %VITIS_LOOP_67_5.i.exitStub" [/home/cym/prj2/finn/notebooks/icl_thesis-master/real_event_sparse/hls/q16_esla_k13/src/q16_esla_k13.cpp:63]   --->   Operation 15 'br' 'br_ln63' <Predicate = true> <Delay = 0.00>
ST_1 : Operation 16 [1/1] (0.00ns)   --->   "%a_cast = zext i4 %a_1" [/home/cym/prj2/finn/notebooks/icl_thesis-master/real_event_sparse/hls/q16_esla_k13/src/q16_esla_k13.cpp:63]   --->   Operation 16 'zext' 'a_cast' <Predicate = (!icmp_ln63)> <Delay = 0.00>
ST_1 : Operation 17 [1/1] (0.00ns)   --->   "%sorted_index_addr = getelementptr i4 %sorted_index, i64 0, i64 %a_cast" [/home/cym/prj2/finn/notebooks/icl_thesis-master/real_event_sparse/hls/q16_esla_k13/src/q16_esla_k13.cpp:64]   --->   Operation 17 'getelementptr' 'sorted_index_addr' <Predicate = (!icmp_ln63)> <Delay = 0.00>
ST_1 : Operation 18 [2/2] (2.32ns)   --->   "%sorted_index_load = load i4 %sorted_index_addr" [/home/cym/prj2/finn/notebooks/icl_thesis-master/real_event_sparse/hls/q16_esla_k13/src/q16_esla_k13.cpp:64]   --->   Operation 18 'load' 'sorted_index_load' <Predicate = (!icmp_ln63)> <Delay = 2.32> <CoreInst = "RAM_1WnR">   --->   Core 83 'RAM_1WnR' <Latency = 1> <II = 1> <Delay = 2.32> <Storage> <Opcode : 'load' 'store'> <Ports = 17> <Width = 4> <Depth = 16> <RAM>
ST_1 : Operation 19 [1/1] (1.58ns)   --->   "%store_ln63 = store i4 %add_ln63, i4 %a" [/home/cym/prj2/finn/notebooks/icl_thesis-master/real_event_sparse/hls/q16_esla_k13/src/q16_esla_k13.cpp:63]   --->   Operation 19 'store' 'store_ln63' <Predicate = (!icmp_ln63)> <Delay = 1.58>

State 2 <SV = 1> <Delay = 2.32>
ST_2 : Operation 20 [1/1] (0.00ns)   --->   "%specbitsmap_ln0 = specbitsmap void @_ssdm_op_SpecBitsMap, i32 %gmem2"   --->   Operation 20 'specbitsmap' 'specbitsmap_ln0' <Predicate = true> <Delay = 0.00>
ST_2 : Operation 21 [1/1] (0.00ns)   --->   "%gmem2_addr = getelementptr i32 %gmem2, i64 %sext_ln63_cast" [/home/cym/prj2/finn/notebooks/icl_thesis-master/real_event_sparse/hls/q16_esla_k13/src/q16_esla_k13.cpp:63]   --->   Operation 21 'getelementptr' 'gmem2_addr' <Predicate = true> <Delay = 0.00>
ST_2 : Operation 22 [1/1] (0.00ns)   --->   "%specpipeline_ln0 = specpipeline void @_ssdm_op_SpecPipeline, i32 4294967295, i32 0, i32 1, i32 0, void @p_str"   --->   Operation 22 'specpipeline' 'specpipeline_ln0' <Predicate = true> <Delay = 0.00>
ST_2 : Operation 23 [1/1] (0.00ns)   --->   "%empty = speclooptripcount i32 @_ssdm_op_SpecLoopTripCount, i64 13, i64 13, i64 13"   --->   Operation 23 'speclooptripcount' 'empty' <Predicate = true> <Delay = 0.00>
ST_2 : Operation 24 [1/2] (2.32ns)   --->   "%sorted_index_load = load i4 %sorted_index_addr" [/home/cym/prj2/finn/notebooks/icl_thesis-master/real_event_sparse/hls/q16_esla_k13/src/q16_esla_k13.cpp:64]   --->   Operation 24 'load' 'sorted_index_load' <Predicate = (!icmp_ln63)> <Delay = 2.32> <CoreInst = "RAM_1WnR">   --->   Core 83 'RAM_1WnR' <Latency = 1> <II = 1> <Delay = 2.32> <Storage> <Opcode : 'load' 'store'> <Ports = 17> <Width = 4> <Depth = 16> <RAM>
ST_2 : Operation 29 [1/1] (0.00ns)   --->   "%ret_ln0 = ret"   --->   Operation 29 'ret' 'ret_ln0' <Predicate = (icmp_ln63)> <Delay = 0.00>

State 3 <SV = 2> <Delay = 7.30>
ST_3 : Operation 25 [1/1] (0.00ns)   --->   "%specloopname_ln63 = specloopname void @_ssdm_op_SpecLoopName, void @empty_16" [/home/cym/prj2/finn/notebooks/icl_thesis-master/real_event_sparse/hls/q16_esla_k13/src/q16_esla_k13.cpp:63]   --->   Operation 25 'specloopname' 'specloopname_ln63' <Predicate = true> <Delay = 0.00>
ST_3 : Operation 26 [1/1] (0.00ns)   --->   "%zext_ln64 = zext i4 %sorted_index_load" [/home/cym/prj2/finn/notebooks/icl_thesis-master/real_event_sparse/hls/q16_esla_k13/src/q16_esla_k13.cpp:64]   --->   Operation 26 'zext' 'zext_ln64' <Predicate = true> <Delay = 0.00>
ST_3 : Operation 27 [1/1] (7.30ns)   --->   "%write_ln64 = write void @_ssdm_op_Write.m_axi.p1i32, i64 %gmem2_addr, i32 %zext_ln64, i4 15" [/home/cym/prj2/finn/notebooks/icl_thesis-master/real_event_sparse/hls/q16_esla_k13/src/q16_esla_k13.cpp:64]   --->   Operation 27 'write' 'write_ln64' <Predicate = true> <Delay = 7.30> <CoreInst = "m_axi">   --->   Core 113 'm_axi' <Latency = 0> <II = 1> <Delay = 1.00> <Adapter> <Opcode : 'read' 'write' 'readreq' 'writereq' 'writeresp'>
ST_3 : Operation 28 [1/1] (0.00ns)   --->   "%br_ln63 = br void %for.inc53.i" [/home/cym/prj2/finn/notebooks/icl_thesis-master/real_event_sparse/hls/q16_esla_k13/src/q16_esla_k13.cpp:63]   --->   Operation 28 'br' 'br_ln63' <Predicate = true> <Delay = 0.00>


============================================================
+ Verbose Summary: Binding
============================================================
STG Binding: 
---------------- STG Properties BEGIN ----------------
- Is combinational: 0
- Is one-state seq: 0
- Is datapath-only: 0
- Is pipelined: 0
- Is top level: 0
Port [ Return ] is wired: 1; IO mode=ap_ctrl_hs:ce=0
Port [ gmem2]:  wired=1; compound=1; hidden=0; nouse=0; global=0; static=0; extern=0; dir=1; type=4; pingpong=0; private_global=0; IO mode=m_axi:ce=0
Port [ sext_ln63]:  wired=1; compound=0; hidden=0; nouse=0; global=0; static=0; extern=0; dir=0; type=0; pingpong=0; private_global=0; IO mode=ap_none:ce=0
Port [ sorted_index]:  wired=1; compound=1; hidden=0; nouse=0; global=0; static=0; extern=0; dir=0; type=1; pingpong=0; private_global=0; MemPort=[13333333333333333]; IO mode=ap_memory:ce=0
---------------- STG Properties END ------------------

---------------- Datapath Model BEGIN ----------------

<LifeTime>
<method=bitvector/>
a                 (alloca           ) [ 0100]
sext_ln63_read    (read             ) [ 0000]
sext_ln63_cast    (sext             ) [ 0110]
specinterface_ln0 (specinterface    ) [ 0000]
store_ln0         (store            ) [ 0000]
br_ln0            (br               ) [ 0000]
a_1               (load             ) [ 0000]
icmp_ln63         (icmp             ) [ 0110]
add_ln63          (add              ) [ 0000]
br_ln63           (br               ) [ 0000]
a_cast            (zext             ) [ 0000]
sorted_index_addr (getelementptr    ) [ 0110]
store_ln63        (store            ) [ 0000]
specbitsmap_ln0   (specbitsmap      ) [ 0000]
gmem2_addr        (getelementptr    ) [ 0101]
specpipeline_ln0  (specpipeline     ) [ 0000]
empty             (speclooptripcount) [ 0000]
sorted_index_load (load             ) [ 0101]
specloopname_ln63 (specloopname     ) [ 0000]
zext_ln64         (zext             ) [ 0000]
write_ln64        (write            ) [ 0000]
br_ln63           (br               ) [ 0000]
ret_ln0           (ret              ) [ 0000]
</LifeTime>

<model>

<comp_list>
<comp id="0" class="1000" name="gmem2">
<pin_list>
<pin id="1" dir="1" index="0" bw="1" slack="0"/>
</pin_list>
<bind>
<StgValue><ssdm name="gmem2"/></StgValue>
</bind>
</comp>

<comp id="2" class="1000" name="sext_ln63">
<pin_list>
<pin id="3" dir="1" index="0" bw="1" slack="0"/>
</pin_list>
<bind>
<StgValue><ssdm name="sext_ln63"/></StgValue>
</bind>
</comp>

<comp id="4" class="1000" name="sorted_index">
<pin_list>
<pin id="5" dir="1" index="0" bw="1" slack="0"/>
</pin_list>
<bind>
<StgValue><ssdm name="sorted_index"/><MemPortTyVec>1 3 3 3 3 3 3 3 3 3 3 3 3 3 3 3 3 </MemPortTyVec>
</StgValue>
</bind>
</comp>

<comp id="6" class="1001" name="const_6">
<pin_list>
<pin id="7" dir="1" index="0" bw="1" slack="0"/>
</pin_list>
<bind>
<StgValue><ssdm name=""/></StgValue>
</bind>
</comp>

<comp id="8" class="1001" name="const_8">
<pin_list>
<pin id="9" dir="1" index="0" bw="1" slack="0"/>
</pin_list>
<bind>
<StgValue><ssdm name="_ssdm_op_Read.ap_auto.i62"/></StgValue>
</bind>
</comp>

<comp id="10" class="1001" name="const_10">
<pin_list>
<pin id="11" dir="1" index="0" bw="1" slack="2147483647"/>
</pin_list>
<bind>
<StgValue><ssdm name="_ssdm_op_SpecInterface"/></StgValue>
</bind>
</comp>

<comp id="12" class="1001" name="const_12">
<pin_list>
<pin id="13" dir="1" index="0" bw="1" slack="2147483647"/>
</pin_list>
<bind>
<StgValue><ssdm name="empty_10"/></StgValue>
</bind>
</comp>

<comp id="14" class="1001" name="const_14">
<pin_list>
<pin id="15" dir="1" index="0" bw="1" slack="2147483647"/>
</pin_list>
<bind>
<StgValue><ssdm name=""/></StgValue>
</bind>
</comp>

<comp id="16" class="1001" name="const_16">
<pin_list>
<pin id="17" dir="1" index="0" bw="1" slack="2147483647"/>
</pin_list>
<bind>
<StgValue><ssdm name="empty_36"/></StgValue>
</bind>
</comp>

<comp id="18" class="1001" name="const_18">
<pin_list>
<pin id="19" dir="1" index="0" bw="1" slack="2147483647"/>
</pin_list>
<bind>
<StgValue><ssdm name=""/></StgValue>
</bind>
</comp>

<comp id="20" class="1001" name="const_20">
<pin_list>
<pin id="21" dir="1" index="0" bw="1" slack="2147483647"/>
</pin_list>
<bind>
<StgValue><ssdm name="empty_22"/></StgValue>
</bind>
</comp>

<comp id="22" class="1001" name="const_22">
<pin_list>
<pin id="23" dir="1" index="0" bw="1" slack="2147483647"/>
</pin_list>
<bind>
<StgValue><ssdm name="empty_37"/></StgValue>
</bind>
</comp>

<comp id="24" class="1001" name="const_24">
<pin_list>
<pin id="25" dir="1" index="0" bw="1" slack="2147483647"/>
</pin_list>
<bind>
<StgValue><ssdm name=""/></StgValue>
</bind>
</comp>

<comp id="26" class="1001" name="const_26">
<pin_list>
<pin id="27" dir="1" index="0" bw="1" slack="2147483647"/>
</pin_list>
<bind>
<StgValue><ssdm name=""/></StgValue>
</bind>
</comp>

<comp id="28" class="1001" name="const_28">
<pin_list>
<pin id="29" dir="1" index="0" bw="1" slack="0"/>
</pin_list>
<bind>
<StgValue><ssdm name=""/></StgValue>
</bind>
</comp>

<comp id="30" class="1001" name="const_30">
<pin_list>
<pin id="31" dir="1" index="0" bw="1" slack="0"/>
</pin_list>
<bind>
<StgValue><ssdm name=""/></StgValue>
</bind>
</comp>

<comp id="32" class="1001" name="const_32">
<pin_list>
<pin id="33" dir="1" index="0" bw="1" slack="0"/>
</pin_list>
<bind>
<StgValue><ssdm name=""/></StgValue>
</bind>
</comp>

<comp id="34" class="1001" name="const_34">
<pin_list>
<pin id="35" dir="1" index="0" bw="1" slack="0"/>
</pin_list>
<bind>
<StgValue><ssdm name=""/></StgValue>
</bind>
</comp>

<comp id="36" class="1001" name="const_36">
<pin_list>
<pin id="37" dir="1" index="0" bw="1" slack="2147483647"/>
</pin_list>
<bind>
<StgValue><ssdm name="_ssdm_op_SpecBitsMap"/></StgValue>
</bind>
</comp>

<comp id="38" class="1001" name="const_38">
<pin_list>
<pin id="39" dir="1" index="0" bw="1" slack="2147483647"/>
</pin_list>
<bind>
<StgValue><ssdm name="_ssdm_op_SpecPipeline"/></StgValue>
</bind>
</comp>

<comp id="40" class="1001" name="const_40">
<pin_list>
<pin id="41" dir="1" index="0" bw="1" slack="2147483647"/>
</pin_list>
<bind>
<StgValue><ssdm name="p_str"/></StgValue>
</bind>
</comp>

<comp id="42" class="1001" name="const_42">
<pin_list>
<pin id="43" dir="1" index="0" bw="1" slack="2147483647"/>
</pin_list>
<bind>
<StgValue><ssdm name="_ssdm_op_SpecLoopTripCount"/></StgValue>
</bind>
</comp>

<comp id="44" class="1001" name="const_44">
<pin_list>
<pin id="45" dir="1" index="0" bw="1" slack="2147483647"/>
</pin_list>
<bind>
<StgValue><ssdm name=""/></StgValue>
</bind>
</comp>

<comp id="46" class="1001" name="const_46">
<pin_list>
<pin id="47" dir="1" index="0" bw="1" slack="2147483647"/>
</pin_list>
<bind>
<StgValue><ssdm name="_ssdm_op_SpecLoopName"/></StgValue>
</bind>
</comp>

<comp id="48" class="1001" name="const_48">
<pin_list>
<pin id="49" dir="1" index="0" bw="1" slack="2147483647"/>
</pin_list>
<bind>
<StgValue><ssdm name="empty_16"/></StgValue>
</bind>
</comp>

<comp id="50" class="1001" name="const_50">
<pin_list>
<pin id="51" dir="1" index="0" bw="1" slack="0"/>
</pin_list>
<bind>
<StgValue><ssdm name="_ssdm_op_Write.m_axi.p1i32"/></StgValue>
</bind>
</comp>

<comp id="52" class="1001" name="const_52">
<pin_list>
<pin id="53" dir="1" index="0" bw="1" slack="0"/>
</pin_list>
<bind>
<StgValue><ssdm name=""/></StgValue>
</bind>
</comp>

<comp id="54" class="1004" name="a_fu_54">
<pin_list>
<pin id="55" dir="0" index="0" bw="1" slack="0"/>
<pin id="56" dir="1" index="1" bw="4" slack="0"/>
</pin_list>
<bind>
<opcode="alloca(26) " fcode="alloca"/>
<opset="a/1 "/>
</bind>
</comp>

<comp id="58" class="1004" name="sext_ln63_read_read_fu_58">
<pin_list>
<pin id="59" dir="0" index="0" bw="62" slack="0"/>
<pin id="60" dir="0" index="1" bw="62" slack="0"/>
<pin id="61" dir="1" index="2" bw="62" slack="0"/>
</pin_list>
<bind>
<opcode="read(1150) " fcode="read"/>
<opset="sext_ln63_read/1 "/>
</bind>
</comp>

<comp id="64" class="1004" name="write_ln64_write_fu_64">
<pin_list>
<pin id="65" dir="0" index="0" bw="0" slack="0"/>
<pin id="66" dir="0" index="1" bw="32" slack="1"/>
<pin id="67" dir="0" index="2" bw="4" slack="0"/>
<pin id="68" dir="0" index="3" bw="1" slack="0"/>
<pin id="69" dir="1" index="4" bw="0" slack="2147483647"/>
</pin_list>
<bind>
<opcode="write(1151) " fcode="write"/>
<opset="write_ln64/3 "/>
</bind>
</comp>

<comp id="72" class="1004" name="sorted_index_addr_gep_fu_72">
<pin_list>
<pin id="73" dir="0" index="0" bw="4" slack="0"/>
<pin id="74" dir="0" index="1" bw="1" slack="0"/>
<pin id="75" dir="0" index="2" bw="4" slack="0"/>
<pin id="76" dir="1" index="3" bw="4" slack="0"/>
</pin_list>
<bind>
<opcode="getelementptr(29) " fcode="getelementptr"/>
<opset="sorted_index_addr/1 "/>
</bind>
</comp>

<comp id="79" class="1004" name="grp_access_fu_79">
<pin_list>
<pin id="80" dir="0" index="0" bw="4" slack="0"/>
<pin id="81" dir="0" index="1" bw="4" slack="2147483647"/>
<pin id="82" dir="0" index="2" bw="0" slack="2147483647"/>
<pin id="83" dir="1" index="3" bw="4" slack="1"/>
</pin_list>
<bind>
<opcode="load(27) " fcode="load"/>
<opset="sorted_index_load/1 "/>
</bind>
</comp>

<comp id="85" class="1004" name="sext_ln63_cast_fu_85">
<pin_list>
<pin id="86" dir="0" index="0" bw="62" slack="0"/>
<pin id="87" dir="1" index="1" bw="64" slack="1"/>
</pin_list>
<bind>
<opcode="sext(35) " fcode="sext"/>
<opset="sext_ln63_cast/1 "/>
</bind>
</comp>

<comp id="89" class="1004" name="store_ln0_store_fu_89">
<pin_list>
<pin id="90" dir="0" index="0" bw="1" slack="0"/>
<pin id="91" dir="0" index="1" bw="4" slack="0"/>
<pin id="92" dir="1" index="2" bw="0" slack="2147483647"/>
</pin_list>
<bind>
<opcode="store(28) " fcode="store"/>
<opset="store_ln0/1 "/>
</bind>
</comp>

<comp id="94" class="1004" name="a_1_load_fu_94">
<pin_list>
<pin id="95" dir="0" index="0" bw="4" slack="0"/>
<pin id="96" dir="1" index="1" bw="4" slack="0"/>
</pin_list>
<bind>
<opcode="load(27) " fcode="load"/>
<opset="a_1/1 "/>
</bind>
</comp>

<comp id="97" class="1004" name="icmp_ln63_fu_97">
<pin_list>
<pin id="98" dir="0" index="0" bw="4" slack="0"/>
<pin id="99" dir="0" index="1" bw="4" slack="0"/>
<pin id="100" dir="1" index="2" bw="1" slack="1"/>
</pin_list>
<bind>
<opcode="icmp(45) " fcode="icmp"/>
<opset="icmp_ln63/1 "/>
</bind>
</comp>

<comp id="103" class="1004" name="add_ln63_fu_103">
<pin_list>
<pin id="104" dir="0" index="0" bw="4" slack="0"/>
<pin id="105" dir="0" index="1" bw="1" slack="0"/>
<pin id="106" dir="1" index="2" bw="4" slack="0"/>
</pin_list>
<bind>
<opcode="add(8) " fcode="add"/>
<opset="add_ln63/1 "/>
</bind>
</comp>

<comp id="109" class="1004" name="a_cast_fu_109">
<pin_list>
<pin id="110" dir="0" index="0" bw="4" slack="0"/>
<pin id="111" dir="1" index="1" bw="64" slack="0"/>
</pin_list>
<bind>
<opcode="zext(34) " fcode="zext"/>
<opset="a_cast/1 "/>
</bind>
</comp>

<comp id="114" class="1004" name="store_ln63_store_fu_114">
<pin_list>
<pin id="115" dir="0" index="0" bw="4" slack="0"/>
<pin id="116" dir="0" index="1" bw="4" slack="0"/>
<pin id="117" dir="1" index="2" bw="0" slack="2147483647"/>
</pin_list>
<bind>
<opcode="store(28) " fcode="store"/>
<opset="store_ln63/1 "/>
</bind>
</comp>

<comp id="119" class="1004" name="gmem2_addr_fu_119">
<pin_list>
<pin id="120" dir="0" index="0" bw="64" slack="0"/>
<pin id="121" dir="0" index="1" bw="64" slack="1"/>
<pin id="122" dir="1" index="2" bw="64" slack="1"/>
</pin_list>
<bind>
<opcode="getelementptr(29) " fcode="getelementptr"/>
<opset="gmem2_addr/2 "/>
</bind>
</comp>

<comp id="124" class="1004" name="zext_ln64_fu_124">
<pin_list>
<pin id="125" dir="0" index="0" bw="4" slack="1"/>
<pin id="126" dir="1" index="1" bw="32" slack="0"/>
</pin_list>
<bind>
<opcode="zext(34) " fcode="zext"/>
<opset="zext_ln64/3 "/>
</bind>
</comp>

<comp id="128" class="1005" name="a_reg_128">
<pin_list>
<pin id="129" dir="0" index="0" bw="4" slack="0"/>
<pin id="130" dir="1" index="1" bw="4" slack="0"/>
</pin_list>
<bind>
<opset="a "/>
</bind>
</comp>

<comp id="135" class="1005" name="sext_ln63_cast_reg_135">
<pin_list>
<pin id="136" dir="0" index="0" bw="64" slack="1"/>
<pin id="137" dir="1" index="1" bw="64" slack="1"/>
</pin_list>
<bind>
<opset="sext_ln63_cast "/>
</bind>
</comp>

<comp id="140" class="1005" name="icmp_ln63_reg_140">
<pin_list>
<pin id="141" dir="0" index="0" bw="1" slack="1"/>
<pin id="142" dir="1" index="1" bw="1" slack="2147483647"/>
</pin_list>
<bind>
<opset="icmp_ln63 "/>
</bind>
</comp>

<comp id="144" class="1005" name="sorted_index_addr_reg_144">
<pin_list>
<pin id="145" dir="0" index="0" bw="4" slack="1"/>
<pin id="146" dir="1" index="1" bw="4" slack="1"/>
</pin_list>
<bind>
<opset="sorted_index_addr "/>
</bind>
</comp>

<comp id="149" class="1005" name="gmem2_addr_reg_149">
<pin_list>
<pin id="150" dir="0" index="0" bw="32" slack="1"/>
<pin id="151" dir="1" index="1" bw="32" slack="1"/>
</pin_list>
<bind>
<opset="gmem2_addr "/>
</bind>
</comp>

<comp id="154" class="1005" name="sorted_index_load_reg_154">
<pin_list>
<pin id="155" dir="0" index="0" bw="4" slack="1"/>
<pin id="156" dir="1" index="1" bw="4" slack="1"/>
</pin_list>
<bind>
<opset="sorted_index_load "/>
</bind>
</comp>

</comp_list>

<net_list>
<net id="57"><net_src comp="6" pin="0"/><net_sink comp="54" pin=0"/></net>

<net id="62"><net_src comp="8" pin="0"/><net_sink comp="58" pin=0"/></net>

<net id="63"><net_src comp="2" pin="0"/><net_sink comp="58" pin=1"/></net>

<net id="70"><net_src comp="50" pin="0"/><net_sink comp="64" pin=0"/></net>

<net id="71"><net_src comp="52" pin="0"/><net_sink comp="64" pin=3"/></net>

<net id="77"><net_src comp="4" pin="0"/><net_sink comp="72" pin=0"/></net>

<net id="78"><net_src comp="34" pin="0"/><net_sink comp="72" pin=1"/></net>

<net id="84"><net_src comp="72" pin="3"/><net_sink comp="79" pin=0"/></net>

<net id="88"><net_src comp="58" pin="2"/><net_sink comp="85" pin=0"/></net>

<net id="93"><net_src comp="28" pin="0"/><net_sink comp="89" pin=0"/></net>

<net id="101"><net_src comp="94" pin="1"/><net_sink comp="97" pin=0"/></net>

<net id="102"><net_src comp="30" pin="0"/><net_sink comp="97" pin=1"/></net>

<net id="107"><net_src comp="94" pin="1"/><net_sink comp="103" pin=0"/></net>

<net id="108"><net_src comp="32" pin="0"/><net_sink comp="103" pin=1"/></net>

<net id="112"><net_src comp="94" pin="1"/><net_sink comp="109" pin=0"/></net>

<net id="113"><net_src comp="109" pin="1"/><net_sink comp="72" pin=2"/></net>

<net id="118"><net_src comp="103" pin="2"/><net_sink comp="114" pin=0"/></net>

<net id="123"><net_src comp="0" pin="0"/><net_sink comp="119" pin=0"/></net>

<net id="127"><net_src comp="124" pin="1"/><net_sink comp="64" pin=2"/></net>

<net id="131"><net_src comp="54" pin="1"/><net_sink comp="128" pin=0"/></net>

<net id="132"><net_src comp="128" pin="1"/><net_sink comp="89" pin=1"/></net>

<net id="133"><net_src comp="128" pin="1"/><net_sink comp="94" pin=0"/></net>

<net id="134"><net_src comp="128" pin="1"/><net_sink comp="114" pin=1"/></net>

<net id="138"><net_src comp="85" pin="1"/><net_sink comp="135" pin=0"/></net>

<net id="139"><net_src comp="135" pin="1"/><net_sink comp="119" pin=1"/></net>

<net id="143"><net_src comp="97" pin="2"/><net_sink comp="140" pin=0"/></net>

<net id="147"><net_src comp="72" pin="3"/><net_sink comp="144" pin=0"/></net>

<net id="148"><net_src comp="144" pin="1"/><net_sink comp="79" pin=0"/></net>

<net id="152"><net_src comp="119" pin="2"/><net_sink comp="149" pin=0"/></net>

<net id="153"><net_src comp="149" pin="1"/><net_sink comp="64" pin=1"/></net>

<net id="157"><net_src comp="79" pin="3"/><net_sink comp="154" pin=0"/></net>

<net id="158"><net_src comp="154" pin="1"/><net_sink comp="124" pin=0"/></net>

</net_list>

</model> 
---------------- Datapath Model END ------------------

* FSMD analyzer results:
  - Output states:
	Port: gmem2 | {3 }
 - Input state : 
	Port: q16_esla_k13_Pipeline_VITIS_LOOP_63_4 : gmem2 | {}
	Port: q16_esla_k13_Pipeline_VITIS_LOOP_63_4 : sext_ln63 | {1 }
	Port: q16_esla_k13_Pipeline_VITIS_LOOP_63_4 : sorted_index | {1 2 }
  - Chain level:
	State 1
		store_ln0 : 1
		a_1 : 1
		icmp_ln63 : 2
		add_ln63 : 2
		br_ln63 : 3
		a_cast : 2
		sorted_index_addr : 3
		sorted_index_load : 4
		store_ln63 : 3
	State 2
	State 3
		write_ln64 : 1


============================================================
+ Verbose Summary: Datapath Resource usage 
============================================================

* Functional unit list:
|----------|---------------------------|---------|---------|
| Operation|      Functional Unit      |    FF   |   LUT   |
|----------|---------------------------|---------|---------|
|    add   |      add_ln63_fu_103      |    0    |    13   |
|----------|---------------------------|---------|---------|
|   icmp   |      icmp_ln63_fu_97      |    0    |    9    |
|----------|---------------------------|---------|---------|
|   read   | sext_ln63_read_read_fu_58 |    0    |    0    |
|----------|---------------------------|---------|---------|
|   write  |   write_ln64_write_fu_64  |    0    |    0    |
|----------|---------------------------|---------|---------|
|   sext   |    sext_ln63_cast_fu_85   |    0    |    0    |
|----------|---------------------------|---------|---------|
|   zext   |       a_cast_fu_109       |    0    |    0    |
|          |      zext_ln64_fu_124     |    0    |    0    |
|----------|---------------------------|---------|---------|
|   Total  |                           |    0    |    22   |
|----------|---------------------------|---------|---------|

Memories:
N/A

* Register list:
+-------------------------+--------+
|                         |   FF   |
+-------------------------+--------+
|        a_reg_128        |    4   |
|    gmem2_addr_reg_149   |   32   |
|    icmp_ln63_reg_140    |    1   |
|  sext_ln63_cast_reg_135 |   64   |
|sorted_index_addr_reg_144|    4   |
|sorted_index_load_reg_154|    4   |
+-------------------------+--------+
|          Total          |   109  |
+-------------------------+--------+

* Multiplexer (MUX) list: 
|------------------|------|------|------|--------||---------||---------|
|       Comp       |  Pin | Size |  BW  | S x BW ||  Delay  ||   LUT   |
|------------------|------|------|------|--------||---------||---------|
| grp_access_fu_79 |  p0  |   2  |   4  |    8   ||    9    |
|------------------|------|------|------|--------||---------||---------|
|       Total      |      |      |      |    8   ||  1.588  ||    9    |
|------------------|------|------|------|--------||---------||---------|



* Summary:
+-----------+--------+--------+--------+
|           |  Delay |   FF   |   LUT  |
+-----------+--------+--------+--------+
|  Function |    -   |    0   |   22   |
|   Memory  |    -   |    -   |    -   |
|Multiplexer|    1   |    -   |    9   |
|  Register |    -   |   109  |    -   |
+-----------+--------+--------+--------+
|   Total   |    1   |   109  |   31   |
+-----------+--------+--------+--------+
