

================================================================
== Vitis HLS Report for 'q16_esla_k13_Pipeline_VITIS_LOOP_70_6'
================================================================
* Date:           Fri Jul  3 13:39:58 2026

* Version:        2022.2 (Build 3670227 on Oct 13 2022)
* Project:        q16_esla_k13_csynth
* Solution:       solution1 (Vivado IP Flow Target)
* Product family: zynq
* Target device:  xc7z020-clg400-1


================================================================
== Performance Estimates
================================================================
+ Timing: 
    * Summary: 
    +--------+----------+----------+------------+
    |  Clock |  Target  | Estimated| Uncertainty|
    +--------+----------+----------+------------+
    |ap_clk  |  10.00 ns|  7.300 ns|     2.70 ns|
    +--------+----------+----------+------------+

+ Latency: 
    * Summary: 
    +---------+---------+----------+----------+-----+-----+---------+
    |  Latency (cycles) |  Latency (absolute) |  Interval | Pipeline|
    |   min   |   max   |    min   |    max   | min | max |   Type  |
    +---------+---------+----------+----------+-----+-----+---------+
    |        ?|        ?|         ?|         ?|    ?|    ?|       no|
    +---------+---------+----------+----------+-----+-----+---------+

    + Detail: 
        * Instance: 
        N/A

        * Loop: 
        +-------------------+---------+---------+----------+-----------+-----------+------+----------+
        |                   |  Latency (cycles) | Iteration|  Initiation Interval  | Trip |          |
        |     Loop Name     |   min   |   max   |  Latency |  achieved |   target  | Count| Pipelined|
        +-------------------+---------+---------+----------+-----------+-----------+------+----------+
        |- VITIS_LOOP_70_6  |        ?|        ?|        17|         16|          1|     ?|       yes|
        +-------------------+---------+---------+----------+-----------+-----------+------+----------+



================================================================
== Utilization Estimates
================================================================
* Summary: 
+-----------------+---------+-----+--------+-------+-----+
|       Name      | BRAM_18K| DSP |   FF   |  LUT  | URAM|
+-----------------+---------+-----+--------+-------+-----+
|DSP              |        -|    -|       -|      -|    -|
|Expression       |        -|    -|       0|    312|    -|
|FIFO             |        -|    -|       -|      -|    -|
|Instance         |        -|    -|       -|      -|    -|
|Memory           |        -|    -|       -|      -|    -|
|Multiplexer      |        -|    -|       -|    163|    -|
|Register         |        -|    -|     405|      -|    -|
+-----------------+---------+-----+--------+-------+-----+
|Total            |        0|    0|     405|    475|    0|
+-----------------+---------+-----+--------+-------+-----+
|Available        |      280|  220|  106400|  53200|    0|
+-----------------+---------+-----+--------+-------+-----+
|Utilization (%)  |        0|    0|      ~0|     ~0|    0|
+-----------------+---------+-----+--------+-------+-----+

+ Detail: 
    * Instance: 
    N/A

    * DSP: 
    N/A

    * Memory: 
    N/A

    * FIFO: 
    N/A

    * Expression: 
    +------------------------------------+----------+----+---+----+------------+------------+
    |            Variable Name           | Operation| DSP| FF| LUT| Bitwidth P0| Bitwidth P1|
    +------------------------------------+----------+----+---+----+------------+------------+
    |add_ln70_fu_161_p2                  |         +|   0|  0|  71|          64|          64|
    |add_ln71_1_fu_195_p2                |         +|   0|  0|  64|          64|          64|
    |add_ln71_fu_190_p2                  |         +|   0|  0|  64|          64|           3|
    |add_ln72_fu_220_p2                  |         +|   0|  0|  71|          64|           2|
    |ap_block_pp0_stage0_11001           |       and|   0|  0|   2|           1|           1|
    |ap_block_pp0_stage10_11001          |       and|   0|  0|   2|           1|           1|
    |ap_block_pp0_stage11_11001          |       and|   0|  0|   2|           1|           1|
    |ap_block_pp0_stage1_11001           |       and|   0|  0|   2|           1|           1|
    |ap_block_pp0_stage8_11001           |       and|   0|  0|   2|           1|           1|
    |ap_block_state10_pp0_stage8_iter0   |       and|   0|  0|   2|           1|           1|
    |ap_block_state12_io                 |       and|   0|  0|   2|           1|           1|
    |ap_block_state13_io                 |       and|   0|  0|   2|           1|           1|
    |ap_block_state3_io                  |       and|   0|  0|   2|           1|           1|
    |ap_predicate_op56_writereq_state12  |       and|   0|  0|   2|           1|           1|
    |ap_predicate_tran11to19_state11     |       and|   0|  0|   2|           1|           1|
    |icmp_ln70_fu_186_p2                 |      icmp|   0|  0|  18|          32|          32|
    |ap_enable_pp0                       |       xor|   0|  0|   2|           1|           2|
    +------------------------------------+----------+----+---+----+------------+------------+
    |Total                               |          |   0|  0| 312|         300|         178|
    +------------------------------------+----------+----+---+----+------------+------------+

    * Multiplexer: 
    +-------------------------+-----+-----------+-----+-----------+
    |           Name          | LUT | Input Size| Bits| Total Bits|
    +-------------------------+-----+-----------+-----+-----------+
    |ap_NS_fsm                |  100|         20|    1|         20|
    |ap_enable_reg_pp0_iter1  |    9|          2|    1|          2|
    |gmem2_blk_n_AR           |    9|          2|    1|          2|
    |gmem2_blk_n_AW           |    9|          2|    1|          2|
    |gmem2_blk_n_B            |    9|          2|    1|          2|
    |gmem2_blk_n_R            |    9|          2|    1|          2|
    |gmem2_blk_n_W            |    9|          2|    1|          2|
    |j_fu_74                  |    9|          2|   64|        128|
    +-------------------------+-----+-----------+-----+-----------+
    |Total                    |  163|         34|   71|        160|
    +-------------------------+-----+-----------+-----+-----------+

    * Register: 
    +-------------------------+----+----+-----+-----------+
    |           Name          | FF | LUT| Bits| Const Bits|
    +-------------------------+----+----+-----+-----------+
    |ap_CS_fsm                |  19|   0|   19|          0|
    |ap_enable_reg_pp0_iter0  |   1|   0|    1|          0|
    |ap_enable_reg_pp0_iter1  |   1|   0|    1|          0|
    |empty_reg_253            |  32|   0|   32|          0|
    |gmem2_addr_1_reg_283     |  64|   0|   64|          0|
    |gmem2_addr_read_reg_273  |  32|   0|   32|          0|
    |gmem2_addr_reg_267       |  64|   0|   64|          0|
    |icmp_ln70_reg_279        |   1|   0|    1|          0|
    |j_1_reg_248              |  64|   0|   64|          0|
    |j_fu_74                  |  64|   0|   64|          0|
    |shl_ln70_reg_262         |  62|   0|   64|          2|
    |tmp_reg_258              |   1|   0|    1|          0|
    +-------------------------+----+----+-----+-----------+
    |Total                    | 405|   0|  407|          2|
    +-------------------------+----+----+-----+-----------+



================================================================
== Interface
================================================================
* Summary: 
+----------------------+-----+-----+------------+---------------------------------------+--------------+
|       RTL Ports      | Dir | Bits|  Protocol  |             Source Object             |    C Type    |
+----------------------+-----+-----+------------+---------------------------------------+--------------+
|ap_clk                |   in|    1|  ap_ctrl_hs|  q16_esla_k13_Pipeline_VITIS_LOOP_70_6|  return value|
|ap_rst                |   in|    1|  ap_ctrl_hs|  q16_esla_k13_Pipeline_VITIS_LOOP_70_6|  return value|
|ap_start              |   in|    1|  ap_ctrl_hs|  q16_esla_k13_Pipeline_VITIS_LOOP_70_6|  return value|
|ap_done               |  out|    1|  ap_ctrl_hs|  q16_esla_k13_Pipeline_VITIS_LOOP_70_6|  return value|
|ap_idle               |  out|    1|  ap_ctrl_hs|  q16_esla_k13_Pipeline_VITIS_LOOP_70_6|  return value|
|ap_ready              |  out|    1|  ap_ctrl_hs|  q16_esla_k13_Pipeline_VITIS_LOOP_70_6|  return value|
|zext_ln67             |   in|    4|     ap_none|                              zext_ln67|        scalar|
|m_axi_gmem2_AWVALID   |  out|    1|       m_axi|                                  gmem2|       pointer|
|m_axi_gmem2_AWREADY   |   in|    1|       m_axi|                                  gmem2|       pointer|
|m_axi_gmem2_AWADDR    |  out|   64|       m_axi|                                  gmem2|       pointer|
|m_axi_gmem2_AWID      |  out|    1|       m_axi|                                  gmem2|       pointer|
|m_axi_gmem2_AWLEN     |  out|   32|       m_axi|                                  gmem2|       pointer|
|m_axi_gmem2_AWSIZE    |  out|    3|       m_axi|                                  gmem2|       pointer|
|m_axi_gmem2_AWBURST   |  out|    2|       m_axi|                                  gmem2|       pointer|
|m_axi_gmem2_AWLOCK    |  out|    2|       m_axi|                                  gmem2|       pointer|
|m_axi_gmem2_AWCACHE   |  out|    4|       m_axi|                                  gmem2|       pointer|
|m_axi_gmem2_AWPROT    |  out|    3|       m_axi|                                  gmem2|       pointer|
|m_axi_gmem2_AWQOS     |  out|    4|       m_axi|                                  gmem2|       pointer|
|m_axi_gmem2_AWREGION  |  out|    4|       m_axi|                                  gmem2|       pointer|
|m_axi_gmem2_AWUSER    |  out|    1|       m_axi|                                  gmem2|       pointer|
|m_axi_gmem2_WVALID    |  out|    1|       m_axi|                                  gmem2|       pointer|
|m_axi_gmem2_WREADY    |   in|    1|       m_axi|                                  gmem2|       pointer|
|m_axi_gmem2_WDATA     |  out|   32|       m_axi|                                  gmem2|       pointer|
|m_axi_gmem2_WSTRB     |  out|    4|       m_axi|                                  gmem2|       pointer|
|m_axi_gmem2_WLAST     |  out|    1|       m_axi|                                  gmem2|       pointer|
|m_axi_gmem2_WID       |  out|    1|       m_axi|                                  gmem2|       pointer|
|m_axi_gmem2_WUSER     |  out|    1|       m_axi|                                  gmem2|       pointer|
|m_axi_gmem2_ARVALID   |  out|    1|       m_axi|                                  gmem2|       pointer|
|m_axi_gmem2_ARREADY   |   in|    1|       m_axi|                                  gmem2|       pointer|
|m_axi_gmem2_ARADDR    |  out|   64|       m_axi|                                  gmem2|       pointer|
|m_axi_gmem2_ARID      |  out|    1|       m_axi|                                  gmem2|       pointer|
|m_axi_gmem2_ARLEN     |  out|   32|       m_axi|                                  gmem2|       pointer|
|m_axi_gmem2_ARSIZE    |  out|    3|       m_axi|                                  gmem2|       pointer|
|m_axi_gmem2_ARBURST   |  out|    2|       m_axi|                                  gmem2|       pointer|
|m_axi_gmem2_ARLOCK    |  out|    2|       m_axi|                                  gmem2|       pointer|
|m_axi_gmem2_ARCACHE   |  out|    4|       m_axi|                                  gmem2|       pointer|
|m_axi_gmem2_ARPROT    |  out|    3|       m_axi|                                  gmem2|       pointer|
|m_axi_gmem2_ARQOS     |  out|    4|       m_axi|                                  gmem2|       pointer|
|m_axi_gmem2_ARREGION  |  out|    4|       m_axi|                                  gmem2|       pointer|
|m_axi_gmem2_ARUSER    |  out|    1|       m_axi|                                  gmem2|       pointer|
|m_axi_gmem2_RVALID    |   in|    1|       m_axi|                                  gmem2|       pointer|
|m_axi_gmem2_RREADY    |  out|    1|       m_axi|                                  gmem2|       pointer|
|m_axi_gmem2_RDATA     |   in|   32|       m_axi|                                  gmem2|       pointer|
|m_axi_gmem2_RLAST     |   in|    1|       m_axi|                                  gmem2|       pointer|
|m_axi_gmem2_RID       |   in|    1|       m_axi|                                  gmem2|       pointer|
|m_axi_gmem2_RFIFONUM  |   in|    9|       m_axi|                                  gmem2|       pointer|
|m_axi_gmem2_RUSER     |   in|    1|       m_axi|                                  gmem2|       pointer|
|m_axi_gmem2_RRESP     |   in|    2|       m_axi|                                  gmem2|       pointer|
|m_axi_gmem2_BVALID    |   in|    1|       m_axi|                                  gmem2|       pointer|
|m_axi_gmem2_BREADY    |  out|    1|       m_axi|                                  gmem2|       pointer|
|m_axi_gmem2_BRESP     |   in|    2|       m_axi|                                  gmem2|       pointer|
|m_axi_gmem2_BID       |   in|    1|       m_axi|                                  gmem2|       pointer|
|m_axi_gmem2_BUSER     |   in|    1|       m_axi|                                  gmem2|       pointer|
|active_token_indices  |   in|   64|     ap_none|                   active_token_indices|        scalar|
|key                   |   in|   32|     ap_none|                                    key|        scalar|
|j_1_out               |  out|   32|      ap_vld|                                j_1_out|       pointer|
|j_1_out_ap_vld        |  out|    1|      ap_vld|                                j_1_out|       pointer|
+----------------------+-----+-----+------------+---------------------------------------+--------------+

============================================================
+ Verbose Summary: Synthesis Manager
============================================================
InlineROM: 1
ExposeGlobal: 0
============================================================
+ Verbose Summary: CDFG Model
============================================================
IsTopModel: 0
ResetActiveHigh: 1
IsCombinational: 2
IsDatapathOnly: 2
HasWiredReturn: 1
HasMFsm: 2
HasVarLatency: 1
IsPipeline: 0
IsRtlPipelined: 0
IsInstanceOverlapped: 0
IsDontTouch: 0
HasImplIP: 0
IsGatedGlobalClock: 0

+ Individual pipeline summary: 
  * Pipeline-0: initiation interval (II) = 16, depth = 17


============================================================
+ Verbose Summary: Schedule
============================================================
* Number of FSM states : 20
* Pipeline : 1
  Pipeline-0 : II = 16, D = 17, States = { 2 3 4 5 6 7 8 9 10 11 12 13 14 15 16 17 18 }
* Dataflow Pipeline: 0

* FSM state transitions: 
1 --> 2 
2 --> 3 
3 --> 4 
4 --> 5 
5 --> 6 
6 --> 7 
7 --> 8 
8 --> 9 
9 --> 10 
10 --> 11 
11 --> 19 20 12 
12 --> 13 
13 --> 14 
14 --> 15 
15 --> 16 
16 --> 17 
17 --> 18 
18 --> 2 
19 --> 
20 --> 19 

* FSM state operations: 

State 1 <SV = 0> <Delay = 1.58>
ST_1 : Operation 21 [1/1] (0.00ns)   --->   "%j = alloca i32 1"   --->   Operation 21 'alloca' 'j' <Predicate = true> <Delay = 0.00>
ST_1 : Operation 22 [1/1] (0.00ns)   --->   "%key_read = read i32 @_ssdm_op_Read.ap_auto.i32, i32 %key"   --->   Operation 22 'read' 'key_read' <Predicate = true> <Delay = 0.00>
ST_1 : Operation 23 [1/1] (0.00ns)   --->   "%active_token_indices_read = read i64 @_ssdm_op_Read.ap_auto.i64, i64 %active_token_indices"   --->   Operation 23 'read' 'active_token_indices_read' <Predicate = true> <Delay = 0.00>
ST_1 : Operation 24 [1/1] (0.00ns)   --->   "%zext_ln67_read = read i4 @_ssdm_op_Read.ap_auto.i4, i4 %zext_ln67"   --->   Operation 24 'read' 'zext_ln67_read' <Predicate = true> <Delay = 0.00>
ST_1 : Operation 25 [1/1] (0.00ns)   --->   "%zext_ln67_cast = zext i4 %zext_ln67_read"   --->   Operation 25 'zext' 'zext_ln67_cast' <Predicate = true> <Delay = 0.00>
ST_1 : Operation 26 [1/1] (0.00ns)   --->   "%specinterface_ln0 = specinterface void @_ssdm_op_SpecInterface, i32 %gmem2, void @empty_10, i32 0, i32 0, void @empty_36, i32 0, i32 13, void @empty_22, void @empty_37, void @empty_36, i32 16, i32 16, i32 16, i32 16, void @empty_36, void @empty_36, i32 4294967295, i32 0"   --->   Operation 26 'specinterface' 'specinterface_ln0' <Predicate = true> <Delay = 0.00>
ST_1 : Operation 27 [1/1] (1.58ns)   --->   "%store_ln0 = store i64 %zext_ln67_cast, i64 %j"   --->   Operation 27 'store' 'store_ln0' <Predicate = true> <Delay = 1.58>
ST_1 : Operation 28 [1/1] (0.00ns)   --->   "%br_ln0 = br void %while.cond65.i"   --->   Operation 28 'br' 'br_ln0' <Predicate = true> <Delay = 0.00>

State 2 <SV = 1> <Delay = 3.52>
ST_2 : Operation 29 [1/1] (0.00ns)   --->   "%j_1 = load i64 %j" [/home/cym/prj2/finn/notebooks/icl_thesis-master/real_event_sparse/hls/q16_esla_k13/src/q16_esla_k13.cpp:70]   --->   Operation 29 'load' 'j_1' <Predicate = true> <Delay = 0.00>
ST_2 : Operation 30 [1/1] (0.00ns)   --->   "%empty = trunc i64 %j_1" [/home/cym/prj2/finn/notebooks/icl_thesis-master/real_event_sparse/hls/q16_esla_k13/src/q16_esla_k13.cpp:70]   --->   Operation 30 'trunc' 'empty' <Predicate = true> <Delay = 0.00>
ST_2 : Operation 31 [1/1] (0.00ns)   --->   "%specbitsmap_ln0 = specbitsmap void @_ssdm_op_SpecBitsMap, i32 %gmem2"   --->   Operation 31 'specbitsmap' 'specbitsmap_ln0' <Predicate = true> <Delay = 0.00>
ST_2 : Operation 32 [1/1] (0.00ns)   --->   "%specpipeline_ln0 = specpipeline void @_ssdm_op_SpecPipeline, i32 4294967295, i32 0, i32 1, i32 0, void @p_str"   --->   Operation 32 'specpipeline' 'specpipeline_ln0' <Predicate = true> <Delay = 0.00>
ST_2 : Operation 33 [1/1] (0.00ns)   --->   "%tmp = bitselect i1 @_ssdm_op_BitSelect.i1.i64.i32, i64 %j_1, i32 63" [/home/cym/prj2/finn/notebooks/icl_thesis-master/real_event_sparse/hls/q16_esla_k13/src/q16_esla_k13.cpp:70]   --->   Operation 33 'bitselect' 'tmp' <Predicate = true> <Delay = 0.00>
ST_2 : Operation 34 [1/1] (0.00ns)   --->   "%br_ln70 = br i1 %tmp, void %land.rhs67.i, void %while.cond65.i.for.inc83.i_crit_edge.exitStub" [/home/cym/prj2/finn/notebooks/icl_thesis-master/real_event_sparse/hls/q16_esla_k13/src/q16_esla_k13.cpp:70]   --->   Operation 34 'br' 'br_ln70' <Predicate = true> <Delay = 0.00>
ST_2 : Operation 35 [1/1] (0.00ns)   --->   "%shl_ln70 = shl i64 %j_1, i64 2" [/home/cym/prj2/finn/notebooks/icl_thesis-master/real_event_sparse/hls/q16_esla_k13/src/q16_esla_k13.cpp:70]   --->   Operation 35 'shl' 'shl_ln70' <Predicate = (!tmp)> <Delay = 0.00>
ST_2 : Operation 36 [1/1] (3.52ns)   --->   "%add_ln70 = add i64 %shl_ln70, i64 %active_token_indices_read" [/home/cym/prj2/finn/notebooks/icl_thesis-master/real_event_sparse/hls/q16_esla_k13/src/q16_esla_k13.cpp:70]   --->   Operation 36 'add' 'add_ln70' <Predicate = (!tmp)> <Delay = 3.52> <CoreInst = "Adder">   --->   Core 1 'Adder' <Latency = 0> <II = 1> <Delay = 3.52> <FuncUnit> <Opcode : 'add' 'sub'> <InPorts = 2> <OutPorts = 1>
ST_2 : Operation 37 [1/1] (0.00ns)   --->   "%trunc_ln70_1 = partselect i62 @_ssdm_op_PartSelect.i62.i64.i32.i32, i64 %add_ln70, i32 2, i32 63" [/home/cym/prj2/finn/notebooks/icl_thesis-master/real_event_sparse/hls/q16_esla_k13/src/q16_esla_k13.cpp:70]   --->   Operation 37 'partselect' 'trunc_ln70_1' <Predicate = (!tmp)> <Delay = 0.00>
ST_2 : Operation 38 [1/1] (0.00ns)   --->   "%sext_ln70 = sext i62 %trunc_ln70_1" [/home/cym/prj2/finn/notebooks/icl_thesis-master/real_event_sparse/hls/q16_esla_k13/src/q16_esla_k13.cpp:70]   --->   Operation 38 'sext' 'sext_ln70' <Predicate = (!tmp)> <Delay = 0.00>
ST_2 : Operation 39 [1/1] (0.00ns)   --->   "%gmem2_addr = getelementptr i32 %gmem2, i64 %sext_ln70" [/home/cym/prj2/finn/notebooks/icl_thesis-master/real_event_sparse/hls/q16_esla_k13/src/q16_esla_k13.cpp:70]   --->   Operation 39 'getelementptr' 'gmem2_addr' <Predicate = (!tmp)> <Delay = 0.00>

State 3 <SV = 2> <Delay = 7.30>
ST_3 : Operation 40 [7/7] (7.30ns)   --->   "%gmem2_load_req = readreq i1 @_ssdm_op_ReadReq.m_axi.i32P1A, i64 %gmem2_addr, i32 1" [/home/cym/prj2/finn/notebooks/icl_thesis-master/real_event_sparse/hls/q16_esla_k13/src/q16_esla_k13.cpp:70]   --->   Operation 40 'readreq' 'gmem2_load_req' <Predicate = (!tmp)> <Delay = 7.30> <CoreInst = "m_axi">   --->   Core 113 'm_axi' <Latency = 0> <II = 1> <Delay = 1.00> <Adapter> <Opcode : 'read' 'write' 'readreq' 'writereq' 'writeresp'>

State 4 <SV = 3> <Delay = 7.30>
ST_4 : Operation 41 [6/7] (7.30ns)   --->   "%gmem2_load_req = readreq i1 @_ssdm_op_ReadReq.m_axi.i32P1A, i64 %gmem2_addr, i32 1" [/home/cym/prj2/finn/notebooks/icl_thesis-master/real_event_sparse/hls/q16_esla_k13/src/q16_esla_k13.cpp:70]   --->   Operation 41 'readreq' 'gmem2_load_req' <Predicate = (!tmp)> <Delay = 7.30> <CoreInst = "m_axi">   --->   Core 113 'm_axi' <Latency = 0> <II = 1> <Delay = 1.00> <Adapter> <Opcode : 'read' 'write' 'readreq' 'writereq' 'writeresp'>

State 5 <SV = 4> <Delay = 7.30>
ST_5 : Operation 42 [5/7] (7.30ns)   --->   "%gmem2_load_req = readreq i1 @_ssdm_op_ReadReq.m_axi.i32P1A, i64 %gmem2_addr, i32 1" [/home/cym/prj2/finn/notebooks/icl_thesis-master/real_event_sparse/hls/q16_esla_k13/src/q16_esla_k13.cpp:70]   --->   Operation 42 'readreq' 'gmem2_load_req' <Predicate = (!tmp)> <Delay = 7.30> <CoreInst = "m_axi">   --->   Core 113 'm_axi' <Latency = 0> <II = 1> <Delay = 1.00> <Adapter> <Opcode : 'read' 'write' 'readreq' 'writereq' 'writeresp'>

State 6 <SV = 5> <Delay = 7.30>
ST_6 : Operation 43 [4/7] (7.30ns)   --->   "%gmem2_load_req = readreq i1 @_ssdm_op_ReadReq.m_axi.i32P1A, i64 %gmem2_addr, i32 1" [/home/cym/prj2/finn/notebooks/icl_thesis-master/real_event_sparse/hls/q16_esla_k13/src/q16_esla_k13.cpp:70]   --->   Operation 43 'readreq' 'gmem2_load_req' <Predicate = (!tmp)> <Delay = 7.30> <CoreInst = "m_axi">   --->   Core 113 'm_axi' <Latency = 0> <II = 1> <Delay = 1.00> <Adapter> <Opcode : 'read' 'write' 'readreq' 'writereq' 'writeresp'>

State 7 <SV = 6> <Delay = 7.30>
ST_7 : Operation 44 [3/7] (7.30ns)   --->   "%gmem2_load_req = readreq i1 @_ssdm_op_ReadReq.m_axi.i32P1A, i64 %gmem2_addr, i32 1" [/home/cym/prj2/finn/notebooks/icl_thesis-master/real_event_sparse/hls/q16_esla_k13/src/q16_esla_k13.cpp:70]   --->   Operation 44 'readreq' 'gmem2_load_req' <Predicate = (!tmp)> <Delay = 7.30> <CoreInst = "m_axi">   --->   Core 113 'm_axi' <Latency = 0> <II = 1> <Delay = 1.00> <Adapter> <Opcode : 'read' 'write' 'readreq' 'writereq' 'writeresp'>

State 8 <SV = 7> <Delay = 7.30>
ST_8 : Operation 45 [2/7] (7.30ns)   --->   "%gmem2_load_req = readreq i1 @_ssdm_op_ReadReq.m_axi.i32P1A, i64 %gmem2_addr, i32 1" [/home/cym/prj2/finn/notebooks/icl_thesis-master/real_event_sparse/hls/q16_esla_k13/src/q16_esla_k13.cpp:70]   --->   Operation 45 'readreq' 'gmem2_load_req' <Predicate = (!tmp)> <Delay = 7.30> <CoreInst = "m_axi">   --->   Core 113 'm_axi' <Latency = 0> <II = 1> <Delay = 1.00> <Adapter> <Opcode : 'read' 'write' 'readreq' 'writereq' 'writeresp'>

State 9 <SV = 8> <Delay = 7.30>
ST_9 : Operation 46 [1/7] (7.30ns)   --->   "%gmem2_load_req = readreq i1 @_ssdm_op_ReadReq.m_axi.i32P1A, i64 %gmem2_addr, i32 1" [/home/cym/prj2/finn/notebooks/icl_thesis-master/real_event_sparse/hls/q16_esla_k13/src/q16_esla_k13.cpp:70]   --->   Operation 46 'readreq' 'gmem2_load_req' <Predicate = (!tmp)> <Delay = 7.30> <CoreInst = "m_axi">   --->   Core 113 'm_axi' <Latency = 0> <II = 1> <Delay = 1.00> <Adapter> <Opcode : 'read' 'write' 'readreq' 'writereq' 'writeresp'>

State 10 <SV = 9> <Delay = 7.30>
ST_10 : Operation 47 [1/1] (7.30ns)   --->   "%gmem2_addr_read = read i32 @_ssdm_op_Read.m_axi.i32P1A, i64 %gmem2_addr" [/home/cym/prj2/finn/notebooks/icl_thesis-master/real_event_sparse/hls/q16_esla_k13/src/q16_esla_k13.cpp:70]   --->   Operation 47 'read' 'gmem2_addr_read' <Predicate = (!tmp)> <Delay = 7.30> <CoreInst = "m_axi">   --->   Core 113 'm_axi' <Latency = 0> <II = 1> <Delay = 1.00> <Adapter> <Opcode : 'read' 'write' 'readreq' 'writereq' 'writeresp'>

State 11 <SV = 10> <Delay = 5.30>
ST_11 : Operation 48 [1/1] (0.00ns)   --->   "%specloopname_ln70 = specloopname void @_ssdm_op_SpecLoopName, void @empty_34" [/home/cym/prj2/finn/notebooks/icl_thesis-master/real_event_sparse/hls/q16_esla_k13/src/q16_esla_k13.cpp:70]   --->   Operation 48 'specloopname' 'specloopname_ln70' <Predicate = (!tmp)> <Delay = 0.00>
ST_11 : Operation 49 [1/1] (2.47ns)   --->   "%icmp_ln70 = icmp_sgt  i32 %gmem2_addr_read, i32 %key_read" [/home/cym/prj2/finn/notebooks/icl_thesis-master/real_event_sparse/hls/q16_esla_k13/src/q16_esla_k13.cpp:70]   --->   Operation 49 'icmp' 'icmp_ln70' <Predicate = (!tmp)> <Delay = 2.47> <CoreInst = "Cmp">   --->   Core 9 'Cmp' <Latency = 0> <II = 1> <Delay = 2.47> <FuncUnit> <Opcode : 'icmp'> <InPorts = 2> <OutPorts = 1>
ST_11 : Operation 50 [1/1] (0.00ns)   --->   "%br_ln70 = br i1 %icmp_ln70, void %land.rhs67.i.for.inc83.i_crit_edge.exitStub, void %while.body72.i" [/home/cym/prj2/finn/notebooks/icl_thesis-master/real_event_sparse/hls/q16_esla_k13/src/q16_esla_k13.cpp:70]   --->   Operation 50 'br' 'br_ln70' <Predicate = (!tmp)> <Delay = 0.00>
ST_11 : Operation 51 [1/1] (0.00ns) (grouped into TernaryAdder)   --->   "%add_ln71 = add i64 %shl_ln70, i64 4" [/home/cym/prj2/finn/notebooks/icl_thesis-master/real_event_sparse/hls/q16_esla_k13/src/q16_esla_k13.cpp:71]   --->   Operation 51 'add' 'add_ln71' <Predicate = (!tmp & icmp_ln70)> <Delay = 0.00> <CoreInst = "TAddSub">   --->   Core 10 'TAddSub' <Latency = 0> <II = 1> <Delay = 2.65> <IPBlock> <Opcode : 'add' 'sub'> <InPorts = 3> <OutPorts = 1> <Sync> <CReg>
ST_11 : Operation 52 [1/1] (5.30ns) (root node of TernaryAdder)   --->   "%add_ln71_1 = add i64 %add_ln71, i64 %active_token_indices_read" [/home/cym/prj2/finn/notebooks/icl_thesis-master/real_event_sparse/hls/q16_esla_k13/src/q16_esla_k13.cpp:71]   --->   Operation 52 'add' 'add_ln71_1' <Predicate = (!tmp & icmp_ln70)> <Delay = 5.30> <CoreInst = "TAddSub">   --->   Core 10 'TAddSub' <Latency = 0> <II = 1> <Delay = 2.65> <IPBlock> <Opcode : 'add' 'sub'> <InPorts = 3> <OutPorts = 1> <Sync> <CReg>
ST_11 : Operation 53 [1/1] (0.00ns)   --->   "%trunc_ln = partselect i62 @_ssdm_op_PartSelect.i62.i64.i32.i32, i64 %add_ln71_1, i32 2, i32 63" [/home/cym/prj2/finn/notebooks/icl_thesis-master/real_event_sparse/hls/q16_esla_k13/src/q16_esla_k13.cpp:71]   --->   Operation 53 'partselect' 'trunc_ln' <Predicate = (!tmp & icmp_ln70)> <Delay = 0.00>
ST_11 : Operation 54 [1/1] (0.00ns)   --->   "%sext_ln71 = sext i62 %trunc_ln" [/home/cym/prj2/finn/notebooks/icl_thesis-master/real_event_sparse/hls/q16_esla_k13/src/q16_esla_k13.cpp:71]   --->   Operation 54 'sext' 'sext_ln71' <Predicate = (!tmp & icmp_ln70)> <Delay = 0.00>
ST_11 : Operation 55 [1/1] (0.00ns)   --->   "%gmem2_addr_1 = getelementptr i32 %gmem2, i64 %sext_ln71" [/home/cym/prj2/finn/notebooks/icl_thesis-master/real_event_sparse/hls/q16_esla_k13/src/q16_esla_k13.cpp:71]   --->   Operation 55 'getelementptr' 'gmem2_addr_1' <Predicate = (!tmp & icmp_ln70)> <Delay = 0.00>

State 12 <SV = 11> <Delay = 7.30>
ST_12 : Operation 56 [1/1] (7.30ns)   --->   "%gmem2_addr_4_req = writereq i1 @_ssdm_op_WriteReq.m_axi.i32P1A, i64 %gmem2_addr_1, i32 1" [/home/cym/prj2/finn/notebooks/icl_thesis-master/real_event_sparse/hls/q16_esla_k13/src/q16_esla_k13.cpp:71]   --->   Operation 56 'writereq' 'gmem2_addr_4_req' <Predicate = (!tmp & icmp_ln70)> <Delay = 7.30> <CoreInst = "m_axi">   --->   Core 113 'm_axi' <Latency = 0> <II = 1> <Delay = 1.00> <Adapter> <Opcode : 'read' 'write' 'readreq' 'writereq' 'writeresp'>

State 13 <SV = 12> <Delay = 7.30>
ST_13 : Operation 57 [1/1] (7.30ns)   --->   "%write_ln71 = write void @_ssdm_op_Write.m_axi.i32P1A, i64 %gmem2_addr_1, i32 %gmem2_addr_read, i4 15" [/home/cym/prj2/finn/notebooks/icl_thesis-master/real_event_sparse/hls/q16_esla_k13/src/q16_esla_k13.cpp:71]   --->   Operation 57 'write' 'write_ln71' <Predicate = (!tmp & icmp_ln70)> <Delay = 7.30> <CoreInst = "m_axi">   --->   Core 113 'm_axi' <Latency = 0> <II = 1> <Delay = 1.00> <Adapter> <Opcode : 'read' 'write' 'readreq' 'writereq' 'writeresp'>

State 14 <SV = 13> <Delay = 7.30>
ST_14 : Operation 58 [5/5] (7.30ns)   --->   "%gmem2_addr_4_resp = writeresp i1 @_ssdm_op_WriteResp.m_axi.i32P1A, i64 %gmem2_addr_1" [/home/cym/prj2/finn/notebooks/icl_thesis-master/real_event_sparse/hls/q16_esla_k13/src/q16_esla_k13.cpp:71]   --->   Operation 58 'writeresp' 'gmem2_addr_4_resp' <Predicate = (!tmp & icmp_ln70)> <Delay = 7.30> <CoreInst = "m_axi">   --->   Core 113 'm_axi' <Latency = 0> <II = 1> <Delay = 1.00> <Adapter> <Opcode : 'read' 'write' 'readreq' 'writereq' 'writeresp'>
ST_14 : Operation 59 [1/1] (3.52ns)   --->   "%add_ln72 = add i64 %j_1, i64 18446744073709551615" [/home/cym/prj2/finn/notebooks/icl_thesis-master/real_event_sparse/hls/q16_esla_k13/src/q16_esla_k13.cpp:72]   --->   Operation 59 'add' 'add_ln72' <Predicate = (!tmp & icmp_ln70)> <Delay = 3.52> <CoreInst = "Adder">   --->   Core 1 'Adder' <Latency = 0> <II = 1> <Delay = 3.52> <FuncUnit> <Opcode : 'add' 'sub'> <InPorts = 2> <OutPorts = 1>
ST_14 : Operation 60 [1/1] (1.58ns)   --->   "%store_ln70 = store i64 %add_ln72, i64 %j" [/home/cym/prj2/finn/notebooks/icl_thesis-master/real_event_sparse/hls/q16_esla_k13/src/q16_esla_k13.cpp:70]   --->   Operation 60 'store' 'store_ln70' <Predicate = (!tmp & icmp_ln70)> <Delay = 1.58>

State 15 <SV = 14> <Delay = 7.30>
ST_15 : Operation 61 [4/5] (7.30ns)   --->   "%gmem2_addr_4_resp = writeresp i1 @_ssdm_op_WriteResp.m_axi.i32P1A, i64 %gmem2_addr_1" [/home/cym/prj2/finn/notebooks/icl_thesis-master/real_event_sparse/hls/q16_esla_k13/src/q16_esla_k13.cpp:71]   --->   Operation 61 'writeresp' 'gmem2_addr_4_resp' <Predicate = (!tmp & icmp_ln70)> <Delay = 7.30> <CoreInst = "m_axi">   --->   Core 113 'm_axi' <Latency = 0> <II = 1> <Delay = 1.00> <Adapter> <Opcode : 'read' 'write' 'readreq' 'writereq' 'writeresp'>

State 16 <SV = 15> <Delay = 7.30>
ST_16 : Operation 62 [3/5] (7.30ns)   --->   "%gmem2_addr_4_resp = writeresp i1 @_ssdm_op_WriteResp.m_axi.i32P1A, i64 %gmem2_addr_1" [/home/cym/prj2/finn/notebooks/icl_thesis-master/real_event_sparse/hls/q16_esla_k13/src/q16_esla_k13.cpp:71]   --->   Operation 62 'writeresp' 'gmem2_addr_4_resp' <Predicate = (!tmp & icmp_ln70)> <Delay = 7.30> <CoreInst = "m_axi">   --->   Core 113 'm_axi' <Latency = 0> <II = 1> <Delay = 1.00> <Adapter> <Opcode : 'read' 'write' 'readreq' 'writereq' 'writeresp'>

State 17 <SV = 16> <Delay = 7.30>
ST_17 : Operation 63 [2/5] (7.30ns)   --->   "%gmem2_addr_4_resp = writeresp i1 @_ssdm_op_WriteResp.m_axi.i32P1A, i64 %gmem2_addr_1" [/home/cym/prj2/finn/notebooks/icl_thesis-master/real_event_sparse/hls/q16_esla_k13/src/q16_esla_k13.cpp:71]   --->   Operation 63 'writeresp' 'gmem2_addr_4_resp' <Predicate = (!tmp & icmp_ln70)> <Delay = 7.30> <CoreInst = "m_axi">   --->   Core 113 'm_axi' <Latency = 0> <II = 1> <Delay = 1.00> <Adapter> <Opcode : 'read' 'write' 'readreq' 'writereq' 'writeresp'>

State 18 <SV = 17> <Delay = 7.30>
ST_18 : Operation 64 [1/5] (7.30ns)   --->   "%gmem2_addr_4_resp = writeresp i1 @_ssdm_op_WriteResp.m_axi.i32P1A, i64 %gmem2_addr_1" [/home/cym/prj2/finn/notebooks/icl_thesis-master/real_event_sparse/hls/q16_esla_k13/src/q16_esla_k13.cpp:71]   --->   Operation 64 'writeresp' 'gmem2_addr_4_resp' <Predicate = true> <Delay = 7.30> <CoreInst = "m_axi">   --->   Core 113 'm_axi' <Latency = 0> <II = 1> <Delay = 1.00> <Adapter> <Opcode : 'read' 'write' 'readreq' 'writereq' 'writeresp'>
ST_18 : Operation 65 [1/1] (0.00ns)   --->   "%br_ln70 = br void %while.cond65.i" [/home/cym/prj2/finn/notebooks/icl_thesis-master/real_event_sparse/hls/q16_esla_k13/src/q16_esla_k13.cpp:70]   --->   Operation 65 'br' 'br_ln70' <Predicate = true> <Delay = 0.00>

State 19 <SV = 11> <Delay = 0.00>
ST_19 : Operation 66 [1/1] (0.00ns)   --->   "%write_ln70 = write void @_ssdm_op_Write.ap_auto.i32P0A, i32 %j_1_out, i32 %empty" [/home/cym/prj2/finn/notebooks/icl_thesis-master/real_event_sparse/hls/q16_esla_k13/src/q16_esla_k13.cpp:70]   --->   Operation 66 'write' 'write_ln70' <Predicate = (!tmp)> <Delay = 0.00>
ST_19 : Operation 67 [1/1] (0.00ns)   --->   "%br_ln0 = br void %UnifiedReturnBlock"   --->   Operation 67 'br' 'br_ln0' <Predicate = (!tmp)> <Delay = 0.00>
ST_19 : Operation 68 [1/1] (0.00ns)   --->   "%ret_ln0 = ret"   --->   Operation 68 'ret' 'ret_ln0' <Predicate = true> <Delay = 0.00>

State 20 <SV = 2> <Delay = 0.00>
ST_20 : Operation 69 [1/1] (0.00ns)   --->   "%write_ln70 = write void @_ssdm_op_Write.ap_auto.i32P0A, i32 %j_1_out, i32 %empty" [/home/cym/prj2/finn/notebooks/icl_thesis-master/real_event_sparse/hls/q16_esla_k13/src/q16_esla_k13.cpp:70]   --->   Operation 69 'write' 'write_ln70' <Predicate = true> <Delay = 0.00>
ST_20 : Operation 70 [1/1] (0.00ns)   --->   "%br_ln0 = br void %UnifiedReturnBlock"   --->   Operation 70 'br' 'br_ln0' <Predicate = true> <Delay = 0.00>


============================================================
+ Verbose Summary: Binding
============================================================
STG Binding: 
---------------- STG Properties BEGIN ----------------
- Is combinational: 0
- Is one-state seq: 0
- Is datapath-only: 0
- Is pipelined: 0
- Is top level: 0
Port [ Return ] is wired: 1; IO mode=ap_ctrl_hs:ce=0
Port [ zext_ln67]:  wired=1; compound=0; hidden=0; nouse=0; global=0; static=0; extern=0; dir=0; type=0; pingpong=0; private_global=0; IO mode=ap_none:ce=0
Port [ gmem2]:  wired=1; compound=1; hidden=0; nouse=0; global=0; static=0; extern=0; dir=2; type=4; pingpong=0; private_global=0; IO mode=m_axi:ce=0
Port [ active_token_indices]:  wired=1; compound=0; hidden=0; nouse=0; global=0; static=0; extern=0; dir=0; type=0; pingpong=0; private_global=0; IO mode=ap_none:ce=0
Port [ key]:  wired=1; compound=0; hidden=0; nouse=0; global=0; static=0; extern=0; dir=0; type=0; pingpong=0; private_global=0; IO mode=ap_none:ce=0
Port [ j_1_out]:  wired=1; compound=0; hidden=0; nouse=0; global=0; static=0; extern=0; dir=1; type=0; pingpong=0; private_global=0; IO mode=ap_vld:ce=0
---------------- STG Properties END ------------------

---------------- Datapath Model BEGIN ----------------

<LifeTime>
<method=bitvector/>
j                         (alloca       ) [ 011111111111111111100]
key_read                  (read         ) [ 001111111111111111100]
active_token_indices_read (read         ) [ 001111111111111111100]
zext_ln67_read            (read         ) [ 000000000000000000000]
zext_ln67_cast            (zext         ) [ 000000000000000000000]
specinterface_ln0         (specinterface) [ 000000000000000000000]
store_ln0                 (store        ) [ 000000000000000000000]
br_ln0                    (br           ) [ 000000000000000000000]
j_1                       (load         ) [ 000111111111111000000]
empty                     (trunc        ) [ 000111111111000000011]
specbitsmap_ln0           (specbitsmap  ) [ 000000000000000000000]
specpipeline_ln0          (specpipeline ) [ 000000000000000000000]
tmp                       (bitselect    ) [ 001111111111111111111]
br_ln70                   (br           ) [ 000000000000000000000]
shl_ln70                  (shl          ) [ 000111111111000000000]
add_ln70                  (add          ) [ 000000000000000000000]
trunc_ln70_1              (partselect   ) [ 000000000000000000000]
sext_ln70                 (sext         ) [ 000000000000000000000]
gmem2_addr                (getelementptr) [ 000111111110000000000]
gmem2_load_req            (readreq      ) [ 000000000000000000000]
gmem2_addr_read           (read         ) [ 000000000001110000000]
specloopname_ln70         (specloopname ) [ 000000000000000000000]
icmp_ln70                 (icmp         ) [ 001111111111111111100]
br_ln70                   (br           ) [ 000000000000000000000]
add_ln71                  (add          ) [ 000000000000000000000]
add_ln71_1                (add          ) [ 000000000000000000000]
trunc_ln                  (partselect   ) [ 000000000000000000000]
sext_ln71                 (sext         ) [ 000000000000000000000]
gmem2_addr_1              (getelementptr) [ 001000000000111111100]
gmem2_addr_4_req          (writereq     ) [ 000000000000000000000]
write_ln71                (write        ) [ 000000000000000000000]
add_ln72                  (add          ) [ 000000000000000000000]
store_ln70                (store        ) [ 000000000000000000000]
gmem2_addr_4_resp         (writeresp    ) [ 000000000000000000000]
br_ln70                   (br           ) [ 000000000000000000000]
write_ln70                (write        ) [ 000000000000000000000]
br_ln0                    (br           ) [ 000000000000000000000]
ret_ln0                   (ret          ) [ 000000000000000000000]
write_ln70                (write        ) [ 000000000000000000000]
br_ln0                    (br           ) [ 000000000000000000000]
</LifeTime>

<model>

<comp_list>
<comp id="0" class="1000" name="zext_ln67">
<pin_list>
<pin id="1" dir="1" index="0" bw="1" slack="0"/>
</pin_list>
<bind>
<StgValue><ssdm name="zext_ln67"/></StgValue>
</bind>
</comp>

<comp id="2" class="1000" name="gmem2">
<pin_list>
<pin id="3" dir="1" index="0" bw="1" slack="0"/>
</pin_list>
<bind>
<StgValue><ssdm name="gmem2"/></StgValue>
</bind>
</comp>

<comp id="4" class="1000" name="active_token_indices">
<pin_list>
<pin id="5" dir="1" index="0" bw="1" slack="0"/>
</pin_list>
<bind>
<StgValue><ssdm name="active_token_indices"/></StgValue>
</bind>
</comp>

<comp id="6" class="1000" name="key">
<pin_list>
<pin id="7" dir="1" index="0" bw="1" slack="0"/>
</pin_list>
<bind>
<StgValue><ssdm name="key"/></StgValue>
</bind>
</comp>

<comp id="8" class="1000" name="j_1_out">
<pin_list>
<pin id="9" dir="1" index="0" bw="1" slack="0"/>
</pin_list>
<bind>
<StgValue><ssdm name="j_1_out"/></StgValue>
</bind>
</comp>

<comp id="10" class="1001" name="const_10">
<pin_list>
<pin id="11" dir="1" index="0" bw="1" slack="0"/>
</pin_list>
<bind>
<StgValue><ssdm name=""/></StgValue>
</bind>
</comp>

<comp id="12" class="1001" name="const_12">
<pin_list>
<pin id="13" dir="1" index="0" bw="1" slack="0"/>
</pin_list>
<bind>
<StgValue><ssdm name="_ssdm_op_Read.ap_auto.i32"/></StgValue>
</bind>
</comp>

<comp id="14" class="1001" name="const_14">
<pin_list>
<pin id="15" dir="1" index="0" bw="1" slack="0"/>
</pin_list>
<bind>
<StgValue><ssdm name="_ssdm_op_Read.ap_auto.i64"/></StgValue>
</bind>
</comp>

<comp id="16" class="1001" name="const_16">
<pin_list>
<pin id="17" dir="1" index="0" bw="1" slack="0"/>
</pin_list>
<bind>
<StgValue><ssdm name="_ssdm_op_Read.ap_auto.i4"/></StgValue>
</bind>
</comp>

<comp id="18" class="1001" name="const_18">
<pin_list>
<pin id="19" dir="1" index="0" bw="1" slack="2147483647"/>
</pin_list>
<bind>
<StgValue><ssdm name="_ssdm_op_SpecInterface"/></StgValue>
</bind>
</comp>

<comp id="20" class="1001" name="const_20">
<pin_list>
<pin id="21" dir="1" index="0" bw="1" slack="2147483647"/>
</pin_list>
<bind>
<StgValue><ssdm name="empty_10"/></StgValue>
</bind>
</comp>

<comp id="22" class="1001" name="const_22">
<pin_list>
<pin id="23" dir="1" index="0" bw="1" slack="2147483647"/>
</pin_list>
<bind>
<StgValue><ssdm name=""/></StgValue>
</bind>
</comp>

<comp id="24" class="1001" name="const_24">
<pin_list>
<pin id="25" dir="1" index="0" bw="1" slack="2147483647"/>
</pin_list>
<bind>
<StgValue><ssdm name="empty_36"/></StgValue>
</bind>
</comp>

<comp id="26" class="1001" name="const_26">
<pin_list>
<pin id="27" dir="1" index="0" bw="1" slack="2147483647"/>
</pin_list>
<bind>
<StgValue><ssdm name=""/></StgValue>
</bind>
</comp>

<comp id="28" class="1001" name="const_28">
<pin_list>
<pin id="29" dir="1" index="0" bw="1" slack="2147483647"/>
</pin_list>
<bind>
<StgValue><ssdm name="empty_22"/></StgValue>
</bind>
</comp>

<comp id="30" class="1001" name="const_30">
<pin_list>
<pin id="31" dir="1" index="0" bw="1" slack="2147483647"/>
</pin_list>
<bind>
<StgValue><ssdm name="empty_37"/></StgValue>
</bind>
</comp>

<comp id="32" class="1001" name="const_32">
<pin_list>
<pin id="33" dir="1" index="0" bw="1" slack="2147483647"/>
</pin_list>
<bind>
<StgValue><ssdm name=""/></StgValue>
</bind>
</comp>

<comp id="34" class="1001" name="const_34">
<pin_list>
<pin id="35" dir="1" index="0" bw="1" slack="2147483647"/>
</pin_list>
<bind>
<StgValue><ssdm name=""/></StgValue>
</bind>
</comp>

<comp id="36" class="1001" name="const_36">
<pin_list>
<pin id="37" dir="1" index="0" bw="1" slack="2147483647"/>
</pin_list>
<bind>
<StgValue><ssdm name="_ssdm_op_SpecBitsMap"/></StgValue>
</bind>
</comp>

<comp id="38" class="1001" name="const_38">
<pin_list>
<pin id="39" dir="1" index="0" bw="1" slack="2147483647"/>
</pin_list>
<bind>
<StgValue><ssdm name="_ssdm_op_SpecPipeline"/></StgValue>
</bind>
</comp>

<comp id="40" class="1001" name="const_40">
<pin_list>
<pin id="41" dir="1" index="0" bw="1" slack="2147483647"/>
</pin_list>
<bind>
<StgValue><ssdm name="p_str"/></StgValue>
</bind>
</comp>

<comp id="42" class="1001" name="const_42">
<pin_list>
<pin id="43" dir="1" index="0" bw="1" slack="0"/>
</pin_list>
<bind>
<StgValue><ssdm name="_ssdm_op_BitSelect.i1.i64.i32"/></StgValue>
</bind>
</comp>

<comp id="44" class="1001" name="const_44">
<pin_list>
<pin id="45" dir="1" index="0" bw="1" slack="0"/>
</pin_list>
<bind>
<StgValue><ssdm name=""/></StgValue>
</bind>
</comp>

<comp id="46" class="1001" name="const_46">
<pin_list>
<pin id="47" dir="1" index="0" bw="1" slack="0"/>
</pin_list>
<bind>
<StgValue><ssdm name=""/></StgValue>
</bind>
</comp>

<comp id="48" class="1001" name="const_48">
<pin_list>
<pin id="49" dir="1" index="0" bw="1" slack="0"/>
</pin_list>
<bind>
<StgValue><ssdm name="_ssdm_op_PartSelect.i62.i64.i32.i32"/></StgValue>
</bind>
</comp>

<comp id="50" class="1001" name="const_50">
<pin_list>
<pin id="51" dir="1" index="0" bw="1" slack="0"/>
</pin_list>
<bind>
<StgValue><ssdm name=""/></StgValue>
</bind>
</comp>

<comp id="52" class="1001" name="const_52">
<pin_list>
<pin id="53" dir="1" index="0" bw="1" slack="0"/>
</pin_list>
<bind>
<StgValue><ssdm name="_ssdm_op_ReadReq.m_axi.i32P1A"/></StgValue>
</bind>
</comp>

<comp id="54" class="1001" name="const_54">
<pin_list>
<pin id="55" dir="1" index="0" bw="1" slack="0"/>
</pin_list>
<bind>
<StgValue><ssdm name="_ssdm_op_Read.m_axi.i32P1A"/></StgValue>
</bind>
</comp>

<comp id="56" class="1001" name="const_56">
<pin_list>
<pin id="57" dir="1" index="0" bw="1" slack="2147483647"/>
</pin_list>
<bind>
<StgValue><ssdm name="_ssdm_op_SpecLoopName"/></StgValue>
</bind>
</comp>

<comp id="58" class="1001" name="const_58">
<pin_list>
<pin id="59" dir="1" index="0" bw="1" slack="2147483647"/>
</pin_list>
<bind>
<StgValue><ssdm name="empty_34"/></StgValue>
</bind>
</comp>

<comp id="60" class="1001" name="const_60">
<pin_list>
<pin id="61" dir="1" index="0" bw="1" slack="0"/>
</pin_list>
<bind>
<StgValue><ssdm name=""/></StgValue>
</bind>
</comp>

<comp id="62" class="1001" name="const_62">
<pin_list>
<pin id="63" dir="1" index="0" bw="1" slack="0"/>
</pin_list>
<bind>
<StgValue><ssdm name="_ssdm_op_WriteReq.m_axi.i32P1A"/></StgValue>
</bind>
</comp>

<comp id="64" class="1001" name="const_64">
<pin_list>
<pin id="65" dir="1" index="0" bw="1" slack="0"/>
</pin_list>
<bind>
<StgValue><ssdm name="_ssdm_op_Write.m_axi.i32P1A"/></StgValue>
</bind>
</comp>

<comp id="66" class="1001" name="const_66">
<pin_list>
<pin id="67" dir="1" index="0" bw="1" slack="0"/>
</pin_list>
<bind>
<StgValue><ssdm name=""/></StgValue>
</bind>
</comp>

<comp id="68" class="1001" name="const_68">
<pin_list>
<pin id="69" dir="1" index="0" bw="1" slack="0"/>
</pin_list>
<bind>
<StgValue><ssdm name="_ssdm_op_WriteResp.m_axi.i32P1A"/></StgValue>
</bind>
</comp>

<comp id="70" class="1001" name="const_70">
<pin_list>
<pin id="71" dir="1" index="0" bw="1" slack="0"/>
</pin_list>
<bind>
<StgValue><ssdm name=""/></StgValue>
</bind>
</comp>

<comp id="72" class="1001" name="const_72">
<pin_list>
<pin id="73" dir="1" index="0" bw="1" slack="0"/>
</pin_list>
<bind>
<StgValue><ssdm name="_ssdm_op_Write.ap_auto.i32P0A"/></StgValue>
</bind>
</comp>

<comp id="74" class="1004" name="j_fu_74">
<pin_list>
<pin id="75" dir="0" index="0" bw="1" slack="0"/>
<pin id="76" dir="1" index="1" bw="64" slack="0"/>
</pin_list>
<bind>
<opcode="alloca(26) " fcode="alloca"/>
<opset="j/1 "/>
</bind>
</comp>

<comp id="78" class="1004" name="key_read_read_fu_78">
<pin_list>
<pin id="79" dir="0" index="0" bw="32" slack="0"/>
<pin id="80" dir="0" index="1" bw="32" slack="0"/>
<pin id="81" dir="1" index="2" bw="32" slack="10"/>
</pin_list>
<bind>
<opcode="read(1150) " fcode="read"/>
<opset="key_read/1 "/>
</bind>
</comp>

<comp id="84" class="1004" name="active_token_indices_read_read_fu_84">
<pin_list>
<pin id="85" dir="0" index="0" bw="64" slack="0"/>
<pin id="86" dir="0" index="1" bw="64" slack="0"/>
<pin id="87" dir="1" index="2" bw="64" slack="1"/>
</pin_list>
<bind>
<opcode="read(1150) " fcode="read"/>
<opset="active_token_indices_read/1 "/>
</bind>
</comp>

<comp id="90" class="1004" name="zext_ln67_read_read_fu_90">
<pin_list>
<pin id="91" dir="0" index="0" bw="4" slack="0"/>
<pin id="92" dir="0" index="1" bw="4" slack="0"/>
<pin id="93" dir="1" index="2" bw="4" slack="0"/>
</pin_list>
<bind>
<opcode="read(1150) " fcode="read"/>
<opset="zext_ln67_read/1 "/>
</bind>
</comp>

<comp id="96" class="1004" name="grp_readreq_fu_96">
<pin_list>
<pin id="97" dir="0" index="0" bw="1" slack="0"/>
<pin id="98" dir="0" index="1" bw="32" slack="1"/>
<pin id="99" dir="0" index="2" bw="1" slack="0"/>
<pin id="100" dir="1" index="3" bw="1" slack="2147483647"/>
</pin_list>
<bind>
<opcode="readreq(1154) " fcode="readreq"/>
<opset="gmem2_load_req/3 "/>
</bind>
</comp>

<comp id="103" class="1004" name="gmem2_addr_read_read_fu_103">
<pin_list>
<pin id="104" dir="0" index="0" bw="32" slack="0"/>
<pin id="105" dir="0" index="1" bw="32" slack="8"/>
<pin id="106" dir="1" index="2" bw="32" slack="1"/>
</pin_list>
<bind>
<opcode="read(1150) " fcode="read"/>
<opset="gmem2_addr_read/10 "/>
</bind>
</comp>

<comp id="108" class="1004" name="grp_writeresp_fu_108">
<pin_list>
<pin id="109" dir="0" index="0" bw="1" slack="0"/>
<pin id="110" dir="0" index="1" bw="32" slack="1"/>
<pin id="111" dir="0" index="2" bw="1" slack="0"/>
<pin id="112" dir="1" index="3" bw="1" slack="2147483647"/>
</pin_list>
<bind>
<opcode="writereq(1155) writeresp(1158) " fcode="writeresp"/>
<opset="gmem2_addr_4_req/12 gmem2_addr_4_resp/14 "/>
</bind>
</comp>

<comp id="115" class="1004" name="write_ln71_write_fu_115">
<pin_list>
<pin id="116" dir="0" index="0" bw="0" slack="0"/>
<pin id="117" dir="0" index="1" bw="32" slack="2"/>
<pin id="118" dir="0" index="2" bw="32" slack="3"/>
<pin id="119" dir="0" index="3" bw="1" slack="0"/>
<pin id="120" dir="1" index="4" bw="0" slack="2147483647"/>
</pin_list>
<bind>
<opcode="write(1151) " fcode="write"/>
<opset="write_ln71/13 "/>
</bind>
</comp>

<comp id="124" class="1004" name="grp_write_fu_124">
<pin_list>
<pin id="125" dir="0" index="0" bw="0" slack="0"/>
<pin id="126" dir="0" index="1" bw="32" slack="0"/>
<pin id="127" dir="0" index="2" bw="32" slack="1"/>
<pin id="128" dir="1" index="3" bw="0" slack="2147483647"/>
</pin_list>
<bind>
<opcode="write(1151) " fcode="write"/>
<opset="write_ln70/19 write_ln70/20 "/>
</bind>
</comp>

<comp id="131" class="1004" name="zext_ln67_cast_fu_131">
<pin_list>
<pin id="132" dir="0" index="0" bw="4" slack="0"/>
<pin id="133" dir="1" index="1" bw="64" slack="0"/>
</pin_list>
<bind>
<opcode="zext(34) " fcode="zext"/>
<opset="zext_ln67_cast/1 "/>
</bind>
</comp>

<comp id="135" class="1004" name="store_ln0_store_fu_135">
<pin_list>
<pin id="136" dir="0" index="0" bw="4" slack="0"/>
<pin id="137" dir="0" index="1" bw="64" slack="0"/>
<pin id="138" dir="1" index="2" bw="0" slack="2147483647"/>
</pin_list>
<bind>
<opcode="store(28) " fcode="store"/>
<opset="store_ln0/1 "/>
</bind>
</comp>

<comp id="140" class="1004" name="j_1_load_fu_140">
<pin_list>
<pin id="141" dir="0" index="0" bw="64" slack="1"/>
<pin id="142" dir="1" index="1" bw="64" slack="0"/>
</pin_list>
<bind>
<opcode="load(27) " fcode="load"/>
<opset="j_1/2 "/>
</bind>
</comp>

<comp id="143" class="1004" name="empty_fu_143">
<pin_list>
<pin id="144" dir="0" index="0" bw="64" slack="0"/>
<pin id="145" dir="1" index="1" bw="32" slack="1"/>
</pin_list>
<bind>
<opcode="trunc(33) " fcode="trunc"/>
<opset="empty/2 "/>
</bind>
</comp>

<comp id="147" class="1004" name="tmp_fu_147">
<pin_list>
<pin id="148" dir="0" index="0" bw="1" slack="0"/>
<pin id="149" dir="0" index="1" bw="64" slack="0"/>
<pin id="150" dir="0" index="2" bw="7" slack="0"/>
<pin id="151" dir="1" index="3" bw="1" slack="1"/>
</pin_list>
<bind>
<opcode="bitselect(1000) " fcode="bitselect"/>
<opset="tmp/2 "/>
</bind>
</comp>

<comp id="155" class="1004" name="shl_ln70_fu_155">
<pin_list>
<pin id="156" dir="0" index="0" bw="64" slack="0"/>
<pin id="157" dir="0" index="1" bw="3" slack="0"/>
<pin id="158" dir="1" index="2" bw="64" slack="0"/>
</pin_list>
<bind>
<opcode="shl(20) " fcode="shl"/>
<opset="shl_ln70/2 "/>
</bind>
</comp>

<comp id="161" class="1004" name="add_ln70_fu_161">
<pin_list>
<pin id="162" dir="0" index="0" bw="64" slack="0"/>
<pin id="163" dir="0" index="1" bw="64" slack="1"/>
<pin id="164" dir="1" index="2" bw="64" slack="0"/>
</pin_list>
<bind>
<opcode="add(8) " fcode="add"/>
<opset="add_ln70/2 "/>
</bind>
</comp>

<comp id="166" class="1004" name="trunc_ln70_1_fu_166">
<pin_list>
<pin id="167" dir="0" index="0" bw="62" slack="0"/>
<pin id="168" dir="0" index="1" bw="64" slack="0"/>
<pin id="169" dir="0" index="2" bw="3" slack="0"/>
<pin id="170" dir="0" index="3" bw="7" slack="0"/>
<pin id="171" dir="1" index="4" bw="62" slack="0"/>
</pin_list>
<bind>
<opcode="partselect(1002) " fcode="partselect"/>
<opset="trunc_ln70_1/2 "/>
</bind>
</comp>

<comp id="176" class="1004" name="sext_ln70_fu_176">
<pin_list>
<pin id="177" dir="0" index="0" bw="62" slack="0"/>
<pin id="178" dir="1" index="1" bw="64" slack="0"/>
</pin_list>
<bind>
<opcode="sext(35) " fcode="sext"/>
<opset="sext_ln70/2 "/>
</bind>
</comp>

<comp id="180" class="1004" name="gmem2_addr_fu_180">
<pin_list>
<pin id="181" dir="0" index="0" bw="64" slack="0"/>
<pin id="182" dir="0" index="1" bw="64" slack="0"/>
<pin id="183" dir="1" index="2" bw="64" slack="1"/>
</pin_list>
<bind>
<opcode="getelementptr(29) " fcode="getelementptr"/>
<opset="gmem2_addr/2 "/>
</bind>
</comp>

<comp id="186" class="1004" name="icmp_ln70_fu_186">
<pin_list>
<pin id="187" dir="0" index="0" bw="32" slack="1"/>
<pin id="188" dir="0" index="1" bw="32" slack="10"/>
<pin id="189" dir="1" index="2" bw="1" slack="1"/>
</pin_list>
<bind>
<opcode="icmp(45) " fcode="icmp"/>
<opset="icmp_ln70/11 "/>
</bind>
</comp>

<comp id="190" class="1004" name="add_ln71_fu_190">
<pin_list>
<pin id="191" dir="0" index="0" bw="64" slack="9"/>
<pin id="192" dir="0" index="1" bw="4" slack="0"/>
<pin id="193" dir="1" index="2" bw="64" slack="0"/>
</pin_list>
<bind>
<opcode="add(8) " fcode="add"/>
<opset="add_ln71/11 "/>
</bind>
</comp>

<comp id="195" class="1004" name="add_ln71_1_fu_195">
<pin_list>
<pin id="196" dir="0" index="0" bw="64" slack="0"/>
<pin id="197" dir="0" index="1" bw="64" slack="10"/>
<pin id="198" dir="1" index="2" bw="64" slack="0"/>
</pin_list>
<bind>
<opcode="add(8) " fcode="add"/>
<opset="add_ln71_1/11 "/>
</bind>
</comp>

<comp id="200" class="1004" name="trunc_ln_fu_200">
<pin_list>
<pin id="201" dir="0" index="0" bw="62" slack="0"/>
<pin id="202" dir="0" index="1" bw="64" slack="0"/>
<pin id="203" dir="0" index="2" bw="3" slack="0"/>
<pin id="204" dir="0" index="3" bw="7" slack="0"/>
<pin id="205" dir="1" index="4" bw="62" slack="0"/>
</pin_list>
<bind>
<opcode="partselect(1002) " fcode="partselect"/>
<opset="trunc_ln/11 "/>
</bind>
</comp>

<comp id="210" class="1004" name="sext_ln71_fu_210">
<pin_list>
<pin id="211" dir="0" index="0" bw="62" slack="0"/>
<pin id="212" dir="1" index="1" bw="64" slack="0"/>
</pin_list>
<bind>
<opcode="sext(35) " fcode="sext"/>
<opset="sext_ln71/11 "/>
</bind>
</comp>

<comp id="214" class="1004" name="gmem2_addr_1_fu_214">
<pin_list>
<pin id="215" dir="0" index="0" bw="64" slack="0"/>
<pin id="216" dir="0" index="1" bw="64" slack="0"/>
<pin id="217" dir="1" index="2" bw="64" slack="1"/>
</pin_list>
<bind>
<opcode="getelementptr(29) " fcode="getelementptr"/>
<opset="gmem2_addr_1/11 "/>
</bind>
</comp>

<comp id="220" class="1004" name="add_ln72_fu_220">
<pin_list>
<pin id="221" dir="0" index="0" bw="64" slack="12"/>
<pin id="222" dir="0" index="1" bw="1" slack="0"/>
<pin id="223" dir="1" index="2" bw="64" slack="0"/>
</pin_list>
<bind>
<opcode="add(8) " fcode="add"/>
<opset="add_ln72/14 "/>
</bind>
</comp>

<comp id="225" class="1004" name="store_ln70_store_fu_225">
<pin_list>
<pin id="226" dir="0" index="0" bw="64" slack="0"/>
<pin id="227" dir="0" index="1" bw="64" slack="13"/>
<pin id="228" dir="1" index="2" bw="0" slack="2147483647"/>
</pin_list>
<bind>
<opcode="store(28) " fcode="store"/>
<opset="store_ln70/14 "/>
</bind>
</comp>

<comp id="230" class="1005" name="j_reg_230">
<pin_list>
<pin id="231" dir="0" index="0" bw="64" slack="0"/>
<pin id="232" dir="1" index="1" bw="64" slack="0"/>
</pin_list>
<bind>
<opset="j "/>
</bind>
</comp>

<comp id="237" class="1005" name="key_read_reg_237">
<pin_list>
<pin id="238" dir="0" index="0" bw="32" slack="10"/>
<pin id="239" dir="1" index="1" bw="32" slack="10"/>
</pin_list>
<bind>
<opset="key_read "/>
</bind>
</comp>

<comp id="242" class="1005" name="active_token_indices_read_reg_242">
<pin_list>
<pin id="243" dir="0" index="0" bw="64" slack="1"/>
<pin id="244" dir="1" index="1" bw="64" slack="1"/>
</pin_list>
<bind>
<opset="active_token_indices_read "/>
</bind>
</comp>

<comp id="248" class="1005" name="j_1_reg_248">
<pin_list>
<pin id="249" dir="0" index="0" bw="64" slack="12"/>
<pin id="250" dir="1" index="1" bw="64" slack="12"/>
</pin_list>
<bind>
<opset="j_1 "/>
</bind>
</comp>

<comp id="253" class="1005" name="empty_reg_253">
<pin_list>
<pin id="254" dir="0" index="0" bw="32" slack="1"/>
<pin id="255" dir="1" index="1" bw="32" slack="1"/>
</pin_list>
<bind>
<opset="empty "/>
</bind>
</comp>

<comp id="258" class="1005" name="tmp_reg_258">
<pin_list>
<pin id="259" dir="0" index="0" bw="1" slack="1"/>
<pin id="260" dir="1" index="1" bw="1" slack="2147483647"/>
</pin_list>
<bind>
<opset="tmp "/>
</bind>
</comp>

<comp id="262" class="1005" name="shl_ln70_reg_262">
<pin_list>
<pin id="263" dir="0" index="0" bw="64" slack="9"/>
<pin id="264" dir="1" index="1" bw="64" slack="9"/>
</pin_list>
<bind>
<opset="shl_ln70 "/>
</bind>
</comp>

<comp id="267" class="1005" name="gmem2_addr_reg_267">
<pin_list>
<pin id="268" dir="0" index="0" bw="32" slack="1"/>
<pin id="269" dir="1" index="1" bw="32" slack="1"/>
</pin_list>
<bind>
<opset="gmem2_addr "/>
</bind>
</comp>

<comp id="273" class="1005" name="gmem2_addr_read_reg_273">
<pin_list>
<pin id="274" dir="0" index="0" bw="32" slack="1"/>
<pin id="275" dir="1" index="1" bw="32" slack="1"/>
</pin_list>
<bind>
<opset="gmem2_addr_read "/>
</bind>
</comp>

<comp id="279" class="1005" name="icmp_ln70_reg_279">
<pin_list>
<pin id="280" dir="0" index="0" bw="1" slack="1"/>
<pin id="281" dir="1" index="1" bw="1" slack="2147483647"/>
</pin_list>
<bind>
<opset="icmp_ln70 "/>
</bind>
</comp>

<comp id="283" class="1005" name="gmem2_addr_1_reg_283">
<pin_list>
<pin id="284" dir="0" index="0" bw="32" slack="1"/>
<pin id="285" dir="1" index="1" bw="32" slack="1"/>
</pin_list>
<bind>
<opset="gmem2_addr_1 "/>
</bind>
</comp>

</comp_list>

<net_list>
<net id="77"><net_src comp="10" pin="0"/><net_sink comp="74" pin=0"/></net>

<net id="82"><net_src comp="12" pin="0"/><net_sink comp="78" pin=0"/></net>

<net id="83"><net_src comp="6" pin="0"/><net_sink comp="78" pin=1"/></net>

<net id="88"><net_src comp="14" pin="0"/><net_sink comp="84" pin=0"/></net>

<net id="89"><net_src comp="4" pin="0"/><net_sink comp="84" pin=1"/></net>

<net id="94"><net_src comp="16" pin="0"/><net_sink comp="90" pin=0"/></net>

<net id="95"><net_src comp="0" pin="0"/><net_sink comp="90" pin=1"/></net>

<net id="101"><net_src comp="52" pin="0"/><net_sink comp="96" pin=0"/></net>

<net id="102"><net_src comp="10" pin="0"/><net_sink comp="96" pin=2"/></net>

<net id="107"><net_src comp="54" pin="0"/><net_sink comp="103" pin=0"/></net>

<net id="113"><net_src comp="62" pin="0"/><net_sink comp="108" pin=0"/></net>

<net id="114"><net_src comp="10" pin="0"/><net_sink comp="108" pin=2"/></net>

<net id="121"><net_src comp="64" pin="0"/><net_sink comp="115" pin=0"/></net>

<net id="122"><net_src comp="66" pin="0"/><net_sink comp="115" pin=3"/></net>

<net id="123"><net_src comp="68" pin="0"/><net_sink comp="108" pin=0"/></net>

<net id="129"><net_src comp="72" pin="0"/><net_sink comp="124" pin=0"/></net>

<net id="130"><net_src comp="8" pin="0"/><net_sink comp="124" pin=1"/></net>

<net id="134"><net_src comp="90" pin="2"/><net_sink comp="131" pin=0"/></net>

<net id="139"><net_src comp="131" pin="1"/><net_sink comp="135" pin=0"/></net>

<net id="146"><net_src comp="140" pin="1"/><net_sink comp="143" pin=0"/></net>

<net id="152"><net_src comp="42" pin="0"/><net_sink comp="147" pin=0"/></net>

<net id="153"><net_src comp="140" pin="1"/><net_sink comp="147" pin=1"/></net>

<net id="154"><net_src comp="44" pin="0"/><net_sink comp="147" pin=2"/></net>

<net id="159"><net_src comp="140" pin="1"/><net_sink comp="155" pin=0"/></net>

<net id="160"><net_src comp="46" pin="0"/><net_sink comp="155" pin=1"/></net>

<net id="165"><net_src comp="155" pin="2"/><net_sink comp="161" pin=0"/></net>

<net id="172"><net_src comp="48" pin="0"/><net_sink comp="166" pin=0"/></net>

<net id="173"><net_src comp="161" pin="2"/><net_sink comp="166" pin=1"/></net>

<net id="174"><net_src comp="50" pin="0"/><net_sink comp="166" pin=2"/></net>

<net id="175"><net_src comp="44" pin="0"/><net_sink comp="166" pin=3"/></net>

<net id="179"><net_src comp="166" pin="4"/><net_sink comp="176" pin=0"/></net>

<net id="184"><net_src comp="2" pin="0"/><net_sink comp="180" pin=0"/></net>

<net id="185"><net_src comp="176" pin="1"/><net_sink comp="180" pin=1"/></net>

<net id="194"><net_src comp="60" pin="0"/><net_sink comp="190" pin=1"/></net>

<net id="199"><net_src comp="190" pin="2"/><net_sink comp="195" pin=0"/></net>

<net id="206"><net_src comp="48" pin="0"/><net_sink comp="200" pin=0"/></net>

<net id="207"><net_src comp="195" pin="2"/><net_sink comp="200" pin=1"/></net>

<net id="208"><net_src comp="50" pin="0"/><net_sink comp="200" pin=2"/></net>

<net id="209"><net_src comp="44" pin="0"/><net_sink comp="200" pin=3"/></net>

<net id="213"><net_src comp="200" pin="4"/><net_sink comp="210" pin=0"/></net>

<net id="218"><net_src comp="2" pin="0"/><net_sink comp="214" pin=0"/></net>

<net id="219"><net_src comp="210" pin="1"/><net_sink comp="214" pin=1"/></net>

<net id="224"><net_src comp="70" pin="0"/><net_sink comp="220" pin=1"/></net>

<net id="229"><net_src comp="220" pin="2"/><net_sink comp="225" pin=0"/></net>

<net id="233"><net_src comp="74" pin="1"/><net_sink comp="230" pin=0"/></net>

<net id="234"><net_src comp="230" pin="1"/><net_sink comp="135" pin=1"/></net>

<net id="235"><net_src comp="230" pin="1"/><net_sink comp="140" pin=0"/></net>

<net id="236"><net_src comp="230" pin="1"/><net_sink comp="225" pin=1"/></net>

<net id="240"><net_src comp="78" pin="2"/><net_sink comp="237" pin=0"/></net>

<net id="241"><net_src comp="237" pin="1"/><net_sink comp="186" pin=1"/></net>

<net id="245"><net_src comp="84" pin="2"/><net_sink comp="242" pin=0"/></net>

<net id="246"><net_src comp="242" pin="1"/><net_sink comp="161" pin=1"/></net>

<net id="247"><net_src comp="242" pin="1"/><net_sink comp="195" pin=1"/></net>

<net id="251"><net_src comp="140" pin="1"/><net_sink comp="248" pin=0"/></net>

<net id="252"><net_src comp="248" pin="1"/><net_sink comp="220" pin=0"/></net>

<net id="256"><net_src comp="143" pin="1"/><net_sink comp="253" pin=0"/></net>

<net id="257"><net_src comp="253" pin="1"/><net_sink comp="124" pin=2"/></net>

<net id="261"><net_src comp="147" pin="3"/><net_sink comp="258" pin=0"/></net>

<net id="265"><net_src comp="155" pin="2"/><net_sink comp="262" pin=0"/></net>

<net id="266"><net_src comp="262" pin="1"/><net_sink comp="190" pin=0"/></net>

<net id="270"><net_src comp="180" pin="2"/><net_sink comp="267" pin=0"/></net>

<net id="271"><net_src comp="267" pin="1"/><net_sink comp="96" pin=1"/></net>

<net id="272"><net_src comp="267" pin="1"/><net_sink comp="103" pin=1"/></net>

<net id="276"><net_src comp="103" pin="2"/><net_sink comp="273" pin=0"/></net>

<net id="277"><net_src comp="273" pin="1"/><net_sink comp="186" pin=0"/></net>

<net id="278"><net_src comp="273" pin="1"/><net_sink comp="115" pin=2"/></net>

<net id="282"><net_src comp="186" pin="2"/><net_sink comp="279" pin=0"/></net>

<net id="286"><net_src comp="214" pin="2"/><net_sink comp="283" pin=0"/></net>

<net id="287"><net_src comp="283" pin="1"/><net_sink comp="108" pin=1"/></net>

<net id="288"><net_src comp="283" pin="1"/><net_sink comp="115" pin=1"/></net>

</net_list>

</model> 
---------------- Datapath Model END ------------------

* FSMD analyzer results:
  - Output states:
	Port: gmem2 | {12 13 14 15 16 17 18 }
	Port: j_1_out | {19 20 }
 - Input state : 
	Port: q16_esla_k13_Pipeline_VITIS_LOOP_70_6 : zext_ln67 | {1 }
	Port: q16_esla_k13_Pipeline_VITIS_LOOP_70_6 : gmem2 | {3 4 5 6 7 8 9 10 }
	Port: q16_esla_k13_Pipeline_VITIS_LOOP_70_6 : active_token_indices | {1 }
	Port: q16_esla_k13_Pipeline_VITIS_LOOP_70_6 : key | {1 }
  - Chain level:
	State 1
		store_ln0 : 1
	State 2
		empty : 1
		tmp : 1
		br_ln70 : 2
		shl_ln70 : 1
		add_ln70 : 1
		trunc_ln70_1 : 2
		sext_ln70 : 3
		gmem2_addr : 4
	State 3
	State 4
	State 5
	State 6
	State 7
	State 8
	State 9
	State 10
	State 11
		br_ln70 : 1
		add_ln71_1 : 1
		trunc_ln : 2
		sext_ln71 : 3
		gmem2_addr_1 : 4
	State 12
	State 13
	State 14
		store_ln70 : 1
	State 15
	State 16
	State 17
	State 18
	State 19
	State 20


============================================================
+ Verbose Summary: Datapath Resource usage 
============================================================

* Functional unit list:
|----------|--------------------------------------|---------|---------|
| Operation|            Functional Unit           |    FF   |   LUT   |
|----------|--------------------------------------|---------|---------|
|          |            add_ln70_fu_161           |    0    |    71   |
|    add   |            add_ln71_fu_190           |    0    |    64   |
|          |           add_ln71_1_fu_195          |    0    |    64   |
|          |            add_ln72_fu_220           |    0    |    71   |
|----------|--------------------------------------|---------|---------|
|   icmp   |           icmp_ln70_fu_186           |    0    |    18   |
|----------|--------------------------------------|---------|---------|
|          |          key_read_read_fu_78         |    0    |    0    |
|   read   | active_token_indices_read_read_fu_84 |    0    |    0    |
|          |       zext_ln67_read_read_fu_90      |    0    |    0    |
|          |      gmem2_addr_read_read_fu_103     |    0    |    0    |
|----------|--------------------------------------|---------|---------|
|  readreq |           grp_readreq_fu_96          |    0    |    0    |
|----------|--------------------------------------|---------|---------|
| writeresp|         grp_writeresp_fu_108         |    0    |    0    |
|----------|--------------------------------------|---------|---------|
|   write  |        write_ln71_write_fu_115       |    0    |    0    |
|          |           grp_write_fu_124           |    0    |    0    |
|----------|--------------------------------------|---------|---------|
|   zext   |         zext_ln67_cast_fu_131        |    0    |    0    |
|----------|--------------------------------------|---------|---------|
|   trunc  |             empty_fu_143             |    0    |    0    |
|----------|--------------------------------------|---------|---------|
| bitselect|              tmp_fu_147              |    0    |    0    |
|----------|--------------------------------------|---------|---------|
|    shl   |            shl_ln70_fu_155           |    0    |    0    |
|----------|--------------------------------------|---------|---------|
|partselect|          trunc_ln70_1_fu_166         |    0    |    0    |
|          |            trunc_ln_fu_200           |    0    |    0    |
|----------|--------------------------------------|---------|---------|
|   sext   |           sext_ln70_fu_176           |    0    |    0    |
|          |           sext_ln71_fu_210           |    0    |    0    |
|----------|--------------------------------------|---------|---------|
|   Total  |                                      |    0    |   288   |
|----------|--------------------------------------|---------|---------|

Memories:
N/A

* Register list:
+---------------------------------+--------+
|                                 |   FF   |
+---------------------------------+--------+
|active_token_indices_read_reg_242|   64   |
|          empty_reg_253          |   32   |
|       gmem2_addr_1_reg_283      |   32   |
|     gmem2_addr_read_reg_273     |   32   |
|        gmem2_addr_reg_267       |   32   |
|        icmp_ln70_reg_279        |    1   |
|           j_1_reg_248           |   64   |
|            j_reg_230            |   64   |
|         key_read_reg_237        |   32   |
|         shl_ln70_reg_262        |   64   |
|           tmp_reg_258           |    1   |
+---------------------------------+--------+
|              Total              |   418  |
+---------------------------------+--------+

* Multiplexer (MUX) list: 
|----------------------|------|------|------|--------||---------|
|         Comp         |  Pin | Size |  BW  | S x BW ||  Delay  |
|----------------------|------|------|------|--------||---------|
| grp_writeresp_fu_108 |  p0  |   2  |   1  |    2   |
|----------------------|------|------|------|--------||---------|
|         Total        |      |      |      |    2   ||  1.588  |
|----------------------|------|------|------|--------||---------|



* Summary:
+-----------+--------+--------+--------+
|           |  Delay |   FF   |   LUT  |
+-----------+--------+--------+--------+
|  Function |    -   |    0   |   288  |
|   Memory  |    -   |    -   |    -   |
|Multiplexer|    1   |    -   |    -   |
|  Register |    -   |   418  |    -   |
+-----------+--------+--------+--------+
|   Total   |    1   |   418  |   288  |
+-----------+--------+--------+--------+
