/home/cym/prj2/finn/notebooks/icl_thesis-master/real_event_sparse/hls/q16_esla_k13/q16_esla_k13_csynth/solution1/.autopilot/db/q16_esla_k13.pp.0.cpp:1336:7: warning: Added loop label VITIS_LOOP_1211_1:   [xilinx-label-all-loops]
      for (i = 0; i < __N - 1; ++i) {
      ^~~
      VITIS_LOOP_1211_1: 
/home/cym/prj2/finn/notebooks/icl_thesis-master/real_event_sparse/hls/q16_esla_k13/q16_esla_k13_csynth/solution1/.autopilot/db/q16_esla_k13.pp.0.cpp:1336:7: note: FIX-IT applied suggested code changes
/home/cym/prj2/finn/notebooks/icl_thesis-master/real_event_sparse/hls/q16_esla_k13/q16_esla_k13_csynth/solution1/.autopilot/db/q16_esla_k13.pp.0.cpp:2310:5: warning: Added loop label VITIS_LOOP_676_1:   [xilinx-label-all-loops]
    for (unsigned i = low; i != high; ++i) {
    ^~~
    VITIS_LOOP_676_1: 
/home/cym/prj2/finn/notebooks/icl_thesis-master/real_event_sparse/hls/q16_esla_k13/q16_esla_k13_csynth/solution1/.autopilot/db/q16_esla_k13.pp.0.cpp:2310:5: note: FIX-IT applied suggested code changes
/home/cym/prj2/finn/notebooks/icl_thesis-master/real_event_sparse/hls/q16_esla_k13/q16_esla_k13_csynth/solution1/.autopilot/db/q16_esla_k13.pp.0.cpp:2324:5: warning: Added loop label VITIS_LOOP_690_1:   [xilinx-label-all-loops]
    for (unsigned i = low; i != high; ++i) {
    ^~~
    VITIS_LOOP_690_1: 
/home/cym/prj2/finn/notebooks/icl_thesis-master/real_event_sparse/hls/q16_esla_k13/q16_esla_k13_csynth/solution1/.autopilot/db/q16_esla_k13.pp.0.cpp:2324:5: note: FIX-IT applied suggested code changes
/home/cym/prj2/finn/notebooks/icl_thesis-master/real_event_sparse/hls/q16_esla_k13/q16_esla_k13_csynth/solution1/.autopilot/db/q16_esla_k13.pp.0.cpp:2338:5: warning: Added loop label VITIS_LOOP_704_1:   [xilinx-label-all-loops]
    for (unsigned i = low; i != high; ++i) {
    ^~~
    VITIS_LOOP_704_1: 
/home/cym/prj2/finn/notebooks/icl_thesis-master/real_event_sparse/hls/q16_esla_k13/q16_esla_k13_csynth/solution1/.autopilot/db/q16_esla_k13.pp.0.cpp:2338:5: note: FIX-IT applied suggested code changes
/home/cym/prj2/finn/notebooks/icl_thesis-master/real_event_sparse/hls/q16_esla_k13/q16_esla_k13_csynth/solution1/.autopilot/db/q16_esla_k13.pp.0.cpp:3937:7: warning: Added loop label VITIS_LOOP_1245_1:   [xilinx-label-all-loops]
      for (i = 0; i < __N - 1; ++i) {
      ^~~
      VITIS_LOOP_1245_1: 
/home/cym/prj2/finn/notebooks/icl_thesis-master/real_event_sparse/hls/q16_esla_k13/q16_esla_k13_csynth/solution1/.autopilot/db/q16_esla_k13.pp.0.cpp:3937:7: note: FIX-IT applied suggested code changes
/home/cym/prj2/finn/notebooks/icl_thesis-master/real_event_sparse/hls/q16_esla_k13/q16_esla_k13_csynth/solution1/.autopilot/db/q16_esla_k13.pp.0.cpp:12757:5: warning: Added loop label VITIS_LOOP_19_1:   [xilinx-label-all-loops]
    for (int i = 0; i < 16; ++i) sum += x[i];
    ^~~
    VITIS_LOOP_19_1: 
/home/cym/prj2/finn/notebooks/icl_thesis-master/real_event_sparse/hls/q16_esla_k13/q16_esla_k13_csynth/solution1/.autopilot/db/q16_esla_k13.pp.0.cpp:12757:5: note: FIX-IT applied suggested code changes
/home/cym/prj2/finn/notebooks/icl_thesis-master/real_event_sparse/hls/q16_esla_k13/q16_esla_k13_csynth/solution1/.autopilot/db/q16_esla_k13.pp.0.cpp:12761:5: warning: Added loop label VITIS_LOOP_23_2:   [xilinx-label-all-loops]
    for (int i = 0; i < 16; ++i) {
    ^~~
    VITIS_LOOP_23_2: 
/home/cym/prj2/finn/notebooks/icl_thesis-master/real_event_sparse/hls/q16_esla_k13/q16_esla_k13_csynth/solution1/.autopilot/db/q16_esla_k13.pp.0.cpp:12761:5: note: FIX-IT applied suggested code changes
/home/cym/prj2/finn/notebooks/icl_thesis-master/real_event_sparse/hls/q16_esla_k13/q16_esla_k13_csynth/solution1/.autopilot/db/q16_esla_k13.pp.0.cpp:12767:5: warning: Added loop label VITIS_LOOP_29_3:   [xilinx-label-all-loops]
    for (int i = 0; i < 16; ++i) {
    ^~~
    VITIS_LOOP_29_3: 
/home/cym/prj2/finn/notebooks/icl_thesis-master/real_event_sparse/hls/q16_esla_k13/q16_esla_k13_csynth/solution1/.autopilot/db/q16_esla_k13.pp.0.cpp:12767:5: note: FIX-IT applied suggested code changes
/home/cym/prj2/finn/notebooks/icl_thesis-master/real_event_sparse/hls/q16_esla_k13/q16_esla_k13_csynth/solution1/.autopilot/db/q16_esla_k13.pp.0.cpp:12781:5: warning: Added loop label VITIS_LOOP_43_1:   [xilinx-label-all-loops]
    for (int i = 0; i < 16; ++i) {
    ^~~
    VITIS_LOOP_43_1: 
/home/cym/prj2/finn/notebooks/icl_thesis-master/real_event_sparse/hls/q16_esla_k13/q16_esla_k13_csynth/solution1/.autopilot/db/q16_esla_k13.pp.0.cpp:12781:5: note: FIX-IT applied suggested code changes
/home/cym/prj2/finn/notebooks/icl_thesis-master/real_event_sparse/hls/q16_esla_k13/q16_esla_k13_csynth/solution1/.autopilot/db/q16_esla_k13.pp.0.cpp:12786:5: warning: Added loop label VITIS_LOOP_48_2:   [xilinx-label-all-loops]
    for (int i = 1; i < 16; ++i) {
    ^~~
    VITIS_LOOP_48_2: 
/home/cym/prj2/finn/notebooks/icl_thesis-master/real_event_sparse/hls/q16_esla_k13/q16_esla_k13_csynth/solution1/.autopilot/db/q16_esla_k13.pp.0.cpp:12786:5: note: FIX-IT applied suggested code changes
/home/cym/prj2/finn/notebooks/icl_thesis-master/real_event_sparse/hls/q16_esla_k13/q16_esla_k13_csynth/solution1/.autopilot/db/q16_esla_k13.pp.0.cpp:12790:9: warning: Added loop label VITIS_LOOP_52_3:   [xilinx-label-all-loops]
        while (j >= 0 &&
        ^~~~~
        VITIS_LOOP_52_3: 
/home/cym/prj2/finn/notebooks/icl_thesis-master/real_event_sparse/hls/q16_esla_k13/q16_esla_k13_csynth/solution1/.autopilot/db/q16_esla_k13.pp.0.cpp:12790:9: note: FIX-IT applied suggested code changes
/home/cym/prj2/finn/notebooks/icl_thesis-master/real_event_sparse/hls/q16_esla_k13/q16_esla_k13_csynth/solution1/.autopilot/db/q16_esla_k13.pp.0.cpp:12801:5: warning: Added loop label VITIS_LOOP_63_4:   [xilinx-label-all-loops]
    for (int a = 0; a < 13; ++a)
    ^~~
    VITIS_LOOP_63_4: 
/home/cym/prj2/finn/notebooks/icl_thesis-master/real_event_sparse/hls/q16_esla_k13/q16_esla_k13_csynth/solution1/.autopilot/db/q16_esla_k13.pp.0.cpp:12801:5: note: FIX-IT applied suggested code changes
/home/cym/prj2/finn/notebooks/icl_thesis-master/real_event_sparse/hls/q16_esla_k13/q16_esla_k13_csynth/solution1/.autopilot/db/q16_esla_k13.pp.0.cpp:12805:5: warning: Added loop label VITIS_LOOP_67_5:   [xilinx-label-all-loops]
    for (int i = 1; i < 13; ++i) {
    ^~~
    VITIS_LOOP_67_5: 
/home/cym/prj2/finn/notebooks/icl_thesis-master/real_event_sparse/hls/q16_esla_k13/q16_esla_k13_csynth/solution1/.autopilot/db/q16_esla_k13.pp.0.cpp:12805:5: note: FIX-IT applied suggested code changes
/home/cym/prj2/finn/notebooks/icl_thesis-master/real_event_sparse/hls/q16_esla_k13/q16_esla_k13_csynth/solution1/.autopilot/db/q16_esla_k13.pp.0.cpp:12808:9: warning: Added loop label VITIS_LOOP_70_6:   [xilinx-label-all-loops]
        while (j >= 0 && active_token_indices[j] > key) {
        ^~~~~
        VITIS_LOOP_70_6: 
/home/cym/prj2/finn/notebooks/icl_thesis-master/real_event_sparse/hls/q16_esla_k13/q16_esla_k13_csynth/solution1/.autopilot/db/q16_esla_k13.pp.0.cpp:12808:9: note: FIX-IT applied suggested code changes
/home/cym/prj2/finn/notebooks/icl_thesis-master/real_event_sparse/hls/q16_esla_k13/q16_esla_k13_csynth/solution1/.autopilot/db/q16_esla_k13.pp.0.cpp:12825:5: warning: Added loop label VITIS_LOOP_87_1:   [xilinx-label-all-loops]
    for (int a = 0; a < 13; ++a) {
    ^~~
    VITIS_LOOP_87_1: 
/home/cym/prj2/finn/notebooks/icl_thesis-master/real_event_sparse/hls/q16_esla_k13/q16_esla_k13_csynth/solution1/.autopilot/db/q16_esla_k13.pp.0.cpp:12825:5: note: FIX-IT applied suggested code changes
/home/cym/prj2/finn/notebooks/icl_thesis-master/real_event_sparse/hls/q16_esla_k13/q16_esla_k13_csynth/solution1/.autopilot/db/q16_esla_k13.pp.0.cpp:12826:9: warning: Added loop label VITIS_LOOP_88_2:   [xilinx-label-all-loops]
        for (int d = 0; d < 16; ++d) {
        ^~~
        VITIS_LOOP_88_2: 
/home/cym/prj2/finn/notebooks/icl_thesis-master/real_event_sparse/hls/q16_esla_k13/q16_esla_k13_csynth/solution1/.autopilot/db/q16_esla_k13.pp.0.cpp:12826:9: note: FIX-IT applied suggested code changes
/home/cym/prj2/finn/notebooks/icl_thesis-master/real_event_sparse/hls/q16_esla_k13/q16_esla_k13_csynth/solution1/.autopilot/db/q16_esla_k13.pp.0.cpp:12829:13: warning: Added loop label VITIS_LOOP_91_3:   [xilinx-label-all-loops]
            for (int i = 0; i < 16; ++i) {
            ^~~
            VITIS_LOOP_91_3: 
/home/cym/prj2/finn/notebooks/icl_thesis-master/real_event_sparse/hls/q16_esla_k13/q16_esla_k13_csynth/solution1/.autopilot/db/q16_esla_k13.pp.0.cpp:12829:13: note: FIX-IT applied suggested code changes
/home/cym/prj2/finn/notebooks/icl_thesis-master/real_event_sparse/hls/q16_esla_k13/q16_esla_k13_csynth/solution1/.autopilot/db/q16_esla_k13.pp.0.cpp:12841:5: warning: Added loop label VITIS_LOOP_103_4:   [xilinx-label-all-loops]
    for (int d1 = 0; d1 < 16; ++d1) {
    ^~~
    VITIS_LOOP_103_4: 
/home/cym/prj2/finn/notebooks/icl_thesis-master/real_event_sparse/hls/q16_esla_k13/q16_esla_k13_csynth/solution1/.autopilot/db/q16_esla_k13.pp.0.cpp:12841:5: note: FIX-IT applied suggested code changes
/home/cym/prj2/finn/notebooks/icl_thesis-master/real_event_sparse/hls/q16_esla_k13/q16_esla_k13_csynth/solution1/.autopilot/db/q16_esla_k13.pp.0.cpp:12842:9: warning: Added loop label VITIS_LOOP_104_5:   [xilinx-label-all-loops]
        for (int d2 = 0; d2 < 16; ++d2) {
        ^~~
        VITIS_LOOP_104_5: 
/home/cym/prj2/finn/notebooks/icl_thesis-master/real_event_sparse/hls/q16_esla_k13/q16_esla_k13_csynth/solution1/.autopilot/db/q16_esla_k13.pp.0.cpp:12842:9: note: FIX-IT applied suggested code changes
/home/cym/prj2/finn/notebooks/icl_thesis-master/real_event_sparse/hls/q16_esla_k13/q16_esla_k13_csynth/solution1/.autopilot/db/q16_esla_k13.pp.0.cpp:12844:13: warning: Added loop label VITIS_LOOP_106_6:   [xilinx-label-all-loops]
            for (int a = 0; a < 13; ++a) {
            ^~~
            VITIS_LOOP_106_6: 
/home/cym/prj2/finn/notebooks/icl_thesis-master/real_event_sparse/hls/q16_esla_k13/q16_esla_k13_csynth/solution1/.autopilot/db/q16_esla_k13.pp.0.cpp:12844:13: note: FIX-IT applied suggested code changes
/home/cym/prj2/finn/notebooks/icl_thesis-master/real_event_sparse/hls/q16_esla_k13/q16_esla_k13_csynth/solution1/.autopilot/db/q16_esla_k13.pp.0.cpp:12853:5: warning: Added loop label VITIS_LOOP_115_7:   [xilinx-label-all-loops]
    for (int d = 0; d < 16; ++d) {
    ^~~
    VITIS_LOOP_115_7: 
/home/cym/prj2/finn/notebooks/icl_thesis-master/real_event_sparse/hls/q16_esla_k13/q16_esla_k13_csynth/solution1/.autopilot/db/q16_esla_k13.pp.0.cpp:12853:5: note: FIX-IT applied suggested code changes
/home/cym/prj2/finn/notebooks/icl_thesis-master/real_event_sparse/hls/q16_esla_k13/q16_esla_k13_csynth/solution1/.autopilot/db/q16_esla_k13.pp.0.cpp:12855:9: warning: Added loop label VITIS_LOOP_117_8:   [xilinx-label-all-loops]
        for (int a = 0; a < 13; ++a) {
        ^~~
        VITIS_LOOP_117_8: 
/home/cym/prj2/finn/notebooks/icl_thesis-master/real_event_sparse/hls/q16_esla_k13/q16_esla_k13_csynth/solution1/.autopilot/db/q16_esla_k13.pp.0.cpp:12855:9: note: FIX-IT applied suggested code changes
/home/cym/prj2/finn/notebooks/icl_thesis-master/real_event_sparse/hls/q16_esla_k13/q16_esla_k13_csynth/solution1/.autopilot/db/q16_esla_k13.pp.0.cpp:12862:5: warning: Added loop label VITIS_LOOP_124_9:   [xilinx-label-all-loops]
    for (int a = 0; a < 13; ++a) {
    ^~~
    VITIS_LOOP_124_9: 
/home/cym/prj2/finn/notebooks/icl_thesis-master/real_event_sparse/hls/q16_esla_k13/q16_esla_k13_csynth/solution1/.autopilot/db/q16_esla_k13.pp.0.cpp:12862:5: note: FIX-IT applied suggested code changes
/home/cym/prj2/finn/notebooks/icl_thesis-master/real_event_sparse/hls/q16_esla_k13/q16_esla_k13_csynth/solution1/.autopilot/db/q16_esla_k13.pp.0.cpp:12864:9: warning: Added loop label VITIS_LOOP_126_10:   [xilinx-label-all-loops]
        for (int d = 0; d < 16; ++d) {
        ^~~
        VITIS_LOOP_126_10: 
/home/cym/prj2/finn/notebooks/icl_thesis-master/real_event_sparse/hls/q16_esla_k13/q16_esla_k13_csynth/solution1/.autopilot/db/q16_esla_k13.pp.0.cpp:12864:9: note: FIX-IT applied suggested code changes
/home/cym/prj2/finn/notebooks/icl_thesis-master/real_event_sparse/hls/q16_esla_k13/q16_esla_k13_csynth/solution1/.autopilot/db/q16_esla_k13.pp.0.cpp:12871:9: warning: Added loop label VITIS_LOOP_133_11:   [xilinx-label-all-loops]
        for (int d2 = 0; d2 < 16; ++d2) {
        ^~~
        VITIS_LOOP_133_11: 
/home/cym/prj2/finn/notebooks/icl_thesis-master/real_event_sparse/hls/q16_esla_k13/q16_esla_k13_csynth/solution1/.autopilot/db/q16_esla_k13.pp.0.cpp:12871:9: note: FIX-IT applied suggested code changes
/home/cym/prj2/finn/notebooks/icl_thesis-master/real_event_sparse/hls/q16_esla_k13/q16_esla_k13_csynth/solution1/.autopilot/db/q16_esla_k13.pp.0.cpp:12873:13: warning: Added loop label VITIS_LOOP_135_12:   [xilinx-label-all-loops]
            for (int d1 = 0; d1 < 16; ++d1) {
            ^~~
            VITIS_LOOP_135_12: 
/home/cym/prj2/finn/notebooks/icl_thesis-master/real_event_sparse/hls/q16_esla_k13/q16_esla_k13_csynth/solution1/.autopilot/db/q16_esla_k13.pp.0.cpp:12873:13: note: FIX-IT applied suggested code changes
/home/cym/prj2/finn/notebooks/icl_thesis-master/real_event_sparse/hls/q16_esla_k13/q16_esla_k13_csynth/solution1/.autopilot/db/q16_esla_k13.pp.0.cpp:12880:9: warning: Added loop label VITIS_LOOP_142_13:   [xilinx-label-all-loops]
        for (int d = 0; d < 16; ++d) {
        ^~~
        VITIS_LOOP_142_13: 
/home/cym/prj2/finn/notebooks/icl_thesis-master/real_event_sparse/hls/q16_esla_k13/q16_esla_k13_csynth/solution1/.autopilot/db/q16_esla_k13.pp.0.cpp:12880:9: note: FIX-IT applied suggested code changes
/home/cym/prj2/finn/notebooks/icl_thesis-master/real_event_sparse/hls/q16_esla_k13/q16_esla_k13_csynth/solution1/.autopilot/db/q16_esla_k13.pp.0.cpp:12882:13: warning: Added loop label VITIS_LOOP_144_14:   [xilinx-label-all-loops]
            for (int i = 0; i < 16; ++i) {
            ^~~
            VITIS_LOOP_144_14: 
/home/cym/prj2/finn/notebooks/icl_thesis-master/real_event_sparse/hls/q16_esla_k13/q16_esla_k13_csynth/solution1/.autopilot/db/q16_esla_k13.pp.0.cpp:12882:13: note: FIX-IT applied suggested code changes
/home/cym/prj2/finn/notebooks/icl_thesis-master/real_event_sparse/hls/q16_esla_k13/q16_esla_k13_csynth/solution1/.autopilot/db/q16_esla_k13.pp.0.cpp:12896:2: warning: Added loop label VITIS_LOOP_158_1:   [xilinx-label-all-loops]
 for (int a = 0; a < 13; ++a) {
 ^~~
 VITIS_LOOP_158_1: 
/home/cym/prj2/finn/notebooks/icl_thesis-master/real_event_sparse/hls/q16_esla_k13/q16_esla_k13_csynth/solution1/.autopilot/db/q16_esla_k13.pp.0.cpp:12896:2: note: FIX-IT applied suggested code changes
/home/cym/prj2/finn/notebooks/icl_thesis-master/real_event_sparse/hls/q16_esla_k13/q16_esla_k13_csynth/solution1/.autopilot/db/q16_esla_k13.pp.0.cpp:12898:9: warning: Added loop label VITIS_LOOP_160_2:   [xilinx-label-all-loops]
        for (int d = 0; d < 32; ++d) {
        ^~~
        VITIS_LOOP_160_2: 
/home/cym/prj2/finn/notebooks/icl_thesis-master/real_event_sparse/hls/q16_esla_k13/q16_esla_k13_csynth/solution1/.autopilot/db/q16_esla_k13.pp.0.cpp:12898:9: note: FIX-IT applied suggested code changes
/home/cym/prj2/finn/notebooks/icl_thesis-master/real_event_sparse/hls/q16_esla_k13/q16_esla_k13_csynth/solution1/.autopilot/db/q16_esla_k13.pp.0.cpp:12900:13: warning: Added loop label VITIS_LOOP_162_3:   [xilinx-label-all-loops]
            for (int i = 0; i < 16; ++i) {
            ^~~
            VITIS_LOOP_162_3: 
/home/cym/prj2/finn/notebooks/icl_thesis-master/real_event_sparse/hls/q16_esla_k13/q16_esla_k13_csynth/solution1/.autopilot/db/q16_esla_k13.pp.0.cpp:12900:13: note: FIX-IT applied suggested code changes
/home/cym/prj2/finn/notebooks/icl_thesis-master/real_event_sparse/hls/q16_esla_k13/q16_esla_k13_csynth/solution1/.autopilot/db/q16_esla_k13.pp.0.cpp:12910:9: warning: Added loop label VITIS_LOOP_172_4:   [xilinx-label-all-loops]
        for (int d = 0; d < 16; ++d) {
        ^~~
        VITIS_LOOP_172_4: 
/home/cym/prj2/finn/notebooks/icl_thesis-master/real_event_sparse/hls/q16_esla_k13/q16_esla_k13_csynth/solution1/.autopilot/db/q16_esla_k13.pp.0.cpp:12910:9: note: FIX-IT applied suggested code changes
/home/cym/prj2/finn/notebooks/icl_thesis-master/real_event_sparse/hls/q16_esla_k13/q16_esla_k13_csynth/solution1/.autopilot/db/q16_esla_k13.pp.0.cpp:12912:13: warning: Added loop label VITIS_LOOP_174_5:   [xilinx-label-all-loops]
            for (int i = 0; i < 32; ++i) {
            ^~~
            VITIS_LOOP_174_5: 
/home/cym/prj2/finn/notebooks/icl_thesis-master/real_event_sparse/hls/q16_esla_k13/q16_esla_k13_csynth/solution1/.autopilot/db/q16_esla_k13.pp.0.cpp:12912:13: note: FIX-IT applied suggested code changes
/home/cym/prj2/finn/notebooks/icl_thesis-master/real_event_sparse/hls/q16_esla_k13/q16_esla_k13_csynth/solution1/.autopilot/db/q16_esla_k13.pp.0.cpp:12919:9: warning: Added loop label VITIS_LOOP_181_6:   [xilinx-label-all-loops]
        for (int d = 0; d < 16; ++d)
        ^~~
        VITIS_LOOP_181_6: 
/home/cym/prj2/finn/notebooks/icl_thesis-master/real_event_sparse/hls/q16_esla_k13/q16_esla_k13_csynth/solution1/.autopilot/db/q16_esla_k13.pp.0.cpp:12919:9: note: FIX-IT applied suggested code changes
/home/cym/prj2/finn/notebooks/icl_thesis-master/real_event_sparse/hls/q16_esla_k13/q16_esla_k13_csynth/solution1/.autopilot/db/q16_esla_k13.pp.0.cpp:12943:5: warning: Added loop label VITIS_LOOP_201_1:   [xilinx-label-all-loops]
    for (int s = 0; s < 16; ++s) {
    ^~~
    VITIS_LOOP_201_1: 
/home/cym/prj2/finn/notebooks/icl_thesis-master/real_event_sparse/hls/q16_esla_k13/q16_esla_k13_csynth/solution1/.autopilot/db/q16_esla_k13.pp.0.cpp:12943:5: note: FIX-IT applied suggested code changes
/home/cym/prj2/finn/notebooks/icl_thesis-master/real_event_sparse/hls/q16_esla_k13/q16_esla_k13_csynth/solution1/.autopilot/db/q16_esla_k13.pp.0.cpp:12944:9: warning: Added loop label VITIS_LOOP_202_2:   [xilinx-label-all-loops]
        for (int d = 0; d < 16; ++d) {
        ^~~
        VITIS_LOOP_202_2: 
/home/cym/prj2/finn/notebooks/icl_thesis-master/real_event_sparse/hls/q16_esla_k13/q16_esla_k13_csynth/solution1/.autopilot/db/q16_esla_k13.pp.0.cpp:12944:9: note: FIX-IT applied suggested code changes
/home/cym/prj2/finn/notebooks/icl_thesis-master/real_event_sparse/hls/q16_esla_k13/q16_esla_k13_csynth/solution1/.autopilot/db/q16_esla_k13.pp.0.cpp:12946:13: warning: Added loop label VITIS_LOOP_204_3:   [xilinx-label-all-loops]
            for (int i = 0; i < 64; ++i) {
            ^~~
            VITIS_LOOP_204_3: 
/home/cym/prj2/finn/notebooks/icl_thesis-master/real_event_sparse/hls/q16_esla_k13/q16_esla_k13_csynth/solution1/.autopilot/db/q16_esla_k13.pp.0.cpp:12946:13: note: FIX-IT applied suggested code changes
/home/cym/prj2/finn/notebooks/icl_thesis-master/real_event_sparse/hls/q16_esla_k13/q16_esla_k13_csynth/solution1/.autopilot/db/q16_esla_k13.pp.0.cpp:12959:5: warning: Added loop label VITIS_LOOP_217_4:   [xilinx-label-all-loops]
    for (int s = 0; s < 16; ++s) {
    ^~~
    VITIS_LOOP_217_4: 
/home/cym/prj2/finn/notebooks/icl_thesis-master/real_event_sparse/hls/q16_esla_k13/q16_esla_k13_csynth/solution1/.autopilot/db/q16_esla_k13.pp.0.cpp:12959:5: note: FIX-IT applied suggested code changes
/home/cym/prj2/finn/notebooks/icl_thesis-master/real_event_sparse/hls/q16_esla_k13/q16_esla_k13_csynth/solution1/.autopilot/db/q16_esla_k13.pp.0.cpp:12961:9: warning: Added loop label VITIS_LOOP_219_5:   [xilinx-label-all-loops]
        for (int d = 0; d < 16; ++d) {
        ^~~
        VITIS_LOOP_219_5: 
/home/cym/prj2/finn/notebooks/icl_thesis-master/real_event_sparse/hls/q16_esla_k13/q16_esla_k13_csynth/solution1/.autopilot/db/q16_esla_k13.pp.0.cpp:12961:9: note: FIX-IT applied suggested code changes
/home/cym/prj2/finn/notebooks/icl_thesis-master/real_event_sparse/hls/q16_esla_k13/q16_esla_k13_csynth/solution1/.autopilot/db/q16_esla_k13.pp.0.cpp:12963:13: warning: Added loop label VITIS_LOOP_221_6:   [xilinx-label-all-loops]
            for (int i = 0; i < 16; ++i) {
            ^~~
            VITIS_LOOP_221_6: 
/home/cym/prj2/finn/notebooks/icl_thesis-master/real_event_sparse/hls/q16_esla_k13/q16_esla_k13_csynth/solution1/.autopilot/db/q16_esla_k13.pp.0.cpp:12963:13: note: FIX-IT applied suggested code changes
/home/cym/prj2/finn/notebooks/icl_thesis-master/real_event_sparse/hls/q16_esla_k13/q16_esla_k13_csynth/solution1/.autopilot/db/q16_esla_k13.pp.0.cpp:12983:5: warning: Added loop label VITIS_LOOP_241_7:   [xilinx-label-all-loops]
    for (int a = 0; a < 13; ++a) {
    ^~~
    VITIS_LOOP_241_7: 
/home/cym/prj2/finn/notebooks/icl_thesis-master/real_event_sparse/hls/q16_esla_k13/q16_esla_k13_csynth/solution1/.autopilot/db/q16_esla_k13.pp.0.cpp:12983:5: note: FIX-IT applied suggested code changes
/home/cym/prj2/finn/notebooks/icl_thesis-master/real_event_sparse/hls/q16_esla_k13/q16_esla_k13_csynth/solution1/.autopilot/db/q16_esla_k13.pp.0.cpp:12985:9: warning: Added loop label VITIS_LOOP_243_8:   [xilinx-label-all-loops]
        for (int d = 0; d < 16; ++d) {
        ^~~
        VITIS_LOOP_243_8: 
/home/cym/prj2/finn/notebooks/icl_thesis-master/real_event_sparse/hls/q16_esla_k13/q16_esla_k13_csynth/solution1/.autopilot/db/q16_esla_k13.pp.0.cpp:12985:9: note: FIX-IT applied suggested code changes
/home/cym/prj2/finn/notebooks/icl_thesis-master/real_event_sparse/hls/q16_esla_k13/q16_esla_k13_csynth/solution1/.autopilot/db/q16_esla_k13.pp.0.cpp:12993:5: warning: Added loop label VITIS_LOOP_251_9:   [xilinx-label-all-loops]
    for (int a = 0; a < 13; ++a)
    ^~~
    VITIS_LOOP_251_9: 
/home/cym/prj2/finn/notebooks/icl_thesis-master/real_event_sparse/hls/q16_esla_k13/q16_esla_k13_csynth/solution1/.autopilot/db/q16_esla_k13.pp.0.cpp:12993:5: note: FIX-IT applied suggested code changes
/home/cym/prj2/finn/notebooks/icl_thesis-master/real_event_sparse/hls/q16_esla_k13/q16_esla_k13_csynth/solution1/.autopilot/db/q16_esla_k13.pp.0.cpp:13000:5: warning: Added loop label VITIS_LOOP_258_10:   [xilinx-label-all-loops]
    for (int a = 0; a < 13; ++a)
    ^~~
    VITIS_LOOP_258_10: 
/home/cym/prj2/finn/notebooks/icl_thesis-master/real_event_sparse/hls/q16_esla_k13/q16_esla_k13_csynth/solution1/.autopilot/db/q16_esla_k13.pp.0.cpp:13000:5: note: FIX-IT applied suggested code changes
/home/cym/prj2/finn/notebooks/icl_thesis-master/real_event_sparse/hls/q16_esla_k13/q16_esla_k13_csynth/solution1/.autopilot/db/q16_esla_k13.pp.0.cpp:13007:5: warning: Added loop label VITIS_LOOP_265_11:   [xilinx-label-all-loops]
    for (int d = 0; d < 16; ++d) {
    ^~~
    VITIS_LOOP_265_11: 
/home/cym/prj2/finn/notebooks/icl_thesis-master/real_event_sparse/hls/q16_esla_k13/q16_esla_k13_csynth/solution1/.autopilot/db/q16_esla_k13.pp.0.cpp:13007:5: note: FIX-IT applied suggested code changes
/home/cym/prj2/finn/notebooks/icl_thesis-master/real_event_sparse/hls/q16_esla_k13/q16_esla_k13_csynth/solution1/.autopilot/db/q16_esla_k13.pp.0.cpp:13009:9: warning: Added loop label VITIS_LOOP_267_12:   [xilinx-label-all-loops]
        for (int a = 0; a < 13; ++a) {
        ^~~
        VITIS_LOOP_267_12: 
/home/cym/prj2/finn/notebooks/icl_thesis-master/real_event_sparse/hls/q16_esla_k13/q16_esla_k13_csynth/solution1/.autopilot/db/q16_esla_k13.pp.0.cpp:13009:9: note: FIX-IT applied suggested code changes
/home/cym/prj2/finn/notebooks/icl_thesis-master/real_event_sparse/hls/q16_esla_k13/q16_esla_k13_csynth/solution1/.autopilot/db/q16_esla_k13.pp.0.cpp:13017:5: warning: Added loop label VITIS_LOOP_275_13:   [xilinx-label-all-loops]
    for (int c = 0; c < 2; ++c) {
    ^~~
    VITIS_LOOP_275_13: 
/home/cym/prj2/finn/notebooks/icl_thesis-master/real_event_sparse/hls/q16_esla_k13/q16_esla_k13_csynth/solution1/.autopilot/db/q16_esla_k13.pp.0.cpp:13017:5: note: FIX-IT applied suggested code changes
/home/cym/prj2/finn/notebooks/icl_thesis-master/real_event_sparse/hls/q16_esla_k13/q16_esla_k13_csynth/solution1/.autopilot/db/q16_esla_k13.pp.0.cpp:13020:9: warning: Added loop label VITIS_LOOP_278_14:   [xilinx-label-all-loops]
        for (int d = 0; d < 16; ++d) {
        ^~~
        VITIS_LOOP_278_14: 
/home/cym/prj2/finn/notebooks/icl_thesis-master/real_event_sparse/hls/q16_esla_k13/q16_esla_k13_csynth/solution1/.autopilot/db/q16_esla_k13.pp.0.cpp:13020:9: note: FIX-IT applied suggested code changes
