Thu Jul  2 16:52:19 2026: Running xcd server. This server was built by gradle.
Thu Jul  2 16:52:19 2026: Server was asked to start on port: '44165'
Thu Jul  2 16:52:19 2026: Server is using token UUID: '084882f5-474f-4391-8e04-dc29c48b801d'
Thu Jul  2 16:52:19 2026: SESSION_MGR: creating session with session uuid: '6d04a3e9-ade5-4ab9-8d63-1f78fcd2ec76' and name 'default'
Thu Jul  2 16:52:19 2026: Attempting to start server on port '44165'
Thu Jul  2 16:52:19 2026: XCD main fifo: created main fifo '/tmp/xcdmain084882f5-474f-4391-8e04-dc29c48b801d', fd read = 13
Thu Jul  2 16:52:19 2026: Running Dispatch Server
Thu Jul  2 16:52:19 2026: Version 2.2.0
Thu Jul  2 16:52:28 2026: Dispatch Server: Accepted socket connection from client
Thu Jul  2 16:52:28 2026: Starting Socket connection
Thu Jul  2 16:52:28 2026: EXCHANGE_TOKEN received, server token: 084882f5-474f-4391-8e04-dc29c48b801d, passed token: 084882f5-474f-4391-8e04-dc29c48b801d
Thu Jul  2 16:52:28 2026: SESSION_MGR: creating session with session uuid: 'a2549655-f33e-404d-98ae-b124e649aed5' and name 'vitis_hls'
Thu Jul  2 16:52:28 2026: KERNEL_SVC: creating session with uuid: 'a2549655-f33e-404d-98ae-b124e649aed5' and name 'vitis_hls'
Thu Jul  2 16:52:28 2026: GUIDANCE_SMGR: creating guidance session with uuid: 'a2549655-f33e-404d-98ae-b124e649aed5' and name 'vitis_hls'
Thu Jul  2 16:53:44 2026: STOP_SERVER received, server token: 084882f5-474f-4391-8e04-dc29c48b801d, passed token: 084882f5-474f-4391-8e04-dc29c48b801d
Thu Jul  2 16:53:44 2026: Socket received request to stop server.
Thu Jul  2 16:53:44 2026: Dispatch Server: do_await_stop
Thu Jul  2 16:53:44 2026: Dispatch Server: stopping mainFifo_
Thu Jul  2 16:53:44 2026: XCD main fifo: Stopping
Thu Jul  2 16:53:44 2026: XCD main fifo: do_read error code: Operation canceled
Thu Jul  2 16:53:44 2026: XCD main fifo: bytes_transferred: 0
Thu Jul  2 16:53:44 2026: SERVER: destructor for server bound to port 44165
Thu Jul  2 16:53:44 2026: XCD main fifo: Good unlink of /tmp/xcdmain084882f5-474f-4391-8e04-dc29c48b801d
Thu Jul  2 16:53:44 2026: Server exiting with status 0.
Thu Jul  2 16:53:44 2026: Closing log file.
