Fri Jul  3 13:21:44 2026: Running xcd server. This server was built by gradle.
Fri Jul  3 13:21:44 2026: Server was asked to start on port: '0'
Fri Jul  3 13:21:44 2026: Server is using token UUID: 'b5c4a7dc-ce03-4c74-8059-795ed5e0570e'
Fri Jul  3 13:21:44 2026: SESSION_MGR: creating session with session uuid: '6d04a3e9-ade5-4ab9-8d63-1f78fcd2ec76' and name 'default'
Fri Jul  3 13:21:44 2026: Attempting to start server on port '0'
Fri Jul  3 13:21:44 2026: Failed to create acceptor endpoint [::1]:0, exception: open: Operation not permitted
Fri Jul  3 13:21:44 2026: Failed to create acceptor endpoint 127.0.0.1:0, exception: open: Operation not permitted
Fri Jul  3 13:21:44 2026: Failed to create any socket acceptors. Will use FIFOs instead.
Fri Jul  3 13:21:44 2026: XCD main fifo: created main fifo '/tmp/xcdmainb5c4a7dc-ce03-4c74-8059-795ed5e0570e', fd read = 11
Fri Jul  3 13:21:44 2026: Running Dispatch Server
Fri Jul  3 13:21:44 2026: Version 2.2.0
Fri Jul  3 13:25:24 2026: Running xcd server. This server was built by gradle.
Fri Jul  3 13:25:24 2026: Server was asked to start on port: '0'
Fri Jul  3 13:25:24 2026: Server is using token UUID: '7a5fdb6d-596e-413c-a87f-9d9508cc91a0'
Fri Jul  3 13:25:24 2026: SESSION_MGR: creating session with session uuid: '6d04a3e9-ade5-4ab9-8d63-1f78fcd2ec76' and name 'default'
Fri Jul  3 13:25:24 2026: Attempting to start server on port '0'
Fri Jul  3 13:25:24 2026: Failed to create acceptor endpoint [::1]:0, exception: open: Operation not permitted
Fri Jul  3 13:25:24 2026: Failed to create acceptor endpoint 127.0.0.1:0, exception: open: Operation not permitted
Fri Jul  3 13:25:24 2026: Failed to create any socket acceptors. Will use FIFOs instead.
Fri Jul  3 13:25:24 2026: XCD main fifo: created main fifo '/tmp/xcdmain7a5fdb6d-596e-413c-a87f-9d9508cc91a0', fd read = 11
Fri Jul  3 13:25:24 2026: Running Dispatch Server
Fri Jul  3 13:25:24 2026: Version 2.2.0
Fri Jul  3 13:29:04 2026: Running xcd server. This server was built by gradle.
Fri Jul  3 13:29:04 2026: Server was asked to start on port: '0'
Fri Jul  3 13:29:04 2026: Server is using token UUID: '7fb2ebe6-c052-4c33-927f-cf3828f13465'
Fri Jul  3 13:29:04 2026: SESSION_MGR: creating session with session uuid: '6d04a3e9-ade5-4ab9-8d63-1f78fcd2ec76' and name 'default'
Fri Jul  3 13:29:04 2026: Attempting to start server on port '0'
Fri Jul  3 13:29:04 2026: Failed to create acceptor endpoint [::1]:0, exception: open: Operation not permitted
Fri Jul  3 13:29:04 2026: Failed to create acceptor endpoint 127.0.0.1:0, exception: open: Operation not permitted
Fri Jul  3 13:29:04 2026: Failed to create any socket acceptors. Will use FIFOs instead.
Fri Jul  3 13:29:04 2026: XCD main fifo: created main fifo '/tmp/xcdmain7fb2ebe6-c052-4c33-927f-cf3828f13465', fd read = 11
Fri Jul  3 13:29:04 2026: Running Dispatch Server
Fri Jul  3 13:29:04 2026: Version 2.2.0
Fri Jul  3 13:32:44 2026: XCD main fifo: starting fifo connection /tmp/xcd7a1f7d53-6c28-4cb5-8965-5fcb21b567ba
Fri Jul  3 13:32:44 2026: Connection attempt to create read fifo /tmp/xcd7a1f7d53-6c28-4cb5-8965-5fcb21b567ba_0
Fri Jul  3 13:32:44 2026: Connection attempt to create write fifo /tmp/xcd7a1f7d53-6c28-4cb5-8965-5fcb21b567ba_1
Fri Jul  3 13:32:44 2026: Starting Fifo connection
Fri Jul  3 13:32:54 2026: EXCHANGE_TOKEN received, server token: 7fb2ebe6-c052-4c33-927f-cf3828f13465, passed token: 7fb2ebe6-c052-4c33-927f-cf3828f13465
Fri Jul  3 13:32:54 2026: SESSION_MGR: creating session with session uuid: '76ec3ae8-9721-48a5-b064-b73c624f3c4c' and name 'vitis_hls'
Fri Jul  3 13:32:54 2026: KERNEL_SVC: creating session with uuid: '76ec3ae8-9721-48a5-b064-b73c624f3c4c' and name 'vitis_hls'
Fri Jul  3 13:32:54 2026: GUIDANCE_SMGR: creating guidance session with uuid: '76ec3ae8-9721-48a5-b064-b73c624f3c4c' and name 'vitis_hls'
Fri Jul  3 13:35:24 2026: STOP_SERVER received, server token: 7fb2ebe6-c052-4c33-927f-cf3828f13465, passed token: 7fb2ebe6-c052-4c33-927f-cf3828f13465
Fri Jul  3 13:35:24 2026: Fifo received request to stop server.
Fri Jul  3 13:35:24 2026: Dispatch Server: do_await_stop
Fri Jul  3 13:35:24 2026: Dispatch Server: stopping mainFifo_
Fri Jul  3 13:35:24 2026: XCD main fifo: Stopping
Fri Jul  3 13:35:24 2026: XCD main fifo: do_read error code: Operation canceled
Fri Jul  3 13:35:24 2026: XCD main fifo: bytes_transferred: 0
Fri Jul  3 13:51:44 2026: Dispatch Server timeout; shutting down.
Fri Jul  3 13:51:44 2026: Dispatch Server: do_await_stop
Fri Jul  3 13:51:44 2026: Dispatch Server: stopping mainFifo_
Fri Jul  3 13:51:44 2026: XCD main fifo: Stopping
Fri Jul  3 13:51:44 2026: XCD main fifo: do_read error code: Operation canceled
Fri Jul  3 13:51:44 2026: XCD main fifo: bytes_transferred: 0
Fri Jul  3 13:51:44 2026: SERVER: destructor for server bound to port 0
Fri Jul  3 13:51:44 2026: XCD main fifo: Good unlink of /tmp/xcdmainb5c4a7dc-ce03-4c74-8059-795ed5e0570e
Fri Jul  3 13:51:44 2026: Server exiting with status 0.
Fri Jul  3 13:51:44 2026: Closing log file.
Fri Jul  3 13:55:24 2026: Dispatch Server timeout; shutting down.
Fri Jul  3 13:55:24 2026: Dispatch Server: do_await_stop
Fri Jul  3 13:55:24 2026: Dispatch Server: stopping mainFifo_
Fri Jul  3 13:55:24 2026: XCD main fifo: Stopping
Fri Jul  3 13:55:24 2026: XCD main fifo: do_read error code: Operation canceled
Fri Jul  3 13:55:24 2026: XCD main fifo: bytes_transferred: 0
Fri Jul  3 13:55:24 2026: SERVER: destructor for server bound to port 0
Fri Jul  3 13:55:24 2026: XCD main fifo: Good unlink of /tmp/xcdmain7a5fdb6d-596e-413c-a87f-9d9508cc91a0
Fri Jul  3 13:55:24 2026: Server exiting with status 0.
Fri Jul  3 13:55:24 2026: Closing log file.
