

================================================================
== Vitis HLS Report for 'unsw_linear_transformer_Pipeline_VITIS_LOOP_247_29'
================================================================
* Date:           Mon Jun 29 21:59:45 2026

* Version:        2022.2 (Build 3670227 on Oct 13 2022)
* Project:        unsw_linear_transformer_fixed16_v3a_ii2_prj
* Solution:       solution1 (Vivado IP Flow Target)
* Product family: zynq
* Target device:  xc7z020-clg400-1


================================================================
== Performance Estimates
================================================================
+ Timing: 
    * Summary: 
    +--------+----------+----------+------------+
    |  Clock |  Target  | Estimated| Uncertainty|
    +--------+----------+----------+------------+
    |ap_clk  |  10.00 ns|  7.066 ns|     2.70 ns|
    +--------+----------+----------+------------+

+ Latency: 
    * Summary: 
    +---------+---------+----------+----------+-----+-----+---------+
    |  Latency (cycles) |  Latency (absolute) |  Interval | Pipeline|
    |   min   |   max   |    min   |    max   | min | max |   Type  |
    +---------+---------+----------+----------+-----+-----+---------+
    |       38|       38|  0.380 us|  0.380 us|   38|   38|       no|
    +---------+---------+----------+----------+-----+-----+---------+

    + Detail: 
        * Instance: 
        N/A

        * Loop: 
        +---------------------+---------+---------+----------+-----------+-----------+------+----------+
        |                     |  Latency (cycles) | Iteration|  Initiation Interval  | Trip |          |
        |      Loop Name      |   min   |   max   |  Latency |  achieved |   target  | Count| Pipelined|
        +---------------------+---------+---------+----------+-----------+-----------+------+----------+
        |- VITIS_LOOP_247_29  |       36|       36|         7|          2|          2|    16|       yes|
        +---------------------+---------+---------+----------+-----------+-----------+------+----------+



================================================================
== Utilization Estimates
================================================================
* Summary: 
+-----------------+---------+-----+--------+-------+-----+
|       Name      | BRAM_18K| DSP |   FF   |  LUT  | URAM|
+-----------------+---------+-----+--------+-------+-----+
|DSP              |        -|    1|       -|      -|    -|
|Expression       |        -|    -|       0|    260|    -|
|FIFO             |        -|    -|       -|      -|    -|
|Instance         |        -|    -|       -|      -|    -|
|Memory           |        1|    -|       0|      0|    -|
|Multiplexer      |        -|    -|       -|     95|    -|
|Register         |        -|    -|     106|      -|    -|
+-----------------+---------+-----+--------+-------+-----+
|Total            |        1|    1|     106|    355|    0|
+-----------------+---------+-----+--------+-------+-----+
|Available        |      280|  220|  106400|  53200|    0|
+-----------------+---------+-----+--------+-------+-----+
|Utilization (%)  |       ~0|   ~0|      ~0|     ~0|    0|
+-----------------+---------+-----+--------+-------+-----+

+ Detail: 
    * Instance: 
    N/A

    * DSP: 
    +----------------------------+------------------------+-----------+
    |          Instance          |         Module         | Expression|
    +----------------------------+------------------------+-----------+
    |mul_mul_15s_20s_35_4_1_U95  |mul_mul_15s_20s_35_4_1  |    i0 * i1|
    +----------------------------+------------------------+-----------+

    * Memory: 
    +-----------------------------------+----------------------------------------------------------------------------------+---------+---+----+-----+------+-----+------+-------------+
    |               Memory              |                                      Module                                      | BRAM_18K| FF| LUT| URAM| Words| Bits| Banks| W*Bits*Banks|
    +-----------------------------------+----------------------------------------------------------------------------------+---------+---+----+-----+------+-----+------+-------------+
    |LAYERS_0_FEEDFORWARD_0_WEIGHT_V_U  |unsw_linear_transformer_Pipeline_VITIS_LOOP_247_29_LAYERS_0_FEEDFORWARD_0_WEIg8j  |        1|  0|   0|    0|   512|   11|     1|         5632|
    +-----------------------------------+----------------------------------------------------------------------------------+---------+---+----+-----+------+-----+------+-------------+
    |Total                              |                                                                                  |        1|  0|   0|    0|   512|   11|     1|         5632|
    +-----------------------------------+----------------------------------------------------------------------------------+---------+---+----+-----+------+-----+------+-------------+

    * FIFO: 
    N/A

    * Expression: 
    +-------------------------+----------+----+---+----+------------+------------+
    |      Variable Name      | Operation| DSP| FF| LUT| Bitwidth P0| Bitwidth P1|
    +-------------------------+----------+----+---+----+------------+------------+
    |add_ln1347_5_fu_263_p2   |         +|   0|  0|  45|          38|          38|
    |add_ln247_fu_164_p2      |         +|   0|  0|  13|           5|           1|
    |add_ln837_2_fu_189_p2    |         +|   0|  0|  14|           7|           7|
    |add_ln837_fu_178_p2      |         +|   0|  0|  14|           9|           9|
    |ret_V_fu_257_p2          |         +|   0|  0|  46|          39|          39|
    |sum_V_7_fu_298_p2        |         +|   0|  0|  31|          24|          24|
    |and_ln891_fu_410_p2      |       and|   0|  0|   2|           1|           1|
    |carry_7_fu_406_p2        |       and|   0|  0|   2|           1|           1|
    |deleted_ones_fu_364_p2   |       and|   0|  0|   2|           1|           1|
    |overflow_fu_388_p2       |       and|   0|  0|   2|           1|           1|
    |underflow_fu_420_p2      |       and|   0|  0|   2|           1|           1|
    |icmp_ln247_fu_158_p2     |      icmp|   0|  0|  10|           5|           6|
    |or_ln346_fu_432_p2       |        or|   0|  0|   2|           1|           1|
    |or_ln888_fu_332_p2       |        or|   0|  0|   2|           1|           1|
    |or_ln890_fu_358_p2       |        or|   0|  0|   2|           1|           1|
    |or_ln895_fu_376_p2       |        or|   0|  0|   2|           1|           1|
    |or_ln896_fu_400_p2       |        or|   0|  0|   2|           1|           1|
    |select_ln346_fu_425_p3   |    select|   0|  0|  25|           1|          23|
    |sum_V_fu_437_p3          |    select|   0|  0|  24|           1|          24|
    |ap_enable_pp0            |       xor|   0|  0|   2|           1|           2|
    |deleted_zeros_fu_338_p2  |       xor|   0|  0|   2|           1|           1|
    |xor_ln888_fu_326_p2      |       xor|   0|  0|   2|           1|           2|
    |xor_ln890_fu_352_p2      |       xor|   0|  0|   2|           1|           2|
    |xor_ln895_7_fu_382_p2    |       xor|   0|  0|   2|           1|           2|
    |xor_ln895_fu_370_p2      |       xor|   0|  0|   2|           1|           2|
    |xor_ln896_10_fu_394_p2   |       xor|   0|  0|   2|           1|           2|
    |xor_ln896_11_fu_415_p2   |       xor|   0|  0|   2|           1|           1|
    |xor_ln896_fu_312_p2      |       xor|   0|  0|   2|           1|           2|
    +-------------------------+----------+----+---+----+------------+------------+
    |Total                    |          |   0|  0| 260|         148|         197|
    +-------------------------+----------+----+---+----+------------+------------+

    * Multiplexer: 
    +----------------------------------+----+-----------+-----+-----------+
    |               Name               | LUT| Input Size| Bits| Total Bits|
    +----------------------------------+----+-----------+-----+-----------+
    |ap_NS_fsm                         |  14|          3|    1|          3|
    |ap_done_int                       |   9|          2|    1|          2|
    |ap_enable_reg_pp0_iter0           |   9|          2|    1|          2|
    |ap_enable_reg_pp0_iter1           |   9|          2|    1|          2|
    |ap_enable_reg_pp0_iter3           |   9|          2|    1|          2|
    |ap_loop_exit_ready_pp0_iter1_reg  |   9|          2|    1|          2|
    |ap_loop_exit_ready_pp0_iter2_reg  |   9|          2|    1|          2|
    |ap_sig_allocacmp_input_feature_2  |   9|          2|    5|         10|
    |input_feature_fu_86               |   9|          2|    5|         10|
    |lhs_fu_82                         |   9|          2|   24|         48|
    +----------------------------------+----+-----------+-----+-----------+
    |Total                             |  95|         21|   41|         83|
    +----------------------------------+----+-----------+-----+-----------+

    * Register: 
    +----------------------------------+----+----+-----+-----------+
    |               Name               | FF | LUT| Bits| Const Bits|
    +----------------------------------+----+----+-----+-----------+
    |Range2_all_ones_reg_530           |   1|   0|    1|          0|
    |ap_CS_fsm                         |   2|   0|    2|          0|
    |ap_done_reg                       |   1|   0|    1|          0|
    |ap_enable_reg_pp0_iter0_reg       |   1|   0|    1|          0|
    |ap_enable_reg_pp0_iter1           |   1|   0|    1|          0|
    |ap_enable_reg_pp0_iter2           |   1|   0|    1|          0|
    |ap_enable_reg_pp0_iter3           |   1|   0|    1|          0|
    |ap_loop_exit_ready_pp0_iter1_reg  |   1|   0|    1|          0|
    |ap_loop_exit_ready_pp0_iter2_reg  |   1|   0|    1|          0|
    |icmp_ln247_reg_475                |   1|   0|    1|          0|
    |icmp_ln247_reg_475_pp0_iter1_reg  |   1|   0|    1|          0|
    |input_feature_fu_86               |   5|   0|    5|          0|
    |lhs_fu_82                         |  24|   0|   24|          0|
    |or_ln896_reg_541                  |   1|   0|    1|          0|
    |overflow_reg_535                  |   1|   0|    1|          0|
    |p_Result_20_reg_515               |   1|   0|    1|          0|
    |p_Result_s_reg_510                |   1|   0|    1|          0|
    |r_V_6_reg_499                     |  35|   0|   35|          0|
    |sum_V_7_reg_520                   |  24|   0|   24|          0|
    |tmp_reg_505                       |   1|   0|    1|          0|
    |xor_ln896_reg_525                 |   1|   0|    1|          0|
    +----------------------------------+----+----+-----+-----------+
    |Total                             | 106|   0|  106|          0|
    +----------------------------------+----+----+-----+-----------+



================================================================
== Interface
================================================================
* Summary: 
+---------------------+-----+-----+------------+----------------------------------------------------+--------------+
|      RTL Ports      | Dir | Bits|  Protocol  |                    Source Object                   |    C Type    |
+---------------------+-----+-----+------------+----------------------------------------------------+--------------+
|ap_clk               |   in|    1|  ap_ctrl_hs|  unsw_linear_transformer_Pipeline_VITIS_LOOP_247_29|  return value|
|ap_rst               |   in|    1|  ap_ctrl_hs|  unsw_linear_transformer_Pipeline_VITIS_LOOP_247_29|  return value|
|ap_start             |   in|    1|  ap_ctrl_hs|  unsw_linear_transformer_Pipeline_VITIS_LOOP_247_29|  return value|
|ap_done              |  out|    1|  ap_ctrl_hs|  unsw_linear_transformer_Pipeline_VITIS_LOOP_247_29|  return value|
|ap_idle              |  out|    1|  ap_ctrl_hs|  unsw_linear_transformer_Pipeline_VITIS_LOOP_247_29|  return value|
|ap_ready             |  out|    1|  ap_ctrl_hs|  unsw_linear_transformer_Pipeline_VITIS_LOOP_247_29|  return value|
|sext_ln246           |   in|   14|     ap_none|                                          sext_ln246|        scalar|
|zext_ln837_14        |   in|    9|     ap_none|                                       zext_ln837_14|        scalar|
|zext_ln837_13        |   in|    7|     ap_none|                                       zext_ln837_13|        scalar|
|norm1_address0       |  out|    7|   ap_memory|                                               norm1|         array|
|norm1_ce0            |  out|    1|   ap_memory|                                               norm1|         array|
|norm1_q0             |   in|   16|   ap_memory|                                               norm1|         array|
|sum_V_65_out         |  out|   24|      ap_vld|                                        sum_V_65_out|       pointer|
|sum_V_65_out_ap_vld  |  out|    1|      ap_vld|                                        sum_V_65_out|       pointer|
+---------------------+-----+-----+------------+----------------------------------------------------+--------------+

