INFO: [SIM 2] *************** CSIM start ***************
INFO: [SIM 4] CSIM will launch GCC as the compiler.
   Compiling ../../../../src/testbench.cpp in debug mode
   Compiling ../../../../src/imgds_linear_dense_q8.cpp in debug mode
   Generating csim.exe
Q8-S0 CSIM Testbench
==================================================

==================================================
Q8-S0  CSIM Results (N=200)
==================================================
  Prediction match rate vs Q8 ref:  0.9750  (195/200)
  HW  label accuracy:               0.9100  (182/200)
  Ref label accuracy:               0.8850  (177/200)
  Mismatch count  (hw!=ref):        5
  Max  abs error vs Q8 ref:         0.42216802
  Mean abs error vs Q8 ref:         0.07589514

  First 5 mismatches:
  sample hw_logits      ref_logits     hw_pr  ref_pr label 
  37     [ 0.5938, 0.6006] [ 0.6809, 0.5365] 1     0     1    
  56     [ 0.4111, 0.6211] [ 0.5544, 0.5217] 1     0     1    
  132    [ 0.1729, 0.2256] [ 0.2368, 0.2006] 1     0     1    
  136    [ 0.4697, 0.6934] [ 0.5887, 0.5829] 1     0     1    
  152    [ 0.6143, 0.6973] [ 0.6547, 0.6470] 1     0     1    

==================================================
  Match rate >= 0.95:  PASS
  Relaxed criteria  :  FAIL
==================================================

CSIM PASSED. HW accuracy=0.9100.
INFO: [SIM 1] CSim done with 0 errors.
INFO: [SIM 3] *************** CSIM finish ***************
