

================================================================
== Vitis HLS Report for 'imgds_linear_tiny_Pipeline_VITIS_LOOP_176_4'
================================================================
* Date:           Wed Jul  1 22:10:59 2026

* Version:        2022.2 (Build 3670227 on Oct 13 2022)
* Project:        imgds_linear_tiny_axi
* Solution:       solution1 (Vivado IP Flow Target)
* Product family: zynq
* Target device:  xc7z020-clg400-1


================================================================
== Performance Estimates
================================================================
+ Timing: 
    * Summary: 
    +--------+----------+----------+------------+
    |  Clock |  Target  | Estimated| Uncertainty|
    +--------+----------+----------+------------+
    |ap_clk  |  10.00 ns|  7.256 ns|     2.70 ns|
    +--------+----------+----------+------------+

+ Latency: 
    * Summary: 
    +---------+---------+-----------+-----------+------+------+---------+
    |  Latency (cycles) |   Latency (absolute)  |   Interval  | Pipeline|
    |   min   |   max   |    min    |    max    |  min |  max |   Type  |
    +---------+---------+-----------+-----------+------+------+---------+
    |     1186|     1186|  11.860 us|  11.860 us|  1186|  1186|       no|
    +---------+---------+-----------+-----------+------+------+---------+

    + Detail: 
        * Instance: 
        N/A

        * Loop: 
        +--------------------+---------+---------+----------+-----------+-----------+------+----------+
        |                    |  Latency (cycles) | Iteration|  Initiation Interval  | Trip |          |
        |      Loop Name     |   min   |   max   |  Latency |  achieved |   target  | Count| Pipelined|
        +--------------------+---------+---------+----------+-----------+-----------+------+----------+
        |- VITIS_LOOP_176_4  |     1184|     1184|        75|         74|          1|    16|       yes|
        +--------------------+---------+---------+----------+-----------+-----------+------+----------+

============================================================
+ Verbose Summary: Synthesis Manager
============================================================
InlineROM: 1
ExposeGlobal: 0
============================================================
+ Verbose Summary: CDFG Model
============================================================
IsTopModel: 0
ResetActiveHigh: 1
IsCombinational: 0
IsDatapathOnly: 0
HasWiredReturn: 1
HasMFsm: 2
HasVarLatency: 1
IsPipeline: 0
IsRtlPipelined: 0
IsInstanceOverlapped: 0
IsDontTouch: 0
HasImplIP: 0
IsGatedGlobalClock: 0

+ Individual pipeline summary: 
  * Pipeline-0: initiation interval (II) = 74, depth = 75


============================================================
+ Verbose Summary: Schedule
============================================================
* Number of FSM states : 75
* Pipeline : 1
  Pipeline-0 : II = 74, D = 75, States = { 1 2 3 4 5 6 7 8 9 10 11 12 13 14 15 16 17 18 19 20 21 22 23 24 25 26 27 28 29 30 31 32 33 34 35 36 37 38 39 40 41 42 43 44 45 46 47 48 49 50 51 52 53 54 55 56 57 58 59 60 61 62 63 64 65 66 67 68 69 70 71 72 73 74 75 }
* Dataflow Pipeline: 0

* FSM state transitions: 
1 --> 2 
2 --> 3 
3 --> 4 
4 --> 5 
5 --> 6 
6 --> 7 
7 --> 8 
8 --> 9 
9 --> 10 
10 --> 11 
11 --> 12 
12 --> 13 
13 --> 14 
14 --> 15 
15 --> 16 
16 --> 17 
17 --> 18 
18 --> 19 
19 --> 20 
20 --> 21 
21 --> 22 
22 --> 23 
23 --> 24 
24 --> 25 
25 --> 26 
26 --> 27 
27 --> 28 
28 --> 29 
29 --> 30 
30 --> 31 
31 --> 32 
32 --> 33 
33 --> 34 
34 --> 35 
35 --> 36 
36 --> 37 
37 --> 38 
38 --> 39 
39 --> 40 
40 --> 41 
41 --> 42 
42 --> 43 
43 --> 44 
44 --> 45 
45 --> 46 
46 --> 47 
47 --> 48 
48 --> 49 
49 --> 50 
50 --> 51 
51 --> 52 
52 --> 53 
53 --> 54 
54 --> 55 
55 --> 56 
56 --> 57 
57 --> 58 
58 --> 59 
59 --> 60 
60 --> 61 
61 --> 62 
62 --> 63 
63 --> 64 
64 --> 65 
65 --> 66 
66 --> 67 
67 --> 68 
68 --> 69 
69 --> 70 
70 --> 71 
71 --> 72 
72 --> 73 
73 --> 74 
74 --> 75 
75 --> 

* FSM state operations: 

State 1 <SV = 0> <Delay = 3.36>
ST_1 : Operation 78 [1/1] (0.00ns)   --->   "%s_2 = alloca i32 1"   --->   Operation 78 'alloca' 's_2' <Predicate = true> <Delay = 0.00>
ST_1 : Operation 79 [1/1] (1.58ns)   --->   "%store_ln0 = store i5 0, i5 %s_2"   --->   Operation 79 'store' 'store_ln0' <Predicate = true> <Delay = 1.58>
ST_1 : Operation 80 [1/1] (0.00ns)   --->   "%br_ln0 = br void %for.inc47"   --->   Operation 80 'br' 'br_ln0' <Predicate = true> <Delay = 0.00>
ST_1 : Operation 81 [1/1] (0.00ns)   --->   "%s = load i5 %s_2"   --->   Operation 81 'load' 's' <Predicate = true> <Delay = 0.00>
ST_1 : Operation 82 [1/1] (0.00ns)   --->   "%specpipeline_ln0 = specpipeline void @_ssdm_op_SpecPipeline, i32 4294967295, i32 0, i32 1, i32 0, void @p_str"   --->   Operation 82 'specpipeline' 'specpipeline_ln0' <Predicate = true> <Delay = 0.00>
ST_1 : Operation 83 [1/1] (1.36ns)   --->   "%icmp_ln176 = icmp_eq  i5 %s, i5 16" [src/imgds_linear_tiny.cpp:176]   --->   Operation 83 'icmp' 'icmp_ln176' <Predicate = true> <Delay = 1.36> <CoreInst = "Cmp">   --->   Core 9 'Cmp' <Latency = 0> <II = 1> <Delay = 1.36> <FuncUnit> <Opcode : 'icmp'> <InPorts = 2> <OutPorts = 1>
ST_1 : Operation 84 [1/1] (0.00ns)   --->   "%empty = speclooptripcount i32 @_ssdm_op_SpecLoopTripCount, i64 16, i64 16, i64 16"   --->   Operation 84 'speclooptripcount' 'empty' <Predicate = true> <Delay = 0.00>
ST_1 : Operation 85 [1/1] (1.78ns)   --->   "%add_ln176 = add i5 %s, i5 1" [src/imgds_linear_tiny.cpp:176]   --->   Operation 85 'add' 'add_ln176' <Predicate = true> <Delay = 1.78> <CoreInst = "Adder">   --->   Core 1 'Adder' <Latency = 0> <II = 1> <Delay = 1.78> <FuncUnit> <Opcode : 'add' 'sub'> <InPorts = 2> <OutPorts = 1>
ST_1 : Operation 86 [1/1] (0.00ns)   --->   "%br_ln176 = br i1 %icmp_ln176, void %for.inc47.split, void %VITIS_LOOP_126_2.i.preheader.exitStub" [src/imgds_linear_tiny.cpp:176]   --->   Operation 86 'br' 'br_ln176' <Predicate = true> <Delay = 0.00>
ST_1 : Operation 87 [1/1] (0.00ns)   --->   "%empty_78 = trunc i5 %s"   --->   Operation 87 'trunc' 'empty_78' <Predicate = (!icmp_ln176)> <Delay = 0.00>
ST_1 : Operation 88 [1/1] (1.58ns)   --->   "%store_ln176 = store i5 %add_ln176, i5 %s_2" [src/imgds_linear_tiny.cpp:176]   --->   Operation 88 'store' 'store_ln176' <Predicate = (!icmp_ln176)> <Delay = 1.58>
ST_1 : Operation 165 [1/1] (0.00ns)   --->   "%ret_ln0 = ret"   --->   Operation 165 'ret' 'ret_ln0' <Predicate = (icmp_ln176)> <Delay = 0.00>

State 2 <SV = 1> <Delay = 5.12>
ST_2 : Operation 89 [74/74] (5.12ns)   --->   "%call_ln176 = call void @layer_norm_tiny.1, i16 %x_V, i4 %empty_78, i11 938, i11 1108, i11 999, i11 1260, i11 1006, i7 97, i7 72, i7 102, i7 53, i7 89, i7 91, i8 244" [src/imgds_linear_tiny.cpp:176]   --->   Operation 89 'call' 'call_ln176' <Predicate = (!icmp_ln176)> <Delay = 5.12> <CoreType = "Generic">   --->   Core 0 '' <Latency = 0> <II = 1> <Delay = 1.00> <Generic> <Opcode : >

State 3 <SV = 2> <Delay = 7.25>
ST_3 : Operation 90 [73/74] (7.25ns)   --->   "%call_ln176 = call void @layer_norm_tiny.1, i16 %x_V, i4 %empty_78, i11 938, i11 1108, i11 999, i11 1260, i11 1006, i7 97, i7 72, i7 102, i7 53, i7 89, i7 91, i8 244" [src/imgds_linear_tiny.cpp:176]   --->   Operation 90 'call' 'call_ln176' <Predicate = (!icmp_ln176)> <Delay = 7.25> <CoreType = "Generic">   --->   Core 0 '' <Latency = 0> <II = 1> <Delay = 1.00> <Generic> <Opcode : >

State 4 <SV = 3> <Delay = 7.25>
ST_4 : Operation 91 [72/74] (7.25ns)   --->   "%call_ln176 = call void @layer_norm_tiny.1, i16 %x_V, i4 %empty_78, i11 938, i11 1108, i11 999, i11 1260, i11 1006, i7 97, i7 72, i7 102, i7 53, i7 89, i7 91, i8 244" [src/imgds_linear_tiny.cpp:176]   --->   Operation 91 'call' 'call_ln176' <Predicate = (!icmp_ln176)> <Delay = 7.25> <CoreType = "Generic">   --->   Core 0 '' <Latency = 0> <II = 1> <Delay = 1.00> <Generic> <Opcode : >

State 5 <SV = 4> <Delay = 7.25>
ST_5 : Operation 92 [71/74] (7.25ns)   --->   "%call_ln176 = call void @layer_norm_tiny.1, i16 %x_V, i4 %empty_78, i11 938, i11 1108, i11 999, i11 1260, i11 1006, i7 97, i7 72, i7 102, i7 53, i7 89, i7 91, i8 244" [src/imgds_linear_tiny.cpp:176]   --->   Operation 92 'call' 'call_ln176' <Predicate = (!icmp_ln176)> <Delay = 7.25> <CoreType = "Generic">   --->   Core 0 '' <Latency = 0> <II = 1> <Delay = 1.00> <Generic> <Opcode : >

State 6 <SV = 5> <Delay = 7.25>
ST_6 : Operation 93 [70/74] (7.25ns)   --->   "%call_ln176 = call void @layer_norm_tiny.1, i16 %x_V, i4 %empty_78, i11 938, i11 1108, i11 999, i11 1260, i11 1006, i7 97, i7 72, i7 102, i7 53, i7 89, i7 91, i8 244" [src/imgds_linear_tiny.cpp:176]   --->   Operation 93 'call' 'call_ln176' <Predicate = (!icmp_ln176)> <Delay = 7.25> <CoreType = "Generic">   --->   Core 0 '' <Latency = 0> <II = 1> <Delay = 1.00> <Generic> <Opcode : >

State 7 <SV = 6> <Delay = 7.25>
ST_7 : Operation 94 [69/74] (7.25ns)   --->   "%call_ln176 = call void @layer_norm_tiny.1, i16 %x_V, i4 %empty_78, i11 938, i11 1108, i11 999, i11 1260, i11 1006, i7 97, i7 72, i7 102, i7 53, i7 89, i7 91, i8 244" [src/imgds_linear_tiny.cpp:176]   --->   Operation 94 'call' 'call_ln176' <Predicate = (!icmp_ln176)> <Delay = 7.25> <CoreType = "Generic">   --->   Core 0 '' <Latency = 0> <II = 1> <Delay = 1.00> <Generic> <Opcode : >

State 8 <SV = 7> <Delay = 7.25>
ST_8 : Operation 95 [68/74] (7.25ns)   --->   "%call_ln176 = call void @layer_norm_tiny.1, i16 %x_V, i4 %empty_78, i11 938, i11 1108, i11 999, i11 1260, i11 1006, i7 97, i7 72, i7 102, i7 53, i7 89, i7 91, i8 244" [src/imgds_linear_tiny.cpp:176]   --->   Operation 95 'call' 'call_ln176' <Predicate = (!icmp_ln176)> <Delay = 7.25> <CoreType = "Generic">   --->   Core 0 '' <Latency = 0> <II = 1> <Delay = 1.00> <Generic> <Opcode : >

State 9 <SV = 8> <Delay = 7.25>
ST_9 : Operation 96 [67/74] (7.25ns)   --->   "%call_ln176 = call void @layer_norm_tiny.1, i16 %x_V, i4 %empty_78, i11 938, i11 1108, i11 999, i11 1260, i11 1006, i7 97, i7 72, i7 102, i7 53, i7 89, i7 91, i8 244" [src/imgds_linear_tiny.cpp:176]   --->   Operation 96 'call' 'call_ln176' <Predicate = (!icmp_ln176)> <Delay = 7.25> <CoreType = "Generic">   --->   Core 0 '' <Latency = 0> <II = 1> <Delay = 1.00> <Generic> <Opcode : >

State 10 <SV = 9> <Delay = 7.25>
ST_10 : Operation 97 [66/74] (7.25ns)   --->   "%call_ln176 = call void @layer_norm_tiny.1, i16 %x_V, i4 %empty_78, i11 938, i11 1108, i11 999, i11 1260, i11 1006, i7 97, i7 72, i7 102, i7 53, i7 89, i7 91, i8 244" [src/imgds_linear_tiny.cpp:176]   --->   Operation 97 'call' 'call_ln176' <Predicate = (!icmp_ln176)> <Delay = 7.25> <CoreType = "Generic">   --->   Core 0 '' <Latency = 0> <II = 1> <Delay = 1.00> <Generic> <Opcode : >

State 11 <SV = 10> <Delay = 7.25>
ST_11 : Operation 98 [65/74] (7.25ns)   --->   "%call_ln176 = call void @layer_norm_tiny.1, i16 %x_V, i4 %empty_78, i11 938, i11 1108, i11 999, i11 1260, i11 1006, i7 97, i7 72, i7 102, i7 53, i7 89, i7 91, i8 244" [src/imgds_linear_tiny.cpp:176]   --->   Operation 98 'call' 'call_ln176' <Predicate = (!icmp_ln176)> <Delay = 7.25> <CoreType = "Generic">   --->   Core 0 '' <Latency = 0> <II = 1> <Delay = 1.00> <Generic> <Opcode : >

State 12 <SV = 11> <Delay = 7.25>
ST_12 : Operation 99 [64/74] (7.25ns)   --->   "%call_ln176 = call void @layer_norm_tiny.1, i16 %x_V, i4 %empty_78, i11 938, i11 1108, i11 999, i11 1260, i11 1006, i7 97, i7 72, i7 102, i7 53, i7 89, i7 91, i8 244" [src/imgds_linear_tiny.cpp:176]   --->   Operation 99 'call' 'call_ln176' <Predicate = (!icmp_ln176)> <Delay = 7.25> <CoreType = "Generic">   --->   Core 0 '' <Latency = 0> <II = 1> <Delay = 1.00> <Generic> <Opcode : >

State 13 <SV = 12> <Delay = 7.25>
ST_13 : Operation 100 [63/74] (7.25ns)   --->   "%call_ln176 = call void @layer_norm_tiny.1, i16 %x_V, i4 %empty_78, i11 938, i11 1108, i11 999, i11 1260, i11 1006, i7 97, i7 72, i7 102, i7 53, i7 89, i7 91, i8 244" [src/imgds_linear_tiny.cpp:176]   --->   Operation 100 'call' 'call_ln176' <Predicate = (!icmp_ln176)> <Delay = 7.25> <CoreType = "Generic">   --->   Core 0 '' <Latency = 0> <II = 1> <Delay = 1.00> <Generic> <Opcode : >

State 14 <SV = 13> <Delay = 7.25>
ST_14 : Operation 101 [62/74] (7.25ns)   --->   "%call_ln176 = call void @layer_norm_tiny.1, i16 %x_V, i4 %empty_78, i11 938, i11 1108, i11 999, i11 1260, i11 1006, i7 97, i7 72, i7 102, i7 53, i7 89, i7 91, i8 244" [src/imgds_linear_tiny.cpp:176]   --->   Operation 101 'call' 'call_ln176' <Predicate = (!icmp_ln176)> <Delay = 7.25> <CoreType = "Generic">   --->   Core 0 '' <Latency = 0> <II = 1> <Delay = 1.00> <Generic> <Opcode : >

State 15 <SV = 14> <Delay = 7.25>
ST_15 : Operation 102 [61/74] (7.25ns)   --->   "%call_ln176 = call void @layer_norm_tiny.1, i16 %x_V, i4 %empty_78, i11 938, i11 1108, i11 999, i11 1260, i11 1006, i7 97, i7 72, i7 102, i7 53, i7 89, i7 91, i8 244" [src/imgds_linear_tiny.cpp:176]   --->   Operation 102 'call' 'call_ln176' <Predicate = (!icmp_ln176)> <Delay = 7.25> <CoreType = "Generic">   --->   Core 0 '' <Latency = 0> <II = 1> <Delay = 1.00> <Generic> <Opcode : >

State 16 <SV = 15> <Delay = 7.25>
ST_16 : Operation 103 [60/74] (7.25ns)   --->   "%call_ln176 = call void @layer_norm_tiny.1, i16 %x_V, i4 %empty_78, i11 938, i11 1108, i11 999, i11 1260, i11 1006, i7 97, i7 72, i7 102, i7 53, i7 89, i7 91, i8 244" [src/imgds_linear_tiny.cpp:176]   --->   Operation 103 'call' 'call_ln176' <Predicate = (!icmp_ln176)> <Delay = 7.25> <CoreType = "Generic">   --->   Core 0 '' <Latency = 0> <II = 1> <Delay = 1.00> <Generic> <Opcode : >

State 17 <SV = 16> <Delay = 7.25>
ST_17 : Operation 104 [59/74] (7.25ns)   --->   "%call_ln176 = call void @layer_norm_tiny.1, i16 %x_V, i4 %empty_78, i11 938, i11 1108, i11 999, i11 1260, i11 1006, i7 97, i7 72, i7 102, i7 53, i7 89, i7 91, i8 244" [src/imgds_linear_tiny.cpp:176]   --->   Operation 104 'call' 'call_ln176' <Predicate = (!icmp_ln176)> <Delay = 7.25> <CoreType = "Generic">   --->   Core 0 '' <Latency = 0> <II = 1> <Delay = 1.00> <Generic> <Opcode : >

State 18 <SV = 17> <Delay = 7.25>
ST_18 : Operation 105 [58/74] (7.25ns)   --->   "%call_ln176 = call void @layer_norm_tiny.1, i16 %x_V, i4 %empty_78, i11 938, i11 1108, i11 999, i11 1260, i11 1006, i7 97, i7 72, i7 102, i7 53, i7 89, i7 91, i8 244" [src/imgds_linear_tiny.cpp:176]   --->   Operation 105 'call' 'call_ln176' <Predicate = (!icmp_ln176)> <Delay = 7.25> <CoreType = "Generic">   --->   Core 0 '' <Latency = 0> <II = 1> <Delay = 1.00> <Generic> <Opcode : >

State 19 <SV = 18> <Delay = 7.25>
ST_19 : Operation 106 [57/74] (7.25ns)   --->   "%call_ln176 = call void @layer_norm_tiny.1, i16 %x_V, i4 %empty_78, i11 938, i11 1108, i11 999, i11 1260, i11 1006, i7 97, i7 72, i7 102, i7 53, i7 89, i7 91, i8 244" [src/imgds_linear_tiny.cpp:176]   --->   Operation 106 'call' 'call_ln176' <Predicate = (!icmp_ln176)> <Delay = 7.25> <CoreType = "Generic">   --->   Core 0 '' <Latency = 0> <II = 1> <Delay = 1.00> <Generic> <Opcode : >

State 20 <SV = 19> <Delay = 7.25>
ST_20 : Operation 107 [56/74] (7.25ns)   --->   "%call_ln176 = call void @layer_norm_tiny.1, i16 %x_V, i4 %empty_78, i11 938, i11 1108, i11 999, i11 1260, i11 1006, i7 97, i7 72, i7 102, i7 53, i7 89, i7 91, i8 244" [src/imgds_linear_tiny.cpp:176]   --->   Operation 107 'call' 'call_ln176' <Predicate = (!icmp_ln176)> <Delay = 7.25> <CoreType = "Generic">   --->   Core 0 '' <Latency = 0> <II = 1> <Delay = 1.00> <Generic> <Opcode : >

State 21 <SV = 20> <Delay = 7.25>
ST_21 : Operation 108 [55/74] (7.25ns)   --->   "%call_ln176 = call void @layer_norm_tiny.1, i16 %x_V, i4 %empty_78, i11 938, i11 1108, i11 999, i11 1260, i11 1006, i7 97, i7 72, i7 102, i7 53, i7 89, i7 91, i8 244" [src/imgds_linear_tiny.cpp:176]   --->   Operation 108 'call' 'call_ln176' <Predicate = (!icmp_ln176)> <Delay = 7.25> <CoreType = "Generic">   --->   Core 0 '' <Latency = 0> <II = 1> <Delay = 1.00> <Generic> <Opcode : >

State 22 <SV = 21> <Delay = 7.25>
ST_22 : Operation 109 [54/74] (7.25ns)   --->   "%call_ln176 = call void @layer_norm_tiny.1, i16 %x_V, i4 %empty_78, i11 938, i11 1108, i11 999, i11 1260, i11 1006, i7 97, i7 72, i7 102, i7 53, i7 89, i7 91, i8 244" [src/imgds_linear_tiny.cpp:176]   --->   Operation 109 'call' 'call_ln176' <Predicate = (!icmp_ln176)> <Delay = 7.25> <CoreType = "Generic">   --->   Core 0 '' <Latency = 0> <II = 1> <Delay = 1.00> <Generic> <Opcode : >

State 23 <SV = 22> <Delay = 7.25>
ST_23 : Operation 110 [53/74] (7.25ns)   --->   "%call_ln176 = call void @layer_norm_tiny.1, i16 %x_V, i4 %empty_78, i11 938, i11 1108, i11 999, i11 1260, i11 1006, i7 97, i7 72, i7 102, i7 53, i7 89, i7 91, i8 244" [src/imgds_linear_tiny.cpp:176]   --->   Operation 110 'call' 'call_ln176' <Predicate = (!icmp_ln176)> <Delay = 7.25> <CoreType = "Generic">   --->   Core 0 '' <Latency = 0> <II = 1> <Delay = 1.00> <Generic> <Opcode : >

State 24 <SV = 23> <Delay = 7.25>
ST_24 : Operation 111 [52/74] (7.25ns)   --->   "%call_ln176 = call void @layer_norm_tiny.1, i16 %x_V, i4 %empty_78, i11 938, i11 1108, i11 999, i11 1260, i11 1006, i7 97, i7 72, i7 102, i7 53, i7 89, i7 91, i8 244" [src/imgds_linear_tiny.cpp:176]   --->   Operation 111 'call' 'call_ln176' <Predicate = (!icmp_ln176)> <Delay = 7.25> <CoreType = "Generic">   --->   Core 0 '' <Latency = 0> <II = 1> <Delay = 1.00> <Generic> <Opcode : >

State 25 <SV = 24> <Delay = 7.25>
ST_25 : Operation 112 [51/74] (7.25ns)   --->   "%call_ln176 = call void @layer_norm_tiny.1, i16 %x_V, i4 %empty_78, i11 938, i11 1108, i11 999, i11 1260, i11 1006, i7 97, i7 72, i7 102, i7 53, i7 89, i7 91, i8 244" [src/imgds_linear_tiny.cpp:176]   --->   Operation 112 'call' 'call_ln176' <Predicate = (!icmp_ln176)> <Delay = 7.25> <CoreType = "Generic">   --->   Core 0 '' <Latency = 0> <II = 1> <Delay = 1.00> <Generic> <Opcode : >

State 26 <SV = 25> <Delay = 7.25>
ST_26 : Operation 113 [50/74] (7.25ns)   --->   "%call_ln176 = call void @layer_norm_tiny.1, i16 %x_V, i4 %empty_78, i11 938, i11 1108, i11 999, i11 1260, i11 1006, i7 97, i7 72, i7 102, i7 53, i7 89, i7 91, i8 244" [src/imgds_linear_tiny.cpp:176]   --->   Operation 113 'call' 'call_ln176' <Predicate = (!icmp_ln176)> <Delay = 7.25> <CoreType = "Generic">   --->   Core 0 '' <Latency = 0> <II = 1> <Delay = 1.00> <Generic> <Opcode : >

State 27 <SV = 26> <Delay = 7.25>
ST_27 : Operation 114 [49/74] (7.25ns)   --->   "%call_ln176 = call void @layer_norm_tiny.1, i16 %x_V, i4 %empty_78, i11 938, i11 1108, i11 999, i11 1260, i11 1006, i7 97, i7 72, i7 102, i7 53, i7 89, i7 91, i8 244" [src/imgds_linear_tiny.cpp:176]   --->   Operation 114 'call' 'call_ln176' <Predicate = (!icmp_ln176)> <Delay = 7.25> <CoreType = "Generic">   --->   Core 0 '' <Latency = 0> <II = 1> <Delay = 1.00> <Generic> <Opcode : >

State 28 <SV = 27> <Delay = 7.25>
ST_28 : Operation 115 [48/74] (7.25ns)   --->   "%call_ln176 = call void @layer_norm_tiny.1, i16 %x_V, i4 %empty_78, i11 938, i11 1108, i11 999, i11 1260, i11 1006, i7 97, i7 72, i7 102, i7 53, i7 89, i7 91, i8 244" [src/imgds_linear_tiny.cpp:176]   --->   Operation 115 'call' 'call_ln176' <Predicate = (!icmp_ln176)> <Delay = 7.25> <CoreType = "Generic">   --->   Core 0 '' <Latency = 0> <II = 1> <Delay = 1.00> <Generic> <Opcode : >

State 29 <SV = 28> <Delay = 7.25>
ST_29 : Operation 116 [47/74] (7.25ns)   --->   "%call_ln176 = call void @layer_norm_tiny.1, i16 %x_V, i4 %empty_78, i11 938, i11 1108, i11 999, i11 1260, i11 1006, i7 97, i7 72, i7 102, i7 53, i7 89, i7 91, i8 244" [src/imgds_linear_tiny.cpp:176]   --->   Operation 116 'call' 'call_ln176' <Predicate = (!icmp_ln176)> <Delay = 7.25> <CoreType = "Generic">   --->   Core 0 '' <Latency = 0> <II = 1> <Delay = 1.00> <Generic> <Opcode : >

State 30 <SV = 29> <Delay = 7.25>
ST_30 : Operation 117 [46/74] (7.25ns)   --->   "%call_ln176 = call void @layer_norm_tiny.1, i16 %x_V, i4 %empty_78, i11 938, i11 1108, i11 999, i11 1260, i11 1006, i7 97, i7 72, i7 102, i7 53, i7 89, i7 91, i8 244" [src/imgds_linear_tiny.cpp:176]   --->   Operation 117 'call' 'call_ln176' <Predicate = (!icmp_ln176)> <Delay = 7.25> <CoreType = "Generic">   --->   Core 0 '' <Latency = 0> <II = 1> <Delay = 1.00> <Generic> <Opcode : >

State 31 <SV = 30> <Delay = 7.25>
ST_31 : Operation 118 [45/74] (7.25ns)   --->   "%call_ln176 = call void @layer_norm_tiny.1, i16 %x_V, i4 %empty_78, i11 938, i11 1108, i11 999, i11 1260, i11 1006, i7 97, i7 72, i7 102, i7 53, i7 89, i7 91, i8 244" [src/imgds_linear_tiny.cpp:176]   --->   Operation 118 'call' 'call_ln176' <Predicate = (!icmp_ln176)> <Delay = 7.25> <CoreType = "Generic">   --->   Core 0 '' <Latency = 0> <II = 1> <Delay = 1.00> <Generic> <Opcode : >

State 32 <SV = 31> <Delay = 7.25>
ST_32 : Operation 119 [44/74] (7.25ns)   --->   "%call_ln176 = call void @layer_norm_tiny.1, i16 %x_V, i4 %empty_78, i11 938, i11 1108, i11 999, i11 1260, i11 1006, i7 97, i7 72, i7 102, i7 53, i7 89, i7 91, i8 244" [src/imgds_linear_tiny.cpp:176]   --->   Operation 119 'call' 'call_ln176' <Predicate = (!icmp_ln176)> <Delay = 7.25> <CoreType = "Generic">   --->   Core 0 '' <Latency = 0> <II = 1> <Delay = 1.00> <Generic> <Opcode : >

State 33 <SV = 32> <Delay = 7.25>
ST_33 : Operation 120 [43/74] (7.25ns)   --->   "%call_ln176 = call void @layer_norm_tiny.1, i16 %x_V, i4 %empty_78, i11 938, i11 1108, i11 999, i11 1260, i11 1006, i7 97, i7 72, i7 102, i7 53, i7 89, i7 91, i8 244" [src/imgds_linear_tiny.cpp:176]   --->   Operation 120 'call' 'call_ln176' <Predicate = (!icmp_ln176)> <Delay = 7.25> <CoreType = "Generic">   --->   Core 0 '' <Latency = 0> <II = 1> <Delay = 1.00> <Generic> <Opcode : >

State 34 <SV = 33> <Delay = 7.25>
ST_34 : Operation 121 [42/74] (7.25ns)   --->   "%call_ln176 = call void @layer_norm_tiny.1, i16 %x_V, i4 %empty_78, i11 938, i11 1108, i11 999, i11 1260, i11 1006, i7 97, i7 72, i7 102, i7 53, i7 89, i7 91, i8 244" [src/imgds_linear_tiny.cpp:176]   --->   Operation 121 'call' 'call_ln176' <Predicate = (!icmp_ln176)> <Delay = 7.25> <CoreType = "Generic">   --->   Core 0 '' <Latency = 0> <II = 1> <Delay = 1.00> <Generic> <Opcode : >

State 35 <SV = 34> <Delay = 7.25>
ST_35 : Operation 122 [41/74] (7.25ns)   --->   "%call_ln176 = call void @layer_norm_tiny.1, i16 %x_V, i4 %empty_78, i11 938, i11 1108, i11 999, i11 1260, i11 1006, i7 97, i7 72, i7 102, i7 53, i7 89, i7 91, i8 244" [src/imgds_linear_tiny.cpp:176]   --->   Operation 122 'call' 'call_ln176' <Predicate = (!icmp_ln176)> <Delay = 7.25> <CoreType = "Generic">   --->   Core 0 '' <Latency = 0> <II = 1> <Delay = 1.00> <Generic> <Opcode : >

State 36 <SV = 35> <Delay = 7.25>
ST_36 : Operation 123 [40/74] (7.25ns)   --->   "%call_ln176 = call void @layer_norm_tiny.1, i16 %x_V, i4 %empty_78, i11 938, i11 1108, i11 999, i11 1260, i11 1006, i7 97, i7 72, i7 102, i7 53, i7 89, i7 91, i8 244" [src/imgds_linear_tiny.cpp:176]   --->   Operation 123 'call' 'call_ln176' <Predicate = (!icmp_ln176)> <Delay = 7.25> <CoreType = "Generic">   --->   Core 0 '' <Latency = 0> <II = 1> <Delay = 1.00> <Generic> <Opcode : >

State 37 <SV = 36> <Delay = 7.25>
ST_37 : Operation 124 [39/74] (7.25ns)   --->   "%call_ln176 = call void @layer_norm_tiny.1, i16 %x_V, i4 %empty_78, i11 938, i11 1108, i11 999, i11 1260, i11 1006, i7 97, i7 72, i7 102, i7 53, i7 89, i7 91, i8 244" [src/imgds_linear_tiny.cpp:176]   --->   Operation 124 'call' 'call_ln176' <Predicate = (!icmp_ln176)> <Delay = 7.25> <CoreType = "Generic">   --->   Core 0 '' <Latency = 0> <II = 1> <Delay = 1.00> <Generic> <Opcode : >

State 38 <SV = 37> <Delay = 7.25>
ST_38 : Operation 125 [38/74] (7.25ns)   --->   "%call_ln176 = call void @layer_norm_tiny.1, i16 %x_V, i4 %empty_78, i11 938, i11 1108, i11 999, i11 1260, i11 1006, i7 97, i7 72, i7 102, i7 53, i7 89, i7 91, i8 244" [src/imgds_linear_tiny.cpp:176]   --->   Operation 125 'call' 'call_ln176' <Predicate = (!icmp_ln176)> <Delay = 7.25> <CoreType = "Generic">   --->   Core 0 '' <Latency = 0> <II = 1> <Delay = 1.00> <Generic> <Opcode : >

State 39 <SV = 38> <Delay = 7.25>
ST_39 : Operation 126 [37/74] (7.25ns)   --->   "%call_ln176 = call void @layer_norm_tiny.1, i16 %x_V, i4 %empty_78, i11 938, i11 1108, i11 999, i11 1260, i11 1006, i7 97, i7 72, i7 102, i7 53, i7 89, i7 91, i8 244" [src/imgds_linear_tiny.cpp:176]   --->   Operation 126 'call' 'call_ln176' <Predicate = (!icmp_ln176)> <Delay = 7.25> <CoreType = "Generic">   --->   Core 0 '' <Latency = 0> <II = 1> <Delay = 1.00> <Generic> <Opcode : >

State 40 <SV = 39> <Delay = 7.25>
ST_40 : Operation 127 [36/74] (7.25ns)   --->   "%call_ln176 = call void @layer_norm_tiny.1, i16 %x_V, i4 %empty_78, i11 938, i11 1108, i11 999, i11 1260, i11 1006, i7 97, i7 72, i7 102, i7 53, i7 89, i7 91, i8 244" [src/imgds_linear_tiny.cpp:176]   --->   Operation 127 'call' 'call_ln176' <Predicate = (!icmp_ln176)> <Delay = 7.25> <CoreType = "Generic">   --->   Core 0 '' <Latency = 0> <II = 1> <Delay = 1.00> <Generic> <Opcode : >

State 41 <SV = 40> <Delay = 7.25>
ST_41 : Operation 128 [35/74] (7.25ns)   --->   "%call_ln176 = call void @layer_norm_tiny.1, i16 %x_V, i4 %empty_78, i11 938, i11 1108, i11 999, i11 1260, i11 1006, i7 97, i7 72, i7 102, i7 53, i7 89, i7 91, i8 244" [src/imgds_linear_tiny.cpp:176]   --->   Operation 128 'call' 'call_ln176' <Predicate = (!icmp_ln176)> <Delay = 7.25> <CoreType = "Generic">   --->   Core 0 '' <Latency = 0> <II = 1> <Delay = 1.00> <Generic> <Opcode : >

State 42 <SV = 41> <Delay = 7.25>
ST_42 : Operation 129 [34/74] (7.25ns)   --->   "%call_ln176 = call void @layer_norm_tiny.1, i16 %x_V, i4 %empty_78, i11 938, i11 1108, i11 999, i11 1260, i11 1006, i7 97, i7 72, i7 102, i7 53, i7 89, i7 91, i8 244" [src/imgds_linear_tiny.cpp:176]   --->   Operation 129 'call' 'call_ln176' <Predicate = (!icmp_ln176)> <Delay = 7.25> <CoreType = "Generic">   --->   Core 0 '' <Latency = 0> <II = 1> <Delay = 1.00> <Generic> <Opcode : >

State 43 <SV = 42> <Delay = 7.25>
ST_43 : Operation 130 [33/74] (7.25ns)   --->   "%call_ln176 = call void @layer_norm_tiny.1, i16 %x_V, i4 %empty_78, i11 938, i11 1108, i11 999, i11 1260, i11 1006, i7 97, i7 72, i7 102, i7 53, i7 89, i7 91, i8 244" [src/imgds_linear_tiny.cpp:176]   --->   Operation 130 'call' 'call_ln176' <Predicate = (!icmp_ln176)> <Delay = 7.25> <CoreType = "Generic">   --->   Core 0 '' <Latency = 0> <II = 1> <Delay = 1.00> <Generic> <Opcode : >

State 44 <SV = 43> <Delay = 7.25>
ST_44 : Operation 131 [32/74] (7.25ns)   --->   "%call_ln176 = call void @layer_norm_tiny.1, i16 %x_V, i4 %empty_78, i11 938, i11 1108, i11 999, i11 1260, i11 1006, i7 97, i7 72, i7 102, i7 53, i7 89, i7 91, i8 244" [src/imgds_linear_tiny.cpp:176]   --->   Operation 131 'call' 'call_ln176' <Predicate = (!icmp_ln176)> <Delay = 7.25> <CoreType = "Generic">   --->   Core 0 '' <Latency = 0> <II = 1> <Delay = 1.00> <Generic> <Opcode : >

State 45 <SV = 44> <Delay = 7.25>
ST_45 : Operation 132 [31/74] (7.25ns)   --->   "%call_ln176 = call void @layer_norm_tiny.1, i16 %x_V, i4 %empty_78, i11 938, i11 1108, i11 999, i11 1260, i11 1006, i7 97, i7 72, i7 102, i7 53, i7 89, i7 91, i8 244" [src/imgds_linear_tiny.cpp:176]   --->   Operation 132 'call' 'call_ln176' <Predicate = (!icmp_ln176)> <Delay = 7.25> <CoreType = "Generic">   --->   Core 0 '' <Latency = 0> <II = 1> <Delay = 1.00> <Generic> <Opcode : >

State 46 <SV = 45> <Delay = 7.25>
ST_46 : Operation 133 [30/74] (7.25ns)   --->   "%call_ln176 = call void @layer_norm_tiny.1, i16 %x_V, i4 %empty_78, i11 938, i11 1108, i11 999, i11 1260, i11 1006, i7 97, i7 72, i7 102, i7 53, i7 89, i7 91, i8 244" [src/imgds_linear_tiny.cpp:176]   --->   Operation 133 'call' 'call_ln176' <Predicate = (!icmp_ln176)> <Delay = 7.25> <CoreType = "Generic">   --->   Core 0 '' <Latency = 0> <II = 1> <Delay = 1.00> <Generic> <Opcode : >

State 47 <SV = 46> <Delay = 7.25>
ST_47 : Operation 134 [29/74] (7.25ns)   --->   "%call_ln176 = call void @layer_norm_tiny.1, i16 %x_V, i4 %empty_78, i11 938, i11 1108, i11 999, i11 1260, i11 1006, i7 97, i7 72, i7 102, i7 53, i7 89, i7 91, i8 244" [src/imgds_linear_tiny.cpp:176]   --->   Operation 134 'call' 'call_ln176' <Predicate = (!icmp_ln176)> <Delay = 7.25> <CoreType = "Generic">   --->   Core 0 '' <Latency = 0> <II = 1> <Delay = 1.00> <Generic> <Opcode : >

State 48 <SV = 47> <Delay = 7.25>
ST_48 : Operation 135 [28/74] (7.25ns)   --->   "%call_ln176 = call void @layer_norm_tiny.1, i16 %x_V, i4 %empty_78, i11 938, i11 1108, i11 999, i11 1260, i11 1006, i7 97, i7 72, i7 102, i7 53, i7 89, i7 91, i8 244" [src/imgds_linear_tiny.cpp:176]   --->   Operation 135 'call' 'call_ln176' <Predicate = (!icmp_ln176)> <Delay = 7.25> <CoreType = "Generic">   --->   Core 0 '' <Latency = 0> <II = 1> <Delay = 1.00> <Generic> <Opcode : >

State 49 <SV = 48> <Delay = 7.25>
ST_49 : Operation 136 [27/74] (7.25ns)   --->   "%call_ln176 = call void @layer_norm_tiny.1, i16 %x_V, i4 %empty_78, i11 938, i11 1108, i11 999, i11 1260, i11 1006, i7 97, i7 72, i7 102, i7 53, i7 89, i7 91, i8 244" [src/imgds_linear_tiny.cpp:176]   --->   Operation 136 'call' 'call_ln176' <Predicate = (!icmp_ln176)> <Delay = 7.25> <CoreType = "Generic">   --->   Core 0 '' <Latency = 0> <II = 1> <Delay = 1.00> <Generic> <Opcode : >

State 50 <SV = 49> <Delay = 7.25>
ST_50 : Operation 137 [26/74] (7.25ns)   --->   "%call_ln176 = call void @layer_norm_tiny.1, i16 %x_V, i4 %empty_78, i11 938, i11 1108, i11 999, i11 1260, i11 1006, i7 97, i7 72, i7 102, i7 53, i7 89, i7 91, i8 244" [src/imgds_linear_tiny.cpp:176]   --->   Operation 137 'call' 'call_ln176' <Predicate = (!icmp_ln176)> <Delay = 7.25> <CoreType = "Generic">   --->   Core 0 '' <Latency = 0> <II = 1> <Delay = 1.00> <Generic> <Opcode : >

State 51 <SV = 50> <Delay = 7.25>
ST_51 : Operation 138 [25/74] (7.25ns)   --->   "%call_ln176 = call void @layer_norm_tiny.1, i16 %x_V, i4 %empty_78, i11 938, i11 1108, i11 999, i11 1260, i11 1006, i7 97, i7 72, i7 102, i7 53, i7 89, i7 91, i8 244" [src/imgds_linear_tiny.cpp:176]   --->   Operation 138 'call' 'call_ln176' <Predicate = (!icmp_ln176)> <Delay = 7.25> <CoreType = "Generic">   --->   Core 0 '' <Latency = 0> <II = 1> <Delay = 1.00> <Generic> <Opcode : >

State 52 <SV = 51> <Delay = 7.25>
ST_52 : Operation 139 [24/74] (7.25ns)   --->   "%call_ln176 = call void @layer_norm_tiny.1, i16 %x_V, i4 %empty_78, i11 938, i11 1108, i11 999, i11 1260, i11 1006, i7 97, i7 72, i7 102, i7 53, i7 89, i7 91, i8 244" [src/imgds_linear_tiny.cpp:176]   --->   Operation 139 'call' 'call_ln176' <Predicate = (!icmp_ln176)> <Delay = 7.25> <CoreType = "Generic">   --->   Core 0 '' <Latency = 0> <II = 1> <Delay = 1.00> <Generic> <Opcode : >

State 53 <SV = 52> <Delay = 7.25>
ST_53 : Operation 140 [23/74] (7.25ns)   --->   "%call_ln176 = call void @layer_norm_tiny.1, i16 %x_V, i4 %empty_78, i11 938, i11 1108, i11 999, i11 1260, i11 1006, i7 97, i7 72, i7 102, i7 53, i7 89, i7 91, i8 244" [src/imgds_linear_tiny.cpp:176]   --->   Operation 140 'call' 'call_ln176' <Predicate = (!icmp_ln176)> <Delay = 7.25> <CoreType = "Generic">   --->   Core 0 '' <Latency = 0> <II = 1> <Delay = 1.00> <Generic> <Opcode : >

State 54 <SV = 53> <Delay = 7.25>
ST_54 : Operation 141 [22/74] (7.25ns)   --->   "%call_ln176 = call void @layer_norm_tiny.1, i16 %x_V, i4 %empty_78, i11 938, i11 1108, i11 999, i11 1260, i11 1006, i7 97, i7 72, i7 102, i7 53, i7 89, i7 91, i8 244" [src/imgds_linear_tiny.cpp:176]   --->   Operation 141 'call' 'call_ln176' <Predicate = (!icmp_ln176)> <Delay = 7.25> <CoreType = "Generic">   --->   Core 0 '' <Latency = 0> <II = 1> <Delay = 1.00> <Generic> <Opcode : >

State 55 <SV = 54> <Delay = 7.25>
ST_55 : Operation 142 [21/74] (7.25ns)   --->   "%call_ln176 = call void @layer_norm_tiny.1, i16 %x_V, i4 %empty_78, i11 938, i11 1108, i11 999, i11 1260, i11 1006, i7 97, i7 72, i7 102, i7 53, i7 89, i7 91, i8 244" [src/imgds_linear_tiny.cpp:176]   --->   Operation 142 'call' 'call_ln176' <Predicate = (!icmp_ln176)> <Delay = 7.25> <CoreType = "Generic">   --->   Core 0 '' <Latency = 0> <II = 1> <Delay = 1.00> <Generic> <Opcode : >

State 56 <SV = 55> <Delay = 7.25>
ST_56 : Operation 143 [20/74] (7.25ns)   --->   "%call_ln176 = call void @layer_norm_tiny.1, i16 %x_V, i4 %empty_78, i11 938, i11 1108, i11 999, i11 1260, i11 1006, i7 97, i7 72, i7 102, i7 53, i7 89, i7 91, i8 244" [src/imgds_linear_tiny.cpp:176]   --->   Operation 143 'call' 'call_ln176' <Predicate = (!icmp_ln176)> <Delay = 7.25> <CoreType = "Generic">   --->   Core 0 '' <Latency = 0> <II = 1> <Delay = 1.00> <Generic> <Opcode : >

State 57 <SV = 56> <Delay = 7.25>
ST_57 : Operation 144 [19/74] (7.25ns)   --->   "%call_ln176 = call void @layer_norm_tiny.1, i16 %x_V, i4 %empty_78, i11 938, i11 1108, i11 999, i11 1260, i11 1006, i7 97, i7 72, i7 102, i7 53, i7 89, i7 91, i8 244" [src/imgds_linear_tiny.cpp:176]   --->   Operation 144 'call' 'call_ln176' <Predicate = (!icmp_ln176)> <Delay = 7.25> <CoreType = "Generic">   --->   Core 0 '' <Latency = 0> <II = 1> <Delay = 1.00> <Generic> <Opcode : >

State 58 <SV = 57> <Delay = 7.25>
ST_58 : Operation 145 [18/74] (7.25ns)   --->   "%call_ln176 = call void @layer_norm_tiny.1, i16 %x_V, i4 %empty_78, i11 938, i11 1108, i11 999, i11 1260, i11 1006, i7 97, i7 72, i7 102, i7 53, i7 89, i7 91, i8 244" [src/imgds_linear_tiny.cpp:176]   --->   Operation 145 'call' 'call_ln176' <Predicate = (!icmp_ln176)> <Delay = 7.25> <CoreType = "Generic">   --->   Core 0 '' <Latency = 0> <II = 1> <Delay = 1.00> <Generic> <Opcode : >

State 59 <SV = 58> <Delay = 7.25>
ST_59 : Operation 146 [17/74] (7.25ns)   --->   "%call_ln176 = call void @layer_norm_tiny.1, i16 %x_V, i4 %empty_78, i11 938, i11 1108, i11 999, i11 1260, i11 1006, i7 97, i7 72, i7 102, i7 53, i7 89, i7 91, i8 244" [src/imgds_linear_tiny.cpp:176]   --->   Operation 146 'call' 'call_ln176' <Predicate = (!icmp_ln176)> <Delay = 7.25> <CoreType = "Generic">   --->   Core 0 '' <Latency = 0> <II = 1> <Delay = 1.00> <Generic> <Opcode : >

State 60 <SV = 59> <Delay = 7.25>
ST_60 : Operation 147 [16/74] (7.25ns)   --->   "%call_ln176 = call void @layer_norm_tiny.1, i16 %x_V, i4 %empty_78, i11 938, i11 1108, i11 999, i11 1260, i11 1006, i7 97, i7 72, i7 102, i7 53, i7 89, i7 91, i8 244" [src/imgds_linear_tiny.cpp:176]   --->   Operation 147 'call' 'call_ln176' <Predicate = (!icmp_ln176)> <Delay = 7.25> <CoreType = "Generic">   --->   Core 0 '' <Latency = 0> <II = 1> <Delay = 1.00> <Generic> <Opcode : >

State 61 <SV = 60> <Delay = 7.25>
ST_61 : Operation 148 [15/74] (7.25ns)   --->   "%call_ln176 = call void @layer_norm_tiny.1, i16 %x_V, i4 %empty_78, i11 938, i11 1108, i11 999, i11 1260, i11 1006, i7 97, i7 72, i7 102, i7 53, i7 89, i7 91, i8 244" [src/imgds_linear_tiny.cpp:176]   --->   Operation 148 'call' 'call_ln176' <Predicate = (!icmp_ln176)> <Delay = 7.25> <CoreType = "Generic">   --->   Core 0 '' <Latency = 0> <II = 1> <Delay = 1.00> <Generic> <Opcode : >

State 62 <SV = 61> <Delay = 7.25>
ST_62 : Operation 149 [14/74] (7.25ns)   --->   "%call_ln176 = call void @layer_norm_tiny.1, i16 %x_V, i4 %empty_78, i11 938, i11 1108, i11 999, i11 1260, i11 1006, i7 97, i7 72, i7 102, i7 53, i7 89, i7 91, i8 244" [src/imgds_linear_tiny.cpp:176]   --->   Operation 149 'call' 'call_ln176' <Predicate = (!icmp_ln176)> <Delay = 7.25> <CoreType = "Generic">   --->   Core 0 '' <Latency = 0> <II = 1> <Delay = 1.00> <Generic> <Opcode : >

State 63 <SV = 62> <Delay = 7.25>
ST_63 : Operation 150 [13/74] (7.25ns)   --->   "%call_ln176 = call void @layer_norm_tiny.1, i16 %x_V, i4 %empty_78, i11 938, i11 1108, i11 999, i11 1260, i11 1006, i7 97, i7 72, i7 102, i7 53, i7 89, i7 91, i8 244" [src/imgds_linear_tiny.cpp:176]   --->   Operation 150 'call' 'call_ln176' <Predicate = (!icmp_ln176)> <Delay = 7.25> <CoreType = "Generic">   --->   Core 0 '' <Latency = 0> <II = 1> <Delay = 1.00> <Generic> <Opcode : >

State 64 <SV = 63> <Delay = 7.25>
ST_64 : Operation 151 [12/74] (7.25ns)   --->   "%call_ln176 = call void @layer_norm_tiny.1, i16 %x_V, i4 %empty_78, i11 938, i11 1108, i11 999, i11 1260, i11 1006, i7 97, i7 72, i7 102, i7 53, i7 89, i7 91, i8 244" [src/imgds_linear_tiny.cpp:176]   --->   Operation 151 'call' 'call_ln176' <Predicate = (!icmp_ln176)> <Delay = 7.25> <CoreType = "Generic">   --->   Core 0 '' <Latency = 0> <II = 1> <Delay = 1.00> <Generic> <Opcode : >

State 65 <SV = 64> <Delay = 7.25>
ST_65 : Operation 152 [11/74] (7.25ns)   --->   "%call_ln176 = call void @layer_norm_tiny.1, i16 %x_V, i4 %empty_78, i11 938, i11 1108, i11 999, i11 1260, i11 1006, i7 97, i7 72, i7 102, i7 53, i7 89, i7 91, i8 244" [src/imgds_linear_tiny.cpp:176]   --->   Operation 152 'call' 'call_ln176' <Predicate = (!icmp_ln176)> <Delay = 7.25> <CoreType = "Generic">   --->   Core 0 '' <Latency = 0> <II = 1> <Delay = 1.00> <Generic> <Opcode : >

State 66 <SV = 65> <Delay = 7.25>
ST_66 : Operation 153 [10/74] (7.25ns)   --->   "%call_ln176 = call void @layer_norm_tiny.1, i16 %x_V, i4 %empty_78, i11 938, i11 1108, i11 999, i11 1260, i11 1006, i7 97, i7 72, i7 102, i7 53, i7 89, i7 91, i8 244" [src/imgds_linear_tiny.cpp:176]   --->   Operation 153 'call' 'call_ln176' <Predicate = (!icmp_ln176)> <Delay = 7.25> <CoreType = "Generic">   --->   Core 0 '' <Latency = 0> <II = 1> <Delay = 1.00> <Generic> <Opcode : >

State 67 <SV = 66> <Delay = 7.25>
ST_67 : Operation 154 [9/74] (7.25ns)   --->   "%call_ln176 = call void @layer_norm_tiny.1, i16 %x_V, i4 %empty_78, i11 938, i11 1108, i11 999, i11 1260, i11 1006, i7 97, i7 72, i7 102, i7 53, i7 89, i7 91, i8 244" [src/imgds_linear_tiny.cpp:176]   --->   Operation 154 'call' 'call_ln176' <Predicate = (!icmp_ln176)> <Delay = 7.25> <CoreType = "Generic">   --->   Core 0 '' <Latency = 0> <II = 1> <Delay = 1.00> <Generic> <Opcode : >

State 68 <SV = 67> <Delay = 7.25>
ST_68 : Operation 155 [8/74] (7.25ns)   --->   "%call_ln176 = call void @layer_norm_tiny.1, i16 %x_V, i4 %empty_78, i11 938, i11 1108, i11 999, i11 1260, i11 1006, i7 97, i7 72, i7 102, i7 53, i7 89, i7 91, i8 244" [src/imgds_linear_tiny.cpp:176]   --->   Operation 155 'call' 'call_ln176' <Predicate = (!icmp_ln176)> <Delay = 7.25> <CoreType = "Generic">   --->   Core 0 '' <Latency = 0> <II = 1> <Delay = 1.00> <Generic> <Opcode : >

State 69 <SV = 68> <Delay = 7.25>
ST_69 : Operation 156 [7/74] (7.25ns)   --->   "%call_ln176 = call void @layer_norm_tiny.1, i16 %x_V, i4 %empty_78, i11 938, i11 1108, i11 999, i11 1260, i11 1006, i7 97, i7 72, i7 102, i7 53, i7 89, i7 91, i8 244" [src/imgds_linear_tiny.cpp:176]   --->   Operation 156 'call' 'call_ln176' <Predicate = (!icmp_ln176)> <Delay = 7.25> <CoreType = "Generic">   --->   Core 0 '' <Latency = 0> <II = 1> <Delay = 1.00> <Generic> <Opcode : >

State 70 <SV = 69> <Delay = 7.25>
ST_70 : Operation 157 [6/74] (7.25ns)   --->   "%call_ln176 = call void @layer_norm_tiny.1, i16 %x_V, i4 %empty_78, i11 938, i11 1108, i11 999, i11 1260, i11 1006, i7 97, i7 72, i7 102, i7 53, i7 89, i7 91, i8 244" [src/imgds_linear_tiny.cpp:176]   --->   Operation 157 'call' 'call_ln176' <Predicate = (!icmp_ln176)> <Delay = 7.25> <CoreType = "Generic">   --->   Core 0 '' <Latency = 0> <II = 1> <Delay = 1.00> <Generic> <Opcode : >

State 71 <SV = 70> <Delay = 7.25>
ST_71 : Operation 158 [5/74] (7.25ns)   --->   "%call_ln176 = call void @layer_norm_tiny.1, i16 %x_V, i4 %empty_78, i11 938, i11 1108, i11 999, i11 1260, i11 1006, i7 97, i7 72, i7 102, i7 53, i7 89, i7 91, i8 244" [src/imgds_linear_tiny.cpp:176]   --->   Operation 158 'call' 'call_ln176' <Predicate = (!icmp_ln176)> <Delay = 7.25> <CoreType = "Generic">   --->   Core 0 '' <Latency = 0> <II = 1> <Delay = 1.00> <Generic> <Opcode : >

State 72 <SV = 71> <Delay = 7.25>
ST_72 : Operation 159 [4/74] (7.25ns)   --->   "%call_ln176 = call void @layer_norm_tiny.1, i16 %x_V, i4 %empty_78, i11 938, i11 1108, i11 999, i11 1260, i11 1006, i7 97, i7 72, i7 102, i7 53, i7 89, i7 91, i8 244" [src/imgds_linear_tiny.cpp:176]   --->   Operation 159 'call' 'call_ln176' <Predicate = (!icmp_ln176)> <Delay = 7.25> <CoreType = "Generic">   --->   Core 0 '' <Latency = 0> <II = 1> <Delay = 1.00> <Generic> <Opcode : >

State 73 <SV = 72> <Delay = 7.25>
ST_73 : Operation 160 [3/74] (7.25ns)   --->   "%call_ln176 = call void @layer_norm_tiny.1, i16 %x_V, i4 %empty_78, i11 938, i11 1108, i11 999, i11 1260, i11 1006, i7 97, i7 72, i7 102, i7 53, i7 89, i7 91, i8 244" [src/imgds_linear_tiny.cpp:176]   --->   Operation 160 'call' 'call_ln176' <Predicate = (!icmp_ln176)> <Delay = 7.25> <CoreType = "Generic">   --->   Core 0 '' <Latency = 0> <II = 1> <Delay = 1.00> <Generic> <Opcode : >

State 74 <SV = 73> <Delay = 7.25>
ST_74 : Operation 161 [2/74] (7.25ns)   --->   "%call_ln176 = call void @layer_norm_tiny.1, i16 %x_V, i4 %empty_78, i11 938, i11 1108, i11 999, i11 1260, i11 1006, i7 97, i7 72, i7 102, i7 53, i7 89, i7 91, i8 244" [src/imgds_linear_tiny.cpp:176]   --->   Operation 161 'call' 'call_ln176' <Predicate = (!icmp_ln176)> <Delay = 7.25> <CoreType = "Generic">   --->   Core 0 '' <Latency = 0> <II = 1> <Delay = 1.00> <Generic> <Opcode : >

State 75 <SV = 74> <Delay = 0.00>
ST_75 : Operation 162 [1/1] (0.00ns)   --->   "%specloopname_ln176 = specloopname void @_ssdm_op_SpecLoopName, void @empty_5" [src/imgds_linear_tiny.cpp:176]   --->   Operation 162 'specloopname' 'specloopname_ln176' <Predicate = true> <Delay = 0.00>
ST_75 : Operation 163 [1/74] (0.00ns)   --->   "%call_ln176 = call void @layer_norm_tiny.1, i16 %x_V, i4 %empty_78, i11 938, i11 1108, i11 999, i11 1260, i11 1006, i7 97, i7 72, i7 102, i7 53, i7 89, i7 91, i8 244" [src/imgds_linear_tiny.cpp:176]   --->   Operation 163 'call' 'call_ln176' <Predicate = (!icmp_ln176)> <Delay = 0.00> <CoreType = "Generic">   --->   Core 0 '' <Latency = 0> <II = 1> <Delay = 1.00> <Generic> <Opcode : >
ST_75 : Operation 164 [1/1] (0.00ns)   --->   "%br_ln176 = br void %for.inc47" [src/imgds_linear_tiny.cpp:176]   --->   Operation 164 'br' 'br_ln176' <Predicate = true> <Delay = 0.00>


============================================================
+ Verbose Summary: Timing violations
============================================================
Target clock period: 10ns, clock uncertainty: 2.7ns.

 <State 1>: 3.37ns
The critical path consists of the following:
	'alloca' operation ('s') [2]  (0 ns)
	'load' operation ('s') on local variable 's' [6]  (0 ns)
	'add' operation ('add_ln176', src/imgds_linear_tiny.cpp:176) [10]  (1.78 ns)
	'store' operation ('store_ln176', src/imgds_linear_tiny.cpp:176) of variable 'add_ln176', src/imgds_linear_tiny.cpp:176 on local variable 's' [16]  (1.59 ns)

 <State 2>: 5.12ns
The critical path consists of the following:
	'call' operation ('call_ln176', src/imgds_linear_tiny.cpp:176) to 'layer_norm_tiny.1' [15]  (5.12 ns)

 <State 3>: 7.26ns
The critical path consists of the following:
	'call' operation ('call_ln176', src/imgds_linear_tiny.cpp:176) to 'layer_norm_tiny.1' [15]  (7.26 ns)

 <State 4>: 7.26ns
The critical path consists of the following:
	'call' operation ('call_ln176', src/imgds_linear_tiny.cpp:176) to 'layer_norm_tiny.1' [15]  (7.26 ns)

 <State 5>: 7.26ns
The critical path consists of the following:
	'call' operation ('call_ln176', src/imgds_linear_tiny.cpp:176) to 'layer_norm_tiny.1' [15]  (7.26 ns)

 <State 6>: 7.26ns
The critical path consists of the following:
	'call' operation ('call_ln176', src/imgds_linear_tiny.cpp:176) to 'layer_norm_tiny.1' [15]  (7.26 ns)

 <State 7>: 7.26ns
The critical path consists of the following:
	'call' operation ('call_ln176', src/imgds_linear_tiny.cpp:176) to 'layer_norm_tiny.1' [15]  (7.26 ns)

 <State 8>: 7.26ns
The critical path consists of the following:
	'call' operation ('call_ln176', src/imgds_linear_tiny.cpp:176) to 'layer_norm_tiny.1' [15]  (7.26 ns)

 <State 9>: 7.26ns
The critical path consists of the following:
	'call' operation ('call_ln176', src/imgds_linear_tiny.cpp:176) to 'layer_norm_tiny.1' [15]  (7.26 ns)

 <State 10>: 7.26ns
The critical path consists of the following:
	'call' operation ('call_ln176', src/imgds_linear_tiny.cpp:176) to 'layer_norm_tiny.1' [15]  (7.26 ns)

 <State 11>: 7.26ns
The critical path consists of the following:
	'call' operation ('call_ln176', src/imgds_linear_tiny.cpp:176) to 'layer_norm_tiny.1' [15]  (7.26 ns)

 <State 12>: 7.26ns
The critical path consists of the following:
	'call' operation ('call_ln176', src/imgds_linear_tiny.cpp:176) to 'layer_norm_tiny.1' [15]  (7.26 ns)

 <State 13>: 7.26ns
The critical path consists of the following:
	'call' operation ('call_ln176', src/imgds_linear_tiny.cpp:176) to 'layer_norm_tiny.1' [15]  (7.26 ns)

 <State 14>: 7.26ns
The critical path consists of the following:
	'call' operation ('call_ln176', src/imgds_linear_tiny.cpp:176) to 'layer_norm_tiny.1' [15]  (7.26 ns)

 <State 15>: 7.26ns
The critical path consists of the following:
	'call' operation ('call_ln176', src/imgds_linear_tiny.cpp:176) to 'layer_norm_tiny.1' [15]  (7.26 ns)

 <State 16>: 7.26ns
The critical path consists of the following:
	'call' operation ('call_ln176', src/imgds_linear_tiny.cpp:176) to 'layer_norm_tiny.1' [15]  (7.26 ns)

 <State 17>: 7.26ns
The critical path consists of the following:
	'call' operation ('call_ln176', src/imgds_linear_tiny.cpp:176) to 'layer_norm_tiny.1' [15]  (7.26 ns)

 <State 18>: 7.26ns
The critical path consists of the following:
	'call' operation ('call_ln176', src/imgds_linear_tiny.cpp:176) to 'layer_norm_tiny.1' [15]  (7.26 ns)

 <State 19>: 7.26ns
The critical path consists of the following:
	'call' operation ('call_ln176', src/imgds_linear_tiny.cpp:176) to 'layer_norm_tiny.1' [15]  (7.26 ns)

 <State 20>: 7.26ns
The critical path consists of the following:
	'call' operation ('call_ln176', src/imgds_linear_tiny.cpp:176) to 'layer_norm_tiny.1' [15]  (7.26 ns)

 <State 21>: 7.26ns
The critical path consists of the following:
	'call' operation ('call_ln176', src/imgds_linear_tiny.cpp:176) to 'layer_norm_tiny.1' [15]  (7.26 ns)

 <State 22>: 7.26ns
The critical path consists of the following:
	'call' operation ('call_ln176', src/imgds_linear_tiny.cpp:176) to 'layer_norm_tiny.1' [15]  (7.26 ns)

 <State 23>: 7.26ns
The critical path consists of the following:
	'call' operation ('call_ln176', src/imgds_linear_tiny.cpp:176) to 'layer_norm_tiny.1' [15]  (7.26 ns)

 <State 24>: 7.26ns
The critical path consists of the following:
	'call' operation ('call_ln176', src/imgds_linear_tiny.cpp:176) to 'layer_norm_tiny.1' [15]  (7.26 ns)

 <State 25>: 7.26ns
The critical path consists of the following:
	'call' operation ('call_ln176', src/imgds_linear_tiny.cpp:176) to 'layer_norm_tiny.1' [15]  (7.26 ns)

 <State 26>: 7.26ns
The critical path consists of the following:
	'call' operation ('call_ln176', src/imgds_linear_tiny.cpp:176) to 'layer_norm_tiny.1' [15]  (7.26 ns)

 <State 27>: 7.26ns
The critical path consists of the following:
	'call' operation ('call_ln176', src/imgds_linear_tiny.cpp:176) to 'layer_norm_tiny.1' [15]  (7.26 ns)

 <State 28>: 7.26ns
The critical path consists of the following:
	'call' operation ('call_ln176', src/imgds_linear_tiny.cpp:176) to 'layer_norm_tiny.1' [15]  (7.26 ns)

 <State 29>: 7.26ns
The critical path consists of the following:
	'call' operation ('call_ln176', src/imgds_linear_tiny.cpp:176) to 'layer_norm_tiny.1' [15]  (7.26 ns)

 <State 30>: 7.26ns
The critical path consists of the following:
	'call' operation ('call_ln176', src/imgds_linear_tiny.cpp:176) to 'layer_norm_tiny.1' [15]  (7.26 ns)

 <State 31>: 7.26ns
The critical path consists of the following:
	'call' operation ('call_ln176', src/imgds_linear_tiny.cpp:176) to 'layer_norm_tiny.1' [15]  (7.26 ns)

 <State 32>: 7.26ns
The critical path consists of the following:
	'call' operation ('call_ln176', src/imgds_linear_tiny.cpp:176) to 'layer_norm_tiny.1' [15]  (7.26 ns)

 <State 33>: 7.26ns
The critical path consists of the following:
	'call' operation ('call_ln176', src/imgds_linear_tiny.cpp:176) to 'layer_norm_tiny.1' [15]  (7.26 ns)

 <State 34>: 7.26ns
The critical path consists of the following:
	'call' operation ('call_ln176', src/imgds_linear_tiny.cpp:176) to 'layer_norm_tiny.1' [15]  (7.26 ns)

 <State 35>: 7.26ns
The critical path consists of the following:
	'call' operation ('call_ln176', src/imgds_linear_tiny.cpp:176) to 'layer_norm_tiny.1' [15]  (7.26 ns)

 <State 36>: 7.26ns
The critical path consists of the following:
	'call' operation ('call_ln176', src/imgds_linear_tiny.cpp:176) to 'layer_norm_tiny.1' [15]  (7.26 ns)

 <State 37>: 7.26ns
The critical path consists of the following:
	'call' operation ('call_ln176', src/imgds_linear_tiny.cpp:176) to 'layer_norm_tiny.1' [15]  (7.26 ns)

 <State 38>: 7.26ns
The critical path consists of the following:
	'call' operation ('call_ln176', src/imgds_linear_tiny.cpp:176) to 'layer_norm_tiny.1' [15]  (7.26 ns)

 <State 39>: 7.26ns
The critical path consists of the following:
	'call' operation ('call_ln176', src/imgds_linear_tiny.cpp:176) to 'layer_norm_tiny.1' [15]  (7.26 ns)

 <State 40>: 7.26ns
The critical path consists of the following:
	'call' operation ('call_ln176', src/imgds_linear_tiny.cpp:176) to 'layer_norm_tiny.1' [15]  (7.26 ns)

 <State 41>: 7.26ns
The critical path consists of the following:
	'call' operation ('call_ln176', src/imgds_linear_tiny.cpp:176) to 'layer_norm_tiny.1' [15]  (7.26 ns)

 <State 42>: 7.26ns
The critical path consists of the following:
	'call' operation ('call_ln176', src/imgds_linear_tiny.cpp:176) to 'layer_norm_tiny.1' [15]  (7.26 ns)

 <State 43>: 7.26ns
The critical path consists of the following:
	'call' operation ('call_ln176', src/imgds_linear_tiny.cpp:176) to 'layer_norm_tiny.1' [15]  (7.26 ns)

 <State 44>: 7.26ns
The critical path consists of the following:
	'call' operation ('call_ln176', src/imgds_linear_tiny.cpp:176) to 'layer_norm_tiny.1' [15]  (7.26 ns)

 <State 45>: 7.26ns
The critical path consists of the following:
	'call' operation ('call_ln176', src/imgds_linear_tiny.cpp:176) to 'layer_norm_tiny.1' [15]  (7.26 ns)

 <State 46>: 7.26ns
The critical path consists of the following:
	'call' operation ('call_ln176', src/imgds_linear_tiny.cpp:176) to 'layer_norm_tiny.1' [15]  (7.26 ns)

 <State 47>: 7.26ns
The critical path consists of the following:
	'call' operation ('call_ln176', src/imgds_linear_tiny.cpp:176) to 'layer_norm_tiny.1' [15]  (7.26 ns)

 <State 48>: 7.26ns
The critical path consists of the following:
	'call' operation ('call_ln176', src/imgds_linear_tiny.cpp:176) to 'layer_norm_tiny.1' [15]  (7.26 ns)

 <State 49>: 7.26ns
The critical path consists of the following:
	'call' operation ('call_ln176', src/imgds_linear_tiny.cpp:176) to 'layer_norm_tiny.1' [15]  (7.26 ns)

 <State 50>: 7.26ns
The critical path consists of the following:
	'call' operation ('call_ln176', src/imgds_linear_tiny.cpp:176) to 'layer_norm_tiny.1' [15]  (7.26 ns)

 <State 51>: 7.26ns
The critical path consists of the following:
	'call' operation ('call_ln176', src/imgds_linear_tiny.cpp:176) to 'layer_norm_tiny.1' [15]  (7.26 ns)

 <State 52>: 7.26ns
The critical path consists of the following:
	'call' operation ('call_ln176', src/imgds_linear_tiny.cpp:176) to 'layer_norm_tiny.1' [15]  (7.26 ns)

 <State 53>: 7.26ns
The critical path consists of the following:
	'call' operation ('call_ln176', src/imgds_linear_tiny.cpp:176) to 'layer_norm_tiny.1' [15]  (7.26 ns)

 <State 54>: 7.26ns
The critical path consists of the following:
	'call' operation ('call_ln176', src/imgds_linear_tiny.cpp:176) to 'layer_norm_tiny.1' [15]  (7.26 ns)

 <State 55>: 7.26ns
The critical path consists of the following:
	'call' operation ('call_ln176', src/imgds_linear_tiny.cpp:176) to 'layer_norm_tiny.1' [15]  (7.26 ns)

 <State 56>: 7.26ns
The critical path consists of the following:
	'call' operation ('call_ln176', src/imgds_linear_tiny.cpp:176) to 'layer_norm_tiny.1' [15]  (7.26 ns)

 <State 57>: 7.26ns
The critical path consists of the following:
	'call' operation ('call_ln176', src/imgds_linear_tiny.cpp:176) to 'layer_norm_tiny.1' [15]  (7.26 ns)

 <State 58>: 7.26ns
The critical path consists of the following:
	'call' operation ('call_ln176', src/imgds_linear_tiny.cpp:176) to 'layer_norm_tiny.1' [15]  (7.26 ns)

 <State 59>: 7.26ns
The critical path consists of the following:
	'call' operation ('call_ln176', src/imgds_linear_tiny.cpp:176) to 'layer_norm_tiny.1' [15]  (7.26 ns)

 <State 60>: 7.26ns
The critical path consists of the following:
	'call' operation ('call_ln176', src/imgds_linear_tiny.cpp:176) to 'layer_norm_tiny.1' [15]  (7.26 ns)

 <State 61>: 7.26ns
The critical path consists of the following:
	'call' operation ('call_ln176', src/imgds_linear_tiny.cpp:176) to 'layer_norm_tiny.1' [15]  (7.26 ns)

 <State 62>: 7.26ns
The critical path consists of the following:
	'call' operation ('call_ln176', src/imgds_linear_tiny.cpp:176) to 'layer_norm_tiny.1' [15]  (7.26 ns)

 <State 63>: 7.26ns
The critical path consists of the following:
	'call' operation ('call_ln176', src/imgds_linear_tiny.cpp:176) to 'layer_norm_tiny.1' [15]  (7.26 ns)

 <State 64>: 7.26ns
The critical path consists of the following:
	'call' operation ('call_ln176', src/imgds_linear_tiny.cpp:176) to 'layer_norm_tiny.1' [15]  (7.26 ns)

 <State 65>: 7.26ns
The critical path consists of the following:
	'call' operation ('call_ln176', src/imgds_linear_tiny.cpp:176) to 'layer_norm_tiny.1' [15]  (7.26 ns)

 <State 66>: 7.26ns
The critical path consists of the following:
	'call' operation ('call_ln176', src/imgds_linear_tiny.cpp:176) to 'layer_norm_tiny.1' [15]  (7.26 ns)

 <State 67>: 7.26ns
The critical path consists of the following:
	'call' operation ('call_ln176', src/imgds_linear_tiny.cpp:176) to 'layer_norm_tiny.1' [15]  (7.26 ns)

 <State 68>: 7.26ns
The critical path consists of the following:
	'call' operation ('call_ln176', src/imgds_linear_tiny.cpp:176) to 'layer_norm_tiny.1' [15]  (7.26 ns)

 <State 69>: 7.26ns
The critical path consists of the following:
	'call' operation ('call_ln176', src/imgds_linear_tiny.cpp:176) to 'layer_norm_tiny.1' [15]  (7.26 ns)

 <State 70>: 7.26ns
The critical path consists of the following:
	'call' operation ('call_ln176', src/imgds_linear_tiny.cpp:176) to 'layer_norm_tiny.1' [15]  (7.26 ns)

 <State 71>: 7.26ns
The critical path consists of the following:
	'call' operation ('call_ln176', src/imgds_linear_tiny.cpp:176) to 'layer_norm_tiny.1' [15]  (7.26 ns)

 <State 72>: 7.26ns
The critical path consists of the following:
	'call' operation ('call_ln176', src/imgds_linear_tiny.cpp:176) to 'layer_norm_tiny.1' [15]  (7.26 ns)

 <State 73>: 7.26ns
The critical path consists of the following:
	'call' operation ('call_ln176', src/imgds_linear_tiny.cpp:176) to 'layer_norm_tiny.1' [15]  (7.26 ns)

 <State 74>: 7.26ns
The critical path consists of the following:
	'call' operation ('call_ln176', src/imgds_linear_tiny.cpp:176) to 'layer_norm_tiny.1' [15]  (7.26 ns)

 <State 75>: 0ns
The critical path consists of the following:


============================================================
+ Verbose Summary: Binding
============================================================
N/A
* FSMD analyzer results:
  - Output states:
 - Input state : 
  - Chain level:
	State 1
	State 2
	State 3
	State 4
	State 5
	State 6
	State 7
	State 8
	State 9
	State 10
	State 11
	State 12
	State 13
	State 14
	State 15
	State 16
	State 17
	State 18
	State 19
	State 20
	State 21
	State 22
	State 23
	State 24
	State 25
	State 26
	State 27
	State 28
	State 29
	State 30
	State 31
	State 32
	State 33
	State 34
	State 35
	State 36
	State 37
	State 38
	State 39
	State 40
	State 41
	State 42
	State 43
	State 44
	State 45
	State 46
	State 47
	State 48
	State 49
	State 50
	State 51
	State 52
	State 53
	State 54
	State 55
	State 56
	State 57
	State 58
	State 59
	State 60
	State 61
	State 62
	State 63
	State 64
	State 65
	State 66
	State 67
	State 68
	State 69
	State 70
	State 71
	State 72
	State 73
	State 74
	State 75


============================================================
+ Verbose Summary: Datapath Resource usage 
============================================================
N/A
