

================================================================
== Vitis HLS Report for 'imgds_linear_tiny_Pipeline_VITIS_LOOP_183_6_VITIS_LOOP_185_7'
================================================================
* Date:           Wed Jul  1 22:11:06 2026

* Version:        2022.2 (Build 3670227 on Oct 13 2022)
* Project:        imgds_linear_tiny_axi
* Solution:       solution1 (Vivado IP Flow Target)
* Product family: zynq
* Target device:  xc7z020-clg400-1


================================================================
== Performance Estimates
================================================================
+ Timing: 
    * Summary: 
    +--------+----------+----------+------------+
    |  Clock |  Target  | Estimated| Uncertainty|
    +--------+----------+----------+------------+
    |ap_clk  |  10.00 ns|  7.157 ns|     2.70 ns|
    +--------+----------+----------+------------+

+ Latency: 
    * Summary: 
    +---------+---------+----------+----------+-----+-----+---------+
    |  Latency (cycles) |  Latency (absolute) |  Interval | Pipeline|
    |   min   |   max   |    min   |    max   | min | max |   Type  |
    +---------+---------+----------+----------+-----+-----+---------+
    |      101|      101|  1.010 us|  1.010 us|  101|  101|       no|
    +---------+---------+----------+----------+-----+-----+---------+

    + Detail: 
        * Instance: 
        N/A

        * Loop: 
        +-------------------------------------+---------+---------+----------+-----------+-----------+------+----------+
        |                                     |  Latency (cycles) | Iteration|  Initiation Interval  | Trip |          |
        |              Loop Name              |   min   |   max   |  Latency |  achieved |   target  | Count| Pipelined|
        +-------------------------------------+---------+---------+----------+-----------+-----------+------+----------+
        |- VITIS_LOOP_183_6_VITIS_LOOP_185_7  |       99|       99|         5|          1|          1|    96|       yes|
        +-------------------------------------+---------+---------+----------+-----------+-----------+------+----------+



================================================================
== Utilization Estimates
================================================================
* Summary: 
+-----------------+---------+-----+--------+-------+-----+
|       Name      | BRAM_18K| DSP |   FF   |  LUT  | URAM|
+-----------------+---------+-----+--------+-------+-----+
|DSP              |        -|    -|       -|      -|    -|
|Expression       |        -|    -|       0|    235|    -|
|FIFO             |        -|    -|       -|      -|    -|
|Instance         |        -|    -|       -|      -|    -|
|Memory           |        -|    -|       -|      -|    -|
|Multiplexer      |        -|    -|       -|     81|    -|
|Register         |        -|    -|     229|     64|    -|
+-----------------+---------+-----+--------+-------+-----+
|Total            |        0|    0|     229|    380|    0|
+-----------------+---------+-----+--------+-------+-----+
|Available        |      280|  220|  106400|  53200|    0|
+-----------------+---------+-----+--------+-------+-----+
|Utilization (%)  |        0|    0|      ~0|     ~0|    0|
+-----------------+---------+-----+--------+-------+-----+

+ Detail: 
    * Instance: 
    N/A

    * DSP: 
    N/A

    * Memory: 
    N/A

    * FIFO: 
    N/A

    * Expression: 
    +--------------------------+----------+----+---+----+------------+------------+
    |       Variable Name      | Operation| DSP| FF| LUT| Bitwidth P0| Bitwidth P1|
    +--------------------------+----------+----+---+----+------------+------------+
    |add_ln183_1_fu_151_p2     |         +|   0|  0|  14|           7|           1|
    |add_ln183_fu_163_p2       |         +|   0|  0|  11|           3|           1|
    |add_ln185_fu_231_p2       |         +|   0|  0|  13|           5|           1|
    |add_ln837_fu_225_p2       |         +|   0|  0|   7|           7|           7|
    |s_V_4_fu_284_p2           |         +|   0|  0|  31|          24|          24|
    |sub_ln1303_1_fu_325_p2    |         -|   0|  0|  27|           1|          20|
    |sub_ln1303_fu_309_p2      |         -|   0|  0|  45|           1|          38|
    |sub_ln837_fu_219_p2       |         -|   0|  0|   7|           7|           7|
    |icmp_ln183_fu_145_p2      |      icmp|   0|  0|  10|           7|           7|
    |icmp_ln185_1_fu_237_p2    |      icmp|   0|  0|  10|           5|           6|
    |icmp_ln185_fu_169_p2      |      icmp|   0|  0|  10|           5|           6|
    |select_ln1303_fu_350_p3   |    select|   0|  0|  16|           1|          16|
    |select_ln183_1_fu_265_p3  |    select|   0|  0|  24|           1|           1|
    |select_ln183_2_fu_187_p3  |    select|   0|  0|   3|           1|           3|
    |select_ln183_fu_175_p3    |    select|   0|  0|   5|           1|           1|
    |ap_enable_pp0             |       xor|   0|  0|   2|           1|           2|
    +--------------------------+----------+----+---+----+------------+------------+
    |Total                     |          |   0|  0| 235|          77|         141|
    +--------------------------+----------+----+---+----+------------+------------+

    * Multiplexer: 
    +----------------------------------------+----+-----------+-----+-----------+
    |                  Name                  | LUT| Input Size| Bits| Total Bits|
    +----------------------------------------+----+-----------+-----+-----------+
    |ap_done_int                             |   9|          2|    1|          2|
    |ap_enable_reg_pp0_iter1                 |   9|          2|    1|          2|
    |ap_sig_allocacmp_d_load                 |   9|          2|    3|          6|
    |ap_sig_allocacmp_indvar_flatten22_load  |   9|          2|    7|         14|
    |ap_sig_allocacmp_pos_load               |   9|          2|    5|         10|
    |d_fu_88                                 |   9|          2|    3|          6|
    |indvar_flatten22_fu_92                  |   9|          2|    7|         14|
    |pos_fu_84                               |   9|          2|    5|         10|
    |s_V_fu_80                               |   9|          2|   24|         48|
    +----------------------------------------+----+-----------+-----+-----------+
    |Total                                   |  81|         18|   56|        112|
    +----------------------------------------+----+-----------+-----+-----------+

    * Register: 
    +----------------------------------+----+----+-----+-----------+
    |               Name               | FF | LUT| Bits| Const Bits|
    +----------------------------------+----+----+-----+-----------+
    |add_ln837_reg_404                 |   7|   0|    7|          0|
    |ap_CS_fsm                         |   1|   0|    1|          0|
    |ap_done_reg                       |   1|   0|    1|          0|
    |ap_enable_reg_pp0_iter1           |   1|   0|    1|          0|
    |ap_enable_reg_pp0_iter2           |   1|   0|    1|          0|
    |ap_enable_reg_pp0_iter3           |   1|   0|    1|          0|
    |ap_enable_reg_pp0_iter4           |   1|   0|    1|          0|
    |ap_loop_exit_ready_pp0_iter1_reg  |   1|   0|    1|          0|
    |ap_loop_exit_ready_pp0_iter2_reg  |   1|   0|    1|          0|
    |ap_loop_exit_ready_pp0_iter3_reg  |   1|   0|    1|          0|
    |d_fu_88                           |   3|   0|    3|          0|
    |icmp_ln185_1_reg_409              |   1|   0|    1|          0|
    |icmp_ln185_reg_394                |   1|   0|    1|          0|
    |icmp_ln185_reg_394_pp0_iter1_reg  |   1|   0|    1|          0|
    |indvar_flatten22_fu_92            |   7|   0|    7|          0|
    |pos_fu_84                         |   5|   0|    5|          0|
    |s_V_4_reg_418                     |  24|   0|   24|          0|
    |s_V_fu_80                         |  24|   0|   24|          0|
    |select_ln1303_reg_425             |  16|   0|   16|          0|
    |select_ln183_2_reg_399            |   3|   0|    3|          0|
    |icmp_ln185_1_reg_409              |  64|  32|    1|          0|
    |select_ln183_2_reg_399            |  64|  32|    3|          0|
    +----------------------------------+----+----+-----+-----------+
    |Total                             | 229|  64|  105|          0|
    +----------------------------------+----+----+-----+-----------+



================================================================
== Interface
================================================================
* Summary: 
+-------------------+-----+-----+------------+--------------------------------------------------------------+--------------+
|     RTL Ports     | Dir | Bits|  Protocol  |                         Source Object                        |    C Type    |
+-------------------+-----+-----+------------+--------------------------------------------------------------+--------------+
|ap_clk             |   in|    1|  ap_ctrl_hs|  imgds_linear_tiny_Pipeline_VITIS_LOOP_183_6_VITIS_LOOP_185_7|  return value|
|ap_rst             |   in|    1|  ap_ctrl_hs|  imgds_linear_tiny_Pipeline_VITIS_LOOP_183_6_VITIS_LOOP_185_7|  return value|
|ap_start           |   in|    1|  ap_ctrl_hs|  imgds_linear_tiny_Pipeline_VITIS_LOOP_183_6_VITIS_LOOP_185_7|  return value|
|ap_done            |  out|    1|  ap_ctrl_hs|  imgds_linear_tiny_Pipeline_VITIS_LOOP_183_6_VITIS_LOOP_185_7|  return value|
|ap_idle            |  out|    1|  ap_ctrl_hs|  imgds_linear_tiny_Pipeline_VITIS_LOOP_183_6_VITIS_LOOP_185_7|  return value|
|ap_ready           |  out|    1|  ap_ctrl_hs|  imgds_linear_tiny_Pipeline_VITIS_LOOP_183_6_VITIS_LOOP_185_7|  return value|
|x_V_address0       |  out|    7|   ap_memory|                                                           x_V|         array|
|x_V_ce0            |  out|    1|   ap_memory|                                                           x_V|         array|
|x_V_q0             |   in|   16|   ap_memory|                                                           x_V|         array|
|pooled_V_address0  |  out|    3|   ap_memory|                                                      pooled_V|         array|
|pooled_V_ce0       |  out|    1|   ap_memory|                                                      pooled_V|         array|
|pooled_V_we0       |  out|    1|   ap_memory|                                                      pooled_V|         array|
|pooled_V_d0        |  out|   16|   ap_memory|                                                      pooled_V|         array|
+-------------------+-----+-----+------------+--------------------------------------------------------------+--------------+

============================================================
+ Verbose Summary: Synthesis Manager
============================================================
InlineROM: 1
ExposeGlobal: 0
============================================================
+ Verbose Summary: CDFG Model
============================================================
IsTopModel: 0
ResetActiveHigh: 1
IsCombinational: 2
IsDatapathOnly: 2
HasWiredReturn: 1
HasMFsm: 2
HasVarLatency: 1
IsPipeline: 0
IsRtlPipelined: 0
IsInstanceOverlapped: 0
IsDontTouch: 0
HasImplIP: 0
IsGatedGlobalClock: 0

+ Individual pipeline summary: 
  * Pipeline-0: initiation interval (II) = 1, depth = 5


============================================================
+ Verbose Summary: Schedule
============================================================
* Number of FSM states : 5
* Pipeline : 1
  Pipeline-0 : II = 1, D = 5, States = { 1 2 3 4 5 }
* Dataflow Pipeline: 0

* FSM state transitions: 
1 --> 2 
2 --> 3 
3 --> 4 
4 --> 5 
5 --> 

* FSM state operations: 

State 1 <SV = 0> <Delay = 6.21>
ST_1 : Operation 8 [1/1] (0.00ns)   --->   "%s_V = alloca i32 1"   --->   Operation 8 'alloca' 's_V' <Predicate = true> <Delay = 0.00>
ST_1 : Operation 9 [1/1] (0.00ns)   --->   "%pos = alloca i32 1"   --->   Operation 9 'alloca' 'pos' <Predicate = true> <Delay = 0.00>
ST_1 : Operation 10 [1/1] (0.00ns)   --->   "%d = alloca i32 1"   --->   Operation 10 'alloca' 'd' <Predicate = true> <Delay = 0.00>
ST_1 : Operation 11 [1/1] (0.00ns)   --->   "%indvar_flatten22 = alloca i32 1"   --->   Operation 11 'alloca' 'indvar_flatten22' <Predicate = true> <Delay = 0.00>
ST_1 : Operation 12 [1/1] (1.58ns)   --->   "%store_ln0 = store i7 0, i7 %indvar_flatten22"   --->   Operation 12 'store' 'store_ln0' <Predicate = true> <Delay = 1.58>
ST_1 : Operation 13 [1/1] (1.58ns)   --->   "%store_ln0 = store i3 0, i3 %d"   --->   Operation 13 'store' 'store_ln0' <Predicate = true> <Delay = 1.58>
ST_1 : Operation 14 [1/1] (1.58ns)   --->   "%store_ln0 = store i5 0, i5 %pos"   --->   Operation 14 'store' 'store_ln0' <Predicate = true> <Delay = 1.58>
ST_1 : Operation 15 [1/1] (1.58ns)   --->   "%store_ln0 = store i24 0, i24 %s_V"   --->   Operation 15 'store' 'store_ln0' <Predicate = true> <Delay = 1.58>
ST_1 : Operation 16 [1/1] (0.00ns)   --->   "%br_ln0 = br void %for.body78"   --->   Operation 16 'br' 'br_ln0' <Predicate = true> <Delay = 0.00>
ST_1 : Operation 17 [1/1] (0.00ns)   --->   "%indvar_flatten22_load = load i7 %indvar_flatten22" [src/imgds_linear_tiny.cpp:183]   --->   Operation 17 'load' 'indvar_flatten22_load' <Predicate = true> <Delay = 0.00>
ST_1 : Operation 18 [1/1] (1.48ns)   --->   "%icmp_ln183 = icmp_eq  i7 %indvar_flatten22_load, i7 96" [src/imgds_linear_tiny.cpp:183]   --->   Operation 18 'icmp' 'icmp_ln183' <Predicate = true> <Delay = 1.48> <CoreInst = "Cmp">   --->   Core 9 'Cmp' <Latency = 0> <II = 1> <Delay = 1.48> <FuncUnit> <Opcode : 'icmp'> <InPorts = 2> <OutPorts = 1>
ST_1 : Operation 19 [1/1] (1.87ns)   --->   "%add_ln183_1 = add i7 %indvar_flatten22_load, i7 1" [src/imgds_linear_tiny.cpp:183]   --->   Operation 19 'add' 'add_ln183_1' <Predicate = true> <Delay = 1.87> <CoreInst = "Adder">   --->   Core 1 'Adder' <Latency = 0> <II = 1> <Delay = 1.87> <FuncUnit> <Opcode : 'add' 'sub'> <InPorts = 2> <OutPorts = 1>
ST_1 : Operation 20 [1/1] (0.00ns)   --->   "%br_ln183 = br i1 %icmp_ln183, void %_ZN8ap_fixedILi24ELi10EL9ap_q_mode5EL9ap_o_mode3ELi0EEC2Ei.exit, void %for.end94.exitStub" [src/imgds_linear_tiny.cpp:183]   --->   Operation 20 'br' 'br_ln183' <Predicate = true> <Delay = 0.00>
ST_1 : Operation 21 [1/1] (0.00ns)   --->   "%pos_load = load i5 %pos" [src/imgds_linear_tiny.cpp:185]   --->   Operation 21 'load' 'pos_load' <Predicate = (!icmp_ln183)> <Delay = 0.00>
ST_1 : Operation 22 [1/1] (0.00ns)   --->   "%d_load = load i3 %d" [src/imgds_linear_tiny.cpp:183]   --->   Operation 22 'load' 'd_load' <Predicate = (!icmp_ln183)> <Delay = 0.00>
ST_1 : Operation 23 [1/1] (1.65ns)   --->   "%add_ln183 = add i3 %d_load, i3 1" [src/imgds_linear_tiny.cpp:183]   --->   Operation 23 'add' 'add_ln183' <Predicate = (!icmp_ln183)> <Delay = 1.65> <CoreInst = "Adder">   --->   Core 1 'Adder' <Latency = 0> <II = 1> <Delay = 1.65> <FuncUnit> <Opcode : 'add' 'sub'> <InPorts = 2> <OutPorts = 1>
ST_1 : Operation 24 [1/1] (1.36ns)   --->   "%icmp_ln185 = icmp_eq  i5 %pos_load, i5 16" [src/imgds_linear_tiny.cpp:185]   --->   Operation 24 'icmp' 'icmp_ln185' <Predicate = (!icmp_ln183)> <Delay = 1.36> <CoreInst = "Cmp">   --->   Core 9 'Cmp' <Latency = 0> <II = 1> <Delay = 1.42> <FuncUnit> <Opcode : 'icmp'> <InPorts = 2> <OutPorts = 1>
ST_1 : Operation 25 [1/1] (1.21ns)   --->   "%select_ln183 = select i1 %icmp_ln185, i5 0, i5 %pos_load" [src/imgds_linear_tiny.cpp:183]   --->   Operation 25 'select' 'select_ln183' <Predicate = (!icmp_ln183)> <Delay = 1.21> <CoreInst = "Sel">   --->   Core 73 'Sel' <Latency = 0> <II = 1> <Delay = 1.21> <FuncUnit> <Opcode : 'select'> <InPorts = 3> <OutPorts = 1>
ST_1 : Operation 26 [1/1] (0.00ns)   --->   "%trunc_ln183 = trunc i5 %select_ln183" [src/imgds_linear_tiny.cpp:183]   --->   Operation 26 'trunc' 'trunc_ln183' <Predicate = (!icmp_ln183)> <Delay = 0.00>
ST_1 : Operation 27 [1/1] (0.98ns)   --->   "%select_ln183_2 = select i1 %icmp_ln185, i3 %add_ln183, i3 %d_load" [src/imgds_linear_tiny.cpp:183]   --->   Operation 27 'select' 'select_ln183_2' <Predicate = (!icmp_ln183)> <Delay = 0.98> <CoreInst = "Sel">   --->   Core 73 'Sel' <Latency = 0> <II = 1> <Delay = 0.98> <FuncUnit> <Opcode : 'select'> <InPorts = 3> <OutPorts = 1>
ST_1 : Operation 28 [1/1] (0.00ns)   --->   "%zext_ln837 = zext i3 %select_ln183_2"   --->   Operation 28 'zext' 'zext_ln837' <Predicate = (!icmp_ln183)> <Delay = 0.00>
ST_1 : Operation 29 [1/1] (0.00ns)   --->   "%tmp_s = bitconcatenate i7 @_ssdm_op_BitConcatenate.i7.i4.i3, i4 %trunc_ln183, i3 0"   --->   Operation 29 'bitconcatenate' 'tmp_s' <Predicate = (!icmp_ln183)> <Delay = 0.00>
ST_1 : Operation 30 [1/1] (0.00ns)   --->   "%tmp_24 = bitconcatenate i6 @_ssdm_op_BitConcatenate.i6.i5.i1, i5 %select_ln183, i1 0"   --->   Operation 30 'bitconcatenate' 'tmp_24' <Predicate = (!icmp_ln183)> <Delay = 0.00>
ST_1 : Operation 31 [1/1] (0.00ns)   --->   "%zext_ln837_12 = zext i6 %tmp_24"   --->   Operation 31 'zext' 'zext_ln837_12' <Predicate = (!icmp_ln183)> <Delay = 0.00>
ST_1 : Operation 32 [1/1] (0.00ns) (grouped into TernaryAdder)   --->   "%sub_ln837 = sub i7 %tmp_s, i7 %zext_ln837_12"   --->   Operation 32 'sub' 'sub_ln837' <Predicate = (!icmp_ln183)> <Delay = 0.00> <CoreInst = "TAddSub">   --->   Core 10 'TAddSub' <Latency = 0> <II = 1> <Delay = 1.79> <IPBlock> <Opcode : 'add' 'sub'> <InPorts = 3> <OutPorts = 1> <Sync> <CReg>
ST_1 : Operation 33 [1/1] (3.58ns) (root node of TernaryAdder)   --->   "%add_ln837 = add i7 %sub_ln837, i7 %zext_ln837"   --->   Operation 33 'add' 'add_ln837' <Predicate = (!icmp_ln183)> <Delay = 3.58> <CoreInst = "TAddSub">   --->   Core 10 'TAddSub' <Latency = 0> <II = 1> <Delay = 1.79> <IPBlock> <Opcode : 'add' 'sub'> <InPorts = 3> <OutPorts = 1> <Sync> <CReg>
ST_1 : Operation 34 [1/1] (1.78ns)   --->   "%add_ln185 = add i5 %select_ln183, i5 1" [src/imgds_linear_tiny.cpp:185]   --->   Operation 34 'add' 'add_ln185' <Predicate = (!icmp_ln183)> <Delay = 1.78> <CoreInst = "Adder">   --->   Core 1 'Adder' <Latency = 0> <II = 1> <Delay = 1.78> <FuncUnit> <Opcode : 'add' 'sub'> <InPorts = 2> <OutPorts = 1>
ST_1 : Operation 35 [1/1] (1.36ns)   --->   "%icmp_ln185_1 = icmp_eq  i5 %add_ln185, i5 16" [src/imgds_linear_tiny.cpp:185]   --->   Operation 35 'icmp' 'icmp_ln185_1' <Predicate = (!icmp_ln183)> <Delay = 1.36> <CoreInst = "Cmp">   --->   Core 9 'Cmp' <Latency = 0> <II = 1> <Delay = 1.42> <FuncUnit> <Opcode : 'icmp'> <InPorts = 2> <OutPorts = 1>
ST_1 : Operation 36 [1/1] (0.00ns)   --->   "%br_ln185 = br i1 %icmp_ln185_1, void %ifFalse16, void %ifTrue15" [src/imgds_linear_tiny.cpp:185]   --->   Operation 36 'br' 'br_ln185' <Predicate = (!icmp_ln183)> <Delay = 0.00>
ST_1 : Operation 37 [1/1] (1.58ns)   --->   "%store_ln183 = store i7 %add_ln183_1, i7 %indvar_flatten22" [src/imgds_linear_tiny.cpp:183]   --->   Operation 37 'store' 'store_ln183' <Predicate = (!icmp_ln183)> <Delay = 1.58>
ST_1 : Operation 38 [1/1] (1.58ns)   --->   "%store_ln183 = store i3 %select_ln183_2, i3 %d" [src/imgds_linear_tiny.cpp:183]   --->   Operation 38 'store' 'store_ln183' <Predicate = (!icmp_ln183)> <Delay = 1.58>
ST_1 : Operation 39 [1/1] (1.58ns)   --->   "%store_ln185 = store i5 %add_ln185, i5 %pos" [src/imgds_linear_tiny.cpp:185]   --->   Operation 39 'store' 'store_ln185' <Predicate = (!icmp_ln183)> <Delay = 1.58>

State 2 <SV = 1> <Delay = 3.25>
ST_2 : Operation 40 [1/1] (0.00ns)   --->   "%zext_ln837_13 = zext i7 %add_ln837"   --->   Operation 40 'zext' 'zext_ln837_13' <Predicate = true> <Delay = 0.00>
ST_2 : Operation 41 [1/1] (0.00ns)   --->   "%x_V_addr = getelementptr i16 %x_V, i64 0, i64 %zext_ln837_13"   --->   Operation 41 'getelementptr' 'x_V_addr' <Predicate = true> <Delay = 0.00>
ST_2 : Operation 42 [2/2] (3.25ns)   --->   "%x_V_load = load i7 %x_V_addr"   --->   Operation 42 'load' 'x_V_load' <Predicate = true> <Delay = 3.25> <CoreInst = "RAM">   --->   Core 82 'RAM' <Latency = 1> <II = 1> <Delay = 3.25> <Storage> <Opcode : 'load' 'store'> <Ports = 2> <Width = 16> <Depth = 96> <RAM>

State 3 <SV = 2> <Delay = 7.15>
ST_3 : Operation 43 [1/1] (0.00ns)   --->   "%s_V_load = load i24 %s_V" [src/imgds_linear_tiny.cpp:183]   --->   Operation 43 'load' 's_V_load' <Predicate = (!icmp_ln185)> <Delay = 0.00>
ST_3 : Operation 44 [1/1] (0.00ns) (grouped into LUT with out node s_V_4)   --->   "%select_ln183_1 = select i1 %icmp_ln185, i24 0, i24 %s_V_load" [src/imgds_linear_tiny.cpp:183]   --->   Operation 44 'select' 'select_ln183_1' <Predicate = true> <Delay = 0.00> <CoreInst = "Sel">   --->   Core 73 'Sel' <Latency = 0> <II = 1> <Delay = 0.69> <FuncUnit> <Opcode : 'select'> <InPorts = 3> <OutPorts = 1>
ST_3 : Operation 45 [1/2] (3.25ns)   --->   "%x_V_load = load i7 %x_V_addr"   --->   Operation 45 'load' 'x_V_load' <Predicate = true> <Delay = 3.25> <CoreInst = "RAM">   --->   Core 82 'RAM' <Latency = 1> <II = 1> <Delay = 3.25> <Storage> <Opcode : 'load' 'store'> <Ports = 2> <Width = 16> <Depth = 96> <RAM>
ST_3 : Operation 46 [1/1] (0.00ns) (grouped into LUT with out node s_V_4)   --->   "%shl_ln2 = bitconcatenate i20 @_ssdm_op_BitConcatenate.i20.i16.i4, i16 %x_V_load, i4 0"   --->   Operation 46 'bitconcatenate' 'shl_ln2' <Predicate = true> <Delay = 0.00>
ST_3 : Operation 47 [1/1] (0.00ns) (grouped into LUT with out node s_V_4)   --->   "%sext_ln813 = sext i20 %shl_ln2"   --->   Operation 47 'sext' 'sext_ln813' <Predicate = true> <Delay = 0.00>
ST_3 : Operation 48 [1/1] (2.31ns) (out node of the LUT)   --->   "%s_V_4 = add i24 %sext_ln813, i24 %select_ln183_1"   --->   Operation 48 'add' 's_V_4' <Predicate = true> <Delay = 2.31> <CoreInst = "Adder">   --->   Core 1 'Adder' <Latency = 0> <II = 1> <Delay = 2.31> <FuncUnit> <Opcode : 'add' 'sub'> <InPorts = 2> <OutPorts = 1>
ST_3 : Operation 49 [1/1] (1.58ns)   --->   "%store_ln813 = store i24 %s_V_4, i24 %s_V"   --->   Operation 49 'store' 'store_ln813' <Predicate = true> <Delay = 1.58>
ST_3 : Operation 50 [1/1] (0.00ns)   --->   "%br_ln0 = br void %for.body78"   --->   Operation 50 'br' 'br_ln0' <Predicate = true> <Delay = 0.00>

State 4 <SV = 3> <Delay = 5.79>
ST_4 : Operation 51 [1/1] (0.00ns)   --->   "%t = bitconcatenate i38 @_ssdm_op_BitConcatenate.i38.i24.i14, i24 %s_V_4, i14 0"   --->   Operation 51 'bitconcatenate' 't' <Predicate = (icmp_ln185_1)> <Delay = 0.00>
ST_4 : Operation 52 [1/1] (0.00ns)   --->   "%tmp = bitselect i1 @_ssdm_op_BitSelect.i1.i24.i32, i24 %s_V_4, i32 23"   --->   Operation 52 'bitselect' 'tmp' <Predicate = (icmp_ln185_1)> <Delay = 0.00>
ST_4 : Operation 53 [1/1] (2.79ns)   --->   "%sub_ln1303 = sub i38 0, i38 %t"   --->   Operation 53 'sub' 'sub_ln1303' <Predicate = (icmp_ln185_1)> <Delay = 2.79> <CoreInst = "Adder">   --->   Core 1 'Adder' <Latency = 0> <II = 1> <Delay = 2.79> <FuncUnit> <Opcode : 'add' 'sub'> <InPorts = 2> <OutPorts = 1>
ST_4 : Operation 54 [1/1] (0.00ns)   --->   "%trunc_ln1303_1 = partselect i20 @_ssdm_op_PartSelect.i20.i38.i32.i32, i38 %sub_ln1303, i32 18, i32 37"   --->   Operation 54 'partselect' 'trunc_ln1303_1' <Predicate = (icmp_ln185_1)> <Delay = 0.00>
ST_4 : Operation 55 [1/1] (2.19ns)   --->   "%sub_ln1303_1 = sub i20 0, i20 %trunc_ln1303_1"   --->   Operation 55 'sub' 'sub_ln1303_1' <Predicate = (icmp_ln185_1)> <Delay = 2.19> <CoreInst = "Adder">   --->   Core 1 'Adder' <Latency = 0> <II = 1> <Delay = 2.19> <FuncUnit> <Opcode : 'add' 'sub'> <InPorts = 2> <OutPorts = 1>
ST_4 : Operation 56 [1/1] (0.00ns)   --->   "%tmp_25 = partselect i16 @_ssdm_op_PartSelect.i16.i20.i32.i32, i20 %sub_ln1303_1, i32 4, i32 19"   --->   Operation 56 'partselect' 'tmp_25' <Predicate = (icmp_ln185_1)> <Delay = 0.00>
ST_4 : Operation 57 [1/1] (0.00ns)   --->   "%tmp_26 = partselect i16 @_ssdm_op_PartSelect.i16.i24.i32.i32, i24 %s_V_4, i32 8, i32 23"   --->   Operation 57 'partselect' 'tmp_26' <Predicate = (icmp_ln185_1)> <Delay = 0.00>
ST_4 : Operation 58 [1/1] (0.80ns)   --->   "%select_ln1303 = select i1 %tmp, i16 %tmp_25, i16 %tmp_26"   --->   Operation 58 'select' 'select_ln1303' <Predicate = (icmp_ln185_1)> <Delay = 0.80> <CoreInst = "Sel">   --->   Core 73 'Sel' <Latency = 0> <II = 1> <Delay = 0.80> <FuncUnit> <Opcode : 'select'> <InPorts = 3> <OutPorts = 1>
ST_4 : Operation 67 [1/1] (0.00ns)   --->   "%ret_ln0 = ret"   --->   Operation 67 'ret' 'ret_ln0' <Predicate = (icmp_ln183)> <Delay = 0.00>

State 5 <SV = 4> <Delay = 2.32>
ST_5 : Operation 59 [1/1] (0.00ns)   --->   "%specloopname_ln0 = specloopname void @_ssdm_op_SpecLoopName, void @VITIS_LOOP_183_6_VITIS_LOOP_185_7_str"   --->   Operation 59 'specloopname' 'specloopname_ln0' <Predicate = true> <Delay = 0.00>
ST_5 : Operation 60 [1/1] (0.00ns)   --->   "%empty = speclooptripcount i32 @_ssdm_op_SpecLoopTripCount, i64 96, i64 96, i64 96"   --->   Operation 60 'speclooptripcount' 'empty' <Predicate = true> <Delay = 0.00>
ST_5 : Operation 61 [1/1] (0.00ns)   --->   "%zext_ln183 = zext i3 %select_ln183_2" [src/imgds_linear_tiny.cpp:183]   --->   Operation 61 'zext' 'zext_ln183' <Predicate = true> <Delay = 0.00>
ST_5 : Operation 62 [1/1] (0.00ns)   --->   "%specpipeline_ln186 = specpipeline void @_ssdm_op_SpecPipeline, i32 1, i32 0, i32 0, i32 0, void @empty_1" [src/imgds_linear_tiny.cpp:186]   --->   Operation 62 'specpipeline' 'specpipeline_ln186' <Predicate = true> <Delay = 0.00>
ST_5 : Operation 63 [1/1] (0.00ns)   --->   "%specloopname_ln184 = specloopname void @_ssdm_op_SpecLoopName, void @empty_20" [src/imgds_linear_tiny.cpp:184]   --->   Operation 63 'specloopname' 'specloopname_ln184' <Predicate = true> <Delay = 0.00>
ST_5 : Operation 64 [1/1] (0.00ns)   --->   "%pooled_V_addr = getelementptr i16 %pooled_V, i64 0, i64 %zext_ln183" [src/imgds_linear_tiny.cpp:189]   --->   Operation 64 'getelementptr' 'pooled_V_addr' <Predicate = (icmp_ln185_1)> <Delay = 0.00>
ST_5 : Operation 65 [1/1] (2.32ns)   --->   "%store_ln189 = store i16 %select_ln1303, i3 %pooled_V_addr" [src/imgds_linear_tiny.cpp:189]   --->   Operation 65 'store' 'store_ln189' <Predicate = (icmp_ln185_1)> <Delay = 2.32> <CoreInst = "RAM">   --->   Core 82 'RAM' <Latency = 1> <II = 1> <Delay = 2.32> <Storage> <Opcode : 'load' 'store'> <Ports = 2> <Width = 16> <Depth = 6> <RAM>
ST_5 : Operation 66 [1/1] (0.00ns)   --->   "%br_ln0 = br void %ifFalse16"   --->   Operation 66 'br' 'br_ln0' <Predicate = (icmp_ln185_1)> <Delay = 0.00>


============================================================
+ Verbose Summary: Binding
============================================================
STG Binding: 
---------------- STG Properties BEGIN ----------------
- Is combinational: 0
- Is one-state seq: 0
- Is datapath-only: 0
- Is pipelined: 0
- Is top level: 0
Port [ Return ] is wired: 1; IO mode=ap_ctrl_hs:ce=0
Port [ x_V]:  wired=1; compound=1; hidden=0; nouse=0; global=0; static=0; extern=0; dir=0; type=1; pingpong=0; private_global=0; MemPort=[13]; IO mode=ap_memory:ce=0
Port [ pooled_V]:  wired=1; compound=1; hidden=0; nouse=0; global=0; static=0; extern=0; dir=1; type=1; pingpong=0; private_global=0; MemPort=[03]; IO mode=ap_memory:ce=0
---------------- STG Properties END ------------------

---------------- Datapath Model BEGIN ----------------

<LifeTime>
<method=bitvector/>
s_V                   (alloca           ) [ 011100]
pos                   (alloca           ) [ 010000]
d                     (alloca           ) [ 010000]
indvar_flatten22      (alloca           ) [ 010000]
store_ln0             (store            ) [ 000000]
store_ln0             (store            ) [ 000000]
store_ln0             (store            ) [ 000000]
store_ln0             (store            ) [ 000000]
br_ln0                (br               ) [ 000000]
indvar_flatten22_load (load             ) [ 000000]
icmp_ln183            (icmp             ) [ 011110]
add_ln183_1           (add              ) [ 000000]
br_ln183              (br               ) [ 000000]
pos_load              (load             ) [ 000000]
d_load                (load             ) [ 000000]
add_ln183             (add              ) [ 000000]
icmp_ln185            (icmp             ) [ 011100]
select_ln183          (select           ) [ 000000]
trunc_ln183           (trunc            ) [ 000000]
select_ln183_2        (select           ) [ 011111]
zext_ln837            (zext             ) [ 000000]
tmp_s                 (bitconcatenate   ) [ 000000]
tmp_24                (bitconcatenate   ) [ 000000]
zext_ln837_12         (zext             ) [ 000000]
sub_ln837             (sub              ) [ 000000]
add_ln837             (add              ) [ 011000]
add_ln185             (add              ) [ 000000]
icmp_ln185_1          (icmp             ) [ 011111]
br_ln185              (br               ) [ 000000]
store_ln183           (store            ) [ 000000]
store_ln183           (store            ) [ 000000]
store_ln185           (store            ) [ 000000]
zext_ln837_13         (zext             ) [ 000000]
x_V_addr              (getelementptr    ) [ 010100]
s_V_load              (load             ) [ 000000]
select_ln183_1        (select           ) [ 000000]
x_V_load              (load             ) [ 000000]
shl_ln2               (bitconcatenate   ) [ 000000]
sext_ln813            (sext             ) [ 000000]
s_V_4                 (add              ) [ 010010]
store_ln813           (store            ) [ 000000]
br_ln0                (br               ) [ 000000]
t                     (bitconcatenate   ) [ 000000]
tmp                   (bitselect        ) [ 000000]
sub_ln1303            (sub              ) [ 000000]
trunc_ln1303_1        (partselect       ) [ 000000]
sub_ln1303_1          (sub              ) [ 000000]
tmp_25                (partselect       ) [ 000000]
tmp_26                (partselect       ) [ 000000]
select_ln1303         (select           ) [ 010001]
specloopname_ln0      (specloopname     ) [ 000000]
empty                 (speclooptripcount) [ 000000]
zext_ln183            (zext             ) [ 000000]
specpipeline_ln186    (specpipeline     ) [ 000000]
specloopname_ln184    (specloopname     ) [ 000000]
pooled_V_addr         (getelementptr    ) [ 000000]
store_ln189           (store            ) [ 000000]
br_ln0                (br               ) [ 000000]
ret_ln0               (ret              ) [ 000000]
</LifeTime>

<model>

<comp_list>
<comp id="0" class="1000" name="x_V">
<pin_list>
<pin id="1" dir="1" index="0" bw="1" slack="0"/>
</pin_list>
<bind>
<StgValue><ssdm name="x_V"/><MemPortTyVec>1 3 </MemPortTyVec>
</StgValue>
</bind>
</comp>

<comp id="2" class="1000" name="pooled_V">
<pin_list>
<pin id="3" dir="1" index="0" bw="1" slack="0"/>
</pin_list>
<bind>
<StgValue><ssdm name="pooled_V"/><MemPortTyVec>0 3 </MemPortTyVec>
</StgValue>
</bind>
</comp>

<comp id="4" class="1001" name="const_4">
<pin_list>
<pin id="5" dir="1" index="0" bw="1" slack="0"/>
</pin_list>
<bind>
<StgValue><ssdm name=""/></StgValue>
</bind>
</comp>

<comp id="6" class="1001" name="const_6">
<pin_list>
<pin id="7" dir="1" index="0" bw="1" slack="0"/>
</pin_list>
<bind>
<StgValue><ssdm name=""/></StgValue>
</bind>
</comp>

<comp id="8" class="1001" name="const_8">
<pin_list>
<pin id="9" dir="1" index="0" bw="1" slack="0"/>
</pin_list>
<bind>
<StgValue><ssdm name=""/></StgValue>
</bind>
</comp>

<comp id="10" class="1001" name="const_10">
<pin_list>
<pin id="11" dir="1" index="0" bw="1" slack="0"/>
</pin_list>
<bind>
<StgValue><ssdm name=""/></StgValue>
</bind>
</comp>

<comp id="12" class="1001" name="const_12">
<pin_list>
<pin id="13" dir="1" index="0" bw="1" slack="0"/>
</pin_list>
<bind>
<StgValue><ssdm name=""/></StgValue>
</bind>
</comp>

<comp id="14" class="1001" name="const_14">
<pin_list>
<pin id="15" dir="1" index="0" bw="1" slack="0"/>
</pin_list>
<bind>
<StgValue><ssdm name=""/></StgValue>
</bind>
</comp>

<comp id="16" class="1001" name="const_16">
<pin_list>
<pin id="17" dir="1" index="0" bw="1" slack="0"/>
</pin_list>
<bind>
<StgValue><ssdm name=""/></StgValue>
</bind>
</comp>

<comp id="18" class="1001" name="const_18">
<pin_list>
<pin id="19" dir="1" index="0" bw="1" slack="0"/>
</pin_list>
<bind>
<StgValue><ssdm name=""/></StgValue>
</bind>
</comp>

<comp id="20" class="1001" name="const_20">
<pin_list>
<pin id="21" dir="1" index="0" bw="1" slack="0"/>
</pin_list>
<bind>
<StgValue><ssdm name=""/></StgValue>
</bind>
</comp>

<comp id="22" class="1001" name="const_22">
<pin_list>
<pin id="23" dir="1" index="0" bw="1" slack="0"/>
</pin_list>
<bind>
<StgValue><ssdm name="_ssdm_op_BitConcatenate.i7.i4.i3"/></StgValue>
</bind>
</comp>

<comp id="24" class="1001" name="const_24">
<pin_list>
<pin id="25" dir="1" index="0" bw="1" slack="0"/>
</pin_list>
<bind>
<StgValue><ssdm name="_ssdm_op_BitConcatenate.i6.i5.i1"/></StgValue>
</bind>
</comp>

<comp id="26" class="1001" name="const_26">
<pin_list>
<pin id="27" dir="1" index="0" bw="1" slack="0"/>
</pin_list>
<bind>
<StgValue><ssdm name=""/></StgValue>
</bind>
</comp>

<comp id="28" class="1001" name="const_28">
<pin_list>
<pin id="29" dir="1" index="0" bw="1" slack="0"/>
</pin_list>
<bind>
<StgValue><ssdm name=""/></StgValue>
</bind>
</comp>

<comp id="30" class="1001" name="const_30">
<pin_list>
<pin id="31" dir="1" index="0" bw="1" slack="0"/>
</pin_list>
<bind>
<StgValue><ssdm name=""/></StgValue>
</bind>
</comp>

<comp id="32" class="1001" name="const_32">
<pin_list>
<pin id="33" dir="1" index="0" bw="1" slack="0"/>
</pin_list>
<bind>
<StgValue><ssdm name="_ssdm_op_BitConcatenate.i20.i16.i4"/></StgValue>
</bind>
</comp>

<comp id="34" class="1001" name="const_34">
<pin_list>
<pin id="35" dir="1" index="0" bw="1" slack="0"/>
</pin_list>
<bind>
<StgValue><ssdm name=""/></StgValue>
</bind>
</comp>

<comp id="36" class="1001" name="const_36">
<pin_list>
<pin id="37" dir="1" index="0" bw="1" slack="0"/>
</pin_list>
<bind>
<StgValue><ssdm name="_ssdm_op_BitConcatenate.i38.i24.i14"/></StgValue>
</bind>
</comp>

<comp id="38" class="1001" name="const_38">
<pin_list>
<pin id="39" dir="1" index="0" bw="1" slack="0"/>
</pin_list>
<bind>
<StgValue><ssdm name=""/></StgValue>
</bind>
</comp>

<comp id="40" class="1001" name="const_40">
<pin_list>
<pin id="41" dir="1" index="0" bw="1" slack="0"/>
</pin_list>
<bind>
<StgValue><ssdm name="_ssdm_op_BitSelect.i1.i24.i32"/></StgValue>
</bind>
</comp>

<comp id="42" class="1001" name="const_42">
<pin_list>
<pin id="43" dir="1" index="0" bw="1" slack="0"/>
</pin_list>
<bind>
<StgValue><ssdm name=""/></StgValue>
</bind>
</comp>

<comp id="44" class="1001" name="const_44">
<pin_list>
<pin id="45" dir="1" index="0" bw="1" slack="0"/>
</pin_list>
<bind>
<StgValue><ssdm name=""/></StgValue>
</bind>
</comp>

<comp id="46" class="1001" name="const_46">
<pin_list>
<pin id="47" dir="1" index="0" bw="1" slack="0"/>
</pin_list>
<bind>
<StgValue><ssdm name="_ssdm_op_PartSelect.i20.i38.i32.i32"/></StgValue>
</bind>
</comp>

<comp id="48" class="1001" name="const_48">
<pin_list>
<pin id="49" dir="1" index="0" bw="1" slack="0"/>
</pin_list>
<bind>
<StgValue><ssdm name=""/></StgValue>
</bind>
</comp>

<comp id="50" class="1001" name="const_50">
<pin_list>
<pin id="51" dir="1" index="0" bw="1" slack="0"/>
</pin_list>
<bind>
<StgValue><ssdm name=""/></StgValue>
</bind>
</comp>

<comp id="52" class="1001" name="const_52">
<pin_list>
<pin id="53" dir="1" index="0" bw="1" slack="0"/>
</pin_list>
<bind>
<StgValue><ssdm name=""/></StgValue>
</bind>
</comp>

<comp id="54" class="1001" name="const_54">
<pin_list>
<pin id="55" dir="1" index="0" bw="1" slack="0"/>
</pin_list>
<bind>
<StgValue><ssdm name="_ssdm_op_PartSelect.i16.i20.i32.i32"/></StgValue>
</bind>
</comp>

<comp id="56" class="1001" name="const_56">
<pin_list>
<pin id="57" dir="1" index="0" bw="1" slack="0"/>
</pin_list>
<bind>
<StgValue><ssdm name=""/></StgValue>
</bind>
</comp>

<comp id="58" class="1001" name="const_58">
<pin_list>
<pin id="59" dir="1" index="0" bw="1" slack="0"/>
</pin_list>
<bind>
<StgValue><ssdm name=""/></StgValue>
</bind>
</comp>

<comp id="60" class="1001" name="const_60">
<pin_list>
<pin id="61" dir="1" index="0" bw="1" slack="0"/>
</pin_list>
<bind>
<StgValue><ssdm name="_ssdm_op_PartSelect.i16.i24.i32.i32"/></StgValue>
</bind>
</comp>

<comp id="62" class="1001" name="const_62">
<pin_list>
<pin id="63" dir="1" index="0" bw="1" slack="0"/>
</pin_list>
<bind>
<StgValue><ssdm name=""/></StgValue>
</bind>
</comp>

<comp id="64" class="1001" name="const_64">
<pin_list>
<pin id="65" dir="1" index="0" bw="1" slack="2147483647"/>
</pin_list>
<bind>
<StgValue><ssdm name="_ssdm_op_SpecLoopName"/></StgValue>
</bind>
</comp>

<comp id="66" class="1001" name="const_66">
<pin_list>
<pin id="67" dir="1" index="0" bw="1" slack="2147483647"/>
</pin_list>
<bind>
<StgValue><ssdm name="VITIS_LOOP_183_6_VITIS_LOOP_185_7_str"/></StgValue>
</bind>
</comp>

<comp id="68" class="1001" name="const_68">
<pin_list>
<pin id="69" dir="1" index="0" bw="1" slack="2147483647"/>
</pin_list>
<bind>
<StgValue><ssdm name="_ssdm_op_SpecLoopTripCount"/></StgValue>
</bind>
</comp>

<comp id="70" class="1001" name="const_70">
<pin_list>
<pin id="71" dir="1" index="0" bw="1" slack="2147483647"/>
</pin_list>
<bind>
<StgValue><ssdm name=""/></StgValue>
</bind>
</comp>

<comp id="72" class="1001" name="const_72">
<pin_list>
<pin id="73" dir="1" index="0" bw="1" slack="2147483647"/>
</pin_list>
<bind>
<StgValue><ssdm name="_ssdm_op_SpecPipeline"/></StgValue>
</bind>
</comp>

<comp id="74" class="1001" name="const_74">
<pin_list>
<pin id="75" dir="1" index="0" bw="1" slack="2147483647"/>
</pin_list>
<bind>
<StgValue><ssdm name=""/></StgValue>
</bind>
</comp>

<comp id="76" class="1001" name="const_76">
<pin_list>
<pin id="77" dir="1" index="0" bw="1" slack="2147483647"/>
</pin_list>
<bind>
<StgValue><ssdm name="empty_1"/></StgValue>
</bind>
</comp>

<comp id="78" class="1001" name="const_78">
<pin_list>
<pin id="79" dir="1" index="0" bw="1" slack="2147483647"/>
</pin_list>
<bind>
<StgValue><ssdm name="empty_20"/></StgValue>
</bind>
</comp>

<comp id="80" class="1004" name="s_V_fu_80">
<pin_list>
<pin id="81" dir="0" index="0" bw="1" slack="0"/>
<pin id="82" dir="1" index="1" bw="24" slack="0"/>
</pin_list>
<bind>
<opcode="alloca(26) " fcode="alloca"/>
<opset="s_V/1 "/>
</bind>
</comp>

<comp id="84" class="1004" name="pos_fu_84">
<pin_list>
<pin id="85" dir="0" index="0" bw="1" slack="0"/>
<pin id="86" dir="1" index="1" bw="5" slack="0"/>
</pin_list>
<bind>
<opcode="alloca(26) " fcode="alloca"/>
<opset="pos/1 "/>
</bind>
</comp>

<comp id="88" class="1004" name="d_fu_88">
<pin_list>
<pin id="89" dir="0" index="0" bw="1" slack="0"/>
<pin id="90" dir="1" index="1" bw="3" slack="0"/>
</pin_list>
<bind>
<opcode="alloca(26) " fcode="alloca"/>
<opset="d/1 "/>
</bind>
</comp>

<comp id="92" class="1004" name="indvar_flatten22_fu_92">
<pin_list>
<pin id="93" dir="0" index="0" bw="1" slack="0"/>
<pin id="94" dir="1" index="1" bw="7" slack="0"/>
</pin_list>
<bind>
<opcode="alloca(26) " fcode="alloca"/>
<opset="indvar_flatten22/1 "/>
</bind>
</comp>

<comp id="96" class="1004" name="x_V_addr_gep_fu_96">
<pin_list>
<pin id="97" dir="0" index="0" bw="16" slack="0"/>
<pin id="98" dir="0" index="1" bw="1" slack="0"/>
<pin id="99" dir="0" index="2" bw="7" slack="0"/>
<pin id="100" dir="1" index="3" bw="7" slack="0"/>
</pin_list>
<bind>
<opcode="getelementptr(29) " fcode="getelementptr"/>
<opset="x_V_addr/2 "/>
</bind>
</comp>

<comp id="103" class="1004" name="grp_access_fu_103">
<pin_list>
<pin id="104" dir="0" index="0" bw="7" slack="0"/>
<pin id="105" dir="0" index="1" bw="16" slack="2147483647"/>
<pin id="106" dir="0" index="2" bw="0" slack="2147483647"/>
<pin id="107" dir="1" index="3" bw="16" slack="0"/>
</pin_list>
<bind>
<opcode="load(27) " fcode="load"/>
<opset="x_V_load/2 "/>
</bind>
</comp>

<comp id="109" class="1004" name="pooled_V_addr_gep_fu_109">
<pin_list>
<pin id="110" dir="0" index="0" bw="16" slack="0"/>
<pin id="111" dir="0" index="1" bw="1" slack="0"/>
<pin id="112" dir="0" index="2" bw="3" slack="0"/>
<pin id="113" dir="1" index="3" bw="3" slack="0"/>
</pin_list>
<bind>
<opcode="getelementptr(29) " fcode="getelementptr"/>
<opset="pooled_V_addr/5 "/>
</bind>
</comp>

<comp id="116" class="1004" name="store_ln189_access_fu_116">
<pin_list>
<pin id="117" dir="0" index="0" bw="3" slack="0"/>
<pin id="118" dir="0" index="1" bw="16" slack="1"/>
<pin id="119" dir="0" index="2" bw="0" slack="2147483647"/>
<pin id="120" dir="1" index="3" bw="16" slack="2147483647"/>
</pin_list>
<bind>
<opcode="store(28) " fcode="store"/>
<opset="store_ln189/5 "/>
</bind>
</comp>

<comp id="122" class="1004" name="store_ln0_store_fu_122">
<pin_list>
<pin id="123" dir="0" index="0" bw="1" slack="0"/>
<pin id="124" dir="0" index="1" bw="7" slack="0"/>
<pin id="125" dir="1" index="2" bw="0" slack="2147483647"/>
</pin_list>
<bind>
<opcode="store(28) " fcode="store"/>
<opset="store_ln0/1 "/>
</bind>
</comp>

<comp id="127" class="1004" name="store_ln0_store_fu_127">
<pin_list>
<pin id="128" dir="0" index="0" bw="1" slack="0"/>
<pin id="129" dir="0" index="1" bw="3" slack="0"/>
<pin id="130" dir="1" index="2" bw="0" slack="2147483647"/>
</pin_list>
<bind>
<opcode="store(28) " fcode="store"/>
<opset="store_ln0/1 "/>
</bind>
</comp>

<comp id="132" class="1004" name="store_ln0_store_fu_132">
<pin_list>
<pin id="133" dir="0" index="0" bw="1" slack="0"/>
<pin id="134" dir="0" index="1" bw="5" slack="0"/>
<pin id="135" dir="1" index="2" bw="0" slack="2147483647"/>
</pin_list>
<bind>
<opcode="store(28) " fcode="store"/>
<opset="store_ln0/1 "/>
</bind>
</comp>

<comp id="137" class="1004" name="store_ln0_store_fu_137">
<pin_list>
<pin id="138" dir="0" index="0" bw="1" slack="0"/>
<pin id="139" dir="0" index="1" bw="24" slack="0"/>
<pin id="140" dir="1" index="2" bw="0" slack="2147483647"/>
</pin_list>
<bind>
<opcode="store(28) " fcode="store"/>
<opset="store_ln0/1 "/>
</bind>
</comp>

<comp id="142" class="1004" name="indvar_flatten22_load_load_fu_142">
<pin_list>
<pin id="143" dir="0" index="0" bw="7" slack="0"/>
<pin id="144" dir="1" index="1" bw="7" slack="0"/>
</pin_list>
<bind>
<opcode="load(27) " fcode="load"/>
<opset="indvar_flatten22_load/1 "/>
</bind>
</comp>

<comp id="145" class="1004" name="icmp_ln183_fu_145">
<pin_list>
<pin id="146" dir="0" index="0" bw="7" slack="0"/>
<pin id="147" dir="0" index="1" bw="7" slack="0"/>
<pin id="148" dir="1" index="2" bw="1" slack="3"/>
</pin_list>
<bind>
<opcode="icmp(45) " fcode="icmp"/>
<opset="icmp_ln183/1 "/>
</bind>
</comp>

<comp id="151" class="1004" name="add_ln183_1_fu_151">
<pin_list>
<pin id="152" dir="0" index="0" bw="7" slack="0"/>
<pin id="153" dir="0" index="1" bw="1" slack="0"/>
<pin id="154" dir="1" index="2" bw="7" slack="0"/>
</pin_list>
<bind>
<opcode="add(8) " fcode="add"/>
<opset="add_ln183_1/1 "/>
</bind>
</comp>

<comp id="157" class="1004" name="pos_load_load_fu_157">
<pin_list>
<pin id="158" dir="0" index="0" bw="5" slack="0"/>
<pin id="159" dir="1" index="1" bw="5" slack="0"/>
</pin_list>
<bind>
<opcode="load(27) " fcode="load"/>
<opset="pos_load/1 "/>
</bind>
</comp>

<comp id="160" class="1004" name="d_load_load_fu_160">
<pin_list>
<pin id="161" dir="0" index="0" bw="3" slack="0"/>
<pin id="162" dir="1" index="1" bw="3" slack="0"/>
</pin_list>
<bind>
<opcode="load(27) " fcode="load"/>
<opset="d_load/1 "/>
</bind>
</comp>

<comp id="163" class="1004" name="add_ln183_fu_163">
<pin_list>
<pin id="164" dir="0" index="0" bw="3" slack="0"/>
<pin id="165" dir="0" index="1" bw="1" slack="0"/>
<pin id="166" dir="1" index="2" bw="3" slack="0"/>
</pin_list>
<bind>
<opcode="add(8) " fcode="add"/>
<opset="add_ln183/1 "/>
</bind>
</comp>

<comp id="169" class="1004" name="icmp_ln185_fu_169">
<pin_list>
<pin id="170" dir="0" index="0" bw="5" slack="0"/>
<pin id="171" dir="0" index="1" bw="5" slack="0"/>
<pin id="172" dir="1" index="2" bw="1" slack="0"/>
</pin_list>
<bind>
<opcode="icmp(45) " fcode="icmp"/>
<opset="icmp_ln185/1 "/>
</bind>
</comp>

<comp id="175" class="1004" name="select_ln183_fu_175">
<pin_list>
<pin id="176" dir="0" index="0" bw="1" slack="0"/>
<pin id="177" dir="0" index="1" bw="5" slack="0"/>
<pin id="178" dir="0" index="2" bw="5" slack="0"/>
<pin id="179" dir="1" index="3" bw="5" slack="0"/>
</pin_list>
<bind>
<opcode="select(49) " fcode="select"/>
<opset="select_ln183/1 "/>
</bind>
</comp>

<comp id="183" class="1004" name="trunc_ln183_fu_183">
<pin_list>
<pin id="184" dir="0" index="0" bw="5" slack="0"/>
<pin id="185" dir="1" index="1" bw="4" slack="0"/>
</pin_list>
<bind>
<opcode="trunc(33) " fcode="trunc"/>
<opset="trunc_ln183/1 "/>
</bind>
</comp>

<comp id="187" class="1004" name="select_ln183_2_fu_187">
<pin_list>
<pin id="188" dir="0" index="0" bw="1" slack="0"/>
<pin id="189" dir="0" index="1" bw="3" slack="0"/>
<pin id="190" dir="0" index="2" bw="3" slack="0"/>
<pin id="191" dir="1" index="3" bw="3" slack="0"/>
</pin_list>
<bind>
<opcode="select(49) " fcode="select"/>
<opset="select_ln183_2/1 "/>
</bind>
</comp>

<comp id="195" class="1004" name="zext_ln837_fu_195">
<pin_list>
<pin id="196" dir="0" index="0" bw="3" slack="0"/>
<pin id="197" dir="1" index="1" bw="7" slack="0"/>
</pin_list>
<bind>
<opcode="zext(34) " fcode="zext"/>
<opset="zext_ln837/1 "/>
</bind>
</comp>

<comp id="199" class="1004" name="tmp_s_fu_199">
<pin_list>
<pin id="200" dir="0" index="0" bw="7" slack="0"/>
<pin id="201" dir="0" index="1" bw="4" slack="0"/>
<pin id="202" dir="0" index="2" bw="1" slack="0"/>
<pin id="203" dir="1" index="3" bw="7" slack="0"/>
</pin_list>
<bind>
<opcode="bitconcatenate(1004) " fcode="bitconcatenate"/>
<opset="tmp_s/1 "/>
</bind>
</comp>

<comp id="207" class="1004" name="tmp_24_fu_207">
<pin_list>
<pin id="208" dir="0" index="0" bw="6" slack="0"/>
<pin id="209" dir="0" index="1" bw="5" slack="0"/>
<pin id="210" dir="0" index="2" bw="1" slack="0"/>
<pin id="211" dir="1" index="3" bw="6" slack="0"/>
</pin_list>
<bind>
<opcode="bitconcatenate(1004) " fcode="bitconcatenate"/>
<opset="tmp_24/1 "/>
</bind>
</comp>

<comp id="215" class="1004" name="zext_ln837_12_fu_215">
<pin_list>
<pin id="216" dir="0" index="0" bw="6" slack="0"/>
<pin id="217" dir="1" index="1" bw="7" slack="0"/>
</pin_list>
<bind>
<opcode="zext(34) " fcode="zext"/>
<opset="zext_ln837_12/1 "/>
</bind>
</comp>

<comp id="219" class="1004" name="sub_ln837_fu_219">
<pin_list>
<pin id="220" dir="0" index="0" bw="7" slack="0"/>
<pin id="221" dir="0" index="1" bw="6" slack="0"/>
<pin id="222" dir="1" index="2" bw="7" slack="0"/>
</pin_list>
<bind>
<opcode="sub(10) " fcode="sub"/>
<opset="sub_ln837/1 "/>
</bind>
</comp>

<comp id="225" class="1004" name="add_ln837_fu_225">
<pin_list>
<pin id="226" dir="0" index="0" bw="7" slack="0"/>
<pin id="227" dir="0" index="1" bw="3" slack="0"/>
<pin id="228" dir="1" index="2" bw="7" slack="1"/>
</pin_list>
<bind>
<opcode="add(8) " fcode="add"/>
<opset="add_ln837/1 "/>
</bind>
</comp>

<comp id="231" class="1004" name="add_ln185_fu_231">
<pin_list>
<pin id="232" dir="0" index="0" bw="5" slack="0"/>
<pin id="233" dir="0" index="1" bw="1" slack="0"/>
<pin id="234" dir="1" index="2" bw="5" slack="0"/>
</pin_list>
<bind>
<opcode="add(8) " fcode="add"/>
<opset="add_ln185/1 "/>
</bind>
</comp>

<comp id="237" class="1004" name="icmp_ln185_1_fu_237">
<pin_list>
<pin id="238" dir="0" index="0" bw="5" slack="0"/>
<pin id="239" dir="0" index="1" bw="5" slack="0"/>
<pin id="240" dir="1" index="2" bw="1" slack="3"/>
</pin_list>
<bind>
<opcode="icmp(45) " fcode="icmp"/>
<opset="icmp_ln185_1/1 "/>
</bind>
</comp>

<comp id="243" class="1004" name="store_ln183_store_fu_243">
<pin_list>
<pin id="244" dir="0" index="0" bw="7" slack="0"/>
<pin id="245" dir="0" index="1" bw="7" slack="0"/>
<pin id="246" dir="1" index="2" bw="0" slack="2147483647"/>
</pin_list>
<bind>
<opcode="store(28) " fcode="store"/>
<opset="store_ln183/1 "/>
</bind>
</comp>

<comp id="248" class="1004" name="store_ln183_store_fu_248">
<pin_list>
<pin id="249" dir="0" index="0" bw="3" slack="0"/>
<pin id="250" dir="0" index="1" bw="3" slack="0"/>
<pin id="251" dir="1" index="2" bw="0" slack="2147483647"/>
</pin_list>
<bind>
<opcode="store(28) " fcode="store"/>
<opset="store_ln183/1 "/>
</bind>
</comp>

<comp id="253" class="1004" name="store_ln185_store_fu_253">
<pin_list>
<pin id="254" dir="0" index="0" bw="5" slack="0"/>
<pin id="255" dir="0" index="1" bw="5" slack="0"/>
<pin id="256" dir="1" index="2" bw="0" slack="2147483647"/>
</pin_list>
<bind>
<opcode="store(28) " fcode="store"/>
<opset="store_ln185/1 "/>
</bind>
</comp>

<comp id="258" class="1004" name="zext_ln837_13_fu_258">
<pin_list>
<pin id="259" dir="0" index="0" bw="7" slack="1"/>
<pin id="260" dir="1" index="1" bw="64" slack="0"/>
</pin_list>
<bind>
<opcode="zext(34) " fcode="zext"/>
<opset="zext_ln837_13/2 "/>
</bind>
</comp>

<comp id="262" class="1004" name="s_V_load_load_fu_262">
<pin_list>
<pin id="263" dir="0" index="0" bw="24" slack="2"/>
<pin id="264" dir="1" index="1" bw="24" slack="0"/>
</pin_list>
<bind>
<opcode="load(27) " fcode="load"/>
<opset="s_V_load/3 "/>
</bind>
</comp>

<comp id="265" class="1004" name="select_ln183_1_fu_265">
<pin_list>
<pin id="266" dir="0" index="0" bw="1" slack="2"/>
<pin id="267" dir="0" index="1" bw="24" slack="0"/>
<pin id="268" dir="0" index="2" bw="24" slack="0"/>
<pin id="269" dir="1" index="3" bw="24" slack="0"/>
</pin_list>
<bind>
<opcode="select(49) " fcode="select"/>
<opset="select_ln183_1/3 "/>
</bind>
</comp>

<comp id="272" class="1004" name="shl_ln2_fu_272">
<pin_list>
<pin id="273" dir="0" index="0" bw="20" slack="0"/>
<pin id="274" dir="0" index="1" bw="16" slack="0"/>
<pin id="275" dir="0" index="2" bw="1" slack="0"/>
<pin id="276" dir="1" index="3" bw="20" slack="0"/>
</pin_list>
<bind>
<opcode="bitconcatenate(1004) " fcode="bitconcatenate"/>
<opset="shl_ln2/3 "/>
</bind>
</comp>

<comp id="280" class="1004" name="sext_ln813_fu_280">
<pin_list>
<pin id="281" dir="0" index="0" bw="20" slack="0"/>
<pin id="282" dir="1" index="1" bw="24" slack="0"/>
</pin_list>
<bind>
<opcode="sext(35) " fcode="sext"/>
<opset="sext_ln813/3 "/>
</bind>
</comp>

<comp id="284" class="1004" name="s_V_4_fu_284">
<pin_list>
<pin id="285" dir="0" index="0" bw="20" slack="0"/>
<pin id="286" dir="0" index="1" bw="24" slack="0"/>
<pin id="287" dir="1" index="2" bw="24" slack="0"/>
</pin_list>
<bind>
<opcode="add(8) " fcode="add"/>
<opset="s_V_4/3 "/>
</bind>
</comp>

<comp id="290" class="1004" name="store_ln813_store_fu_290">
<pin_list>
<pin id="291" dir="0" index="0" bw="24" slack="0"/>
<pin id="292" dir="0" index="1" bw="24" slack="2"/>
<pin id="293" dir="1" index="2" bw="0" slack="2147483647"/>
</pin_list>
<bind>
<opcode="store(28) " fcode="store"/>
<opset="store_ln813/3 "/>
</bind>
</comp>

<comp id="295" class="1004" name="t_fu_295">
<pin_list>
<pin id="296" dir="0" index="0" bw="38" slack="0"/>
<pin id="297" dir="0" index="1" bw="24" slack="1"/>
<pin id="298" dir="0" index="2" bw="1" slack="0"/>
<pin id="299" dir="1" index="3" bw="38" slack="0"/>
</pin_list>
<bind>
<opcode="bitconcatenate(1004) " fcode="bitconcatenate"/>
<opset="t/4 "/>
</bind>
</comp>

<comp id="302" class="1004" name="tmp_fu_302">
<pin_list>
<pin id="303" dir="0" index="0" bw="1" slack="0"/>
<pin id="304" dir="0" index="1" bw="24" slack="1"/>
<pin id="305" dir="0" index="2" bw="6" slack="0"/>
<pin id="306" dir="1" index="3" bw="1" slack="0"/>
</pin_list>
<bind>
<opcode="bitselect(1000) " fcode="bitselect"/>
<opset="tmp/4 "/>
</bind>
</comp>

<comp id="309" class="1004" name="sub_ln1303_fu_309">
<pin_list>
<pin id="310" dir="0" index="0" bw="1" slack="0"/>
<pin id="311" dir="0" index="1" bw="38" slack="0"/>
<pin id="312" dir="1" index="2" bw="38" slack="0"/>
</pin_list>
<bind>
<opcode="sub(10) " fcode="sub"/>
<opset="sub_ln1303/4 "/>
</bind>
</comp>

<comp id="315" class="1004" name="trunc_ln1303_1_fu_315">
<pin_list>
<pin id="316" dir="0" index="0" bw="20" slack="0"/>
<pin id="317" dir="0" index="1" bw="38" slack="0"/>
<pin id="318" dir="0" index="2" bw="6" slack="0"/>
<pin id="319" dir="0" index="3" bw="7" slack="0"/>
<pin id="320" dir="1" index="4" bw="20" slack="0"/>
</pin_list>
<bind>
<opcode="partselect(1002) " fcode="partselect"/>
<opset="trunc_ln1303_1/4 "/>
</bind>
</comp>

<comp id="325" class="1004" name="sub_ln1303_1_fu_325">
<pin_list>
<pin id="326" dir="0" index="0" bw="1" slack="0"/>
<pin id="327" dir="0" index="1" bw="20" slack="0"/>
<pin id="328" dir="1" index="2" bw="20" slack="0"/>
</pin_list>
<bind>
<opcode="sub(10) " fcode="sub"/>
<opset="sub_ln1303_1/4 "/>
</bind>
</comp>

<comp id="331" class="1004" name="tmp_25_fu_331">
<pin_list>
<pin id="332" dir="0" index="0" bw="16" slack="0"/>
<pin id="333" dir="0" index="1" bw="20" slack="0"/>
<pin id="334" dir="0" index="2" bw="4" slack="0"/>
<pin id="335" dir="0" index="3" bw="6" slack="0"/>
<pin id="336" dir="1" index="4" bw="16" slack="0"/>
</pin_list>
<bind>
<opcode="partselect(1002) " fcode="partselect"/>
<opset="tmp_25/4 "/>
</bind>
</comp>

<comp id="341" class="1004" name="tmp_26_fu_341">
<pin_list>
<pin id="342" dir="0" index="0" bw="16" slack="0"/>
<pin id="343" dir="0" index="1" bw="24" slack="1"/>
<pin id="344" dir="0" index="2" bw="5" slack="0"/>
<pin id="345" dir="0" index="3" bw="6" slack="0"/>
<pin id="346" dir="1" index="4" bw="16" slack="0"/>
</pin_list>
<bind>
<opcode="partselect(1002) " fcode="partselect"/>
<opset="tmp_26/4 "/>
</bind>
</comp>

<comp id="350" class="1004" name="select_ln1303_fu_350">
<pin_list>
<pin id="351" dir="0" index="0" bw="1" slack="0"/>
<pin id="352" dir="0" index="1" bw="16" slack="0"/>
<pin id="353" dir="0" index="2" bw="16" slack="0"/>
<pin id="354" dir="1" index="3" bw="16" slack="1"/>
</pin_list>
<bind>
<opcode="select(49) " fcode="select"/>
<opset="select_ln1303/4 "/>
</bind>
</comp>

<comp id="358" class="1004" name="zext_ln183_fu_358">
<pin_list>
<pin id="359" dir="0" index="0" bw="3" slack="4"/>
<pin id="360" dir="1" index="1" bw="64" slack="0"/>
</pin_list>
<bind>
<opcode="zext(34) " fcode="zext"/>
<opset="zext_ln183/5 "/>
</bind>
</comp>

<comp id="362" class="1005" name="s_V_reg_362">
<pin_list>
<pin id="363" dir="0" index="0" bw="24" slack="0"/>
<pin id="364" dir="1" index="1" bw="24" slack="0"/>
</pin_list>
<bind>
<opset="s_V "/>
</bind>
</comp>

<comp id="369" class="1005" name="pos_reg_369">
<pin_list>
<pin id="370" dir="0" index="0" bw="5" slack="0"/>
<pin id="371" dir="1" index="1" bw="5" slack="0"/>
</pin_list>
<bind>
<opset="pos "/>
</bind>
</comp>

<comp id="376" class="1005" name="d_reg_376">
<pin_list>
<pin id="377" dir="0" index="0" bw="3" slack="0"/>
<pin id="378" dir="1" index="1" bw="3" slack="0"/>
</pin_list>
<bind>
<opset="d "/>
</bind>
</comp>

<comp id="383" class="1005" name="indvar_flatten22_reg_383">
<pin_list>
<pin id="384" dir="0" index="0" bw="7" slack="0"/>
<pin id="385" dir="1" index="1" bw="7" slack="0"/>
</pin_list>
<bind>
<opset="indvar_flatten22 "/>
</bind>
</comp>

<comp id="390" class="1005" name="icmp_ln183_reg_390">
<pin_list>
<pin id="391" dir="0" index="0" bw="1" slack="3"/>
<pin id="392" dir="1" index="1" bw="1" slack="2147483647"/>
</pin_list>
<bind>
<opset="icmp_ln183 "/>
</bind>
</comp>

<comp id="394" class="1005" name="icmp_ln185_reg_394">
<pin_list>
<pin id="395" dir="0" index="0" bw="1" slack="2"/>
<pin id="396" dir="1" index="1" bw="1" slack="2"/>
</pin_list>
<bind>
<opset="icmp_ln185 "/>
</bind>
</comp>

<comp id="399" class="1005" name="select_ln183_2_reg_399">
<pin_list>
<pin id="400" dir="0" index="0" bw="3" slack="4"/>
<pin id="401" dir="1" index="1" bw="3" slack="4"/>
</pin_list>
<bind>
<opset="select_ln183_2 "/>
</bind>
</comp>

<comp id="404" class="1005" name="add_ln837_reg_404">
<pin_list>
<pin id="405" dir="0" index="0" bw="7" slack="1"/>
<pin id="406" dir="1" index="1" bw="7" slack="1"/>
</pin_list>
<bind>
<opset="add_ln837 "/>
</bind>
</comp>

<comp id="409" class="1005" name="icmp_ln185_1_reg_409">
<pin_list>
<pin id="410" dir="0" index="0" bw="1" slack="3"/>
<pin id="411" dir="1" index="1" bw="1" slack="2147483647"/>
</pin_list>
<bind>
<opset="icmp_ln185_1 "/>
</bind>
</comp>

<comp id="413" class="1005" name="x_V_addr_reg_413">
<pin_list>
<pin id="414" dir="0" index="0" bw="7" slack="1"/>
<pin id="415" dir="1" index="1" bw="7" slack="1"/>
</pin_list>
<bind>
<opset="x_V_addr "/>
</bind>
</comp>

<comp id="418" class="1005" name="s_V_4_reg_418">
<pin_list>
<pin id="419" dir="0" index="0" bw="24" slack="1"/>
<pin id="420" dir="1" index="1" bw="24" slack="1"/>
</pin_list>
<bind>
<opset="s_V_4 "/>
</bind>
</comp>

<comp id="425" class="1005" name="select_ln1303_reg_425">
<pin_list>
<pin id="426" dir="0" index="0" bw="16" slack="1"/>
<pin id="427" dir="1" index="1" bw="16" slack="1"/>
</pin_list>
<bind>
<opset="select_ln1303 "/>
</bind>
</comp>

</comp_list>

<net_list>
<net id="83"><net_src comp="4" pin="0"/><net_sink comp="80" pin=0"/></net>

<net id="87"><net_src comp="4" pin="0"/><net_sink comp="84" pin=0"/></net>

<net id="91"><net_src comp="4" pin="0"/><net_sink comp="88" pin=0"/></net>

<net id="95"><net_src comp="4" pin="0"/><net_sink comp="92" pin=0"/></net>

<net id="101"><net_src comp="0" pin="0"/><net_sink comp="96" pin=0"/></net>

<net id="102"><net_src comp="30" pin="0"/><net_sink comp="96" pin=1"/></net>

<net id="108"><net_src comp="96" pin="3"/><net_sink comp="103" pin=0"/></net>

<net id="114"><net_src comp="2" pin="0"/><net_sink comp="109" pin=0"/></net>

<net id="115"><net_src comp="30" pin="0"/><net_sink comp="109" pin=1"/></net>

<net id="121"><net_src comp="109" pin="3"/><net_sink comp="116" pin=0"/></net>

<net id="126"><net_src comp="6" pin="0"/><net_sink comp="122" pin=0"/></net>

<net id="131"><net_src comp="8" pin="0"/><net_sink comp="127" pin=0"/></net>

<net id="136"><net_src comp="10" pin="0"/><net_sink comp="132" pin=0"/></net>

<net id="141"><net_src comp="12" pin="0"/><net_sink comp="137" pin=0"/></net>

<net id="149"><net_src comp="142" pin="1"/><net_sink comp="145" pin=0"/></net>

<net id="150"><net_src comp="14" pin="0"/><net_sink comp="145" pin=1"/></net>

<net id="155"><net_src comp="142" pin="1"/><net_sink comp="151" pin=0"/></net>

<net id="156"><net_src comp="16" pin="0"/><net_sink comp="151" pin=1"/></net>

<net id="167"><net_src comp="160" pin="1"/><net_sink comp="163" pin=0"/></net>

<net id="168"><net_src comp="18" pin="0"/><net_sink comp="163" pin=1"/></net>

<net id="173"><net_src comp="157" pin="1"/><net_sink comp="169" pin=0"/></net>

<net id="174"><net_src comp="20" pin="0"/><net_sink comp="169" pin=1"/></net>

<net id="180"><net_src comp="169" pin="2"/><net_sink comp="175" pin=0"/></net>

<net id="181"><net_src comp="10" pin="0"/><net_sink comp="175" pin=1"/></net>

<net id="182"><net_src comp="157" pin="1"/><net_sink comp="175" pin=2"/></net>

<net id="186"><net_src comp="175" pin="3"/><net_sink comp="183" pin=0"/></net>

<net id="192"><net_src comp="169" pin="2"/><net_sink comp="187" pin=0"/></net>

<net id="193"><net_src comp="163" pin="2"/><net_sink comp="187" pin=1"/></net>

<net id="194"><net_src comp="160" pin="1"/><net_sink comp="187" pin=2"/></net>

<net id="198"><net_src comp="187" pin="3"/><net_sink comp="195" pin=0"/></net>

<net id="204"><net_src comp="22" pin="0"/><net_sink comp="199" pin=0"/></net>

<net id="205"><net_src comp="183" pin="1"/><net_sink comp="199" pin=1"/></net>

<net id="206"><net_src comp="8" pin="0"/><net_sink comp="199" pin=2"/></net>

<net id="212"><net_src comp="24" pin="0"/><net_sink comp="207" pin=0"/></net>

<net id="213"><net_src comp="175" pin="3"/><net_sink comp="207" pin=1"/></net>

<net id="214"><net_src comp="26" pin="0"/><net_sink comp="207" pin=2"/></net>

<net id="218"><net_src comp="207" pin="3"/><net_sink comp="215" pin=0"/></net>

<net id="223"><net_src comp="199" pin="3"/><net_sink comp="219" pin=0"/></net>

<net id="224"><net_src comp="215" pin="1"/><net_sink comp="219" pin=1"/></net>

<net id="229"><net_src comp="219" pin="2"/><net_sink comp="225" pin=0"/></net>

<net id="230"><net_src comp="195" pin="1"/><net_sink comp="225" pin=1"/></net>

<net id="235"><net_src comp="175" pin="3"/><net_sink comp="231" pin=0"/></net>

<net id="236"><net_src comp="28" pin="0"/><net_sink comp="231" pin=1"/></net>

<net id="241"><net_src comp="231" pin="2"/><net_sink comp="237" pin=0"/></net>

<net id="242"><net_src comp="20" pin="0"/><net_sink comp="237" pin=1"/></net>

<net id="247"><net_src comp="151" pin="2"/><net_sink comp="243" pin=0"/></net>

<net id="252"><net_src comp="187" pin="3"/><net_sink comp="248" pin=0"/></net>

<net id="257"><net_src comp="231" pin="2"/><net_sink comp="253" pin=0"/></net>

<net id="261"><net_src comp="258" pin="1"/><net_sink comp="96" pin=2"/></net>

<net id="270"><net_src comp="12" pin="0"/><net_sink comp="265" pin=1"/></net>

<net id="271"><net_src comp="262" pin="1"/><net_sink comp="265" pin=2"/></net>

<net id="277"><net_src comp="32" pin="0"/><net_sink comp="272" pin=0"/></net>

<net id="278"><net_src comp="103" pin="3"/><net_sink comp="272" pin=1"/></net>

<net id="279"><net_src comp="34" pin="0"/><net_sink comp="272" pin=2"/></net>

<net id="283"><net_src comp="272" pin="3"/><net_sink comp="280" pin=0"/></net>

<net id="288"><net_src comp="280" pin="1"/><net_sink comp="284" pin=0"/></net>

<net id="289"><net_src comp="265" pin="3"/><net_sink comp="284" pin=1"/></net>

<net id="294"><net_src comp="284" pin="2"/><net_sink comp="290" pin=0"/></net>

<net id="300"><net_src comp="36" pin="0"/><net_sink comp="295" pin=0"/></net>

<net id="301"><net_src comp="38" pin="0"/><net_sink comp="295" pin=2"/></net>

<net id="307"><net_src comp="40" pin="0"/><net_sink comp="302" pin=0"/></net>

<net id="308"><net_src comp="42" pin="0"/><net_sink comp="302" pin=2"/></net>

<net id="313"><net_src comp="44" pin="0"/><net_sink comp="309" pin=0"/></net>

<net id="314"><net_src comp="295" pin="3"/><net_sink comp="309" pin=1"/></net>

<net id="321"><net_src comp="46" pin="0"/><net_sink comp="315" pin=0"/></net>

<net id="322"><net_src comp="309" pin="2"/><net_sink comp="315" pin=1"/></net>

<net id="323"><net_src comp="48" pin="0"/><net_sink comp="315" pin=2"/></net>

<net id="324"><net_src comp="50" pin="0"/><net_sink comp="315" pin=3"/></net>

<net id="329"><net_src comp="52" pin="0"/><net_sink comp="325" pin=0"/></net>

<net id="330"><net_src comp="315" pin="4"/><net_sink comp="325" pin=1"/></net>

<net id="337"><net_src comp="54" pin="0"/><net_sink comp="331" pin=0"/></net>

<net id="338"><net_src comp="325" pin="2"/><net_sink comp="331" pin=1"/></net>

<net id="339"><net_src comp="56" pin="0"/><net_sink comp="331" pin=2"/></net>

<net id="340"><net_src comp="58" pin="0"/><net_sink comp="331" pin=3"/></net>

<net id="347"><net_src comp="60" pin="0"/><net_sink comp="341" pin=0"/></net>

<net id="348"><net_src comp="62" pin="0"/><net_sink comp="341" pin=2"/></net>

<net id="349"><net_src comp="42" pin="0"/><net_sink comp="341" pin=3"/></net>

<net id="355"><net_src comp="302" pin="3"/><net_sink comp="350" pin=0"/></net>

<net id="356"><net_src comp="331" pin="4"/><net_sink comp="350" pin=1"/></net>

<net id="357"><net_src comp="341" pin="4"/><net_sink comp="350" pin=2"/></net>

<net id="361"><net_src comp="358" pin="1"/><net_sink comp="109" pin=2"/></net>

<net id="365"><net_src comp="80" pin="1"/><net_sink comp="362" pin=0"/></net>

<net id="366"><net_src comp="362" pin="1"/><net_sink comp="137" pin=1"/></net>

<net id="367"><net_src comp="362" pin="1"/><net_sink comp="262" pin=0"/></net>

<net id="368"><net_src comp="362" pin="1"/><net_sink comp="290" pin=1"/></net>

<net id="372"><net_src comp="84" pin="1"/><net_sink comp="369" pin=0"/></net>

<net id="373"><net_src comp="369" pin="1"/><net_sink comp="132" pin=1"/></net>

<net id="374"><net_src comp="369" pin="1"/><net_sink comp="157" pin=0"/></net>

<net id="375"><net_src comp="369" pin="1"/><net_sink comp="253" pin=1"/></net>

<net id="379"><net_src comp="88" pin="1"/><net_sink comp="376" pin=0"/></net>

<net id="380"><net_src comp="376" pin="1"/><net_sink comp="127" pin=1"/></net>

<net id="381"><net_src comp="376" pin="1"/><net_sink comp="160" pin=0"/></net>

<net id="382"><net_src comp="376" pin="1"/><net_sink comp="248" pin=1"/></net>

<net id="386"><net_src comp="92" pin="1"/><net_sink comp="383" pin=0"/></net>

<net id="387"><net_src comp="383" pin="1"/><net_sink comp="122" pin=1"/></net>

<net id="388"><net_src comp="383" pin="1"/><net_sink comp="142" pin=0"/></net>

<net id="389"><net_src comp="383" pin="1"/><net_sink comp="243" pin=1"/></net>

<net id="393"><net_src comp="145" pin="2"/><net_sink comp="390" pin=0"/></net>

<net id="397"><net_src comp="169" pin="2"/><net_sink comp="394" pin=0"/></net>

<net id="398"><net_src comp="394" pin="1"/><net_sink comp="265" pin=0"/></net>

<net id="402"><net_src comp="187" pin="3"/><net_sink comp="399" pin=0"/></net>

<net id="403"><net_src comp="399" pin="1"/><net_sink comp="358" pin=0"/></net>

<net id="407"><net_src comp="225" pin="2"/><net_sink comp="404" pin=0"/></net>

<net id="408"><net_src comp="404" pin="1"/><net_sink comp="258" pin=0"/></net>

<net id="412"><net_src comp="237" pin="2"/><net_sink comp="409" pin=0"/></net>

<net id="416"><net_src comp="96" pin="3"/><net_sink comp="413" pin=0"/></net>

<net id="417"><net_src comp="413" pin="1"/><net_sink comp="103" pin=0"/></net>

<net id="421"><net_src comp="284" pin="2"/><net_sink comp="418" pin=0"/></net>

<net id="422"><net_src comp="418" pin="1"/><net_sink comp="295" pin=1"/></net>

<net id="423"><net_src comp="418" pin="1"/><net_sink comp="302" pin=1"/></net>

<net id="424"><net_src comp="418" pin="1"/><net_sink comp="341" pin=1"/></net>

<net id="428"><net_src comp="350" pin="3"/><net_sink comp="425" pin=0"/></net>

<net id="429"><net_src comp="425" pin="1"/><net_sink comp="116" pin=1"/></net>

</net_list>

</model> 
---------------- Datapath Model END ------------------

* FSMD analyzer results:
  - Output states:
	Port: pooled_V | {5 }
 - Input state : 
	Port: imgds_linear_tiny_Pipeline_VITIS_LOOP_183_6_VITIS_LOOP_185_7 : x_V | {2 3 }
  - Chain level:
	State 1
		store_ln0 : 1
		store_ln0 : 1
		store_ln0 : 1
		store_ln0 : 1
		indvar_flatten22_load : 1
		icmp_ln183 : 2
		add_ln183_1 : 2
		br_ln183 : 3
		pos_load : 1
		d_load : 1
		add_ln183 : 2
		icmp_ln185 : 2
		select_ln183 : 3
		trunc_ln183 : 4
		select_ln183_2 : 3
		zext_ln837 : 4
		tmp_s : 5
		tmp_24 : 4
		zext_ln837_12 : 5
		sub_ln837 : 6
		add_ln837 : 7
		add_ln185 : 4
		icmp_ln185_1 : 5
		br_ln185 : 6
		store_ln183 : 3
		store_ln183 : 4
		store_ln185 : 5
	State 2
		x_V_addr : 1
		x_V_load : 2
	State 3
		select_ln183_1 : 1
		shl_ln2 : 1
		sext_ln813 : 2
		s_V_4 : 3
		store_ln813 : 4
	State 4
		sub_ln1303 : 1
		trunc_ln1303_1 : 2
		sub_ln1303_1 : 3
		tmp_25 : 4
		select_ln1303 : 5
	State 5
		pooled_V_addr : 1
		store_ln189 : 2


============================================================
+ Verbose Summary: Datapath Resource usage 
============================================================

* Functional unit list:
|----------|-----------------------|---------|---------|
| Operation|    Functional Unit    |    FF   |   LUT   |
|----------|-----------------------|---------|---------|
|          |    sub_ln837_fu_219   |    0    |    7    |
|    sub   |   sub_ln1303_fu_309   |    0    |    45   |
|          |  sub_ln1303_1_fu_325  |    0    |    27   |
|----------|-----------------------|---------|---------|
|          |   add_ln183_1_fu_151  |    0    |    14   |
|          |    add_ln183_fu_163   |    0    |    11   |
|    add   |    add_ln837_fu_225   |    0    |    7    |
|          |    add_ln185_fu_231   |    0    |    13   |
|          |      s_V_4_fu_284     |    0    |    31   |
|----------|-----------------------|---------|---------|
|          |  select_ln183_fu_175  |    0    |    5    |
|  select  | select_ln183_2_fu_187 |    0    |    3    |
|          | select_ln183_1_fu_265 |    0    |    24   |
|          |  select_ln1303_fu_350 |    0    |    16   |
|----------|-----------------------|---------|---------|
|          |   icmp_ln183_fu_145   |    0    |    10   |
|   icmp   |   icmp_ln185_fu_169   |    0    |    9    |
|          |  icmp_ln185_1_fu_237  |    0    |    9    |
|----------|-----------------------|---------|---------|
|   trunc  |   trunc_ln183_fu_183  |    0    |    0    |
|----------|-----------------------|---------|---------|
|          |   zext_ln837_fu_195   |    0    |    0    |
|   zext   |  zext_ln837_12_fu_215 |    0    |    0    |
|          |  zext_ln837_13_fu_258 |    0    |    0    |
|          |   zext_ln183_fu_358   |    0    |    0    |
|----------|-----------------------|---------|---------|
|          |      tmp_s_fu_199     |    0    |    0    |
|bitconcatenate|     tmp_24_fu_207     |    0    |    0    |
|          |     shl_ln2_fu_272    |    0    |    0    |
|          |        t_fu_295       |    0    |    0    |
|----------|-----------------------|---------|---------|
|   sext   |   sext_ln813_fu_280   |    0    |    0    |
|----------|-----------------------|---------|---------|
| bitselect|       tmp_fu_302      |    0    |    0    |
|----------|-----------------------|---------|---------|
|          | trunc_ln1303_1_fu_315 |    0    |    0    |
|partselect|     tmp_25_fu_331     |    0    |    0    |
|          |     tmp_26_fu_341     |    0    |    0    |
|----------|-----------------------|---------|---------|
|   Total  |                       |    0    |   231   |
|----------|-----------------------|---------|---------|

Memories:
N/A

* Register list:
+------------------------+--------+
|                        |   FF   |
+------------------------+--------+
|    add_ln837_reg_404   |    7   |
|        d_reg_376       |    3   |
|   icmp_ln183_reg_390   |    1   |
|  icmp_ln185_1_reg_409  |    1   |
|   icmp_ln185_reg_394   |    1   |
|indvar_flatten22_reg_383|    7   |
|       pos_reg_369      |    5   |
|      s_V_4_reg_418     |   24   |
|       s_V_reg_362      |   24   |
|  select_ln1303_reg_425 |   16   |
| select_ln183_2_reg_399 |    3   |
|    x_V_addr_reg_413    |    7   |
+------------------------+--------+
|          Total         |   99   |
+------------------------+--------+

* Multiplexer (MUX) list: 
|-------------------|------|------|------|--------||---------||---------|
|        Comp       |  Pin | Size |  BW  | S x BW ||  Delay  ||   LUT   |
|-------------------|------|------|------|--------||---------||---------|
| grp_access_fu_103 |  p0  |   2  |   7  |   14   ||    9    |
|-------------------|------|------|------|--------||---------||---------|
|       Total       |      |      |      |   14   ||  1.588  ||    9    |
|-------------------|------|------|------|--------||---------||---------|



* Summary:
+-----------+--------+--------+--------+
|           |  Delay |   FF   |   LUT  |
+-----------+--------+--------+--------+
|  Function |    -   |    0   |   231  |
|   Memory  |    -   |    -   |    -   |
|Multiplexer|    1   |    -   |    9   |
|  Register |    -   |   99   |    -   |
+-----------+--------+--------+--------+
|   Total   |    1   |   99   |   240  |
+-----------+--------+--------+--------+
