/home/cym/prj2/finn/notebooks/icl_thesis-master/experiments/imgds_linear_sparse/stage4_structural_small_models/hls/tiny_q16_d6_ff12/hls/imgds_linear_tiny_axi/solution1/.autopilot/db/imgds_linear_tiny.pp.0.cpp:1337:7: warning: Added loop label VITIS_LOOP_1211_1:   [xilinx-label-all-loops]
      for (i = 0; i < __N - 1; ++i) {
      ^~~
      VITIS_LOOP_1211_1: 
/home/cym/prj2/finn/notebooks/icl_thesis-master/experiments/imgds_linear_sparse/stage4_structural_small_models/hls/tiny_q16_d6_ff12/hls/imgds_linear_tiny_axi/solution1/.autopilot/db/imgds_linear_tiny.pp.0.cpp:1337:7: note: FIX-IT applied suggested code changes
/home/cym/prj2/finn/notebooks/icl_thesis-master/experiments/imgds_linear_sparse/stage4_structural_small_models/hls/tiny_q16_d6_ff12/hls/imgds_linear_tiny_axi/solution1/.autopilot/db/imgds_linear_tiny.pp.0.cpp:2311:5: warning: Added loop label VITIS_LOOP_676_1:   [xilinx-label-all-loops]
    for (unsigned i = low; i != high; ++i) {
    ^~~
    VITIS_LOOP_676_1: 
/home/cym/prj2/finn/notebooks/icl_thesis-master/experiments/imgds_linear_sparse/stage4_structural_small_models/hls/tiny_q16_d6_ff12/hls/imgds_linear_tiny_axi/solution1/.autopilot/db/imgds_linear_tiny.pp.0.cpp:2311:5: note: FIX-IT applied suggested code changes
/home/cym/prj2/finn/notebooks/icl_thesis-master/experiments/imgds_linear_sparse/stage4_structural_small_models/hls/tiny_q16_d6_ff12/hls/imgds_linear_tiny_axi/solution1/.autopilot/db/imgds_linear_tiny.pp.0.cpp:2325:5: warning: Added loop label VITIS_LOOP_690_1:   [xilinx-label-all-loops]
    for (unsigned i = low; i != high; ++i) {
    ^~~
    VITIS_LOOP_690_1: 
/home/cym/prj2/finn/notebooks/icl_thesis-master/experiments/imgds_linear_sparse/stage4_structural_small_models/hls/tiny_q16_d6_ff12/hls/imgds_linear_tiny_axi/solution1/.autopilot/db/imgds_linear_tiny.pp.0.cpp:2325:5: note: FIX-IT applied suggested code changes
/home/cym/prj2/finn/notebooks/icl_thesis-master/experiments/imgds_linear_sparse/stage4_structural_small_models/hls/tiny_q16_d6_ff12/hls/imgds_linear_tiny_axi/solution1/.autopilot/db/imgds_linear_tiny.pp.0.cpp:2339:5: warning: Added loop label VITIS_LOOP_704_1:   [xilinx-label-all-loops]
    for (unsigned i = low; i != high; ++i) {
    ^~~
    VITIS_LOOP_704_1: 
/home/cym/prj2/finn/notebooks/icl_thesis-master/experiments/imgds_linear_sparse/stage4_structural_small_models/hls/tiny_q16_d6_ff12/hls/imgds_linear_tiny_axi/solution1/.autopilot/db/imgds_linear_tiny.pp.0.cpp:2339:5: note: FIX-IT applied suggested code changes
/home/cym/prj2/finn/notebooks/icl_thesis-master/experiments/imgds_linear_sparse/stage4_structural_small_models/hls/tiny_q16_d6_ff12/hls/imgds_linear_tiny_axi/solution1/.autopilot/db/imgds_linear_tiny.pp.0.cpp:3938:7: warning: Added loop label VITIS_LOOP_1245_1:   [xilinx-label-all-loops]
      for (i = 0; i < __N - 1; ++i) {
      ^~~
      VITIS_LOOP_1245_1: 
/home/cym/prj2/finn/notebooks/icl_thesis-master/experiments/imgds_linear_sparse/stage4_structural_small_models/hls/tiny_q16_d6_ff12/hls/imgds_linear_tiny_axi/solution1/.autopilot/db/imgds_linear_tiny.pp.0.cpp:3938:7: note: FIX-IT applied suggested code changes
/home/cym/prj2/finn/notebooks/icl_thesis-master/experiments/imgds_linear_sparse/stage4_structural_small_models/hls/tiny_q16_d6_ff12/hls/imgds_linear_tiny_axi/solution1/.autopilot/db/imgds_linear_tiny.pp.0.cpp:12424:5: warning: Added loop label VITIS_LOOP_19_1:   [xilinx-label-all-loops]
    for (int i = 0; i < 6; i++) sum += x[i];
    ^~~
    VITIS_LOOP_19_1: 
/home/cym/prj2/finn/notebooks/icl_thesis-master/experiments/imgds_linear_sparse/stage4_structural_small_models/hls/tiny_q16_d6_ff12/hls/imgds_linear_tiny_axi/solution1/.autopilot/db/imgds_linear_tiny.pp.0.cpp:12424:5: note: FIX-IT applied suggested code changes
/home/cym/prj2/finn/notebooks/icl_thesis-master/experiments/imgds_linear_sparse/stage4_structural_small_models/hls/tiny_q16_d6_ff12/hls/imgds_linear_tiny_axi/solution1/.autopilot/db/imgds_linear_tiny.pp.0.cpp:12427:5: warning: Added loop label VITIS_LOOP_22_2:   [xilinx-label-all-loops]
    for (int i = 0; i < 6; i++) { data_t diff = x[i] - mean; var_sum += diff * diff; }
    ^~~
    VITIS_LOOP_22_2: 
/home/cym/prj2/finn/notebooks/icl_thesis-master/experiments/imgds_linear_sparse/stage4_structural_small_models/hls/tiny_q16_d6_ff12/hls/imgds_linear_tiny_axi/solution1/.autopilot/db/imgds_linear_tiny.pp.0.cpp:12427:5: note: FIX-IT applied suggested code changes
/home/cym/prj2/finn/notebooks/icl_thesis-master/experiments/imgds_linear_sparse/stage4_structural_small_models/hls/tiny_q16_d6_ff12/hls/imgds_linear_tiny_axi/solution1/.autopilot/db/imgds_linear_tiny.pp.0.cpp:12432:5: warning: Added loop label VITIS_LOOP_27_3:   [xilinx-label-all-loops]
    for (int i = 0; i < 6; i++) {
    ^~~
    VITIS_LOOP_27_3: 
/home/cym/prj2/finn/notebooks/icl_thesis-master/experiments/imgds_linear_sparse/stage4_structural_small_models/hls/tiny_q16_d6_ff12/hls/imgds_linear_tiny_axi/solution1/.autopilot/db/imgds_linear_tiny.pp.0.cpp:12432:5: note: FIX-IT applied suggested code changes
/home/cym/prj2/finn/notebooks/icl_thesis-master/experiments/imgds_linear_sparse/stage4_structural_small_models/hls/tiny_q16_d6_ff12/hls/imgds_linear_tiny_axi/solution1/.autopilot/db/imgds_linear_tiny.pp.0.cpp:12450:5: warning: Added loop label VITIS_LOOP_45_1:   [xilinx-label-all-loops]
    for (int s = 0; s < 16; s++) {
    ^~~
    VITIS_LOOP_45_1: 
/home/cym/prj2/finn/notebooks/icl_thesis-master/experiments/imgds_linear_sparse/stage4_structural_small_models/hls/tiny_q16_d6_ff12/hls/imgds_linear_tiny_axi/solution1/.autopilot/db/imgds_linear_tiny.pp.0.cpp:12450:5: note: FIX-IT applied suggested code changes
/home/cym/prj2/finn/notebooks/icl_thesis-master/experiments/imgds_linear_sparse/stage4_structural_small_models/hls/tiny_q16_d6_ff12/hls/imgds_linear_tiny_axi/solution1/.autopilot/db/imgds_linear_tiny.pp.0.cpp:12451:9: warning: Added loop label VITIS_LOOP_46_2:   [xilinx-label-all-loops]
        for (int d = 0; d < 6; d++) {
        ^~~
        VITIS_LOOP_46_2: 
/home/cym/prj2/finn/notebooks/icl_thesis-master/experiments/imgds_linear_sparse/stage4_structural_small_models/hls/tiny_q16_d6_ff12/hls/imgds_linear_tiny_axi/solution1/.autopilot/db/imgds_linear_tiny.pp.0.cpp:12451:9: note: FIX-IT applied suggested code changes
/home/cym/prj2/finn/notebooks/icl_thesis-master/experiments/imgds_linear_sparse/stage4_structural_small_models/hls/tiny_q16_d6_ff12/hls/imgds_linear_tiny_axi/solution1/.autopilot/db/imgds_linear_tiny.pp.0.cpp:12453:13: warning: Added loop label VITIS_LOOP_48_3:   [xilinx-label-all-loops]
            for (int i = 0; i < 6; i++) {
            ^~~
            VITIS_LOOP_48_3: 
/home/cym/prj2/finn/notebooks/icl_thesis-master/experiments/imgds_linear_sparse/stage4_structural_small_models/hls/tiny_q16_d6_ff12/hls/imgds_linear_tiny_axi/solution1/.autopilot/db/imgds_linear_tiny.pp.0.cpp:12453:13: note: FIX-IT applied suggested code changes
/home/cym/prj2/finn/notebooks/icl_thesis-master/experiments/imgds_linear_sparse/stage4_structural_small_models/hls/tiny_q16_d6_ff12/hls/imgds_linear_tiny_axi/solution1/.autopilot/db/imgds_linear_tiny.pp.0.cpp:12468:5: warning: Added loop label VITIS_LOOP_63_4:   [xilinx-label-all-loops]
    for (int d1 = 0; d1 < 6; d1++) {
    ^~~
    VITIS_LOOP_63_4: 
/home/cym/prj2/finn/notebooks/icl_thesis-master/experiments/imgds_linear_sparse/stage4_structural_small_models/hls/tiny_q16_d6_ff12/hls/imgds_linear_tiny_axi/solution1/.autopilot/db/imgds_linear_tiny.pp.0.cpp:12468:5: note: FIX-IT applied suggested code changes
/home/cym/prj2/finn/notebooks/icl_thesis-master/experiments/imgds_linear_sparse/stage4_structural_small_models/hls/tiny_q16_d6_ff12/hls/imgds_linear_tiny_axi/solution1/.autopilot/db/imgds_linear_tiny.pp.0.cpp:12469:9: warning: Added loop label VITIS_LOOP_64_5:   [xilinx-label-all-loops]
        for (int d2 = 0; d2 < 6; d2++) {
        ^~~
        VITIS_LOOP_64_5: 
/home/cym/prj2/finn/notebooks/icl_thesis-master/experiments/imgds_linear_sparse/stage4_structural_small_models/hls/tiny_q16_d6_ff12/hls/imgds_linear_tiny_axi/solution1/.autopilot/db/imgds_linear_tiny.pp.0.cpp:12469:9: note: FIX-IT applied suggested code changes
/home/cym/prj2/finn/notebooks/icl_thesis-master/experiments/imgds_linear_sparse/stage4_structural_small_models/hls/tiny_q16_d6_ff12/hls/imgds_linear_tiny_axi/solution1/.autopilot/db/imgds_linear_tiny.pp.0.cpp:12471:13: warning: Added loop label VITIS_LOOP_66_6:   [xilinx-label-all-loops]
            for (int pos = 0; pos < 16; pos++) {
            ^~~
            VITIS_LOOP_66_6: 
/home/cym/prj2/finn/notebooks/icl_thesis-master/experiments/imgds_linear_sparse/stage4_structural_small_models/hls/tiny_q16_d6_ff12/hls/imgds_linear_tiny_axi/solution1/.autopilot/db/imgds_linear_tiny.pp.0.cpp:12471:13: note: FIX-IT applied suggested code changes
/home/cym/prj2/finn/notebooks/icl_thesis-master/experiments/imgds_linear_sparse/stage4_structural_small_models/hls/tiny_q16_d6_ff12/hls/imgds_linear_tiny_axi/solution1/.autopilot/db/imgds_linear_tiny.pp.0.cpp:12481:5: warning: Added loop label VITIS_LOOP_76_7:   [xilinx-label-all-loops]
    for (int d = 0; d < 6; d++) {
    ^~~
    VITIS_LOOP_76_7: 
/home/cym/prj2/finn/notebooks/icl_thesis-master/experiments/imgds_linear_sparse/stage4_structural_small_models/hls/tiny_q16_d6_ff12/hls/imgds_linear_tiny_axi/solution1/.autopilot/db/imgds_linear_tiny.pp.0.cpp:12481:5: note: FIX-IT applied suggested code changes
/home/cym/prj2/finn/notebooks/icl_thesis-master/experiments/imgds_linear_sparse/stage4_structural_small_models/hls/tiny_q16_d6_ff12/hls/imgds_linear_tiny_axi/solution1/.autopilot/db/imgds_linear_tiny.pp.0.cpp:12483:9: warning: Added loop label VITIS_LOOP_78_8:   [xilinx-label-all-loops]
        for (int pos = 0; pos < 16; pos++) {
        ^~~
        VITIS_LOOP_78_8: 
/home/cym/prj2/finn/notebooks/icl_thesis-master/experiments/imgds_linear_sparse/stage4_structural_small_models/hls/tiny_q16_d6_ff12/hls/imgds_linear_tiny_axi/solution1/.autopilot/db/imgds_linear_tiny.pp.0.cpp:12483:9: note: FIX-IT applied suggested code changes
/home/cym/prj2/finn/notebooks/icl_thesis-master/experiments/imgds_linear_sparse/stage4_structural_small_models/hls/tiny_q16_d6_ff12/hls/imgds_linear_tiny_axi/solution1/.autopilot/db/imgds_linear_tiny.pp.0.cpp:12491:5: warning: Added loop label VITIS_LOOP_86_9:   [xilinx-label-all-loops]
    for (int pos = 0; pos < 16; pos++) {
    ^~~
    VITIS_LOOP_86_9: 
/home/cym/prj2/finn/notebooks/icl_thesis-master/experiments/imgds_linear_sparse/stage4_structural_small_models/hls/tiny_q16_d6_ff12/hls/imgds_linear_tiny_axi/solution1/.autopilot/db/imgds_linear_tiny.pp.0.cpp:12491:5: note: FIX-IT applied suggested code changes
/home/cym/prj2/finn/notebooks/icl_thesis-master/experiments/imgds_linear_sparse/stage4_structural_small_models/hls/tiny_q16_d6_ff12/hls/imgds_linear_tiny_axi/solution1/.autopilot/db/imgds_linear_tiny.pp.0.cpp:12493:9: warning: Added loop label VITIS_LOOP_88_10:   [xilinx-label-all-loops]
        for (int d = 0; d < 6; d++) {
        ^~~
        VITIS_LOOP_88_10: 
/home/cym/prj2/finn/notebooks/icl_thesis-master/experiments/imgds_linear_sparse/stage4_structural_small_models/hls/tiny_q16_d6_ff12/hls/imgds_linear_tiny_axi/solution1/.autopilot/db/imgds_linear_tiny.pp.0.cpp:12493:9: note: FIX-IT applied suggested code changes
/home/cym/prj2/finn/notebooks/icl_thesis-master/experiments/imgds_linear_sparse/stage4_structural_small_models/hls/tiny_q16_d6_ff12/hls/imgds_linear_tiny_axi/solution1/.autopilot/db/imgds_linear_tiny.pp.0.cpp:12501:9: warning: Added loop label VITIS_LOOP_96_11:   [xilinx-label-all-loops]
        for (int d2 = 0; d2 < 6; d2++) {
        ^~~
        VITIS_LOOP_96_11: 
/home/cym/prj2/finn/notebooks/icl_thesis-master/experiments/imgds_linear_sparse/stage4_structural_small_models/hls/tiny_q16_d6_ff12/hls/imgds_linear_tiny_axi/solution1/.autopilot/db/imgds_linear_tiny.pp.0.cpp:12501:9: note: FIX-IT applied suggested code changes
/home/cym/prj2/finn/notebooks/icl_thesis-master/experiments/imgds_linear_sparse/stage4_structural_small_models/hls/tiny_q16_d6_ff12/hls/imgds_linear_tiny_axi/solution1/.autopilot/db/imgds_linear_tiny.pp.0.cpp:12503:13: warning: Added loop label VITIS_LOOP_98_12:   [xilinx-label-all-loops]
            for (int d1 = 0; d1 < 6; d1++) {
            ^~~
            VITIS_LOOP_98_12: 
/home/cym/prj2/finn/notebooks/icl_thesis-master/experiments/imgds_linear_sparse/stage4_structural_small_models/hls/tiny_q16_d6_ff12/hls/imgds_linear_tiny_axi/solution1/.autopilot/db/imgds_linear_tiny.pp.0.cpp:12503:13: note: FIX-IT applied suggested code changes
/home/cym/prj2/finn/notebooks/icl_thesis-master/experiments/imgds_linear_sparse/stage4_structural_small_models/hls/tiny_q16_d6_ff12/hls/imgds_linear_tiny_axi/solution1/.autopilot/db/imgds_linear_tiny.pp.0.cpp:12510:9: warning: Added loop label VITIS_LOOP_105_13:   [xilinx-label-all-loops]
        for (int d = 0; d < 6; d++) {
        ^~~
        VITIS_LOOP_105_13: 
/home/cym/prj2/finn/notebooks/icl_thesis-master/experiments/imgds_linear_sparse/stage4_structural_small_models/hls/tiny_q16_d6_ff12/hls/imgds_linear_tiny_axi/solution1/.autopilot/db/imgds_linear_tiny.pp.0.cpp:12510:9: note: FIX-IT applied suggested code changes
/home/cym/prj2/finn/notebooks/icl_thesis-master/experiments/imgds_linear_sparse/stage4_structural_small_models/hls/tiny_q16_d6_ff12/hls/imgds_linear_tiny_axi/solution1/.autopilot/db/imgds_linear_tiny.pp.0.cpp:12512:13: warning: Added loop label VITIS_LOOP_107_14:   [xilinx-label-all-loops]
            for (int i = 0; i < 6; i++) {
            ^~~
            VITIS_LOOP_107_14: 
/home/cym/prj2/finn/notebooks/icl_thesis-master/experiments/imgds_linear_sparse/stage4_structural_small_models/hls/tiny_q16_d6_ff12/hls/imgds_linear_tiny_axi/solution1/.autopilot/db/imgds_linear_tiny.pp.0.cpp:12512:13: note: FIX-IT applied suggested code changes
/home/cym/prj2/finn/notebooks/icl_thesis-master/experiments/imgds_linear_sparse/stage4_structural_small_models/hls/tiny_q16_d6_ff12/hls/imgds_linear_tiny_axi/solution1/.autopilot/db/imgds_linear_tiny.pp.0.cpp:12529:2: warning: Added loop label VITIS_LOOP_124_1:   [xilinx-label-all-loops]
 for (int pos = 0; pos < 16; pos++) {
 ^~~
 VITIS_LOOP_124_1: 
/home/cym/prj2/finn/notebooks/icl_thesis-master/experiments/imgds_linear_sparse/stage4_structural_small_models/hls/tiny_q16_d6_ff12/hls/imgds_linear_tiny_axi/solution1/.autopilot/db/imgds_linear_tiny.pp.0.cpp:12529:2: note: FIX-IT applied suggested code changes
/home/cym/prj2/finn/notebooks/icl_thesis-master/experiments/imgds_linear_sparse/stage4_structural_small_models/hls/tiny_q16_d6_ff12/hls/imgds_linear_tiny_axi/solution1/.autopilot/db/imgds_linear_tiny.pp.0.cpp:12531:9: warning: Added loop label VITIS_LOOP_126_2:   [xilinx-label-all-loops]
        for (int d = 0; d < 12; d++) {
        ^~~
        VITIS_LOOP_126_2: 
/home/cym/prj2/finn/notebooks/icl_thesis-master/experiments/imgds_linear_sparse/stage4_structural_small_models/hls/tiny_q16_d6_ff12/hls/imgds_linear_tiny_axi/solution1/.autopilot/db/imgds_linear_tiny.pp.0.cpp:12531:9: note: FIX-IT applied suggested code changes
/home/cym/prj2/finn/notebooks/icl_thesis-master/experiments/imgds_linear_sparse/stage4_structural_small_models/hls/tiny_q16_d6_ff12/hls/imgds_linear_tiny_axi/solution1/.autopilot/db/imgds_linear_tiny.pp.0.cpp:12533:13: warning: Added loop label VITIS_LOOP_128_3:   [xilinx-label-all-loops]
            for (int i = 0; i < 6; i++) {
            ^~~
            VITIS_LOOP_128_3: 
/home/cym/prj2/finn/notebooks/icl_thesis-master/experiments/imgds_linear_sparse/stage4_structural_small_models/hls/tiny_q16_d6_ff12/hls/imgds_linear_tiny_axi/solution1/.autopilot/db/imgds_linear_tiny.pp.0.cpp:12533:13: note: FIX-IT applied suggested code changes
/home/cym/prj2/finn/notebooks/icl_thesis-master/experiments/imgds_linear_sparse/stage4_structural_small_models/hls/tiny_q16_d6_ff12/hls/imgds_linear_tiny_axi/solution1/.autopilot/db/imgds_linear_tiny.pp.0.cpp:12542:9: warning: Added loop label VITIS_LOOP_137_4:   [xilinx-label-all-loops]
        for (int d = 0; d < 6; d++) {
        ^~~
        VITIS_LOOP_137_4: 
/home/cym/prj2/finn/notebooks/icl_thesis-master/experiments/imgds_linear_sparse/stage4_structural_small_models/hls/tiny_q16_d6_ff12/hls/imgds_linear_tiny_axi/solution1/.autopilot/db/imgds_linear_tiny.pp.0.cpp:12542:9: note: FIX-IT applied suggested code changes
/home/cym/prj2/finn/notebooks/icl_thesis-master/experiments/imgds_linear_sparse/stage4_structural_small_models/hls/tiny_q16_d6_ff12/hls/imgds_linear_tiny_axi/solution1/.autopilot/db/imgds_linear_tiny.pp.0.cpp:12544:13: warning: Added loop label VITIS_LOOP_139_5:   [xilinx-label-all-loops]
            for (int i = 0; i < 12; i++) {
            ^~~
            VITIS_LOOP_139_5: 
/home/cym/prj2/finn/notebooks/icl_thesis-master/experiments/imgds_linear_sparse/stage4_structural_small_models/hls/tiny_q16_d6_ff12/hls/imgds_linear_tiny_axi/solution1/.autopilot/db/imgds_linear_tiny.pp.0.cpp:12544:13: note: FIX-IT applied suggested code changes
/home/cym/prj2/finn/notebooks/icl_thesis-master/experiments/imgds_linear_sparse/stage4_structural_small_models/hls/tiny_q16_d6_ff12/hls/imgds_linear_tiny_axi/solution1/.autopilot/db/imgds_linear_tiny.pp.0.cpp:12551:9: warning: Added loop label VITIS_LOOP_146_6:   [xilinx-label-all-loops]
        for (int d = 0; d < 6; d++) x[pos][d] = x[pos][d] + ff_out[d];
        ^~~
        VITIS_LOOP_146_6: 
/home/cym/prj2/finn/notebooks/icl_thesis-master/experiments/imgds_linear_sparse/stage4_structural_small_models/hls/tiny_q16_d6_ff12/hls/imgds_linear_tiny_axi/solution1/.autopilot/db/imgds_linear_tiny.pp.0.cpp:12551:9: note: FIX-IT applied suggested code changes
/home/cym/prj2/finn/notebooks/icl_thesis-master/experiments/imgds_linear_sparse/stage4_structural_small_models/hls/tiny_q16_d6_ff12/hls/imgds_linear_tiny_axi/solution1/.autopilot/db/imgds_linear_tiny.pp.0.cpp:12569:5: warning: Added loop label VITIS_LOOP_160_1:   [xilinx-label-all-loops]
    for (int s = 0; s < 16; s++) {
    ^~~
    VITIS_LOOP_160_1: 
/home/cym/prj2/finn/notebooks/icl_thesis-master/experiments/imgds_linear_sparse/stage4_structural_small_models/hls/tiny_q16_d6_ff12/hls/imgds_linear_tiny_axi/solution1/.autopilot/db/imgds_linear_tiny.pp.0.cpp:12569:5: note: FIX-IT applied suggested code changes
/home/cym/prj2/finn/notebooks/icl_thesis-master/experiments/imgds_linear_sparse/stage4_structural_small_models/hls/tiny_q16_d6_ff12/hls/imgds_linear_tiny_axi/solution1/.autopilot/db/imgds_linear_tiny.pp.0.cpp:12570:9: warning: Added loop label VITIS_LOOP_161_2:   [xilinx-label-all-loops]
        for (int d = 0; d < 6; d++) {
        ^~~
        VITIS_LOOP_161_2: 
/home/cym/prj2/finn/notebooks/icl_thesis-master/experiments/imgds_linear_sparse/stage4_structural_small_models/hls/tiny_q16_d6_ff12/hls/imgds_linear_tiny_axi/solution1/.autopilot/db/imgds_linear_tiny.pp.0.cpp:12570:9: note: FIX-IT applied suggested code changes
/home/cym/prj2/finn/notebooks/icl_thesis-master/experiments/imgds_linear_sparse/stage4_structural_small_models/hls/tiny_q16_d6_ff12/hls/imgds_linear_tiny_axi/solution1/.autopilot/db/imgds_linear_tiny.pp.0.cpp:12572:13: warning: Added loop label VITIS_LOOP_163_3:   [xilinx-label-all-loops]
            for (int i = 0; i < 64; i++) {
            ^~~
            VITIS_LOOP_163_3: 
/home/cym/prj2/finn/notebooks/icl_thesis-master/experiments/imgds_linear_sparse/stage4_structural_small_models/hls/tiny_q16_d6_ff12/hls/imgds_linear_tiny_axi/solution1/.autopilot/db/imgds_linear_tiny.pp.0.cpp:12572:13: note: FIX-IT applied suggested code changes
/home/cym/prj2/finn/notebooks/icl_thesis-master/experiments/imgds_linear_sparse/stage4_structural_small_models/hls/tiny_q16_d6_ff12/hls/imgds_linear_tiny_axi/solution1/.autopilot/db/imgds_linear_tiny.pp.0.cpp:12585:5: warning: Added loop label VITIS_LOOP_176_4:   [xilinx-label-all-loops]
    for (int s = 0; s < 16; s++) layer_norm_tiny(x[s], layers_0_norm1_weight, layers_0_norm1_bias);
    ^~~
    VITIS_LOOP_176_4: 
/home/cym/prj2/finn/notebooks/icl_thesis-master/experiments/imgds_linear_sparse/stage4_structural_small_models/hls/tiny_q16_d6_ff12/hls/imgds_linear_tiny_axi/solution1/.autopilot/db/imgds_linear_tiny.pp.0.cpp:12585:5: note: FIX-IT applied suggested code changes
/home/cym/prj2/finn/notebooks/icl_thesis-master/experiments/imgds_linear_sparse/stage4_structural_small_models/hls/tiny_q16_d6_ff12/hls/imgds_linear_tiny_axi/solution1/.autopilot/db/imgds_linear_tiny.pp.0.cpp:12588:5: warning: Added loop label VITIS_LOOP_179_5:   [xilinx-label-all-loops]
    for (int s = 0; s < 16; s++) layer_norm_tiny(x[s], layers_0_norm2_weight, layers_0_norm2_bias);
    ^~~
    VITIS_LOOP_179_5: 
/home/cym/prj2/finn/notebooks/icl_thesis-master/experiments/imgds_linear_sparse/stage4_structural_small_models/hls/tiny_q16_d6_ff12/hls/imgds_linear_tiny_axi/solution1/.autopilot/db/imgds_linear_tiny.pp.0.cpp:12588:5: note: FIX-IT applied suggested code changes
/home/cym/prj2/finn/notebooks/icl_thesis-master/experiments/imgds_linear_sparse/stage4_structural_small_models/hls/tiny_q16_d6_ff12/hls/imgds_linear_tiny_axi/solution1/.autopilot/db/imgds_linear_tiny.pp.0.cpp:12592:5: warning: Added loop label VITIS_LOOP_183_6:   [xilinx-label-all-loops]
    for (int d = 0; d < 6; d++) {
    ^~~
    VITIS_LOOP_183_6: 
/home/cym/prj2/finn/notebooks/icl_thesis-master/experiments/imgds_linear_sparse/stage4_structural_small_models/hls/tiny_q16_d6_ff12/hls/imgds_linear_tiny_axi/solution1/.autopilot/db/imgds_linear_tiny.pp.0.cpp:12592:5: note: FIX-IT applied suggested code changes
/home/cym/prj2/finn/notebooks/icl_thesis-master/experiments/imgds_linear_sparse/stage4_structural_small_models/hls/tiny_q16_d6_ff12/hls/imgds_linear_tiny_axi/solution1/.autopilot/db/imgds_linear_tiny.pp.0.cpp:12594:9: warning: Added loop label VITIS_LOOP_185_7:   [xilinx-label-all-loops]
        for (int pos = 0; pos < 16; pos++) {
        ^~~
        VITIS_LOOP_185_7: 
/home/cym/prj2/finn/notebooks/icl_thesis-master/experiments/imgds_linear_sparse/stage4_structural_small_models/hls/tiny_q16_d6_ff12/hls/imgds_linear_tiny_axi/solution1/.autopilot/db/imgds_linear_tiny.pp.0.cpp:12594:9: note: FIX-IT applied suggested code changes
/home/cym/prj2/finn/notebooks/icl_thesis-master/experiments/imgds_linear_sparse/stage4_structural_small_models/hls/tiny_q16_d6_ff12/hls/imgds_linear_tiny_axi/solution1/.autopilot/db/imgds_linear_tiny.pp.0.cpp:12603:5: warning: Added loop label VITIS_LOOP_194_8:   [xilinx-label-all-loops]
    for (int c = 0; c < 2; c++) {
    ^~~
    VITIS_LOOP_194_8: 
/home/cym/prj2/finn/notebooks/icl_thesis-master/experiments/imgds_linear_sparse/stage4_structural_small_models/hls/tiny_q16_d6_ff12/hls/imgds_linear_tiny_axi/solution1/.autopilot/db/imgds_linear_tiny.pp.0.cpp:12603:5: note: FIX-IT applied suggested code changes
/home/cym/prj2/finn/notebooks/icl_thesis-master/experiments/imgds_linear_sparse/stage4_structural_small_models/hls/tiny_q16_d6_ff12/hls/imgds_linear_tiny_axi/solution1/.autopilot/db/imgds_linear_tiny.pp.0.cpp:12606:9: warning: Added loop label VITIS_LOOP_197_9:   [xilinx-label-all-loops]
        for (int d = 0; d < 6; d++) {
        ^~~
        VITIS_LOOP_197_9: 
/home/cym/prj2/finn/notebooks/icl_thesis-master/experiments/imgds_linear_sparse/stage4_structural_small_models/hls/tiny_q16_d6_ff12/hls/imgds_linear_tiny_axi/solution1/.autopilot/db/imgds_linear_tiny.pp.0.cpp:12606:9: note: FIX-IT applied suggested code changes
