

================================================================
== Vitis HLS Report for 'linear_attention_tiny_Pipeline_VITIS_LOOP_96_11_VITIS_LOOP_98_12'
================================================================
* Date:           Wed Jul  1 22:11:03 2026

* Version:        2022.2 (Build 3670227 on Oct 13 2022)
* Project:        imgds_linear_tiny_axi
* Solution:       solution1 (Vivado IP Flow Target)
* Product family: zynq
* Target device:  xc7z020-clg400-1


================================================================
== Performance Estimates
================================================================
+ Timing: 
    * Summary: 
    +--------+----------+----------+------------+
    |  Clock |  Target  | Estimated| Uncertainty|
    +--------+----------+----------+------------+
    |ap_clk  |  10.00 ns|  5.814 ns|     2.70 ns|
    +--------+----------+----------+------------+

+ Latency: 
    * Summary: 
    +---------+---------+----------+----------+-----+-----+---------+
    |  Latency (cycles) |  Latency (absolute) |  Interval | Pipeline|
    |   min   |   max   |    min   |    max   | min | max |   Type  |
    +---------+---------+----------+----------+-----+-----+---------+
    |       45|       45|  0.450 us|  0.450 us|   45|   45|       no|
    +---------+---------+----------+----------+-----+-----+---------+

    + Detail: 
        * Instance: 
        N/A

        * Loop: 
        +-------------------------------------+---------+---------+----------+-----------+-----------+------+----------+
        |                                     |  Latency (cycles) | Iteration|  Initiation Interval  | Trip |          |
        |              Loop Name              |   min   |   max   |  Latency |  achieved |   target  | Count| Pipelined|
        +-------------------------------------+---------+---------+----------+-----------+-----------+------+----------+
        |- VITIS_LOOP_96_11_VITIS_LOOP_98_12  |       43|       43|         9|          1|          1|    36|       yes|
        +-------------------------------------+---------+---------+----------+-----------+-----------+------+----------+



================================================================
== Utilization Estimates
================================================================
* Summary: 
+-----------------+---------+-----+--------+-------+-----+
|       Name      | BRAM_18K| DSP |   FF   |  LUT  | URAM|
+-----------------+---------+-----+--------+-------+-----+
|DSP              |        -|    2|       -|      -|    -|
|Expression       |        -|    -|       0|    122|    -|
|FIFO             |        -|    -|       -|      -|    -|
|Instance         |        -|    -|       -|      -|    -|
|Memory           |        -|    -|       -|      -|    -|
|Multiplexer      |        -|    -|       -|     90|    -|
|Register         |        -|    -|     283|     96|    -|
+-----------------+---------+-----+--------+-------+-----+
|Total            |        0|    2|     283|    308|    0|
+-----------------+---------+-----+--------+-------+-----+
|Available        |      280|  220|  106400|  53200|    0|
+-----------------+---------+-----+--------+-------+-----+
|Utilization (%)  |        0|   ~0|      ~0|     ~0|    0|
+-----------------+---------+-----+--------+-------+-----+

+ Detail: 
    * Instance: 
    N/A

    * DSP: 
    +------------------------------------+--------------------------------+--------------+
    |              Instance              |             Module             |  Expression  |
    +------------------------------------+--------------------------------+--------------+
    |mac_muladd_16s_16s_30ns_30_4_1_U38  |mac_muladd_16s_16s_30ns_30_4_1  |  i0 + i1 * i2|
    |mul_mul_24s_16s_30_4_1_U39          |mul_mul_24s_16s_30_4_1          |       i0 * i1|
    +------------------------------------+--------------------------------+--------------+

    * Memory: 
    N/A

    * FIFO: 
    N/A

    * Expression: 
    +-------------------------+----------+----+---+----+------------+------------+
    |      Variable Name      | Operation| DSP| FF| LUT| Bitwidth P0| Bitwidth P1|
    +-------------------------+----------+----+---+----+------------+------------+
    |add_ln1271_fu_239_p2     |         +|   0|  0|  14|           7|           7|
    |add_ln1273_fu_273_p2     |         +|   0|  0|   7|           6|           6|
    |add_ln96_1_fu_166_p2     |         +|   0|  0|  14|           6|           1|
    |add_ln96_fu_178_p2       |         +|   0|  0|  11|           3|           1|
    |add_ln98_fu_206_p2       |         +|   0|  0|  11|           3|           1|
    |sub_ln1273_fu_267_p2     |         -|   0|  0|   7|           6|           6|
    |icmp_ln96_fu_160_p2      |      icmp|   0|  0|  10|           6|           6|
    |icmp_ln98_1_fu_212_p2    |      icmp|   0|  0|   8|           3|           3|
    |icmp_ln98_fu_184_p2      |      icmp|   0|  0|   8|           3|           3|
    |select_ln96_1_fu_198_p3  |    select|   0|  0|   3|           1|           3|
    |select_ln96_2_fu_295_p3  |    select|   0|  0|  24|           1|           1|
    |select_ln96_fu_190_p3    |    select|   0|  0|   3|           1|           1|
    |ap_enable_pp0            |       xor|   0|  0|   2|           1|           2|
    +-------------------------+----------+----+---+----+------------+------------+
    |Total                    |          |   0|  0| 122|          47|          41|
    +-------------------------+----------+----+---+----+------------+------------+

    * Multiplexer: 
    +----------------------------------------+----+-----------+-----+-----------+
    |                  Name                  | LUT| Input Size| Bits| Total Bits|
    +----------------------------------------+----+-----------+-----+-----------+
    |ap_done_int                             |   9|          2|    1|          2|
    |ap_enable_reg_pp0_iter1                 |   9|          2|    1|          2|
    |ap_sig_allocacmp_d1_load                |   9|          2|    3|          6|
    |ap_sig_allocacmp_d2_load                |   9|          2|    3|          6|
    |ap_sig_allocacmp_indvar_flatten33_load  |   9|          2|    6|         12|
    |ap_sig_allocacmp_r_V_load               |   9|          2|   24|         48|
    |d1_fu_70                                |   9|          2|    3|          6|
    |d2_fu_74                                |   9|          2|    3|          6|
    |indvar_flatten33_fu_78                  |   9|          2|    6|         12|
    |r_V_fu_66                               |   9|          2|   24|         48|
    +----------------------------------------+----+-----------+-----+-----------+
    |Total                                   |  90|         20|   74|        148|
    +----------------------------------------+----+-----------+-----+-----------+

    * Register: 
    +----------------------------------+----+----+-----+-----------+
    |               Name               | FF | LUT| Bits| Const Bits|
    +----------------------------------+----+----+-----+-----------+
    |ap_CS_fsm                         |   1|   0|    1|          0|
    |ap_done_reg                       |   1|   0|    1|          0|
    |ap_enable_reg_pp0_iter1           |   1|   0|    1|          0|
    |ap_enable_reg_pp0_iter2           |   1|   0|    1|          0|
    |ap_enable_reg_pp0_iter3           |   1|   0|    1|          0|
    |ap_enable_reg_pp0_iter4           |   1|   0|    1|          0|
    |ap_enable_reg_pp0_iter5           |   1|   0|    1|          0|
    |ap_enable_reg_pp0_iter6           |   1|   0|    1|          0|
    |ap_enable_reg_pp0_iter7           |   1|   0|    1|          0|
    |ap_enable_reg_pp0_iter8           |   1|   0|    1|          0|
    |ap_loop_exit_ready_pp0_iter1_reg  |   1|   0|    1|          0|
    |ap_loop_exit_ready_pp0_iter2_reg  |   1|   0|    1|          0|
    |ap_loop_exit_ready_pp0_iter3_reg  |   1|   0|    1|          0|
    |ap_loop_exit_ready_pp0_iter4_reg  |   1|   0|    1|          0|
    |ap_loop_exit_ready_pp0_iter5_reg  |   1|   0|    1|          0|
    |ap_loop_exit_ready_pp0_iter6_reg  |   1|   0|    1|          0|
    |ap_loop_exit_ready_pp0_iter7_reg  |   1|   0|    1|          0|
    |d1_fu_70                          |   3|   0|    3|          0|
    |d2_fu_74                          |   3|   0|    3|          0|
    |icmp_ln98_1_reg_417               |   1|   0|    1|          0|
    |icmp_ln98_reg_399                 |   1|   0|    1|          0|
    |indvar_flatten33_fu_78            |   6|   0|    6|          0|
    |r_V_fu_66                         |  24|   0|   24|          0|
    |select_ln96_1_reg_411             |   3|   0|    3|          0|
    |select_ln96_reg_404               |   3|   0|    3|          0|
    |sext_ln1270_2_cast_reg_390        |  30|   0|   30|          0|
    |icmp_ln98_1_reg_417               |  64|  32|    1|          0|
    |icmp_ln98_reg_399                 |  64|  32|    1|          0|
    |select_ln96_1_reg_411             |  64|  32|    3|          0|
    +----------------------------------+----+----+-----+-----------+
    |Total                             | 283|  96|   96|          0|
    +----------------------------------+----+----+-----+-----------+



================================================================
== Interface
================================================================
* Summary: 
+---------------------+-----+-----+------------+------------------------------------------------------------------+--------------+
|      RTL Ports      | Dir | Bits|  Protocol  |                           Source Object                          |    C Type    |
+---------------------+-----+-----+------------+------------------------------------------------------------------+--------------+
|ap_clk               |   in|    1|  ap_ctrl_hs|  linear_attention_tiny_Pipeline_VITIS_LOOP_96_11_VITIS_LOOP_98_12|  return value|
|ap_rst               |   in|    1|  ap_ctrl_hs|  linear_attention_tiny_Pipeline_VITIS_LOOP_96_11_VITIS_LOOP_98_12|  return value|
|ap_start             |   in|    1|  ap_ctrl_hs|  linear_attention_tiny_Pipeline_VITIS_LOOP_96_11_VITIS_LOOP_98_12|  return value|
|ap_done              |  out|    1|  ap_ctrl_hs|  linear_attention_tiny_Pipeline_VITIS_LOOP_96_11_VITIS_LOOP_98_12|  return value|
|ap_idle              |  out|    1|  ap_ctrl_hs|  linear_attention_tiny_Pipeline_VITIS_LOOP_96_11_VITIS_LOOP_98_12|  return value|
|ap_ready             |  out|    1|  ap_ctrl_hs|  linear_attention_tiny_Pipeline_VITIS_LOOP_96_11_VITIS_LOOP_98_12|  return value|
|sub_ln813            |   in|    7|     ap_none|                                                         sub_ln813|        scalar|
|Q_V_address0         |  out|    7|   ap_memory|                                                               Q_V|         array|
|Q_V_ce0              |  out|    1|   ap_memory|                                                               Q_V|         array|
|Q_V_q0               |   in|   16|   ap_memory|                                                               Q_V|         array|
|KV_V_address0        |  out|    6|   ap_memory|                                                              KV_V|         array|
|KV_V_ce0             |  out|    1|   ap_memory|                                                              KV_V|         array|
|KV_V_q0              |   in|   16|   ap_memory|                                                              KV_V|         array|
|sext_ln1270_2        |   in|   16|     ap_none|                                                     sext_ln1270_2|        scalar|
|attended_V_address0  |  out|    3|   ap_memory|                                                        attended_V|         array|
|attended_V_ce0       |  out|    1|   ap_memory|                                                        attended_V|         array|
|attended_V_we0       |  out|    1|   ap_memory|                                                        attended_V|         array|
|attended_V_d0        |  out|   16|   ap_memory|                                                        attended_V|         array|
+---------------------+-----+-----+------------+------------------------------------------------------------------+--------------+

============================================================
+ Verbose Summary: Synthesis Manager
============================================================
InlineROM: 1
ExposeGlobal: 0
============================================================
+ Verbose Summary: CDFG Model
============================================================
IsTopModel: 0
ResetActiveHigh: 1
IsCombinational: 2
IsDatapathOnly: 2
HasWiredReturn: 1
HasMFsm: 2
HasVarLatency: 1
IsPipeline: 0
IsRtlPipelined: 0
IsInstanceOverlapped: 0
IsDontTouch: 0
HasImplIP: 0
IsGatedGlobalClock: 0

+ Individual pipeline summary: 
  * Pipeline-0: initiation interval (II) = 1, depth = 9


============================================================
+ Verbose Summary: Schedule
============================================================
* Number of FSM states : 9
* Pipeline : 1
  Pipeline-0 : II = 1, D = 9, States = { 1 2 3 4 5 6 7 8 9 }
* Dataflow Pipeline: 0

* FSM state transitions: 
1 --> 2 
2 --> 3 
3 --> 4 
4 --> 5 
5 --> 6 
6 --> 7 
7 --> 8 
8 --> 9 
9 --> 

* FSM state operations: 

State 1 <SV = 0> <Delay = 5.34>
ST_1 : Operation 12 [1/1] (0.00ns)   --->   "%r_V = alloca i32 1"   --->   Operation 12 'alloca' 'r_V' <Predicate = true> <Delay = 0.00>
ST_1 : Operation 13 [1/1] (0.00ns)   --->   "%d1 = alloca i32 1"   --->   Operation 13 'alloca' 'd1' <Predicate = true> <Delay = 0.00>
ST_1 : Operation 14 [1/1] (0.00ns)   --->   "%d2 = alloca i32 1"   --->   Operation 14 'alloca' 'd2' <Predicate = true> <Delay = 0.00>
ST_1 : Operation 15 [1/1] (0.00ns)   --->   "%indvar_flatten33 = alloca i32 1"   --->   Operation 15 'alloca' 'indvar_flatten33' <Predicate = true> <Delay = 0.00>
ST_1 : Operation 16 [1/1] (0.00ns)   --->   "%sext_ln1270_2_read = read i16 @_ssdm_op_Read.ap_auto.i16, i16 %sext_ln1270_2"   --->   Operation 16 'read' 'sext_ln1270_2_read' <Predicate = true> <Delay = 0.00>
ST_1 : Operation 17 [1/1] (0.00ns)   --->   "%sub_ln813_read = read i7 @_ssdm_op_Read.ap_auto.i7, i7 %sub_ln813"   --->   Operation 17 'read' 'sub_ln813_read' <Predicate = true> <Delay = 0.00>
ST_1 : Operation 18 [1/1] (0.00ns)   --->   "%sext_ln1270_2_cast = sext i16 %sext_ln1270_2_read"   --->   Operation 18 'sext' 'sext_ln1270_2_cast' <Predicate = true> <Delay = 0.00>
ST_1 : Operation 19 [1/1] (1.58ns)   --->   "%store_ln0 = store i6 0, i6 %indvar_flatten33"   --->   Operation 19 'store' 'store_ln0' <Predicate = true> <Delay = 1.58>
ST_1 : Operation 20 [1/1] (1.58ns)   --->   "%store_ln0 = store i3 0, i3 %d2"   --->   Operation 20 'store' 'store_ln0' <Predicate = true> <Delay = 1.58>
ST_1 : Operation 21 [1/1] (1.58ns)   --->   "%store_ln0 = store i3 0, i3 %d1"   --->   Operation 21 'store' 'store_ln0' <Predicate = true> <Delay = 1.58>
ST_1 : Operation 22 [1/1] (1.58ns)   --->   "%store_ln0 = store i24 0, i24 %r_V"   --->   Operation 22 'store' 'store_ln0' <Predicate = true> <Delay = 1.58>
ST_1 : Operation 23 [1/1] (0.00ns)   --->   "%br_ln0 = br void %for.body201"   --->   Operation 23 'br' 'br_ln0' <Predicate = true> <Delay = 0.00>
ST_1 : Operation 24 [1/1] (0.00ns)   --->   "%indvar_flatten33_load = load i6 %indvar_flatten33" [src/imgds_linear_tiny.cpp:96]   --->   Operation 24 'load' 'indvar_flatten33_load' <Predicate = true> <Delay = 0.00>
ST_1 : Operation 25 [1/1] (1.42ns)   --->   "%icmp_ln96 = icmp_eq  i6 %indvar_flatten33_load, i6 36" [src/imgds_linear_tiny.cpp:96]   --->   Operation 25 'icmp' 'icmp_ln96' <Predicate = true> <Delay = 1.42> <CoreInst = "Cmp">   --->   Core 9 'Cmp' <Latency = 0> <II = 1> <Delay = 1.42> <FuncUnit> <Opcode : 'icmp'> <InPorts = 2> <OutPorts = 1>
ST_1 : Operation 26 [1/1] (1.82ns)   --->   "%add_ln96_1 = add i6 %indvar_flatten33_load, i6 1" [src/imgds_linear_tiny.cpp:96]   --->   Operation 26 'add' 'add_ln96_1' <Predicate = true> <Delay = 1.82> <CoreInst = "Adder">   --->   Core 1 'Adder' <Latency = 0> <II = 1> <Delay = 1.82> <FuncUnit> <Opcode : 'add' 'sub'> <InPorts = 2> <OutPorts = 1>
ST_1 : Operation 27 [1/1] (0.00ns)   --->   "%br_ln96 = br i1 %icmp_ln96, void %_ZNK13ap_fixed_baseILi24ELi10ELb1EL9ap_q_mode5EL9ap_o_mode3ELi0EEmlILi16ELi6ELb1ELS0_5ELS1_3ELi0EEENS2_5RTypeIXT_EXT0_EXT1_EE4multERKS_IXT_EXT0_EXT1_EXT2_EXT3_EXT4_EE.exit, void %for.body226.preheader.exitStub" [src/imgds_linear_tiny.cpp:96]   --->   Operation 27 'br' 'br_ln96' <Predicate = true> <Delay = 0.00>
ST_1 : Operation 28 [1/1] (0.00ns)   --->   "%d1_load = load i3 %d1" [src/imgds_linear_tiny.cpp:98]   --->   Operation 28 'load' 'd1_load' <Predicate = (!icmp_ln96)> <Delay = 0.00>
ST_1 : Operation 29 [1/1] (0.00ns)   --->   "%d2_load = load i3 %d2" [src/imgds_linear_tiny.cpp:96]   --->   Operation 29 'load' 'd2_load' <Predicate = (!icmp_ln96)> <Delay = 0.00>
ST_1 : Operation 30 [1/1] (1.65ns)   --->   "%add_ln96 = add i3 %d2_load, i3 1" [src/imgds_linear_tiny.cpp:96]   --->   Operation 30 'add' 'add_ln96' <Predicate = (!icmp_ln96)> <Delay = 1.65> <CoreInst = "Adder">   --->   Core 1 'Adder' <Latency = 0> <II = 1> <Delay = 1.65> <FuncUnit> <Opcode : 'add' 'sub'> <InPorts = 2> <OutPorts = 1>
ST_1 : Operation 31 [1/1] (1.13ns)   --->   "%icmp_ln98 = icmp_eq  i3 %d1_load, i3 6" [src/imgds_linear_tiny.cpp:98]   --->   Operation 31 'icmp' 'icmp_ln98' <Predicate = (!icmp_ln96)> <Delay = 1.13> <CoreInst = "Cmp">   --->   Core 9 'Cmp' <Latency = 0> <II = 1> <Delay = 1.13> <FuncUnit> <Opcode : 'icmp'> <InPorts = 2> <OutPorts = 1>
ST_1 : Operation 32 [1/1] (0.98ns)   --->   "%select_ln96 = select i1 %icmp_ln98, i3 0, i3 %d1_load" [src/imgds_linear_tiny.cpp:96]   --->   Operation 32 'select' 'select_ln96' <Predicate = (!icmp_ln96)> <Delay = 0.98> <CoreInst = "Sel">   --->   Core 73 'Sel' <Latency = 0> <II = 1> <Delay = 0.98> <FuncUnit> <Opcode : 'select'> <InPorts = 3> <OutPorts = 1>
ST_1 : Operation 33 [1/1] (0.98ns)   --->   "%select_ln96_1 = select i1 %icmp_ln98, i3 %add_ln96, i3 %d2_load" [src/imgds_linear_tiny.cpp:96]   --->   Operation 33 'select' 'select_ln96_1' <Predicate = (!icmp_ln96)> <Delay = 0.98> <CoreInst = "Sel">   --->   Core 73 'Sel' <Latency = 0> <II = 1> <Delay = 0.98> <FuncUnit> <Opcode : 'select'> <InPorts = 3> <OutPorts = 1>
ST_1 : Operation 34 [1/1] (1.65ns)   --->   "%add_ln98 = add i3 %select_ln96, i3 1" [src/imgds_linear_tiny.cpp:98]   --->   Operation 34 'add' 'add_ln98' <Predicate = (!icmp_ln96)> <Delay = 1.65> <CoreInst = "Adder">   --->   Core 1 'Adder' <Latency = 0> <II = 1> <Delay = 1.65> <FuncUnit> <Opcode : 'add' 'sub'> <InPorts = 2> <OutPorts = 1>
ST_1 : Operation 35 [1/1] (1.13ns)   --->   "%icmp_ln98_1 = icmp_eq  i3 %add_ln98, i3 6" [src/imgds_linear_tiny.cpp:98]   --->   Operation 35 'icmp' 'icmp_ln98_1' <Predicate = (!icmp_ln96)> <Delay = 1.13> <CoreInst = "Cmp">   --->   Core 9 'Cmp' <Latency = 0> <II = 1> <Delay = 1.13> <FuncUnit> <Opcode : 'icmp'> <InPorts = 2> <OutPorts = 1>
ST_1 : Operation 36 [1/1] (0.00ns)   --->   "%br_ln98 = br i1 %icmp_ln98_1, void %ifFalse27, void %ifTrue26" [src/imgds_linear_tiny.cpp:98]   --->   Operation 36 'br' 'br_ln98' <Predicate = (!icmp_ln96)> <Delay = 0.00>
ST_1 : Operation 37 [1/1] (1.58ns)   --->   "%store_ln96 = store i6 %add_ln96_1, i6 %indvar_flatten33" [src/imgds_linear_tiny.cpp:96]   --->   Operation 37 'store' 'store_ln96' <Predicate = (!icmp_ln96)> <Delay = 1.58>
ST_1 : Operation 38 [1/1] (1.58ns)   --->   "%store_ln96 = store i3 %select_ln96_1, i3 %d2" [src/imgds_linear_tiny.cpp:96]   --->   Operation 38 'store' 'store_ln96' <Predicate = (!icmp_ln96)> <Delay = 1.58>
ST_1 : Operation 39 [1/1] (1.58ns)   --->   "%store_ln98 = store i3 %add_ln98, i3 %d1" [src/imgds_linear_tiny.cpp:98]   --->   Operation 39 'store' 'store_ln98' <Predicate = (!icmp_ln96)> <Delay = 1.58>

State 2 <SV = 1> <Delay = 5.81>
ST_2 : Operation 40 [1/1] (0.00ns)   --->   "%zext_ln98 = zext i3 %select_ln96_1" [src/imgds_linear_tiny.cpp:98]   --->   Operation 40 'zext' 'zext_ln98' <Predicate = true> <Delay = 0.00>
ST_2 : Operation 41 [1/1] (0.00ns)   --->   "%zext_ln1271 = zext i3 %select_ln96"   --->   Operation 41 'zext' 'zext_ln1271' <Predicate = true> <Delay = 0.00>
ST_2 : Operation 42 [1/1] (1.87ns)   --->   "%add_ln1271 = add i7 %sub_ln813_read, i7 %zext_ln1271"   --->   Operation 42 'add' 'add_ln1271' <Predicate = true> <Delay = 1.87> <CoreInst = "Adder">   --->   Core 1 'Adder' <Latency = 0> <II = 1> <Delay = 1.87> <FuncUnit> <Opcode : 'add' 'sub'> <InPorts = 2> <OutPorts = 1>
ST_2 : Operation 43 [1/1] (0.00ns)   --->   "%zext_ln1271_1 = zext i7 %add_ln1271"   --->   Operation 43 'zext' 'zext_ln1271_1' <Predicate = true> <Delay = 0.00>
ST_2 : Operation 44 [1/1] (0.00ns)   --->   "%Q_V_addr = getelementptr i16 %Q_V, i64 0, i64 %zext_ln1271_1"   --->   Operation 44 'getelementptr' 'Q_V_addr' <Predicate = true> <Delay = 0.00>
ST_2 : Operation 45 [1/1] (0.00ns)   --->   "%tmp_s = bitconcatenate i6 @_ssdm_op_BitConcatenate.i6.i3.i3, i3 %select_ln96, i3 0"   --->   Operation 45 'bitconcatenate' 'tmp_s' <Predicate = true> <Delay = 0.00>
ST_2 : Operation 46 [1/1] (0.00ns)   --->   "%tmp_1 = bitconcatenate i4 @_ssdm_op_BitConcatenate.i4.i3.i1, i3 %select_ln96, i1 0"   --->   Operation 46 'bitconcatenate' 'tmp_1' <Predicate = true> <Delay = 0.00>
ST_2 : Operation 47 [1/1] (0.00ns)   --->   "%zext_ln1273 = zext i4 %tmp_1"   --->   Operation 47 'zext' 'zext_ln1273' <Predicate = true> <Delay = 0.00>
ST_2 : Operation 48 [1/1] (0.00ns) (grouped into TernaryAdder)   --->   "%sub_ln1273 = sub i6 %tmp_s, i6 %zext_ln1273"   --->   Operation 48 'sub' 'sub_ln1273' <Predicate = true> <Delay = 0.00> <CoreInst = "TAddSub">   --->   Core 10 'TAddSub' <Latency = 0> <II = 1> <Delay = 1.74> <IPBlock> <Opcode : 'add' 'sub'> <InPorts = 3> <OutPorts = 1> <Sync> <CReg>
ST_2 : Operation 49 [1/1] (3.49ns) (root node of TernaryAdder)   --->   "%add_ln1273 = add i6 %sub_ln1273, i6 %zext_ln98"   --->   Operation 49 'add' 'add_ln1273' <Predicate = true> <Delay = 3.49> <CoreInst = "TAddSub">   --->   Core 10 'TAddSub' <Latency = 0> <II = 1> <Delay = 1.74> <IPBlock> <Opcode : 'add' 'sub'> <InPorts = 3> <OutPorts = 1> <Sync> <CReg>
ST_2 : Operation 50 [1/1] (0.00ns)   --->   "%zext_ln1273_1 = zext i6 %add_ln1273"   --->   Operation 50 'zext' 'zext_ln1273_1' <Predicate = true> <Delay = 0.00>
ST_2 : Operation 51 [1/1] (0.00ns)   --->   "%KV_V_addr = getelementptr i16 %KV_V, i64 0, i64 %zext_ln1273_1"   --->   Operation 51 'getelementptr' 'KV_V_addr' <Predicate = true> <Delay = 0.00>
ST_2 : Operation 52 [2/2] (3.25ns)   --->   "%r_V_1 = load i7 %Q_V_addr"   --->   Operation 52 'load' 'r_V_1' <Predicate = true> <Delay = 3.25> <CoreInst = "RAM">   --->   Core 82 'RAM' <Latency = 1> <II = 1> <Delay = 3.25> <Storage> <Opcode : 'load' 'store'> <Ports = 2> <Width = 16> <Depth = 96> <RAM>
ST_2 : Operation 53 [2/2] (2.32ns)   --->   "%KV_V_load = load i6 %KV_V_addr"   --->   Operation 53 'load' 'KV_V_load' <Predicate = true> <Delay = 2.32> <CoreInst = "RAM">   --->   Core 82 'RAM' <Latency = 1> <II = 1> <Delay = 2.32> <Storage> <Opcode : 'load' 'store'> <Ports = 2> <Width = 16> <Depth = 36> <RAM>

State 3 <SV = 2> <Delay = 4.30>
ST_3 : Operation 54 [1/2] (3.25ns)   --->   "%r_V_1 = load i7 %Q_V_addr"   --->   Operation 54 'load' 'r_V_1' <Predicate = true> <Delay = 3.25> <CoreInst = "RAM">   --->   Core 82 'RAM' <Latency = 1> <II = 1> <Delay = 3.25> <Storage> <Opcode : 'load' 'store'> <Ports = 2> <Width = 16> <Depth = 96> <RAM>
ST_3 : Operation 55 [1/1] (0.00ns)   --->   "%sext_ln1347 = sext i16 %r_V_1"   --->   Operation 55 'sext' 'sext_ln1347' <Predicate = true> <Delay = 0.00>
ST_3 : Operation 56 [1/2] (2.32ns)   --->   "%KV_V_load = load i6 %KV_V_addr"   --->   Operation 56 'load' 'KV_V_load' <Predicate = true> <Delay = 2.32> <CoreInst = "RAM">   --->   Core 82 'RAM' <Latency = 1> <II = 1> <Delay = 2.32> <Storage> <Opcode : 'load' 'store'> <Ports = 2> <Width = 16> <Depth = 36> <RAM>
ST_3 : Operation 57 [1/1] (0.00ns)   --->   "%sext_ln1347_1 = sext i16 %KV_V_load"   --->   Operation 57 'sext' 'sext_ln1347_1' <Predicate = true> <Delay = 0.00>
ST_3 : Operation 58 [3/3] (1.05ns) (grouped into DSP with root node ret_V)   --->   "%mul_ln1347 = mul i30 %sext_ln1347_1, i30 %sext_ln1347"   --->   Operation 58 'mul' 'mul_ln1347' <Predicate = true> <Delay = 1.05> <CoreInst = "DSP48">   --->   Core 119 'DSP48' <Latency = 3> <II = 1> <Delay = 2.15> <IPBlock> <Opcode : 'mul' 'add' 'sub' 'select'> <InPorts = 0> <OutPorts = 1> <Sync> <CReg>

State 4 <SV = 3> <Delay = 1.05>
ST_4 : Operation 59 [2/3] (1.05ns) (grouped into DSP with root node ret_V)   --->   "%mul_ln1347 = mul i30 %sext_ln1347_1, i30 %sext_ln1347"   --->   Operation 59 'mul' 'mul_ln1347' <Predicate = true> <Delay = 1.05> <CoreInst = "DSP48">   --->   Core 119 'DSP48' <Latency = 3> <II = 1> <Delay = 2.15> <IPBlock> <Opcode : 'mul' 'add' 'sub' 'select'> <InPorts = 0> <OutPorts = 1> <Sync> <CReg>

State 5 <SV = 4> <Delay = 2.79>
ST_5 : Operation 60 [1/1] (0.00ns)   --->   "%r_V_load = load i24 %r_V" [src/imgds_linear_tiny.cpp:96]   --->   Operation 60 'load' 'r_V_load' <Predicate = (!icmp_ln98)> <Delay = 0.00>
ST_5 : Operation 61 [1/3] (0.00ns) (grouped into DSP with root node ret_V)   --->   "%mul_ln1347 = mul i30 %sext_ln1347_1, i30 %sext_ln1347"   --->   Operation 61 'mul' 'mul_ln1347' <Predicate = true> <Delay = 0.00> <CoreInst = "DSP48">   --->   Core 119 'DSP48' <Latency = 3> <II = 1> <Delay = 2.15> <IPBlock> <Opcode : 'mul' 'add' 'sub' 'select'> <InPorts = 0> <OutPorts = 1> <Sync> <CReg>
ST_5 : Operation 62 [1/1] (0.69ns)   --->   "%select_ln96_2 = select i1 %icmp_ln98, i24 0, i24 %r_V_load" [src/imgds_linear_tiny.cpp:96]   --->   Operation 62 'select' 'select_ln96_2' <Predicate = true> <Delay = 0.69> <CoreInst = "Sel">   --->   Core 73 'Sel' <Latency = 0> <II = 1> <Delay = 0.69> <FuncUnit> <Opcode : 'select'> <InPorts = 3> <OutPorts = 1>
ST_5 : Operation 63 [1/1] (0.00ns)   --->   "%lhs = bitconcatenate i30 @_ssdm_op_BitConcatenate.i30.i24.i6, i24 %select_ln96_2, i6 0"   --->   Operation 63 'bitconcatenate' 'lhs' <Predicate = true> <Delay = 0.00>
ST_5 : Operation 64 [2/2] (2.10ns) (root node of the DSP)   --->   "%ret_V = add i30 %lhs, i30 %mul_ln1347"   --->   Operation 64 'add' 'ret_V' <Predicate = true> <Delay = 2.10> <CoreInst = "DSP48">   --->   Core 119 'DSP48' <Latency = 3> <II = 1> <Delay = 2.15> <IPBlock> <Opcode : 'mul' 'add' 'sub' 'select'> <InPorts = 0> <OutPorts = 1> <Sync> <CReg>

State 6 <SV = 5> <Delay = 4.25>
ST_6 : Operation 65 [1/2] (2.10ns) (root node of the DSP)   --->   "%ret_V = add i30 %lhs, i30 %mul_ln1347"   --->   Operation 65 'add' 'ret_V' <Predicate = true> <Delay = 2.10> <CoreInst = "DSP48">   --->   Core 119 'DSP48' <Latency = 3> <II = 1> <Delay = 2.15> <IPBlock> <Opcode : 'mul' 'add' 'sub' 'select'> <InPorts = 0> <OutPorts = 1> <Sync> <CReg>
ST_6 : Operation 66 [1/1] (0.00ns)   --->   "%numerator_V = partselect i24 @_ssdm_op_PartSelect.i24.i30.i32.i32, i30 %ret_V, i32 6, i32 29"   --->   Operation 66 'partselect' 'numerator_V' <Predicate = true> <Delay = 0.00>
ST_6 : Operation 67 [1/1] (0.00ns)   --->   "%sext_ln1270 = sext i24 %numerator_V"   --->   Operation 67 'sext' 'sext_ln1270' <Predicate = (icmp_ln98_1)> <Delay = 0.00>
ST_6 : Operation 68 [4/4] (2.15ns) (root node of the DSP)   --->   "%mul_ln1270 = mul i30 %sext_ln1270, i30 %sext_ln1270_2_cast"   --->   Operation 68 'mul' 'mul_ln1270' <Predicate = (icmp_ln98_1)> <Delay = 2.15> <CoreInst = "DSP48">   --->   Core 119 'DSP48' <Latency = 3> <II = 1> <Delay = 2.15> <IPBlock> <Opcode : 'mul' 'add' 'sub' 'select'> <InPorts = 0> <OutPorts = 1> <Sync> <CReg>
ST_6 : Operation 69 [1/1] (1.58ns)   --->   "%store_ln818 = store i24 %numerator_V, i24 %r_V"   --->   Operation 69 'store' 'store_ln818' <Predicate = true> <Delay = 1.58>
ST_6 : Operation 70 [1/1] (0.00ns)   --->   "%br_ln0 = br void %for.body201"   --->   Operation 70 'br' 'br_ln0' <Predicate = true> <Delay = 0.00>

State 7 <SV = 6> <Delay = 2.15>
ST_7 : Operation 71 [3/4] (2.15ns) (root node of the DSP)   --->   "%mul_ln1270 = mul i30 %sext_ln1270, i30 %sext_ln1270_2_cast"   --->   Operation 71 'mul' 'mul_ln1270' <Predicate = (icmp_ln98_1)> <Delay = 2.15> <CoreInst = "DSP48">   --->   Core 119 'DSP48' <Latency = 3> <II = 1> <Delay = 2.15> <IPBlock> <Opcode : 'mul' 'add' 'sub' 'select'> <InPorts = 0> <OutPorts = 1> <Sync> <CReg>

State 8 <SV = 7> <Delay = 2.15>
ST_8 : Operation 72 [2/4] (2.15ns) (root node of the DSP)   --->   "%mul_ln1270 = mul i30 %sext_ln1270, i30 %sext_ln1270_2_cast"   --->   Operation 72 'mul' 'mul_ln1270' <Predicate = (icmp_ln98_1)> <Delay = 2.15> <CoreInst = "DSP48">   --->   Core 119 'DSP48' <Latency = 3> <II = 1> <Delay = 2.15> <IPBlock> <Opcode : 'mul' 'add' 'sub' 'select'> <InPorts = 0> <OutPorts = 1> <Sync> <CReg>
ST_8 : Operation 83 [1/1] (0.00ns)   --->   "%ret_ln0 = ret"   --->   Operation 83 'ret' 'ret_ln0' <Predicate = (icmp_ln96)> <Delay = 0.00>

State 9 <SV = 8> <Delay = 2.32>
ST_9 : Operation 73 [1/1] (0.00ns)   --->   "%specloopname_ln0 = specloopname void @_ssdm_op_SpecLoopName, void @VITIS_LOOP_96_11_VITIS_LOOP_98_12_str"   --->   Operation 73 'specloopname' 'specloopname_ln0' <Predicate = true> <Delay = 0.00>
ST_9 : Operation 74 [1/1] (0.00ns)   --->   "%empty = speclooptripcount i32 @_ssdm_op_SpecLoopTripCount, i64 36, i64 36, i64 36"   --->   Operation 74 'speclooptripcount' 'empty' <Predicate = true> <Delay = 0.00>
ST_9 : Operation 75 [1/1] (0.00ns)   --->   "%zext_ln96 = zext i3 %select_ln96_1" [src/imgds_linear_tiny.cpp:96]   --->   Operation 75 'zext' 'zext_ln96' <Predicate = true> <Delay = 0.00>
ST_9 : Operation 76 [1/1] (0.00ns)   --->   "%specpipeline_ln99 = specpipeline void @_ssdm_op_SpecPipeline, i32 1, i32 0, i32 0, i32 0, void @empty_1" [src/imgds_linear_tiny.cpp:99]   --->   Operation 76 'specpipeline' 'specpipeline_ln99' <Predicate = true> <Delay = 0.00>
ST_9 : Operation 77 [1/1] (0.00ns)   --->   "%specloopname_ln97 = specloopname void @_ssdm_op_SpecLoopName, void @empty_9" [src/imgds_linear_tiny.cpp:97]   --->   Operation 77 'specloopname' 'specloopname_ln97' <Predicate = true> <Delay = 0.00>
ST_9 : Operation 78 [1/4] (0.00ns) (root node of the DSP)   --->   "%mul_ln1270 = mul i30 %sext_ln1270, i30 %sext_ln1270_2_cast"   --->   Operation 78 'mul' 'mul_ln1270' <Predicate = (icmp_ln98_1)> <Delay = 0.00> <CoreInst = "DSP48">   --->   Core 119 'DSP48' <Latency = 3> <II = 1> <Delay = 2.15> <IPBlock> <Opcode : 'mul' 'add' 'sub' 'select'> <InPorts = 0> <OutPorts = 1> <Sync> <CReg>
ST_9 : Operation 79 [1/1] (0.00ns)   --->   "%trunc_ln818_5 = partselect i16 @_ssdm_op_PartSelect.i16.i30.i32.i32, i30 %mul_ln1270, i32 14, i32 29"   --->   Operation 79 'partselect' 'trunc_ln818_5' <Predicate = (icmp_ln98_1)> <Delay = 0.00>
ST_9 : Operation 80 [1/1] (0.00ns)   --->   "%attended_V_addr = getelementptr i16 %attended_V, i64 0, i64 %zext_ln96" [src/imgds_linear_tiny.cpp:102]   --->   Operation 80 'getelementptr' 'attended_V_addr' <Predicate = (icmp_ln98_1)> <Delay = 0.00>
ST_9 : Operation 81 [1/1] (2.32ns)   --->   "%store_ln102 = store i16 %trunc_ln818_5, i3 %attended_V_addr" [src/imgds_linear_tiny.cpp:102]   --->   Operation 81 'store' 'store_ln102' <Predicate = (icmp_ln98_1)> <Delay = 2.32> <CoreInst = "RAM">   --->   Core 82 'RAM' <Latency = 1> <II = 1> <Delay = 2.32> <Storage> <Opcode : 'load' 'store'> <Ports = 2> <Width = 16> <Depth = 6> <RAM>
ST_9 : Operation 82 [1/1] (0.00ns)   --->   "%br_ln0 = br void %ifFalse27"   --->   Operation 82 'br' 'br_ln0' <Predicate = (icmp_ln98_1)> <Delay = 0.00>


============================================================
+ Verbose Summary: Binding
============================================================
STG Binding: 
---------------- STG Properties BEGIN ----------------
- Is combinational: 0
- Is one-state seq: 0
- Is datapath-only: 0
- Is pipelined: 0
- Is top level: 0
Port [ Return ] is wired: 1; IO mode=ap_ctrl_hs:ce=0
Port [ sub_ln813]:  wired=1; compound=0; hidden=0; nouse=0; global=0; static=0; extern=0; dir=0; type=0; pingpong=0; private_global=0; IO mode=ap_none:ce=0
Port [ Q_V]:  wired=1; compound=1; hidden=0; nouse=0; global=0; static=0; extern=0; dir=0; type=1; pingpong=0; private_global=0; MemPort=[13]; IO mode=ap_memory:ce=0
Port [ KV_V]:  wired=1; compound=1; hidden=0; nouse=0; global=0; static=0; extern=0; dir=0; type=1; pingpong=0; private_global=0; MemPort=[13]; IO mode=ap_memory:ce=0
Port [ sext_ln1270_2]:  wired=1; compound=0; hidden=0; nouse=0; global=0; static=0; extern=0; dir=0; type=0; pingpong=0; private_global=0; IO mode=ap_none:ce=0
Port [ attended_V]:  wired=1; compound=1; hidden=0; nouse=0; global=0; static=0; extern=0; dir=1; type=1; pingpong=0; private_global=0; MemPort=[03]; IO mode=ap_memory:ce=0
---------------- STG Properties END ------------------

---------------- Datapath Model BEGIN ----------------

<LifeTime>
<method=bitvector/>
r_V                   (alloca           ) [ 0111111000]
d1                    (alloca           ) [ 0100000000]
d2                    (alloca           ) [ 0100000000]
indvar_flatten33      (alloca           ) [ 0100000000]
sext_ln1270_2_read    (read             ) [ 0000000000]
sub_ln813_read        (read             ) [ 0110000000]
sext_ln1270_2_cast    (sext             ) [ 0111111111]
store_ln0             (store            ) [ 0000000000]
store_ln0             (store            ) [ 0000000000]
store_ln0             (store            ) [ 0000000000]
store_ln0             (store            ) [ 0000000000]
br_ln0                (br               ) [ 0000000000]
indvar_flatten33_load (load             ) [ 0000000000]
icmp_ln96             (icmp             ) [ 0111111110]
add_ln96_1            (add              ) [ 0000000000]
br_ln96               (br               ) [ 0000000000]
d1_load               (load             ) [ 0000000000]
d2_load               (load             ) [ 0000000000]
add_ln96              (add              ) [ 0000000000]
icmp_ln98             (icmp             ) [ 0111110000]
select_ln96           (select           ) [ 0110000000]
select_ln96_1         (select           ) [ 0111111111]
add_ln98              (add              ) [ 0000000000]
icmp_ln98_1           (icmp             ) [ 0111111111]
br_ln98               (br               ) [ 0000000000]
store_ln96            (store            ) [ 0000000000]
store_ln96            (store            ) [ 0000000000]
store_ln98            (store            ) [ 0000000000]
zext_ln98             (zext             ) [ 0000000000]
zext_ln1271           (zext             ) [ 0000000000]
add_ln1271            (add              ) [ 0000000000]
zext_ln1271_1         (zext             ) [ 0000000000]
Q_V_addr              (getelementptr    ) [ 0101000000]
tmp_s                 (bitconcatenate   ) [ 0000000000]
tmp_1                 (bitconcatenate   ) [ 0000000000]
zext_ln1273           (zext             ) [ 0000000000]
sub_ln1273            (sub              ) [ 0000000000]
add_ln1273            (add              ) [ 0000000000]
zext_ln1273_1         (zext             ) [ 0000000000]
KV_V_addr             (getelementptr    ) [ 0101000000]
r_V_1                 (load             ) [ 0000000000]
sext_ln1347           (sext             ) [ 0100110000]
KV_V_load             (load             ) [ 0000000000]
sext_ln1347_1         (sext             ) [ 0100110000]
r_V_load              (load             ) [ 0000000000]
mul_ln1347            (mul              ) [ 0100001000]
select_ln96_2         (select           ) [ 0000000000]
lhs                   (bitconcatenate   ) [ 0100001000]
ret_V                 (add              ) [ 0000000000]
numerator_V           (partselect       ) [ 0000000000]
sext_ln1270           (sext             ) [ 0100000111]
store_ln818           (store            ) [ 0000000000]
br_ln0                (br               ) [ 0000000000]
specloopname_ln0      (specloopname     ) [ 0000000000]
empty                 (speclooptripcount) [ 0000000000]
zext_ln96             (zext             ) [ 0000000000]
specpipeline_ln99     (specpipeline     ) [ 0000000000]
specloopname_ln97     (specloopname     ) [ 0000000000]
mul_ln1270            (mul              ) [ 0000000000]
trunc_ln818_5         (partselect       ) [ 0000000000]
attended_V_addr       (getelementptr    ) [ 0000000000]
store_ln102           (store            ) [ 0000000000]
br_ln0                (br               ) [ 0000000000]
ret_ln0               (ret              ) [ 0000000000]
</LifeTime>

<model>

<comp_list>
<comp id="0" class="1000" name="sub_ln813">
<pin_list>
<pin id="1" dir="1" index="0" bw="1" slack="0"/>
</pin_list>
<bind>
<StgValue><ssdm name="sub_ln813"/></StgValue>
</bind>
</comp>

<comp id="2" class="1000" name="Q_V">
<pin_list>
<pin id="3" dir="1" index="0" bw="1" slack="0"/>
</pin_list>
<bind>
<StgValue><ssdm name="Q_V"/><MemPortTyVec>1 3 </MemPortTyVec>
</StgValue>
</bind>
</comp>

<comp id="4" class="1000" name="KV_V">
<pin_list>
<pin id="5" dir="1" index="0" bw="1" slack="0"/>
</pin_list>
<bind>
<StgValue><ssdm name="KV_V"/><MemPortTyVec>1 3 </MemPortTyVec>
</StgValue>
</bind>
</comp>

<comp id="6" class="1000" name="sext_ln1270_2">
<pin_list>
<pin id="7" dir="1" index="0" bw="1" slack="0"/>
</pin_list>
<bind>
<StgValue><ssdm name="sext_ln1270_2"/></StgValue>
</bind>
</comp>

<comp id="8" class="1000" name="attended_V">
<pin_list>
<pin id="9" dir="1" index="0" bw="1" slack="0"/>
</pin_list>
<bind>
<StgValue><ssdm name="attended_V"/><MemPortTyVec>0 3 </MemPortTyVec>
</StgValue>
</bind>
</comp>

<comp id="10" class="1001" name="const_10">
<pin_list>
<pin id="11" dir="1" index="0" bw="1" slack="0"/>
</pin_list>
<bind>
<StgValue><ssdm name=""/></StgValue>
</bind>
</comp>

<comp id="12" class="1001" name="const_12">
<pin_list>
<pin id="13" dir="1" index="0" bw="1" slack="0"/>
</pin_list>
<bind>
<StgValue><ssdm name="_ssdm_op_Read.ap_auto.i16"/></StgValue>
</bind>
</comp>

<comp id="14" class="1001" name="const_14">
<pin_list>
<pin id="15" dir="1" index="0" bw="1" slack="0"/>
</pin_list>
<bind>
<StgValue><ssdm name="_ssdm_op_Read.ap_auto.i7"/></StgValue>
</bind>
</comp>

<comp id="16" class="1001" name="const_16">
<pin_list>
<pin id="17" dir="1" index="0" bw="1" slack="0"/>
</pin_list>
<bind>
<StgValue><ssdm name=""/></StgValue>
</bind>
</comp>

<comp id="18" class="1001" name="const_18">
<pin_list>
<pin id="19" dir="1" index="0" bw="1" slack="0"/>
</pin_list>
<bind>
<StgValue><ssdm name=""/></StgValue>
</bind>
</comp>

<comp id="20" class="1001" name="const_20">
<pin_list>
<pin id="21" dir="1" index="0" bw="1" slack="0"/>
</pin_list>
<bind>
<StgValue><ssdm name=""/></StgValue>
</bind>
</comp>

<comp id="22" class="1001" name="const_22">
<pin_list>
<pin id="23" dir="1" index="0" bw="1" slack="0"/>
</pin_list>
<bind>
<StgValue><ssdm name=""/></StgValue>
</bind>
</comp>

<comp id="24" class="1001" name="const_24">
<pin_list>
<pin id="25" dir="1" index="0" bw="1" slack="0"/>
</pin_list>
<bind>
<StgValue><ssdm name=""/></StgValue>
</bind>
</comp>

<comp id="26" class="1001" name="const_26">
<pin_list>
<pin id="27" dir="1" index="0" bw="1" slack="0"/>
</pin_list>
<bind>
<StgValue><ssdm name=""/></StgValue>
</bind>
</comp>

<comp id="28" class="1001" name="const_28">
<pin_list>
<pin id="29" dir="1" index="0" bw="1" slack="0"/>
</pin_list>
<bind>
<StgValue><ssdm name=""/></StgValue>
</bind>
</comp>

<comp id="30" class="1001" name="const_30">
<pin_list>
<pin id="31" dir="1" index="0" bw="1" slack="0"/>
</pin_list>
<bind>
<StgValue><ssdm name=""/></StgValue>
</bind>
</comp>

<comp id="32" class="1001" name="const_32">
<pin_list>
<pin id="33" dir="1" index="0" bw="1" slack="0"/>
</pin_list>
<bind>
<StgValue><ssdm name="_ssdm_op_BitConcatenate.i6.i3.i3"/></StgValue>
</bind>
</comp>

<comp id="34" class="1001" name="const_34">
<pin_list>
<pin id="35" dir="1" index="0" bw="1" slack="0"/>
</pin_list>
<bind>
<StgValue><ssdm name="_ssdm_op_BitConcatenate.i4.i3.i1"/></StgValue>
</bind>
</comp>

<comp id="36" class="1001" name="const_36">
<pin_list>
<pin id="37" dir="1" index="0" bw="1" slack="0"/>
</pin_list>
<bind>
<StgValue><ssdm name=""/></StgValue>
</bind>
</comp>

<comp id="38" class="1001" name="const_38">
<pin_list>
<pin id="39" dir="1" index="0" bw="1" slack="0"/>
</pin_list>
<bind>
<StgValue><ssdm name="_ssdm_op_BitConcatenate.i30.i24.i6"/></StgValue>
</bind>
</comp>

<comp id="40" class="1001" name="const_40">
<pin_list>
<pin id="41" dir="1" index="0" bw="1" slack="0"/>
</pin_list>
<bind>
<StgValue><ssdm name="_ssdm_op_PartSelect.i24.i30.i32.i32"/></StgValue>
</bind>
</comp>

<comp id="42" class="1001" name="const_42">
<pin_list>
<pin id="43" dir="1" index="0" bw="1" slack="0"/>
</pin_list>
<bind>
<StgValue><ssdm name=""/></StgValue>
</bind>
</comp>

<comp id="44" class="1001" name="const_44">
<pin_list>
<pin id="45" dir="1" index="0" bw="1" slack="0"/>
</pin_list>
<bind>
<StgValue><ssdm name=""/></StgValue>
</bind>
</comp>

<comp id="46" class="1001" name="const_46">
<pin_list>
<pin id="47" dir="1" index="0" bw="1" slack="2147483647"/>
</pin_list>
<bind>
<StgValue><ssdm name="_ssdm_op_SpecLoopName"/></StgValue>
</bind>
</comp>

<comp id="48" class="1001" name="const_48">
<pin_list>
<pin id="49" dir="1" index="0" bw="1" slack="2147483647"/>
</pin_list>
<bind>
<StgValue><ssdm name="VITIS_LOOP_96_11_VITIS_LOOP_98_12_str"/></StgValue>
</bind>
</comp>

<comp id="50" class="1001" name="const_50">
<pin_list>
<pin id="51" dir="1" index="0" bw="1" slack="2147483647"/>
</pin_list>
<bind>
<StgValue><ssdm name="_ssdm_op_SpecLoopTripCount"/></StgValue>
</bind>
</comp>

<comp id="52" class="1001" name="const_52">
<pin_list>
<pin id="53" dir="1" index="0" bw="1" slack="2147483647"/>
</pin_list>
<bind>
<StgValue><ssdm name=""/></StgValue>
</bind>
</comp>

<comp id="54" class="1001" name="const_54">
<pin_list>
<pin id="55" dir="1" index="0" bw="1" slack="2147483647"/>
</pin_list>
<bind>
<StgValue><ssdm name="_ssdm_op_SpecPipeline"/></StgValue>
</bind>
</comp>

<comp id="56" class="1001" name="const_56">
<pin_list>
<pin id="57" dir="1" index="0" bw="1" slack="2147483647"/>
</pin_list>
<bind>
<StgValue><ssdm name=""/></StgValue>
</bind>
</comp>

<comp id="58" class="1001" name="const_58">
<pin_list>
<pin id="59" dir="1" index="0" bw="1" slack="2147483647"/>
</pin_list>
<bind>
<StgValue><ssdm name="empty_1"/></StgValue>
</bind>
</comp>

<comp id="60" class="1001" name="const_60">
<pin_list>
<pin id="61" dir="1" index="0" bw="1" slack="2147483647"/>
</pin_list>
<bind>
<StgValue><ssdm name="empty_9"/></StgValue>
</bind>
</comp>

<comp id="62" class="1001" name="const_62">
<pin_list>
<pin id="63" dir="1" index="0" bw="1" slack="0"/>
</pin_list>
<bind>
<StgValue><ssdm name="_ssdm_op_PartSelect.i16.i30.i32.i32"/></StgValue>
</bind>
</comp>

<comp id="64" class="1001" name="const_64">
<pin_list>
<pin id="65" dir="1" index="0" bw="1" slack="0"/>
</pin_list>
<bind>
<StgValue><ssdm name=""/></StgValue>
</bind>
</comp>

<comp id="66" class="1004" name="r_V_fu_66">
<pin_list>
<pin id="67" dir="0" index="0" bw="1" slack="0"/>
<pin id="68" dir="1" index="1" bw="24" slack="0"/>
</pin_list>
<bind>
<opcode="alloca(26) " fcode="alloca"/>
<opset="r_V/1 "/>
</bind>
</comp>

<comp id="70" class="1004" name="d1_fu_70">
<pin_list>
<pin id="71" dir="0" index="0" bw="1" slack="0"/>
<pin id="72" dir="1" index="1" bw="3" slack="0"/>
</pin_list>
<bind>
<opcode="alloca(26) " fcode="alloca"/>
<opset="d1/1 "/>
</bind>
</comp>

<comp id="74" class="1004" name="d2_fu_74">
<pin_list>
<pin id="75" dir="0" index="0" bw="1" slack="0"/>
<pin id="76" dir="1" index="1" bw="3" slack="0"/>
</pin_list>
<bind>
<opcode="alloca(26) " fcode="alloca"/>
<opset="d2/1 "/>
</bind>
</comp>

<comp id="78" class="1004" name="indvar_flatten33_fu_78">
<pin_list>
<pin id="79" dir="0" index="0" bw="1" slack="0"/>
<pin id="80" dir="1" index="1" bw="6" slack="0"/>
</pin_list>
<bind>
<opcode="alloca(26) " fcode="alloca"/>
<opset="indvar_flatten33/1 "/>
</bind>
</comp>

<comp id="82" class="1004" name="sext_ln1270_2_read_read_fu_82">
<pin_list>
<pin id="83" dir="0" index="0" bw="16" slack="0"/>
<pin id="84" dir="0" index="1" bw="16" slack="0"/>
<pin id="85" dir="1" index="2" bw="16" slack="0"/>
</pin_list>
<bind>
<opcode="read(1150) " fcode="read"/>
<opset="sext_ln1270_2_read/1 "/>
</bind>
</comp>

<comp id="88" class="1004" name="sub_ln813_read_read_fu_88">
<pin_list>
<pin id="89" dir="0" index="0" bw="7" slack="0"/>
<pin id="90" dir="0" index="1" bw="7" slack="0"/>
<pin id="91" dir="1" index="2" bw="7" slack="1"/>
</pin_list>
<bind>
<opcode="read(1150) " fcode="read"/>
<opset="sub_ln813_read/1 "/>
</bind>
</comp>

<comp id="94" class="1004" name="Q_V_addr_gep_fu_94">
<pin_list>
<pin id="95" dir="0" index="0" bw="16" slack="0"/>
<pin id="96" dir="0" index="1" bw="1" slack="0"/>
<pin id="97" dir="0" index="2" bw="7" slack="0"/>
<pin id="98" dir="1" index="3" bw="7" slack="0"/>
</pin_list>
<bind>
<opcode="getelementptr(29) " fcode="getelementptr"/>
<opset="Q_V_addr/2 "/>
</bind>
</comp>

<comp id="101" class="1004" name="KV_V_addr_gep_fu_101">
<pin_list>
<pin id="102" dir="0" index="0" bw="16" slack="0"/>
<pin id="103" dir="0" index="1" bw="1" slack="0"/>
<pin id="104" dir="0" index="2" bw="6" slack="0"/>
<pin id="105" dir="1" index="3" bw="6" slack="0"/>
</pin_list>
<bind>
<opcode="getelementptr(29) " fcode="getelementptr"/>
<opset="KV_V_addr/2 "/>
</bind>
</comp>

<comp id="108" class="1004" name="grp_access_fu_108">
<pin_list>
<pin id="109" dir="0" index="0" bw="7" slack="0"/>
<pin id="110" dir="0" index="1" bw="16" slack="2147483647"/>
<pin id="111" dir="0" index="2" bw="0" slack="2147483647"/>
<pin id="112" dir="1" index="3" bw="16" slack="0"/>
</pin_list>
<bind>
<opcode="load(27) " fcode="load"/>
<opset="r_V_1/2 "/>
</bind>
</comp>

<comp id="114" class="1004" name="grp_access_fu_114">
<pin_list>
<pin id="115" dir="0" index="0" bw="6" slack="0"/>
<pin id="116" dir="0" index="1" bw="16" slack="2147483647"/>
<pin id="117" dir="0" index="2" bw="0" slack="2147483647"/>
<pin id="118" dir="1" index="3" bw="16" slack="0"/>
</pin_list>
<bind>
<opcode="load(27) " fcode="load"/>
<opset="KV_V_load/2 "/>
</bind>
</comp>

<comp id="120" class="1004" name="attended_V_addr_gep_fu_120">
<pin_list>
<pin id="121" dir="0" index="0" bw="16" slack="0"/>
<pin id="122" dir="0" index="1" bw="1" slack="0"/>
<pin id="123" dir="0" index="2" bw="3" slack="0"/>
<pin id="124" dir="1" index="3" bw="3" slack="0"/>
</pin_list>
<bind>
<opcode="getelementptr(29) " fcode="getelementptr"/>
<opset="attended_V_addr/9 "/>
</bind>
</comp>

<comp id="127" class="1004" name="store_ln102_access_fu_127">
<pin_list>
<pin id="128" dir="0" index="0" bw="3" slack="0"/>
<pin id="129" dir="0" index="1" bw="16" slack="0"/>
<pin id="130" dir="0" index="2" bw="0" slack="2147483647"/>
<pin id="131" dir="1" index="3" bw="16" slack="2147483647"/>
</pin_list>
<bind>
<opcode="store(28) " fcode="store"/>
<opset="store_ln102/9 "/>
</bind>
</comp>

<comp id="133" class="1004" name="sext_ln1270_2_cast_fu_133">
<pin_list>
<pin id="134" dir="0" index="0" bw="16" slack="0"/>
<pin id="135" dir="1" index="1" bw="30" slack="5"/>
</pin_list>
<bind>
<opcode="sext(35) " fcode="sext"/>
<opset="sext_ln1270_2_cast/1 "/>
</bind>
</comp>

<comp id="137" class="1004" name="store_ln0_store_fu_137">
<pin_list>
<pin id="138" dir="0" index="0" bw="1" slack="0"/>
<pin id="139" dir="0" index="1" bw="6" slack="0"/>
<pin id="140" dir="1" index="2" bw="0" slack="2147483647"/>
</pin_list>
<bind>
<opcode="store(28) " fcode="store"/>
<opset="store_ln0/1 "/>
</bind>
</comp>

<comp id="142" class="1004" name="store_ln0_store_fu_142">
<pin_list>
<pin id="143" dir="0" index="0" bw="1" slack="0"/>
<pin id="144" dir="0" index="1" bw="3" slack="0"/>
<pin id="145" dir="1" index="2" bw="0" slack="2147483647"/>
</pin_list>
<bind>
<opcode="store(28) " fcode="store"/>
<opset="store_ln0/1 "/>
</bind>
</comp>

<comp id="147" class="1004" name="store_ln0_store_fu_147">
<pin_list>
<pin id="148" dir="0" index="0" bw="1" slack="0"/>
<pin id="149" dir="0" index="1" bw="3" slack="0"/>
<pin id="150" dir="1" index="2" bw="0" slack="2147483647"/>
</pin_list>
<bind>
<opcode="store(28) " fcode="store"/>
<opset="store_ln0/1 "/>
</bind>
</comp>

<comp id="152" class="1004" name="store_ln0_store_fu_152">
<pin_list>
<pin id="153" dir="0" index="0" bw="1" slack="0"/>
<pin id="154" dir="0" index="1" bw="24" slack="0"/>
<pin id="155" dir="1" index="2" bw="0" slack="2147483647"/>
</pin_list>
<bind>
<opcode="store(28) " fcode="store"/>
<opset="store_ln0/1 "/>
</bind>
</comp>

<comp id="157" class="1004" name="indvar_flatten33_load_load_fu_157">
<pin_list>
<pin id="158" dir="0" index="0" bw="6" slack="0"/>
<pin id="159" dir="1" index="1" bw="6" slack="0"/>
</pin_list>
<bind>
<opcode="load(27) " fcode="load"/>
<opset="indvar_flatten33_load/1 "/>
</bind>
</comp>

<comp id="160" class="1004" name="icmp_ln96_fu_160">
<pin_list>
<pin id="161" dir="0" index="0" bw="6" slack="0"/>
<pin id="162" dir="0" index="1" bw="6" slack="0"/>
<pin id="163" dir="1" index="2" bw="1" slack="7"/>
</pin_list>
<bind>
<opcode="icmp(45) " fcode="icmp"/>
<opset="icmp_ln96/1 "/>
</bind>
</comp>

<comp id="166" class="1004" name="add_ln96_1_fu_166">
<pin_list>
<pin id="167" dir="0" index="0" bw="6" slack="0"/>
<pin id="168" dir="0" index="1" bw="1" slack="0"/>
<pin id="169" dir="1" index="2" bw="6" slack="0"/>
</pin_list>
<bind>
<opcode="add(8) " fcode="add"/>
<opset="add_ln96_1/1 "/>
</bind>
</comp>

<comp id="172" class="1004" name="d1_load_load_fu_172">
<pin_list>
<pin id="173" dir="0" index="0" bw="3" slack="0"/>
<pin id="174" dir="1" index="1" bw="3" slack="0"/>
</pin_list>
<bind>
<opcode="load(27) " fcode="load"/>
<opset="d1_load/1 "/>
</bind>
</comp>

<comp id="175" class="1004" name="d2_load_load_fu_175">
<pin_list>
<pin id="176" dir="0" index="0" bw="3" slack="0"/>
<pin id="177" dir="1" index="1" bw="3" slack="0"/>
</pin_list>
<bind>
<opcode="load(27) " fcode="load"/>
<opset="d2_load/1 "/>
</bind>
</comp>

<comp id="178" class="1004" name="add_ln96_fu_178">
<pin_list>
<pin id="179" dir="0" index="0" bw="3" slack="0"/>
<pin id="180" dir="0" index="1" bw="1" slack="0"/>
<pin id="181" dir="1" index="2" bw="3" slack="0"/>
</pin_list>
<bind>
<opcode="add(8) " fcode="add"/>
<opset="add_ln96/1 "/>
</bind>
</comp>

<comp id="184" class="1004" name="icmp_ln98_fu_184">
<pin_list>
<pin id="185" dir="0" index="0" bw="3" slack="0"/>
<pin id="186" dir="0" index="1" bw="3" slack="0"/>
<pin id="187" dir="1" index="2" bw="1" slack="0"/>
</pin_list>
<bind>
<opcode="icmp(45) " fcode="icmp"/>
<opset="icmp_ln98/1 "/>
</bind>
</comp>

<comp id="190" class="1004" name="select_ln96_fu_190">
<pin_list>
<pin id="191" dir="0" index="0" bw="1" slack="0"/>
<pin id="192" dir="0" index="1" bw="3" slack="0"/>
<pin id="193" dir="0" index="2" bw="3" slack="0"/>
<pin id="194" dir="1" index="3" bw="3" slack="0"/>
</pin_list>
<bind>
<opcode="select(49) " fcode="select"/>
<opset="select_ln96/1 "/>
</bind>
</comp>

<comp id="198" class="1004" name="select_ln96_1_fu_198">
<pin_list>
<pin id="199" dir="0" index="0" bw="1" slack="0"/>
<pin id="200" dir="0" index="1" bw="3" slack="0"/>
<pin id="201" dir="0" index="2" bw="3" slack="0"/>
<pin id="202" dir="1" index="3" bw="3" slack="0"/>
</pin_list>
<bind>
<opcode="select(49) " fcode="select"/>
<opset="select_ln96_1/1 "/>
</bind>
</comp>

<comp id="206" class="1004" name="add_ln98_fu_206">
<pin_list>
<pin id="207" dir="0" index="0" bw="3" slack="0"/>
<pin id="208" dir="0" index="1" bw="1" slack="0"/>
<pin id="209" dir="1" index="2" bw="3" slack="0"/>
</pin_list>
<bind>
<opcode="add(8) " fcode="add"/>
<opset="add_ln98/1 "/>
</bind>
</comp>

<comp id="212" class="1004" name="icmp_ln98_1_fu_212">
<pin_list>
<pin id="213" dir="0" index="0" bw="3" slack="0"/>
<pin id="214" dir="0" index="1" bw="3" slack="0"/>
<pin id="215" dir="1" index="2" bw="1" slack="5"/>
</pin_list>
<bind>
<opcode="icmp(45) " fcode="icmp"/>
<opset="icmp_ln98_1/1 "/>
</bind>
</comp>

<comp id="218" class="1004" name="store_ln96_store_fu_218">
<pin_list>
<pin id="219" dir="0" index="0" bw="6" slack="0"/>
<pin id="220" dir="0" index="1" bw="6" slack="0"/>
<pin id="221" dir="1" index="2" bw="0" slack="2147483647"/>
</pin_list>
<bind>
<opcode="store(28) " fcode="store"/>
<opset="store_ln96/1 "/>
</bind>
</comp>

<comp id="223" class="1004" name="store_ln96_store_fu_223">
<pin_list>
<pin id="224" dir="0" index="0" bw="3" slack="0"/>
<pin id="225" dir="0" index="1" bw="3" slack="0"/>
<pin id="226" dir="1" index="2" bw="0" slack="2147483647"/>
</pin_list>
<bind>
<opcode="store(28) " fcode="store"/>
<opset="store_ln96/1 "/>
</bind>
</comp>

<comp id="228" class="1004" name="store_ln98_store_fu_228">
<pin_list>
<pin id="229" dir="0" index="0" bw="3" slack="0"/>
<pin id="230" dir="0" index="1" bw="3" slack="0"/>
<pin id="231" dir="1" index="2" bw="0" slack="2147483647"/>
</pin_list>
<bind>
<opcode="store(28) " fcode="store"/>
<opset="store_ln98/1 "/>
</bind>
</comp>

<comp id="233" class="1004" name="zext_ln98_fu_233">
<pin_list>
<pin id="234" dir="0" index="0" bw="3" slack="1"/>
<pin id="235" dir="1" index="1" bw="6" slack="0"/>
</pin_list>
<bind>
<opcode="zext(34) " fcode="zext"/>
<opset="zext_ln98/2 "/>
</bind>
</comp>

<comp id="236" class="1004" name="zext_ln1271_fu_236">
<pin_list>
<pin id="237" dir="0" index="0" bw="3" slack="1"/>
<pin id="238" dir="1" index="1" bw="7" slack="0"/>
</pin_list>
<bind>
<opcode="zext(34) " fcode="zext"/>
<opset="zext_ln1271/2 "/>
</bind>
</comp>

<comp id="239" class="1004" name="add_ln1271_fu_239">
<pin_list>
<pin id="240" dir="0" index="0" bw="7" slack="1"/>
<pin id="241" dir="0" index="1" bw="3" slack="0"/>
<pin id="242" dir="1" index="2" bw="7" slack="0"/>
</pin_list>
<bind>
<opcode="add(8) " fcode="add"/>
<opset="add_ln1271/2 "/>
</bind>
</comp>

<comp id="244" class="1004" name="zext_ln1271_1_fu_244">
<pin_list>
<pin id="245" dir="0" index="0" bw="7" slack="0"/>
<pin id="246" dir="1" index="1" bw="64" slack="0"/>
</pin_list>
<bind>
<opcode="zext(34) " fcode="zext"/>
<opset="zext_ln1271_1/2 "/>
</bind>
</comp>

<comp id="249" class="1004" name="tmp_s_fu_249">
<pin_list>
<pin id="250" dir="0" index="0" bw="6" slack="0"/>
<pin id="251" dir="0" index="1" bw="3" slack="1"/>
<pin id="252" dir="0" index="2" bw="1" slack="0"/>
<pin id="253" dir="1" index="3" bw="6" slack="0"/>
</pin_list>
<bind>
<opcode="bitconcatenate(1004) " fcode="bitconcatenate"/>
<opset="tmp_s/2 "/>
</bind>
</comp>

<comp id="256" class="1004" name="tmp_1_fu_256">
<pin_list>
<pin id="257" dir="0" index="0" bw="4" slack="0"/>
<pin id="258" dir="0" index="1" bw="3" slack="1"/>
<pin id="259" dir="0" index="2" bw="1" slack="0"/>
<pin id="260" dir="1" index="3" bw="4" slack="0"/>
</pin_list>
<bind>
<opcode="bitconcatenate(1004) " fcode="bitconcatenate"/>
<opset="tmp_1/2 "/>
</bind>
</comp>

<comp id="263" class="1004" name="zext_ln1273_fu_263">
<pin_list>
<pin id="264" dir="0" index="0" bw="4" slack="0"/>
<pin id="265" dir="1" index="1" bw="6" slack="0"/>
</pin_list>
<bind>
<opcode="zext(34) " fcode="zext"/>
<opset="zext_ln1273/2 "/>
</bind>
</comp>

<comp id="267" class="1004" name="sub_ln1273_fu_267">
<pin_list>
<pin id="268" dir="0" index="0" bw="6" slack="0"/>
<pin id="269" dir="0" index="1" bw="4" slack="0"/>
<pin id="270" dir="1" index="2" bw="6" slack="0"/>
</pin_list>
<bind>
<opcode="sub(10) " fcode="sub"/>
<opset="sub_ln1273/2 "/>
</bind>
</comp>

<comp id="273" class="1004" name="add_ln1273_fu_273">
<pin_list>
<pin id="274" dir="0" index="0" bw="6" slack="0"/>
<pin id="275" dir="0" index="1" bw="3" slack="0"/>
<pin id="276" dir="1" index="2" bw="6" slack="0"/>
</pin_list>
<bind>
<opcode="add(8) " fcode="add"/>
<opset="add_ln1273/2 "/>
</bind>
</comp>

<comp id="279" class="1004" name="zext_ln1273_1_fu_279">
<pin_list>
<pin id="280" dir="0" index="0" bw="6" slack="0"/>
<pin id="281" dir="1" index="1" bw="64" slack="0"/>
</pin_list>
<bind>
<opcode="zext(34) " fcode="zext"/>
<opset="zext_ln1273_1/2 "/>
</bind>
</comp>

<comp id="284" class="1004" name="sext_ln1347_fu_284">
<pin_list>
<pin id="285" dir="0" index="0" bw="16" slack="0"/>
<pin id="286" dir="1" index="1" bw="30" slack="0"/>
</pin_list>
<bind>
<opcode="sext(35) " fcode="sext"/>
<opset="sext_ln1347/3 "/>
</bind>
</comp>

<comp id="288" class="1004" name="sext_ln1347_1_fu_288">
<pin_list>
<pin id="289" dir="0" index="0" bw="16" slack="0"/>
<pin id="290" dir="1" index="1" bw="30" slack="0"/>
</pin_list>
<bind>
<opcode="sext(35) " fcode="sext"/>
<opset="sext_ln1347_1/3 "/>
</bind>
</comp>

<comp id="292" class="1004" name="r_V_load_load_fu_292">
<pin_list>
<pin id="293" dir="0" index="0" bw="24" slack="4"/>
<pin id="294" dir="1" index="1" bw="24" slack="0"/>
</pin_list>
<bind>
<opcode="load(27) " fcode="load"/>
<opset="r_V_load/5 "/>
</bind>
</comp>

<comp id="295" class="1004" name="select_ln96_2_fu_295">
<pin_list>
<pin id="296" dir="0" index="0" bw="1" slack="4"/>
<pin id="297" dir="0" index="1" bw="24" slack="0"/>
<pin id="298" dir="0" index="2" bw="24" slack="0"/>
<pin id="299" dir="1" index="3" bw="24" slack="0"/>
</pin_list>
<bind>
<opcode="select(49) " fcode="select"/>
<opset="select_ln96_2/5 "/>
</bind>
</comp>

<comp id="302" class="1004" name="lhs_fu_302">
<pin_list>
<pin id="303" dir="0" index="0" bw="30" slack="0"/>
<pin id="304" dir="0" index="1" bw="24" slack="0"/>
<pin id="305" dir="0" index="2" bw="1" slack="0"/>
<pin id="306" dir="1" index="3" bw="30" slack="0"/>
</pin_list>
<bind>
<opcode="bitconcatenate(1004) " fcode="bitconcatenate"/>
<opset="lhs/5 "/>
</bind>
</comp>

<comp id="310" class="1004" name="numerator_V_fu_310">
<pin_list>
<pin id="311" dir="0" index="0" bw="24" slack="0"/>
<pin id="312" dir="0" index="1" bw="30" slack="0"/>
<pin id="313" dir="0" index="2" bw="4" slack="0"/>
<pin id="314" dir="0" index="3" bw="6" slack="0"/>
<pin id="315" dir="1" index="4" bw="24" slack="0"/>
</pin_list>
<bind>
<opcode="partselect(1002) " fcode="partselect"/>
<opset="numerator_V/6 "/>
</bind>
</comp>

<comp id="319" class="1004" name="sext_ln1270_fu_319">
<pin_list>
<pin id="320" dir="0" index="0" bw="24" slack="0"/>
<pin id="321" dir="1" index="1" bw="30" slack="0"/>
</pin_list>
<bind>
<opcode="sext(35) " fcode="sext"/>
<opset="sext_ln1270/6 "/>
</bind>
</comp>

<comp id="323" class="1004" name="store_ln818_store_fu_323">
<pin_list>
<pin id="324" dir="0" index="0" bw="24" slack="0"/>
<pin id="325" dir="0" index="1" bw="24" slack="5"/>
<pin id="326" dir="1" index="2" bw="0" slack="2147483647"/>
</pin_list>
<bind>
<opcode="store(28) " fcode="store"/>
<opset="store_ln818/6 "/>
</bind>
</comp>

<comp id="328" class="1004" name="zext_ln96_fu_328">
<pin_list>
<pin id="329" dir="0" index="0" bw="3" slack="8"/>
<pin id="330" dir="1" index="1" bw="64" slack="0"/>
</pin_list>
<bind>
<opcode="zext(34) " fcode="zext"/>
<opset="zext_ln96/9 "/>
</bind>
</comp>

<comp id="332" class="1004" name="trunc_ln818_5_fu_332">
<pin_list>
<pin id="333" dir="0" index="0" bw="16" slack="0"/>
<pin id="334" dir="0" index="1" bw="30" slack="0"/>
<pin id="335" dir="0" index="2" bw="5" slack="0"/>
<pin id="336" dir="0" index="3" bw="6" slack="0"/>
<pin id="337" dir="1" index="4" bw="16" slack="0"/>
</pin_list>
<bind>
<opcode="partselect(1002) " fcode="partselect"/>
<opset="trunc_ln818_5/9 "/>
</bind>
</comp>

<comp id="342" class="1007" name="grp_fu_342">
<pin_list>
<pin id="343" dir="0" index="0" bw="16" slack="0"/>
<pin id="344" dir="0" index="1" bw="16" slack="0"/>
<pin id="345" dir="0" index="2" bw="30" slack="0"/>
<pin id="346" dir="1" index="3" bw="30" slack="0"/>
</pin_list>
<bind>
<opcode="muladd(1172) " fcode="muladd"/>
<opset="mul_ln1347/3 ret_V/5 "/>
</bind>
</comp>

<comp id="351" class="1007" name="grp_fu_351">
<pin_list>
<pin id="352" dir="0" index="0" bw="24" slack="0"/>
<pin id="353" dir="0" index="1" bw="16" slack="5"/>
<pin id="354" dir="1" index="2" bw="30" slack="0"/>
</pin_list>
<bind>
<opcode="mul(12) " fcode="mul"/>
<opset="mul_ln1270/6 "/>
</bind>
</comp>

<comp id="357" class="1005" name="r_V_reg_357">
<pin_list>
<pin id="358" dir="0" index="0" bw="24" slack="0"/>
<pin id="359" dir="1" index="1" bw="24" slack="0"/>
</pin_list>
<bind>
<opset="r_V "/>
</bind>
</comp>

<comp id="364" class="1005" name="d1_reg_364">
<pin_list>
<pin id="365" dir="0" index="0" bw="3" slack="0"/>
<pin id="366" dir="1" index="1" bw="3" slack="0"/>
</pin_list>
<bind>
<opset="d1 "/>
</bind>
</comp>

<comp id="371" class="1005" name="d2_reg_371">
<pin_list>
<pin id="372" dir="0" index="0" bw="3" slack="0"/>
<pin id="373" dir="1" index="1" bw="3" slack="0"/>
</pin_list>
<bind>
<opset="d2 "/>
</bind>
</comp>

<comp id="378" class="1005" name="indvar_flatten33_reg_378">
<pin_list>
<pin id="379" dir="0" index="0" bw="6" slack="0"/>
<pin id="380" dir="1" index="1" bw="6" slack="0"/>
</pin_list>
<bind>
<opset="indvar_flatten33 "/>
</bind>
</comp>

<comp id="385" class="1005" name="sub_ln813_read_reg_385">
<pin_list>
<pin id="386" dir="0" index="0" bw="7" slack="1"/>
<pin id="387" dir="1" index="1" bw="7" slack="1"/>
</pin_list>
<bind>
<opset="sub_ln813_read "/>
</bind>
</comp>

<comp id="390" class="1005" name="sext_ln1270_2_cast_reg_390">
<pin_list>
<pin id="391" dir="0" index="0" bw="30" slack="5"/>
<pin id="392" dir="1" index="1" bw="30" slack="5"/>
</pin_list>
<bind>
<opset="sext_ln1270_2_cast "/>
</bind>
</comp>

<comp id="395" class="1005" name="icmp_ln96_reg_395">
<pin_list>
<pin id="396" dir="0" index="0" bw="1" slack="7"/>
<pin id="397" dir="1" index="1" bw="1" slack="2147483647"/>
</pin_list>
<bind>
<opset="icmp_ln96 "/>
</bind>
</comp>

<comp id="399" class="1005" name="icmp_ln98_reg_399">
<pin_list>
<pin id="400" dir="0" index="0" bw="1" slack="4"/>
<pin id="401" dir="1" index="1" bw="1" slack="4"/>
</pin_list>
<bind>
<opset="icmp_ln98 "/>
</bind>
</comp>

<comp id="404" class="1005" name="select_ln96_reg_404">
<pin_list>
<pin id="405" dir="0" index="0" bw="3" slack="1"/>
<pin id="406" dir="1" index="1" bw="3" slack="1"/>
</pin_list>
<bind>
<opset="select_ln96 "/>
</bind>
</comp>

<comp id="411" class="1005" name="select_ln96_1_reg_411">
<pin_list>
<pin id="412" dir="0" index="0" bw="3" slack="1"/>
<pin id="413" dir="1" index="1" bw="3" slack="1"/>
</pin_list>
<bind>
<opset="select_ln96_1 "/>
</bind>
</comp>

<comp id="417" class="1005" name="icmp_ln98_1_reg_417">
<pin_list>
<pin id="418" dir="0" index="0" bw="1" slack="5"/>
<pin id="419" dir="1" index="1" bw="1" slack="2147483647"/>
</pin_list>
<bind>
<opset="icmp_ln98_1 "/>
</bind>
</comp>

<comp id="421" class="1005" name="Q_V_addr_reg_421">
<pin_list>
<pin id="422" dir="0" index="0" bw="7" slack="1"/>
<pin id="423" dir="1" index="1" bw="7" slack="1"/>
</pin_list>
<bind>
<opset="Q_V_addr "/>
</bind>
</comp>

<comp id="426" class="1005" name="KV_V_addr_reg_426">
<pin_list>
<pin id="427" dir="0" index="0" bw="6" slack="1"/>
<pin id="428" dir="1" index="1" bw="6" slack="1"/>
</pin_list>
<bind>
<opset="KV_V_addr "/>
</bind>
</comp>

<comp id="431" class="1005" name="sext_ln1347_reg_431">
<pin_list>
<pin id="432" dir="0" index="0" bw="30" slack="1"/>
<pin id="433" dir="1" index="1" bw="30" slack="1"/>
</pin_list>
<bind>
<opset="sext_ln1347 "/>
</bind>
</comp>

<comp id="436" class="1005" name="sext_ln1347_1_reg_436">
<pin_list>
<pin id="437" dir="0" index="0" bw="30" slack="1"/>
<pin id="438" dir="1" index="1" bw="30" slack="1"/>
</pin_list>
<bind>
<opset="sext_ln1347_1 "/>
</bind>
</comp>

<comp id="441" class="1005" name="lhs_reg_441">
<pin_list>
<pin id="442" dir="0" index="0" bw="30" slack="1"/>
<pin id="443" dir="1" index="1" bw="30" slack="1"/>
</pin_list>
<bind>
<opset="lhs "/>
</bind>
</comp>

<comp id="446" class="1005" name="sext_ln1270_reg_446">
<pin_list>
<pin id="447" dir="0" index="0" bw="30" slack="1"/>
<pin id="448" dir="1" index="1" bw="30" slack="1"/>
</pin_list>
<bind>
<opset="sext_ln1270 "/>
</bind>
</comp>

</comp_list>

<net_list>
<net id="69"><net_src comp="10" pin="0"/><net_sink comp="66" pin=0"/></net>

<net id="73"><net_src comp="10" pin="0"/><net_sink comp="70" pin=0"/></net>

<net id="77"><net_src comp="10" pin="0"/><net_sink comp="74" pin=0"/></net>

<net id="81"><net_src comp="10" pin="0"/><net_sink comp="78" pin=0"/></net>

<net id="86"><net_src comp="12" pin="0"/><net_sink comp="82" pin=0"/></net>

<net id="87"><net_src comp="6" pin="0"/><net_sink comp="82" pin=1"/></net>

<net id="92"><net_src comp="14" pin="0"/><net_sink comp="88" pin=0"/></net>

<net id="93"><net_src comp="0" pin="0"/><net_sink comp="88" pin=1"/></net>

<net id="99"><net_src comp="2" pin="0"/><net_sink comp="94" pin=0"/></net>

<net id="100"><net_src comp="30" pin="0"/><net_sink comp="94" pin=1"/></net>

<net id="106"><net_src comp="4" pin="0"/><net_sink comp="101" pin=0"/></net>

<net id="107"><net_src comp="30" pin="0"/><net_sink comp="101" pin=1"/></net>

<net id="113"><net_src comp="94" pin="3"/><net_sink comp="108" pin=0"/></net>

<net id="119"><net_src comp="101" pin="3"/><net_sink comp="114" pin=0"/></net>

<net id="125"><net_src comp="8" pin="0"/><net_sink comp="120" pin=0"/></net>

<net id="126"><net_src comp="30" pin="0"/><net_sink comp="120" pin=1"/></net>

<net id="132"><net_src comp="120" pin="3"/><net_sink comp="127" pin=0"/></net>

<net id="136"><net_src comp="82" pin="2"/><net_sink comp="133" pin=0"/></net>

<net id="141"><net_src comp="16" pin="0"/><net_sink comp="137" pin=0"/></net>

<net id="146"><net_src comp="18" pin="0"/><net_sink comp="142" pin=0"/></net>

<net id="151"><net_src comp="18" pin="0"/><net_sink comp="147" pin=0"/></net>

<net id="156"><net_src comp="20" pin="0"/><net_sink comp="152" pin=0"/></net>

<net id="164"><net_src comp="157" pin="1"/><net_sink comp="160" pin=0"/></net>

<net id="165"><net_src comp="22" pin="0"/><net_sink comp="160" pin=1"/></net>

<net id="170"><net_src comp="157" pin="1"/><net_sink comp="166" pin=0"/></net>

<net id="171"><net_src comp="24" pin="0"/><net_sink comp="166" pin=1"/></net>

<net id="182"><net_src comp="175" pin="1"/><net_sink comp="178" pin=0"/></net>

<net id="183"><net_src comp="26" pin="0"/><net_sink comp="178" pin=1"/></net>

<net id="188"><net_src comp="172" pin="1"/><net_sink comp="184" pin=0"/></net>

<net id="189"><net_src comp="28" pin="0"/><net_sink comp="184" pin=1"/></net>

<net id="195"><net_src comp="184" pin="2"/><net_sink comp="190" pin=0"/></net>

<net id="196"><net_src comp="18" pin="0"/><net_sink comp="190" pin=1"/></net>

<net id="197"><net_src comp="172" pin="1"/><net_sink comp="190" pin=2"/></net>

<net id="203"><net_src comp="184" pin="2"/><net_sink comp="198" pin=0"/></net>

<net id="204"><net_src comp="178" pin="2"/><net_sink comp="198" pin=1"/></net>

<net id="205"><net_src comp="175" pin="1"/><net_sink comp="198" pin=2"/></net>

<net id="210"><net_src comp="190" pin="3"/><net_sink comp="206" pin=0"/></net>

<net id="211"><net_src comp="26" pin="0"/><net_sink comp="206" pin=1"/></net>

<net id="216"><net_src comp="206" pin="2"/><net_sink comp="212" pin=0"/></net>

<net id="217"><net_src comp="28" pin="0"/><net_sink comp="212" pin=1"/></net>

<net id="222"><net_src comp="166" pin="2"/><net_sink comp="218" pin=0"/></net>

<net id="227"><net_src comp="198" pin="3"/><net_sink comp="223" pin=0"/></net>

<net id="232"><net_src comp="206" pin="2"/><net_sink comp="228" pin=0"/></net>

<net id="243"><net_src comp="236" pin="1"/><net_sink comp="239" pin=1"/></net>

<net id="247"><net_src comp="239" pin="2"/><net_sink comp="244" pin=0"/></net>

<net id="248"><net_src comp="244" pin="1"/><net_sink comp="94" pin=2"/></net>

<net id="254"><net_src comp="32" pin="0"/><net_sink comp="249" pin=0"/></net>

<net id="255"><net_src comp="18" pin="0"/><net_sink comp="249" pin=2"/></net>

<net id="261"><net_src comp="34" pin="0"/><net_sink comp="256" pin=0"/></net>

<net id="262"><net_src comp="36" pin="0"/><net_sink comp="256" pin=2"/></net>

<net id="266"><net_src comp="256" pin="3"/><net_sink comp="263" pin=0"/></net>

<net id="271"><net_src comp="249" pin="3"/><net_sink comp="267" pin=0"/></net>

<net id="272"><net_src comp="263" pin="1"/><net_sink comp="267" pin=1"/></net>

<net id="277"><net_src comp="267" pin="2"/><net_sink comp="273" pin=0"/></net>

<net id="278"><net_src comp="233" pin="1"/><net_sink comp="273" pin=1"/></net>

<net id="282"><net_src comp="273" pin="2"/><net_sink comp="279" pin=0"/></net>

<net id="283"><net_src comp="279" pin="1"/><net_sink comp="101" pin=2"/></net>

<net id="287"><net_src comp="108" pin="3"/><net_sink comp="284" pin=0"/></net>

<net id="291"><net_src comp="114" pin="3"/><net_sink comp="288" pin=0"/></net>

<net id="300"><net_src comp="20" pin="0"/><net_sink comp="295" pin=1"/></net>

<net id="301"><net_src comp="292" pin="1"/><net_sink comp="295" pin=2"/></net>

<net id="307"><net_src comp="38" pin="0"/><net_sink comp="302" pin=0"/></net>

<net id="308"><net_src comp="295" pin="3"/><net_sink comp="302" pin=1"/></net>

<net id="309"><net_src comp="16" pin="0"/><net_sink comp="302" pin=2"/></net>

<net id="316"><net_src comp="40" pin="0"/><net_sink comp="310" pin=0"/></net>

<net id="317"><net_src comp="42" pin="0"/><net_sink comp="310" pin=2"/></net>

<net id="318"><net_src comp="44" pin="0"/><net_sink comp="310" pin=3"/></net>

<net id="322"><net_src comp="310" pin="4"/><net_sink comp="319" pin=0"/></net>

<net id="327"><net_src comp="310" pin="4"/><net_sink comp="323" pin=0"/></net>

<net id="331"><net_src comp="328" pin="1"/><net_sink comp="120" pin=2"/></net>

<net id="338"><net_src comp="62" pin="0"/><net_sink comp="332" pin=0"/></net>

<net id="339"><net_src comp="64" pin="0"/><net_sink comp="332" pin=2"/></net>

<net id="340"><net_src comp="44" pin="0"/><net_sink comp="332" pin=3"/></net>

<net id="341"><net_src comp="332" pin="4"/><net_sink comp="127" pin=1"/></net>

<net id="347"><net_src comp="288" pin="1"/><net_sink comp="342" pin=0"/></net>

<net id="348"><net_src comp="284" pin="1"/><net_sink comp="342" pin=1"/></net>

<net id="349"><net_src comp="302" pin="3"/><net_sink comp="342" pin=2"/></net>

<net id="350"><net_src comp="342" pin="3"/><net_sink comp="310" pin=1"/></net>

<net id="355"><net_src comp="319" pin="1"/><net_sink comp="351" pin=0"/></net>

<net id="356"><net_src comp="351" pin="2"/><net_sink comp="332" pin=1"/></net>

<net id="360"><net_src comp="66" pin="1"/><net_sink comp="357" pin=0"/></net>

<net id="361"><net_src comp="357" pin="1"/><net_sink comp="152" pin=1"/></net>

<net id="362"><net_src comp="357" pin="1"/><net_sink comp="292" pin=0"/></net>

<net id="363"><net_src comp="357" pin="1"/><net_sink comp="323" pin=1"/></net>

<net id="367"><net_src comp="70" pin="1"/><net_sink comp="364" pin=0"/></net>

<net id="368"><net_src comp="364" pin="1"/><net_sink comp="147" pin=1"/></net>

<net id="369"><net_src comp="364" pin="1"/><net_sink comp="172" pin=0"/></net>

<net id="370"><net_src comp="364" pin="1"/><net_sink comp="228" pin=1"/></net>

<net id="374"><net_src comp="74" pin="1"/><net_sink comp="371" pin=0"/></net>

<net id="375"><net_src comp="371" pin="1"/><net_sink comp="142" pin=1"/></net>

<net id="376"><net_src comp="371" pin="1"/><net_sink comp="175" pin=0"/></net>

<net id="377"><net_src comp="371" pin="1"/><net_sink comp="223" pin=1"/></net>

<net id="381"><net_src comp="78" pin="1"/><net_sink comp="378" pin=0"/></net>

<net id="382"><net_src comp="378" pin="1"/><net_sink comp="137" pin=1"/></net>

<net id="383"><net_src comp="378" pin="1"/><net_sink comp="157" pin=0"/></net>

<net id="384"><net_src comp="378" pin="1"/><net_sink comp="218" pin=1"/></net>

<net id="388"><net_src comp="88" pin="2"/><net_sink comp="385" pin=0"/></net>

<net id="389"><net_src comp="385" pin="1"/><net_sink comp="239" pin=0"/></net>

<net id="393"><net_src comp="133" pin="1"/><net_sink comp="390" pin=0"/></net>

<net id="394"><net_src comp="390" pin="1"/><net_sink comp="351" pin=1"/></net>

<net id="398"><net_src comp="160" pin="2"/><net_sink comp="395" pin=0"/></net>

<net id="402"><net_src comp="184" pin="2"/><net_sink comp="399" pin=0"/></net>

<net id="403"><net_src comp="399" pin="1"/><net_sink comp="295" pin=0"/></net>

<net id="407"><net_src comp="190" pin="3"/><net_sink comp="404" pin=0"/></net>

<net id="408"><net_src comp="404" pin="1"/><net_sink comp="236" pin=0"/></net>

<net id="409"><net_src comp="404" pin="1"/><net_sink comp="249" pin=1"/></net>

<net id="410"><net_src comp="404" pin="1"/><net_sink comp="256" pin=1"/></net>

<net id="414"><net_src comp="198" pin="3"/><net_sink comp="411" pin=0"/></net>

<net id="415"><net_src comp="411" pin="1"/><net_sink comp="233" pin=0"/></net>

<net id="416"><net_src comp="411" pin="1"/><net_sink comp="328" pin=0"/></net>

<net id="420"><net_src comp="212" pin="2"/><net_sink comp="417" pin=0"/></net>

<net id="424"><net_src comp="94" pin="3"/><net_sink comp="421" pin=0"/></net>

<net id="425"><net_src comp="421" pin="1"/><net_sink comp="108" pin=0"/></net>

<net id="429"><net_src comp="101" pin="3"/><net_sink comp="426" pin=0"/></net>

<net id="430"><net_src comp="426" pin="1"/><net_sink comp="114" pin=0"/></net>

<net id="434"><net_src comp="284" pin="1"/><net_sink comp="431" pin=0"/></net>

<net id="435"><net_src comp="431" pin="1"/><net_sink comp="342" pin=1"/></net>

<net id="439"><net_src comp="288" pin="1"/><net_sink comp="436" pin=0"/></net>

<net id="440"><net_src comp="436" pin="1"/><net_sink comp="342" pin=0"/></net>

<net id="444"><net_src comp="302" pin="3"/><net_sink comp="441" pin=0"/></net>

<net id="445"><net_src comp="441" pin="1"/><net_sink comp="342" pin=0"/></net>

<net id="449"><net_src comp="319" pin="1"/><net_sink comp="446" pin=0"/></net>

<net id="450"><net_src comp="446" pin="1"/><net_sink comp="351" pin=0"/></net>

</net_list>

</model> 
---------------- Datapath Model END ------------------

* FSMD analyzer results:
  - Output states:
	Port: attended_V | {9 }
 - Input state : 
	Port: linear_attention_tiny_Pipeline_VITIS_LOOP_96_11_VITIS_LOOP_98_12 : sub_ln813 | {1 }
	Port: linear_attention_tiny_Pipeline_VITIS_LOOP_96_11_VITIS_LOOP_98_12 : Q_V | {2 3 }
	Port: linear_attention_tiny_Pipeline_VITIS_LOOP_96_11_VITIS_LOOP_98_12 : KV_V | {2 3 }
	Port: linear_attention_tiny_Pipeline_VITIS_LOOP_96_11_VITIS_LOOP_98_12 : sext_ln1270_2 | {1 }
  - Chain level:
	State 1
		store_ln0 : 1
		store_ln0 : 1
		store_ln0 : 1
		store_ln0 : 1
		indvar_flatten33_load : 1
		icmp_ln96 : 2
		add_ln96_1 : 2
		br_ln96 : 3
		d1_load : 1
		d2_load : 1
		add_ln96 : 2
		icmp_ln98 : 2
		select_ln96 : 3
		select_ln96_1 : 3
		add_ln98 : 4
		icmp_ln98_1 : 5
		br_ln98 : 6
		store_ln96 : 3
		store_ln96 : 4
		store_ln98 : 5
	State 2
		add_ln1271 : 1
		zext_ln1271_1 : 2
		Q_V_addr : 3
		zext_ln1273 : 1
		sub_ln1273 : 2
		add_ln1273 : 3
		zext_ln1273_1 : 4
		KV_V_addr : 5
		r_V_1 : 4
		KV_V_load : 6
	State 3
		sext_ln1347 : 1
		sext_ln1347_1 : 1
		mul_ln1347 : 2
	State 4
	State 5
		select_ln96_2 : 1
		lhs : 2
		ret_V : 3
	State 6
		numerator_V : 1
		sext_ln1270 : 2
		mul_ln1270 : 3
		store_ln818 : 2
	State 7
	State 8
	State 9
		trunc_ln818_5 : 1
		attended_V_addr : 1
		store_ln102 : 2


============================================================
+ Verbose Summary: Datapath Resource usage 
============================================================

* Functional unit list:
|----------|-------------------------------|---------|---------|---------|
| Operation|        Functional Unit        |   DSP   |    FF   |   LUT   |
|----------|-------------------------------|---------|---------|---------|
|          |       add_ln96_1_fu_166       |    0    |    0    |    14   |
|          |        add_ln96_fu_178        |    0    |    0    |    11   |
|    add   |        add_ln98_fu_206        |    0    |    0    |    11   |
|          |       add_ln1271_fu_239       |    0    |    0    |    14   |
|          |       add_ln1273_fu_273       |    0    |    0    |    7    |
|----------|-------------------------------|---------|---------|---------|
|          |       select_ln96_fu_190      |    0    |    0    |    3    |
|  select  |      select_ln96_1_fu_198     |    0    |    0    |    3    |
|          |      select_ln96_2_fu_295     |    0    |    0    |    24   |
|----------|-------------------------------|---------|---------|---------|
|          |        icmp_ln96_fu_160       |    0    |    0    |    10   |
|   icmp   |        icmp_ln98_fu_184       |    0    |    0    |    8    |
|          |       icmp_ln98_1_fu_212      |    0    |    0    |    8    |
|----------|-------------------------------|---------|---------|---------|
|    sub   |       sub_ln1273_fu_267       |    0    |    0    |    7    |
|----------|-------------------------------|---------|---------|---------|
|  muladd  |           grp_fu_342          |    1    |    0    |    0    |
|----------|-------------------------------|---------|---------|---------|
|    mul   |           grp_fu_351          |    1    |    0    |    0    |
|----------|-------------------------------|---------|---------|---------|
|   read   | sext_ln1270_2_read_read_fu_82 |    0    |    0    |    0    |
|          |   sub_ln813_read_read_fu_88   |    0    |    0    |    0    |
|----------|-------------------------------|---------|---------|---------|
|          |   sext_ln1270_2_cast_fu_133   |    0    |    0    |    0    |
|   sext   |       sext_ln1347_fu_284      |    0    |    0    |    0    |
|          |      sext_ln1347_1_fu_288     |    0    |    0    |    0    |
|          |       sext_ln1270_fu_319      |    0    |    0    |    0    |
|----------|-------------------------------|---------|---------|---------|
|          |        zext_ln98_fu_233       |    0    |    0    |    0    |
|          |       zext_ln1271_fu_236      |    0    |    0    |    0    |
|   zext   |      zext_ln1271_1_fu_244     |    0    |    0    |    0    |
|          |       zext_ln1273_fu_263      |    0    |    0    |    0    |
|          |      zext_ln1273_1_fu_279     |    0    |    0    |    0    |
|          |        zext_ln96_fu_328       |    0    |    0    |    0    |
|----------|-------------------------------|---------|---------|---------|
|          |          tmp_s_fu_249         |    0    |    0    |    0    |
|bitconcatenate|          tmp_1_fu_256         |    0    |    0    |    0    |
|          |           lhs_fu_302          |    0    |    0    |    0    |
|----------|-------------------------------|---------|---------|---------|
|partselect|       numerator_V_fu_310      |    0    |    0    |    0    |
|          |      trunc_ln818_5_fu_332     |    0    |    0    |    0    |
|----------|-------------------------------|---------|---------|---------|
|   Total  |                               |    2    |    0    |   120   |
|----------|-------------------------------|---------|---------|---------|

Memories:
N/A

* Register list:
+--------------------------+--------+
|                          |   FF   |
+--------------------------+--------+
|     KV_V_addr_reg_426    |    6   |
|     Q_V_addr_reg_421     |    7   |
|        d1_reg_364        |    3   |
|        d2_reg_371        |    3   |
|     icmp_ln96_reg_395    |    1   |
|    icmp_ln98_1_reg_417   |    1   |
|     icmp_ln98_reg_399    |    1   |
| indvar_flatten33_reg_378 |    6   |
|        lhs_reg_441       |   30   |
|        r_V_reg_357       |   24   |
|   select_ln96_1_reg_411  |    3   |
|    select_ln96_reg_404   |    3   |
|sext_ln1270_2_cast_reg_390|   30   |
|    sext_ln1270_reg_446   |   30   |
|   sext_ln1347_1_reg_436  |   30   |
|    sext_ln1347_reg_431   |   30   |
|  sub_ln813_read_reg_385  |    7   |
+--------------------------+--------+
|           Total          |   215  |
+--------------------------+--------+

* Multiplexer (MUX) list: 
|-------------------|------|------|------|--------||---------||---------|
|        Comp       |  Pin | Size |  BW  | S x BW ||  Delay  ||   LUT   |
|-------------------|------|------|------|--------||---------||---------|
| grp_access_fu_108 |  p0  |   2  |   7  |   14   ||    9    |
| grp_access_fu_114 |  p0  |   2  |   6  |   12   ||    9    |
|     grp_fu_342    |  p0  |   3  |  16  |   48   ||    14   |
|     grp_fu_342    |  p1  |   2  |  16  |   32   ||    9    |
|     grp_fu_351    |  p0  |   2  |  24  |   48   ||    9    |
|-------------------|------|------|------|--------||---------||---------|
|       Total       |      |      |      |   154  ||  8.0593 ||    50   |
|-------------------|------|------|------|--------||---------||---------|



* Summary:
+-----------+--------+--------+--------+--------+
|           |   DSP  |  Delay |   FF   |   LUT  |
+-----------+--------+--------+--------+--------+
|  Function |    2   |    -   |    0   |   120  |
|   Memory  |    -   |    -   |    -   |    -   |
|Multiplexer|    -   |    8   |    -   |   50   |
|  Register |    -   |    -   |   215  |    -   |
+-----------+--------+--------+--------+--------+
|   Total   |    2   |    8   |   215  |   170  |
+-----------+--------+--------+--------+--------+
