

================================================================
== Vitis HLS Report for 'unsw_linear_transformer_Pipeline_VITIS_LOOP_298_36'
================================================================
* Date:           Mon Jun 29 21:59:36 2026

* Version:        2022.2 (Build 3670227 on Oct 13 2022)
* Project:        unsw_linear_transformer_fixed16_v3a_ii2_prj
* Solution:       solution1 (Vivado IP Flow Target)
* Product family: zynq
* Target device:  xc7z020-clg400-1


================================================================
== Performance Estimates
================================================================
+ Timing: 
    * Summary: 
    +--------+----------+----------+------------+
    |  Clock |  Target  | Estimated| Uncertainty|
    +--------+----------+----------+------------+
    |ap_clk  |  10.00 ns|  7.066 ns|     2.70 ns|
    +--------+----------+----------+------------+

+ Latency: 
    * Summary: 
    +---------+---------+----------+----------+-----+-----+---------+
    |  Latency (cycles) |  Latency (absolute) |  Interval | Pipeline|
    |   min   |   max   |    min   |    max   | min | max |   Type  |
    +---------+---------+----------+----------+-----+-----+---------+
    |       38|       38|  0.380 us|  0.380 us|   38|   38|       no|
    +---------+---------+----------+----------+-----+-----+---------+

    + Detail: 
        * Instance: 
        N/A

        * Loop: 
        +---------------------+---------+---------+----------+-----------+-----------+------+----------+
        |                     |  Latency (cycles) | Iteration|  Initiation Interval  | Trip |          |
        |      Loop Name      |   min   |   max   |  Latency |  achieved |   target  | Count| Pipelined|
        +---------------------+---------+---------+----------+-----------+-----------+------+----------+
        |- VITIS_LOOP_298_36  |       36|       36|         7|          2|          2|    16|       yes|
        +---------------------+---------+---------+----------+-----------+-----------+------+----------+

============================================================
+ Verbose Summary: Synthesis Manager
============================================================
InlineROM: 1
ExposeGlobal: 0
============================================================
+ Verbose Summary: CDFG Model
============================================================
IsTopModel: 0
ResetActiveHigh: 1
IsCombinational: 0
IsDatapathOnly: 0
HasWiredReturn: 1
HasMFsm: 2
HasVarLatency: 1
IsPipeline: 0
IsRtlPipelined: 0
IsInstanceOverlapped: 0
IsDontTouch: 0
HasImplIP: 0
IsGatedGlobalClock: 0

+ Individual pipeline summary: 
  * Pipeline-0: initiation interval (II) = 2, depth = 7


============================================================
+ Verbose Summary: Schedule
============================================================
* Number of FSM states : 7
* Pipeline : 1
  Pipeline-0 : II = 2, D = 7, States = { 1 2 3 4 5 6 7 }
* Dataflow Pipeline: 0

* FSM state transitions: 
1 --> 2 
2 --> 3 
3 --> 4 
4 --> 5 
5 --> 6 
6 --> 7 
7 --> 

* FSM state operations: 

State 1 <SV = 0> <Delay = 4.10>
ST_1 : Operation 10 [1/1] (0.00ns)   --->   "%lhs = alloca i32 1"   --->   Operation 10 'alloca' 'lhs' <Predicate = true> <Delay = 0.00>
ST_1 : Operation 11 [1/1] (0.00ns)   --->   "%feature = alloca i32 1"   --->   Operation 11 'alloca' 'feature' <Predicate = true> <Delay = 0.00>
ST_1 : Operation 12 [1/1] (0.00ns)   --->   "%zext_ln837_19_read = read i5 @_ssdm_op_Read.ap_auto.i5, i5 %zext_ln837_19"   --->   Operation 12 'read' 'zext_ln837_19_read' <Predicate = true> <Delay = 0.00>
ST_1 : Operation 13 [1/1] (0.00ns)   --->   "%select_ln297_read = read i12 @_ssdm_op_Read.ap_auto.i12, i12 %select_ln297"   --->   Operation 13 'read' 'select_ln297_read' <Predicate = true> <Delay = 0.00>
ST_1 : Operation 14 [1/1] (0.00ns)   --->   "%select_ln297_cast = zext i12 %select_ln297_read"   --->   Operation 14 'zext' 'select_ln297_cast' <Predicate = true> <Delay = 0.00>
ST_1 : Operation 15 [1/1] (1.58ns)   --->   "%store_ln0 = store i5 0, i5 %feature"   --->   Operation 15 'store' 'store_ln0' <Predicate = true> <Delay = 1.58>
ST_1 : Operation 16 [1/1] (1.58ns)   --->   "%store_ln0 = store i24 %select_ln297_cast, i24 %lhs"   --->   Operation 16 'store' 'store_ln0' <Predicate = true> <Delay = 1.58>
ST_1 : Operation 17 [1/1] (0.00ns)   --->   "%br_ln0 = br void %for.body724"   --->   Operation 17 'br' 'br_ln0' <Predicate = true> <Delay = 0.00>
ST_1 : Operation 18 [1/1] (0.00ns)   --->   "%feature_1 = load i5 %feature"   --->   Operation 18 'load' 'feature_1' <Predicate = true> <Delay = 0.00>
ST_1 : Operation 19 [1/1] (1.36ns)   --->   "%icmp_ln298 = icmp_eq  i5 %feature_1, i5 16" [src/unsw_linear_transformer.cpp:298]   --->   Operation 19 'icmp' 'icmp_ln298' <Predicate = true> <Delay = 1.36> <CoreInst = "Cmp">   --->   Core 9 'Cmp' <Latency = 0> <II = 1> <Delay = 1.36> <FuncUnit> <Opcode : 'icmp'> <InPorts = 2> <OutPorts = 1>
ST_1 : Operation 20 [1/1] (0.00ns)   --->   "%empty = speclooptripcount i32 @_ssdm_op_SpecLoopTripCount, i64 16, i64 16, i64 16"   --->   Operation 20 'speclooptripcount' 'empty' <Predicate = true> <Delay = 0.00>
ST_1 : Operation 21 [1/1] (1.78ns)   --->   "%add_ln298 = add i5 %feature_1, i5 1" [src/unsw_linear_transformer.cpp:298]   --->   Operation 21 'add' 'add_ln298' <Predicate = true> <Delay = 1.78> <CoreInst = "Adder">   --->   Core 1 'Adder' <Latency = 0> <II = 1> <Delay = 1.78> <FuncUnit> <Opcode : 'add' 'sub'> <InPorts = 2> <OutPorts = 1>
ST_1 : Operation 22 [1/1] (0.00ns)   --->   "%br_ln298 = br i1 %icmp_ln298, void %for.body724.split_ifconv, void %for.end737_ifconv.exitStub" [src/unsw_linear_transformer.cpp:298]   --->   Operation 22 'br' 'br_ln298' <Predicate = true> <Delay = 0.00>
ST_1 : Operation 23 [1/1] (0.00ns)   --->   "%zext_ln298 = zext i5 %feature_1" [src/unsw_linear_transformer.cpp:298]   --->   Operation 23 'zext' 'zext_ln298' <Predicate = (!icmp_ln298)> <Delay = 0.00>
ST_1 : Operation 24 [1/1] (1.78ns)   --->   "%add_ln837 = add i5 %zext_ln837_19_read, i5 %feature_1"   --->   Operation 24 'add' 'add_ln837' <Predicate = (!icmp_ln298)> <Delay = 1.78> <CoreInst = "Adder">   --->   Core 1 'Adder' <Latency = 0> <II = 1> <Delay = 1.78> <FuncUnit> <Opcode : 'add' 'sub'> <InPorts = 2> <OutPorts = 1>
ST_1 : Operation 25 [1/1] (0.00ns)   --->   "%zext_ln837 = zext i5 %add_ln837"   --->   Operation 25 'zext' 'zext_ln837' <Predicate = (!icmp_ln298)> <Delay = 0.00>
ST_1 : Operation 26 [1/1] (0.00ns)   --->   "%CLASSIFIER_WEIGHT_V_addr = getelementptr i11 %CLASSIFIER_WEIGHT_V, i64 0, i64 %zext_ln837"   --->   Operation 26 'getelementptr' 'CLASSIFIER_WEIGHT_V_addr' <Predicate = (!icmp_ln298)> <Delay = 0.00>
ST_1 : Operation 27 [1/1] (0.00ns)   --->   "%normalized_output_addr = getelementptr i16 %normalized_output, i64 0, i64 %zext_ln298"   --->   Operation 27 'getelementptr' 'normalized_output_addr' <Predicate = (!icmp_ln298)> <Delay = 0.00>
ST_1 : Operation 28 [2/2] (2.32ns)   --->   "%normalized_output_load = load i4 %normalized_output_addr"   --->   Operation 28 'load' 'normalized_output_load' <Predicate = (!icmp_ln298)> <Delay = 2.32> <CoreInst = "RAM">   --->   Core 82 'RAM' <Latency = 1> <II = 1> <Delay = 2.32> <Storage> <Opcode : 'load' 'store'> <Ports = 2> <Width = 16> <Depth = 16> <RAM>
ST_1 : Operation 29 [2/2] (2.32ns)   --->   "%CLASSIFIER_WEIGHT_V_load = load i5 %CLASSIFIER_WEIGHT_V_addr"   --->   Operation 29 'load' 'CLASSIFIER_WEIGHT_V_load' <Predicate = (!icmp_ln298)> <Delay = 2.32> <CoreInst = "ROM">   --->   Core 95 'ROM' <Latency = 1> <II = 1> <Delay = 2.32> <Storage> <Opcode : 'load'> <Ports = 0> <Width = 11> <Depth = 32> <ROM>
ST_1 : Operation 30 [1/1] (1.58ns)   --->   "%store_ln298 = store i5 %add_ln298, i5 %feature" [src/unsw_linear_transformer.cpp:298]   --->   Operation 30 'store' 'store_ln298' <Predicate = (!icmp_ln298)> <Delay = 1.58>

State 2 <SV = 1> <Delay = 4.47>
ST_2 : Operation 31 [1/2] (2.32ns)   --->   "%normalized_output_load = load i4 %normalized_output_addr"   --->   Operation 31 'load' 'normalized_output_load' <Predicate = (!icmp_ln298)> <Delay = 2.32> <CoreInst = "RAM">   --->   Core 82 'RAM' <Latency = 1> <II = 1> <Delay = 2.32> <Storage> <Opcode : 'load' 'store'> <Ports = 2> <Width = 16> <Depth = 16> <RAM>
ST_2 : Operation 32 [1/1] (0.00ns)   --->   "%r_V = bitconcatenate i20 @_ssdm_op_BitConcatenate.i20.i16.i4, i16 %normalized_output_load, i4 0"   --->   Operation 32 'bitconcatenate' 'r_V' <Predicate = (!icmp_ln298)> <Delay = 0.00>
ST_2 : Operation 33 [1/2] (2.32ns)   --->   "%CLASSIFIER_WEIGHT_V_load = load i5 %CLASSIFIER_WEIGHT_V_addr"   --->   Operation 33 'load' 'CLASSIFIER_WEIGHT_V_load' <Predicate = (!icmp_ln298)> <Delay = 2.32> <CoreInst = "ROM">   --->   Core 95 'ROM' <Latency = 1> <II = 1> <Delay = 2.32> <Storage> <Opcode : 'load'> <Ports = 0> <Width = 11> <Depth = 32> <ROM>
ST_2 : Operation 34 [1/1] (0.00ns)   --->   "%shl_ln838_s = bitconcatenate i15 @_ssdm_op_BitConcatenate.i15.i11.i4, i11 %CLASSIFIER_WEIGHT_V_load, i4 0"   --->   Operation 34 'bitconcatenate' 'shl_ln838_s' <Predicate = (!icmp_ln298)> <Delay = 0.00>
ST_2 : Operation 35 [1/1] (0.00ns)   --->   "%sext_ln1270 = sext i20 %r_V"   --->   Operation 35 'sext' 'sext_ln1270' <Predicate = (!icmp_ln298)> <Delay = 0.00>
ST_2 : Operation 36 [1/1] (0.00ns)   --->   "%sext_ln1273 = sext i15 %shl_ln838_s"   --->   Operation 36 'sext' 'sext_ln1273' <Predicate = (!icmp_ln298)> <Delay = 0.00>
ST_2 : Operation 37 [4/4] (2.15ns) (root node of the DSP)   --->   "%r_V_2 = mul i35 %sext_ln1273, i35 %sext_ln1270"   --->   Operation 37 'mul' 'r_V_2' <Predicate = (!icmp_ln298)> <Delay = 2.15> <CoreInst = "DSP48">   --->   Core 119 'DSP48' <Latency = 3> <II = 1> <Delay = 2.15> <IPBlock> <Opcode : 'mul' 'add' 'sub' 'select'> <InPorts = 0> <OutPorts = 1> <Sync> <CReg>

State 3 <SV = 2> <Delay = 2.15>
ST_3 : Operation 38 [3/4] (2.15ns) (root node of the DSP)   --->   "%r_V_2 = mul i35 %sext_ln1273, i35 %sext_ln1270"   --->   Operation 38 'mul' 'r_V_2' <Predicate = true> <Delay = 2.15> <CoreInst = "DSP48">   --->   Core 119 'DSP48' <Latency = 3> <II = 1> <Delay = 2.15> <IPBlock> <Opcode : 'mul' 'add' 'sub' 'select'> <InPorts = 0> <OutPorts = 1> <Sync> <CReg>

State 4 <SV = 3> <Delay = 2.15>
ST_4 : Operation 39 [2/4] (2.15ns) (root node of the DSP)   --->   "%r_V_2 = mul i35 %sext_ln1273, i35 %sext_ln1270"   --->   Operation 39 'mul' 'r_V_2' <Predicate = true> <Delay = 2.15> <CoreInst = "DSP48">   --->   Core 119 'DSP48' <Latency = 3> <II = 1> <Delay = 2.15> <IPBlock> <Opcode : 'mul' 'add' 'sub' 'select'> <InPorts = 0> <OutPorts = 1> <Sync> <CReg>

State 5 <SV = 4> <Delay = 0.00>
ST_5 : Operation 40 [1/4] (0.00ns) (root node of the DSP)   --->   "%r_V_2 = mul i35 %sext_ln1273, i35 %sext_ln1270"   --->   Operation 40 'mul' 'r_V_2' <Predicate = true> <Delay = 0.00> <CoreInst = "DSP48">   --->   Core 119 'DSP48' <Latency = 3> <II = 1> <Delay = 2.15> <IPBlock> <Opcode : 'mul' 'add' 'sub' 'select'> <InPorts = 0> <OutPorts = 1> <Sync> <CReg>
ST_5 : Operation 41 [1/1] (0.00ns)   --->   "%tmp = bitselect i1 @_ssdm_op_BitSelect.i1.i35.i32, i35 %r_V_2, i32 13"   --->   Operation 41 'bitselect' 'tmp' <Predicate = true> <Delay = 0.00>
ST_5 : Operation 81 [1/1] (0.00ns)   --->   "%lhs_load = load i24 %lhs"   --->   Operation 81 'load' 'lhs_load' <Predicate = (icmp_ln298)> <Delay = 0.00>
ST_5 : Operation 82 [1/1] (0.00ns)   --->   "%write_ln0 = write void @_ssdm_op_Write.ap_auto.i24P0A, i24 %sum_V_73_out, i24 %lhs_load"   --->   Operation 82 'write' 'write_ln0' <Predicate = (icmp_ln298)> <Delay = 0.00>
ST_5 : Operation 83 [1/1] (0.00ns)   --->   "%ret_ln0 = ret"   --->   Operation 83 'ret' 'ret_ln0' <Predicate = (icmp_ln298)> <Delay = 0.00>

State 6 <SV = 5> <Delay = 7.06>
ST_6 : Operation 42 [1/1] (0.00ns)   --->   "%lhs_load_1 = load i24 %lhs"   --->   Operation 42 'load' 'lhs_load_1' <Predicate = true> <Delay = 0.00>
ST_6 : Operation 43 [1/1] (0.00ns)   --->   "%lhs_1 = bitconcatenate i38 @_ssdm_op_BitConcatenate.i38.i24.i14, i24 %lhs_load_1, i14 0"   --->   Operation 43 'bitconcatenate' 'lhs_1' <Predicate = true> <Delay = 0.00>
ST_6 : Operation 44 [1/1] (0.00ns)   --->   "%sext_ln1347 = sext i38 %lhs_1"   --->   Operation 44 'sext' 'sext_ln1347' <Predicate = true> <Delay = 0.00>
ST_6 : Operation 45 [1/1] (0.00ns)   --->   "%sext_ln1347_1 = sext i35 %r_V_2"   --->   Operation 45 'sext' 'sext_ln1347_1' <Predicate = true> <Delay = 0.00>
ST_6 : Operation 46 [1/1] (0.00ns)   --->   "%sext_ln1347_2 = sext i35 %r_V_2"   --->   Operation 46 'sext' 'sext_ln1347_2' <Predicate = true> <Delay = 0.00>
ST_6 : Operation 47 [1/1] (2.79ns)   --->   "%ret_V = add i39 %sext_ln1347, i39 %sext_ln1347_1"   --->   Operation 47 'add' 'ret_V' <Predicate = true> <Delay = 2.79> <CoreInst = "Adder">   --->   Core 1 'Adder' <Latency = 0> <II = 1> <Delay = 2.79> <FuncUnit> <Opcode : 'add' 'sub'> <InPorts = 2> <OutPorts = 1>
ST_6 : Operation 48 [1/1] (2.79ns)   --->   "%add_ln1347_1 = add i38 %lhs_1, i38 %sext_ln1347_2"   --->   Operation 48 'add' 'add_ln1347_1' <Predicate = true> <Delay = 2.79> <CoreInst = "Adder">   --->   Core 1 'Adder' <Latency = 0> <II = 1> <Delay = 2.79> <FuncUnit> <Opcode : 'add' 'sub'> <InPorts = 2> <OutPorts = 1>
ST_6 : Operation 49 [1/1] (0.00ns)   --->   "%p_Result_s = bitselect i1 @_ssdm_op_BitSelect.i1.i39.i32, i39 %ret_V, i32 38"   --->   Operation 49 'bitselect' 'p_Result_s' <Predicate = true> <Delay = 0.00>
ST_6 : Operation 50 [1/1] (0.00ns)   --->   "%sum_V_1 = partselect i24 @_ssdm_op_PartSelect.i24.i38.i32.i32, i38 %add_ln1347_1, i32 14, i32 37"   --->   Operation 50 'partselect' 'sum_V_1' <Predicate = true> <Delay = 0.00>
ST_6 : Operation 51 [1/1] (0.00ns)   --->   "%p_Result_9 = bitselect i1 @_ssdm_op_BitSelect.i1.i38.i32, i38 %add_ln1347_1, i32 37"   --->   Operation 51 'bitselect' 'p_Result_9' <Predicate = true> <Delay = 0.00>
ST_6 : Operation 52 [1/1] (0.00ns)   --->   "%zext_ln377 = zext i1 %tmp"   --->   Operation 52 'zext' 'zext_ln377' <Predicate = true> <Delay = 0.00>
ST_6 : Operation 53 [1/1] (2.31ns)   --->   "%sum_V_2 = add i24 %zext_ln377, i24 %sum_V_1"   --->   Operation 53 'add' 'sum_V_2' <Predicate = true> <Delay = 2.31> <CoreInst = "Adder">   --->   Core 1 'Adder' <Latency = 0> <II = 1> <Delay = 2.31> <FuncUnit> <Opcode : 'add' 'sub'> <InPorts = 2> <OutPorts = 1>
ST_6 : Operation 54 [1/1] (0.00ns)   --->   "%p_Result_10 = bitselect i1 @_ssdm_op_BitSelect.i1.i24.i32, i24 %sum_V_2, i32 23"   --->   Operation 54 'bitselect' 'p_Result_10' <Predicate = true> <Delay = 0.00>
ST_6 : Operation 55 [1/1] (0.97ns)   --->   "%xor_ln896 = xor i1 %p_Result_10, i1 1"   --->   Operation 55 'xor' 'xor_ln896' <Predicate = true> <Delay = 0.97> <CoreInst = "LogicGate">   --->   Core 74 'LogicGate' <Latency = 0> <II = 1> <Delay = 0.97> <FuncUnit> <Opcode : 'and' 'or' 'xor'> <InPorts = 2> <OutPorts = 1>
ST_6 : Operation 56 [1/1] (0.00ns)   --->   "%Range2_all_ones = bitselect i1 @_ssdm_op_BitSelect.i1.i39.i32, i39 %ret_V, i32 38"   --->   Operation 56 'bitselect' 'Range2_all_ones' <Predicate = true> <Delay = 0.00>
ST_6 : Operation 57 [1/1] (0.00ns) (grouped into LUT with out node or_ln888)   --->   "%xor_ln888 = xor i1 %p_Result_9, i1 1"   --->   Operation 57 'xor' 'xor_ln888' <Predicate = true> <Delay = 0.00> <CoreInst = "LogicGate">   --->   Core 74 'LogicGate' <Latency = 0> <II = 1> <Delay = 0.97> <FuncUnit> <Opcode : 'and' 'or' 'xor'> <InPorts = 2> <OutPorts = 1>
ST_6 : Operation 58 [1/1] (0.97ns) (out node of the LUT)   --->   "%or_ln888 = or i1 %p_Result_10, i1 %xor_ln888"   --->   Operation 58 'or' 'or_ln888' <Predicate = true> <Delay = 0.97> <CoreInst = "LogicGate">   --->   Core 74 'LogicGate' <Latency = 0> <II = 1> <Delay = 0.97> <FuncUnit> <Opcode : 'and' 'or' 'xor'> <InPorts = 2> <OutPorts = 1>
ST_6 : Operation 59 [1/1] (0.00ns) (grouped into LUT with out node overflow)   --->   "%deleted_zeros = xor i1 %Range2_all_ones, i1 %or_ln888"   --->   Operation 59 'xor' 'deleted_zeros' <Predicate = true> <Delay = 0.00> <CoreInst = "LogicGate">   --->   Core 74 'LogicGate' <Latency = 0> <II = 1> <Delay = 0.97> <FuncUnit> <Opcode : 'and' 'or' 'xor'> <InPorts = 2> <OutPorts = 1>
ST_6 : Operation 60 [1/1] (0.00ns) (grouped into LUT with out node or_ln896)   --->   "%tmp_11 = bitselect i1 @_ssdm_op_BitSelect.i1.i39.i32, i39 %ret_V, i32 38"   --->   Operation 60 'bitselect' 'tmp_11' <Predicate = true> <Delay = 0.00>
ST_6 : Operation 61 [1/1] (0.00ns) (grouped into LUT with out node or_ln896)   --->   "%xor_ln890 = xor i1 %tmp_11, i1 1"   --->   Operation 61 'xor' 'xor_ln890' <Predicate = true> <Delay = 0.00> <CoreInst = "LogicGate">   --->   Core 74 'LogicGate' <Latency = 0> <II = 1> <Delay = 0.97> <FuncUnit> <Opcode : 'and' 'or' 'xor'> <InPorts = 2> <OutPorts = 1>
ST_6 : Operation 62 [1/1] (0.00ns) (grouped into LUT with out node or_ln896)   --->   "%or_ln890 = or i1 %or_ln888, i1 %xor_ln890"   --->   Operation 62 'or' 'or_ln890' <Predicate = true> <Delay = 0.00> <CoreInst = "LogicGate">   --->   Core 74 'LogicGate' <Latency = 0> <II = 1> <Delay = 0.97> <FuncUnit> <Opcode : 'and' 'or' 'xor'> <InPorts = 2> <OutPorts = 1>
ST_6 : Operation 63 [1/1] (0.00ns) (grouped into LUT with out node or_ln896)   --->   "%deleted_ones = and i1 %Range2_all_ones, i1 %or_ln890"   --->   Operation 63 'and' 'deleted_ones' <Predicate = true> <Delay = 0.00> <CoreInst = "LogicGate">   --->   Core 74 'LogicGate' <Latency = 0> <II = 1> <Delay = 0.97> <FuncUnit> <Opcode : 'and' 'or' 'xor'> <InPorts = 2> <OutPorts = 1>
ST_6 : Operation 64 [1/1] (0.00ns) (grouped into LUT with out node overflow)   --->   "%xor_ln895 = xor i1 %deleted_zeros, i1 1"   --->   Operation 64 'xor' 'xor_ln895' <Predicate = true> <Delay = 0.00> <CoreInst = "LogicGate">   --->   Core 74 'LogicGate' <Latency = 0> <II = 1> <Delay = 0.97> <FuncUnit> <Opcode : 'and' 'or' 'xor'> <InPorts = 2> <OutPorts = 1>
ST_6 : Operation 65 [1/1] (0.00ns) (grouped into LUT with out node overflow)   --->   "%or_ln895 = or i1 %p_Result_10, i1 %xor_ln895"   --->   Operation 65 'or' 'or_ln895' <Predicate = true> <Delay = 0.00> <CoreInst = "LogicGate">   --->   Core 74 'LogicGate' <Latency = 0> <II = 1> <Delay = 0.97> <FuncUnit> <Opcode : 'and' 'or' 'xor'> <InPorts = 2> <OutPorts = 1>
ST_6 : Operation 66 [1/1] (0.00ns) (grouped into LUT with out node overflow)   --->   "%xor_ln895_1 = xor i1 %p_Result_s, i1 1"   --->   Operation 66 'xor' 'xor_ln895_1' <Predicate = true> <Delay = 0.00> <CoreInst = "LogicGate">   --->   Core 74 'LogicGate' <Latency = 0> <II = 1> <Delay = 0.97> <FuncUnit> <Opcode : 'and' 'or' 'xor'> <InPorts = 2> <OutPorts = 1>
ST_6 : Operation 67 [1/1] (0.97ns) (out node of the LUT)   --->   "%overflow = and i1 %or_ln895, i1 %xor_ln895_1"   --->   Operation 67 'and' 'overflow' <Predicate = true> <Delay = 0.97> <CoreInst = "LogicGate">   --->   Core 74 'LogicGate' <Latency = 0> <II = 1> <Delay = 0.97> <FuncUnit> <Opcode : 'and' 'or' 'xor'> <InPorts = 2> <OutPorts = 1>
ST_6 : Operation 68 [1/1] (0.00ns) (grouped into LUT with out node or_ln896)   --->   "%xor_ln896_1 = xor i1 %deleted_ones, i1 1"   --->   Operation 68 'xor' 'xor_ln896_1' <Predicate = true> <Delay = 0.00> <CoreInst = "LogicGate">   --->   Core 74 'LogicGate' <Latency = 0> <II = 1> <Delay = 0.97> <FuncUnit> <Opcode : 'and' 'or' 'xor'> <InPorts = 2> <OutPorts = 1>
ST_6 : Operation 69 [1/1] (0.97ns) (out node of the LUT)   --->   "%or_ln896 = or i1 %xor_ln896, i1 %xor_ln896_1"   --->   Operation 69 'or' 'or_ln896' <Predicate = true> <Delay = 0.97> <CoreInst = "LogicGate">   --->   Core 74 'LogicGate' <Latency = 0> <II = 1> <Delay = 0.97> <FuncUnit> <Opcode : 'and' 'or' 'xor'> <InPorts = 2> <OutPorts = 1>

State 7 <SV = 6> <Delay = 3.26>
ST_7 : Operation 70 [1/1] (0.00ns)   --->   "%specpipeline_ln299 = specpipeline void @_ssdm_op_SpecPipeline, i32 2, i32 0, i32 0, i32 0, void @empty_9" [src/unsw_linear_transformer.cpp:299]   --->   Operation 70 'specpipeline' 'specpipeline_ln299' <Predicate = true> <Delay = 0.00>
ST_7 : Operation 71 [1/1] (0.00ns)   --->   "%specloopname_ln297 = specloopname void @_ssdm_op_SpecLoopName, void @empty_3" [src/unsw_linear_transformer.cpp:297]   --->   Operation 71 'specloopname' 'specloopname_ln297' <Predicate = true> <Delay = 0.00>
ST_7 : Operation 72 [1/1] (0.00ns) (grouped into LUT with out node or_ln346)   --->   "%carry_2 = and i1 %p_Result_9, i1 %xor_ln896"   --->   Operation 72 'and' 'carry_2' <Predicate = true> <Delay = 0.00> <CoreInst = "LogicGate">   --->   Core 74 'LogicGate' <Latency = 0> <II = 1> <Delay = 0.97> <FuncUnit> <Opcode : 'and' 'or' 'xor'> <InPorts = 2> <OutPorts = 1>
ST_7 : Operation 73 [1/1] (0.00ns) (grouped into LUT with out node or_ln346)   --->   "%and_ln891 = and i1 %carry_2, i1 %Range2_all_ones"   --->   Operation 73 'and' 'and_ln891' <Predicate = true> <Delay = 0.00> <CoreInst = "LogicGate">   --->   Core 74 'LogicGate' <Latency = 0> <II = 1> <Delay = 0.97> <FuncUnit> <Opcode : 'and' 'or' 'xor'> <InPorts = 2> <OutPorts = 1>
ST_7 : Operation 74 [1/1] (0.00ns) (grouped into LUT with out node or_ln346)   --->   "%xor_ln896_2 = xor i1 %and_ln891, i1 %or_ln896"   --->   Operation 74 'xor' 'xor_ln896_2' <Predicate = true> <Delay = 0.00> <CoreInst = "LogicGate">   --->   Core 74 'LogicGate' <Latency = 0> <II = 1> <Delay = 0.97> <FuncUnit> <Opcode : 'and' 'or' 'xor'> <InPorts = 2> <OutPorts = 1>
ST_7 : Operation 75 [1/1] (0.00ns) (grouped into LUT with out node or_ln346)   --->   "%underflow = and i1 %xor_ln896_2, i1 %p_Result_s"   --->   Operation 75 'and' 'underflow' <Predicate = true> <Delay = 0.00> <CoreInst = "LogicGate">   --->   Core 74 'LogicGate' <Latency = 0> <II = 1> <Delay = 0.97> <FuncUnit> <Opcode : 'and' 'or' 'xor'> <InPorts = 2> <OutPorts = 1>
ST_7 : Operation 76 [1/1] (0.00ns) (grouped into LUT with out node sum_V)   --->   "%select_ln346 = select i1 %overflow, i24 8388607, i24 8388608"   --->   Operation 76 'select' 'select_ln346' <Predicate = true> <Delay = 0.00> <CoreInst = "Sel">   --->   Core 73 'Sel' <Latency = 0> <II = 1> <Delay = 0.69> <FuncUnit> <Opcode : 'select'> <InPorts = 3> <OutPorts = 1>
ST_7 : Operation 77 [1/1] (0.97ns) (out node of the LUT)   --->   "%or_ln346 = or i1 %overflow, i1 %underflow"   --->   Operation 77 'or' 'or_ln346' <Predicate = true> <Delay = 0.97> <CoreInst = "LogicGate">   --->   Core 74 'LogicGate' <Latency = 0> <II = 1> <Delay = 0.97> <FuncUnit> <Opcode : 'and' 'or' 'xor'> <InPorts = 2> <OutPorts = 1>
ST_7 : Operation 78 [1/1] (0.69ns) (out node of the LUT)   --->   "%sum_V = select i1 %or_ln346, i24 %select_ln346, i24 %sum_V_2"   --->   Operation 78 'select' 'sum_V' <Predicate = true> <Delay = 0.69> <CoreInst = "Sel">   --->   Core 73 'Sel' <Latency = 0> <II = 1> <Delay = 0.69> <FuncUnit> <Opcode : 'select'> <InPorts = 3> <OutPorts = 1>
ST_7 : Operation 79 [1/1] (1.58ns)   --->   "%store_ln298 = store i24 %sum_V, i24 %lhs" [src/unsw_linear_transformer.cpp:298]   --->   Operation 79 'store' 'store_ln298' <Predicate = true> <Delay = 1.58>
ST_7 : Operation 80 [1/1] (0.00ns)   --->   "%br_ln298 = br void %for.body724" [src/unsw_linear_transformer.cpp:298]   --->   Operation 80 'br' 'br_ln298' <Predicate = true> <Delay = 0.00>


============================================================
+ Verbose Summary: Timing violations
============================================================
Target clock period: 10ns, clock uncertainty: 2.7ns.

 <State 1>: 4.1ns
The critical path consists of the following:
	'alloca' operation ('feature') [7]  (0 ns)
	'load' operation ('feature') on local variable 'feature' [15]  (0 ns)
	'add' operation ('add_ln837') [23]  (1.78 ns)
	'getelementptr' operation ('CLASSIFIER_WEIGHT_V_addr') [25]  (0 ns)
	'load' operation ('CLASSIFIER_WEIGHT_V_load') on array 'CLASSIFIER_WEIGHT_V' [31]  (2.32 ns)

 <State 2>: 4.47ns
The critical path consists of the following:
	'load' operation ('normalized_output_load') on array 'normalized_output' [29]  (2.32 ns)
	'mul' operation of DSP[35] ('r.V') [35]  (2.15 ns)

 <State 3>: 2.15ns
The critical path consists of the following:
	'mul' operation of DSP[35] ('r.V') [35]  (2.15 ns)

 <State 4>: 2.15ns
The critical path consists of the following:
	'mul' operation of DSP[35] ('r.V') [35]  (2.15 ns)

 <State 5>: 0ns
The critical path consists of the following:

 <State 6>: 7.07ns
The critical path consists of the following:
	'load' operation ('lhs_load_1') on local variable 'lhs' [21]  (0 ns)
	'add' operation ('add_ln1347_1') [41]  (2.8 ns)
	'add' operation ('sum.V') [47]  (2.31 ns)
	'or' operation ('or_ln888') [53]  (0.978 ns)
	'xor' operation ('deleted_zeros') [54]  (0 ns)
	'xor' operation ('xor_ln895') [60]  (0 ns)
	'or' operation ('or_ln895') [61]  (0 ns)
	'and' operation ('overflow') [63]  (0.978 ns)

 <State 7>: 3.26ns
The critical path consists of the following:
	'and' operation ('carry') [50]  (0 ns)
	'and' operation ('and_ln891') [59]  (0 ns)
	'xor' operation ('xor_ln896_2') [66]  (0 ns)
	'and' operation ('underflow') [67]  (0 ns)
	'or' operation ('or_ln346') [69]  (0.978 ns)
	'select' operation ('sum.V') [70]  (0.694 ns)
	'store' operation ('store_ln298', src/unsw_linear_transformer.cpp:298) of variable 'sum.V' on local variable 'lhs' [72]  (1.59 ns)


============================================================
+ Verbose Summary: Binding
============================================================
N/A
* FSMD analyzer results:
  - Output states:
 - Input state : 
  - Chain level:
	State 1
	State 2
	State 3
	State 4
	State 5
	State 6
	State 7


============================================================
+ Verbose Summary: Datapath Resource usage 
============================================================
N/A
