

================================================================
== Vitis HLS Report for 'imgds_linear_tiny_Pipeline_VITIS_LOOP_183_6_VITIS_LOOP_185_7'
================================================================
* Date:           Wed Jul  1 22:10:10 2026

* Version:        2022.2 (Build 3670227 on Oct 13 2022)
* Project:        imgds_linear_tiny
* Solution:       solution1 (Vivado IP Flow Target)
* Product family: zynq
* Target device:  xc7z020-clg400-1


================================================================
== Performance Estimates
================================================================
+ Timing: 
    * Summary: 
    +--------+----------+----------+------------+
    |  Clock |  Target  | Estimated| Uncertainty|
    +--------+----------+----------+------------+
    |ap_clk  |  10.00 ns|  7.157 ns|     2.70 ns|
    +--------+----------+----------+------------+

+ Latency: 
    * Summary: 
    +---------+---------+----------+----------+-----+-----+---------+
    |  Latency (cycles) |  Latency (absolute) |  Interval | Pipeline|
    |   min   |   max   |    min   |    max   | min | max |   Type  |
    +---------+---------+----------+----------+-----+-----+---------+
    |      101|      101|  1.010 us|  1.010 us|  101|  101|       no|
    +---------+---------+----------+----------+-----+-----+---------+

    + Detail: 
        * Instance: 
        N/A

        * Loop: 
        +-------------------------------------+---------+---------+----------+-----------+-----------+------+----------+
        |                                     |  Latency (cycles) | Iteration|  Initiation Interval  | Trip |          |
        |              Loop Name              |   min   |   max   |  Latency |  achieved |   target  | Count| Pipelined|
        +-------------------------------------+---------+---------+----------+-----------+-----------+------+----------+
        |- VITIS_LOOP_183_6_VITIS_LOOP_185_7  |       99|       99|         5|          1|          1|    96|       yes|
        +-------------------------------------+---------+---------+----------+-----------+-----------+------+----------+



================================================================
== Utilization Estimates
================================================================
* Summary: 
+-----------------+---------+-----+--------+-------+-----+
|       Name      | BRAM_18K| DSP |   FF   |  LUT  | URAM|
+-----------------+---------+-----+--------+-------+-----+
|DSP              |        -|    -|       -|      -|    -|
|Expression       |        -|    -|       0|    235|    -|
|FIFO             |        -|    -|       -|      -|    -|
|Instance         |        -|    -|       -|      -|    -|
|Memory           |        -|    -|       -|      -|    -|
|Multiplexer      |        -|    -|       -|     81|    -|
|Register         |        -|    -|     229|     64|    -|
+-----------------+---------+-----+--------+-------+-----+
|Total            |        0|    0|     229|    380|    0|
+-----------------+---------+-----+--------+-------+-----+
|Available        |      280|  220|  106400|  53200|    0|
+-----------------+---------+-----+--------+-------+-----+
|Utilization (%)  |        0|    0|      ~0|     ~0|    0|
+-----------------+---------+-----+--------+-------+-----+

+ Detail: 
    * Instance: 
    N/A

    * DSP: 
    N/A

    * Memory: 
    N/A

    * FIFO: 
    N/A

    * Expression: 
    +--------------------------+----------+----+---+----+------------+------------+
    |       Variable Name      | Operation| DSP| FF| LUT| Bitwidth P0| Bitwidth P1|
    +--------------------------+----------+----+---+----+------------+------------+
    |add_ln183_1_fu_151_p2     |         +|   0|  0|  14|           7|           1|
    |add_ln183_fu_163_p2       |         +|   0|  0|  11|           3|           1|
    |add_ln185_fu_231_p2       |         +|   0|  0|  13|           5|           1|
    |add_ln837_fu_225_p2       |         +|   0|  0|   7|           7|           7|
    |s_V_4_fu_284_p2           |         +|   0|  0|  31|          24|          24|
    |sub_ln1303_1_fu_325_p2    |         -|   0|  0|  27|           1|          20|
    |sub_ln1303_fu_309_p2      |         -|   0|  0|  45|           1|          38|
    |sub_ln837_fu_219_p2       |         -|   0|  0|   7|           7|           7|
    |icmp_ln183_fu_145_p2      |      icmp|   0|  0|  10|           7|           7|
    |icmp_ln185_1_fu_237_p2    |      icmp|   0|  0|  10|           5|           6|
    |icmp_ln185_fu_169_p2      |      icmp|   0|  0|  10|           5|           6|
    |select_ln1303_fu_350_p3   |    select|   0|  0|  16|           1|          16|
    |select_ln183_1_fu_265_p3  |    select|   0|  0|  24|           1|           1|
    |select_ln183_2_fu_187_p3  |    select|   0|  0|   3|           1|           3|
    |select_ln183_fu_175_p3    |    select|   0|  0|   5|           1|           1|
    |ap_enable_pp0             |       xor|   0|  0|   2|           1|           2|
    +--------------------------+----------+----+---+----+------------+------------+
    |Total                     |          |   0|  0| 235|          77|         141|
    +--------------------------+----------+----+---+----+------------+------------+

    * Multiplexer: 
    +----------------------------------------+----+-----------+-----+-----------+
    |                  Name                  | LUT| Input Size| Bits| Total Bits|
    +----------------------------------------+----+-----------+-----+-----------+
    |ap_done_int                             |   9|          2|    1|          2|
    |ap_enable_reg_pp0_iter1                 |   9|          2|    1|          2|
    |ap_sig_allocacmp_d_load                 |   9|          2|    3|          6|
    |ap_sig_allocacmp_indvar_flatten22_load  |   9|          2|    7|         14|
    |ap_sig_allocacmp_pos_load               |   9|          2|    5|         10|
    |d_fu_88                                 |   9|          2|    3|          6|
    |indvar_flatten22_fu_92                  |   9|          2|    7|         14|
    |pos_fu_84                               |   9|          2|    5|         10|
    |s_V_fu_80                               |   9|          2|   24|         48|
    +----------------------------------------+----+-----------+-----+-----------+
    |Total                                   |  81|         18|   56|        112|
    +----------------------------------------+----+-----------+-----+-----------+

    * Register: 
    +----------------------------------+----+----+-----+-----------+
    |               Name               | FF | LUT| Bits| Const Bits|
    +----------------------------------+----+----+-----+-----------+
    |add_ln837_reg_404                 |   7|   0|    7|          0|
    |ap_CS_fsm                         |   1|   0|    1|          0|
    |ap_done_reg                       |   1|   0|    1|          0|
    |ap_enable_reg_pp0_iter1           |   1|   0|    1|          0|
    |ap_enable_reg_pp0_iter2           |   1|   0|    1|          0|
    |ap_enable_reg_pp0_iter3           |   1|   0|    1|          0|
    |ap_enable_reg_pp0_iter4           |   1|   0|    1|          0|
    |ap_loop_exit_ready_pp0_iter1_reg  |   1|   0|    1|          0|
    |ap_loop_exit_ready_pp0_iter2_reg  |   1|   0|    1|          0|
    |ap_loop_exit_ready_pp0_iter3_reg  |   1|   0|    1|          0|
    |d_fu_88                           |   3|   0|    3|          0|
    |icmp_ln185_1_reg_409              |   1|   0|    1|          0|
    |icmp_ln185_reg_394                |   1|   0|    1|          0|
    |icmp_ln185_reg_394_pp0_iter1_reg  |   1|   0|    1|          0|
    |indvar_flatten22_fu_92            |   7|   0|    7|          0|
    |pos_fu_84                         |   5|   0|    5|          0|
    |s_V_4_reg_418                     |  24|   0|   24|          0|
    |s_V_fu_80                         |  24|   0|   24|          0|
    |select_ln1303_reg_425             |  16|   0|   16|          0|
    |select_ln183_2_reg_399            |   3|   0|    3|          0|
    |icmp_ln185_1_reg_409              |  64|  32|    1|          0|
    |select_ln183_2_reg_399            |  64|  32|    3|          0|
    +----------------------------------+----+----+-----+-----------+
    |Total                             | 229|  64|  105|          0|
    +----------------------------------+----+----+-----+-----------+



================================================================
== Interface
================================================================
* Summary: 
+-------------------+-----+-----+------------+--------------------------------------------------------------+--------------+
|     RTL Ports     | Dir | Bits|  Protocol  |                         Source Object                        |    C Type    |
+-------------------+-----+-----+------------+--------------------------------------------------------------+--------------+
|ap_clk             |   in|    1|  ap_ctrl_hs|  imgds_linear_tiny_Pipeline_VITIS_LOOP_183_6_VITIS_LOOP_185_7|  return value|
|ap_rst             |   in|    1|  ap_ctrl_hs|  imgds_linear_tiny_Pipeline_VITIS_LOOP_183_6_VITIS_LOOP_185_7|  return value|
|ap_start           |   in|    1|  ap_ctrl_hs|  imgds_linear_tiny_Pipeline_VITIS_LOOP_183_6_VITIS_LOOP_185_7|  return value|
|ap_done            |  out|    1|  ap_ctrl_hs|  imgds_linear_tiny_Pipeline_VITIS_LOOP_183_6_VITIS_LOOP_185_7|  return value|
|ap_idle            |  out|    1|  ap_ctrl_hs|  imgds_linear_tiny_Pipeline_VITIS_LOOP_183_6_VITIS_LOOP_185_7|  return value|
|ap_ready           |  out|    1|  ap_ctrl_hs|  imgds_linear_tiny_Pipeline_VITIS_LOOP_183_6_VITIS_LOOP_185_7|  return value|
|x_V_address0       |  out|    7|   ap_memory|                                                           x_V|         array|
|x_V_ce0            |  out|    1|   ap_memory|                                                           x_V|         array|
|x_V_q0             |   in|   16|   ap_memory|                                                           x_V|         array|
|pooled_V_address0  |  out|    3|   ap_memory|                                                      pooled_V|         array|
|pooled_V_ce0       |  out|    1|   ap_memory|                                                      pooled_V|         array|
|pooled_V_we0       |  out|    1|   ap_memory|                                                      pooled_V|         array|
|pooled_V_d0        |  out|   16|   ap_memory|                                                      pooled_V|         array|
+-------------------+-----+-----+------------+--------------------------------------------------------------+--------------+

