

================================================================
== Vitis HLS Report for 'imgds_linear_tiny_Pipeline_VITIS_LOOP_139_5'
================================================================
* Date:           Wed Jul  1 22:10:10 2026

* Version:        2022.2 (Build 3670227 on Oct 13 2022)
* Project:        imgds_linear_tiny
* Solution:       solution1 (Vivado IP Flow Target)
* Product family: zynq
* Target device:  xc7z020-clg400-1


================================================================
== Performance Estimates
================================================================
+ Timing: 
    * Summary: 
    +--------+----------+----------+------------+
    |  Clock |  Target  | Estimated| Uncertainty|
    +--------+----------+----------+------------+
    |ap_clk  |  10.00 ns|  4.696 ns|     2.70 ns|
    +--------+----------+----------+------------+

+ Latency: 
    * Summary: 
    +---------+---------+----------+----------+-----+-----+---------+
    |  Latency (cycles) |  Latency (absolute) |  Interval | Pipeline|
    |   min   |   max   |    min   |    max   | min | max |   Type  |
    +---------+---------+----------+----------+-----+-----+---------+
    |       17|       17|  0.170 us|  0.170 us|   17|   17|       no|
    +---------+---------+----------+----------+-----+-----+---------+

    + Detail: 
        * Instance: 
        N/A

        * Loop: 
        +--------------------+---------+---------+----------+-----------+-----------+------+----------+
        |                    |  Latency (cycles) | Iteration|  Initiation Interval  | Trip |          |
        |      Loop Name     |   min   |   max   |  Latency |  achieved |   target  | Count| Pipelined|
        +--------------------+---------+---------+----------+-----------+-----------+------+----------+
        |- VITIS_LOOP_139_5  |       15|       15|         5|          1|          1|    12|       yes|
        +--------------------+---------+---------+----------+-----------+-----------+------+----------+



================================================================
== Utilization Estimates
================================================================
* Summary: 
+-----------------+---------+-----+--------+-------+-----+
|       Name      | BRAM_18K| DSP |   FF   |  LUT  | URAM|
+-----------------+---------+-----+--------+-------+-----+
|DSP              |        -|    1|       -|      -|    -|
|Expression       |        -|    -|       0|    117|    -|
|FIFO             |        -|    -|       -|      -|    -|
|Instance         |        -|    -|       -|      -|    -|
|Memory           |        0|    -|      10|     12|    -|
|Multiplexer      |        -|    -|       -|     45|    -|
|Register         |        -|    -|     169|     64|    -|
+-----------------+---------+-----+--------+-------+-----+
|Total            |        0|    1|     179|    238|    0|
+-----------------+---------+-----+--------+-------+-----+
|Available        |      280|  220|  106400|  53200|    0|
+-----------------+---------+-----+--------+-------+-----+
|Utilization (%)  |        0|   ~0|      ~0|     ~0|    0|
+-----------------+---------+-----+--------+-------+-----+

+ Detail: 
    * Instance: 
    N/A

    * DSP: 
    +------------------------------+-------------------------+-----------+
    |           Instance           |          Module         | Expression|
    +------------------------------+-------------------------+-----------+
    |mul_mul_10s_15ns_25_4_1_U120  |mul_mul_10s_15ns_25_4_1  |    i0 * i1|
    +------------------------------+-------------------------+-----------+

    * Memory: 
    +-----------------------------------+----------------------------------------------------------------------------------+---------+----+----+-----+------+-----+------+-------------+
    |               Memory              |                                      Module                                      | BRAM_18K| FF | LUT| URAM| Words| Bits| Banks| W*Bits*Banks|
    +-----------------------------------+----------------------------------------------------------------------------------+---------+----+----+-----+------+-----+------+-------------+
    |layers_0_feedforward_3_weight_V_U  |imgds_linear_tiny_Pipeline_VITIS_LOOP_139_5_layers_0_feedforward_3_weight_V_Rhbi  |        0|  10|  12|    0|    72|   10|     1|          720|
    +-----------------------------------+----------------------------------------------------------------------------------+---------+----+----+-----+------+-----+------+-------------+
    |Total                              |                                                                                  |        0|  10|  12|    0|    72|   10|     1|          720|
    +-----------------------------------+----------------------------------------------------------------------------------+---------+----+----+-----+------+-----+------+-------------+

    * FIFO: 
    N/A

    * Expression: 
    +-------------------------+----------+----+---+----+------------+------------+
    |      Variable Name      | Operation| DSP| FF| LUT| Bitwidth P0| Bitwidth P1|
    +-------------------------+----------+----+---+----+------------+------------+
    |add_ln1347_12_fu_232_p2  |         +|   0|  0|  33|          26|          26|
    |add_ln139_fu_152_p2      |         +|   0|  0|  13|           4|           1|
    |add_ln141_fu_167_p2      |         +|   0|  0|  14|           7|           7|
    |ret_V_fu_226_p2          |         +|   0|  0|  37|          30|          30|
    |icmp_ln139_1_fu_178_p2   |      icmp|   0|  0|   9|           4|           4|
    |icmp_ln139_fu_146_p2     |      icmp|   0|  0|   9|           4|           4|
    |ap_enable_pp0            |       xor|   0|  0|   2|           1|           2|
    +-------------------------+----------+----+---+----+------------+------------+
    |Total                    |          |   0|  0| 117|          76|          74|
    +-------------------------+----------+----+---+----+------------+------------+

    * Multiplexer: 
    +-------------------------+----+-----------+-----+-----------+
    |           Name          | LUT| Input Size| Bits| Total Bits|
    +-------------------------+----+-----------+-----+-----------+
    |ap_done_int              |   9|          2|    1|          2|
    |ap_enable_reg_pp0_iter1  |   9|          2|    1|          2|
    |ap_sig_allocacmp_i_5     |   9|          2|    4|          8|
    |i_fu_64                  |   9|          2|    4|          8|
    |lhs_fu_60                |   9|          2|   24|         48|
    +-------------------------+----+-----------+-----+-----------+
    |Total                    |  45|         10|   34|         68|
    +-------------------------+----+-----------+-----+-----------+

    * Register: 
    +----------------------------------+----+----+-----+-----------+
    |               Name               | FF | LUT| Bits| Const Bits|
    +----------------------------------+----+----+-----+-----------+
    |ap_CS_fsm                         |   1|   0|    1|          0|
    |ap_done_reg                       |   1|   0|    1|          0|
    |ap_enable_reg_pp0_iter1           |   1|   0|    1|          0|
    |ap_enable_reg_pp0_iter2           |   1|   0|    1|          0|
    |ap_enable_reg_pp0_iter3           |   1|   0|    1|          0|
    |ap_enable_reg_pp0_iter4           |   1|   0|    1|          0|
    |ap_loop_exit_ready_pp0_iter1_reg  |   1|   0|    1|          0|
    |ap_loop_exit_ready_pp0_iter2_reg  |   1|   0|    1|          0|
    |ap_loop_exit_ready_pp0_iter3_reg  |   1|   0|    1|          0|
    |ff_out_V_addr_reg_286             |   3|   0|    3|          0|
    |i_fu_64                           |   4|   0|    4|          0|
    |icmp_ln139_1_reg_305              |   1|   0|    1|          0|
    |lhs_fu_60                         |  24|   0|   24|          0|
    |ff_out_V_addr_reg_286             |  64|  32|    3|          0|
    |icmp_ln139_1_reg_305              |  64|  32|    1|          0|
    +----------------------------------+----+----+-----+-----------+
    |Total                             | 169|  64|   45|          0|
    +----------------------------------+----+----+-----+-----------+



================================================================
== Interface
================================================================
* Summary: 
+-------------------+-----+-----+------------+---------------------------------------------+--------------+
|     RTL Ports     | Dir | Bits|  Protocol  |                Source Object                |    C Type    |
+-------------------+-----+-----+------------+---------------------------------------------+--------------+
|ap_clk             |   in|    1|  ap_ctrl_hs|  imgds_linear_tiny_Pipeline_VITIS_LOOP_139_5|  return value|
|ap_rst             |   in|    1|  ap_ctrl_hs|  imgds_linear_tiny_Pipeline_VITIS_LOOP_139_5|  return value|
|ap_start           |   in|    1|  ap_ctrl_hs|  imgds_linear_tiny_Pipeline_VITIS_LOOP_139_5|  return value|
|ap_done            |  out|    1|  ap_ctrl_hs|  imgds_linear_tiny_Pipeline_VITIS_LOOP_139_5|  return value|
|ap_idle            |  out|    1|  ap_ctrl_hs|  imgds_linear_tiny_Pipeline_VITIS_LOOP_139_5|  return value|
|ap_ready           |  out|    1|  ap_ctrl_hs|  imgds_linear_tiny_Pipeline_VITIS_LOOP_139_5|  return value|
|sext_ln138         |   in|   13|     ap_none|                                   sext_ln138|        scalar|
|ff_out_V_address0  |  out|    3|   ap_memory|                                     ff_out_V|         array|
|ff_out_V_ce0       |  out|    1|   ap_memory|                                     ff_out_V|         array|
|ff_out_V_we0       |  out|    1|   ap_memory|                                     ff_out_V|         array|
|ff_out_V_d0        |  out|   16|   ap_memory|                                     ff_out_V|         array|
|zext_ln137         |   in|    3|     ap_none|                                   zext_ln137|        scalar|
|empty              |   in|    7|     ap_none|                                        empty|        scalar|
|hidden_V_address0  |  out|    4|   ap_memory|                                     hidden_V|         array|
|hidden_V_ce0       |  out|    1|   ap_memory|                                     hidden_V|         array|
|hidden_V_q0        |   in|   15|   ap_memory|                                     hidden_V|         array|
+-------------------+-----+-----+------------+---------------------------------------------+--------------+

