

================================================================
== Vitis HLS Report for 'imgds_linear_tiny_Pipeline_VITIS_LOOP_179_5'
================================================================
* Date:           Wed Jul  1 22:10:10 2026

* Version:        2022.2 (Build 3670227 on Oct 13 2022)
* Project:        imgds_linear_tiny
* Solution:       solution1 (Vivado IP Flow Target)
* Product family: zynq
* Target device:  xc7z020-clg400-1


================================================================
== Performance Estimates
================================================================
+ Timing: 
    * Summary: 
    +--------+----------+----------+------------+
    |  Clock |  Target  | Estimated| Uncertainty|
    +--------+----------+----------+------------+
    |ap_clk  |  10.00 ns|  7.256 ns|     2.70 ns|
    +--------+----------+----------+------------+

+ Latency: 
    * Summary: 
    +---------+---------+-----------+-----------+------+------+---------+
    |  Latency (cycles) |   Latency (absolute)  |   Interval  | Pipeline|
    |   min   |   max   |    min    |    max    |  min |  max |   Type  |
    +---------+---------+-----------+-----------+------+------+---------+
    |     1186|     1186|  11.860 us|  11.860 us|  1186|  1186|       no|
    +---------+---------+-----------+-----------+------+------+---------+

    + Detail: 
        * Instance: 
        +-----------------------------+-------------------+---------+---------+----------+----------+-----+-----+---------+
        |                             |                   |  Latency (cycles) |  Latency (absolute) |  Interval | Pipeline|
        |           Instance          |       Module      |   min   |   max   |    min   |    max   | min | max |   Type  |
        +-----------------------------+-------------------+---------+---------+----------+----------+-----+-----+---------+
        |grp_layer_norm_tiny_1_fu_56  |layer_norm_tiny_1  |       73|       73|  0.730 us|  0.730 us|   74|   74|      yes|
        +-----------------------------+-------------------+---------+---------+----------+----------+-----+-----+---------+

        * Loop: 
        +--------------------+---------+---------+----------+-----------+-----------+------+----------+
        |                    |  Latency (cycles) | Iteration|  Initiation Interval  | Trip |          |
        |      Loop Name     |   min   |   max   |  Latency |  achieved |   target  | Count| Pipelined|
        +--------------------+---------+---------+----------+-----------+-----------+------+----------+
        |- VITIS_LOOP_179_5  |     1184|     1184|        75|         74|          1|    16|       yes|
        +--------------------+---------+---------+----------+-----------+-----------+------+----------+



================================================================
== Utilization Estimates
================================================================
* Summary: 
+-----------------+---------+-----+--------+-------+-----+
|       Name      | BRAM_18K| DSP |   FF   |  LUT  | URAM|
+-----------------+---------+-----+--------+-------+-----+
|DSP              |        -|    -|       -|      -|    -|
|Expression       |        -|    -|       0|     25|    -|
|FIFO             |        -|    -|       -|      -|    -|
|Instance         |        -|   28|    1752|   3113|    -|
|Memory           |        -|    -|       -|      -|    -|
|Multiplexer      |        -|    -|       -|    415|    -|
|Register         |        -|    -|      88|      -|    -|
+-----------------+---------+-----+--------+-------+-----+
|Total            |        0|   28|    1840|   3553|    0|
+-----------------+---------+-----+--------+-------+-----+
|Available        |      280|  220|  106400|  53200|    0|
+-----------------+---------+-----+--------+-------+-----+
|Utilization (%)  |        0|   12|       1|      6|    0|
+-----------------+---------+-----+--------+-------+-----+

+ Detail: 
    * Instance: 
    +-----------------------------+-------------------+---------+----+------+------+-----+
    |           Instance          |       Module      | BRAM_18K| DSP|  FF  |  LUT | URAM|
    +-----------------------------+-------------------+---------+----+------+------+-----+
    |grp_layer_norm_tiny_1_fu_56  |layer_norm_tiny_1  |        0|  28|  1752|  3113|    0|
    +-----------------------------+-------------------+---------+----+------+------+-----+
    |Total                        |                   |        0|  28|  1752|  3113|    0|
    +-----------------------------+-------------------+---------+----+------+------+-----+

    * DSP: 
    N/A

    * Memory: 
    N/A

    * FIFO: 
    N/A

    * Expression: 
    +---------------------+----------+----+---+----+------------+------------+
    |    Variable Name    | Operation| DSP| FF| LUT| Bitwidth P0| Bitwidth P1|
    +---------------------+----------+----+---+----+------------+------------+
    |add_ln179_fu_101_p2  |         +|   0|  0|  13|           5|           1|
    |icmp_ln179_fu_95_p2  |      icmp|   0|  0|  10|           5|           6|
    |ap_enable_pp0        |       xor|   0|  0|   2|           1|           2|
    +---------------------+----------+----+---+----+------------+------------+
    |Total                |          |   0|  0|  25|          11|           9|
    +---------------------+----------+----+---+----+------------+------------+

    * Multiplexer: 
    +-----------------------------+-----+-----------+-----+-----------+
    |             Name            | LUT | Input Size| Bits| Total Bits|
    +-----------------------------+-----+-----------+-----+-----------+
    |ap_NS_fsm                    |  361|         75|    1|         75|
    |ap_done_int                  |    9|          2|    1|          2|
    |ap_enable_reg_pp0_iter0      |    9|          2|    1|          2|
    |ap_enable_reg_pp0_iter0_reg  |    9|          2|    1|          2|
    |ap_enable_reg_pp0_iter1      |    9|          2|    1|          2|
    |ap_sig_allocacmp_s_2         |    9|          2|    5|         10|
    |s_fu_52                      |    9|          2|    5|         10|
    +-----------------------------+-----+-----------+-----+-----------+
    |Total                        |  415|         87|   15|        103|
    +-----------------------------+-----+-----------+-----+-----------+

    * Register: 
    +------------------------------------------+----+----+-----+-----------+
    |                   Name                   | FF | LUT| Bits| Const Bits|
    +------------------------------------------+----+----+-----+-----------+
    |ap_CS_fsm                                 |  74|   0|   74|          0|
    |ap_done_reg                               |   1|   0|    1|          0|
    |ap_enable_reg_pp0_iter0_reg               |   1|   0|    1|          0|
    |ap_enable_reg_pp0_iter1                   |   1|   0|    1|          0|
    |empty_77_reg_127                          |   4|   0|    4|          0|
    |grp_layer_norm_tiny_1_fu_56_ap_start_reg  |   1|   0|    1|          0|
    |icmp_ln179_reg_123                        |   1|   0|    1|          0|
    |s_fu_52                                   |   5|   0|    5|          0|
    +------------------------------------------+----+----+-----+-----------+
    |Total                                     |  88|   0|   88|          0|
    +------------------------------------------+----+----+-----+-----------+



================================================================
== Interface
================================================================
* Summary: 
+--------------+-----+-----+------------+---------------------------------------------+--------------+
|   RTL Ports  | Dir | Bits|  Protocol  |                Source Object                |    C Type    |
+--------------+-----+-----+------------+---------------------------------------------+--------------+
|ap_clk        |   in|    1|  ap_ctrl_hs|  imgds_linear_tiny_Pipeline_VITIS_LOOP_179_5|  return value|
|ap_rst        |   in|    1|  ap_ctrl_hs|  imgds_linear_tiny_Pipeline_VITIS_LOOP_179_5|  return value|
|ap_start      |   in|    1|  ap_ctrl_hs|  imgds_linear_tiny_Pipeline_VITIS_LOOP_179_5|  return value|
|ap_done       |  out|    1|  ap_ctrl_hs|  imgds_linear_tiny_Pipeline_VITIS_LOOP_179_5|  return value|
|ap_idle       |  out|    1|  ap_ctrl_hs|  imgds_linear_tiny_Pipeline_VITIS_LOOP_179_5|  return value|
|ap_ready      |  out|    1|  ap_ctrl_hs|  imgds_linear_tiny_Pipeline_VITIS_LOOP_179_5|  return value|
|x_V_address0  |  out|    7|   ap_memory|                                          x_V|         array|
|x_V_ce0       |  out|    1|   ap_memory|                                          x_V|         array|
|x_V_we0       |  out|    1|   ap_memory|                                          x_V|         array|
|x_V_d0        |  out|   16|   ap_memory|                                          x_V|         array|
|x_V_q0        |   in|   16|   ap_memory|                                          x_V|         array|
|x_V_address1  |  out|    7|   ap_memory|                                          x_V|         array|
|x_V_ce1       |  out|    1|   ap_memory|                                          x_V|         array|
|x_V_we1       |  out|    1|   ap_memory|                                          x_V|         array|
|x_V_d1        |  out|   16|   ap_memory|                                          x_V|         array|
|x_V_q1        |   in|   16|   ap_memory|                                          x_V|         array|
+--------------+-----+-----+------------+---------------------------------------------+--------------+

