

================================================================
== Vitis HLS Report for 'layer_norm_tiny_Pipeline_VITIS_LOOP_27_3'
================================================================
* Date:           Wed Jul  1 22:10:11 2026

* Version:        2022.2 (Build 3670227 on Oct 13 2022)
* Project:        imgds_linear_tiny
* Solution:       solution1 (Vivado IP Flow Target)
* Product family: zynq
* Target device:  xc7z020-clg400-1


================================================================
== Performance Estimates
================================================================
+ Timing: 
    * Summary: 
    +--------+----------+----------+------------+
    |  Clock |  Target  | Estimated| Uncertainty|
    +--------+----------+----------+------------+
    |ap_clk  |  10.00 ns|  5.622 ns|     2.70 ns|
    +--------+----------+----------+------------+

+ Latency: 
    * Summary: 
    +---------+---------+----------+----------+-----+-----+---------+
    |  Latency (cycles) |  Latency (absolute) |  Interval | Pipeline|
    |   min   |   max   |    min   |    max   | min | max |   Type  |
    +---------+---------+----------+----------+-----+-----+---------+
    |       14|       14|  0.140 us|  0.140 us|   14|   14|       no|
    +---------+---------+----------+----------+-----+-----+---------+

    + Detail: 
        * Instance: 
        N/A

        * Loop: 
        +-------------------+---------+---------+----------+-----------+-----------+------+----------+
        |                   |  Latency (cycles) | Iteration|  Initiation Interval  | Trip |          |
        |     Loop Name     |   min   |   max   |  Latency |  achieved |   target  | Count| Pipelined|
        +-------------------+---------+---------+----------+-----------+-----------+------+----------+
        |- VITIS_LOOP_27_3  |       12|       12|         8|          1|          1|     6|       yes|
        +-------------------+---------+---------+----------+-----------+-----------+------+----------+



================================================================
== Utilization Estimates
================================================================
* Summary: 
+-----------------+---------+-----+--------+-------+-----+
|       Name      | BRAM_18K| DSP |   FF   |  LUT  | URAM|
+-----------------+---------+-----+--------+-------+-----+
|DSP              |        -|    2|       -|      -|    -|
|Expression       |        -|    -|       0|     21|    -|
|FIFO             |        -|    -|       -|      -|    -|
|Instance         |        -|    -|       -|      -|    -|
|Memory           |        0|    -|      19|      3|    -|
|Multiplexer      |        -|    -|       -|     36|    -|
|Register         |        -|    -|     275|     96|    -|
+-----------------+---------+-----+--------+-------+-----+
|Total            |        0|    2|     294|    156|    0|
+-----------------+---------+-----+--------+-------+-----+
|Available        |      280|  220|  106400|  53200|    0|
+-----------------+---------+-----+--------+-------+-----+
|Utilization (%)  |        0|   ~0|      ~0|     ~0|    0|
+-----------------+---------+-----+--------+-------+-----+

+ Detail: 
    * Instance: 
    N/A

    * DSP: 
    +-------------------------------------+--------------------------------+----------------+
    |               Instance              |             Module             |   Expression   |
    +-------------------------------------+--------------------------------+----------------+
    |am_submul_16s_16s_16s_26_4_1_U140    |am_submul_16s_16s_16s_26_4_1    |  (i0 - i1) * i2|
    |mac_muladd_16s_11ns_18s_26_4_1_U141  |mac_muladd_16s_11ns_18s_26_4_1  |    i0 + i1 * i2|
    +-------------------------------------+--------------------------------+----------------+

    * Memory: 
    +------------------------+---------------------------------------------------------------------------+---------+----+----+-----+------+-----+------+-------------+
    |         Memory         |                                   Module                                  | BRAM_18K| FF | LUT| URAM| Words| Bits| Banks| W*Bits*Banks|
    +------------------------+---------------------------------------------------------------------------+---------+----+----+-----+------+-----+------+-------------+
    |output_norm_bias_V_U    |layer_norm_tiny_Pipeline_VITIS_LOOP_27_3_output_norm_bias_V_ROM_AUTO_1R    |        0|   8|   1|    0|     6|    8|     1|           48|
    |output_norm_weight_V_U  |layer_norm_tiny_Pipeline_VITIS_LOOP_27_3_output_norm_weight_V_ROM_AUTO_1R  |        0|  11|   2|    0|     6|   11|     1|           66|
    +------------------------+---------------------------------------------------------------------------+---------+----+----+-----+------+-----+------+-------------+
    |Total                   |                                                                           |        0|  19|   3|    0|    12|   19|     2|          114|
    +------------------------+---------------------------------------------------------------------------+---------+----+----+-----+------+-----+------+-------------+

    * FIFO: 
    N/A

    * Expression: 
    +---------------------+----------+----+---+----+------------+------------+
    |    Variable Name    | Operation| DSP| FF| LUT| Bitwidth P0| Bitwidth P1|
    +---------------------+----------+----+---+----+------------+------------+
    |add_ln27_fu_129_p2   |         +|   0|  0|  11|           3|           1|
    |icmp_ln27_fu_123_p2  |      icmp|   0|  0|   8|           3|           3|
    |ap_enable_pp0        |       xor|   0|  0|   2|           1|           2|
    +---------------------+----------+----+---+----+------------+------------+
    |Total                |          |   0|  0|  21|           7|           6|
    +---------------------+----------+----+---+----+------------+------------+

    * Multiplexer: 
    +-------------------------+----+-----------+-----+-----------+
    |           Name          | LUT| Input Size| Bits| Total Bits|
    +-------------------------+----+-----------+-----+-----------+
    |ap_done_int              |   9|          2|    1|          2|
    |ap_enable_reg_pp0_iter1  |   9|          2|    1|          2|
    |ap_sig_allocacmp_i_2     |   9|          2|    3|          6|
    |i_fu_48                  |   9|          2|    3|          6|
    +-------------------------+----+-----------+-----+-----------+
    |Total                    |  36|          8|    8|         16|
    +-------------------------+----+-----------+-----+-----------+

    * Register: 
    +-----------------------------------+----+----+-----+-----------+
    |                Name               | FF | LUT| Bits| Const Bits|
    +-----------------------------------+----+----+-----+-----------+
    |ap_CS_fsm                          |   1|   0|    1|          0|
    |ap_done_reg                        |   1|   0|    1|          0|
    |ap_enable_reg_pp0_iter1            |   1|   0|    1|          0|
    |ap_enable_reg_pp0_iter2            |   1|   0|    1|          0|
    |ap_enable_reg_pp0_iter3            |   1|   0|    1|          0|
    |ap_enable_reg_pp0_iter4            |   1|   0|    1|          0|
    |ap_enable_reg_pp0_iter5            |   1|   0|    1|          0|
    |ap_enable_reg_pp0_iter6            |   1|   0|    1|          0|
    |ap_enable_reg_pp0_iter7            |   1|   0|    1|          0|
    |ap_loop_exit_ready_pp0_iter1_reg   |   1|   0|    1|          0|
    |ap_loop_exit_ready_pp0_iter2_reg   |   1|   0|    1|          0|
    |ap_loop_exit_ready_pp0_iter3_reg   |   1|   0|    1|          0|
    |ap_loop_exit_ready_pp0_iter4_reg   |   1|   0|    1|          0|
    |ap_loop_exit_ready_pp0_iter5_reg   |   1|   0|    1|          0|
    |ap_loop_exit_ready_pp0_iter6_reg   |   1|   0|    1|          0|
    |i_fu_48                            |   3|   0|    3|          0|
    |output_norm_weight_V_load_reg_241  |  11|   0|   11|          0|
    |rhs_reg_246                        |   8|   0|    8|          0|
    |sext_ln1270_cast_reg_211           |  26|   0|   26|          0|
    |sext_ln1348_cast_reg_216           |  17|   0|   17|          0|
    |x_addr_reg_225                     |   3|   0|    3|          0|
    |output_norm_weight_V_load_reg_241  |  64|  32|   11|          0|
    |rhs_reg_246                        |  64|  32|    8|          0|
    |x_addr_reg_225                     |  64|  32|    3|          0|
    +-----------------------------------+----+----+-----+-----------+
    |Total                              | 275|  96|  105|          0|
    +-----------------------------------+----+----+-----+-----------+



================================================================
== Interface
================================================================
* Summary: 
+-------------+-----+-----+------------+------------------------------------------+--------------+
|  RTL Ports  | Dir | Bits|  Protocol  |               Source Object              |    C Type    |
+-------------+-----+-----+------------+------------------------------------------+--------------+
|ap_clk       |   in|    1|  ap_ctrl_hs|  layer_norm_tiny_Pipeline_VITIS_LOOP_27_3|  return value|
|ap_rst       |   in|    1|  ap_ctrl_hs|  layer_norm_tiny_Pipeline_VITIS_LOOP_27_3|  return value|
|ap_start     |   in|    1|  ap_ctrl_hs|  layer_norm_tiny_Pipeline_VITIS_LOOP_27_3|  return value|
|ap_done      |  out|    1|  ap_ctrl_hs|  layer_norm_tiny_Pipeline_VITIS_LOOP_27_3|  return value|
|ap_idle      |  out|    1|  ap_ctrl_hs|  layer_norm_tiny_Pipeline_VITIS_LOOP_27_3|  return value|
|ap_ready     |  out|    1|  ap_ctrl_hs|  layer_norm_tiny_Pipeline_VITIS_LOOP_27_3|  return value|
|x_address0   |  out|    3|   ap_memory|                                         x|         array|
|x_ce0        |  out|    1|   ap_memory|                                         x|         array|
|x_we0        |  out|    1|   ap_memory|                                         x|         array|
|x_d0         |  out|   16|   ap_memory|                                         x|         array|
|x_address1   |  out|    3|   ap_memory|                                         x|         array|
|x_ce1        |  out|    1|   ap_memory|                                         x|         array|
|x_q1         |   in|   16|   ap_memory|                                         x|         array|
|sext_ln1348  |   in|   16|     ap_none|                               sext_ln1348|        scalar|
|sext_ln1270  |   in|   16|     ap_none|                               sext_ln1270|        scalar|
+-------------+-----+-----+------------+------------------------------------------+--------------+

