

================================================================
== Vitis HLS Report for 'linear_attention_tiny_Pipeline_VITIS_LOOP_63_4_VITIS_LOOP_64_5_VITIS_LOOP_66_6'
================================================================
* Date:           Wed Jul  1 22:10:07 2026

* Version:        2022.2 (Build 3670227 on Oct 13 2022)
* Project:        imgds_linear_tiny
* Solution:       solution1 (Vivado IP Flow Target)
* Product family: zynq
* Target device:  xc7z020-clg400-1


================================================================
== Performance Estimates
================================================================
+ Timing: 
    * Summary: 
    +--------+----------+----------+------------+
    |  Clock |  Target  | Estimated| Uncertainty|
    +--------+----------+----------+------------+
    |ap_clk  |  10.00 ns|  7.903 ns|     2.70 ns|
    +--------+----------+----------+------------+

+ Latency: 
    * Summary: 
    +---------+---------+----------+----------+-----+-----+---------+
    |  Latency (cycles) |  Latency (absolute) |  Interval | Pipeline|
    |   min   |   max   |    min   |    max   | min | max |   Type  |
    +---------+---------+----------+----------+-----+-----+---------+
    |      583|      583|  5.830 us|  5.830 us|  583|  583|       no|
    +---------+---------+----------+----------+-----+-----+---------+

    + Detail: 
        * Instance: 
        N/A

        * Loop: 
        +---------------------------------------------------+---------+---------+----------+-----------+-----------+------+----------+
        |                                                   |  Latency (cycles) | Iteration|  Initiation Interval  | Trip |          |
        |                     Loop Name                     |   min   |   max   |  Latency |  achieved |   target  | Count| Pipelined|
        +---------------------------------------------------+---------+---------+----------+-----------+-----------+------+----------+
        |- VITIS_LOOP_63_4_VITIS_LOOP_64_5_VITIS_LOOP_66_6  |      581|      581|         7|          1|          1|   576|       yes|
        +---------------------------------------------------+---------+---------+----------+-----------+-----------+------+----------+



================================================================
== Utilization Estimates
================================================================
* Summary: 
+-----------------+---------+-----+--------+-------+-----+
|       Name      | BRAM_18K| DSP |   FF   |  LUT  | URAM|
+-----------------+---------+-----+--------+-------+-----+
|DSP              |        -|    1|       -|      -|    -|
|Expression       |        -|    -|       0|    215|    -|
|FIFO             |        -|    -|       -|      -|    -|
|Instance         |        -|    -|       -|      -|    -|
|Memory           |        -|    -|       -|      -|    -|
|Multiplexer      |        -|    -|       -|     99|    -|
|Register         |        -|    -|     342|    128|    -|
+-----------------+---------+-----+--------+-------+-----+
|Total            |        0|    1|     342|    442|    0|
+-----------------+---------+-----+--------+-------+-----+
|Available        |      280|  220|  106400|  53200|    0|
+-----------------+---------+-----+--------+-------+-----+
|Utilization (%)  |        0|   ~0|      ~0|     ~0|    0|
+-----------------+---------+-----+--------+-------+-----+

+ Detail: 
    * Instance: 
    N/A

    * DSP: 
    +------------------------------------+--------------------------------+--------------+
    |              Instance              |             Module             |  Expression  |
    +------------------------------------+--------------------------------+--------------+
    |mac_muladd_16s_16s_30ns_30_4_1_U25  |mac_muladd_16s_16s_30ns_30_4_1  |  i0 + i1 * i2|
    +------------------------------------+--------------------------------+--------------+

    * Memory: 
    N/A

    * FIFO: 
    N/A

    * Expression: 
    +-------------------------+----------+----+---+----+------------+------------+
    |      Variable Name      | Operation| DSP| FF| LUT| Bitwidth P0| Bitwidth P1|
    +-------------------------+----------+----+---+----+------------+------------+
    |add_ln1271_fu_351_p2     |         +|   0|  0|  14|           7|           7|
    |add_ln1273_fu_361_p2     |         +|   0|  0|  14|           7|           7|
    |add_ln63_1_fu_185_p2     |         +|   0|  0|  13|          10|           1|
    |add_ln63_fu_230_p2       |         +|   0|  0|  11|           3|           1|
    |add_ln64_1_fu_197_p2     |         +|   0|  0|  15|           8|           1|
    |add_ln64_fu_267_p2       |         +|   0|  0|  11|           3|           1|
    |add_ln66_fu_324_p2       |         +|   0|  0|  13|           5|           1|
    |add_ln70_fu_429_p2       |         +|   0|  0|   7|           6|           6|
    |sub_ln1271_fu_318_p2     |         -|   0|  0|  14|           7|           7|
    |sub_ln70_fu_420_p2       |         -|   0|  0|   7|           6|           6|
    |and_ln63_fu_261_p2       |       and|   0|  0|   2|           1|           1|
    |icmp_ln63_fu_179_p2      |      icmp|   0|  0|  11|          10|          10|
    |icmp_ln64_fu_191_p2      |      icmp|   0|  0|  11|           8|           7|
    |icmp_ln66_1_fu_371_p2    |      icmp|   0|  0|  10|           5|           6|
    |icmp_ln66_fu_255_p2      |      icmp|   0|  0|  10|           5|           6|
    |or_ln64_fu_273_p2        |        or|   0|  0|   2|           1|           1|
    |select_ln63_1_fu_243_p3  |    select|   0|  0|   3|           1|           3|
    |select_ln63_fu_236_p3    |    select|   0|  0|   3|           1|           1|
    |select_ln64_1_fu_290_p3  |    select|   0|  0|   3|           1|           3|
    |select_ln64_2_fu_387_p3  |    select|   0|  0|  24|           1|           1|
    |select_ln64_3_fu_203_p3  |    select|   0|  0|   8|           1|           1|
    |select_ln64_fu_278_p3    |    select|   0|  0|   5|           1|           1|
    |ap_enable_pp0            |       xor|   0|  0|   2|           1|           2|
    |xor_ln63_fu_250_p2       |       xor|   0|  0|   2|           1|           2|
    +-------------------------+----------+----+---+----+------------+------------+
    |Total                    |          |   0|  0| 215|         100|          83|
    +-------------------------+----------+----+---+----+------------+------------+

    * Multiplexer: 
    +----------------------------------------+----+-----------+-----+-----------+
    |                  Name                  | LUT| Input Size| Bits| Total Bits|
    +----------------------------------------+----+-----------+-----+-----------+
    |ap_done_int                             |   9|          2|    1|          2|
    |ap_enable_reg_pp0_iter1                 |   9|          2|    1|          2|
    |ap_sig_allocacmp_indvar_flatten22_load  |   9|          2|   10|         20|
    |ap_sig_allocacmp_indvar_flatten6_load   |   9|          2|    8|         16|
    |ap_sig_allocacmp_lhs_load               |   9|          2|   24|         48|
    |d1_fu_96                                |   9|          2|    3|          6|
    |d2_fu_88                                |   9|          2|    3|          6|
    |indvar_flatten22_fu_100                 |   9|          2|   10|         20|
    |indvar_flatten6_fu_92                   |   9|          2|    8|         16|
    |lhs_fu_80                               |   9|          2|   24|         48|
    |pos_fu_84                               |   9|          2|    5|         10|
    +----------------------------------------+----+-----------+-----+-----------+
    |Total                                   |  99|         22|   97|        194|
    +----------------------------------------+----+-----------+-----+-----------+

    * Register: 
    +----------------------------------+----+----+-----+-----------+
    |               Name               | FF | LUT| Bits| Const Bits|
    +----------------------------------+----+----+-----+-----------+
    |add_ln66_reg_552                  |   5|   0|    5|          0|
    |ap_CS_fsm                         |   1|   0|    1|          0|
    |ap_done_reg                       |   1|   0|    1|          0|
    |ap_enable_reg_pp0_iter1           |   1|   0|    1|          0|
    |ap_enable_reg_pp0_iter2           |   1|   0|    1|          0|
    |ap_enable_reg_pp0_iter3           |   1|   0|    1|          0|
    |ap_enable_reg_pp0_iter4           |   1|   0|    1|          0|
    |ap_enable_reg_pp0_iter5           |   1|   0|    1|          0|
    |ap_enable_reg_pp0_iter6           |   1|   0|    1|          0|
    |ap_loop_exit_ready_pp0_iter1_reg  |   1|   0|    1|          0|
    |ap_loop_exit_ready_pp0_iter2_reg  |   1|   0|    1|          0|
    |ap_loop_exit_ready_pp0_iter3_reg  |   1|   0|    1|          0|
    |ap_loop_exit_ready_pp0_iter4_reg  |   1|   0|    1|          0|
    |ap_loop_exit_ready_pp0_iter5_reg  |   1|   0|    1|          0|
    |d1_fu_96                          |   3|   0|    3|          0|
    |d2_fu_88                          |   3|   0|    3|          0|
    |icmp_ln64_reg_520                 |   1|   0|    1|          0|
    |icmp_ln66_1_reg_567               |   1|   0|    1|          0|
    |indvar_flatten22_fu_100           |  10|   0|   10|          0|
    |indvar_flatten6_fu_92             |   8|   0|    8|          0|
    |lhs_fu_80                         |  24|   0|   24|          0|
    |or_ln64_reg_535                   |   1|   0|    1|          0|
    |pos_fu_84                         |   5|   0|    5|          0|
    |select_ln63_1_reg_528             |   3|   0|    3|          0|
    |select_ln64_1_reg_540             |   3|   0|    3|          0|
    |sub_ln1271_reg_546                |   6|   0|    7|          1|
    |icmp_ln66_1_reg_567               |  64|  32|    1|          0|
    |or_ln64_reg_535                   |  64|  32|    1|          0|
    |select_ln63_1_reg_528             |  64|  32|    3|          0|
    |select_ln64_1_reg_540             |  64|  32|    3|          0|
    +----------------------------------+----+----+-----+-----------+
    |Total                             | 342| 128|   95|          1|
    +----------------------------------+----+----+-----+-----------+



================================================================
== Interface
================================================================
* Summary: 
+---------------+-----+-----+------------+--------------------------------------------------------------------------------+--------------+
|   RTL Ports   | Dir | Bits|  Protocol  |                                  Source Object                                 |    C Type    |
+---------------+-----+-----+------------+--------------------------------------------------------------------------------+--------------+
|ap_clk         |   in|    1|  ap_ctrl_hs|  linear_attention_tiny_Pipeline_VITIS_LOOP_63_4_VITIS_LOOP_64_5_VITIS_LOOP_66_6|  return value|
|ap_rst         |   in|    1|  ap_ctrl_hs|  linear_attention_tiny_Pipeline_VITIS_LOOP_63_4_VITIS_LOOP_64_5_VITIS_LOOP_66_6|  return value|
|ap_start       |   in|    1|  ap_ctrl_hs|  linear_attention_tiny_Pipeline_VITIS_LOOP_63_4_VITIS_LOOP_64_5_VITIS_LOOP_66_6|  return value|
|ap_done        |  out|    1|  ap_ctrl_hs|  linear_attention_tiny_Pipeline_VITIS_LOOP_63_4_VITIS_LOOP_64_5_VITIS_LOOP_66_6|  return value|
|ap_idle        |  out|    1|  ap_ctrl_hs|  linear_attention_tiny_Pipeline_VITIS_LOOP_63_4_VITIS_LOOP_64_5_VITIS_LOOP_66_6|  return value|
|ap_ready       |  out|    1|  ap_ctrl_hs|  linear_attention_tiny_Pipeline_VITIS_LOOP_63_4_VITIS_LOOP_64_5_VITIS_LOOP_66_6|  return value|
|KV_V_address0  |  out|    6|   ap_memory|                                                                            KV_V|         array|
|KV_V_ce0       |  out|    1|   ap_memory|                                                                            KV_V|         array|
|KV_V_we0       |  out|    1|   ap_memory|                                                                            KV_V|         array|
|KV_V_d0        |  out|   16|   ap_memory|                                                                            KV_V|         array|
|K_V_address0   |  out|    7|   ap_memory|                                                                             K_V|         array|
|K_V_ce0        |  out|    1|   ap_memory|                                                                             K_V|         array|
|K_V_q0         |   in|   16|   ap_memory|                                                                             K_V|         array|
|V_V_address0   |  out|    7|   ap_memory|                                                                             V_V|         array|
|V_V_ce0        |  out|    1|   ap_memory|                                                                             V_V|         array|
|V_V_q0         |   in|   16|   ap_memory|                                                                             V_V|         array|
+---------------+-----+-----+------------+--------------------------------------------------------------------------------+--------------+

