

================================================================
== Vitis HLS Report for 'imgds_linear_dense_q16_Pipeline_VITIS_LOOP_185_3'
================================================================
* Date:           Wed Jul  1 12:38:12 2026

* Version:        2022.2 (Build 3670227 on Oct 13 2022)
* Project:        imgds_linear_dense_q16_pareto2
* Solution:       solution1 (Vivado IP Flow Target)
* Product family: zynq
* Target device:  xc7z020-clg400-1


================================================================
== Performance Estimates
================================================================
+ Timing: 
    * Summary: 
    +--------+----------+----------+------------+
    |  Clock |  Target  | Estimated| Uncertainty|
    +--------+----------+----------+------------+
    |ap_clk  |  10.00 ns|  5.404 ns|     2.70 ns|
    +--------+----------+----------+------------+

+ Latency: 
    * Summary: 
    +---------+---------+----------+----------+-----+-----+---------+
    |  Latency (cycles) |  Latency (absolute) |  Interval | Pipeline|
    |   min   |   max   |    min   |    max   | min | max |   Type  |
    +---------+---------+----------+----------+-----+-----+---------+
    |       21|       21|  0.210 us|  0.210 us|   21|   21|       no|
    +---------+---------+----------+----------+-----+-----+---------+

    + Detail: 
        * Instance: 
        N/A

        * Loop: 
        +--------------------+---------+---------+----------+-----------+-----------+------+----------+
        |                    |  Latency (cycles) | Iteration|  Initiation Interval  | Trip |          |
        |      Loop Name     |   min   |   max   |  Latency |  achieved |   target  | Count| Pipelined|
        +--------------------+---------+---------+----------+-----------+-----------+------+----------+
        |- VITIS_LOOP_185_3  |       19|       19|         5|          1|          1|    16|       yes|
        +--------------------+---------+---------+----------+-----------+-----------+------+----------+

============================================================
+ Verbose Summary: Synthesis Manager
============================================================
InlineROM: 1
ExposeGlobal: 0
============================================================
+ Verbose Summary: CDFG Model
============================================================
IsTopModel: 0
ResetActiveHigh: 1
IsCombinational: 0
IsDatapathOnly: 0
HasWiredReturn: 1
HasMFsm: 2
HasVarLatency: 1
IsPipeline: 0
IsRtlPipelined: 0
IsInstanceOverlapped: 0
IsDontTouch: 0
HasImplIP: 0
IsGatedGlobalClock: 0

+ Individual pipeline summary: 
  * Pipeline-0: initiation interval (II) = 1, depth = 5


============================================================
+ Verbose Summary: Schedule
============================================================
* Number of FSM states : 5
* Pipeline : 1
  Pipeline-0 : II = 1, D = 5, States = { 1 2 3 4 5 }
* Dataflow Pipeline: 0

* FSM state transitions: 
1 --> 2 
2 --> 3 
3 --> 4 
4 --> 5 
5 --> 

* FSM state operations: 

State 1 <SV = 0> <Delay = 5.16>
ST_1 : Operation 8 [1/1] (0.00ns)   --->   "%phi_ln818 = alloca i32 1"   --->   Operation 8 'alloca' 'phi_ln818' <Predicate = true> <Delay = 0.00>
ST_1 : Operation 9 [1/1] (0.00ns)   --->   "%lhs = alloca i32 1"   --->   Operation 9 'alloca' 'lhs' <Predicate = true> <Delay = 0.00>
ST_1 : Operation 10 [1/1] (0.00ns)   --->   "%i_4 = alloca i32 1"   --->   Operation 10 'alloca' 'i_4' <Predicate = true> <Delay = 0.00>
ST_1 : Operation 11 [1/1] (0.00ns)   --->   "%tmp_67_read = read i9 @_ssdm_op_Read.ap_auto.i9, i9 %tmp_67"   --->   Operation 11 'read' 'tmp_67_read' <Predicate = true> <Delay = 0.00>
ST_1 : Operation 12 [1/1] (0.00ns)   --->   "%zext_ln1271_4_read = read i8 @_ssdm_op_Read.ap_auto.i8, i8 %zext_ln1271_4"   --->   Operation 12 'read' 'zext_ln1271_4_read' <Predicate = true> <Delay = 0.00>
ST_1 : Operation 13 [1/1] (0.00ns)   --->   "%sext_ln184_read = read i14 @_ssdm_op_Read.ap_auto.i14, i14 %sext_ln184"   --->   Operation 13 'read' 'sext_ln184_read' <Predicate = true> <Delay = 0.00>
ST_1 : Operation 14 [1/1] (0.00ns)   --->   "%sext_ln184_cast = sext i14 %sext_ln184_read"   --->   Operation 14 'sext' 'sext_ln184_cast' <Predicate = true> <Delay = 0.00>
ST_1 : Operation 15 [1/1] (1.58ns)   --->   "%store_ln0 = store i5 0, i5 %i_4"   --->   Operation 15 'store' 'store_ln0' <Predicate = true> <Delay = 1.58>
ST_1 : Operation 16 [1/1] (1.58ns)   --->   "%store_ln0 = store i24 %sext_ln184_cast, i24 %lhs"   --->   Operation 16 'store' 'store_ln0' <Predicate = true> <Delay = 1.58>
ST_1 : Operation 17 [1/1] (1.58ns)   --->   "%store_ln0 = store i16 0, i16 %phi_ln818"   --->   Operation 17 'store' 'store_ln0' <Predicate = true> <Delay = 1.58>
ST_1 : Operation 18 [1/1] (0.00ns)   --->   "%br_ln0 = br void %for.body10.i"   --->   Operation 18 'br' 'br_ln0' <Predicate = true> <Delay = 0.00>
ST_1 : Operation 19 [1/1] (0.00ns)   --->   "%i = load i5 %i_4" [src/imgds_linear_dense_q16.cpp:185]   --->   Operation 19 'load' 'i' <Predicate = true> <Delay = 0.00>
ST_1 : Operation 20 [1/1] (1.36ns)   --->   "%icmp_ln185 = icmp_eq  i5 %i, i5 16" [src/imgds_linear_dense_q16.cpp:185]   --->   Operation 20 'icmp' 'icmp_ln185' <Predicate = true> <Delay = 1.36> <CoreInst = "Cmp">   --->   Core 9 'Cmp' <Latency = 0> <II = 1> <Delay = 1.36> <FuncUnit> <Opcode : 'icmp'> <InPorts = 2> <OutPorts = 1>
ST_1 : Operation 21 [1/1] (0.00ns)   --->   "%empty = speclooptripcount i32 @_ssdm_op_SpecLoopTripCount, i64 16, i64 16, i64 16"   --->   Operation 21 'speclooptripcount' 'empty' <Predicate = true> <Delay = 0.00>
ST_1 : Operation 22 [1/1] (1.78ns)   --->   "%add_ln185 = add i5 %i, i5 1" [src/imgds_linear_dense_q16.cpp:185]   --->   Operation 22 'add' 'add_ln185' <Predicate = true> <Delay = 1.78> <CoreInst = "Adder">   --->   Core 1 'Adder' <Latency = 0> <II = 1> <Delay = 1.78> <FuncUnit> <Opcode : 'add' 'sub'> <InPorts = 2> <OutPorts = 1>
ST_1 : Operation 23 [1/1] (0.00ns)   --->   "%br_ln185 = br i1 %icmp_ln185, void %for.body10.i.split, void %for.end.i.exitStub" [src/imgds_linear_dense_q16.cpp:185]   --->   Operation 23 'br' 'br_ln185' <Predicate = true> <Delay = 0.00>
ST_1 : Operation 24 [1/1] (0.00ns)   --->   "%zext_ln1271 = zext i5 %i"   --->   Operation 24 'zext' 'zext_ln1271' <Predicate = (!icmp_ln185)> <Delay = 0.00>
ST_1 : Operation 25 [1/1] (1.91ns)   --->   "%add_ln1271 = add i8 %zext_ln1271_4_read, i8 %zext_ln1271"   --->   Operation 25 'add' 'add_ln1271' <Predicate = (!icmp_ln185)> <Delay = 1.91> <CoreInst = "Adder">   --->   Core 1 'Adder' <Latency = 0> <II = 1> <Delay = 1.91> <FuncUnit> <Opcode : 'add' 'sub'> <InPorts = 2> <OutPorts = 1>
ST_1 : Operation 26 [1/1] (0.00ns)   --->   "%zext_ln1271_3 = zext i8 %add_ln1271"   --->   Operation 26 'zext' 'zext_ln1271_3' <Predicate = (!icmp_ln185)> <Delay = 0.00>
ST_1 : Operation 27 [1/1] (0.00ns)   --->   "%x_V_addr = getelementptr i16 %x_V, i64 0, i64 %zext_ln1271_3"   --->   Operation 27 'getelementptr' 'x_V_addr' <Predicate = (!icmp_ln185)> <Delay = 0.00>
ST_1 : Operation 28 [1/1] (0.00ns)   --->   "%zext_ln185 = zext i5 %i" [src/imgds_linear_dense_q16.cpp:185]   --->   Operation 28 'zext' 'zext_ln185' <Predicate = (!icmp_ln185)> <Delay = 0.00>
ST_1 : Operation 29 [1/1] (1.82ns)   --->   "%add_ln187 = add i9 %zext_ln185, i9 %tmp_67_read" [src/imgds_linear_dense_q16.cpp:187]   --->   Operation 29 'add' 'add_ln187' <Predicate = (!icmp_ln185)> <Delay = 1.82> <CoreInst = "Adder">   --->   Core 1 'Adder' <Latency = 0> <II = 1> <Delay = 1.82> <FuncUnit> <Opcode : 'add' 'sub'> <InPorts = 2> <OutPorts = 1>
ST_1 : Operation 30 [1/1] (0.00ns)   --->   "%zext_ln1271_2 = zext i9 %add_ln187"   --->   Operation 30 'zext' 'zext_ln1271_2' <Predicate = (!icmp_ln185)> <Delay = 0.00>
ST_1 : Operation 31 [2/2] (3.25ns)   --->   "%r_V = load i8 %x_V_addr"   --->   Operation 31 'load' 'r_V' <Predicate = (!icmp_ln185)> <Delay = 3.25> <CoreInst = "RAM">   --->   Core 82 'RAM' <Latency = 1> <II = 1> <Delay = 3.25> <Storage> <Opcode : 'load' 'store'> <Ports = 2> <Width = 16> <Depth = 256> <RAM>
ST_1 : Operation 32 [1/1] (0.00ns)   --->   "%layers_0_feedforward_0_weight_V_addr = getelementptr i11 %layers_0_feedforward_0_weight_V, i64 0, i64 %zext_ln1271_2"   --->   Operation 32 'getelementptr' 'layers_0_feedforward_0_weight_V_addr' <Predicate = (!icmp_ln185)> <Delay = 0.00>
ST_1 : Operation 33 [2/2] (3.25ns)   --->   "%layers_0_feedforward_0_weight_V_load = load i9 %layers_0_feedforward_0_weight_V_addr"   --->   Operation 33 'load' 'layers_0_feedforward_0_weight_V_load' <Predicate = (!icmp_ln185)> <Delay = 3.25> <CoreInst = "ROM">   --->   Core 95 'ROM' <Latency = 1> <II = 1> <Delay = 3.25> <Storage> <Opcode : 'load'> <Ports = 0> <Width = 11> <Depth = 512> <ROM>
ST_1 : Operation 34 [1/1] (1.58ns)   --->   "%store_ln185 = store i5 %add_ln185, i5 %i_4" [src/imgds_linear_dense_q16.cpp:185]   --->   Operation 34 'store' 'store_ln185' <Predicate = (!icmp_ln185)> <Delay = 1.58>

State 2 <SV = 1> <Delay = 5.40>
ST_2 : Operation 35 [1/2] (3.25ns)   --->   "%r_V = load i8 %x_V_addr"   --->   Operation 35 'load' 'r_V' <Predicate = true> <Delay = 3.25> <CoreInst = "RAM">   --->   Core 82 'RAM' <Latency = 1> <II = 1> <Delay = 3.25> <Storage> <Opcode : 'load' 'store'> <Ports = 2> <Width = 16> <Depth = 256> <RAM>
ST_2 : Operation 36 [1/1] (0.00ns)   --->   "%sext_ln1270 = sext i16 %r_V"   --->   Operation 36 'sext' 'sext_ln1270' <Predicate = true> <Delay = 0.00>
ST_2 : Operation 37 [1/2] (3.25ns)   --->   "%layers_0_feedforward_0_weight_V_load = load i9 %layers_0_feedforward_0_weight_V_addr"   --->   Operation 37 'load' 'layers_0_feedforward_0_weight_V_load' <Predicate = true> <Delay = 3.25> <CoreInst = "ROM">   --->   Core 95 'ROM' <Latency = 1> <II = 1> <Delay = 3.25> <Storage> <Opcode : 'load'> <Ports = 0> <Width = 11> <Depth = 512> <ROM>
ST_2 : Operation 38 [1/1] (0.00ns)   --->   "%sext_ln1273 = sext i11 %layers_0_feedforward_0_weight_V_load"   --->   Operation 38 'sext' 'sext_ln1273' <Predicate = true> <Delay = 0.00>
ST_2 : Operation 39 [4/4] (2.15ns) (root node of the DSP)   --->   "%r_V_14 = mul i27 %sext_ln1273, i27 %sext_ln1270"   --->   Operation 39 'mul' 'r_V_14' <Predicate = true> <Delay = 2.15> <CoreInst = "DSP48">   --->   Core 119 'DSP48' <Latency = 3> <II = 1> <Delay = 2.15> <IPBlock> <Opcode : 'mul' 'add' 'sub' 'select'> <InPorts = 0> <OutPorts = 1> <Sync> <CReg>

State 3 <SV = 2> <Delay = 2.15>
ST_3 : Operation 40 [3/4] (2.15ns) (root node of the DSP)   --->   "%r_V_14 = mul i27 %sext_ln1273, i27 %sext_ln1270"   --->   Operation 40 'mul' 'r_V_14' <Predicate = true> <Delay = 2.15> <CoreInst = "DSP48">   --->   Core 119 'DSP48' <Latency = 3> <II = 1> <Delay = 2.15> <IPBlock> <Opcode : 'mul' 'add' 'sub' 'select'> <InPorts = 0> <OutPorts = 1> <Sync> <CReg>

State 4 <SV = 3> <Delay = 2.15>
ST_4 : Operation 41 [2/4] (2.15ns) (root node of the DSP)   --->   "%r_V_14 = mul i27 %sext_ln1273, i27 %sext_ln1270"   --->   Operation 41 'mul' 'r_V_14' <Predicate = true> <Delay = 2.15> <CoreInst = "DSP48">   --->   Core 119 'DSP48' <Latency = 3> <II = 1> <Delay = 2.15> <IPBlock> <Opcode : 'mul' 'add' 'sub' 'select'> <InPorts = 0> <OutPorts = 1> <Sync> <CReg>
ST_4 : Operation 58 [1/1] (0.00ns)   --->   "%phi_ln818_load = load i16 %phi_ln818"   --->   Operation 58 'load' 'phi_ln818_load' <Predicate = (icmp_ln185)> <Delay = 0.00>
ST_4 : Operation 59 [1/1] (0.00ns)   --->   "%write_ln0 = write void @_ssdm_op_Write.ap_auto.i16P0A, i16 %phi_ln818_out, i16 %phi_ln818_load"   --->   Operation 59 'write' 'write_ln0' <Predicate = (icmp_ln185)> <Delay = 0.00>
ST_4 : Operation 60 [1/1] (0.00ns)   --->   "%ret_ln0 = ret"   --->   Operation 60 'ret' 'ret_ln0' <Predicate = (icmp_ln185)> <Delay = 0.00>

State 5 <SV = 4> <Delay = 4.08>
ST_5 : Operation 42 [1/1] (0.00ns)   --->   "%lhs_load = load i24 %lhs"   --->   Operation 42 'load' 'lhs_load' <Predicate = true> <Delay = 0.00>
ST_5 : Operation 43 [1/1] (0.00ns)   --->   "%specpipeline_ln186 = specpipeline void @_ssdm_op_SpecPipeline, i32 1, i32 0, i32 0, i32 0, void @empty_3" [src/imgds_linear_dense_q16.cpp:186]   --->   Operation 43 'specpipeline' 'specpipeline_ln186' <Predicate = true> <Delay = 0.00>
ST_5 : Operation 44 [1/1] (0.00ns)   --->   "%specloopname_ln184 = specloopname void @_ssdm_op_SpecLoopName, void @empty_6" [src/imgds_linear_dense_q16.cpp:184]   --->   Operation 44 'specloopname' 'specloopname_ln184' <Predicate = true> <Delay = 0.00>
ST_5 : Operation 45 [1/4] (0.00ns) (root node of the DSP)   --->   "%r_V_14 = mul i27 %sext_ln1273, i27 %sext_ln1270"   --->   Operation 45 'mul' 'r_V_14' <Predicate = true> <Delay = 0.00> <CoreInst = "DSP48">   --->   Core 119 'DSP48' <Latency = 3> <II = 1> <Delay = 2.15> <IPBlock> <Opcode : 'mul' 'add' 'sub' 'select'> <InPorts = 0> <OutPorts = 1> <Sync> <CReg>
ST_5 : Operation 46 [1/1] (0.00ns)   --->   "%lhs_7 = bitconcatenate i30 @_ssdm_op_BitConcatenate.i30.i24.i6, i24 %lhs_load, i6 0"   --->   Operation 46 'bitconcatenate' 'lhs_7' <Predicate = true> <Delay = 0.00>
ST_5 : Operation 47 [1/1] (0.00ns)   --->   "%sext_ln1347 = sext i27 %r_V_14"   --->   Operation 47 'sext' 'sext_ln1347' <Predicate = true> <Delay = 0.00>
ST_5 : Operation 48 [1/1] (0.00ns)   --->   "%trunc_ln1347 = trunc i27 %r_V_14"   --->   Operation 48 'trunc' 'trunc_ln1347' <Predicate = true> <Delay = 0.00>
ST_5 : Operation 49 [1/1] (0.00ns)   --->   "%trunc_ln1347_9 = trunc i24 %lhs_load"   --->   Operation 49 'trunc' 'trunc_ln1347_9' <Predicate = true> <Delay = 0.00>
ST_5 : Operation 50 [1/1] (0.00ns)   --->   "%trunc_ln1347_8 = bitconcatenate i26 @_ssdm_op_BitConcatenate.i26.i20.i6, i20 %trunc_ln1347_9, i6 0"   --->   Operation 50 'bitconcatenate' 'trunc_ln1347_8' <Predicate = true> <Delay = 0.00>
ST_5 : Operation 51 [1/1] (2.49ns)   --->   "%ret_V = add i30 %lhs_7, i30 %sext_ln1347"   --->   Operation 51 'add' 'ret_V' <Predicate = true> <Delay = 2.49> <CoreInst = "Adder">   --->   Core 1 'Adder' <Latency = 0> <II = 1> <Delay = 2.49> <FuncUnit> <Opcode : 'add' 'sub'> <InPorts = 2> <OutPorts = 1>
ST_5 : Operation 52 [1/1] (2.37ns)   --->   "%add_ln1347_32 = add i26 %trunc_ln1347_8, i26 %trunc_ln1347"   --->   Operation 52 'add' 'add_ln1347_32' <Predicate = true> <Delay = 2.37> <CoreInst = "Adder">   --->   Core 1 'Adder' <Latency = 0> <II = 1> <Delay = 2.37> <FuncUnit> <Opcode : 'add' 'sub'> <InPorts = 2> <OutPorts = 1>
ST_5 : Operation 53 [1/1] (0.00ns)   --->   "%s_V = partselect i24 @_ssdm_op_PartSelect.i24.i30.i32.i32, i30 %ret_V, i32 6, i32 29"   --->   Operation 53 'partselect' 's_V' <Predicate = true> <Delay = 0.00>
ST_5 : Operation 54 [1/1] (0.00ns)   --->   "%trunc_ln = partselect i16 @_ssdm_op_PartSelect.i16.i26.i32.i32, i26 %add_ln1347_32, i32 10, i32 25" [src/imgds_linear_dense_q16.cpp:185]   --->   Operation 54 'partselect' 'trunc_ln' <Predicate = true> <Delay = 0.00>
ST_5 : Operation 55 [1/1] (1.58ns)   --->   "%store_ln185 = store i24 %s_V, i24 %lhs" [src/imgds_linear_dense_q16.cpp:185]   --->   Operation 55 'store' 'store_ln185' <Predicate = true> <Delay = 1.58>
ST_5 : Operation 56 [1/1] (1.58ns)   --->   "%store_ln185 = store i16 %trunc_ln, i16 %phi_ln818" [src/imgds_linear_dense_q16.cpp:185]   --->   Operation 56 'store' 'store_ln185' <Predicate = true> <Delay = 1.58>
ST_5 : Operation 57 [1/1] (0.00ns)   --->   "%br_ln185 = br void %for.body10.i" [src/imgds_linear_dense_q16.cpp:185]   --->   Operation 57 'br' 'br_ln185' <Predicate = true> <Delay = 0.00>


============================================================
+ Verbose Summary: Binding
============================================================
STG Binding: 
---------------- STG Properties BEGIN ----------------
- Is combinational: 0
- Is one-state seq: 0
- Is datapath-only: 0
- Is pipelined: 0
- Is top level: 0
Port [ Return ] is wired: 1; IO mode=ap_ctrl_hs:ce=0
Port [ sext_ln184]:  wired=1; compound=0; hidden=0; nouse=0; global=0; static=0; extern=0; dir=0; type=0; pingpong=0; private_global=0; IO mode=ap_none:ce=0
Port [ zext_ln1271_4]:  wired=1; compound=0; hidden=0; nouse=0; global=0; static=0; extern=0; dir=0; type=0; pingpong=0; private_global=0; IO mode=ap_none:ce=0
Port [ x_V]:  wired=1; compound=1; hidden=0; nouse=0; global=0; static=0; extern=0; dir=0; type=1; pingpong=0; private_global=0; MemPort=[13]; IO mode=ap_memory:ce=0
Port [ tmp_67]:  wired=1; compound=0; hidden=0; nouse=0; global=0; static=0; extern=0; dir=0; type=0; pingpong=0; private_global=0; IO mode=ap_none:ce=0
Port [ phi_ln818_out]:  wired=1; compound=0; hidden=0; nouse=0; global=0; static=0; extern=0; dir=1; type=0; pingpong=0; private_global=0; IO mode=ap_vld:ce=0
Port [ layers_0_feedforward_0_weight_V]:  wired=0; compound=1; hidden=1; nouse=0; global=1; static=1; extern=0; dir=0; type=1; pingpong=0; private_global=1; MemPort=[1]; IO mode=ap_memory:ce=0
---------------- STG Properties END ------------------

---------------- Datapath Model BEGIN ----------------

<LifeTime>
<method=bitvector/>
phi_ln818                            (alloca           ) [ 011111]
lhs                                  (alloca           ) [ 011111]
i_4                                  (alloca           ) [ 010000]
tmp_67_read                          (read             ) [ 000000]
zext_ln1271_4_read                   (read             ) [ 000000]
sext_ln184_read                      (read             ) [ 000000]
sext_ln184_cast                      (sext             ) [ 000000]
store_ln0                            (store            ) [ 000000]
store_ln0                            (store            ) [ 000000]
store_ln0                            (store            ) [ 000000]
br_ln0                               (br               ) [ 000000]
i                                    (load             ) [ 000000]
icmp_ln185                           (icmp             ) [ 011110]
empty                                (speclooptripcount) [ 000000]
add_ln185                            (add              ) [ 000000]
br_ln185                             (br               ) [ 000000]
zext_ln1271                          (zext             ) [ 000000]
add_ln1271                           (add              ) [ 000000]
zext_ln1271_3                        (zext             ) [ 000000]
x_V_addr                             (getelementptr    ) [ 011000]
zext_ln185                           (zext             ) [ 000000]
add_ln187                            (add              ) [ 000000]
zext_ln1271_2                        (zext             ) [ 000000]
layers_0_feedforward_0_weight_V_addr (getelementptr    ) [ 011000]
store_ln185                          (store            ) [ 000000]
r_V                                  (load             ) [ 000000]
sext_ln1270                          (sext             ) [ 010111]
layers_0_feedforward_0_weight_V_load (load             ) [ 000000]
sext_ln1273                          (sext             ) [ 010111]
lhs_load                             (load             ) [ 000000]
specpipeline_ln186                   (specpipeline     ) [ 000000]
specloopname_ln184                   (specloopname     ) [ 000000]
r_V_14                               (mul              ) [ 000000]
lhs_7                                (bitconcatenate   ) [ 000000]
sext_ln1347                          (sext             ) [ 000000]
trunc_ln1347                         (trunc            ) [ 000000]
trunc_ln1347_9                       (trunc            ) [ 000000]
trunc_ln1347_8                       (bitconcatenate   ) [ 000000]
ret_V                                (add              ) [ 000000]
add_ln1347_32                        (add              ) [ 000000]
s_V                                  (partselect       ) [ 000000]
trunc_ln                             (partselect       ) [ 000000]
store_ln185                          (store            ) [ 000000]
store_ln185                          (store            ) [ 000000]
br_ln185                             (br               ) [ 000000]
phi_ln818_load                       (load             ) [ 000000]
write_ln0                            (write            ) [ 000000]
ret_ln0                              (ret              ) [ 000000]
</LifeTime>

<model>

<comp_list>
<comp id="0" class="1000" name="sext_ln184">
<pin_list>
<pin id="1" dir="1" index="0" bw="1" slack="0"/>
</pin_list>
<bind>
<StgValue><ssdm name="sext_ln184"/></StgValue>
</bind>
</comp>

<comp id="2" class="1000" name="zext_ln1271_4">
<pin_list>
<pin id="3" dir="1" index="0" bw="1" slack="0"/>
</pin_list>
<bind>
<StgValue><ssdm name="zext_ln1271_4"/></StgValue>
</bind>
</comp>

<comp id="4" class="1000" name="x_V">
<pin_list>
<pin id="5" dir="1" index="0" bw="1" slack="0"/>
</pin_list>
<bind>
<StgValue><ssdm name="x_V"/><MemPortTyVec>1 3 </MemPortTyVec>
</StgValue>
</bind>
</comp>

<comp id="6" class="1000" name="tmp_67">
<pin_list>
<pin id="7" dir="1" index="0" bw="1" slack="0"/>
</pin_list>
<bind>
<StgValue><ssdm name="tmp_67"/></StgValue>
</bind>
</comp>

<comp id="8" class="1000" name="phi_ln818_out">
<pin_list>
<pin id="9" dir="1" index="0" bw="1" slack="0"/>
</pin_list>
<bind>
<StgValue><ssdm name="phi_ln818_out"/></StgValue>
</bind>
</comp>

<comp id="10" class="1000" name="layers_0_feedforward_0_weight_V">
<pin_list>
<pin id="11" dir="1" index="0" bw="1" slack="0"/>
</pin_list>
<bind>
<StgValue><ssdm name="layers_0_feedforward_0_weight_V"/><MemPortTyVec>1 </MemPortTyVec>
</StgValue>
</bind>
</comp>

<comp id="12" class="1001" name="const_12">
<pin_list>
<pin id="13" dir="1" index="0" bw="1" slack="0"/>
</pin_list>
<bind>
<StgValue><ssdm name=""/></StgValue>
</bind>
</comp>

<comp id="14" class="1001" name="const_14">
<pin_list>
<pin id="15" dir="1" index="0" bw="1" slack="0"/>
</pin_list>
<bind>
<StgValue><ssdm name="_ssdm_op_Read.ap_auto.i9"/></StgValue>
</bind>
</comp>

<comp id="16" class="1001" name="const_16">
<pin_list>
<pin id="17" dir="1" index="0" bw="1" slack="0"/>
</pin_list>
<bind>
<StgValue><ssdm name="_ssdm_op_Read.ap_auto.i8"/></StgValue>
</bind>
</comp>

<comp id="18" class="1001" name="const_18">
<pin_list>
<pin id="19" dir="1" index="0" bw="1" slack="0"/>
</pin_list>
<bind>
<StgValue><ssdm name="_ssdm_op_Read.ap_auto.i14"/></StgValue>
</bind>
</comp>

<comp id="20" class="1001" name="const_20">
<pin_list>
<pin id="21" dir="1" index="0" bw="1" slack="0"/>
</pin_list>
<bind>
<StgValue><ssdm name=""/></StgValue>
</bind>
</comp>

<comp id="22" class="1001" name="const_22">
<pin_list>
<pin id="23" dir="1" index="0" bw="1" slack="0"/>
</pin_list>
<bind>
<StgValue><ssdm name=""/></StgValue>
</bind>
</comp>

<comp id="24" class="1001" name="const_24">
<pin_list>
<pin id="25" dir="1" index="0" bw="1" slack="0"/>
</pin_list>
<bind>
<StgValue><ssdm name=""/></StgValue>
</bind>
</comp>

<comp id="26" class="1001" name="const_26">
<pin_list>
<pin id="27" dir="1" index="0" bw="1" slack="2147483647"/>
</pin_list>
<bind>
<StgValue><ssdm name="_ssdm_op_SpecLoopTripCount"/></StgValue>
</bind>
</comp>

<comp id="28" class="1001" name="const_28">
<pin_list>
<pin id="29" dir="1" index="0" bw="1" slack="2147483647"/>
</pin_list>
<bind>
<StgValue><ssdm name=""/></StgValue>
</bind>
</comp>

<comp id="30" class="1001" name="const_30">
<pin_list>
<pin id="31" dir="1" index="0" bw="1" slack="0"/>
</pin_list>
<bind>
<StgValue><ssdm name=""/></StgValue>
</bind>
</comp>

<comp id="32" class="1001" name="const_32">
<pin_list>
<pin id="33" dir="1" index="0" bw="1" slack="0"/>
</pin_list>
<bind>
<StgValue><ssdm name=""/></StgValue>
</bind>
</comp>

<comp id="34" class="1001" name="const_34">
<pin_list>
<pin id="35" dir="1" index="0" bw="1" slack="2147483647"/>
</pin_list>
<bind>
<StgValue><ssdm name="_ssdm_op_SpecPipeline"/></StgValue>
</bind>
</comp>

<comp id="36" class="1001" name="const_36">
<pin_list>
<pin id="37" dir="1" index="0" bw="1" slack="2147483647"/>
</pin_list>
<bind>
<StgValue><ssdm name=""/></StgValue>
</bind>
</comp>

<comp id="38" class="1001" name="const_38">
<pin_list>
<pin id="39" dir="1" index="0" bw="1" slack="2147483647"/>
</pin_list>
<bind>
<StgValue><ssdm name="empty_3"/></StgValue>
</bind>
</comp>

<comp id="40" class="1001" name="const_40">
<pin_list>
<pin id="41" dir="1" index="0" bw="1" slack="2147483647"/>
</pin_list>
<bind>
<StgValue><ssdm name="_ssdm_op_SpecLoopName"/></StgValue>
</bind>
</comp>

<comp id="42" class="1001" name="const_42">
<pin_list>
<pin id="43" dir="1" index="0" bw="1" slack="2147483647"/>
</pin_list>
<bind>
<StgValue><ssdm name="empty_6"/></StgValue>
</bind>
</comp>

<comp id="44" class="1001" name="const_44">
<pin_list>
<pin id="45" dir="1" index="0" bw="1" slack="0"/>
</pin_list>
<bind>
<StgValue><ssdm name="_ssdm_op_BitConcatenate.i30.i24.i6"/></StgValue>
</bind>
</comp>

<comp id="46" class="1001" name="const_46">
<pin_list>
<pin id="47" dir="1" index="0" bw="1" slack="0"/>
</pin_list>
<bind>
<StgValue><ssdm name=""/></StgValue>
</bind>
</comp>

<comp id="48" class="1001" name="const_48">
<pin_list>
<pin id="49" dir="1" index="0" bw="1" slack="0"/>
</pin_list>
<bind>
<StgValue><ssdm name="_ssdm_op_BitConcatenate.i26.i20.i6"/></StgValue>
</bind>
</comp>

<comp id="50" class="1001" name="const_50">
<pin_list>
<pin id="51" dir="1" index="0" bw="1" slack="0"/>
</pin_list>
<bind>
<StgValue><ssdm name="_ssdm_op_PartSelect.i24.i30.i32.i32"/></StgValue>
</bind>
</comp>

<comp id="52" class="1001" name="const_52">
<pin_list>
<pin id="53" dir="1" index="0" bw="1" slack="0"/>
</pin_list>
<bind>
<StgValue><ssdm name=""/></StgValue>
</bind>
</comp>

<comp id="54" class="1001" name="const_54">
<pin_list>
<pin id="55" dir="1" index="0" bw="1" slack="0"/>
</pin_list>
<bind>
<StgValue><ssdm name=""/></StgValue>
</bind>
</comp>

<comp id="56" class="1001" name="const_56">
<pin_list>
<pin id="57" dir="1" index="0" bw="1" slack="0"/>
</pin_list>
<bind>
<StgValue><ssdm name="_ssdm_op_PartSelect.i16.i26.i32.i32"/></StgValue>
</bind>
</comp>

<comp id="58" class="1001" name="const_58">
<pin_list>
<pin id="59" dir="1" index="0" bw="1" slack="0"/>
</pin_list>
<bind>
<StgValue><ssdm name=""/></StgValue>
</bind>
</comp>

<comp id="60" class="1001" name="const_60">
<pin_list>
<pin id="61" dir="1" index="0" bw="1" slack="0"/>
</pin_list>
<bind>
<StgValue><ssdm name=""/></StgValue>
</bind>
</comp>

<comp id="62" class="1001" name="const_62">
<pin_list>
<pin id="63" dir="1" index="0" bw="1" slack="0"/>
</pin_list>
<bind>
<StgValue><ssdm name="_ssdm_op_Write.ap_auto.i16P0A"/></StgValue>
</bind>
</comp>

<comp id="64" class="1004" name="phi_ln818_fu_64">
<pin_list>
<pin id="65" dir="0" index="0" bw="1" slack="0"/>
<pin id="66" dir="1" index="1" bw="16" slack="0"/>
</pin_list>
<bind>
<opcode="alloca(26) " fcode="alloca"/>
<opset="phi_ln818/1 "/>
</bind>
</comp>

<comp id="68" class="1004" name="lhs_fu_68">
<pin_list>
<pin id="69" dir="0" index="0" bw="1" slack="0"/>
<pin id="70" dir="1" index="1" bw="24" slack="0"/>
</pin_list>
<bind>
<opcode="alloca(26) " fcode="alloca"/>
<opset="lhs/1 "/>
</bind>
</comp>

<comp id="72" class="1004" name="i_4_fu_72">
<pin_list>
<pin id="73" dir="0" index="0" bw="1" slack="0"/>
<pin id="74" dir="1" index="1" bw="5" slack="0"/>
</pin_list>
<bind>
<opcode="alloca(26) " fcode="alloca"/>
<opset="i_4/1 "/>
</bind>
</comp>

<comp id="76" class="1004" name="tmp_67_read_read_fu_76">
<pin_list>
<pin id="77" dir="0" index="0" bw="9" slack="0"/>
<pin id="78" dir="0" index="1" bw="9" slack="0"/>
<pin id="79" dir="1" index="2" bw="9" slack="0"/>
</pin_list>
<bind>
<opcode="read(1150) " fcode="read"/>
<opset="tmp_67_read/1 "/>
</bind>
</comp>

<comp id="82" class="1004" name="zext_ln1271_4_read_read_fu_82">
<pin_list>
<pin id="83" dir="0" index="0" bw="8" slack="0"/>
<pin id="84" dir="0" index="1" bw="8" slack="0"/>
<pin id="85" dir="1" index="2" bw="8" slack="0"/>
</pin_list>
<bind>
<opcode="read(1150) " fcode="read"/>
<opset="zext_ln1271_4_read/1 "/>
</bind>
</comp>

<comp id="88" class="1004" name="sext_ln184_read_read_fu_88">
<pin_list>
<pin id="89" dir="0" index="0" bw="14" slack="0"/>
<pin id="90" dir="0" index="1" bw="14" slack="0"/>
<pin id="91" dir="1" index="2" bw="14" slack="0"/>
</pin_list>
<bind>
<opcode="read(1150) " fcode="read"/>
<opset="sext_ln184_read/1 "/>
</bind>
</comp>

<comp id="94" class="1004" name="write_ln0_write_fu_94">
<pin_list>
<pin id="95" dir="0" index="0" bw="0" slack="0"/>
<pin id="96" dir="0" index="1" bw="16" slack="0"/>
<pin id="97" dir="0" index="2" bw="16" slack="0"/>
<pin id="98" dir="1" index="3" bw="0" slack="2147483647"/>
</pin_list>
<bind>
<opcode="write(1151) " fcode="write"/>
<opset="write_ln0/4 "/>
</bind>
</comp>

<comp id="101" class="1004" name="x_V_addr_gep_fu_101">
<pin_list>
<pin id="102" dir="0" index="0" bw="16" slack="0"/>
<pin id="103" dir="0" index="1" bw="1" slack="0"/>
<pin id="104" dir="0" index="2" bw="8" slack="0"/>
<pin id="105" dir="1" index="3" bw="8" slack="0"/>
</pin_list>
<bind>
<opcode="getelementptr(29) " fcode="getelementptr"/>
<opset="x_V_addr/1 "/>
</bind>
</comp>

<comp id="108" class="1004" name="grp_access_fu_108">
<pin_list>
<pin id="109" dir="0" index="0" bw="8" slack="0"/>
<pin id="110" dir="0" index="1" bw="16" slack="2147483647"/>
<pin id="111" dir="0" index="2" bw="0" slack="2147483647"/>
<pin id="112" dir="1" index="3" bw="16" slack="0"/>
</pin_list>
<bind>
<opcode="load(27) " fcode="load"/>
<opset="r_V/1 "/>
</bind>
</comp>

<comp id="114" class="1004" name="layers_0_feedforward_0_weight_V_addr_gep_fu_114">
<pin_list>
<pin id="115" dir="0" index="0" bw="11" slack="0"/>
<pin id="116" dir="0" index="1" bw="1" slack="0"/>
<pin id="117" dir="0" index="2" bw="9" slack="0"/>
<pin id="118" dir="1" index="3" bw="9" slack="0"/>
</pin_list>
<bind>
<opcode="getelementptr(29) " fcode="getelementptr"/>
<opset="layers_0_feedforward_0_weight_V_addr/1 "/>
</bind>
</comp>

<comp id="121" class="1004" name="grp_access_fu_121">
<pin_list>
<pin id="122" dir="0" index="0" bw="9" slack="0"/>
<pin id="123" dir="0" index="1" bw="11" slack="2147483647"/>
<pin id="124" dir="0" index="2" bw="0" slack="2147483647"/>
<pin id="125" dir="1" index="3" bw="11" slack="0"/>
</pin_list>
<bind>
<opcode="load(27) " fcode="load"/>
<opset="layers_0_feedforward_0_weight_V_load/1 "/>
</bind>
</comp>

<comp id="127" class="1004" name="sext_ln184_cast_fu_127">
<pin_list>
<pin id="128" dir="0" index="0" bw="14" slack="0"/>
<pin id="129" dir="1" index="1" bw="24" slack="0"/>
</pin_list>
<bind>
<opcode="sext(35) " fcode="sext"/>
<opset="sext_ln184_cast/1 "/>
</bind>
</comp>

<comp id="131" class="1004" name="store_ln0_store_fu_131">
<pin_list>
<pin id="132" dir="0" index="0" bw="1" slack="0"/>
<pin id="133" dir="0" index="1" bw="5" slack="0"/>
<pin id="134" dir="1" index="2" bw="0" slack="2147483647"/>
</pin_list>
<bind>
<opcode="store(28) " fcode="store"/>
<opset="store_ln0/1 "/>
</bind>
</comp>

<comp id="136" class="1004" name="store_ln0_store_fu_136">
<pin_list>
<pin id="137" dir="0" index="0" bw="14" slack="0"/>
<pin id="138" dir="0" index="1" bw="24" slack="0"/>
<pin id="139" dir="1" index="2" bw="0" slack="2147483647"/>
</pin_list>
<bind>
<opcode="store(28) " fcode="store"/>
<opset="store_ln0/1 "/>
</bind>
</comp>

<comp id="141" class="1004" name="store_ln0_store_fu_141">
<pin_list>
<pin id="142" dir="0" index="0" bw="1" slack="0"/>
<pin id="143" dir="0" index="1" bw="16" slack="0"/>
<pin id="144" dir="1" index="2" bw="0" slack="2147483647"/>
</pin_list>
<bind>
<opcode="store(28) " fcode="store"/>
<opset="store_ln0/1 "/>
</bind>
</comp>

<comp id="146" class="1004" name="i_load_fu_146">
<pin_list>
<pin id="147" dir="0" index="0" bw="5" slack="0"/>
<pin id="148" dir="1" index="1" bw="5" slack="0"/>
</pin_list>
<bind>
<opcode="load(27) " fcode="load"/>
<opset="i/1 "/>
</bind>
</comp>

<comp id="149" class="1004" name="icmp_ln185_fu_149">
<pin_list>
<pin id="150" dir="0" index="0" bw="5" slack="0"/>
<pin id="151" dir="0" index="1" bw="5" slack="0"/>
<pin id="152" dir="1" index="2" bw="1" slack="3"/>
</pin_list>
<bind>
<opcode="icmp(45) " fcode="icmp"/>
<opset="icmp_ln185/1 "/>
</bind>
</comp>

<comp id="155" class="1004" name="add_ln185_fu_155">
<pin_list>
<pin id="156" dir="0" index="0" bw="5" slack="0"/>
<pin id="157" dir="0" index="1" bw="1" slack="0"/>
<pin id="158" dir="1" index="2" bw="5" slack="0"/>
</pin_list>
<bind>
<opcode="add(8) " fcode="add"/>
<opset="add_ln185/1 "/>
</bind>
</comp>

<comp id="161" class="1004" name="zext_ln1271_fu_161">
<pin_list>
<pin id="162" dir="0" index="0" bw="5" slack="0"/>
<pin id="163" dir="1" index="1" bw="8" slack="0"/>
</pin_list>
<bind>
<opcode="zext(34) " fcode="zext"/>
<opset="zext_ln1271/1 "/>
</bind>
</comp>

<comp id="165" class="1004" name="add_ln1271_fu_165">
<pin_list>
<pin id="166" dir="0" index="0" bw="8" slack="0"/>
<pin id="167" dir="0" index="1" bw="5" slack="0"/>
<pin id="168" dir="1" index="2" bw="8" slack="0"/>
</pin_list>
<bind>
<opcode="add(8) " fcode="add"/>
<opset="add_ln1271/1 "/>
</bind>
</comp>

<comp id="171" class="1004" name="zext_ln1271_3_fu_171">
<pin_list>
<pin id="172" dir="0" index="0" bw="8" slack="0"/>
<pin id="173" dir="1" index="1" bw="64" slack="0"/>
</pin_list>
<bind>
<opcode="zext(34) " fcode="zext"/>
<opset="zext_ln1271_3/1 "/>
</bind>
</comp>

<comp id="176" class="1004" name="zext_ln185_fu_176">
<pin_list>
<pin id="177" dir="0" index="0" bw="5" slack="0"/>
<pin id="178" dir="1" index="1" bw="9" slack="0"/>
</pin_list>
<bind>
<opcode="zext(34) " fcode="zext"/>
<opset="zext_ln185/1 "/>
</bind>
</comp>

<comp id="180" class="1004" name="add_ln187_fu_180">
<pin_list>
<pin id="181" dir="0" index="0" bw="5" slack="0"/>
<pin id="182" dir="0" index="1" bw="9" slack="0"/>
<pin id="183" dir="1" index="2" bw="9" slack="0"/>
</pin_list>
<bind>
<opcode="add(8) " fcode="add"/>
<opset="add_ln187/1 "/>
</bind>
</comp>

<comp id="186" class="1004" name="zext_ln1271_2_fu_186">
<pin_list>
<pin id="187" dir="0" index="0" bw="9" slack="0"/>
<pin id="188" dir="1" index="1" bw="64" slack="0"/>
</pin_list>
<bind>
<opcode="zext(34) " fcode="zext"/>
<opset="zext_ln1271_2/1 "/>
</bind>
</comp>

<comp id="191" class="1004" name="store_ln185_store_fu_191">
<pin_list>
<pin id="192" dir="0" index="0" bw="5" slack="0"/>
<pin id="193" dir="0" index="1" bw="5" slack="0"/>
<pin id="194" dir="1" index="2" bw="0" slack="2147483647"/>
</pin_list>
<bind>
<opcode="store(28) " fcode="store"/>
<opset="store_ln185/1 "/>
</bind>
</comp>

<comp id="196" class="1004" name="sext_ln1270_fu_196">
<pin_list>
<pin id="197" dir="0" index="0" bw="16" slack="0"/>
<pin id="198" dir="1" index="1" bw="27" slack="0"/>
</pin_list>
<bind>
<opcode="sext(35) " fcode="sext"/>
<opset="sext_ln1270/2 "/>
</bind>
</comp>

<comp id="200" class="1004" name="sext_ln1273_fu_200">
<pin_list>
<pin id="201" dir="0" index="0" bw="11" slack="0"/>
<pin id="202" dir="1" index="1" bw="27" slack="0"/>
</pin_list>
<bind>
<opcode="sext(35) " fcode="sext"/>
<opset="sext_ln1273/2 "/>
</bind>
</comp>

<comp id="204" class="1004" name="lhs_load_load_fu_204">
<pin_list>
<pin id="205" dir="0" index="0" bw="24" slack="4"/>
<pin id="206" dir="1" index="1" bw="24" slack="0"/>
</pin_list>
<bind>
<opcode="load(27) " fcode="load"/>
<opset="lhs_load/5 "/>
</bind>
</comp>

<comp id="207" class="1004" name="lhs_7_fu_207">
<pin_list>
<pin id="208" dir="0" index="0" bw="30" slack="0"/>
<pin id="209" dir="0" index="1" bw="24" slack="0"/>
<pin id="210" dir="0" index="2" bw="1" slack="0"/>
<pin id="211" dir="1" index="3" bw="30" slack="0"/>
</pin_list>
<bind>
<opcode="bitconcatenate(1004) " fcode="bitconcatenate"/>
<opset="lhs_7/5 "/>
</bind>
</comp>

<comp id="215" class="1004" name="sext_ln1347_fu_215">
<pin_list>
<pin id="216" dir="0" index="0" bw="27" slack="0"/>
<pin id="217" dir="1" index="1" bw="30" slack="0"/>
</pin_list>
<bind>
<opcode="sext(35) " fcode="sext"/>
<opset="sext_ln1347/5 "/>
</bind>
</comp>

<comp id="218" class="1004" name="trunc_ln1347_fu_218">
<pin_list>
<pin id="219" dir="0" index="0" bw="27" slack="0"/>
<pin id="220" dir="1" index="1" bw="26" slack="0"/>
</pin_list>
<bind>
<opcode="trunc(33) " fcode="trunc"/>
<opset="trunc_ln1347/5 "/>
</bind>
</comp>

<comp id="221" class="1004" name="trunc_ln1347_9_fu_221">
<pin_list>
<pin id="222" dir="0" index="0" bw="24" slack="0"/>
<pin id="223" dir="1" index="1" bw="20" slack="0"/>
</pin_list>
<bind>
<opcode="trunc(33) " fcode="trunc"/>
<opset="trunc_ln1347_9/5 "/>
</bind>
</comp>

<comp id="225" class="1004" name="trunc_ln1347_8_fu_225">
<pin_list>
<pin id="226" dir="0" index="0" bw="26" slack="0"/>
<pin id="227" dir="0" index="1" bw="20" slack="0"/>
<pin id="228" dir="0" index="2" bw="1" slack="0"/>
<pin id="229" dir="1" index="3" bw="26" slack="0"/>
</pin_list>
<bind>
<opcode="bitconcatenate(1004) " fcode="bitconcatenate"/>
<opset="trunc_ln1347_8/5 "/>
</bind>
</comp>

<comp id="233" class="1004" name="ret_V_fu_233">
<pin_list>
<pin id="234" dir="0" index="0" bw="30" slack="0"/>
<pin id="235" dir="0" index="1" bw="27" slack="0"/>
<pin id="236" dir="1" index="2" bw="30" slack="0"/>
</pin_list>
<bind>
<opcode="add(8) " fcode="add"/>
<opset="ret_V/5 "/>
</bind>
</comp>

<comp id="239" class="1004" name="add_ln1347_32_fu_239">
<pin_list>
<pin id="240" dir="0" index="0" bw="26" slack="0"/>
<pin id="241" dir="0" index="1" bw="26" slack="0"/>
<pin id="242" dir="1" index="2" bw="26" slack="0"/>
</pin_list>
<bind>
<opcode="add(8) " fcode="add"/>
<opset="add_ln1347_32/5 "/>
</bind>
</comp>

<comp id="245" class="1004" name="s_V_fu_245">
<pin_list>
<pin id="246" dir="0" index="0" bw="24" slack="0"/>
<pin id="247" dir="0" index="1" bw="30" slack="0"/>
<pin id="248" dir="0" index="2" bw="4" slack="0"/>
<pin id="249" dir="0" index="3" bw="6" slack="0"/>
<pin id="250" dir="1" index="4" bw="24" slack="0"/>
</pin_list>
<bind>
<opcode="partselect(1002) " fcode="partselect"/>
<opset="s_V/5 "/>
</bind>
</comp>

<comp id="255" class="1004" name="trunc_ln_fu_255">
<pin_list>
<pin id="256" dir="0" index="0" bw="16" slack="0"/>
<pin id="257" dir="0" index="1" bw="26" slack="0"/>
<pin id="258" dir="0" index="2" bw="5" slack="0"/>
<pin id="259" dir="0" index="3" bw="6" slack="0"/>
<pin id="260" dir="1" index="4" bw="16" slack="0"/>
</pin_list>
<bind>
<opcode="partselect(1002) " fcode="partselect"/>
<opset="trunc_ln/5 "/>
</bind>
</comp>

<comp id="265" class="1004" name="store_ln185_store_fu_265">
<pin_list>
<pin id="266" dir="0" index="0" bw="24" slack="0"/>
<pin id="267" dir="0" index="1" bw="24" slack="4"/>
<pin id="268" dir="1" index="2" bw="0" slack="2147483647"/>
</pin_list>
<bind>
<opcode="store(28) " fcode="store"/>
<opset="store_ln185/5 "/>
</bind>
</comp>

<comp id="270" class="1004" name="store_ln185_store_fu_270">
<pin_list>
<pin id="271" dir="0" index="0" bw="16" slack="0"/>
<pin id="272" dir="0" index="1" bw="16" slack="4"/>
<pin id="273" dir="1" index="2" bw="0" slack="2147483647"/>
</pin_list>
<bind>
<opcode="store(28) " fcode="store"/>
<opset="store_ln185/5 "/>
</bind>
</comp>

<comp id="275" class="1004" name="phi_ln818_load_load_fu_275">
<pin_list>
<pin id="276" dir="0" index="0" bw="16" slack="3"/>
<pin id="277" dir="1" index="1" bw="16" slack="0"/>
</pin_list>
<bind>
<opcode="load(27) " fcode="load"/>
<opset="phi_ln818_load/4 "/>
</bind>
</comp>

<comp id="279" class="1007" name="grp_fu_279">
<pin_list>
<pin id="280" dir="0" index="0" bw="11" slack="0"/>
<pin id="281" dir="0" index="1" bw="16" slack="0"/>
<pin id="282" dir="1" index="2" bw="27" slack="0"/>
</pin_list>
<bind>
<opcode="mul(12) " fcode="mul"/>
<opset="r_V_14/2 "/>
</bind>
</comp>

<comp id="287" class="1005" name="phi_ln818_reg_287">
<pin_list>
<pin id="288" dir="0" index="0" bw="16" slack="0"/>
<pin id="289" dir="1" index="1" bw="16" slack="0"/>
</pin_list>
<bind>
<opset="phi_ln818 "/>
</bind>
</comp>

<comp id="294" class="1005" name="lhs_reg_294">
<pin_list>
<pin id="295" dir="0" index="0" bw="24" slack="0"/>
<pin id="296" dir="1" index="1" bw="24" slack="0"/>
</pin_list>
<bind>
<opset="lhs "/>
</bind>
</comp>

<comp id="301" class="1005" name="i_4_reg_301">
<pin_list>
<pin id="302" dir="0" index="0" bw="5" slack="0"/>
<pin id="303" dir="1" index="1" bw="5" slack="0"/>
</pin_list>
<bind>
<opset="i_4 "/>
</bind>
</comp>

<comp id="308" class="1005" name="icmp_ln185_reg_308">
<pin_list>
<pin id="309" dir="0" index="0" bw="1" slack="3"/>
<pin id="310" dir="1" index="1" bw="1" slack="2147483647"/>
</pin_list>
<bind>
<opset="icmp_ln185 "/>
</bind>
</comp>

<comp id="312" class="1005" name="x_V_addr_reg_312">
<pin_list>
<pin id="313" dir="0" index="0" bw="8" slack="1"/>
<pin id="314" dir="1" index="1" bw="8" slack="1"/>
</pin_list>
<bind>
<opset="x_V_addr "/>
</bind>
</comp>

<comp id="317" class="1005" name="layers_0_feedforward_0_weight_V_addr_reg_317">
<pin_list>
<pin id="318" dir="0" index="0" bw="9" slack="1"/>
<pin id="319" dir="1" index="1" bw="9" slack="1"/>
</pin_list>
<bind>
<opset="layers_0_feedforward_0_weight_V_addr "/>
</bind>
</comp>

<comp id="322" class="1005" name="sext_ln1270_reg_322">
<pin_list>
<pin id="323" dir="0" index="0" bw="27" slack="1"/>
<pin id="324" dir="1" index="1" bw="27" slack="1"/>
</pin_list>
<bind>
<opset="sext_ln1270 "/>
</bind>
</comp>

<comp id="327" class="1005" name="sext_ln1273_reg_327">
<pin_list>
<pin id="328" dir="0" index="0" bw="27" slack="1"/>
<pin id="329" dir="1" index="1" bw="27" slack="1"/>
</pin_list>
<bind>
<opset="sext_ln1273 "/>
</bind>
</comp>

</comp_list>

<net_list>
<net id="67"><net_src comp="12" pin="0"/><net_sink comp="64" pin=0"/></net>

<net id="71"><net_src comp="12" pin="0"/><net_sink comp="68" pin=0"/></net>

<net id="75"><net_src comp="12" pin="0"/><net_sink comp="72" pin=0"/></net>

<net id="80"><net_src comp="14" pin="0"/><net_sink comp="76" pin=0"/></net>

<net id="81"><net_src comp="6" pin="0"/><net_sink comp="76" pin=1"/></net>

<net id="86"><net_src comp="16" pin="0"/><net_sink comp="82" pin=0"/></net>

<net id="87"><net_src comp="2" pin="0"/><net_sink comp="82" pin=1"/></net>

<net id="92"><net_src comp="18" pin="0"/><net_sink comp="88" pin=0"/></net>

<net id="93"><net_src comp="0" pin="0"/><net_sink comp="88" pin=1"/></net>

<net id="99"><net_src comp="62" pin="0"/><net_sink comp="94" pin=0"/></net>

<net id="100"><net_src comp="8" pin="0"/><net_sink comp="94" pin=1"/></net>

<net id="106"><net_src comp="4" pin="0"/><net_sink comp="101" pin=0"/></net>

<net id="107"><net_src comp="32" pin="0"/><net_sink comp="101" pin=1"/></net>

<net id="113"><net_src comp="101" pin="3"/><net_sink comp="108" pin=0"/></net>

<net id="119"><net_src comp="10" pin="0"/><net_sink comp="114" pin=0"/></net>

<net id="120"><net_src comp="32" pin="0"/><net_sink comp="114" pin=1"/></net>

<net id="126"><net_src comp="114" pin="3"/><net_sink comp="121" pin=0"/></net>

<net id="130"><net_src comp="88" pin="2"/><net_sink comp="127" pin=0"/></net>

<net id="135"><net_src comp="20" pin="0"/><net_sink comp="131" pin=0"/></net>

<net id="140"><net_src comp="127" pin="1"/><net_sink comp="136" pin=0"/></net>

<net id="145"><net_src comp="22" pin="0"/><net_sink comp="141" pin=0"/></net>

<net id="153"><net_src comp="146" pin="1"/><net_sink comp="149" pin=0"/></net>

<net id="154"><net_src comp="24" pin="0"/><net_sink comp="149" pin=1"/></net>

<net id="159"><net_src comp="146" pin="1"/><net_sink comp="155" pin=0"/></net>

<net id="160"><net_src comp="30" pin="0"/><net_sink comp="155" pin=1"/></net>

<net id="164"><net_src comp="146" pin="1"/><net_sink comp="161" pin=0"/></net>

<net id="169"><net_src comp="82" pin="2"/><net_sink comp="165" pin=0"/></net>

<net id="170"><net_src comp="161" pin="1"/><net_sink comp="165" pin=1"/></net>

<net id="174"><net_src comp="165" pin="2"/><net_sink comp="171" pin=0"/></net>

<net id="175"><net_src comp="171" pin="1"/><net_sink comp="101" pin=2"/></net>

<net id="179"><net_src comp="146" pin="1"/><net_sink comp="176" pin=0"/></net>

<net id="184"><net_src comp="176" pin="1"/><net_sink comp="180" pin=0"/></net>

<net id="185"><net_src comp="76" pin="2"/><net_sink comp="180" pin=1"/></net>

<net id="189"><net_src comp="180" pin="2"/><net_sink comp="186" pin=0"/></net>

<net id="190"><net_src comp="186" pin="1"/><net_sink comp="114" pin=2"/></net>

<net id="195"><net_src comp="155" pin="2"/><net_sink comp="191" pin=0"/></net>

<net id="199"><net_src comp="108" pin="3"/><net_sink comp="196" pin=0"/></net>

<net id="203"><net_src comp="121" pin="3"/><net_sink comp="200" pin=0"/></net>

<net id="212"><net_src comp="44" pin="0"/><net_sink comp="207" pin=0"/></net>

<net id="213"><net_src comp="204" pin="1"/><net_sink comp="207" pin=1"/></net>

<net id="214"><net_src comp="46" pin="0"/><net_sink comp="207" pin=2"/></net>

<net id="224"><net_src comp="204" pin="1"/><net_sink comp="221" pin=0"/></net>

<net id="230"><net_src comp="48" pin="0"/><net_sink comp="225" pin=0"/></net>

<net id="231"><net_src comp="221" pin="1"/><net_sink comp="225" pin=1"/></net>

<net id="232"><net_src comp="46" pin="0"/><net_sink comp="225" pin=2"/></net>

<net id="237"><net_src comp="207" pin="3"/><net_sink comp="233" pin=0"/></net>

<net id="238"><net_src comp="215" pin="1"/><net_sink comp="233" pin=1"/></net>

<net id="243"><net_src comp="225" pin="3"/><net_sink comp="239" pin=0"/></net>

<net id="244"><net_src comp="218" pin="1"/><net_sink comp="239" pin=1"/></net>

<net id="251"><net_src comp="50" pin="0"/><net_sink comp="245" pin=0"/></net>

<net id="252"><net_src comp="233" pin="2"/><net_sink comp="245" pin=1"/></net>

<net id="253"><net_src comp="52" pin="0"/><net_sink comp="245" pin=2"/></net>

<net id="254"><net_src comp="54" pin="0"/><net_sink comp="245" pin=3"/></net>

<net id="261"><net_src comp="56" pin="0"/><net_sink comp="255" pin=0"/></net>

<net id="262"><net_src comp="239" pin="2"/><net_sink comp="255" pin=1"/></net>

<net id="263"><net_src comp="58" pin="0"/><net_sink comp="255" pin=2"/></net>

<net id="264"><net_src comp="60" pin="0"/><net_sink comp="255" pin=3"/></net>

<net id="269"><net_src comp="245" pin="4"/><net_sink comp="265" pin=0"/></net>

<net id="274"><net_src comp="255" pin="4"/><net_sink comp="270" pin=0"/></net>

<net id="278"><net_src comp="275" pin="1"/><net_sink comp="94" pin=2"/></net>

<net id="283"><net_src comp="200" pin="1"/><net_sink comp="279" pin=0"/></net>

<net id="284"><net_src comp="196" pin="1"/><net_sink comp="279" pin=1"/></net>

<net id="285"><net_src comp="279" pin="2"/><net_sink comp="215" pin=0"/></net>

<net id="286"><net_src comp="279" pin="2"/><net_sink comp="218" pin=0"/></net>

<net id="290"><net_src comp="64" pin="1"/><net_sink comp="287" pin=0"/></net>

<net id="291"><net_src comp="287" pin="1"/><net_sink comp="141" pin=1"/></net>

<net id="292"><net_src comp="287" pin="1"/><net_sink comp="270" pin=1"/></net>

<net id="293"><net_src comp="287" pin="1"/><net_sink comp="275" pin=0"/></net>

<net id="297"><net_src comp="68" pin="1"/><net_sink comp="294" pin=0"/></net>

<net id="298"><net_src comp="294" pin="1"/><net_sink comp="136" pin=1"/></net>

<net id="299"><net_src comp="294" pin="1"/><net_sink comp="204" pin=0"/></net>

<net id="300"><net_src comp="294" pin="1"/><net_sink comp="265" pin=1"/></net>

<net id="304"><net_src comp="72" pin="1"/><net_sink comp="301" pin=0"/></net>

<net id="305"><net_src comp="301" pin="1"/><net_sink comp="131" pin=1"/></net>

<net id="306"><net_src comp="301" pin="1"/><net_sink comp="146" pin=0"/></net>

<net id="307"><net_src comp="301" pin="1"/><net_sink comp="191" pin=1"/></net>

<net id="311"><net_src comp="149" pin="2"/><net_sink comp="308" pin=0"/></net>

<net id="315"><net_src comp="101" pin="3"/><net_sink comp="312" pin=0"/></net>

<net id="316"><net_src comp="312" pin="1"/><net_sink comp="108" pin=0"/></net>

<net id="320"><net_src comp="114" pin="3"/><net_sink comp="317" pin=0"/></net>

<net id="321"><net_src comp="317" pin="1"/><net_sink comp="121" pin=0"/></net>

<net id="325"><net_src comp="196" pin="1"/><net_sink comp="322" pin=0"/></net>

<net id="326"><net_src comp="322" pin="1"/><net_sink comp="279" pin=1"/></net>

<net id="330"><net_src comp="200" pin="1"/><net_sink comp="327" pin=0"/></net>

<net id="331"><net_src comp="327" pin="1"/><net_sink comp="279" pin=0"/></net>

</net_list>

</model> 
---------------- Datapath Model END ------------------

* FSMD analyzer results:
  - Output states:
	Port: phi_ln818_out | {4 }
 - Input state : 
	Port: imgds_linear_dense_q16_Pipeline_VITIS_LOOP_185_3 : sext_ln184 | {1 }
	Port: imgds_linear_dense_q16_Pipeline_VITIS_LOOP_185_3 : zext_ln1271_4 | {1 }
	Port: imgds_linear_dense_q16_Pipeline_VITIS_LOOP_185_3 : x_V | {1 2 }
	Port: imgds_linear_dense_q16_Pipeline_VITIS_LOOP_185_3 : tmp_67 | {1 }
	Port: imgds_linear_dense_q16_Pipeline_VITIS_LOOP_185_3 : layers_0_feedforward_0_weight_V | {1 2 }
  - Chain level:
	State 1
		store_ln0 : 1
		store_ln0 : 1
		store_ln0 : 1
		i : 1
		icmp_ln185 : 2
		add_ln185 : 2
		br_ln185 : 3
		zext_ln1271 : 2
		add_ln1271 : 3
		zext_ln1271_3 : 4
		x_V_addr : 5
		zext_ln185 : 2
		add_ln187 : 3
		zext_ln1271_2 : 4
		r_V : 6
		layers_0_feedforward_0_weight_V_addr : 5
		layers_0_feedforward_0_weight_V_load : 6
		store_ln185 : 3
	State 2
		sext_ln1270 : 1
		sext_ln1273 : 1
		r_V_14 : 2
	State 3
	State 4
		write_ln0 : 1
	State 5
		lhs_7 : 1
		sext_ln1347 : 1
		trunc_ln1347 : 1
		trunc_ln1347_9 : 1
		trunc_ln1347_8 : 2
		ret_V : 2
		add_ln1347_32 : 3
		s_V : 3
		trunc_ln : 4
		store_ln185 : 4
		store_ln185 : 5


============================================================
+ Verbose Summary: Datapath Resource usage 
============================================================

* Functional unit list:
|----------|-------------------------------|---------|---------|---------|
| Operation|        Functional Unit        |   DSP   |    FF   |   LUT   |
|----------|-------------------------------|---------|---------|---------|
|          |        add_ln185_fu_155       |    0    |    0    |    13   |
|          |       add_ln1271_fu_165       |    0    |    0    |    15   |
|    add   |        add_ln187_fu_180       |    0    |    0    |    14   |
|          |          ret_V_fu_233         |    0    |    0    |    37   |
|          |      add_ln1347_32_fu_239     |    0    |    0    |    33   |
|----------|-------------------------------|---------|---------|---------|
|   icmp   |       icmp_ln185_fu_149       |    0    |    0    |    9    |
|----------|-------------------------------|---------|---------|---------|
|    mul   |           grp_fu_279          |    1    |    0    |    0    |
|----------|-------------------------------|---------|---------|---------|
|          |     tmp_67_read_read_fu_76    |    0    |    0    |    0    |
|   read   | zext_ln1271_4_read_read_fu_82 |    0    |    0    |    0    |
|          |   sext_ln184_read_read_fu_88  |    0    |    0    |    0    |
|----------|-------------------------------|---------|---------|---------|
|   write  |     write_ln0_write_fu_94     |    0    |    0    |    0    |
|----------|-------------------------------|---------|---------|---------|
|          |     sext_ln184_cast_fu_127    |    0    |    0    |    0    |
|   sext   |       sext_ln1270_fu_196      |    0    |    0    |    0    |
|          |       sext_ln1273_fu_200      |    0    |    0    |    0    |
|          |       sext_ln1347_fu_215      |    0    |    0    |    0    |
|----------|-------------------------------|---------|---------|---------|
|          |       zext_ln1271_fu_161      |    0    |    0    |    0    |
|   zext   |      zext_ln1271_3_fu_171     |    0    |    0    |    0    |
|          |       zext_ln185_fu_176       |    0    |    0    |    0    |
|          |      zext_ln1271_2_fu_186     |    0    |    0    |    0    |
|----------|-------------------------------|---------|---------|---------|
|bitconcatenate|          lhs_7_fu_207         |    0    |    0    |    0    |
|          |     trunc_ln1347_8_fu_225     |    0    |    0    |    0    |
|----------|-------------------------------|---------|---------|---------|
|   trunc  |      trunc_ln1347_fu_218      |    0    |    0    |    0    |
|          |     trunc_ln1347_9_fu_221     |    0    |    0    |    0    |
|----------|-------------------------------|---------|---------|---------|
|partselect|           s_V_fu_245          |    0    |    0    |    0    |
|          |        trunc_ln_fu_255        |    0    |    0    |    0    |
|----------|-------------------------------|---------|---------|---------|
|   Total  |                               |    1    |    0    |   121   |
|----------|-------------------------------|---------|---------|---------|

Memories:
N/A

* Register list:
+--------------------------------------------+--------+
|                                            |   FF   |
+--------------------------------------------+--------+
|                 i_4_reg_301                |    5   |
|             icmp_ln185_reg_308             |    1   |
|layers_0_feedforward_0_weight_V_addr_reg_317|    9   |
|                 lhs_reg_294                |   24   |
|              phi_ln818_reg_287             |   16   |
|             sext_ln1270_reg_322            |   27   |
|             sext_ln1273_reg_327            |   27   |
|              x_V_addr_reg_312              |    8   |
+--------------------------------------------+--------+
|                    Total                   |   117  |
+--------------------------------------------+--------+

* Multiplexer (MUX) list: 
|-------------------|------|------|------|--------||---------||---------|
|        Comp       |  Pin | Size |  BW  | S x BW ||  Delay  ||   LUT   |
|-------------------|------|------|------|--------||---------||---------|
| grp_access_fu_108 |  p0  |   2  |   8  |   16   ||    9    |
| grp_access_fu_121 |  p0  |   2  |   9  |   18   ||    9    |
|     grp_fu_279    |  p0  |   2  |  11  |   22   ||    9    |
|     grp_fu_279    |  p1  |   2  |  16  |   32   ||    9    |
|-------------------|------|------|------|--------||---------||---------|
|       Total       |      |      |      |   88   ||  6.352  ||    36   |
|-------------------|------|------|------|--------||---------||---------|



* Summary:
+-----------+--------+--------+--------+--------+
|           |   DSP  |  Delay |   FF   |   LUT  |
+-----------+--------+--------+--------+--------+
|  Function |    1   |    -   |    0   |   121  |
|   Memory  |    -   |    -   |    -   |    -   |
|Multiplexer|    -   |    6   |    -   |   36   |
|  Register |    -   |    -   |   117  |    -   |
+-----------+--------+--------+--------+--------+
|   Total   |    1   |    6   |   117  |   157  |
+-----------+--------+--------+--------+--------+
