

================================================================
== Vitis HLS Report for 'linear_attention_tiny_Pipeline_VITIS_LOOP_48_3'
================================================================
* Date:           Wed Jul  1 22:11:03 2026

* Version:        2022.2 (Build 3670227 on Oct 13 2022)
* Project:        imgds_linear_tiny_axi
* Solution:       solution1 (Vivado IP Flow Target)
* Product family: zynq
* Target device:  xc7z020-clg400-1


================================================================
== Performance Estimates
================================================================
+ Timing: 
    * Summary: 
    +--------+----------+----------+------------+
    |  Clock |  Target  | Estimated| Uncertainty|
    +--------+----------+----------+------------+
    |ap_clk  |  10.00 ns|  5.404 ns|     2.70 ns|
    +--------+----------+----------+------------+

+ Latency: 
    * Summary: 
    +---------+---------+----------+----------+-----+-----+---------+
    |  Latency (cycles) |  Latency (absolute) |  Interval | Pipeline|
    |   min   |   max   |    min   |    max   | min | max |   Type  |
    +---------+---------+----------+----------+-----+-----+---------+
    |       11|       11|  0.110 us|  0.110 us|   11|   11|       no|
    +---------+---------+----------+----------+-----+-----+---------+

    + Detail: 
        * Instance: 
        N/A

        * Loop: 
        +-------------------+---------+---------+----------+-----------+-----------+------+----------+
        |                   |  Latency (cycles) | Iteration|  Initiation Interval  | Trip |          |
        |     Loop Name     |   min   |   max   |  Latency |  achieved |   target  | Count| Pipelined|
        +-------------------+---------+---------+----------+-----------+-----------+------+----------+
        |- VITIS_LOOP_48_3  |        9|        9|         5|          1|          1|     6|       yes|
        +-------------------+---------+---------+----------+-----------+-----------+------+----------+



================================================================
== Utilization Estimates
================================================================
* Summary: 
+-----------------+---------+-----+--------+-------+-----+
|       Name      | BRAM_18K| DSP |   FF   |  LUT  | URAM|
+-----------------+---------+-----+--------+-------+-----+
|DSP              |        -|    3|       -|      -|    -|
|Expression       |        -|    -|       0|    259|    -|
|FIFO             |        -|    -|       -|      -|    -|
|Instance         |        -|    -|       -|      -|    -|
|Memory           |        0|    -|      34|     21|    -|
|Multiplexer      |        -|    -|       -|     90|    -|
|Register         |        -|    -|     197|     32|    -|
+-----------------+---------+-----+--------+-------+-----+
|Total            |        0|    3|     231|    402|    0|
+-----------------+---------+-----+--------+-------+-----+
|Available        |      280|  220|  106400|  53200|    0|
+-----------------+---------+-----+--------+-------+-----+
|Utilization (%)  |        0|    1|      ~0|     ~0|    0|
+-----------------+---------+-----+--------+-------+-----+

+ Detail: 
    * Instance: 
    N/A

    * DSP: 
    +----------------------------+------------------------+-----------+
    |          Instance          |         Module         | Expression|
    +----------------------------+------------------------+-----------+
    |mul_mul_11s_16s_27_4_1_U12  |mul_mul_11s_16s_27_4_1  |    i0 * i1|
    |mul_mul_11s_16s_27_4_1_U13  |mul_mul_11s_16s_27_4_1  |    i0 * i1|
    |mul_mul_12s_16s_28_4_1_U11  |mul_mul_12s_16s_28_4_1  |    i0 * i1|
    +----------------------------+------------------------+-----------+

    * Memory: 
    +-------------------------------------+----------------------------------------------------------------------------------+---------+----+----+-----+------+-----+------+-------------+
    |                Memory               |                                      Module                                      | BRAM_18K| FF | LUT| URAM| Words| Bits| Banks| W*Bits*Banks|
    +-------------------------------------+----------------------------------------------------------------------------------+---------+----+----+-----+------+-----+------+-------------+
    |layers_0_attention_key_weight_V_U    |linear_attention_tiny_Pipeline_VITIS_LOOP_48_3_layers_0_attention_key_weight_dEe  |        0|  11|   7|    0|    36|   11|     1|          396|
    |layers_0_attention_query_weight_V_U  |linear_attention_tiny_Pipeline_VITIS_LOOP_48_3_layers_0_attention_query_weighcud  |        0|  12|   7|    0|    36|   12|     1|          432|
    |layers_0_attention_value_weight_V_U  |linear_attention_tiny_Pipeline_VITIS_LOOP_48_3_layers_0_attention_value_weigheOg  |        0|  11|   7|    0|    36|   11|     1|          396|
    +-------------------------------------+----------------------------------------------------------------------------------+---------+----+----+-----+------+-----+------+-------------+
    |Total                                |                                                                                  |        0|  34|  21|    0|   108|   34|     3|         1224|
    +-------------------------------------+----------------------------------------------------------------------------------+---------+----+----+-----+------+-----+------+-------------+

    * FIFO: 
    N/A

    * Expression: 
    +------------------------+----------+----+---+----+------------+------------+
    |      Variable Name     | Operation| DSP| FF| LUT| Bitwidth P0| Bitwidth P1|
    +------------------------+----------+----+---+----+------------+------------+
    |add_ln1347_1_fu_331_p2  |         +|   0|  0|  33|          26|          26|
    |add_ln1347_2_fu_379_p2  |         +|   0|  0|  33|          26|          26|
    |add_ln1347_3_fu_427_p2  |         +|   0|  0|  33|          26|          26|
    |add_ln48_fu_227_p2      |         +|   0|  0|  11|           3|           1|
    |add_ln50_fu_237_p2      |         +|   0|  0|  14|           7|           7|
    |add_ln51_fu_252_p2      |         +|   0|  0|  14|           6|           6|
    |ret_V_1_fu_373_p2       |         +|   0|  0|  37|          30|          30|
    |ret_V_2_fu_421_p2       |         +|   0|  0|  37|          30|          30|
    |ret_V_fu_325_p2         |         +|   0|  0|  37|          30|          30|
    |icmp_ln48_fu_221_p2     |      icmp|   0|  0|   8|           3|           3|
    |ap_enable_pp0           |       xor|   0|  0|   2|           1|           2|
    +------------------------+----------+----+---+----+------------+------------+
    |Total                   |          |   0|  0| 259|         188|         187|
    +------------------------+----------+----+---+----+------------+------------+

    * Multiplexer: 
    +-------------------------+----+-----------+-----+-----------+
    |           Name          | LUT| Input Size| Bits| Total Bits|
    +-------------------------+----+-----------+-----+-----------+
    |ap_done_int              |   9|          2|    1|          2|
    |ap_enable_reg_pp0_iter1  |   9|          2|    1|          2|
    |ap_sig_allocacmp_i_1     |   9|          2|    3|          6|
    |i_fu_94                  |   9|          2|    3|          6|
    |lhs_V_2_fu_90            |   9|          2|   24|         48|
    |lhs_V_fu_82              |   9|          2|   24|         48|
    |lhs_fu_86                |   9|          2|   24|         48|
    |phi_ln818_2_fu_70        |   9|          2|   16|         32|
    |x_V_1_fu_74              |   9|          2|   16|         32|
    |x_V_fu_78                |   9|          2|   16|         32|
    +-------------------------+----+-----------+-----+-----------+
    |Total                    |  90|         20|  128|        256|
    +-------------------------+----+-----------+-----+-----------+

    * Register: 
    +----------------------------------+----+----+-----+-----------+
    |               Name               | FF | LUT| Bits| Const Bits|
    +----------------------------------+----+----+-----+-----------+
    |ap_CS_fsm                         |   1|   0|    1|          0|
    |ap_done_reg                       |   1|   0|    1|          0|
    |ap_enable_reg_pp0_iter1           |   1|   0|    1|          0|
    |ap_enable_reg_pp0_iter2           |   1|   0|    1|          0|
    |ap_enable_reg_pp0_iter3           |   1|   0|    1|          0|
    |ap_enable_reg_pp0_iter4           |   1|   0|    1|          0|
    |ap_loop_exit_ready_pp0_iter1_reg  |   1|   0|    1|          0|
    |ap_loop_exit_ready_pp0_iter2_reg  |   1|   0|    1|          0|
    |ap_loop_exit_ready_pp0_iter3_reg  |   1|   0|    1|          0|
    |i_fu_94                           |   3|   0|    3|          0|
    |icmp_ln48_reg_588                 |   1|   0|    1|          0|
    |lhs_V_2_fu_90                     |  24|   0|   24|          0|
    |lhs_V_fu_82                       |  24|   0|   24|          0|
    |lhs_fu_86                         |  24|   0|   24|          0|
    |phi_ln818_2_fu_70                 |  16|   0|   16|          0|
    |x_V_1_fu_74                       |  16|   0|   16|          0|
    |x_V_fu_78                         |  16|   0|   16|          0|
    |icmp_ln48_reg_588                 |  64|  32|    1|          0|
    +----------------------------------+----+----+-----+-----------+
    |Total                             | 197|  32|  134|          0|
    +----------------------------------+----+----+-----+-----------+



================================================================
== Interface
================================================================
* Summary: 
+------------------------+-----+-----+------------+------------------------------------------------+--------------+
|        RTL Ports       | Dir | Bits|  Protocol  |                  Source Object                 |    C Type    |
+------------------------+-----+-----+------------+------------------------------------------------+--------------+
|ap_clk                  |   in|    1|  ap_ctrl_hs|  linear_attention_tiny_Pipeline_VITIS_LOOP_48_3|  return value|
|ap_rst                  |   in|    1|  ap_ctrl_hs|  linear_attention_tiny_Pipeline_VITIS_LOOP_48_3|  return value|
|ap_start                |   in|    1|  ap_ctrl_hs|  linear_attention_tiny_Pipeline_VITIS_LOOP_48_3|  return value|
|ap_done                 |  out|    1|  ap_ctrl_hs|  linear_attention_tiny_Pipeline_VITIS_LOOP_48_3|  return value|
|ap_idle                 |  out|    1|  ap_ctrl_hs|  linear_attention_tiny_Pipeline_VITIS_LOOP_48_3|  return value|
|ap_ready                |  out|    1|  ap_ctrl_hs|  linear_attention_tiny_Pipeline_VITIS_LOOP_48_3|  return value|
|sub_ln50                |   in|    7|     ap_none|                                        sub_ln50|        scalar|
|x_address0              |  out|    7|   ap_memory|                                               x|         array|
|x_ce0                   |  out|    1|   ap_memory|                                               x|         array|
|x_q0                    |   in|   16|   ap_memory|                                               x|         array|
|empty                   |   in|    6|     ap_none|                                           empty|        scalar|
|x_V_out                 |  out|   16|      ap_vld|                                         x_V_out|       pointer|
|x_V_out_ap_vld          |  out|    1|      ap_vld|                                         x_V_out|       pointer|
|x_V_1_out               |  out|   16|      ap_vld|                                       x_V_1_out|       pointer|
|x_V_1_out_ap_vld        |  out|    1|      ap_vld|                                       x_V_1_out|       pointer|
|phi_ln818_2_out         |  out|   16|      ap_vld|                                 phi_ln818_2_out|       pointer|
|phi_ln818_2_out_ap_vld  |  out|    1|      ap_vld|                                 phi_ln818_2_out|       pointer|
+------------------------+-----+-----+------------+------------------------------------------------+--------------+

