

================================================================
== Vitis HLS Report for 'attention_v2_pruned_Pipeline_VITIS_LOOP_107_8_VITIS_LOOP_108_9_VITIS_LOOP_110_10'
================================================================
* Date:           Fri Jul  3 20:14:18 2026

* Version:        2022.2 (Build 3670227 on Oct 13 2022)
* Project:        q16_qksv3_s30_hls
* Solution:       solution1 (Vivado IP Flow Target)
* Product family: zynq
* Target device:  xc7z020-clg400-1


================================================================
== Performance Estimates
================================================================
+ Timing: 
    * Summary: 
    +--------+----------+----------+------------+
    |  Clock |  Target  | Estimated| Uncertainty|
    +--------+----------+----------+------------+
    |ap_clk  |  10.00 ns|  7.605 ns|     2.70 ns|
    +--------+----------+----------+------------+

+ Latency: 
    * Summary: 
    +---------+---------+-----------+-----------+------+------+---------+
    |  Latency (cycles) |   Latency (absolute)  |   Interval  | Pipeline|
    |   min   |   max   |    min    |    max    |  min |  max |   Type  |
    +---------+---------+-----------+-----------+------+------+---------+
    |     1945|     1945|  19.450 us|  19.450 us|  1945|  1945|       no|
    +---------+---------+-----------+-----------+------+------+---------+

    + Detail: 
        * Instance: 
        N/A

        * Loop: 
        +-------------------------------------------------------+---------+---------+----------+-----------+-----------+------+----------+
        |                                                       |  Latency (cycles) | Iteration|  Initiation Interval  | Trip |          |
        |                       Loop Name                       |   min   |   max   |  Latency |  achieved |   target  | Count| Pipelined|
        +-------------------------------------------------------+---------+---------+----------+-----------+-----------+------+----------+
        |- VITIS_LOOP_107_8_VITIS_LOOP_108_9_VITIS_LOOP_110_10  |     1943|     1943|         9|          1|          1|  1936|       yes|
        +-------------------------------------------------------+---------+---------+----------+-----------+-----------+------+----------+

============================================================
+ Verbose Summary: Synthesis Manager
============================================================
InlineROM: 1
ExposeGlobal: 0
============================================================
+ Verbose Summary: CDFG Model
============================================================
IsTopModel: 0
ResetActiveHigh: 1
IsCombinational: 0
IsDatapathOnly: 0
HasWiredReturn: 1
HasMFsm: 2
HasVarLatency: 1
IsPipeline: 0
IsRtlPipelined: 0
IsInstanceOverlapped: 0
IsDontTouch: 0
HasImplIP: 0
IsGatedGlobalClock: 0

+ Individual pipeline summary: 
  * Pipeline-0: initiation interval (II) = 1, depth = 9


============================================================
+ Verbose Summary: Schedule
============================================================
* Number of FSM states : 9
* Pipeline : 1
  Pipeline-0 : II = 1, D = 9, States = { 1 2 3 4 5 6 7 8 9 }
* Dataflow Pipeline: 0

* FSM state transitions: 
1 --> 2 
2 --> 3 
3 --> 4 
4 --> 5 
5 --> 6 
6 --> 7 
7 --> 8 
8 --> 9 
9 --> 

* FSM state operations: 

State 1 <SV = 0> <Delay = 4.37>
ST_1 : Operation 12 [1/1] (0.00ns)   --->   "%lhs = alloca i32 1"   --->   Operation 12 'alloca' 'lhs' <Predicate = true> <Delay = 0.00>
ST_1 : Operation 13 [1/1] (0.00ns)   --->   "%t = alloca i32 1"   --->   Operation 13 'alloca' 't' <Predicate = true> <Delay = 0.00>
ST_1 : Operation 14 [1/1] (0.00ns)   --->   "%d2 = alloca i32 1"   --->   Operation 14 'alloca' 'd2' <Predicate = true> <Delay = 0.00>
ST_1 : Operation 15 [1/1] (0.00ns)   --->   "%indvar_flatten10 = alloca i32 1"   --->   Operation 15 'alloca' 'indvar_flatten10' <Predicate = true> <Delay = 0.00>
ST_1 : Operation 16 [1/1] (0.00ns)   --->   "%r = alloca i32 1"   --->   Operation 16 'alloca' 'r' <Predicate = true> <Delay = 0.00>
ST_1 : Operation 17 [1/1] (0.00ns)   --->   "%indvar_flatten26 = alloca i32 1"   --->   Operation 17 'alloca' 'indvar_flatten26' <Predicate = true> <Delay = 0.00>
ST_1 : Operation 18 [1/1] (1.58ns)   --->   "%store_ln0 = store i11 0, i11 %indvar_flatten26"   --->   Operation 18 'store' 'store_ln0' <Predicate = true> <Delay = 1.58>
ST_1 : Operation 19 [1/1] (1.58ns)   --->   "%store_ln0 = store i4 0, i4 %r"   --->   Operation 19 'store' 'store_ln0' <Predicate = true> <Delay = 1.58>
ST_1 : Operation 20 [1/1] (1.58ns)   --->   "%store_ln0 = store i9 0, i9 %indvar_flatten10"   --->   Operation 20 'store' 'store_ln0' <Predicate = true> <Delay = 1.58>
ST_1 : Operation 21 [1/1] (1.58ns)   --->   "%store_ln0 = store i5 0, i5 %d2"   --->   Operation 21 'store' 'store_ln0' <Predicate = true> <Delay = 1.58>
ST_1 : Operation 22 [1/1] (1.58ns)   --->   "%store_ln0 = store i4 0, i4 %t"   --->   Operation 22 'store' 'store_ln0' <Predicate = true> <Delay = 1.58>
ST_1 : Operation 23 [1/1] (1.58ns)   --->   "%store_ln0 = store i24 0, i24 %lhs"   --->   Operation 23 'store' 'store_ln0' <Predicate = true> <Delay = 1.58>
ST_1 : Operation 24 [1/1] (0.00ns)   --->   "%br_ln0 = br void %for.body145"   --->   Operation 24 'br' 'br_ln0' <Predicate = true> <Delay = 0.00>
ST_1 : Operation 25 [1/1] (0.00ns)   --->   "%indvar_flatten10_load = load i9 %indvar_flatten10" [/home/cym/prj2/finn/notebooks/icl_thesis-master/experiments/qks_v3_s0_s10_s20_s30_exploratory_hls/q16_qksv3_s30/src/q16_qksv3_s30.cpp:108]   --->   Operation 25 'load' 'indvar_flatten10_load' <Predicate = true> <Delay = 0.00>
ST_1 : Operation 26 [1/1] (0.00ns)   --->   "%indvar_flatten26_load = load i11 %indvar_flatten26" [/home/cym/prj2/finn/notebooks/icl_thesis-master/experiments/qks_v3_s0_s10_s20_s30_exploratory_hls/q16_qksv3_s30/src/q16_qksv3_s30.cpp:107]   --->   Operation 26 'load' 'indvar_flatten26_load' <Predicate = true> <Delay = 0.00>
ST_1 : Operation 27 [1/1] (1.88ns)   --->   "%icmp_ln107 = icmp_eq  i11 %indvar_flatten26_load, i11 1936" [/home/cym/prj2/finn/notebooks/icl_thesis-master/experiments/qks_v3_s0_s10_s20_s30_exploratory_hls/q16_qksv3_s30/src/q16_qksv3_s30.cpp:107]   --->   Operation 27 'icmp' 'icmp_ln107' <Predicate = true> <Delay = 1.88> <CoreInst = "Cmp">   --->   Core 9 'Cmp' <Latency = 0> <II = 1> <Delay = 1.88> <FuncUnit> <Opcode : 'icmp'> <InPorts = 2> <OutPorts = 1>
ST_1 : Operation 28 [1/1] (1.63ns)   --->   "%add_ln107_1 = add i11 %indvar_flatten26_load, i11 1" [/home/cym/prj2/finn/notebooks/icl_thesis-master/experiments/qks_v3_s0_s10_s20_s30_exploratory_hls/q16_qksv3_s30/src/q16_qksv3_s30.cpp:107]   --->   Operation 28 'add' 'add_ln107_1' <Predicate = true> <Delay = 1.63> <CoreInst = "Adder">   --->   Core 1 'Adder' <Latency = 0> <II = 1> <Delay = 1.63> <FuncUnit> <Opcode : 'add' 'sub'> <InPorts = 2> <OutPorts = 1>
ST_1 : Operation 29 [1/1] (0.00ns)   --->   "%br_ln107 = br i1 %icmp_ln107, void %for.inc167, void %for.body181.preheader.exitStub" [/home/cym/prj2/finn/notebooks/icl_thesis-master/experiments/qks_v3_s0_s10_s20_s30_exploratory_hls/q16_qksv3_s30/src/q16_qksv3_s30.cpp:107]   --->   Operation 29 'br' 'br_ln107' <Predicate = true> <Delay = 0.00>
ST_1 : Operation 30 [1/1] (1.66ns)   --->   "%icmp_ln108 = icmp_eq  i9 %indvar_flatten10_load, i9 176" [/home/cym/prj2/finn/notebooks/icl_thesis-master/experiments/qks_v3_s0_s10_s20_s30_exploratory_hls/q16_qksv3_s30/src/q16_qksv3_s30.cpp:108]   --->   Operation 30 'icmp' 'icmp_ln108' <Predicate = (!icmp_ln107)> <Delay = 1.66> <CoreInst = "Cmp">   --->   Core 9 'Cmp' <Latency = 0> <II = 1> <Delay = 1.66> <FuncUnit> <Opcode : 'icmp'> <InPorts = 2> <OutPorts = 1>
ST_1 : Operation 31 [1/1] (1.82ns)   --->   "%add_ln108_1 = add i9 %indvar_flatten10_load, i9 1" [/home/cym/prj2/finn/notebooks/icl_thesis-master/experiments/qks_v3_s0_s10_s20_s30_exploratory_hls/q16_qksv3_s30/src/q16_qksv3_s30.cpp:108]   --->   Operation 31 'add' 'add_ln108_1' <Predicate = (!icmp_ln107)> <Delay = 1.82> <CoreInst = "Adder">   --->   Core 1 'Adder' <Latency = 0> <II = 1> <Delay = 1.82> <FuncUnit> <Opcode : 'add' 'sub'> <InPorts = 2> <OutPorts = 1>
ST_1 : Operation 32 [1/1] (0.96ns)   --->   "%select_ln108_3 = select i1 %icmp_ln108, i9 1, i9 %add_ln108_1" [/home/cym/prj2/finn/notebooks/icl_thesis-master/experiments/qks_v3_s0_s10_s20_s30_exploratory_hls/q16_qksv3_s30/src/q16_qksv3_s30.cpp:108]   --->   Operation 32 'select' 'select_ln108_3' <Predicate = (!icmp_ln107)> <Delay = 0.96> <CoreInst = "Sel">   --->   Core 73 'Sel' <Latency = 0> <II = 1> <Delay = 0.96> <FuncUnit> <Opcode : 'select'> <InPorts = 3> <OutPorts = 1>
ST_1 : Operation 33 [1/1] (1.58ns)   --->   "%store_ln107 = store i11 %add_ln107_1, i11 %indvar_flatten26" [/home/cym/prj2/finn/notebooks/icl_thesis-master/experiments/qks_v3_s0_s10_s20_s30_exploratory_hls/q16_qksv3_s30/src/q16_qksv3_s30.cpp:107]   --->   Operation 33 'store' 'store_ln107' <Predicate = (!icmp_ln107)> <Delay = 1.58>
ST_1 : Operation 34 [1/1] (1.58ns)   --->   "%store_ln108 = store i9 %select_ln108_3, i9 %indvar_flatten10" [/home/cym/prj2/finn/notebooks/icl_thesis-master/experiments/qks_v3_s0_s10_s20_s30_exploratory_hls/q16_qksv3_s30/src/q16_qksv3_s30.cpp:108]   --->   Operation 34 'store' 'store_ln108' <Predicate = (!icmp_ln107)> <Delay = 1.58>

State 2 <SV = 1> <Delay = 7.60>
ST_2 : Operation 35 [1/1] (0.00ns)   --->   "%t_load = load i4 %t" [/home/cym/prj2/finn/notebooks/icl_thesis-master/experiments/qks_v3_s0_s10_s20_s30_exploratory_hls/q16_qksv3_s30/src/q16_qksv3_s30.cpp:110]   --->   Operation 35 'load' 't_load' <Predicate = true> <Delay = 0.00>
ST_2 : Operation 36 [1/1] (0.00ns) (grouped into LUT with out node and_ln107)   --->   "%xor_ln107 = xor i1 %icmp_ln108, i1 1" [/home/cym/prj2/finn/notebooks/icl_thesis-master/experiments/qks_v3_s0_s10_s20_s30_exploratory_hls/q16_qksv3_s30/src/q16_qksv3_s30.cpp:107]   --->   Operation 36 'xor' 'xor_ln107' <Predicate = true> <Delay = 0.00> <CoreInst = "LogicGate">   --->   Core 74 'LogicGate' <Latency = 0> <II = 1> <Delay = 0.97> <FuncUnit> <Opcode : 'and' 'or' 'xor'> <InPorts = 2> <OutPorts = 1>
ST_2 : Operation 37 [1/1] (1.30ns)   --->   "%icmp_ln110 = icmp_eq  i4 %t_load, i4 11" [/home/cym/prj2/finn/notebooks/icl_thesis-master/experiments/qks_v3_s0_s10_s20_s30_exploratory_hls/q16_qksv3_s30/src/q16_qksv3_s30.cpp:110]   --->   Operation 37 'icmp' 'icmp_ln110' <Predicate = true> <Delay = 1.30> <CoreInst = "Cmp">   --->   Core 9 'Cmp' <Latency = 0> <II = 1> <Delay = 1.30> <FuncUnit> <Opcode : 'icmp'> <InPorts = 2> <OutPorts = 1>
ST_2 : Operation 38 [1/1] (0.97ns) (out node of the LUT)   --->   "%and_ln107 = and i1 %icmp_ln110, i1 %xor_ln107" [/home/cym/prj2/finn/notebooks/icl_thesis-master/experiments/qks_v3_s0_s10_s20_s30_exploratory_hls/q16_qksv3_s30/src/q16_qksv3_s30.cpp:107]   --->   Operation 38 'and' 'and_ln107' <Predicate = true> <Delay = 0.97> <CoreInst = "LogicGate">   --->   Core 74 'LogicGate' <Latency = 0> <II = 1> <Delay = 0.97> <FuncUnit> <Opcode : 'and' 'or' 'xor'> <InPorts = 2> <OutPorts = 1>
ST_2 : Operation 39 [1/1] (0.97ns)   --->   "%or_ln108 = or i1 %and_ln107, i1 %icmp_ln108" [/home/cym/prj2/finn/notebooks/icl_thesis-master/experiments/qks_v3_s0_s10_s20_s30_exploratory_hls/q16_qksv3_s30/src/q16_qksv3_s30.cpp:108]   --->   Operation 39 'or' 'or_ln108' <Predicate = true> <Delay = 0.97> <CoreInst = "LogicGate">   --->   Core 74 'LogicGate' <Latency = 0> <II = 1> <Delay = 0.97> <FuncUnit> <Opcode : 'and' 'or' 'xor'> <InPorts = 2> <OutPorts = 1>
ST_2 : Operation 40 [1/1] (1.02ns)   --->   "%select_ln108 = select i1 %or_ln108, i4 0, i4 %t_load" [/home/cym/prj2/finn/notebooks/icl_thesis-master/experiments/qks_v3_s0_s10_s20_s30_exploratory_hls/q16_qksv3_s30/src/q16_qksv3_s30.cpp:108]   --->   Operation 40 'select' 'select_ln108' <Predicate = true> <Delay = 1.02> <CoreInst = "Sel">   --->   Core 73 'Sel' <Latency = 0> <II = 1> <Delay = 1.02> <FuncUnit> <Opcode : 'select'> <InPorts = 3> <OutPorts = 1>
ST_2 : Operation 41 [1/1] (0.00ns)   --->   "%zext_ln1271 = zext i4 %select_ln108"   --->   Operation 41 'zext' 'zext_ln1271' <Predicate = true> <Delay = 0.00>
ST_2 : Operation 42 [3/3] (1.05ns) (grouped into DSP with root node add_ln1271)   --->   "%mul_ln1271 = mul i7 %zext_ln1271, i7 11"   --->   Operation 42 'mul' 'mul_ln1271' <Predicate = true> <Delay = 1.05> <CoreInst = "DSP48">   --->   Core 119 'DSP48' <Latency = 3> <II = 1> <Delay = 2.15> <IPBlock> <Opcode : 'mul' 'add' 'sub' 'select'> <InPorts = 0> <OutPorts = 1> <Sync> <CReg>
ST_2 : Operation 43 [1/1] (1.73ns)   --->   "%add_ln110 = add i4 %select_ln108, i4 1" [/home/cym/prj2/finn/notebooks/icl_thesis-master/experiments/qks_v3_s0_s10_s20_s30_exploratory_hls/q16_qksv3_s30/src/q16_qksv3_s30.cpp:110]   --->   Operation 43 'add' 'add_ln110' <Predicate = true> <Delay = 1.73> <CoreInst = "Adder">   --->   Core 1 'Adder' <Latency = 0> <II = 1> <Delay = 1.73> <FuncUnit> <Opcode : 'add' 'sub'> <InPorts = 2> <OutPorts = 1>
ST_2 : Operation 44 [1/1] (1.58ns)   --->   "%store_ln110 = store i4 %add_ln110, i4 %t" [/home/cym/prj2/finn/notebooks/icl_thesis-master/experiments/qks_v3_s0_s10_s20_s30_exploratory_hls/q16_qksv3_s30/src/q16_qksv3_s30.cpp:110]   --->   Operation 44 'store' 'store_ln110' <Predicate = true> <Delay = 1.58>

State 3 <SV = 2> <Delay = 1.30>
ST_3 : Operation 45 [2/3] (1.05ns) (grouped into DSP with root node add_ln1271)   --->   "%mul_ln1271 = mul i7 %zext_ln1271, i7 11"   --->   Operation 45 'mul' 'mul_ln1271' <Predicate = true> <Delay = 1.05> <CoreInst = "DSP48">   --->   Core 119 'DSP48' <Latency = 3> <II = 1> <Delay = 2.15> <IPBlock> <Opcode : 'mul' 'add' 'sub' 'select'> <InPorts = 0> <OutPorts = 1> <Sync> <CReg>
ST_3 : Operation 46 [1/1] (1.30ns)   --->   "%icmp_ln110_1 = icmp_eq  i4 %add_ln110, i4 11" [/home/cym/prj2/finn/notebooks/icl_thesis-master/experiments/qks_v3_s0_s10_s20_s30_exploratory_hls/q16_qksv3_s30/src/q16_qksv3_s30.cpp:110]   --->   Operation 46 'icmp' 'icmp_ln110_1' <Predicate = true> <Delay = 1.30> <CoreInst = "Cmp">   --->   Core 9 'Cmp' <Latency = 0> <II = 1> <Delay = 1.30> <FuncUnit> <Opcode : 'icmp'> <InPorts = 2> <OutPorts = 1>
ST_3 : Operation 47 [1/1] (0.00ns)   --->   "%br_ln110 = br i1 %icmp_ln110_1, void %ifFalse4, void %ifTrue3" [/home/cym/prj2/finn/notebooks/icl_thesis-master/experiments/qks_v3_s0_s10_s20_s30_exploratory_hls/q16_qksv3_s30/src/q16_qksv3_s30.cpp:110]   --->   Operation 47 'br' 'br_ln110' <Predicate = true> <Delay = 0.00>

State 4 <SV = 3> <Delay = 5.79>
ST_4 : Operation 48 [1/1] (0.00ns)   --->   "%d2_load = load i5 %d2" [/home/cym/prj2/finn/notebooks/icl_thesis-master/experiments/qks_v3_s0_s10_s20_s30_exploratory_hls/q16_qksv3_s30/src/q16_qksv3_s30.cpp:107]   --->   Operation 48 'load' 'd2_load' <Predicate = (!icmp_ln108)> <Delay = 0.00>
ST_4 : Operation 49 [1/1] (0.00ns)   --->   "%r_load = load i4 %r" [/home/cym/prj2/finn/notebooks/icl_thesis-master/experiments/qks_v3_s0_s10_s20_s30_exploratory_hls/q16_qksv3_s30/src/q16_qksv3_s30.cpp:107]   --->   Operation 49 'load' 'r_load' <Predicate = true> <Delay = 0.00>
ST_4 : Operation 50 [1/1] (1.73ns)   --->   "%add_ln107 = add i4 %r_load, i4 1" [/home/cym/prj2/finn/notebooks/icl_thesis-master/experiments/qks_v3_s0_s10_s20_s30_exploratory_hls/q16_qksv3_s30/src/q16_qksv3_s30.cpp:107]   --->   Operation 50 'add' 'add_ln107' <Predicate = (icmp_ln108)> <Delay = 1.73> <CoreInst = "Adder">   --->   Core 1 'Adder' <Latency = 0> <II = 1> <Delay = 1.73> <FuncUnit> <Opcode : 'add' 'sub'> <InPorts = 2> <OutPorts = 1>
ST_4 : Operation 51 [1/1] (1.21ns)   --->   "%select_ln107 = select i1 %icmp_ln108, i5 0, i5 %d2_load" [/home/cym/prj2/finn/notebooks/icl_thesis-master/experiments/qks_v3_s0_s10_s20_s30_exploratory_hls/q16_qksv3_s30/src/q16_qksv3_s30.cpp:107]   --->   Operation 51 'select' 'select_ln107' <Predicate = true> <Delay = 1.21> <CoreInst = "Sel">   --->   Core 73 'Sel' <Latency = 0> <II = 1> <Delay = 1.21> <FuncUnit> <Opcode : 'select'> <InPorts = 3> <OutPorts = 1>
ST_4 : Operation 52 [1/1] (1.02ns)   --->   "%select_ln107_1 = select i1 %icmp_ln108, i4 %add_ln107, i4 %r_load" [/home/cym/prj2/finn/notebooks/icl_thesis-master/experiments/qks_v3_s0_s10_s20_s30_exploratory_hls/q16_qksv3_s30/src/q16_qksv3_s30.cpp:107]   --->   Operation 52 'select' 'select_ln107_1' <Predicate = true> <Delay = 1.02> <CoreInst = "Sel">   --->   Core 73 'Sel' <Latency = 0> <II = 1> <Delay = 1.02> <FuncUnit> <Opcode : 'select'> <InPorts = 3> <OutPorts = 1>
ST_4 : Operation 53 [1/1] (0.00ns)   --->   "%zext_ln114 = zext i4 %select_ln107_1" [/home/cym/prj2/finn/notebooks/icl_thesis-master/experiments/qks_v3_s0_s10_s20_s30_exploratory_hls/q16_qksv3_s30/src/q16_qksv3_s30.cpp:114]   --->   Operation 53 'zext' 'zext_ln114' <Predicate = true> <Delay = 0.00>
ST_4 : Operation 54 [1/1] (1.78ns)   --->   "%add_ln108 = add i5 %select_ln107, i5 1" [/home/cym/prj2/finn/notebooks/icl_thesis-master/experiments/qks_v3_s0_s10_s20_s30_exploratory_hls/q16_qksv3_s30/src/q16_qksv3_s30.cpp:108]   --->   Operation 54 'add' 'add_ln108' <Predicate = (and_ln107)> <Delay = 1.78> <CoreInst = "Adder">   --->   Core 1 'Adder' <Latency = 0> <II = 1> <Delay = 1.78> <FuncUnit> <Opcode : 'add' 'sub'> <InPorts = 2> <OutPorts = 1>
ST_4 : Operation 55 [1/1] (1.21ns)   --->   "%select_ln108_1 = select i1 %and_ln107, i5 %add_ln108, i5 %select_ln107" [/home/cym/prj2/finn/notebooks/icl_thesis-master/experiments/qks_v3_s0_s10_s20_s30_exploratory_hls/q16_qksv3_s30/src/q16_qksv3_s30.cpp:108]   --->   Operation 55 'select' 'select_ln108_1' <Predicate = true> <Delay = 1.21> <CoreInst = "Sel">   --->   Core 73 'Sel' <Latency = 0> <II = 1> <Delay = 1.21> <FuncUnit> <Opcode : 'select'> <InPorts = 3> <OutPorts = 1>
ST_4 : Operation 56 [1/3] (0.00ns) (grouped into DSP with root node add_ln1271)   --->   "%mul_ln1271 = mul i7 %zext_ln1271, i7 11"   --->   Operation 56 'mul' 'mul_ln1271' <Predicate = true> <Delay = 0.00> <CoreInst = "DSP48">   --->   Core 119 'DSP48' <Latency = 3> <II = 1> <Delay = 2.15> <IPBlock> <Opcode : 'mul' 'add' 'sub' 'select'> <InPorts = 0> <OutPorts = 1> <Sync> <CReg>
ST_4 : Operation 57 [2/2] (2.10ns) (root node of the DSP)   --->   "%add_ln1271 = add i7 %mul_ln1271, i7 %zext_ln114"   --->   Operation 57 'add' 'add_ln1271' <Predicate = true> <Delay = 2.10> <CoreInst = "DSP48">   --->   Core 119 'DSP48' <Latency = 3> <II = 1> <Delay = 2.15> <IPBlock> <Opcode : 'mul' 'add' 'sub' 'select'> <InPorts = 0> <OutPorts = 1> <Sync> <CReg>
ST_4 : Operation 58 [1/1] (1.58ns)   --->   "%store_ln107 = store i4 %select_ln107_1, i4 %r" [/home/cym/prj2/finn/notebooks/icl_thesis-master/experiments/qks_v3_s0_s10_s20_s30_exploratory_hls/q16_qksv3_s30/src/q16_qksv3_s30.cpp:107]   --->   Operation 58 'store' 'store_ln107' <Predicate = true> <Delay = 1.58>
ST_4 : Operation 59 [1/1] (1.58ns)   --->   "%store_ln108 = store i5 %select_ln108_1, i5 %d2" [/home/cym/prj2/finn/notebooks/icl_thesis-master/experiments/qks_v3_s0_s10_s20_s30_exploratory_hls/q16_qksv3_s30/src/q16_qksv3_s30.cpp:108]   --->   Operation 59 'store' 'store_ln108' <Predicate = true> <Delay = 1.58>

State 5 <SV = 4> <Delay = 5.35>
ST_5 : Operation 60 [1/1] (0.00ns)   --->   "%tmp_s = bitconcatenate i8 @_ssdm_op_BitConcatenate.i8.i4.i4, i4 %select_ln107_1, i4 0" [/home/cym/prj2/finn/notebooks/icl_thesis-master/experiments/qks_v3_s0_s10_s20_s30_exploratory_hls/q16_qksv3_s30/src/q16_qksv3_s30.cpp:114]   --->   Operation 60 'bitconcatenate' 'tmp_s' <Predicate = true> <Delay = 0.00>
ST_5 : Operation 61 [1/1] (0.00ns)   --->   "%zext_ln114_1 = zext i5 %select_ln108_1" [/home/cym/prj2/finn/notebooks/icl_thesis-master/experiments/qks_v3_s0_s10_s20_s30_exploratory_hls/q16_qksv3_s30/src/q16_qksv3_s30.cpp:114]   --->   Operation 61 'zext' 'zext_ln114_1' <Predicate = true> <Delay = 0.00>
ST_5 : Operation 62 [1/1] (1.91ns)   --->   "%add_ln114 = add i8 %tmp_s, i8 %zext_ln114_1" [/home/cym/prj2/finn/notebooks/icl_thesis-master/experiments/qks_v3_s0_s10_s20_s30_exploratory_hls/q16_qksv3_s30/src/q16_qksv3_s30.cpp:114]   --->   Operation 62 'add' 'add_ln114' <Predicate = true> <Delay = 1.91> <CoreInst = "Adder">   --->   Core 1 'Adder' <Latency = 0> <II = 1> <Delay = 1.91> <FuncUnit> <Opcode : 'add' 'sub'> <InPorts = 2> <OutPorts = 1>
ST_5 : Operation 63 [1/2] (2.10ns) (root node of the DSP)   --->   "%add_ln1271 = add i7 %mul_ln1271, i7 %zext_ln114"   --->   Operation 63 'add' 'add_ln1271' <Predicate = true> <Delay = 2.10> <CoreInst = "DSP48">   --->   Core 119 'DSP48' <Latency = 3> <II = 1> <Delay = 2.15> <IPBlock> <Opcode : 'mul' 'add' 'sub' 'select'> <InPorts = 0> <OutPorts = 1> <Sync> <CReg>
ST_5 : Operation 64 [1/1] (0.00ns)   --->   "%zext_ln1271_11 = zext i7 %add_ln1271"   --->   Operation 64 'zext' 'zext_ln1271_11' <Predicate = true> <Delay = 0.00>
ST_5 : Operation 65 [1/1] (0.00ns)   --->   "%K_V_addr = getelementptr i16 %K_V, i64 0, i64 %zext_ln1271_11"   --->   Operation 65 'getelementptr' 'K_V_addr' <Predicate = true> <Delay = 0.00>
ST_5 : Operation 66 [1/1] (0.00ns)   --->   "%tmp_62 = bitconcatenate i8 @_ssdm_op_BitConcatenate.i8.i4.i4, i4 %select_ln108, i4 0"   --->   Operation 66 'bitconcatenate' 'tmp_62' <Predicate = true> <Delay = 0.00>
ST_5 : Operation 67 [1/1] (1.91ns)   --->   "%add_ln1273 = add i8 %tmp_62, i8 %zext_ln114_1"   --->   Operation 67 'add' 'add_ln1273' <Predicate = true> <Delay = 1.91> <CoreInst = "Adder">   --->   Core 1 'Adder' <Latency = 0> <II = 1> <Delay = 1.91> <FuncUnit> <Opcode : 'add' 'sub'> <InPorts = 2> <OutPorts = 1>
ST_5 : Operation 68 [1/1] (0.00ns)   --->   "%zext_ln1273 = zext i8 %add_ln1273"   --->   Operation 68 'zext' 'zext_ln1273' <Predicate = true> <Delay = 0.00>
ST_5 : Operation 69 [1/1] (0.00ns)   --->   "%V_V_addr = getelementptr i16 %V_V, i64 0, i64 %zext_ln1273"   --->   Operation 69 'getelementptr' 'V_V_addr' <Predicate = true> <Delay = 0.00>
ST_5 : Operation 70 [2/2] (3.25ns)   --->   "%r_V = load i7 %K_V_addr"   --->   Operation 70 'load' 'r_V' <Predicate = true> <Delay = 3.25> <CoreInst = "RAM">   --->   Core 82 'RAM' <Latency = 1> <II = 1> <Delay = 3.25> <Storage> <Opcode : 'load' 'store'> <Ports = 2> <Width = 16> <Depth = 121> <RAM>
ST_5 : Operation 71 [2/2] (3.25ns)   --->   "%V_V_load = load i8 %V_V_addr"   --->   Operation 71 'load' 'V_V_load' <Predicate = true> <Delay = 3.25> <CoreInst = "RAM">   --->   Core 82 'RAM' <Latency = 1> <II = 1> <Delay = 3.25> <Storage> <Opcode : 'load' 'store'> <Ports = 2> <Width = 16> <Depth = 176> <RAM>

State 6 <SV = 5> <Delay = 4.30>
ST_6 : Operation 72 [1/2] (3.25ns)   --->   "%r_V = load i7 %K_V_addr"   --->   Operation 72 'load' 'r_V' <Predicate = true> <Delay = 3.25> <CoreInst = "RAM">   --->   Core 82 'RAM' <Latency = 1> <II = 1> <Delay = 3.25> <Storage> <Opcode : 'load' 'store'> <Ports = 2> <Width = 16> <Depth = 121> <RAM>
ST_6 : Operation 73 [1/1] (0.00ns)   --->   "%sext_ln1347_16 = sext i16 %r_V"   --->   Operation 73 'sext' 'sext_ln1347_16' <Predicate = true> <Delay = 0.00>
ST_6 : Operation 74 [1/2] (3.25ns)   --->   "%V_V_load = load i8 %V_V_addr"   --->   Operation 74 'load' 'V_V_load' <Predicate = true> <Delay = 3.25> <CoreInst = "RAM">   --->   Core 82 'RAM' <Latency = 1> <II = 1> <Delay = 3.25> <Storage> <Opcode : 'load' 'store'> <Ports = 2> <Width = 16> <Depth = 176> <RAM>
ST_6 : Operation 75 [1/1] (0.00ns)   --->   "%sext_ln1347 = sext i16 %V_V_load"   --->   Operation 75 'sext' 'sext_ln1347' <Predicate = true> <Delay = 0.00>
ST_6 : Operation 76 [3/3] (1.05ns) (grouped into DSP with root node ret_V)   --->   "%mul_ln1347 = mul i30 %sext_ln1347, i30 %sext_ln1347_16"   --->   Operation 76 'mul' 'mul_ln1347' <Predicate = true> <Delay = 1.05> <CoreInst = "DSP48">   --->   Core 119 'DSP48' <Latency = 3> <II = 1> <Delay = 2.15> <IPBlock> <Opcode : 'mul' 'add' 'sub' 'select'> <InPorts = 0> <OutPorts = 1> <Sync> <CReg>

State 7 <SV = 6> <Delay = 1.05>
ST_7 : Operation 77 [2/3] (1.05ns) (grouped into DSP with root node ret_V)   --->   "%mul_ln1347 = mul i30 %sext_ln1347, i30 %sext_ln1347_16"   --->   Operation 77 'mul' 'mul_ln1347' <Predicate = true> <Delay = 1.05> <CoreInst = "DSP48">   --->   Core 119 'DSP48' <Latency = 3> <II = 1> <Delay = 2.15> <IPBlock> <Opcode : 'mul' 'add' 'sub' 'select'> <InPorts = 0> <OutPorts = 1> <Sync> <CReg>

State 8 <SV = 7> <Delay = 2.79>
ST_8 : Operation 78 [1/1] (0.00ns)   --->   "%lhs_load = load i24 %lhs" [/home/cym/prj2/finn/notebooks/icl_thesis-master/experiments/qks_v3_s0_s10_s20_s30_exploratory_hls/q16_qksv3_s30/src/q16_qksv3_s30.cpp:108]   --->   Operation 78 'load' 'lhs_load' <Predicate = (!or_ln108)> <Delay = 0.00>
ST_8 : Operation 79 [1/3] (0.00ns) (grouped into DSP with root node ret_V)   --->   "%mul_ln1347 = mul i30 %sext_ln1347, i30 %sext_ln1347_16"   --->   Operation 79 'mul' 'mul_ln1347' <Predicate = true> <Delay = 0.00> <CoreInst = "DSP48">   --->   Core 119 'DSP48' <Latency = 3> <II = 1> <Delay = 2.15> <IPBlock> <Opcode : 'mul' 'add' 'sub' 'select'> <InPorts = 0> <OutPorts = 1> <Sync> <CReg>
ST_8 : Operation 80 [1/1] (0.69ns)   --->   "%select_ln108_2 = select i1 %or_ln108, i24 0, i24 %lhs_load" [/home/cym/prj2/finn/notebooks/icl_thesis-master/experiments/qks_v3_s0_s10_s20_s30_exploratory_hls/q16_qksv3_s30/src/q16_qksv3_s30.cpp:108]   --->   Operation 80 'select' 'select_ln108_2' <Predicate = true> <Delay = 0.69> <CoreInst = "Sel">   --->   Core 73 'Sel' <Latency = 0> <II = 1> <Delay = 0.69> <FuncUnit> <Opcode : 'select'> <InPorts = 3> <OutPorts = 1>
ST_8 : Operation 81 [1/1] (0.00ns)   --->   "%lhs_60 = bitconcatenate i30 @_ssdm_op_BitConcatenate.i30.i24.i6, i24 %select_ln108_2, i6 0"   --->   Operation 81 'bitconcatenate' 'lhs_60' <Predicate = true> <Delay = 0.00>
ST_8 : Operation 82 [2/2] (2.10ns) (root node of the DSP)   --->   "%ret_V = add i30 %lhs_60, i30 %mul_ln1347"   --->   Operation 82 'add' 'ret_V' <Predicate = true> <Delay = 2.10> <CoreInst = "DSP48">   --->   Core 119 'DSP48' <Latency = 3> <II = 1> <Delay = 2.15> <IPBlock> <Opcode : 'mul' 'add' 'sub' 'select'> <InPorts = 0> <OutPorts = 1> <Sync> <CReg>
ST_8 : Operation 97 [1/1] (0.00ns)   --->   "%ret_ln0 = ret"   --->   Operation 97 'ret' 'ret_ln0' <Predicate = (icmp_ln107)> <Delay = 0.00>

State 9 <SV = 8> <Delay = 5.35>
ST_9 : Operation 83 [1/1] (0.00ns)   --->   "%specloopname_ln0 = specloopname void @_ssdm_op_SpecLoopName, void @VITIS_LOOP_107_8_VITIS_LOOP_108_9_VITIS_LOOP_110_10_str"   --->   Operation 83 'specloopname' 'specloopname_ln0' <Predicate = true> <Delay = 0.00>
ST_9 : Operation 84 [1/1] (0.00ns)   --->   "%empty = speclooptripcount i32 @_ssdm_op_SpecLoopTripCount, i64 1936, i64 1936, i64 1936"   --->   Operation 84 'speclooptripcount' 'empty' <Predicate = true> <Delay = 0.00>
ST_9 : Operation 85 [1/1] (0.00ns)   --->   "%specloopname_ln0 = specloopname void @_ssdm_op_SpecLoopName, void @VITIS_LOOP_108_9_VITIS_LOOP_110_10_str"   --->   Operation 85 'specloopname' 'specloopname_ln0' <Predicate = true> <Delay = 0.00>
ST_9 : Operation 86 [1/1] (0.00ns)   --->   "%zext_ln114_2 = zext i8 %add_ln114" [/home/cym/prj2/finn/notebooks/icl_thesis-master/experiments/qks_v3_s0_s10_s20_s30_exploratory_hls/q16_qksv3_s30/src/q16_qksv3_s30.cpp:114]   --->   Operation 86 'zext' 'zext_ln114_2' <Predicate = true> <Delay = 0.00>
ST_9 : Operation 87 [1/1] (0.00ns)   --->   "%KV_V_addr = getelementptr i16 %KV_V, i64 0, i64 %zext_ln114_2" [/home/cym/prj2/finn/notebooks/icl_thesis-master/experiments/qks_v3_s0_s10_s20_s30_exploratory_hls/q16_qksv3_s30/src/q16_qksv3_s30.cpp:114]   --->   Operation 87 'getelementptr' 'KV_V_addr' <Predicate = true> <Delay = 0.00>
ST_9 : Operation 88 [1/1] (0.00ns)   --->   "%specpipeline_ln111 = specpipeline void @_ssdm_op_SpecPipeline, i32 1, i32 0, i32 0, i32 0, void @empty_12" [/home/cym/prj2/finn/notebooks/icl_thesis-master/experiments/qks_v3_s0_s10_s20_s30_exploratory_hls/q16_qksv3_s30/src/q16_qksv3_s30.cpp:111]   --->   Operation 88 'specpipeline' 'specpipeline_ln111' <Predicate = true> <Delay = 0.00>
ST_9 : Operation 89 [1/1] (0.00ns)   --->   "%specloopname_ln109 = specloopname void @_ssdm_op_SpecLoopName, void @empty_1" [/home/cym/prj2/finn/notebooks/icl_thesis-master/experiments/qks_v3_s0_s10_s20_s30_exploratory_hls/q16_qksv3_s30/src/q16_qksv3_s30.cpp:109]   --->   Operation 89 'specloopname' 'specloopname_ln109' <Predicate = true> <Delay = 0.00>
ST_9 : Operation 90 [1/2] (2.10ns) (root node of the DSP)   --->   "%ret_V = add i30 %lhs_60, i30 %mul_ln1347"   --->   Operation 90 'add' 'ret_V' <Predicate = true> <Delay = 2.10> <CoreInst = "DSP48">   --->   Core 119 'DSP48' <Latency = 3> <II = 1> <Delay = 2.15> <IPBlock> <Opcode : 'mul' 'add' 'sub' 'select'> <InPorts = 0> <OutPorts = 1> <Sync> <CReg>
ST_9 : Operation 91 [1/1] (0.00ns)   --->   "%sum_V = partselect i24 @_ssdm_op_PartSelect.i24.i30.i32.i32, i30 %ret_V, i32 6, i32 29"   --->   Operation 91 'partselect' 'sum_V' <Predicate = true> <Delay = 0.00>
ST_9 : Operation 92 [1/1] (0.00ns)   --->   "%trunc_ln = partselect i16 @_ssdm_op_PartSelect.i16.i30.i32.i32, i30 %ret_V, i32 10, i32 25" [/home/cym/prj2/finn/notebooks/icl_thesis-master/experiments/qks_v3_s0_s10_s20_s30_exploratory_hls/q16_qksv3_s30/src/q16_qksv3_s30.cpp:110]   --->   Operation 92 'partselect' 'trunc_ln' <Predicate = true> <Delay = 0.00>
ST_9 : Operation 93 [1/1] (3.25ns)   --->   "%store_ln114 = store i16 %trunc_ln, i8 %KV_V_addr" [/home/cym/prj2/finn/notebooks/icl_thesis-master/experiments/qks_v3_s0_s10_s20_s30_exploratory_hls/q16_qksv3_s30/src/q16_qksv3_s30.cpp:114]   --->   Operation 93 'store' 'store_ln114' <Predicate = (icmp_ln110_1)> <Delay = 3.25> <CoreInst = "RAM">   --->   Core 82 'RAM' <Latency = 1> <II = 1> <Delay = 3.25> <Storage> <Opcode : 'load' 'store'> <Ports = 2> <Width = 16> <Depth = 176> <RAM>
ST_9 : Operation 94 [1/1] (0.00ns)   --->   "%br_ln0 = br void %ifFalse4"   --->   Operation 94 'br' 'br_ln0' <Predicate = (icmp_ln110_1)> <Delay = 0.00>
ST_9 : Operation 95 [1/1] (1.58ns)   --->   "%store_ln818 = store i24 %sum_V, i24 %lhs"   --->   Operation 95 'store' 'store_ln818' <Predicate = true> <Delay = 1.58>
ST_9 : Operation 96 [1/1] (0.00ns)   --->   "%br_ln0 = br void %for.body145"   --->   Operation 96 'br' 'br_ln0' <Predicate = true> <Delay = 0.00>


============================================================
+ Verbose Summary: Timing violations
============================================================
Target clock period: 10ns, clock uncertainty: 2.7ns.

 <State 1>: 4.38ns
The critical path consists of the following:
	'alloca' operation ('indvar_flatten10') [7]  (0 ns)
	'load' operation ('indvar_flatten10_load', /home/cym/prj2/finn/notebooks/icl_thesis-master/experiments/qks_v3_s0_s10_s20_s30_exploratory_hls/q16_qksv3_s30/src/q16_qksv3_s30.cpp:108) on local variable 'indvar_flatten10' [18]  (0 ns)
	'add' operation ('add_ln108_1', /home/cym/prj2/finn/notebooks/icl_thesis-master/experiments/qks_v3_s0_s10_s20_s30_exploratory_hls/q16_qksv3_s30/src/q16_qksv3_s30.cpp:108) [76]  (1.82 ns)
	'select' operation ('select_ln108_3', /home/cym/prj2/finn/notebooks/icl_thesis-master/experiments/qks_v3_s0_s10_s20_s30_exploratory_hls/q16_qksv3_s30/src/q16_qksv3_s30.cpp:108) [77]  (0.968 ns)
	'store' operation ('store_ln108', /home/cym/prj2/finn/notebooks/icl_thesis-master/experiments/qks_v3_s0_s10_s20_s30_exploratory_hls/q16_qksv3_s30/src/q16_qksv3_s30.cpp:108) of variable 'select_ln108_3', /home/cym/prj2/finn/notebooks/icl_thesis-master/experiments/qks_v3_s0_s10_s20_s30_exploratory_hls/q16_qksv3_s30/src/q16_qksv3_s30.cpp:108 on local variable 'indvar_flatten10' [80]  (1.59 ns)

 <State 2>: 7.61ns
The critical path consists of the following:
	'load' operation ('t_load', /home/cym/prj2/finn/notebooks/icl_thesis-master/experiments/qks_v3_s0_s10_s20_s30_exploratory_hls/q16_qksv3_s30/src/q16_qksv3_s30.cpp:110) on local variable 't' [25]  (0 ns)
	'icmp' operation ('icmp_ln110', /home/cym/prj2/finn/notebooks/icl_thesis-master/experiments/qks_v3_s0_s10_s20_s30_exploratory_hls/q16_qksv3_s30/src/q16_qksv3_s30.cpp:110) [37]  (1.3 ns)
	'and' operation ('and_ln107', /home/cym/prj2/finn/notebooks/icl_thesis-master/experiments/qks_v3_s0_s10_s20_s30_exploratory_hls/q16_qksv3_s30/src/q16_qksv3_s30.cpp:107) [38]  (0.978 ns)
	'or' operation ('or_ln108', /home/cym/prj2/finn/notebooks/icl_thesis-master/experiments/qks_v3_s0_s10_s20_s30_exploratory_hls/q16_qksv3_s30/src/q16_qksv3_s30.cpp:108) [41]  (0.978 ns)
	'select' operation ('select_ln108', /home/cym/prj2/finn/notebooks/icl_thesis-master/experiments/qks_v3_s0_s10_s20_s30_exploratory_hls/q16_qksv3_s30/src/q16_qksv3_s30.cpp:108) [42]  (1.02 ns)
	'add' operation ('add_ln110', /home/cym/prj2/finn/notebooks/icl_thesis-master/experiments/qks_v3_s0_s10_s20_s30_exploratory_hls/q16_qksv3_s30/src/q16_qksv3_s30.cpp:110) [68]  (1.74 ns)
	'store' operation ('store_ln110', /home/cym/prj2/finn/notebooks/icl_thesis-master/experiments/qks_v3_s0_s10_s20_s30_exploratory_hls/q16_qksv3_s30/src/q16_qksv3_s30.cpp:110) of variable 'add_ln110', /home/cym/prj2/finn/notebooks/icl_thesis-master/experiments/qks_v3_s0_s10_s20_s30_exploratory_hls/q16_qksv3_s30/src/q16_qksv3_s30.cpp:110 on local variable 't' [82]  (1.59 ns)

 <State 3>: 1.3ns
The critical path consists of the following:
	'icmp' operation ('icmp_ln110_1', /home/cym/prj2/finn/notebooks/icl_thesis-master/experiments/qks_v3_s0_s10_s20_s30_exploratory_hls/q16_qksv3_s30/src/q16_qksv3_s30.cpp:110) [70]  (1.3 ns)

 <State 4>: 5.8ns
The critical path consists of the following:
	'load' operation ('d2_load', /home/cym/prj2/finn/notebooks/icl_thesis-master/experiments/qks_v3_s0_s10_s20_s30_exploratory_hls/q16_qksv3_s30/src/q16_qksv3_s30.cpp:107) on local variable 'd2' [26]  (0 ns)
	'select' operation ('select_ln107', /home/cym/prj2/finn/notebooks/icl_thesis-master/experiments/qks_v3_s0_s10_s20_s30_exploratory_hls/q16_qksv3_s30/src/q16_qksv3_s30.cpp:107) [32]  (1.22 ns)
	'add' operation ('add_ln108', /home/cym/prj2/finn/notebooks/icl_thesis-master/experiments/qks_v3_s0_s10_s20_s30_exploratory_hls/q16_qksv3_s30/src/q16_qksv3_s30.cpp:108) [39]  (1.78 ns)
	'select' operation ('select_ln108_1', /home/cym/prj2/finn/notebooks/icl_thesis-master/experiments/qks_v3_s0_s10_s20_s30_exploratory_hls/q16_qksv3_s30/src/q16_qksv3_s30.cpp:108) [43]  (1.22 ns)
	'store' operation ('store_ln108', /home/cym/prj2/finn/notebooks/icl_thesis-master/experiments/qks_v3_s0_s10_s20_s30_exploratory_hls/q16_qksv3_s30/src/q16_qksv3_s30.cpp:108) of variable 'select_ln108_1', /home/cym/prj2/finn/notebooks/icl_thesis-master/experiments/qks_v3_s0_s10_s20_s30_exploratory_hls/q16_qksv3_s30/src/q16_qksv3_s30.cpp:108 on local variable 'd2' [81]  (1.59 ns)

 <State 5>: 5.35ns
The critical path consists of the following:
	'add' operation of DSP[50] ('add_ln1271') [50]  (2.1 ns)
	'getelementptr' operation ('K_V_addr') [52]  (0 ns)
	'load' operation ('r.V') on array 'K_V' [59]  (3.25 ns)

 <State 6>: 4.3ns
The critical path consists of the following:
	'load' operation ('r.V') on array 'K_V' [59]  (3.25 ns)
	'mul' operation of DSP[66] ('mul_ln1347') [63]  (1.05 ns)

 <State 7>: 1.05ns
The critical path consists of the following:
	'mul' operation of DSP[66] ('mul_ln1347') [63]  (1.05 ns)

 <State 8>: 2.79ns
The critical path consists of the following:
	'load' operation ('lhs_load', /home/cym/prj2/finn/notebooks/icl_thesis-master/experiments/qks_v3_s0_s10_s20_s30_exploratory_hls/q16_qksv3_s30/src/q16_qksv3_s30.cpp:108) on local variable 'lhs' [24]  (0 ns)
	'select' operation ('select_ln108_2', /home/cym/prj2/finn/notebooks/icl_thesis-master/experiments/qks_v3_s0_s10_s20_s30_exploratory_hls/q16_qksv3_s30/src/q16_qksv3_s30.cpp:108) [64]  (0.694 ns)
	'add' operation of DSP[66] ('ret.V') [66]  (2.1 ns)

 <State 9>: 5.35ns
The critical path consists of the following:
	'add' operation of DSP[66] ('ret.V') [66]  (2.1 ns)
	'store' operation ('store_ln114', /home/cym/prj2/finn/notebooks/icl_thesis-master/experiments/qks_v3_s0_s10_s20_s30_exploratory_hls/q16_qksv3_s30/src/q16_qksv3_s30.cpp:114) of variable 'trunc_ln', /home/cym/prj2/finn/notebooks/icl_thesis-master/experiments/qks_v3_s0_s10_s20_s30_exploratory_hls/q16_qksv3_s30/src/q16_qksv3_s30.cpp:110 on array 'KV_V' [73]  (3.25 ns)


============================================================
+ Verbose Summary: Binding
============================================================
N/A
* FSMD analyzer results:
  - Output states:
 - Input state : 
  - Chain level:
	State 1
	State 2
	State 3
	State 4
	State 5
	State 6
	State 7
	State 8
	State 9


============================================================
+ Verbose Summary: Datapath Resource usage 
============================================================
N/A
