

================================================================
== Vitis HLS Report for 'attention_v2_pruned_Pipeline_VITIS_LOOP_107_8_VITIS_LOOP_108_9_VITIS_LOOP_110_10'
================================================================
* Date:           Fri Jul  3 20:14:18 2026

* Version:        2022.2 (Build 3670227 on Oct 13 2022)
* Project:        q16_qksv3_s30_hls
* Solution:       solution1 (Vivado IP Flow Target)
* Product family: zynq
* Target device:  xc7z020-clg400-1


================================================================
== Performance Estimates
================================================================
+ Timing: 
    * Summary: 
    +--------+----------+----------+------------+
    |  Clock |  Target  | Estimated| Uncertainty|
    +--------+----------+----------+------------+
    |ap_clk  |  10.00 ns|  7.605 ns|     2.70 ns|
    +--------+----------+----------+------------+

+ Latency: 
    * Summary: 
    +---------+---------+-----------+-----------+------+------+---------+
    |  Latency (cycles) |   Latency (absolute)  |   Interval  | Pipeline|
    |   min   |   max   |    min    |    max    |  min |  max |   Type  |
    +---------+---------+-----------+-----------+------+------+---------+
    |     1945|     1945|  19.450 us|  19.450 us|  1945|  1945|       no|
    +---------+---------+-----------+-----------+------+------+---------+

    + Detail: 
        * Instance: 
        N/A

        * Loop: 
        +-------------------------------------------------------+---------+---------+----------+-----------+-----------+------+----------+
        |                                                       |  Latency (cycles) | Iteration|  Initiation Interval  | Trip |          |
        |                       Loop Name                       |   min   |   max   |  Latency |  achieved |   target  | Count| Pipelined|
        +-------------------------------------------------------+---------+---------+----------+-----------+-----------+------+----------+
        |- VITIS_LOOP_107_8_VITIS_LOOP_108_9_VITIS_LOOP_110_10  |     1943|     1943|         9|          1|          1|  1936|       yes|
        +-------------------------------------------------------+---------+---------+----------+-----------+-----------+------+----------+

============================================================
+ Verbose Summary: Synthesis Manager
============================================================
InlineROM: 1
ExposeGlobal: 0
============================================================
+ Verbose Summary: CDFG Model
============================================================
IsTopModel: 0
ResetActiveHigh: 1
IsCombinational: 0
IsDatapathOnly: 0
HasWiredReturn: 1
HasMFsm: 2
HasVarLatency: 1
IsPipeline: 0
IsRtlPipelined: 0
IsInstanceOverlapped: 0
IsDontTouch: 0
HasImplIP: 0
IsGatedGlobalClock: 0

+ Individual pipeline summary: 
  * Pipeline-0: initiation interval (II) = 1, depth = 9


============================================================
+ Verbose Summary: Schedule
============================================================
* Number of FSM states : 9
* Pipeline : 1
  Pipeline-0 : II = 1, D = 9, States = { 1 2 3 4 5 6 7 8 9 }
* Dataflow Pipeline: 0

* FSM state transitions: 
1 --> 2 
2 --> 3 
3 --> 4 
4 --> 5 
5 --> 6 
6 --> 7 
7 --> 8 
8 --> 9 
9 --> 

* FSM state operations: 

State 1 <SV = 0> <Delay = 4.37>
ST_1 : Operation 12 [1/1] (0.00ns)   --->   "%lhs = alloca i32 1"   --->   Operation 12 'alloca' 'lhs' <Predicate = true> <Delay = 0.00>
ST_1 : Operation 13 [1/1] (0.00ns)   --->   "%t = alloca i32 1"   --->   Operation 13 'alloca' 't' <Predicate = true> <Delay = 0.00>
ST_1 : Operation 14 [1/1] (0.00ns)   --->   "%d2 = alloca i32 1"   --->   Operation 14 'alloca' 'd2' <Predicate = true> <Delay = 0.00>
ST_1 : Operation 15 [1/1] (0.00ns)   --->   "%indvar_flatten10 = alloca i32 1"   --->   Operation 15 'alloca' 'indvar_flatten10' <Predicate = true> <Delay = 0.00>
ST_1 : Operation 16 [1/1] (0.00ns)   --->   "%r = alloca i32 1"   --->   Operation 16 'alloca' 'r' <Predicate = true> <Delay = 0.00>
ST_1 : Operation 17 [1/1] (0.00ns)   --->   "%indvar_flatten26 = alloca i32 1"   --->   Operation 17 'alloca' 'indvar_flatten26' <Predicate = true> <Delay = 0.00>
ST_1 : Operation 18 [1/1] (1.58ns)   --->   "%store_ln0 = store i11 0, i11 %indvar_flatten26"   --->   Operation 18 'store' 'store_ln0' <Predicate = true> <Delay = 1.58>
ST_1 : Operation 19 [1/1] (1.58ns)   --->   "%store_ln0 = store i4 0, i4 %r"   --->   Operation 19 'store' 'store_ln0' <Predicate = true> <Delay = 1.58>
ST_1 : Operation 20 [1/1] (1.58ns)   --->   "%store_ln0 = store i9 0, i9 %indvar_flatten10"   --->   Operation 20 'store' 'store_ln0' <Predicate = true> <Delay = 1.58>
ST_1 : Operation 21 [1/1] (1.58ns)   --->   "%store_ln0 = store i5 0, i5 %d2"   --->   Operation 21 'store' 'store_ln0' <Predicate = true> <Delay = 1.58>
ST_1 : Operation 22 [1/1] (1.58ns)   --->   "%store_ln0 = store i4 0, i4 %t"   --->   Operation 22 'store' 'store_ln0' <Predicate = true> <Delay = 1.58>
ST_1 : Operation 23 [1/1] (1.58ns)   --->   "%store_ln0 = store i24 0, i24 %lhs"   --->   Operation 23 'store' 'store_ln0' <Predicate = true> <Delay = 1.58>
ST_1 : Operation 24 [1/1] (0.00ns)   --->   "%br_ln0 = br void %for.body145"   --->   Operation 24 'br' 'br_ln0' <Predicate = true> <Delay = 0.00>
ST_1 : Operation 25 [1/1] (0.00ns)   --->   "%indvar_flatten10_load = load i9 %indvar_flatten10" [/home/cym/prj2/finn/notebooks/icl_thesis-master/experiments/qks_v3_s0_s10_s20_s30_exploratory_hls/q16_qksv3_s30/src/q16_qksv3_s30.cpp:108]   --->   Operation 25 'load' 'indvar_flatten10_load' <Predicate = true> <Delay = 0.00>
ST_1 : Operation 26 [1/1] (0.00ns)   --->   "%indvar_flatten26_load = load i11 %indvar_flatten26" [/home/cym/prj2/finn/notebooks/icl_thesis-master/experiments/qks_v3_s0_s10_s20_s30_exploratory_hls/q16_qksv3_s30/src/q16_qksv3_s30.cpp:107]   --->   Operation 26 'load' 'indvar_flatten26_load' <Predicate = true> <Delay = 0.00>
ST_1 : Operation 27 [1/1] (1.88ns)   --->   "%icmp_ln107 = icmp_eq  i11 %indvar_flatten26_load, i11 1936" [/home/cym/prj2/finn/notebooks/icl_thesis-master/experiments/qks_v3_s0_s10_s20_s30_exploratory_hls/q16_qksv3_s30/src/q16_qksv3_s30.cpp:107]   --->   Operation 27 'icmp' 'icmp_ln107' <Predicate = true> <Delay = 1.88> <CoreInst = "Cmp">   --->   Core 9 'Cmp' <Latency = 0> <II = 1> <Delay = 1.88> <FuncUnit> <Opcode : 'icmp'> <InPorts = 2> <OutPorts = 1>
ST_1 : Operation 28 [1/1] (1.63ns)   --->   "%add_ln107_1 = add i11 %indvar_flatten26_load, i11 1" [/home/cym/prj2/finn/notebooks/icl_thesis-master/experiments/qks_v3_s0_s10_s20_s30_exploratory_hls/q16_qksv3_s30/src/q16_qksv3_s30.cpp:107]   --->   Operation 28 'add' 'add_ln107_1' <Predicate = true> <Delay = 1.63> <CoreInst = "Adder">   --->   Core 1 'Adder' <Latency = 0> <II = 1> <Delay = 1.63> <FuncUnit> <Opcode : 'add' 'sub'> <InPorts = 2> <OutPorts = 1>
ST_1 : Operation 29 [1/1] (0.00ns)   --->   "%br_ln107 = br i1 %icmp_ln107, void %for.inc167, void %for.body181.preheader.exitStub" [/home/cym/prj2/finn/notebooks/icl_thesis-master/experiments/qks_v3_s0_s10_s20_s30_exploratory_hls/q16_qksv3_s30/src/q16_qksv3_s30.cpp:107]   --->   Operation 29 'br' 'br_ln107' <Predicate = true> <Delay = 0.00>
ST_1 : Operation 30 [1/1] (1.66ns)   --->   "%icmp_ln108 = icmp_eq  i9 %indvar_flatten10_load, i9 176" [/home/cym/prj2/finn/notebooks/icl_thesis-master/experiments/qks_v3_s0_s10_s20_s30_exploratory_hls/q16_qksv3_s30/src/q16_qksv3_s30.cpp:108]   --->   Operation 30 'icmp' 'icmp_ln108' <Predicate = (!icmp_ln107)> <Delay = 1.66> <CoreInst = "Cmp">   --->   Core 9 'Cmp' <Latency = 0> <II = 1> <Delay = 1.66> <FuncUnit> <Opcode : 'icmp'> <InPorts = 2> <OutPorts = 1>
ST_1 : Operation 31 [1/1] (1.82ns)   --->   "%add_ln108_1 = add i9 %indvar_flatten10_load, i9 1" [/home/cym/prj2/finn/notebooks/icl_thesis-master/experiments/qks_v3_s0_s10_s20_s30_exploratory_hls/q16_qksv3_s30/src/q16_qksv3_s30.cpp:108]   --->   Operation 31 'add' 'add_ln108_1' <Predicate = (!icmp_ln107)> <Delay = 1.82> <CoreInst = "Adder">   --->   Core 1 'Adder' <Latency = 0> <II = 1> <Delay = 1.82> <FuncUnit> <Opcode : 'add' 'sub'> <InPorts = 2> <OutPorts = 1>
ST_1 : Operation 32 [1/1] (0.96ns)   --->   "%select_ln108_3 = select i1 %icmp_ln108, i9 1, i9 %add_ln108_1" [/home/cym/prj2/finn/notebooks/icl_thesis-master/experiments/qks_v3_s0_s10_s20_s30_exploratory_hls/q16_qksv3_s30/src/q16_qksv3_s30.cpp:108]   --->   Operation 32 'select' 'select_ln108_3' <Predicate = (!icmp_ln107)> <Delay = 0.96> <CoreInst = "Sel">   --->   Core 73 'Sel' <Latency = 0> <II = 1> <Delay = 0.96> <FuncUnit> <Opcode : 'select'> <InPorts = 3> <OutPorts = 1>
ST_1 : Operation 33 [1/1] (1.58ns)   --->   "%store_ln107 = store i11 %add_ln107_1, i11 %indvar_flatten26" [/home/cym/prj2/finn/notebooks/icl_thesis-master/experiments/qks_v3_s0_s10_s20_s30_exploratory_hls/q16_qksv3_s30/src/q16_qksv3_s30.cpp:107]   --->   Operation 33 'store' 'store_ln107' <Predicate = (!icmp_ln107)> <Delay = 1.58>
ST_1 : Operation 34 [1/1] (1.58ns)   --->   "%store_ln108 = store i9 %select_ln108_3, i9 %indvar_flatten10" [/home/cym/prj2/finn/notebooks/icl_thesis-master/experiments/qks_v3_s0_s10_s20_s30_exploratory_hls/q16_qksv3_s30/src/q16_qksv3_s30.cpp:108]   --->   Operation 34 'store' 'store_ln108' <Predicate = (!icmp_ln107)> <Delay = 1.58>

State 2 <SV = 1> <Delay = 7.60>
ST_2 : Operation 35 [1/1] (0.00ns)   --->   "%t_load = load i4 %t" [/home/cym/prj2/finn/notebooks/icl_thesis-master/experiments/qks_v3_s0_s10_s20_s30_exploratory_hls/q16_qksv3_s30/src/q16_qksv3_s30.cpp:110]   --->   Operation 35 'load' 't_load' <Predicate = true> <Delay = 0.00>
ST_2 : Operation 36 [1/1] (0.00ns) (grouped into LUT with out node and_ln107)   --->   "%xor_ln107 = xor i1 %icmp_ln108, i1 1" [/home/cym/prj2/finn/notebooks/icl_thesis-master/experiments/qks_v3_s0_s10_s20_s30_exploratory_hls/q16_qksv3_s30/src/q16_qksv3_s30.cpp:107]   --->   Operation 36 'xor' 'xor_ln107' <Predicate = true> <Delay = 0.00> <CoreInst = "LogicGate">   --->   Core 74 'LogicGate' <Latency = 0> <II = 1> <Delay = 0.97> <FuncUnit> <Opcode : 'and' 'or' 'xor'> <InPorts = 2> <OutPorts = 1>
ST_2 : Operation 37 [1/1] (1.30ns)   --->   "%icmp_ln110 = icmp_eq  i4 %t_load, i4 11" [/home/cym/prj2/finn/notebooks/icl_thesis-master/experiments/qks_v3_s0_s10_s20_s30_exploratory_hls/q16_qksv3_s30/src/q16_qksv3_s30.cpp:110]   --->   Operation 37 'icmp' 'icmp_ln110' <Predicate = true> <Delay = 1.30> <CoreInst = "Cmp">   --->   Core 9 'Cmp' <Latency = 0> <II = 1> <Delay = 1.30> <FuncUnit> <Opcode : 'icmp'> <InPorts = 2> <OutPorts = 1>
ST_2 : Operation 38 [1/1] (0.97ns) (out node of the LUT)   --->   "%and_ln107 = and i1 %icmp_ln110, i1 %xor_ln107" [/home/cym/prj2/finn/notebooks/icl_thesis-master/experiments/qks_v3_s0_s10_s20_s30_exploratory_hls/q16_qksv3_s30/src/q16_qksv3_s30.cpp:107]   --->   Operation 38 'and' 'and_ln107' <Predicate = true> <Delay = 0.97> <CoreInst = "LogicGate">   --->   Core 74 'LogicGate' <Latency = 0> <II = 1> <Delay = 0.97> <FuncUnit> <Opcode : 'and' 'or' 'xor'> <InPorts = 2> <OutPorts = 1>
ST_2 : Operation 39 [1/1] (0.97ns)   --->   "%or_ln108 = or i1 %and_ln107, i1 %icmp_ln108" [/home/cym/prj2/finn/notebooks/icl_thesis-master/experiments/qks_v3_s0_s10_s20_s30_exploratory_hls/q16_qksv3_s30/src/q16_qksv3_s30.cpp:108]   --->   Operation 39 'or' 'or_ln108' <Predicate = true> <Delay = 0.97> <CoreInst = "LogicGate">   --->   Core 74 'LogicGate' <Latency = 0> <II = 1> <Delay = 0.97> <FuncUnit> <Opcode : 'and' 'or' 'xor'> <InPorts = 2> <OutPorts = 1>
ST_2 : Operation 40 [1/1] (1.02ns)   --->   "%select_ln108 = select i1 %or_ln108, i4 0, i4 %t_load" [/home/cym/prj2/finn/notebooks/icl_thesis-master/experiments/qks_v3_s0_s10_s20_s30_exploratory_hls/q16_qksv3_s30/src/q16_qksv3_s30.cpp:108]   --->   Operation 40 'select' 'select_ln108' <Predicate = true> <Delay = 1.02> <CoreInst = "Sel">   --->   Core 73 'Sel' <Latency = 0> <II = 1> <Delay = 1.02> <FuncUnit> <Opcode : 'select'> <InPorts = 3> <OutPorts = 1>
ST_2 : Operation 41 [1/1] (0.00ns)   --->   "%zext_ln1271 = zext i4 %select_ln108"   --->   Operation 41 'zext' 'zext_ln1271' <Predicate = true> <Delay = 0.00>
ST_2 : Operation 42 [3/3] (1.05ns) (grouped into DSP with root node add_ln1271)   --->   "%mul_ln1271 = mul i7 %zext_ln1271, i7 11"   --->   Operation 42 'mul' 'mul_ln1271' <Predicate = true> <Delay = 1.05> <CoreInst = "DSP48">   --->   Core 119 'DSP48' <Latency = 3> <II = 1> <Delay = 2.15> <IPBlock> <Opcode : 'mul' 'add' 'sub' 'select'> <InPorts = 0> <OutPorts = 1> <Sync> <CReg>
ST_2 : Operation 43 [1/1] (1.73ns)   --->   "%add_ln110 = add i4 %select_ln108, i4 1" [/home/cym/prj2/finn/notebooks/icl_thesis-master/experiments/qks_v3_s0_s10_s20_s30_exploratory_hls/q16_qksv3_s30/src/q16_qksv3_s30.cpp:110]   --->   Operation 43 'add' 'add_ln110' <Predicate = true> <Delay = 1.73> <CoreInst = "Adder">   --->   Core 1 'Adder' <Latency = 0> <II = 1> <Delay = 1.73> <FuncUnit> <Opcode : 'add' 'sub'> <InPorts = 2> <OutPorts = 1>
ST_2 : Operation 44 [1/1] (1.58ns)   --->   "%store_ln110 = store i4 %add_ln110, i4 %t" [/home/cym/prj2/finn/notebooks/icl_thesis-master/experiments/qks_v3_s0_s10_s20_s30_exploratory_hls/q16_qksv3_s30/src/q16_qksv3_s30.cpp:110]   --->   Operation 44 'store' 'store_ln110' <Predicate = true> <Delay = 1.58>

State 3 <SV = 2> <Delay = 1.30>
ST_3 : Operation 45 [2/3] (1.05ns) (grouped into DSP with root node add_ln1271)   --->   "%mul_ln1271 = mul i7 %zext_ln1271, i7 11"   --->   Operation 45 'mul' 'mul_ln1271' <Predicate = true> <Delay = 1.05> <CoreInst = "DSP48">   --->   Core 119 'DSP48' <Latency = 3> <II = 1> <Delay = 2.15> <IPBlock> <Opcode : 'mul' 'add' 'sub' 'select'> <InPorts = 0> <OutPorts = 1> <Sync> <CReg>
ST_3 : Operation 46 [1/1] (1.30ns)   --->   "%icmp_ln110_1 = icmp_eq  i4 %add_ln110, i4 11" [/home/cym/prj2/finn/notebooks/icl_thesis-master/experiments/qks_v3_s0_s10_s20_s30_exploratory_hls/q16_qksv3_s30/src/q16_qksv3_s30.cpp:110]   --->   Operation 46 'icmp' 'icmp_ln110_1' <Predicate = true> <Delay = 1.30> <CoreInst = "Cmp">   --->   Core 9 'Cmp' <Latency = 0> <II = 1> <Delay = 1.30> <FuncUnit> <Opcode : 'icmp'> <InPorts = 2> <OutPorts = 1>
ST_3 : Operation 47 [1/1] (0.00ns)   --->   "%br_ln110 = br i1 %icmp_ln110_1, void %ifFalse4, void %ifTrue3" [/home/cym/prj2/finn/notebooks/icl_thesis-master/experiments/qks_v3_s0_s10_s20_s30_exploratory_hls/q16_qksv3_s30/src/q16_qksv3_s30.cpp:110]   --->   Operation 47 'br' 'br_ln110' <Predicate = true> <Delay = 0.00>

State 4 <SV = 3> <Delay = 5.79>
ST_4 : Operation 48 [1/1] (0.00ns)   --->   "%d2_load = load i5 %d2" [/home/cym/prj2/finn/notebooks/icl_thesis-master/experiments/qks_v3_s0_s10_s20_s30_exploratory_hls/q16_qksv3_s30/src/q16_qksv3_s30.cpp:107]   --->   Operation 48 'load' 'd2_load' <Predicate = (!icmp_ln108)> <Delay = 0.00>
ST_4 : Operation 49 [1/1] (0.00ns)   --->   "%r_load = load i4 %r" [/home/cym/prj2/finn/notebooks/icl_thesis-master/experiments/qks_v3_s0_s10_s20_s30_exploratory_hls/q16_qksv3_s30/src/q16_qksv3_s30.cpp:107]   --->   Operation 49 'load' 'r_load' <Predicate = true> <Delay = 0.00>
ST_4 : Operation 50 [1/1] (1.73ns)   --->   "%add_ln107 = add i4 %r_load, i4 1" [/home/cym/prj2/finn/notebooks/icl_thesis-master/experiments/qks_v3_s0_s10_s20_s30_exploratory_hls/q16_qksv3_s30/src/q16_qksv3_s30.cpp:107]   --->   Operation 50 'add' 'add_ln107' <Predicate = (icmp_ln108)> <Delay = 1.73> <CoreInst = "Adder">   --->   Core 1 'Adder' <Latency = 0> <II = 1> <Delay = 1.73> <FuncUnit> <Opcode : 'add' 'sub'> <InPorts = 2> <OutPorts = 1>
ST_4 : Operation 51 [1/1] (1.21ns)   --->   "%select_ln107 = select i1 %icmp_ln108, i5 0, i5 %d2_load" [/home/cym/prj2/finn/notebooks/icl_thesis-master/experiments/qks_v3_s0_s10_s20_s30_exploratory_hls/q16_qksv3_s30/src/q16_qksv3_s30.cpp:107]   --->   Operation 51 'select' 'select_ln107' <Predicate = true> <Delay = 1.21> <CoreInst = "Sel">   --->   Core 73 'Sel' <Latency = 0> <II = 1> <Delay = 1.21> <FuncUnit> <Opcode : 'select'> <InPorts = 3> <OutPorts = 1>
ST_4 : Operation 52 [1/1] (1.02ns)   --->   "%select_ln107_1 = select i1 %icmp_ln108, i4 %add_ln107, i4 %r_load" [/home/cym/prj2/finn/notebooks/icl_thesis-master/experiments/qks_v3_s0_s10_s20_s30_exploratory_hls/q16_qksv3_s30/src/q16_qksv3_s30.cpp:107]   --->   Operation 52 'select' 'select_ln107_1' <Predicate = true> <Delay = 1.02> <CoreInst = "Sel">   --->   Core 73 'Sel' <Latency = 0> <II = 1> <Delay = 1.02> <FuncUnit> <Opcode : 'select'> <InPorts = 3> <OutPorts = 1>
ST_4 : Operation 53 [1/1] (0.00ns)   --->   "%zext_ln114 = zext i4 %select_ln107_1" [/home/cym/prj2/finn/notebooks/icl_thesis-master/experiments/qks_v3_s0_s10_s20_s30_exploratory_hls/q16_qksv3_s30/src/q16_qksv3_s30.cpp:114]   --->   Operation 53 'zext' 'zext_ln114' <Predicate = true> <Delay = 0.00>
ST_4 : Operation 54 [1/1] (1.78ns)   --->   "%add_ln108 = add i5 %select_ln107, i5 1" [/home/cym/prj2/finn/notebooks/icl_thesis-master/experiments/qks_v3_s0_s10_s20_s30_exploratory_hls/q16_qksv3_s30/src/q16_qksv3_s30.cpp:108]   --->   Operation 54 'add' 'add_ln108' <Predicate = (and_ln107)> <Delay = 1.78> <CoreInst = "Adder">   --->   Core 1 'Adder' <Latency = 0> <II = 1> <Delay = 1.78> <FuncUnit> <Opcode : 'add' 'sub'> <InPorts = 2> <OutPorts = 1>
ST_4 : Operation 55 [1/1] (1.21ns)   --->   "%select_ln108_1 = select i1 %and_ln107, i5 %add_ln108, i5 %select_ln107" [/home/cym/prj2/finn/notebooks/icl_thesis-master/experiments/qks_v3_s0_s10_s20_s30_exploratory_hls/q16_qksv3_s30/src/q16_qksv3_s30.cpp:108]   --->   Operation 55 'select' 'select_ln108_1' <Predicate = true> <Delay = 1.21> <CoreInst = "Sel">   --->   Core 73 'Sel' <Latency = 0> <II = 1> <Delay = 1.21> <FuncUnit> <Opcode : 'select'> <InPorts = 3> <OutPorts = 1>
ST_4 : Operation 56 [1/3] (0.00ns) (grouped into DSP with root node add_ln1271)   --->   "%mul_ln1271 = mul i7 %zext_ln1271, i7 11"   --->   Operation 56 'mul' 'mul_ln1271' <Predicate = true> <Delay = 0.00> <CoreInst = "DSP48">   --->   Core 119 'DSP48' <Latency = 3> <II = 1> <Delay = 2.15> <IPBlock> <Opcode : 'mul' 'add' 'sub' 'select'> <InPorts = 0> <OutPorts = 1> <Sync> <CReg>
ST_4 : Operation 57 [2/2] (2.10ns) (root node of the DSP)   --->   "%add_ln1271 = add i7 %mul_ln1271, i7 %zext_ln114"   --->   Operation 57 'add' 'add_ln1271' <Predicate = true> <Delay = 2.10> <CoreInst = "DSP48">   --->   Core 119 'DSP48' <Latency = 3> <II = 1> <Delay = 2.15> <IPBlock> <Opcode : 'mul' 'add' 'sub' 'select'> <InPorts = 0> <OutPorts = 1> <Sync> <CReg>
ST_4 : Operation 58 [1/1] (1.58ns)   --->   "%store_ln107 = store i4 %select_ln107_1, i4 %r" [/home/cym/prj2/finn/notebooks/icl_thesis-master/experiments/qks_v3_s0_s10_s20_s30_exploratory_hls/q16_qksv3_s30/src/q16_qksv3_s30.cpp:107]   --->   Operation 58 'store' 'store_ln107' <Predicate = true> <Delay = 1.58>
ST_4 : Operation 59 [1/1] (1.58ns)   --->   "%store_ln108 = store i5 %select_ln108_1, i5 %d2" [/home/cym/prj2/finn/notebooks/icl_thesis-master/experiments/qks_v3_s0_s10_s20_s30_exploratory_hls/q16_qksv3_s30/src/q16_qksv3_s30.cpp:108]   --->   Operation 59 'store' 'store_ln108' <Predicate = true> <Delay = 1.58>

State 5 <SV = 4> <Delay = 5.35>
ST_5 : Operation 60 [1/1] (0.00ns)   --->   "%tmp_s = bitconcatenate i8 @_ssdm_op_BitConcatenate.i8.i4.i4, i4 %select_ln107_1, i4 0" [/home/cym/prj2/finn/notebooks/icl_thesis-master/experiments/qks_v3_s0_s10_s20_s30_exploratory_hls/q16_qksv3_s30/src/q16_qksv3_s30.cpp:114]   --->   Operation 60 'bitconcatenate' 'tmp_s' <Predicate = true> <Delay = 0.00>
ST_5 : Operation 61 [1/1] (0.00ns)   --->   "%zext_ln114_1 = zext i5 %select_ln108_1" [/home/cym/prj2/finn/notebooks/icl_thesis-master/experiments/qks_v3_s0_s10_s20_s30_exploratory_hls/q16_qksv3_s30/src/q16_qksv3_s30.cpp:114]   --->   Operation 61 'zext' 'zext_ln114_1' <Predicate = true> <Delay = 0.00>
ST_5 : Operation 62 [1/1] (1.91ns)   --->   "%add_ln114 = add i8 %tmp_s, i8 %zext_ln114_1" [/home/cym/prj2/finn/notebooks/icl_thesis-master/experiments/qks_v3_s0_s10_s20_s30_exploratory_hls/q16_qksv3_s30/src/q16_qksv3_s30.cpp:114]   --->   Operation 62 'add' 'add_ln114' <Predicate = true> <Delay = 1.91> <CoreInst = "Adder">   --->   Core 1 'Adder' <Latency = 0> <II = 1> <Delay = 1.91> <FuncUnit> <Opcode : 'add' 'sub'> <InPorts = 2> <OutPorts = 1>
ST_5 : Operation 63 [1/2] (2.10ns) (root node of the DSP)   --->   "%add_ln1271 = add i7 %mul_ln1271, i7 %zext_ln114"   --->   Operation 63 'add' 'add_ln1271' <Predicate = true> <Delay = 2.10> <CoreInst = "DSP48">   --->   Core 119 'DSP48' <Latency = 3> <II = 1> <Delay = 2.15> <IPBlock> <Opcode : 'mul' 'add' 'sub' 'select'> <InPorts = 0> <OutPorts = 1> <Sync> <CReg>
ST_5 : Operation 64 [1/1] (0.00ns)   --->   "%zext_ln1271_11 = zext i7 %add_ln1271"   --->   Operation 64 'zext' 'zext_ln1271_11' <Predicate = true> <Delay = 0.00>
ST_5 : Operation 65 [1/1] (0.00ns)   --->   "%K_V_addr = getelementptr i16 %K_V, i64 0, i64 %zext_ln1271_11"   --->   Operation 65 'getelementptr' 'K_V_addr' <Predicate = true> <Delay = 0.00>
ST_5 : Operation 66 [1/1] (0.00ns)   --->   "%tmp_62 = bitconcatenate i8 @_ssdm_op_BitConcatenate.i8.i4.i4, i4 %select_ln108, i4 0"   --->   Operation 66 'bitconcatenate' 'tmp_62' <Predicate = true> <Delay = 0.00>
ST_5 : Operation 67 [1/1] (1.91ns)   --->   "%add_ln1273 = add i8 %tmp_62, i8 %zext_ln114_1"   --->   Operation 67 'add' 'add_ln1273' <Predicate = true> <Delay = 1.91> <CoreInst = "Adder">   --->   Core 1 'Adder' <Latency = 0> <II = 1> <Delay = 1.91> <FuncUnit> <Opcode : 'add' 'sub'> <InPorts = 2> <OutPorts = 1>
ST_5 : Operation 68 [1/1] (0.00ns)   --->   "%zext_ln1273 = zext i8 %add_ln1273"   --->   Operation 68 'zext' 'zext_ln1273' <Predicate = true> <Delay = 0.00>
ST_5 : Operation 69 [1/1] (0.00ns)   --->   "%V_V_addr = getelementptr i16 %V_V, i64 0, i64 %zext_ln1273"   --->   Operation 69 'getelementptr' 'V_V_addr' <Predicate = true> <Delay = 0.00>
ST_5 : Operation 70 [2/2] (3.25ns)   --->   "%r_V = load i7 %K_V_addr"   --->   Operation 70 'load' 'r_V' <Predicate = true> <Delay = 3.25> <CoreInst = "RAM">   --->   Core 82 'RAM' <Latency = 1> <II = 1> <Delay = 3.25> <Storage> <Opcode : 'load' 'store'> <Ports = 2> <Width = 16> <Depth = 121> <RAM>
ST_5 : Operation 71 [2/2] (3.25ns)   --->   "%V_V_load = load i8 %V_V_addr"   --->   Operation 71 'load' 'V_V_load' <Predicate = true> <Delay = 3.25> <CoreInst = "RAM">   --->   Core 82 'RAM' <Latency = 1> <II = 1> <Delay = 3.25> <Storage> <Opcode : 'load' 'store'> <Ports = 2> <Width = 16> <Depth = 176> <RAM>

State 6 <SV = 5> <Delay = 4.30>
ST_6 : Operation 72 [1/2] (3.25ns)   --->   "%r_V = load i7 %K_V_addr"   --->   Operation 72 'load' 'r_V' <Predicate = true> <Delay = 3.25> <CoreInst = "RAM">   --->   Core 82 'RAM' <Latency = 1> <II = 1> <Delay = 3.25> <Storage> <Opcode : 'load' 'store'> <Ports = 2> <Width = 16> <Depth = 121> <RAM>
ST_6 : Operation 73 [1/1] (0.00ns)   --->   "%sext_ln1347_16 = sext i16 %r_V"   --->   Operation 73 'sext' 'sext_ln1347_16' <Predicate = true> <Delay = 0.00>
ST_6 : Operation 74 [1/2] (3.25ns)   --->   "%V_V_load = load i8 %V_V_addr"   --->   Operation 74 'load' 'V_V_load' <Predicate = true> <Delay = 3.25> <CoreInst = "RAM">   --->   Core 82 'RAM' <Latency = 1> <II = 1> <Delay = 3.25> <Storage> <Opcode : 'load' 'store'> <Ports = 2> <Width = 16> <Depth = 176> <RAM>
ST_6 : Operation 75 [1/1] (0.00ns)   --->   "%sext_ln1347 = sext i16 %V_V_load"   --->   Operation 75 'sext' 'sext_ln1347' <Predicate = true> <Delay = 0.00>
ST_6 : Operation 76 [3/3] (1.05ns) (grouped into DSP with root node ret_V)   --->   "%mul_ln1347 = mul i30 %sext_ln1347, i30 %sext_ln1347_16"   --->   Operation 76 'mul' 'mul_ln1347' <Predicate = true> <Delay = 1.05> <CoreInst = "DSP48">   --->   Core 119 'DSP48' <Latency = 3> <II = 1> <Delay = 2.15> <IPBlock> <Opcode : 'mul' 'add' 'sub' 'select'> <InPorts = 0> <OutPorts = 1> <Sync> <CReg>

State 7 <SV = 6> <Delay = 1.05>
ST_7 : Operation 77 [2/3] (1.05ns) (grouped into DSP with root node ret_V)   --->   "%mul_ln1347 = mul i30 %sext_ln1347, i30 %sext_ln1347_16"   --->   Operation 77 'mul' 'mul_ln1347' <Predicate = true> <Delay = 1.05> <CoreInst = "DSP48">   --->   Core 119 'DSP48' <Latency = 3> <II = 1> <Delay = 2.15> <IPBlock> <Opcode : 'mul' 'add' 'sub' 'select'> <InPorts = 0> <OutPorts = 1> <Sync> <CReg>

State 8 <SV = 7> <Delay = 2.79>
ST_8 : Operation 78 [1/1] (0.00ns)   --->   "%lhs_load = load i24 %lhs" [/home/cym/prj2/finn/notebooks/icl_thesis-master/experiments/qks_v3_s0_s10_s20_s30_exploratory_hls/q16_qksv3_s30/src/q16_qksv3_s30.cpp:108]   --->   Operation 78 'load' 'lhs_load' <Predicate = (!or_ln108)> <Delay = 0.00>
ST_8 : Operation 79 [1/3] (0.00ns) (grouped into DSP with root node ret_V)   --->   "%mul_ln1347 = mul i30 %sext_ln1347, i30 %sext_ln1347_16"   --->   Operation 79 'mul' 'mul_ln1347' <Predicate = true> <Delay = 0.00> <CoreInst = "DSP48">   --->   Core 119 'DSP48' <Latency = 3> <II = 1> <Delay = 2.15> <IPBlock> <Opcode : 'mul' 'add' 'sub' 'select'> <InPorts = 0> <OutPorts = 1> <Sync> <CReg>
ST_8 : Operation 80 [1/1] (0.69ns)   --->   "%select_ln108_2 = select i1 %or_ln108, i24 0, i24 %lhs_load" [/home/cym/prj2/finn/notebooks/icl_thesis-master/experiments/qks_v3_s0_s10_s20_s30_exploratory_hls/q16_qksv3_s30/src/q16_qksv3_s30.cpp:108]   --->   Operation 80 'select' 'select_ln108_2' <Predicate = true> <Delay = 0.69> <CoreInst = "Sel">   --->   Core 73 'Sel' <Latency = 0> <II = 1> <Delay = 0.69> <FuncUnit> <Opcode : 'select'> <InPorts = 3> <OutPorts = 1>
ST_8 : Operation 81 [1/1] (0.00ns)   --->   "%lhs_60 = bitconcatenate i30 @_ssdm_op_BitConcatenate.i30.i24.i6, i24 %select_ln108_2, i6 0"   --->   Operation 81 'bitconcatenate' 'lhs_60' <Predicate = true> <Delay = 0.00>
ST_8 : Operation 82 [2/2] (2.10ns) (root node of the DSP)   --->   "%ret_V = add i30 %lhs_60, i30 %mul_ln1347"   --->   Operation 82 'add' 'ret_V' <Predicate = true> <Delay = 2.10> <CoreInst = "DSP48">   --->   Core 119 'DSP48' <Latency = 3> <II = 1> <Delay = 2.15> <IPBlock> <Opcode : 'mul' 'add' 'sub' 'select'> <InPorts = 0> <OutPorts = 1> <Sync> <CReg>
ST_8 : Operation 97 [1/1] (0.00ns)   --->   "%ret_ln0 = ret"   --->   Operation 97 'ret' 'ret_ln0' <Predicate = (icmp_ln107)> <Delay = 0.00>

State 9 <SV = 8> <Delay = 5.35>
ST_9 : Operation 83 [1/1] (0.00ns)   --->   "%specloopname_ln0 = specloopname void @_ssdm_op_SpecLoopName, void @VITIS_LOOP_107_8_VITIS_LOOP_108_9_VITIS_LOOP_110_10_str"   --->   Operation 83 'specloopname' 'specloopname_ln0' <Predicate = true> <Delay = 0.00>
ST_9 : Operation 84 [1/1] (0.00ns)   --->   "%empty = speclooptripcount i32 @_ssdm_op_SpecLoopTripCount, i64 1936, i64 1936, i64 1936"   --->   Operation 84 'speclooptripcount' 'empty' <Predicate = true> <Delay = 0.00>
ST_9 : Operation 85 [1/1] (0.00ns)   --->   "%specloopname_ln0 = specloopname void @_ssdm_op_SpecLoopName, void @VITIS_LOOP_108_9_VITIS_LOOP_110_10_str"   --->   Operation 85 'specloopname' 'specloopname_ln0' <Predicate = true> <Delay = 0.00>
ST_9 : Operation 86 [1/1] (0.00ns)   --->   "%zext_ln114_2 = zext i8 %add_ln114" [/home/cym/prj2/finn/notebooks/icl_thesis-master/experiments/qks_v3_s0_s10_s20_s30_exploratory_hls/q16_qksv3_s30/src/q16_qksv3_s30.cpp:114]   --->   Operation 86 'zext' 'zext_ln114_2' <Predicate = true> <Delay = 0.00>
ST_9 : Operation 87 [1/1] (0.00ns)   --->   "%KV_V_addr = getelementptr i16 %KV_V, i64 0, i64 %zext_ln114_2" [/home/cym/prj2/finn/notebooks/icl_thesis-master/experiments/qks_v3_s0_s10_s20_s30_exploratory_hls/q16_qksv3_s30/src/q16_qksv3_s30.cpp:114]   --->   Operation 87 'getelementptr' 'KV_V_addr' <Predicate = true> <Delay = 0.00>
ST_9 : Operation 88 [1/1] (0.00ns)   --->   "%specpipeline_ln111 = specpipeline void @_ssdm_op_SpecPipeline, i32 1, i32 0, i32 0, i32 0, void @empty_12" [/home/cym/prj2/finn/notebooks/icl_thesis-master/experiments/qks_v3_s0_s10_s20_s30_exploratory_hls/q16_qksv3_s30/src/q16_qksv3_s30.cpp:111]   --->   Operation 88 'specpipeline' 'specpipeline_ln111' <Predicate = true> <Delay = 0.00>
ST_9 : Operation 89 [1/1] (0.00ns)   --->   "%specloopname_ln109 = specloopname void @_ssdm_op_SpecLoopName, void @empty_1" [/home/cym/prj2/finn/notebooks/icl_thesis-master/experiments/qks_v3_s0_s10_s20_s30_exploratory_hls/q16_qksv3_s30/src/q16_qksv3_s30.cpp:109]   --->   Operation 89 'specloopname' 'specloopname_ln109' <Predicate = true> <Delay = 0.00>
ST_9 : Operation 90 [1/2] (2.10ns) (root node of the DSP)   --->   "%ret_V = add i30 %lhs_60, i30 %mul_ln1347"   --->   Operation 90 'add' 'ret_V' <Predicate = true> <Delay = 2.10> <CoreInst = "DSP48">   --->   Core 119 'DSP48' <Latency = 3> <II = 1> <Delay = 2.15> <IPBlock> <Opcode : 'mul' 'add' 'sub' 'select'> <InPorts = 0> <OutPorts = 1> <Sync> <CReg>
ST_9 : Operation 91 [1/1] (0.00ns)   --->   "%sum_V = partselect i24 @_ssdm_op_PartSelect.i24.i30.i32.i32, i30 %ret_V, i32 6, i32 29"   --->   Operation 91 'partselect' 'sum_V' <Predicate = true> <Delay = 0.00>
ST_9 : Operation 92 [1/1] (0.00ns)   --->   "%trunc_ln = partselect i16 @_ssdm_op_PartSelect.i16.i30.i32.i32, i30 %ret_V, i32 10, i32 25" [/home/cym/prj2/finn/notebooks/icl_thesis-master/experiments/qks_v3_s0_s10_s20_s30_exploratory_hls/q16_qksv3_s30/src/q16_qksv3_s30.cpp:110]   --->   Operation 92 'partselect' 'trunc_ln' <Predicate = true> <Delay = 0.00>
ST_9 : Operation 93 [1/1] (3.25ns)   --->   "%store_ln114 = store i16 %trunc_ln, i8 %KV_V_addr" [/home/cym/prj2/finn/notebooks/icl_thesis-master/experiments/qks_v3_s0_s10_s20_s30_exploratory_hls/q16_qksv3_s30/src/q16_qksv3_s30.cpp:114]   --->   Operation 93 'store' 'store_ln114' <Predicate = (icmp_ln110_1)> <Delay = 3.25> <CoreInst = "RAM">   --->   Core 82 'RAM' <Latency = 1> <II = 1> <Delay = 3.25> <Storage> <Opcode : 'load' 'store'> <Ports = 2> <Width = 16> <Depth = 176> <RAM>
ST_9 : Operation 94 [1/1] (0.00ns)   --->   "%br_ln0 = br void %ifFalse4"   --->   Operation 94 'br' 'br_ln0' <Predicate = (icmp_ln110_1)> <Delay = 0.00>
ST_9 : Operation 95 [1/1] (1.58ns)   --->   "%store_ln818 = store i24 %sum_V, i24 %lhs"   --->   Operation 95 'store' 'store_ln818' <Predicate = true> <Delay = 1.58>
ST_9 : Operation 96 [1/1] (0.00ns)   --->   "%br_ln0 = br void %for.body145"   --->   Operation 96 'br' 'br_ln0' <Predicate = true> <Delay = 0.00>


============================================================
+ Verbose Summary: Binding
============================================================
STG Binding: 
---------------- STG Properties BEGIN ----------------
- Is combinational: 0
- Is one-state seq: 0
- Is datapath-only: 0
- Is pipelined: 0
- Is top level: 0
Port [ Return ] is wired: 1; IO mode=ap_ctrl_hs:ce=0
Port [ KV_V]:  wired=1; compound=1; hidden=0; nouse=0; global=0; static=0; extern=0; dir=1; type=1; pingpong=0; private_global=0; MemPort=[03]; IO mode=ap_memory:ce=0
Port [ K_V]:  wired=1; compound=1; hidden=0; nouse=0; global=0; static=0; extern=0; dir=0; type=1; pingpong=0; private_global=0; MemPort=[13]; IO mode=ap_memory:ce=0
Port [ V_V]:  wired=1; compound=1; hidden=0; nouse=0; global=0; static=0; extern=0; dir=0; type=1; pingpong=0; private_global=0; MemPort=[13]; IO mode=ap_memory:ce=0
---------------- STG Properties END ------------------

---------------- Datapath Model BEGIN ----------------

<LifeTime>
<method=bitvector/>
lhs                   (alloca           ) [ 0111111111]
t                     (alloca           ) [ 0110000000]
d2                    (alloca           ) [ 0111100000]
indvar_flatten10      (alloca           ) [ 0100000000]
r                     (alloca           ) [ 0111100000]
indvar_flatten26      (alloca           ) [ 0100000000]
store_ln0             (store            ) [ 0000000000]
store_ln0             (store            ) [ 0000000000]
store_ln0             (store            ) [ 0000000000]
store_ln0             (store            ) [ 0000000000]
store_ln0             (store            ) [ 0000000000]
store_ln0             (store            ) [ 0000000000]
br_ln0                (br               ) [ 0000000000]
indvar_flatten10_load (load             ) [ 0000000000]
indvar_flatten26_load (load             ) [ 0000000000]
icmp_ln107            (icmp             ) [ 0111111110]
add_ln107_1           (add              ) [ 0000000000]
br_ln107              (br               ) [ 0000000000]
icmp_ln108            (icmp             ) [ 0111100000]
add_ln108_1           (add              ) [ 0000000000]
select_ln108_3        (select           ) [ 0000000000]
store_ln107           (store            ) [ 0000000000]
store_ln108           (store            ) [ 0000000000]
t_load                (load             ) [ 0000000000]
xor_ln107             (xor              ) [ 0000000000]
icmp_ln110            (icmp             ) [ 0000000000]
and_ln107             (and              ) [ 0101100000]
or_ln108              (or               ) [ 0101111110]
select_ln108          (select           ) [ 0101110000]
zext_ln1271           (zext             ) [ 0101100000]
add_ln110             (add              ) [ 0101000000]
store_ln110           (store            ) [ 0000000000]
icmp_ln110_1          (icmp             ) [ 0100111111]
br_ln110              (br               ) [ 0000000000]
d2_load               (load             ) [ 0000000000]
r_load                (load             ) [ 0000000000]
add_ln107             (add              ) [ 0000000000]
select_ln107          (select           ) [ 0000000000]
select_ln107_1        (select           ) [ 0100010000]
zext_ln114            (zext             ) [ 0100010000]
add_ln108             (add              ) [ 0000000000]
select_ln108_1        (select           ) [ 0100010000]
mul_ln1271            (mul              ) [ 0100010000]
store_ln107           (store            ) [ 0000000000]
store_ln108           (store            ) [ 0000000000]
tmp_s                 (bitconcatenate   ) [ 0000000000]
zext_ln114_1          (zext             ) [ 0000000000]
add_ln114             (add              ) [ 0100001111]
add_ln1271            (add              ) [ 0000000000]
zext_ln1271_11        (zext             ) [ 0000000000]
K_V_addr              (getelementptr    ) [ 0100001000]
tmp_62                (bitconcatenate   ) [ 0000000000]
add_ln1273            (add              ) [ 0000000000]
zext_ln1273           (zext             ) [ 0000000000]
V_V_addr              (getelementptr    ) [ 0100001000]
r_V                   (load             ) [ 0000000000]
sext_ln1347_16        (sext             ) [ 0100000110]
V_V_load              (load             ) [ 0000000000]
sext_ln1347           (sext             ) [ 0100000110]
lhs_load              (load             ) [ 0000000000]
mul_ln1347            (mul              ) [ 0100000001]
select_ln108_2        (select           ) [ 0000000000]
lhs_60                (bitconcatenate   ) [ 0100000001]
specloopname_ln0      (specloopname     ) [ 0000000000]
empty                 (speclooptripcount) [ 0000000000]
specloopname_ln0      (specloopname     ) [ 0000000000]
zext_ln114_2          (zext             ) [ 0000000000]
KV_V_addr             (getelementptr    ) [ 0000000000]
specpipeline_ln111    (specpipeline     ) [ 0000000000]
specloopname_ln109    (specloopname     ) [ 0000000000]
ret_V                 (add              ) [ 0000000000]
sum_V                 (partselect       ) [ 0000000000]
trunc_ln              (partselect       ) [ 0000000000]
store_ln114           (store            ) [ 0000000000]
br_ln0                (br               ) [ 0000000000]
store_ln818           (store            ) [ 0000000000]
br_ln0                (br               ) [ 0000000000]
ret_ln0               (ret              ) [ 0000000000]
</LifeTime>

<model>

<comp_list>
<comp id="0" class="1000" name="KV_V">
<pin_list>
<pin id="1" dir="1" index="0" bw="1" slack="0"/>
</pin_list>
<bind>
<StgValue><ssdm name="KV_V"/><MemPortTyVec>0 3 </MemPortTyVec>
</StgValue>
</bind>
</comp>

<comp id="2" class="1000" name="K_V">
<pin_list>
<pin id="3" dir="1" index="0" bw="1" slack="0"/>
</pin_list>
<bind>
<StgValue><ssdm name="K_V"/><MemPortTyVec>1 3 </MemPortTyVec>
</StgValue>
</bind>
</comp>

<comp id="4" class="1000" name="V_V">
<pin_list>
<pin id="5" dir="1" index="0" bw="1" slack="0"/>
</pin_list>
<bind>
<StgValue><ssdm name="V_V"/><MemPortTyVec>1 3 </MemPortTyVec>
</StgValue>
</bind>
</comp>

<comp id="6" class="1001" name="const_6">
<pin_list>
<pin id="7" dir="1" index="0" bw="1" slack="0"/>
</pin_list>
<bind>
<StgValue><ssdm name=""/></StgValue>
</bind>
</comp>

<comp id="8" class="1001" name="const_8">
<pin_list>
<pin id="9" dir="1" index="0" bw="1" slack="0"/>
</pin_list>
<bind>
<StgValue><ssdm name=""/></StgValue>
</bind>
</comp>

<comp id="10" class="1001" name="const_10">
<pin_list>
<pin id="11" dir="1" index="0" bw="1" slack="0"/>
</pin_list>
<bind>
<StgValue><ssdm name=""/></StgValue>
</bind>
</comp>

<comp id="12" class="1001" name="const_12">
<pin_list>
<pin id="13" dir="1" index="0" bw="1" slack="0"/>
</pin_list>
<bind>
<StgValue><ssdm name=""/></StgValue>
</bind>
</comp>

<comp id="14" class="1001" name="const_14">
<pin_list>
<pin id="15" dir="1" index="0" bw="1" slack="0"/>
</pin_list>
<bind>
<StgValue><ssdm name=""/></StgValue>
</bind>
</comp>

<comp id="16" class="1001" name="const_16">
<pin_list>
<pin id="17" dir="1" index="0" bw="1" slack="0"/>
</pin_list>
<bind>
<StgValue><ssdm name=""/></StgValue>
</bind>
</comp>

<comp id="18" class="1001" name="const_18">
<pin_list>
<pin id="19" dir="1" index="0" bw="1" slack="0"/>
</pin_list>
<bind>
<StgValue><ssdm name=""/></StgValue>
</bind>
</comp>

<comp id="20" class="1001" name="const_20">
<pin_list>
<pin id="21" dir="1" index="0" bw="1" slack="0"/>
</pin_list>
<bind>
<StgValue><ssdm name=""/></StgValue>
</bind>
</comp>

<comp id="22" class="1001" name="const_22">
<pin_list>
<pin id="23" dir="1" index="0" bw="1" slack="0"/>
</pin_list>
<bind>
<StgValue><ssdm name=""/></StgValue>
</bind>
</comp>

<comp id="24" class="1001" name="const_24">
<pin_list>
<pin id="25" dir="1" index="0" bw="1" slack="0"/>
</pin_list>
<bind>
<StgValue><ssdm name=""/></StgValue>
</bind>
</comp>

<comp id="26" class="1001" name="const_26">
<pin_list>
<pin id="27" dir="1" index="0" bw="1" slack="0"/>
</pin_list>
<bind>
<StgValue><ssdm name=""/></StgValue>
</bind>
</comp>

<comp id="28" class="1001" name="const_28">
<pin_list>
<pin id="29" dir="1" index="0" bw="1" slack="0"/>
</pin_list>
<bind>
<StgValue><ssdm name=""/></StgValue>
</bind>
</comp>

<comp id="30" class="1001" name="const_30">
<pin_list>
<pin id="31" dir="1" index="0" bw="1" slack="0"/>
</pin_list>
<bind>
<StgValue><ssdm name=""/></StgValue>
</bind>
</comp>

<comp id="32" class="1001" name="const_32">
<pin_list>
<pin id="33" dir="1" index="0" bw="1" slack="0"/>
</pin_list>
<bind>
<StgValue><ssdm name=""/></StgValue>
</bind>
</comp>

<comp id="34" class="1001" name="const_34">
<pin_list>
<pin id="35" dir="1" index="0" bw="1" slack="0"/>
</pin_list>
<bind>
<StgValue><ssdm name=""/></StgValue>
</bind>
</comp>

<comp id="36" class="1001" name="const_36">
<pin_list>
<pin id="37" dir="1" index="0" bw="1" slack="0"/>
</pin_list>
<bind>
<StgValue><ssdm name="_ssdm_op_BitConcatenate.i8.i4.i4"/></StgValue>
</bind>
</comp>

<comp id="38" class="1001" name="const_38">
<pin_list>
<pin id="39" dir="1" index="0" bw="1" slack="0"/>
</pin_list>
<bind>
<StgValue><ssdm name=""/></StgValue>
</bind>
</comp>

<comp id="40" class="1001" name="const_40">
<pin_list>
<pin id="41" dir="1" index="0" bw="1" slack="0"/>
</pin_list>
<bind>
<StgValue><ssdm name="_ssdm_op_BitConcatenate.i30.i24.i6"/></StgValue>
</bind>
</comp>

<comp id="42" class="1001" name="const_42">
<pin_list>
<pin id="43" dir="1" index="0" bw="1" slack="0"/>
</pin_list>
<bind>
<StgValue><ssdm name=""/></StgValue>
</bind>
</comp>

<comp id="44" class="1001" name="const_44">
<pin_list>
<pin id="45" dir="1" index="0" bw="1" slack="2147483647"/>
</pin_list>
<bind>
<StgValue><ssdm name="_ssdm_op_SpecLoopName"/></StgValue>
</bind>
</comp>

<comp id="46" class="1001" name="const_46">
<pin_list>
<pin id="47" dir="1" index="0" bw="1" slack="2147483647"/>
</pin_list>
<bind>
<StgValue><ssdm name="VITIS_LOOP_107_8_VITIS_LOOP_108_9_VITIS_LOOP_110_10_str"/></StgValue>
</bind>
</comp>

<comp id="48" class="1001" name="const_48">
<pin_list>
<pin id="49" dir="1" index="0" bw="1" slack="2147483647"/>
</pin_list>
<bind>
<StgValue><ssdm name="_ssdm_op_SpecLoopTripCount"/></StgValue>
</bind>
</comp>

<comp id="50" class="1001" name="const_50">
<pin_list>
<pin id="51" dir="1" index="0" bw="1" slack="2147483647"/>
</pin_list>
<bind>
<StgValue><ssdm name=""/></StgValue>
</bind>
</comp>

<comp id="52" class="1001" name="const_52">
<pin_list>
<pin id="53" dir="1" index="0" bw="1" slack="2147483647"/>
</pin_list>
<bind>
<StgValue><ssdm name="VITIS_LOOP_108_9_VITIS_LOOP_110_10_str"/></StgValue>
</bind>
</comp>

<comp id="54" class="1001" name="const_54">
<pin_list>
<pin id="55" dir="1" index="0" bw="1" slack="2147483647"/>
</pin_list>
<bind>
<StgValue><ssdm name="_ssdm_op_SpecPipeline"/></StgValue>
</bind>
</comp>

<comp id="56" class="1001" name="const_56">
<pin_list>
<pin id="57" dir="1" index="0" bw="1" slack="2147483647"/>
</pin_list>
<bind>
<StgValue><ssdm name=""/></StgValue>
</bind>
</comp>

<comp id="58" class="1001" name="const_58">
<pin_list>
<pin id="59" dir="1" index="0" bw="1" slack="2147483647"/>
</pin_list>
<bind>
<StgValue><ssdm name="empty_12"/></StgValue>
</bind>
</comp>

<comp id="60" class="1001" name="const_60">
<pin_list>
<pin id="61" dir="1" index="0" bw="1" slack="2147483647"/>
</pin_list>
<bind>
<StgValue><ssdm name="empty_1"/></StgValue>
</bind>
</comp>

<comp id="62" class="1001" name="const_62">
<pin_list>
<pin id="63" dir="1" index="0" bw="1" slack="0"/>
</pin_list>
<bind>
<StgValue><ssdm name="_ssdm_op_PartSelect.i24.i30.i32.i32"/></StgValue>
</bind>
</comp>

<comp id="64" class="1001" name="const_64">
<pin_list>
<pin id="65" dir="1" index="0" bw="1" slack="0"/>
</pin_list>
<bind>
<StgValue><ssdm name=""/></StgValue>
</bind>
</comp>

<comp id="66" class="1001" name="const_66">
<pin_list>
<pin id="67" dir="1" index="0" bw="1" slack="0"/>
</pin_list>
<bind>
<StgValue><ssdm name=""/></StgValue>
</bind>
</comp>

<comp id="68" class="1001" name="const_68">
<pin_list>
<pin id="69" dir="1" index="0" bw="1" slack="0"/>
</pin_list>
<bind>
<StgValue><ssdm name="_ssdm_op_PartSelect.i16.i30.i32.i32"/></StgValue>
</bind>
</comp>

<comp id="70" class="1001" name="const_70">
<pin_list>
<pin id="71" dir="1" index="0" bw="1" slack="0"/>
</pin_list>
<bind>
<StgValue><ssdm name=""/></StgValue>
</bind>
</comp>

<comp id="72" class="1001" name="const_72">
<pin_list>
<pin id="73" dir="1" index="0" bw="1" slack="0"/>
</pin_list>
<bind>
<StgValue><ssdm name=""/></StgValue>
</bind>
</comp>

<comp id="74" class="1004" name="lhs_fu_74">
<pin_list>
<pin id="75" dir="0" index="0" bw="1" slack="0"/>
<pin id="76" dir="1" index="1" bw="24" slack="0"/>
</pin_list>
<bind>
<opcode="alloca(26) " fcode="alloca"/>
<opset="lhs/1 "/>
</bind>
</comp>

<comp id="78" class="1004" name="t_fu_78">
<pin_list>
<pin id="79" dir="0" index="0" bw="1" slack="0"/>
<pin id="80" dir="1" index="1" bw="4" slack="0"/>
</pin_list>
<bind>
<opcode="alloca(26) " fcode="alloca"/>
<opset="t/1 "/>
</bind>
</comp>

<comp id="82" class="1004" name="d2_fu_82">
<pin_list>
<pin id="83" dir="0" index="0" bw="1" slack="0"/>
<pin id="84" dir="1" index="1" bw="5" slack="0"/>
</pin_list>
<bind>
<opcode="alloca(26) " fcode="alloca"/>
<opset="d2/1 "/>
</bind>
</comp>

<comp id="86" class="1004" name="indvar_flatten10_fu_86">
<pin_list>
<pin id="87" dir="0" index="0" bw="1" slack="0"/>
<pin id="88" dir="1" index="1" bw="9" slack="0"/>
</pin_list>
<bind>
<opcode="alloca(26) " fcode="alloca"/>
<opset="indvar_flatten10/1 "/>
</bind>
</comp>

<comp id="90" class="1004" name="r_fu_90">
<pin_list>
<pin id="91" dir="0" index="0" bw="1" slack="0"/>
<pin id="92" dir="1" index="1" bw="4" slack="0"/>
</pin_list>
<bind>
<opcode="alloca(26) " fcode="alloca"/>
<opset="r/1 "/>
</bind>
</comp>

<comp id="94" class="1004" name="indvar_flatten26_fu_94">
<pin_list>
<pin id="95" dir="0" index="0" bw="1" slack="0"/>
<pin id="96" dir="1" index="1" bw="11" slack="0"/>
</pin_list>
<bind>
<opcode="alloca(26) " fcode="alloca"/>
<opset="indvar_flatten26/1 "/>
</bind>
</comp>

<comp id="98" class="1004" name="K_V_addr_gep_fu_98">
<pin_list>
<pin id="99" dir="0" index="0" bw="16" slack="0"/>
<pin id="100" dir="0" index="1" bw="1" slack="0"/>
<pin id="101" dir="0" index="2" bw="7" slack="0"/>
<pin id="102" dir="1" index="3" bw="7" slack="0"/>
</pin_list>
<bind>
<opcode="getelementptr(29) " fcode="getelementptr"/>
<opset="K_V_addr/5 "/>
</bind>
</comp>

<comp id="105" class="1004" name="V_V_addr_gep_fu_105">
<pin_list>
<pin id="106" dir="0" index="0" bw="16" slack="0"/>
<pin id="107" dir="0" index="1" bw="1" slack="0"/>
<pin id="108" dir="0" index="2" bw="8" slack="0"/>
<pin id="109" dir="1" index="3" bw="8" slack="0"/>
</pin_list>
<bind>
<opcode="getelementptr(29) " fcode="getelementptr"/>
<opset="V_V_addr/5 "/>
</bind>
</comp>

<comp id="112" class="1004" name="grp_access_fu_112">
<pin_list>
<pin id="113" dir="0" index="0" bw="7" slack="0"/>
<pin id="114" dir="0" index="1" bw="16" slack="2147483647"/>
<pin id="115" dir="0" index="2" bw="0" slack="2147483647"/>
<pin id="116" dir="1" index="3" bw="16" slack="0"/>
</pin_list>
<bind>
<opcode="load(27) " fcode="load"/>
<opset="r_V/5 "/>
</bind>
</comp>

<comp id="118" class="1004" name="grp_access_fu_118">
<pin_list>
<pin id="119" dir="0" index="0" bw="8" slack="0"/>
<pin id="120" dir="0" index="1" bw="16" slack="2147483647"/>
<pin id="121" dir="0" index="2" bw="0" slack="2147483647"/>
<pin id="122" dir="1" index="3" bw="16" slack="0"/>
</pin_list>
<bind>
<opcode="load(27) " fcode="load"/>
<opset="V_V_load/5 "/>
</bind>
</comp>

<comp id="124" class="1004" name="KV_V_addr_gep_fu_124">
<pin_list>
<pin id="125" dir="0" index="0" bw="16" slack="0"/>
<pin id="126" dir="0" index="1" bw="1" slack="0"/>
<pin id="127" dir="0" index="2" bw="8" slack="0"/>
<pin id="128" dir="1" index="3" bw="8" slack="0"/>
</pin_list>
<bind>
<opcode="getelementptr(29) " fcode="getelementptr"/>
<opset="KV_V_addr/9 "/>
</bind>
</comp>

<comp id="131" class="1004" name="store_ln114_access_fu_131">
<pin_list>
<pin id="132" dir="0" index="0" bw="8" slack="0"/>
<pin id="133" dir="0" index="1" bw="16" slack="0"/>
<pin id="134" dir="0" index="2" bw="0" slack="2147483647"/>
<pin id="135" dir="1" index="3" bw="16" slack="2147483647"/>
</pin_list>
<bind>
<opcode="store(28) " fcode="store"/>
<opset="store_ln114/9 "/>
</bind>
</comp>

<comp id="137" class="1004" name="store_ln0_store_fu_137">
<pin_list>
<pin id="138" dir="0" index="0" bw="1" slack="0"/>
<pin id="139" dir="0" index="1" bw="11" slack="0"/>
<pin id="140" dir="1" index="2" bw="0" slack="2147483647"/>
</pin_list>
<bind>
<opcode="store(28) " fcode="store"/>
<opset="store_ln0/1 "/>
</bind>
</comp>

<comp id="142" class="1004" name="store_ln0_store_fu_142">
<pin_list>
<pin id="143" dir="0" index="0" bw="1" slack="0"/>
<pin id="144" dir="0" index="1" bw="4" slack="0"/>
<pin id="145" dir="1" index="2" bw="0" slack="2147483647"/>
</pin_list>
<bind>
<opcode="store(28) " fcode="store"/>
<opset="store_ln0/1 "/>
</bind>
</comp>

<comp id="147" class="1004" name="store_ln0_store_fu_147">
<pin_list>
<pin id="148" dir="0" index="0" bw="1" slack="0"/>
<pin id="149" dir="0" index="1" bw="9" slack="0"/>
<pin id="150" dir="1" index="2" bw="0" slack="2147483647"/>
</pin_list>
<bind>
<opcode="store(28) " fcode="store"/>
<opset="store_ln0/1 "/>
</bind>
</comp>

<comp id="152" class="1004" name="store_ln0_store_fu_152">
<pin_list>
<pin id="153" dir="0" index="0" bw="1" slack="0"/>
<pin id="154" dir="0" index="1" bw="5" slack="0"/>
<pin id="155" dir="1" index="2" bw="0" slack="2147483647"/>
</pin_list>
<bind>
<opcode="store(28) " fcode="store"/>
<opset="store_ln0/1 "/>
</bind>
</comp>

<comp id="157" class="1004" name="store_ln0_store_fu_157">
<pin_list>
<pin id="158" dir="0" index="0" bw="1" slack="0"/>
<pin id="159" dir="0" index="1" bw="4" slack="0"/>
<pin id="160" dir="1" index="2" bw="0" slack="2147483647"/>
</pin_list>
<bind>
<opcode="store(28) " fcode="store"/>
<opset="store_ln0/1 "/>
</bind>
</comp>

<comp id="162" class="1004" name="store_ln0_store_fu_162">
<pin_list>
<pin id="163" dir="0" index="0" bw="1" slack="0"/>
<pin id="164" dir="0" index="1" bw="24" slack="0"/>
<pin id="165" dir="1" index="2" bw="0" slack="2147483647"/>
</pin_list>
<bind>
<opcode="store(28) " fcode="store"/>
<opset="store_ln0/1 "/>
</bind>
</comp>

<comp id="167" class="1004" name="indvar_flatten10_load_load_fu_167">
<pin_list>
<pin id="168" dir="0" index="0" bw="9" slack="0"/>
<pin id="169" dir="1" index="1" bw="9" slack="0"/>
</pin_list>
<bind>
<opcode="load(27) " fcode="load"/>
<opset="indvar_flatten10_load/1 "/>
</bind>
</comp>

<comp id="170" class="1004" name="indvar_flatten26_load_load_fu_170">
<pin_list>
<pin id="171" dir="0" index="0" bw="11" slack="0"/>
<pin id="172" dir="1" index="1" bw="11" slack="0"/>
</pin_list>
<bind>
<opcode="load(27) " fcode="load"/>
<opset="indvar_flatten26_load/1 "/>
</bind>
</comp>

<comp id="173" class="1004" name="icmp_ln107_fu_173">
<pin_list>
<pin id="174" dir="0" index="0" bw="11" slack="0"/>
<pin id="175" dir="0" index="1" bw="8" slack="0"/>
<pin id="176" dir="1" index="2" bw="1" slack="7"/>
</pin_list>
<bind>
<opcode="icmp(45) " fcode="icmp"/>
<opset="icmp_ln107/1 "/>
</bind>
</comp>

<comp id="179" class="1004" name="add_ln107_1_fu_179">
<pin_list>
<pin id="180" dir="0" index="0" bw="11" slack="0"/>
<pin id="181" dir="0" index="1" bw="1" slack="0"/>
<pin id="182" dir="1" index="2" bw="11" slack="0"/>
</pin_list>
<bind>
<opcode="add(8) " fcode="add"/>
<opset="add_ln107_1/1 "/>
</bind>
</comp>

<comp id="185" class="1004" name="icmp_ln108_fu_185">
<pin_list>
<pin id="186" dir="0" index="0" bw="9" slack="0"/>
<pin id="187" dir="0" index="1" bw="9" slack="0"/>
<pin id="188" dir="1" index="2" bw="1" slack="0"/>
</pin_list>
<bind>
<opcode="icmp(45) " fcode="icmp"/>
<opset="icmp_ln108/1 "/>
</bind>
</comp>

<comp id="191" class="1004" name="add_ln108_1_fu_191">
<pin_list>
<pin id="192" dir="0" index="0" bw="9" slack="0"/>
<pin id="193" dir="0" index="1" bw="1" slack="0"/>
<pin id="194" dir="1" index="2" bw="9" slack="0"/>
</pin_list>
<bind>
<opcode="add(8) " fcode="add"/>
<opset="add_ln108_1/1 "/>
</bind>
</comp>

<comp id="197" class="1004" name="select_ln108_3_fu_197">
<pin_list>
<pin id="198" dir="0" index="0" bw="1" slack="0"/>
<pin id="199" dir="0" index="1" bw="1" slack="0"/>
<pin id="200" dir="0" index="2" bw="9" slack="0"/>
<pin id="201" dir="1" index="3" bw="9" slack="0"/>
</pin_list>
<bind>
<opcode="select(49) " fcode="select"/>
<opset="select_ln108_3/1 "/>
</bind>
</comp>

<comp id="205" class="1004" name="store_ln107_store_fu_205">
<pin_list>
<pin id="206" dir="0" index="0" bw="11" slack="0"/>
<pin id="207" dir="0" index="1" bw="11" slack="0"/>
<pin id="208" dir="1" index="2" bw="0" slack="2147483647"/>
</pin_list>
<bind>
<opcode="store(28) " fcode="store"/>
<opset="store_ln107/1 "/>
</bind>
</comp>

<comp id="210" class="1004" name="store_ln108_store_fu_210">
<pin_list>
<pin id="211" dir="0" index="0" bw="9" slack="0"/>
<pin id="212" dir="0" index="1" bw="9" slack="0"/>
<pin id="213" dir="1" index="2" bw="0" slack="2147483647"/>
</pin_list>
<bind>
<opcode="store(28) " fcode="store"/>
<opset="store_ln108/1 "/>
</bind>
</comp>

<comp id="215" class="1004" name="t_load_load_fu_215">
<pin_list>
<pin id="216" dir="0" index="0" bw="4" slack="1"/>
<pin id="217" dir="1" index="1" bw="4" slack="0"/>
</pin_list>
<bind>
<opcode="load(27) " fcode="load"/>
<opset="t_load/2 "/>
</bind>
</comp>

<comp id="218" class="1004" name="xor_ln107_fu_218">
<pin_list>
<pin id="219" dir="0" index="0" bw="1" slack="1"/>
<pin id="220" dir="0" index="1" bw="1" slack="0"/>
<pin id="221" dir="1" index="2" bw="1" slack="0"/>
</pin_list>
<bind>
<opcode="xor(25) " fcode="xor"/>
<opset="xor_ln107/2 "/>
</bind>
</comp>

<comp id="223" class="1004" name="icmp_ln110_fu_223">
<pin_list>
<pin id="224" dir="0" index="0" bw="4" slack="0"/>
<pin id="225" dir="0" index="1" bw="4" slack="0"/>
<pin id="226" dir="1" index="2" bw="1" slack="0"/>
</pin_list>
<bind>
<opcode="icmp(45) " fcode="icmp"/>
<opset="icmp_ln110/2 "/>
</bind>
</comp>

<comp id="229" class="1004" name="and_ln107_fu_229">
<pin_list>
<pin id="230" dir="0" index="0" bw="1" slack="0"/>
<pin id="231" dir="0" index="1" bw="1" slack="0"/>
<pin id="232" dir="1" index="2" bw="1" slack="0"/>
</pin_list>
<bind>
<opcode="and(23) " fcode="and"/>
<opset="and_ln107/2 "/>
</bind>
</comp>

<comp id="235" class="1004" name="or_ln108_fu_235">
<pin_list>
<pin id="236" dir="0" index="0" bw="1" slack="0"/>
<pin id="237" dir="0" index="1" bw="1" slack="1"/>
<pin id="238" dir="1" index="2" bw="1" slack="0"/>
</pin_list>
<bind>
<opcode="or(24) " fcode="or"/>
<opset="or_ln108/2 "/>
</bind>
</comp>

<comp id="240" class="1004" name="select_ln108_fu_240">
<pin_list>
<pin id="241" dir="0" index="0" bw="1" slack="0"/>
<pin id="242" dir="0" index="1" bw="1" slack="0"/>
<pin id="243" dir="0" index="2" bw="4" slack="0"/>
<pin id="244" dir="1" index="3" bw="4" slack="0"/>
</pin_list>
<bind>
<opcode="select(49) " fcode="select"/>
<opset="select_ln108/2 "/>
</bind>
</comp>

<comp id="248" class="1004" name="zext_ln1271_fu_248">
<pin_list>
<pin id="249" dir="0" index="0" bw="4" slack="0"/>
<pin id="250" dir="1" index="1" bw="7" slack="0"/>
</pin_list>
<bind>
<opcode="zext(34) " fcode="zext"/>
<opset="zext_ln1271/2 "/>
</bind>
</comp>

<comp id="252" class="1004" name="add_ln110_fu_252">
<pin_list>
<pin id="253" dir="0" index="0" bw="4" slack="0"/>
<pin id="254" dir="0" index="1" bw="1" slack="0"/>
<pin id="255" dir="1" index="2" bw="4" slack="0"/>
</pin_list>
<bind>
<opcode="add(8) " fcode="add"/>
<opset="add_ln110/2 "/>
</bind>
</comp>

<comp id="258" class="1004" name="store_ln110_store_fu_258">
<pin_list>
<pin id="259" dir="0" index="0" bw="4" slack="0"/>
<pin id="260" dir="0" index="1" bw="4" slack="1"/>
<pin id="261" dir="1" index="2" bw="0" slack="2147483647"/>
</pin_list>
<bind>
<opcode="store(28) " fcode="store"/>
<opset="store_ln110/2 "/>
</bind>
</comp>

<comp id="263" class="1004" name="icmp_ln110_1_fu_263">
<pin_list>
<pin id="264" dir="0" index="0" bw="4" slack="1"/>
<pin id="265" dir="0" index="1" bw="4" slack="0"/>
<pin id="266" dir="1" index="2" bw="1" slack="6"/>
</pin_list>
<bind>
<opcode="icmp(45) " fcode="icmp"/>
<opset="icmp_ln110_1/3 "/>
</bind>
</comp>

<comp id="268" class="1004" name="d2_load_load_fu_268">
<pin_list>
<pin id="269" dir="0" index="0" bw="5" slack="3"/>
<pin id="270" dir="1" index="1" bw="5" slack="0"/>
</pin_list>
<bind>
<opcode="load(27) " fcode="load"/>
<opset="d2_load/4 "/>
</bind>
</comp>

<comp id="271" class="1004" name="r_load_load_fu_271">
<pin_list>
<pin id="272" dir="0" index="0" bw="4" slack="3"/>
<pin id="273" dir="1" index="1" bw="4" slack="0"/>
</pin_list>
<bind>
<opcode="load(27) " fcode="load"/>
<opset="r_load/4 "/>
</bind>
</comp>

<comp id="274" class="1004" name="add_ln107_fu_274">
<pin_list>
<pin id="275" dir="0" index="0" bw="4" slack="0"/>
<pin id="276" dir="0" index="1" bw="1" slack="0"/>
<pin id="277" dir="1" index="2" bw="4" slack="0"/>
</pin_list>
<bind>
<opcode="add(8) " fcode="add"/>
<opset="add_ln107/4 "/>
</bind>
</comp>

<comp id="280" class="1004" name="select_ln107_fu_280">
<pin_list>
<pin id="281" dir="0" index="0" bw="1" slack="3"/>
<pin id="282" dir="0" index="1" bw="1" slack="0"/>
<pin id="283" dir="0" index="2" bw="5" slack="0"/>
<pin id="284" dir="1" index="3" bw="5" slack="0"/>
</pin_list>
<bind>
<opcode="select(49) " fcode="select"/>
<opset="select_ln107/4 "/>
</bind>
</comp>

<comp id="287" class="1004" name="select_ln107_1_fu_287">
<pin_list>
<pin id="288" dir="0" index="0" bw="1" slack="3"/>
<pin id="289" dir="0" index="1" bw="4" slack="0"/>
<pin id="290" dir="0" index="2" bw="4" slack="0"/>
<pin id="291" dir="1" index="3" bw="4" slack="0"/>
</pin_list>
<bind>
<opcode="select(49) " fcode="select"/>
<opset="select_ln107_1/4 "/>
</bind>
</comp>

<comp id="294" class="1004" name="zext_ln114_fu_294">
<pin_list>
<pin id="295" dir="0" index="0" bw="4" slack="0"/>
<pin id="296" dir="1" index="1" bw="7" slack="0"/>
</pin_list>
<bind>
<opcode="zext(34) " fcode="zext"/>
<opset="zext_ln114/4 "/>
</bind>
</comp>

<comp id="298" class="1004" name="add_ln108_fu_298">
<pin_list>
<pin id="299" dir="0" index="0" bw="5" slack="0"/>
<pin id="300" dir="0" index="1" bw="1" slack="0"/>
<pin id="301" dir="1" index="2" bw="5" slack="0"/>
</pin_list>
<bind>
<opcode="add(8) " fcode="add"/>
<opset="add_ln108/4 "/>
</bind>
</comp>

<comp id="304" class="1004" name="select_ln108_1_fu_304">
<pin_list>
<pin id="305" dir="0" index="0" bw="1" slack="2"/>
<pin id="306" dir="0" index="1" bw="5" slack="0"/>
<pin id="307" dir="0" index="2" bw="5" slack="0"/>
<pin id="308" dir="1" index="3" bw="5" slack="0"/>
</pin_list>
<bind>
<opcode="select(49) " fcode="select"/>
<opset="select_ln108_1/4 "/>
</bind>
</comp>

<comp id="311" class="1004" name="store_ln107_store_fu_311">
<pin_list>
<pin id="312" dir="0" index="0" bw="4" slack="0"/>
<pin id="313" dir="0" index="1" bw="4" slack="3"/>
<pin id="314" dir="1" index="2" bw="0" slack="2147483647"/>
</pin_list>
<bind>
<opcode="store(28) " fcode="store"/>
<opset="store_ln107/4 "/>
</bind>
</comp>

<comp id="316" class="1004" name="store_ln108_store_fu_316">
<pin_list>
<pin id="317" dir="0" index="0" bw="5" slack="0"/>
<pin id="318" dir="0" index="1" bw="5" slack="3"/>
<pin id="319" dir="1" index="2" bw="0" slack="2147483647"/>
</pin_list>
<bind>
<opcode="store(28) " fcode="store"/>
<opset="store_ln108/4 "/>
</bind>
</comp>

<comp id="321" class="1004" name="tmp_s_fu_321">
<pin_list>
<pin id="322" dir="0" index="0" bw="8" slack="0"/>
<pin id="323" dir="0" index="1" bw="4" slack="1"/>
<pin id="324" dir="0" index="2" bw="1" slack="0"/>
<pin id="325" dir="1" index="3" bw="8" slack="0"/>
</pin_list>
<bind>
<opcode="bitconcatenate(1004) " fcode="bitconcatenate"/>
<opset="tmp_s/5 "/>
</bind>
</comp>

<comp id="328" class="1004" name="zext_ln114_1_fu_328">
<pin_list>
<pin id="329" dir="0" index="0" bw="5" slack="1"/>
<pin id="330" dir="1" index="1" bw="8" slack="0"/>
</pin_list>
<bind>
<opcode="zext(34) " fcode="zext"/>
<opset="zext_ln114_1/5 "/>
</bind>
</comp>

<comp id="331" class="1004" name="add_ln114_fu_331">
<pin_list>
<pin id="332" dir="0" index="0" bw="8" slack="0"/>
<pin id="333" dir="0" index="1" bw="5" slack="0"/>
<pin id="334" dir="1" index="2" bw="8" slack="4"/>
</pin_list>
<bind>
<opcode="add(8) " fcode="add"/>
<opset="add_ln114/5 "/>
</bind>
</comp>

<comp id="337" class="1004" name="zext_ln1271_11_fu_337">
<pin_list>
<pin id="338" dir="0" index="0" bw="7" slack="0"/>
<pin id="339" dir="1" index="1" bw="64" slack="0"/>
</pin_list>
<bind>
<opcode="zext(34) " fcode="zext"/>
<opset="zext_ln1271_11/5 "/>
</bind>
</comp>

<comp id="341" class="1004" name="tmp_62_fu_341">
<pin_list>
<pin id="342" dir="0" index="0" bw="8" slack="0"/>
<pin id="343" dir="0" index="1" bw="4" slack="3"/>
<pin id="344" dir="0" index="2" bw="1" slack="0"/>
<pin id="345" dir="1" index="3" bw="8" slack="0"/>
</pin_list>
<bind>
<opcode="bitconcatenate(1004) " fcode="bitconcatenate"/>
<opset="tmp_62/5 "/>
</bind>
</comp>

<comp id="348" class="1004" name="add_ln1273_fu_348">
<pin_list>
<pin id="349" dir="0" index="0" bw="8" slack="0"/>
<pin id="350" dir="0" index="1" bw="5" slack="0"/>
<pin id="351" dir="1" index="2" bw="8" slack="0"/>
</pin_list>
<bind>
<opcode="add(8) " fcode="add"/>
<opset="add_ln1273/5 "/>
</bind>
</comp>

<comp id="354" class="1004" name="zext_ln1273_fu_354">
<pin_list>
<pin id="355" dir="0" index="0" bw="8" slack="0"/>
<pin id="356" dir="1" index="1" bw="64" slack="0"/>
</pin_list>
<bind>
<opcode="zext(34) " fcode="zext"/>
<opset="zext_ln1273/5 "/>
</bind>
</comp>

<comp id="359" class="1004" name="sext_ln1347_16_fu_359">
<pin_list>
<pin id="360" dir="0" index="0" bw="16" slack="0"/>
<pin id="361" dir="1" index="1" bw="30" slack="0"/>
</pin_list>
<bind>
<opcode="sext(35) " fcode="sext"/>
<opset="sext_ln1347_16/6 "/>
</bind>
</comp>

<comp id="363" class="1004" name="sext_ln1347_fu_363">
<pin_list>
<pin id="364" dir="0" index="0" bw="16" slack="0"/>
<pin id="365" dir="1" index="1" bw="30" slack="0"/>
</pin_list>
<bind>
<opcode="sext(35) " fcode="sext"/>
<opset="sext_ln1347/6 "/>
</bind>
</comp>

<comp id="367" class="1004" name="lhs_load_load_fu_367">
<pin_list>
<pin id="368" dir="0" index="0" bw="24" slack="7"/>
<pin id="369" dir="1" index="1" bw="24" slack="0"/>
</pin_list>
<bind>
<opcode="load(27) " fcode="load"/>
<opset="lhs_load/8 "/>
</bind>
</comp>

<comp id="370" class="1004" name="select_ln108_2_fu_370">
<pin_list>
<pin id="371" dir="0" index="0" bw="1" slack="6"/>
<pin id="372" dir="0" index="1" bw="1" slack="0"/>
<pin id="373" dir="0" index="2" bw="24" slack="0"/>
<pin id="374" dir="1" index="3" bw="24" slack="0"/>
</pin_list>
<bind>
<opcode="select(49) " fcode="select"/>
<opset="select_ln108_2/8 "/>
</bind>
</comp>

<comp id="377" class="1004" name="lhs_60_fu_377">
<pin_list>
<pin id="378" dir="0" index="0" bw="30" slack="0"/>
<pin id="379" dir="0" index="1" bw="24" slack="0"/>
<pin id="380" dir="0" index="2" bw="1" slack="0"/>
<pin id="381" dir="1" index="3" bw="30" slack="0"/>
</pin_list>
<bind>
<opcode="bitconcatenate(1004) " fcode="bitconcatenate"/>
<opset="lhs_60/8 "/>
</bind>
</comp>

<comp id="385" class="1004" name="zext_ln114_2_fu_385">
<pin_list>
<pin id="386" dir="0" index="0" bw="8" slack="4"/>
<pin id="387" dir="1" index="1" bw="64" slack="0"/>
</pin_list>
<bind>
<opcode="zext(34) " fcode="zext"/>
<opset="zext_ln114_2/9 "/>
</bind>
</comp>

<comp id="389" class="1004" name="sum_V_fu_389">
<pin_list>
<pin id="390" dir="0" index="0" bw="24" slack="0"/>
<pin id="391" dir="0" index="1" bw="30" slack="0"/>
<pin id="392" dir="0" index="2" bw="4" slack="0"/>
<pin id="393" dir="0" index="3" bw="6" slack="0"/>
<pin id="394" dir="1" index="4" bw="24" slack="0"/>
</pin_list>
<bind>
<opcode="partselect(1002) " fcode="partselect"/>
<opset="sum_V/9 "/>
</bind>
</comp>

<comp id="398" class="1004" name="trunc_ln_fu_398">
<pin_list>
<pin id="399" dir="0" index="0" bw="16" slack="0"/>
<pin id="400" dir="0" index="1" bw="30" slack="0"/>
<pin id="401" dir="0" index="2" bw="5" slack="0"/>
<pin id="402" dir="0" index="3" bw="6" slack="0"/>
<pin id="403" dir="1" index="4" bw="16" slack="0"/>
</pin_list>
<bind>
<opcode="partselect(1002) " fcode="partselect"/>
<opset="trunc_ln/9 "/>
</bind>
</comp>

<comp id="408" class="1004" name="store_ln818_store_fu_408">
<pin_list>
<pin id="409" dir="0" index="0" bw="24" slack="0"/>
<pin id="410" dir="0" index="1" bw="24" slack="8"/>
<pin id="411" dir="1" index="2" bw="0" slack="2147483647"/>
</pin_list>
<bind>
<opcode="store(28) " fcode="store"/>
<opset="store_ln818/9 "/>
</bind>
</comp>

<comp id="413" class="1007" name="grp_fu_413">
<pin_list>
<pin id="414" dir="0" index="0" bw="4" slack="0"/>
<pin id="415" dir="0" index="1" bw="4" slack="0"/>
<pin id="416" dir="0" index="2" bw="4" slack="0"/>
<pin id="417" dir="1" index="3" bw="7" slack="0"/>
</pin_list>
<bind>
<opcode="muladd(1172) " fcode="muladd"/>
<opset="mul_ln1271/2 add_ln1271/4 "/>
</bind>
</comp>

<comp id="422" class="1007" name="grp_fu_422">
<pin_list>
<pin id="423" dir="0" index="0" bw="16" slack="0"/>
<pin id="424" dir="0" index="1" bw="16" slack="0"/>
<pin id="425" dir="0" index="2" bw="30" slack="0"/>
<pin id="426" dir="1" index="3" bw="30" slack="0"/>
</pin_list>
<bind>
<opcode="muladd(1172) " fcode="muladd"/>
<opset="mul_ln1347/6 ret_V/8 "/>
</bind>
</comp>

<comp id="432" class="1005" name="lhs_reg_432">
<pin_list>
<pin id="433" dir="0" index="0" bw="24" slack="0"/>
<pin id="434" dir="1" index="1" bw="24" slack="0"/>
</pin_list>
<bind>
<opset="lhs "/>
</bind>
</comp>

<comp id="439" class="1005" name="t_reg_439">
<pin_list>
<pin id="440" dir="0" index="0" bw="4" slack="0"/>
<pin id="441" dir="1" index="1" bw="4" slack="0"/>
</pin_list>
<bind>
<opset="t "/>
</bind>
</comp>

<comp id="446" class="1005" name="d2_reg_446">
<pin_list>
<pin id="447" dir="0" index="0" bw="5" slack="0"/>
<pin id="448" dir="1" index="1" bw="5" slack="0"/>
</pin_list>
<bind>
<opset="d2 "/>
</bind>
</comp>

<comp id="453" class="1005" name="indvar_flatten10_reg_453">
<pin_list>
<pin id="454" dir="0" index="0" bw="9" slack="0"/>
<pin id="455" dir="1" index="1" bw="9" slack="0"/>
</pin_list>
<bind>
<opset="indvar_flatten10 "/>
</bind>
</comp>

<comp id="460" class="1005" name="r_reg_460">
<pin_list>
<pin id="461" dir="0" index="0" bw="4" slack="0"/>
<pin id="462" dir="1" index="1" bw="4" slack="0"/>
</pin_list>
<bind>
<opset="r "/>
</bind>
</comp>

<comp id="467" class="1005" name="indvar_flatten26_reg_467">
<pin_list>
<pin id="468" dir="0" index="0" bw="11" slack="0"/>
<pin id="469" dir="1" index="1" bw="11" slack="0"/>
</pin_list>
<bind>
<opset="indvar_flatten26 "/>
</bind>
</comp>

<comp id="474" class="1005" name="icmp_ln107_reg_474">
<pin_list>
<pin id="475" dir="0" index="0" bw="1" slack="7"/>
<pin id="476" dir="1" index="1" bw="1" slack="2147483647"/>
</pin_list>
<bind>
<opset="icmp_ln107 "/>
</bind>
</comp>

<comp id="478" class="1005" name="icmp_ln108_reg_478">
<pin_list>
<pin id="479" dir="0" index="0" bw="1" slack="1"/>
<pin id="480" dir="1" index="1" bw="1" slack="1"/>
</pin_list>
<bind>
<opset="icmp_ln108 "/>
</bind>
</comp>

<comp id="486" class="1005" name="and_ln107_reg_486">
<pin_list>
<pin id="487" dir="0" index="0" bw="1" slack="2"/>
<pin id="488" dir="1" index="1" bw="1" slack="2"/>
</pin_list>
<bind>
<opset="and_ln107 "/>
</bind>
</comp>

<comp id="491" class="1005" name="or_ln108_reg_491">
<pin_list>
<pin id="492" dir="0" index="0" bw="1" slack="6"/>
<pin id="493" dir="1" index="1" bw="1" slack="6"/>
</pin_list>
<bind>
<opset="or_ln108 "/>
</bind>
</comp>

<comp id="496" class="1005" name="select_ln108_reg_496">
<pin_list>
<pin id="497" dir="0" index="0" bw="4" slack="3"/>
<pin id="498" dir="1" index="1" bw="4" slack="3"/>
</pin_list>
<bind>
<opset="select_ln108 "/>
</bind>
</comp>

<comp id="501" class="1005" name="zext_ln1271_reg_501">
<pin_list>
<pin id="502" dir="0" index="0" bw="7" slack="1"/>
<pin id="503" dir="1" index="1" bw="7" slack="1"/>
</pin_list>
<bind>
<opset="zext_ln1271 "/>
</bind>
</comp>

<comp id="506" class="1005" name="add_ln110_reg_506">
<pin_list>
<pin id="507" dir="0" index="0" bw="4" slack="1"/>
<pin id="508" dir="1" index="1" bw="4" slack="1"/>
</pin_list>
<bind>
<opset="add_ln110 "/>
</bind>
</comp>

<comp id="511" class="1005" name="icmp_ln110_1_reg_511">
<pin_list>
<pin id="512" dir="0" index="0" bw="1" slack="6"/>
<pin id="513" dir="1" index="1" bw="1" slack="2147483647"/>
</pin_list>
<bind>
<opset="icmp_ln110_1 "/>
</bind>
</comp>

<comp id="515" class="1005" name="select_ln107_1_reg_515">
<pin_list>
<pin id="516" dir="0" index="0" bw="4" slack="1"/>
<pin id="517" dir="1" index="1" bw="4" slack="1"/>
</pin_list>
<bind>
<opset="select_ln107_1 "/>
</bind>
</comp>

<comp id="520" class="1005" name="zext_ln114_reg_520">
<pin_list>
<pin id="521" dir="0" index="0" bw="7" slack="1"/>
<pin id="522" dir="1" index="1" bw="7" slack="1"/>
</pin_list>
<bind>
<opset="zext_ln114 "/>
</bind>
</comp>

<comp id="525" class="1005" name="select_ln108_1_reg_525">
<pin_list>
<pin id="526" dir="0" index="0" bw="5" slack="1"/>
<pin id="527" dir="1" index="1" bw="5" slack="1"/>
</pin_list>
<bind>
<opset="select_ln108_1 "/>
</bind>
</comp>

<comp id="530" class="1005" name="add_ln114_reg_530">
<pin_list>
<pin id="531" dir="0" index="0" bw="8" slack="4"/>
<pin id="532" dir="1" index="1" bw="8" slack="4"/>
</pin_list>
<bind>
<opset="add_ln114 "/>
</bind>
</comp>

<comp id="535" class="1005" name="K_V_addr_reg_535">
<pin_list>
<pin id="536" dir="0" index="0" bw="7" slack="1"/>
<pin id="537" dir="1" index="1" bw="7" slack="1"/>
</pin_list>
<bind>
<opset="K_V_addr "/>
</bind>
</comp>

<comp id="540" class="1005" name="V_V_addr_reg_540">
<pin_list>
<pin id="541" dir="0" index="0" bw="8" slack="1"/>
<pin id="542" dir="1" index="1" bw="8" slack="1"/>
</pin_list>
<bind>
<opset="V_V_addr "/>
</bind>
</comp>

<comp id="545" class="1005" name="sext_ln1347_16_reg_545">
<pin_list>
<pin id="546" dir="0" index="0" bw="30" slack="1"/>
<pin id="547" dir="1" index="1" bw="30" slack="1"/>
</pin_list>
<bind>
<opset="sext_ln1347_16 "/>
</bind>
</comp>

<comp id="550" class="1005" name="sext_ln1347_reg_550">
<pin_list>
<pin id="551" dir="0" index="0" bw="30" slack="1"/>
<pin id="552" dir="1" index="1" bw="30" slack="1"/>
</pin_list>
<bind>
<opset="sext_ln1347 "/>
</bind>
</comp>

<comp id="555" class="1005" name="lhs_60_reg_555">
<pin_list>
<pin id="556" dir="0" index="0" bw="30" slack="1"/>
<pin id="557" dir="1" index="1" bw="30" slack="1"/>
</pin_list>
<bind>
<opset="lhs_60 "/>
</bind>
</comp>

</comp_list>

<net_list>
<net id="77"><net_src comp="6" pin="0"/><net_sink comp="74" pin=0"/></net>

<net id="81"><net_src comp="6" pin="0"/><net_sink comp="78" pin=0"/></net>

<net id="85"><net_src comp="6" pin="0"/><net_sink comp="82" pin=0"/></net>

<net id="89"><net_src comp="6" pin="0"/><net_sink comp="86" pin=0"/></net>

<net id="93"><net_src comp="6" pin="0"/><net_sink comp="90" pin=0"/></net>

<net id="97"><net_src comp="6" pin="0"/><net_sink comp="94" pin=0"/></net>

<net id="103"><net_src comp="2" pin="0"/><net_sink comp="98" pin=0"/></net>

<net id="104"><net_src comp="38" pin="0"/><net_sink comp="98" pin=1"/></net>

<net id="110"><net_src comp="4" pin="0"/><net_sink comp="105" pin=0"/></net>

<net id="111"><net_src comp="38" pin="0"/><net_sink comp="105" pin=1"/></net>

<net id="117"><net_src comp="98" pin="3"/><net_sink comp="112" pin=0"/></net>

<net id="123"><net_src comp="105" pin="3"/><net_sink comp="118" pin=0"/></net>

<net id="129"><net_src comp="0" pin="0"/><net_sink comp="124" pin=0"/></net>

<net id="130"><net_src comp="38" pin="0"/><net_sink comp="124" pin=1"/></net>

<net id="136"><net_src comp="124" pin="3"/><net_sink comp="131" pin=0"/></net>

<net id="141"><net_src comp="8" pin="0"/><net_sink comp="137" pin=0"/></net>

<net id="146"><net_src comp="10" pin="0"/><net_sink comp="142" pin=0"/></net>

<net id="151"><net_src comp="12" pin="0"/><net_sink comp="147" pin=0"/></net>

<net id="156"><net_src comp="14" pin="0"/><net_sink comp="152" pin=0"/></net>

<net id="161"><net_src comp="10" pin="0"/><net_sink comp="157" pin=0"/></net>

<net id="166"><net_src comp="16" pin="0"/><net_sink comp="162" pin=0"/></net>

<net id="177"><net_src comp="170" pin="1"/><net_sink comp="173" pin=0"/></net>

<net id="178"><net_src comp="18" pin="0"/><net_sink comp="173" pin=1"/></net>

<net id="183"><net_src comp="170" pin="1"/><net_sink comp="179" pin=0"/></net>

<net id="184"><net_src comp="20" pin="0"/><net_sink comp="179" pin=1"/></net>

<net id="189"><net_src comp="167" pin="1"/><net_sink comp="185" pin=0"/></net>

<net id="190"><net_src comp="22" pin="0"/><net_sink comp="185" pin=1"/></net>

<net id="195"><net_src comp="167" pin="1"/><net_sink comp="191" pin=0"/></net>

<net id="196"><net_src comp="24" pin="0"/><net_sink comp="191" pin=1"/></net>

<net id="202"><net_src comp="185" pin="2"/><net_sink comp="197" pin=0"/></net>

<net id="203"><net_src comp="24" pin="0"/><net_sink comp="197" pin=1"/></net>

<net id="204"><net_src comp="191" pin="2"/><net_sink comp="197" pin=2"/></net>

<net id="209"><net_src comp="179" pin="2"/><net_sink comp="205" pin=0"/></net>

<net id="214"><net_src comp="197" pin="3"/><net_sink comp="210" pin=0"/></net>

<net id="222"><net_src comp="26" pin="0"/><net_sink comp="218" pin=1"/></net>

<net id="227"><net_src comp="215" pin="1"/><net_sink comp="223" pin=0"/></net>

<net id="228"><net_src comp="28" pin="0"/><net_sink comp="223" pin=1"/></net>

<net id="233"><net_src comp="223" pin="2"/><net_sink comp="229" pin=0"/></net>

<net id="234"><net_src comp="218" pin="2"/><net_sink comp="229" pin=1"/></net>

<net id="239"><net_src comp="229" pin="2"/><net_sink comp="235" pin=0"/></net>

<net id="245"><net_src comp="235" pin="2"/><net_sink comp="240" pin=0"/></net>

<net id="246"><net_src comp="10" pin="0"/><net_sink comp="240" pin=1"/></net>

<net id="247"><net_src comp="215" pin="1"/><net_sink comp="240" pin=2"/></net>

<net id="251"><net_src comp="240" pin="3"/><net_sink comp="248" pin=0"/></net>

<net id="256"><net_src comp="240" pin="3"/><net_sink comp="252" pin=0"/></net>

<net id="257"><net_src comp="32" pin="0"/><net_sink comp="252" pin=1"/></net>

<net id="262"><net_src comp="252" pin="2"/><net_sink comp="258" pin=0"/></net>

<net id="267"><net_src comp="28" pin="0"/><net_sink comp="263" pin=1"/></net>

<net id="278"><net_src comp="271" pin="1"/><net_sink comp="274" pin=0"/></net>

<net id="279"><net_src comp="32" pin="0"/><net_sink comp="274" pin=1"/></net>

<net id="285"><net_src comp="14" pin="0"/><net_sink comp="280" pin=1"/></net>

<net id="286"><net_src comp="268" pin="1"/><net_sink comp="280" pin=2"/></net>

<net id="292"><net_src comp="274" pin="2"/><net_sink comp="287" pin=1"/></net>

<net id="293"><net_src comp="271" pin="1"/><net_sink comp="287" pin=2"/></net>

<net id="297"><net_src comp="287" pin="3"/><net_sink comp="294" pin=0"/></net>

<net id="302"><net_src comp="280" pin="3"/><net_sink comp="298" pin=0"/></net>

<net id="303"><net_src comp="34" pin="0"/><net_sink comp="298" pin=1"/></net>

<net id="309"><net_src comp="298" pin="2"/><net_sink comp="304" pin=1"/></net>

<net id="310"><net_src comp="280" pin="3"/><net_sink comp="304" pin=2"/></net>

<net id="315"><net_src comp="287" pin="3"/><net_sink comp="311" pin=0"/></net>

<net id="320"><net_src comp="304" pin="3"/><net_sink comp="316" pin=0"/></net>

<net id="326"><net_src comp="36" pin="0"/><net_sink comp="321" pin=0"/></net>

<net id="327"><net_src comp="10" pin="0"/><net_sink comp="321" pin=2"/></net>

<net id="335"><net_src comp="321" pin="3"/><net_sink comp="331" pin=0"/></net>

<net id="336"><net_src comp="328" pin="1"/><net_sink comp="331" pin=1"/></net>

<net id="340"><net_src comp="337" pin="1"/><net_sink comp="98" pin=2"/></net>

<net id="346"><net_src comp="36" pin="0"/><net_sink comp="341" pin=0"/></net>

<net id="347"><net_src comp="10" pin="0"/><net_sink comp="341" pin=2"/></net>

<net id="352"><net_src comp="341" pin="3"/><net_sink comp="348" pin=0"/></net>

<net id="353"><net_src comp="328" pin="1"/><net_sink comp="348" pin=1"/></net>

<net id="357"><net_src comp="348" pin="2"/><net_sink comp="354" pin=0"/></net>

<net id="358"><net_src comp="354" pin="1"/><net_sink comp="105" pin=2"/></net>

<net id="362"><net_src comp="112" pin="3"/><net_sink comp="359" pin=0"/></net>

<net id="366"><net_src comp="118" pin="3"/><net_sink comp="363" pin=0"/></net>

<net id="375"><net_src comp="16" pin="0"/><net_sink comp="370" pin=1"/></net>

<net id="376"><net_src comp="367" pin="1"/><net_sink comp="370" pin=2"/></net>

<net id="382"><net_src comp="40" pin="0"/><net_sink comp="377" pin=0"/></net>

<net id="383"><net_src comp="370" pin="3"/><net_sink comp="377" pin=1"/></net>

<net id="384"><net_src comp="42" pin="0"/><net_sink comp="377" pin=2"/></net>

<net id="388"><net_src comp="385" pin="1"/><net_sink comp="124" pin=2"/></net>

<net id="395"><net_src comp="62" pin="0"/><net_sink comp="389" pin=0"/></net>

<net id="396"><net_src comp="64" pin="0"/><net_sink comp="389" pin=2"/></net>

<net id="397"><net_src comp="66" pin="0"/><net_sink comp="389" pin=3"/></net>

<net id="404"><net_src comp="68" pin="0"/><net_sink comp="398" pin=0"/></net>

<net id="405"><net_src comp="70" pin="0"/><net_sink comp="398" pin=2"/></net>

<net id="406"><net_src comp="72" pin="0"/><net_sink comp="398" pin=3"/></net>

<net id="407"><net_src comp="398" pin="4"/><net_sink comp="131" pin=1"/></net>

<net id="412"><net_src comp="389" pin="4"/><net_sink comp="408" pin=0"/></net>

<net id="418"><net_src comp="248" pin="1"/><net_sink comp="413" pin=0"/></net>

<net id="419"><net_src comp="30" pin="0"/><net_sink comp="413" pin=1"/></net>

<net id="420"><net_src comp="294" pin="1"/><net_sink comp="413" pin=2"/></net>

<net id="421"><net_src comp="413" pin="3"/><net_sink comp="337" pin=0"/></net>

<net id="427"><net_src comp="363" pin="1"/><net_sink comp="422" pin=0"/></net>

<net id="428"><net_src comp="359" pin="1"/><net_sink comp="422" pin=1"/></net>

<net id="429"><net_src comp="377" pin="3"/><net_sink comp="422" pin=2"/></net>

<net id="430"><net_src comp="422" pin="3"/><net_sink comp="389" pin=1"/></net>

<net id="431"><net_src comp="422" pin="3"/><net_sink comp="398" pin=1"/></net>

<net id="435"><net_src comp="74" pin="1"/><net_sink comp="432" pin=0"/></net>

<net id="436"><net_src comp="432" pin="1"/><net_sink comp="162" pin=1"/></net>

<net id="437"><net_src comp="432" pin="1"/><net_sink comp="367" pin=0"/></net>

<net id="438"><net_src comp="432" pin="1"/><net_sink comp="408" pin=1"/></net>

<net id="442"><net_src comp="78" pin="1"/><net_sink comp="439" pin=0"/></net>

<net id="443"><net_src comp="439" pin="1"/><net_sink comp="157" pin=1"/></net>

<net id="444"><net_src comp="439" pin="1"/><net_sink comp="215" pin=0"/></net>

<net id="445"><net_src comp="439" pin="1"/><net_sink comp="258" pin=1"/></net>

<net id="449"><net_src comp="82" pin="1"/><net_sink comp="446" pin=0"/></net>

<net id="450"><net_src comp="446" pin="1"/><net_sink comp="152" pin=1"/></net>

<net id="451"><net_src comp="446" pin="1"/><net_sink comp="268" pin=0"/></net>

<net id="452"><net_src comp="446" pin="1"/><net_sink comp="316" pin=1"/></net>

<net id="456"><net_src comp="86" pin="1"/><net_sink comp="453" pin=0"/></net>

<net id="457"><net_src comp="453" pin="1"/><net_sink comp="147" pin=1"/></net>

<net id="458"><net_src comp="453" pin="1"/><net_sink comp="167" pin=0"/></net>

<net id="459"><net_src comp="453" pin="1"/><net_sink comp="210" pin=1"/></net>

<net id="463"><net_src comp="90" pin="1"/><net_sink comp="460" pin=0"/></net>

<net id="464"><net_src comp="460" pin="1"/><net_sink comp="142" pin=1"/></net>

<net id="465"><net_src comp="460" pin="1"/><net_sink comp="271" pin=0"/></net>

<net id="466"><net_src comp="460" pin="1"/><net_sink comp="311" pin=1"/></net>

<net id="470"><net_src comp="94" pin="1"/><net_sink comp="467" pin=0"/></net>

<net id="471"><net_src comp="467" pin="1"/><net_sink comp="137" pin=1"/></net>

<net id="472"><net_src comp="467" pin="1"/><net_sink comp="170" pin=0"/></net>

<net id="473"><net_src comp="467" pin="1"/><net_sink comp="205" pin=1"/></net>

<net id="477"><net_src comp="173" pin="2"/><net_sink comp="474" pin=0"/></net>

<net id="481"><net_src comp="185" pin="2"/><net_sink comp="478" pin=0"/></net>

<net id="482"><net_src comp="478" pin="1"/><net_sink comp="218" pin=0"/></net>

<net id="483"><net_src comp="478" pin="1"/><net_sink comp="235" pin=1"/></net>

<net id="484"><net_src comp="478" pin="1"/><net_sink comp="280" pin=0"/></net>

<net id="485"><net_src comp="478" pin="1"/><net_sink comp="287" pin=0"/></net>

<net id="489"><net_src comp="229" pin="2"/><net_sink comp="486" pin=0"/></net>

<net id="490"><net_src comp="486" pin="1"/><net_sink comp="304" pin=0"/></net>

<net id="494"><net_src comp="235" pin="2"/><net_sink comp="491" pin=0"/></net>

<net id="495"><net_src comp="491" pin="1"/><net_sink comp="370" pin=0"/></net>

<net id="499"><net_src comp="240" pin="3"/><net_sink comp="496" pin=0"/></net>

<net id="500"><net_src comp="496" pin="1"/><net_sink comp="341" pin=1"/></net>

<net id="504"><net_src comp="248" pin="1"/><net_sink comp="501" pin=0"/></net>

<net id="505"><net_src comp="501" pin="1"/><net_sink comp="413" pin=0"/></net>

<net id="509"><net_src comp="252" pin="2"/><net_sink comp="506" pin=0"/></net>

<net id="510"><net_src comp="506" pin="1"/><net_sink comp="263" pin=0"/></net>

<net id="514"><net_src comp="263" pin="2"/><net_sink comp="511" pin=0"/></net>

<net id="518"><net_src comp="287" pin="3"/><net_sink comp="515" pin=0"/></net>

<net id="519"><net_src comp="515" pin="1"/><net_sink comp="321" pin=1"/></net>

<net id="523"><net_src comp="294" pin="1"/><net_sink comp="520" pin=0"/></net>

<net id="524"><net_src comp="520" pin="1"/><net_sink comp="413" pin=1"/></net>

<net id="528"><net_src comp="304" pin="3"/><net_sink comp="525" pin=0"/></net>

<net id="529"><net_src comp="525" pin="1"/><net_sink comp="328" pin=0"/></net>

<net id="533"><net_src comp="331" pin="2"/><net_sink comp="530" pin=0"/></net>

<net id="534"><net_src comp="530" pin="1"/><net_sink comp="385" pin=0"/></net>

<net id="538"><net_src comp="98" pin="3"/><net_sink comp="535" pin=0"/></net>

<net id="539"><net_src comp="535" pin="1"/><net_sink comp="112" pin=0"/></net>

<net id="543"><net_src comp="105" pin="3"/><net_sink comp="540" pin=0"/></net>

<net id="544"><net_src comp="540" pin="1"/><net_sink comp="118" pin=0"/></net>

<net id="548"><net_src comp="359" pin="1"/><net_sink comp="545" pin=0"/></net>

<net id="549"><net_src comp="545" pin="1"/><net_sink comp="422" pin=1"/></net>

<net id="553"><net_src comp="363" pin="1"/><net_sink comp="550" pin=0"/></net>

<net id="554"><net_src comp="550" pin="1"/><net_sink comp="422" pin=0"/></net>

<net id="558"><net_src comp="377" pin="3"/><net_sink comp="555" pin=0"/></net>

<net id="559"><net_src comp="555" pin="1"/><net_sink comp="422" pin=0"/></net>

</net_list>

</model> 
---------------- Datapath Model END ------------------

* FSMD analyzer results:
  - Output states:
	Port: KV_V | {9 }
 - Input state : 
	Port: attention_v2_pruned_Pipeline_VITIS_LOOP_107_8_VITIS_LOOP_108_9_VITIS_LOOP_110_10 : K_V | {5 6 }
	Port: attention_v2_pruned_Pipeline_VITIS_LOOP_107_8_VITIS_LOOP_108_9_VITIS_LOOP_110_10 : V_V | {5 6 }
  - Chain level:
	State 1
		store_ln0 : 1
		store_ln0 : 1
		store_ln0 : 1
		store_ln0 : 1
		store_ln0 : 1
		store_ln0 : 1
		indvar_flatten10_load : 1
		indvar_flatten26_load : 1
		icmp_ln107 : 2
		add_ln107_1 : 2
		br_ln107 : 3
		icmp_ln108 : 2
		add_ln108_1 : 2
		select_ln108_3 : 3
		store_ln107 : 3
		store_ln108 : 4
	State 2
		icmp_ln110 : 1
		and_ln107 : 2
		or_ln108 : 2
		select_ln108 : 2
		zext_ln1271 : 3
		mul_ln1271 : 4
		add_ln110 : 3
		store_ln110 : 4
	State 3
		br_ln110 : 1
	State 4
		add_ln107 : 1
		select_ln107 : 1
		select_ln107_1 : 2
		zext_ln114 : 3
		add_ln108 : 2
		select_ln108_1 : 3
		add_ln1271 : 4
		store_ln107 : 3
		store_ln108 : 4
	State 5
		add_ln114 : 1
		zext_ln1271_11 : 1
		K_V_addr : 2
		add_ln1273 : 1
		zext_ln1273 : 2
		V_V_addr : 3
		r_V : 3
		V_V_load : 4
	State 6
		sext_ln1347_16 : 1
		sext_ln1347 : 1
		mul_ln1347 : 2
	State 7
	State 8
		select_ln108_2 : 1
		lhs_60 : 2
		ret_V : 3
	State 9
		KV_V_addr : 1
		sum_V : 1
		trunc_ln : 1
		store_ln114 : 2
		store_ln818 : 2


============================================================
+ Verbose Summary: Datapath Resource usage 
============================================================

* Functional unit list:
|----------|-----------------------|---------|---------|---------|
| Operation|    Functional Unit    |   DSP   |    FF   |   LUT   |
|----------|-----------------------|---------|---------|---------|
|          |   add_ln107_1_fu_179  |    0    |    0    |    12   |
|          |   add_ln108_1_fu_191  |    0    |    0    |    14   |
|          |    add_ln110_fu_252   |    0    |    0    |    13   |
|    add   |    add_ln107_fu_274   |    0    |    0    |    13   |
|          |    add_ln108_fu_298   |    0    |    0    |    13   |
|          |    add_ln114_fu_331   |    0    |    0    |    15   |
|          |   add_ln1273_fu_348   |    0    |    0    |    15   |
|----------|-----------------------|---------|---------|---------|
|          | select_ln108_3_fu_197 |    0    |    0    |    9    |
|          |  select_ln108_fu_240  |    0    |    0    |    4    |
|  select  |  select_ln107_fu_280  |    0    |    0    |    5    |
|          | select_ln107_1_fu_287 |    0    |    0    |    4    |
|          | select_ln108_1_fu_304 |    0    |    0    |    5    |
|          | select_ln108_2_fu_370 |    0    |    0    |    24   |
|----------|-----------------------|---------|---------|---------|
|          |   icmp_ln107_fu_173   |    0    |    0    |    11   |
|   icmp   |   icmp_ln108_fu_185   |    0    |    0    |    11   |
|          |   icmp_ln110_fu_223   |    0    |    0    |    9    |
|          |  icmp_ln110_1_fu_263  |    0    |    0    |    9    |
|----------|-----------------------|---------|---------|---------|
|    xor   |    xor_ln107_fu_218   |    0    |    0    |    2    |
|----------|-----------------------|---------|---------|---------|
|    and   |    and_ln107_fu_229   |    0    |    0    |    2    |
|----------|-----------------------|---------|---------|---------|
|    or    |    or_ln108_fu_235    |    0    |    0    |    2    |
|----------|-----------------------|---------|---------|---------|
|  muladd  |       grp_fu_413      |    1    |    0    |    0    |
|          |       grp_fu_422      |    1    |    0    |    0    |
|----------|-----------------------|---------|---------|---------|
|          |   zext_ln1271_fu_248  |    0    |    0    |    0    |
|          |   zext_ln114_fu_294   |    0    |    0    |    0    |
|   zext   |  zext_ln114_1_fu_328  |    0    |    0    |    0    |
|          | zext_ln1271_11_fu_337 |    0    |    0    |    0    |
|          |   zext_ln1273_fu_354  |    0    |    0    |    0    |
|          |  zext_ln114_2_fu_385  |    0    |    0    |    0    |
|----------|-----------------------|---------|---------|---------|
|          |      tmp_s_fu_321     |    0    |    0    |    0    |
|bitconcatenate|     tmp_62_fu_341     |    0    |    0    |    0    |
|          |     lhs_60_fu_377     |    0    |    0    |    0    |
|----------|-----------------------|---------|---------|---------|
|   sext   | sext_ln1347_16_fu_359 |    0    |    0    |    0    |
|          |   sext_ln1347_fu_363  |    0    |    0    |    0    |
|----------|-----------------------|---------|---------|---------|
|partselect|      sum_V_fu_389     |    0    |    0    |    0    |
|          |    trunc_ln_fu_398    |    0    |    0    |    0    |
|----------|-----------------------|---------|---------|---------|
|   Total  |                       |    2    |    0    |   192   |
|----------|-----------------------|---------|---------|---------|

Memories:
N/A

* Register list:
+------------------------+--------+
|                        |   FF   |
+------------------------+--------+
|    K_V_addr_reg_535    |    7   |
|    V_V_addr_reg_540    |    8   |
|    add_ln110_reg_506   |    4   |
|    add_ln114_reg_530   |    8   |
|    and_ln107_reg_486   |    1   |
|       d2_reg_446       |    5   |
|   icmp_ln107_reg_474   |    1   |
|   icmp_ln108_reg_478   |    1   |
|  icmp_ln110_1_reg_511  |    1   |
|indvar_flatten10_reg_453|    9   |
|indvar_flatten26_reg_467|   11   |
|     lhs_60_reg_555     |   30   |
|       lhs_reg_432      |   24   |
|    or_ln108_reg_491    |    1   |
|        r_reg_460       |    4   |
| select_ln107_1_reg_515 |    4   |
| select_ln108_1_reg_525 |    5   |
|  select_ln108_reg_496  |    4   |
| sext_ln1347_16_reg_545 |   30   |
|   sext_ln1347_reg_550  |   30   |
|        t_reg_439       |    4   |
|   zext_ln114_reg_520   |    7   |
|   zext_ln1271_reg_501  |    7   |
+------------------------+--------+
|          Total         |   206  |
+------------------------+--------+

* Multiplexer (MUX) list: 
|-------------------|------|------|------|--------||---------||---------|
|        Comp       |  Pin | Size |  BW  | S x BW ||  Delay  ||   LUT   |
|-------------------|------|------|------|--------||---------||---------|
| grp_access_fu_112 |  p0  |   2  |   7  |   14   ||    9    |
| grp_access_fu_118 |  p0  |   2  |   8  |   16   ||    9    |
|     grp_fu_413    |  p0  |   2  |   4  |    8   ||    9    |
|     grp_fu_413    |  p1  |   2  |   4  |    8   ||    9    |
|     grp_fu_422    |  p0  |   3  |  16  |   48   ||    14   |
|     grp_fu_422    |  p1  |   2  |  16  |   32   ||    9    |
|-------------------|------|------|------|--------||---------||---------|
|       Total       |      |      |      |   126  ||  9.6473 ||    59   |
|-------------------|------|------|------|--------||---------||---------|



* Summary:
+-----------+--------+--------+--------+--------+
|           |   DSP  |  Delay |   FF   |   LUT  |
+-----------+--------+--------+--------+--------+
|  Function |    2   |    -   |    0   |   192  |
|   Memory  |    -   |    -   |    -   |    -   |
|Multiplexer|    -   |    9   |    -   |   59   |
|  Register |    -   |    -   |   206  |    -   |
+-----------+--------+--------+--------+--------+
|   Total   |    2   |    9   |   206  |   251  |
+-----------+--------+--------+--------+--------+
