
****** Vitis HLS - High-Level Synthesis from C, C++ and OpenCL v2022.2 (64-bit)
  **** SW Build 3670227 on Oct 13 2022
  **** IP Build 3669848 on Fri Oct 14 08:30:02 MDT 2022
    ** Copyright 1986-2022 Xilinx, Inc. All Rights Reserved.

source /tools/Xilinx/Vitis_HLS/2022.2/scripts/vitis_hls/hls.tcl -notrace
INFO: [HLS 200-10] Running '/tools/Xilinx/Vitis_HLS/2022.2/bin/unwrapped/lnx64.o/vitis_hls'
INFO: [HLS 200-10] For user 'cym' on host 'cym-HP-OmniBook-7-Laptop-16-az0xxx' (Linux_x86_64 version 6.8.0-124-generic) on Thu Jul 02 17:14:16 CST 2026
INFO: [HLS 200-10] On os Ubuntu 22.04.5 LTS
INFO: [HLS 200-10] In directory '/home/cym/prj2/finn/notebooks/icl_thesis-master/experiments/imgds_linear_sparse/final_paper_experiments/experiment1_sparse_board/hls_projects/q8_s30_attn_sparse'
Sourcing Tcl script 'run_hls.tcl'
INFO: [HLS 200-1510] Running: open_project q8_s30_attn_sparse 
INFO: [HLS 200-10] Creating and opening project '/home/cym/prj2/finn/notebooks/icl_thesis-master/experiments/imgds_linear_sparse/final_paper_experiments/experiment1_sparse_board/hls_projects/q8_s30_attn_sparse/q8_s30_attn_sparse'.
INFO: [HLS 200-1510] Running: set_top imgds_linear_dense_q8 
INFO: [HLS 200-1510] Running: add_files src/imgds_linear_dense_q8.cpp 
INFO: [HLS 200-10] Adding design file 'src/imgds_linear_dense_q8.cpp' to the project
INFO: [HLS 200-1510] Running: add_files src/imgds_linear_dense_q8.h 
INFO: [HLS 200-10] Adding design file 'src/imgds_linear_dense_q8.h' to the project
INFO: [HLS 200-1510] Running: add_files src/hls_params_q8.h 
INFO: [HLS 200-10] Adding design file 'src/hls_params_q8.h' to the project
INFO: [HLS 200-1510] Running: add_files src/active_channels.h 
INFO: [HLS 200-10] Adding design file 'src/active_channels.h' to the project
INFO: [HLS 200-1510] Running: add_files src/testbench.cpp -tb 
INFO: [HLS 200-10] Adding test bench file 'src/testbench.cpp' to the project
INFO: [HLS 200-1510] Running: open_solution solution1 -flow_target vivado 
INFO: [HLS 200-10] Creating and opening solution '/home/cym/prj2/finn/notebooks/icl_thesis-master/experiments/imgds_linear_sparse/final_paper_experiments/experiment1_sparse_board/hls_projects/q8_s30_attn_sparse/q8_s30_attn_sparse/solution1'.
INFO: [HLS 200-1505] Using flow_target 'vivado'
Resolution: For help on HLS 200-1505 see www.xilinx.com/cgi-bin/docs/rdoc?v=2022.2;t=hls+guidance;d=200-1505.html
INFO: [HLS 200-435] Setting 'open_solution -flow_target vivado' configuration: config_interface -m_axi_latency=0
INFO: [HLS 200-1510] Running: set_part xc7z020clg400-1 
INFO: [HLS 200-1611] Setting target device to 'xc7z020-clg400-1'
INFO: [HLS 200-1510] Running: create_clock -period 10 -name default 
INFO: [SYN 201-201] Setting up clock 'default' with a period of 10ns.
INFO: [HLS 200-1510] Running: csim_design 
Running Dispatch Server on port: 39293
INFO: [SIM 211-2] *************** CSIM start ***************
INFO: [SIM 211-4] CSIM will launch GCC as the compiler.
   Compiling ../../../../src/testbench.cpp in debug mode
   Compiling ../../../../src/imgds_linear_dense_q8.cpp in debug mode
   Generating csim.exe
Q8-S0 CSIM Testbench
==================================================

==================================================
Q8-S0  CSIM Results (N=200)
==================================================
  Prediction match rate vs Q8 ref:  0.9700  (194/200)
  HW  label accuracy:               0.9150  (183/200)
  Ref label accuracy:               0.8850  (177/200)
  Mismatch count  (hw!=ref):        6
  Max  abs error vs Q8 ref:         0.39715230
  Mean abs error vs Q8 ref:         0.07557669

  First 6 mismatches:
  sample hw_logits      ref_logits     hw_pr  ref_pr label 
  54     [ 0.3545, 0.4219] [ 0.5162, 0.3330] 1     0     1    
  56     [ 0.4561, 0.5908] [ 0.5544, 0.5217] 1     0     1    
  82     [ 0.6094, 0.6982] [ 0.7610, 0.6254] 1     0     1    
  132    [ 0.0107, 0.3213] [ 0.2368, 0.2006] 1     0     1    
  136    [ 0.4678, 0.6826] [ 0.5887, 0.5829] 1     0     1    
  152    [ 0.5840, 0.7012] [ 0.6547, 0.6470] 1     0     1    

==================================================
  Match rate >= 0.95:  PASS
  Relaxed criteria  :  FAIL
==================================================

CSIM PASSED. HW accuracy=0.9150.
INFO: [SIM 211-1] CSim done with 0 errors.
INFO: [SIM 211-3] *************** CSIM finish ***************
INFO: [HLS 200-111] Finished Command csim_design CPU user time: 9.81 seconds. CPU system time: 0.3 seconds. Elapsed time: 10.09 seconds; current allocated memory: 0.000 MB.
INFO: [HLS 200-1510] Running: csynth_design 
INFO: [HLS 200-111] Finished File checks and directory preparation: CPU user time: 0 seconds. CPU system time: 0 seconds. Elapsed time: 0 seconds; current allocated memory: 308.684 MB.
INFO: [HLS 200-10] Analyzing design file 'src/imgds_linear_dense_q8.cpp' ... 
WARNING: [HLS 207-5555] unexpected pragma argument 'mul', expects function/operation (src/imgds_linear_dense_q8.cpp:73:34)
WARNING: [HLS 207-5555] unexpected pragma argument 'mul', expects function/operation (src/imgds_linear_dense_q8.cpp:177:34)
WARNING: [HLS 207-5555] unexpected pragma argument 'mul', expects function/operation (src/imgds_linear_dense_q8.cpp:221:34)
INFO: [HLS 200-111] Finished Source Code Analysis and Preprocessing: CPU user time: 4.05 seconds. CPU system time: 0.38 seconds. Elapsed time: 4.48 seconds; current allocated memory: 311.852 MB.
INFO: [HLS 200-777] Using interface defaults for 'Vivado' flow target.
INFO: [HLS 214-131] Inlining function 'feature_map(ap_fixed<16, 6, (ap_q_mode)5, (ap_o_mode)3, 0>)' into 'linear_attention_q8_sparse(ap_fixed<16, 6, (ap_q_mode)5, (ap_o_mode)3, 0> (*) [16], ap_fixed<8, 4, (ap_q_mode)5, (ap_o_mode)3, 0> const*, ap_fixed<8, 4, (ap_q_mode)5, (ap_o_mode)3, 0> const*, ap_fixed<8, 4, (ap_q_mode)5, (ap_o_mode)3, 0> const*, ap_fixed<8, 4, (ap_q_mode)5, (ap_o_mode)3, 0> const*, ap_fixed<8, 4, (ap_q_mode)5, (ap_o_mode)3, 0> const*)' (src/imgds_linear_dense_q8.cpp:101:23)
INFO: [HLS 214-131] Inlining function 'feature_map(ap_fixed<16, 6, (ap_q_mode)5, (ap_o_mode)3, 0>)' into 'linear_attention_q8_sparse(ap_fixed<16, 6, (ap_q_mode)5, (ap_o_mode)3, 0> (*) [16], ap_fixed<8, 4, (ap_q_mode)5, (ap_o_mode)3, 0> const*, ap_fixed<8, 4, (ap_q_mode)5, (ap_o_mode)3, 0> const*, ap_fixed<8, 4, (ap_q_mode)5, (ap_o_mode)3, 0> const*, ap_fixed<8, 4, (ap_q_mode)5, (ap_o_mode)3, 0> const*, ap_fixed<8, 4, (ap_q_mode)5, (ap_o_mode)3, 0> const*)' (src/imgds_linear_dense_q8.cpp:100:23)
INFO: [HLS 214-186] Unrolling loop 'VITIS_LOOP_277_8' (src/imgds_linear_dense_q8.cpp:277:23) in function 'imgds_linear_dense_q8' completely with a factor of 2 (src/imgds_linear_dense_q8.cpp:215:0)
INFO: [HLS 214-186] Unrolling loop 'VITIS_LOOP_280_9' (src/imgds_linear_dense_q8.cpp:280:27) in function 'imgds_linear_dense_q8' completely with a factor of 16 (src/imgds_linear_dense_q8.cpp:215:0)
INFO: [HLS 214-178] Inlining function 'feedforward_q8(ap_fixed<16, 6, (ap_q_mode)5, (ap_o_mode)3, 0> (*) [16], ap_fixed<8, 4, (ap_q_mode)5, (ap_o_mode)3, 0> const*, ap_fixed<8, 4, (ap_q_mode)5, (ap_o_mode)3, 0> const*, ap_fixed<8, 4, (ap_q_mode)5, (ap_o_mode)3, 0> const*, ap_fixed<8, 4, (ap_q_mode)5, (ap_o_mode)3, 0> const*)' into 'imgds_linear_dense_q8(ap_fixed<16, 6, (ap_q_mode)5, (ap_o_mode)3, 0> (*) [64], ap_fixed<16, 6, (ap_q_mode)5, (ap_o_mode)3, 0>*)' (src/imgds_linear_dense_q8.cpp:215:0)
INFO: [HLS 214-241] Aggregating maxi variable 'input' with compact=none mode in 16-bits (src/imgds_linear_dense_q8.cpp:215:0)
INFO: [HLS 214-115] Multiple burst reads of length 64 and bit width 16 in loop 'VITIS_LOOP_228_3'(src/imgds_linear_dense_q8.cpp:228:31) has been inferred on bundle 'gmem0'. These burst requests might be further partitioned into multiple requests during RTL generation, based on max_read_burst_length or max_write_burst_length settings. (src/imgds_linear_dense_q8.cpp:228:31)
INFO: [HLS 214-115] Multiple burst writes of length 2 and bit width 16 has been inferred on bundle 'gmem1'. These burst requests might be further partitioned into multiple requests during RTL generation, based on max_read_burst_length or max_write_burst_length settings. (src/imgds_linear_dense_q8.cpp:277:32)
INFO: [HLS 200-111] Finished Compiling Optimization and Transform: CPU user time: 3.61 seconds. CPU system time: 0.36 seconds. Elapsed time: 4.08 seconds; current allocated memory: 312.004 MB.
INFO: [HLS 200-111] Finished Checking Pragmas: CPU user time: 0 seconds. CPU system time: 0 seconds. Elapsed time: 0 seconds; current allocated memory: 312.004 MB.
INFO: [HLS 200-10] Starting code transformations ...
INFO: [HLS 200-111] Finished Standard Transforms: CPU user time: 0.1 seconds. CPU system time: 0.02 seconds. Elapsed time: 0.11 seconds; current allocated memory: 335.844 MB.
INFO: [HLS 200-10] Checking synthesizability ...
WARNING: [SYNCHK 200-23] /tools/Xilinx/Vitis_HLS/2022.2/common/technology/autopilot/ap_fixed_base.h:1102: variable-indexed range selection may cause suboptimal QoR.
WARNING: [SYNCHK 200-120] /tools/Xilinx/Vitis_HLS/2022.2/common/technology/autopilot/ap_fixed_base.h:1273: multiplication is assumed not to overflow by default, otherwise, please add option '-fwrapv'.
INFO: [SYNCHK 200-10] 0 error(s), 2 warning(s).
INFO: [HLS 200-111] Finished Checking Synthesizability: CPU user time: 0.2 seconds. CPU system time: 0.01 seconds. Elapsed time: 0.36 seconds; current allocated memory: 365.879 MB.
INFO: [XFORM 203-510] Pipelining loop 'VITIS_LOOP_39_1' (src/imgds_linear_dense_q8.cpp:38) in function 'layer_norm_q8' automatically.
INFO: [XFORM 203-510] Pipelining loop 'VITIS_LOOP_44_2' (src/imgds_linear_dense_q8.cpp:43) in function 'layer_norm_q8' automatically.
INFO: [XFORM 203-510] Pipelining loop 'VITIS_LOOP_54_3' (src/imgds_linear_dense_q8.cpp:54) in function 'layer_norm_q8' automatically.
INFO: [XFORM 203-510] Pipelining loop 'VITIS_LOOP_248_4' (src/imgds_linear_dense_q8.cpp:248) in function 'imgds_linear_dense_q8' automatically.
INFO: [XFORM 203-510] Pipelining loop 'VITIS_LOOP_204_6' (src/imgds_linear_dense_q8.cpp:204) in function 'imgds_linear_dense_q8' automatically.
INFO: [XFORM 203-510] Pipelining loop 'VITIS_LOOP_261_5' (src/imgds_linear_dense_q8.cpp:261) in function 'imgds_linear_dense_q8' automatically.
INFO: [XFORM 203-502] Unrolling all loops for pipelining in function 'layer_norm_q8.1' (src/imgds_linear_dense_q8.cpp:38:22).
INFO: [HLS 200-489] Unrolling loop 'VITIS_LOOP_39_1' (src/imgds_linear_dense_q8.cpp:38) in function 'layer_norm_q8.1' completely with a factor of 16.
INFO: [HLS 200-489] Unrolling loop 'VITIS_LOOP_44_2' (src/imgds_linear_dense_q8.cpp:43) in function 'layer_norm_q8.1' completely with a factor of 16.
INFO: [HLS 200-489] Unrolling loop 'VITIS_LOOP_54_3' (src/imgds_linear_dense_q8.cpp:54) in function 'layer_norm_q8.1' completely with a factor of 16.
INFO: [XFORM 203-102] Partitioning array 'layers_0_norm2_weight.V' automatically.
INFO: [XFORM 203-102] Partitioning array 'layers_0_norm2_bias.V' automatically.
INFO: [XFORM 203-102] Partitioning array 'layers_0_norm1_weight.V' automatically.
INFO: [XFORM 203-102] Partitioning array 'layers_0_norm1_bias.V' automatically.
INFO: [XFORM 203-401] Performing if-conversion on hyperblock to (src/imgds_linear_dense_q8.cpp:91:26) in function 'linear_attention_q8_sparse'... converting 31 basic blocks.
INFO: [XFORM 203-401] Performing if-conversion on hyperblock to (src/imgds_linear_dense_q8.cpp:145:28) in function 'linear_attention_q8_sparse'... converting 16 basic blocks.
INFO: [XFORM 203-401] Performing if-conversion on hyperblock to (src/imgds_linear_dense_q8.cpp:58:1) in function 'layer_norm_q8.1'... converting 16 basic blocks.
INFO: [XFORM 203-401] Performing if-conversion on hyperblock to (src/imgds_linear_dense_q8.cpp:54:22) in function 'layer_norm_q8'... converting 16 basic blocks.
INFO: [XFORM 203-11] Balancing expressions in function 'layer_norm_q8.1' (src/imgds_linear_dense_q8.cpp:51:1)...29 expression(s) balanced.
INFO: [XFORM 203-11] Balancing expressions in function 'imgds_linear_dense_q8' (src/imgds_linear_dense_q8.cpp:179:31)...19 expression(s) balanced.
INFO: [HLS 200-111] Finished Loop, function and other optimizations: CPU user time: 0.48 seconds. CPU system time: 0.03 seconds. Elapsed time: 0.64 seconds; current allocated memory: 422.188 MB.
WARNING: [HLS 200-960] Cannot flatten loop 'VITIS_LOOP_82_2' (src/imgds_linear_dense_q8.cpp:82:35) in function 'linear_attention_q8_sparse' the outer loop is not a perfect loop because there is nontrivial logic in the loop latch.
Resolution: For help on HLS 200-960 see www.xilinx.com/cgi-bin/docs/rdoc?v=2022.2;t=hls+guidance;d=200-960.html
WARNING: [HLS 200-960] Cannot flatten loop 'VITIS_LOOP_91_4' (src/imgds_linear_dense_q8.cpp:91:35) in function 'linear_attention_q8_sparse' the outer loop is not a perfect loop because there is nontrivial logic in the loop latch.
Resolution: For help on HLS 200-960 see www.xilinx.com/cgi-bin/docs/rdoc?v=2022.2;t=hls+guidance;d=200-960.html
WARNING: [HLS 200-960] Cannot flatten loop 'VITIS_LOOP_80_1' (src/imgds_linear_dense_q8.cpp:80:31) in function 'linear_attention_q8_sparse' more than one sub loop.
Resolution: For help on HLS 200-960 see www.xilinx.com/cgi-bin/docs/rdoc?v=2022.2;t=hls+guidance;d=200-960.html
INFO: [XFORM 203-541] Flattening a loop nest 'VITIS_LOOP_109_7' (src/imgds_linear_dense_q8.cpp:109:36) in function 'linear_attention_q8_sparse'.
INFO: [XFORM 203-541] Flattening a loop nest 'VITIS_LOOP_107_6' (src/imgds_linear_dense_q8.cpp:107:32) in function 'linear_attention_q8_sparse'.
WARNING: [HLS 200-960] Cannot flatten loop 'VITIS_LOOP_121_9' (src/imgds_linear_dense_q8.cpp:121:32) in function 'linear_attention_q8_sparse' the outer loop is not a perfect loop because there is nontrivial logic in the loop latch.
Resolution: For help on HLS 200-960 see www.xilinx.com/cgi-bin/docs/rdoc?v=2022.2;t=hls+guidance;d=200-960.html
INFO: [XFORM 203-541] Flattening a loop nest 'VITIS_LOOP_145_13' (src/imgds_linear_dense_q8.cpp:145:37) in function 'linear_attention_q8_sparse'.
WARNING: [HLS 200-960] Cannot flatten loop 'VITIS_LOOP_156_15' (src/imgds_linear_dense_q8.cpp:156:37) in function 'linear_attention_q8_sparse' the outer loop is not a perfect loop because there is nontrivial logic in the loop latch.
Resolution: For help on HLS 200-960 see www.xilinx.com/cgi-bin/docs/rdoc?v=2022.2;t=hls+guidance;d=200-960.html
WARNING: [HLS 200-960] Cannot flatten loop 'VITIS_LOOP_132_11' (src/imgds_linear_dense_q8.cpp:134:15) in function 'linear_attention_q8_sparse' more than one sub loop.
Resolution: For help on HLS 200-960 see www.xilinx.com/cgi-bin/docs/rdoc?v=2022.2;t=hls+guidance;d=200-960.html
WARNING: [HLS 200-960] Cannot flatten loop 'VITIS_LOOP_226_2' (src/imgds_linear_dense_q8.cpp:226:36) in function 'imgds_linear_dense_q8' the outer loop is not a perfect loop because there is nontrivial logic in the loop latch.
Resolution: For help on HLS 200-960 see www.xilinx.com/cgi-bin/docs/rdoc?v=2022.2;t=hls+guidance;d=200-960.html
INFO: [XFORM 203-541] Flattening a loop nest 'VITIS_LOOP_225_1' (src/imgds_linear_dense_q8.cpp:225:32) in function 'imgds_linear_dense_q8'.
WARNING: [HLS 200-960] Cannot flatten loop 'VITIS_LOOP_182_2' (src/imgds_linear_dense_q8.cpp:182:36) in function 'imgds_linear_dense_q8' the outer loop is not a perfect loop because there is nontrivial logic in the loop latch.
Resolution: For help on HLS 200-960 see www.xilinx.com/cgi-bin/docs/rdoc?v=2022.2;t=hls+guidance;d=200-960.html
WARNING: [HLS 200-960] Cannot flatten loop 'VITIS_LOOP_194_4' (src/imgds_linear_dense_q8.cpp:194:36) in function 'imgds_linear_dense_q8' the outer loop is not a perfect loop because there is nontrivial logic in the loop latch.
Resolution: For help on HLS 200-960 see www.xilinx.com/cgi-bin/docs/rdoc?v=2022.2;t=hls+guidance;d=200-960.html
WARNING: [HLS 200-960] Cannot flatten loop 'VITIS_LOOP_179_1' (src/imgds_linear_dense_q8.cpp:179:29) in function 'imgds_linear_dense_q8' more than one sub loop.
Resolution: For help on HLS 200-960 see www.xilinx.com/cgi-bin/docs/rdoc?v=2022.2;t=hls+guidance;d=200-960.html
INFO: [XFORM 203-541] Flattening a loop nest 'VITIS_LOOP_266_6' (src/imgds_linear_dense_q8.cpp:266:32) in function 'imgds_linear_dense_q8'.
INFO: [HLS 200-472] Inferring partial write operation for 'V.V' (src/imgds_linear_dense_q8.cpp:88:21)
INFO: [HLS 200-472] Inferring partial write operation for 'Q.V' (src/imgds_linear_dense_q8.cpp:100:21)
INFO: [HLS 200-472] Inferring partial write operation for 'K.V' (src/imgds_linear_dense_q8.cpp:101:21)
INFO: [HLS 200-472] Inferring partial write operation for 'KV.V' (src/imgds_linear_dense_q8.cpp:115:24)
INFO: [HLS 200-472] Inferring partial write operation for 'K_sum.V' (src/imgds_linear_dense_q8.cpp:128:18)
INFO: [HLS 200-472] Inferring partial write operation for 'attended.V' (src/imgds_linear_dense_q8.cpp:152:26)
INFO: [HLS 200-472] Inferring partial write operation for 'x' (src/imgds_linear_dense_q8.cpp:162:23)
INFO: [HLS 200-472] Inferring partial write operation for 'x' (src/imgds_linear_dense_q8.cpp:56:14)
INFO: [HLS 200-472] Inferring partial write operation for 'x.V' (src/imgds_linear_dense_q8.cpp:232:21)
INFO: [HLS 200-472] Inferring partial write operation for 'hidden.V' 
INFO: [HLS 200-472] Inferring partial write operation for 'ff_out.V' (src/imgds_linear_dense_q8.cpp:200:23)
INFO: [HLS 200-472] Inferring partial write operation for 'x.V' (src/imgds_linear_dense_q8.cpp:205:23)
INFO: [HLS 200-472] Inferring partial write operation for 'pooled.V' (src/imgds_linear_dense_q8.cpp:272:19)
INFO: [HLS 200-111] Finished Architecture Synthesis: CPU user time: 0.57 seconds. CPU system time: 0.05 seconds. Elapsed time: 0.65 seconds; current allocated memory: 621.242 MB.
INFO: [HLS 200-10] Starting hardware synthesis ...
INFO: [HLS 200-10] Synthesizing 'imgds_linear_dense_q8' ...
WARNING: [SYN 201-103] Legalizing function name 'layer_norm_q8.1' to 'layer_norm_q8_1'.
INFO: [HLS 200-10] ----------------------------------------------------------------
INFO: [HLS 200-42] -- Implementing module 'imgds_linear_dense_q8_Pipeline_VITIS_LOOP_228_3' 
INFO: [HLS 200-10] ----------------------------------------------------------------
INFO: [SCHED 204-11] Starting scheduling ...
INFO: [HLS 200-486] Changing DSP latency (root=r_V_6) to 3 in order to utilize available DSP registers.
INFO: [SCHED 204-61] Pipelining loop 'VITIS_LOOP_228_3'.
INFO: [HLS 200-1470] Pipelining result : Target II = 1, Final II = 1, Depth = 6, loop 'VITIS_LOOP_228_3'
INFO: [SCHED 204-11] Finished scheduling.
INFO: [HLS 200-111] Finished Scheduling: CPU user time: 0.07 seconds. CPU system time: 0.01 seconds. Elapsed time: 0.1 seconds; current allocated memory: 623.078 MB.
INFO: [BIND 205-100] Starting micro-architecture generation ...
INFO: [BIND 205-101] Performing variable lifetime analysis.
INFO: [BIND 205-101] Exploring resource sharing.
INFO: [BIND 205-101] Binding ...
INFO: [BIND 205-100] Finished micro-architecture generation.
INFO: [HLS 200-111] Finished Binding: CPU user time: 0.03 seconds. CPU system time: 0.01 seconds. Elapsed time: 0.02 seconds; current allocated memory: 623.078 MB.
INFO: [HLS 200-10] ----------------------------------------------------------------
INFO: [HLS 200-42] -- Implementing module 'linear_attention_q8_sparse_Pipeline_VITIS_LOOP_84_3' 
INFO: [HLS 200-10] ----------------------------------------------------------------
INFO: [SCHED 204-11] Starting scheduling ...
INFO: [HLS 200-486] Changing DSP latency (root=r_V_2) to 3 in order to utilize available DSP registers.
INFO: [SCHED 204-61] Pipelining loop 'VITIS_LOOP_84_3'.
INFO: [HLS 200-1470] Pipelining result : Target II = 1, Final II = 1, Depth = 5, loop 'VITIS_LOOP_84_3'
INFO: [SCHED 204-11] Finished scheduling.
INFO: [HLS 200-111] Finished Scheduling: CPU user time: 0.03 seconds. CPU system time: 0 seconds. Elapsed time: 0.03 seconds; current allocated memory: 623.480 MB.
INFO: [BIND 205-100] Starting micro-architecture generation ...
INFO: [BIND 205-101] Performing variable lifetime analysis.
INFO: [BIND 205-101] Exploring resource sharing.
INFO: [BIND 205-101] Binding ...
INFO: [BIND 205-100] Finished micro-architecture generation.
INFO: [HLS 200-111] Finished Binding: CPU user time: 0.02 seconds. CPU system time: 0 seconds. Elapsed time: 0.02 seconds; current allocated memory: 623.480 MB.
INFO: [HLS 200-10] ----------------------------------------------------------------
INFO: [HLS 200-42] -- Implementing module 'linear_attention_q8_sparse_Pipeline_VITIS_LOOP_94_5' 
INFO: [HLS 200-10] ----------------------------------------------------------------
INFO: [SCHED 204-11] Starting scheduling ...
INFO: [HLS 200-486] Changing DSP latency (root=r_V_1) to 3 in order to utilize available DSP registers.
INFO: [HLS 200-486] Changing DSP latency (root=r_V) to 3 in order to utilize available DSP registers.
INFO: [SCHED 204-61] Pipelining loop 'VITIS_LOOP_94_5'.
INFO: [HLS 200-1470] Pipelining result : Target II = 1, Final II = 1, Depth = 5, loop 'VITIS_LOOP_94_5'
INFO: [SCHED 204-11] Finished scheduling.
INFO: [HLS 200-111] Finished Scheduling: CPU user time: 0.03 seconds. CPU system time: 0 seconds. Elapsed time: 0.04 seconds; current allocated memory: 623.926 MB.
INFO: [BIND 205-100] Starting micro-architecture generation ...
INFO: [BIND 205-101] Performing variable lifetime analysis.
INFO: [BIND 205-101] Exploring resource sharing.
INFO: [BIND 205-101] Binding ...
INFO: [BIND 205-100] Finished micro-architecture generation.
INFO: [HLS 200-111] Finished Binding: CPU user time: 0.02 seconds. CPU system time: 0 seconds. Elapsed time: 0.02 seconds; current allocated memory: 623.926 MB.
INFO: [HLS 200-10] ----------------------------------------------------------------
INFO: [HLS 200-42] -- Implementing module 'linear_attention_q8_sparse_Pipeline_VITIS_LOOP_107_6_VITIS_LOOP_109_7_VITIS_LOOP' 
INFO: [HLS 200-10] ----------------------------------------------------------------
INFO: [SCHED 204-11] Starting scheduling ...
INFO: [HLS 200-486] Changing DSP latency (root=mul_ln1347) to 3 in order to utilize available DSP registers.
INFO: [SCHED 204-61] Pipelining loop 'VITIS_LOOP_107_6_VITIS_LOOP_109_7_VITIS_LOOP_111_8'.
INFO: [HLS 200-1470] Pipelining result : Target II = 1, Final II = 1, Depth = 7, loop 'VITIS_LOOP_107_6_VITIS_LOOP_109_7_VITIS_LOOP_111_8'
WARNING: [HLS 200-871] Estimated clock period (7.90325ns) exceeds the target (target clock period: 10ns, clock uncertainty: 2.7ns, effective delay budget: 7.3ns).
Resolution: For help on HLS 200-871 see www.xilinx.com/cgi-bin/docs/rdoc?v=2022.2;t=hls+guidance;d=200-871.html
WARNING: [HLS 200-1016] The critical path in module 'linear_attention_q8_sparse_Pipeline_VITIS_LOOP_107_6_VITIS_LOOP_109_7_VITIS_LOOP' consists of the following:	'load' operation ('pos_load', src/imgds_linear_dense_q8.cpp:111) on local variable 'pos' [26]  (0 ns)
	'icmp' operation ('icmp_ln111', src/imgds_linear_dense_q8.cpp:111) [40]  (1.36 ns)
	'and' operation ('and_ln107', src/imgds_linear_dense_q8.cpp:107) [41]  (0.978 ns)
	'or' operation ('or_ln109', src/imgds_linear_dense_q8.cpp:109) [44]  (0.978 ns)
	'select' operation ('select_ln109', src/imgds_linear_dense_q8.cpp:109) [45]  (1.22 ns)
	'add' operation ('add_ln111', src/imgds_linear_dense_q8.cpp:111) [70]  (1.78 ns)
	'store' operation ('pos_write_ln111', src/imgds_linear_dense_q8.cpp:111) of variable 'add_ln111', src/imgds_linear_dense_q8.cpp:111 on local variable 'pos' [84]  (1.59 ns)

Resolution: For help on HLS 200-1016 see www.xilinx.com/cgi-bin/docs/rdoc?v=2022.2;t=hls+guidance;d=200-1016.html
INFO: [SCHED 204-11] Finished scheduling.
INFO: [HLS 200-111] Finished Scheduling: CPU user time: 0.05 seconds. CPU system time: 0 seconds. Elapsed time: 0.05 seconds; current allocated memory: 624.629 MB.
INFO: [BIND 205-100] Starting micro-architecture generation ...
INFO: [BIND 205-101] Performing variable lifetime analysis.
INFO: [BIND 205-101] Exploring resource sharing.
INFO: [BIND 205-101] Binding ...
INFO: [BIND 205-100] Finished micro-architecture generation.
INFO: [HLS 200-111] Finished Binding: CPU user time: 0.04 seconds. CPU system time: 0 seconds. Elapsed time: 0.04 seconds; current allocated memory: 624.629 MB.
INFO: [HLS 200-10] ----------------------------------------------------------------
INFO: [HLS 200-42] -- Implementing module 'linear_attention_q8_sparse_Pipeline_VITIS_LOOP_124_10' 
INFO: [HLS 200-10] ----------------------------------------------------------------
INFO: [SCHED 204-11] Starting scheduling ...
INFO: [SCHED 204-61] Pipelining loop 'VITIS_LOOP_124_10'.
INFO: [HLS 200-1470] Pipelining result : Target II = 1, Final II = 1, Depth = 2, loop 'VITIS_LOOP_124_10'
INFO: [SCHED 204-11] Finished scheduling.
INFO: [HLS 200-111] Finished Scheduling: CPU user time: 0.06 seconds. CPU system time: 0 seconds. Elapsed time: 0.06 seconds; current allocated memory: 624.949 MB.
INFO: [BIND 205-100] Starting micro-architecture generation ...
INFO: [BIND 205-101] Performing variable lifetime analysis.
INFO: [BIND 205-101] Exploring resource sharing.
INFO: [BIND 205-101] Binding ...
INFO: [BIND 205-100] Finished micro-architecture generation.
INFO: [HLS 200-111] Finished Binding: CPU user time: 0.01 seconds. CPU system time: 0 seconds. Elapsed time: 0.01 seconds; current allocated memory: 624.949 MB.
INFO: [HLS 200-10] ----------------------------------------------------------------
INFO: [HLS 200-42] -- Implementing module 'linear_attention_q8_sparse_Pipeline_VITIS_LOOP_135_12' 
INFO: [HLS 200-10] ----------------------------------------------------------------
INFO: [SCHED 204-11] Starting scheduling ...
INFO: [HLS 200-486] Changing DSP latency (root=mul_ln1347) to 3 in order to utilize available DSP registers.
INFO: [SCHED 204-61] Pipelining loop 'VITIS_LOOP_135_12'.
INFO: [HLS 200-1470] Pipelining result : Target II = 1, Final II = 1, Depth = 6, loop 'VITIS_LOOP_135_12'
INFO: [SCHED 204-11] Finished scheduling.
INFO: [HLS 200-111] Finished Scheduling: CPU user time: 0.02 seconds. CPU system time: 0 seconds. Elapsed time: 0.03 seconds; current allocated memory: 625.328 MB.
INFO: [BIND 205-100] Starting micro-architecture generation ...
INFO: [BIND 205-101] Performing variable lifetime analysis.
INFO: [BIND 205-101] Exploring resource sharing.
INFO: [BIND 205-101] Binding ...
INFO: [BIND 205-100] Finished micro-architecture generation.
INFO: [HLS 200-111] Finished Binding: CPU user time: 0.02 seconds. CPU system time: 0 seconds. Elapsed time: 0.02 seconds; current allocated memory: 625.328 MB.
INFO: [HLS 200-10] ----------------------------------------------------------------
INFO: [HLS 200-42] -- Implementing module 'linear_attention_q8_sparse_Pipeline_VITIS_LOOP_145_13_VITIS_LOOP_147_14' 
INFO: [HLS 200-10] ----------------------------------------------------------------
INFO: [SCHED 204-11] Starting scheduling ...
INFO: [HLS 200-486] Changing DSP latency (root=mul_ln1347) to 3 in order to utilize available DSP registers.
INFO: [HLS 200-486] Changing DSP latency (root=mul_ln1270) to 3 in order to utilize available DSP registers.
INFO: [SCHED 204-61] Pipelining loop 'VITIS_LOOP_145_13_VITIS_LOOP_147_14'.
INFO: [HLS 200-1470] Pipelining result : Target II = 1, Final II = 1, Depth = 10, loop 'VITIS_LOOP_145_13_VITIS_LOOP_147_14'
INFO: [SCHED 204-11] Finished scheduling.
INFO: [HLS 200-111] Finished Scheduling: CPU user time: 0.04 seconds. CPU system time: 0.01 seconds. Elapsed time: 0.05 seconds; current allocated memory: 625.762 MB.
INFO: [BIND 205-100] Starting micro-architecture generation ...
INFO: [BIND 205-101] Performing variable lifetime analysis.
INFO: [BIND 205-101] Exploring resource sharing.
INFO: [BIND 205-101] Binding ...
INFO: [BIND 205-100] Finished micro-architecture generation.
INFO: [HLS 200-111] Finished Binding: CPU user time: 0.04 seconds. CPU system time: 0 seconds. Elapsed time: 0.03 seconds; current allocated memory: 625.762 MB.
INFO: [HLS 200-10] ----------------------------------------------------------------
INFO: [HLS 200-42] -- Implementing module 'linear_attention_q8_sparse_Pipeline_VITIS_LOOP_158_16' 
INFO: [HLS 200-10] ----------------------------------------------------------------
INFO: [SCHED 204-11] Starting scheduling ...
INFO: [HLS 200-486] Changing DSP latency (root=r_V_3) to 3 in order to utilize available DSP registers.
INFO: [SCHED 204-61] Pipelining loop 'VITIS_LOOP_158_16'.
INFO: [HLS 200-1470] Pipelining result : Target II = 1, Final II = 1, Depth = 5, loop 'VITIS_LOOP_158_16'
INFO: [SCHED 204-11] Finished scheduling.
INFO: [HLS 200-111] Finished Scheduling: CPU user time: 0.04 seconds. CPU system time: 0 seconds. Elapsed time: 0.05 seconds; current allocated memory: 626.320 MB.
INFO: [BIND 205-100] Starting micro-architecture generation ...
INFO: [BIND 205-101] Performing variable lifetime analysis.
INFO: [BIND 205-101] Exploring resource sharing.
INFO: [BIND 205-101] Binding ...
INFO: [BIND 205-100] Finished micro-architecture generation.
INFO: [HLS 200-111] Finished Binding: CPU user time: 0.02 seconds. CPU system time: 0 seconds. Elapsed time: 0.02 seconds; current allocated memory: 626.320 MB.
INFO: [HLS 200-10] ----------------------------------------------------------------
INFO: [HLS 200-42] -- Implementing module 'linear_attention_q8_sparse' 
INFO: [HLS 200-10] ----------------------------------------------------------------
INFO: [SCHED 204-11] Starting scheduling ...
INFO: [SCHED 204-11] Finished scheduling.
INFO: [HLS 200-111] Finished Scheduling: CPU user time: 0.2 seconds. CPU system time: 0 seconds. Elapsed time: 0.2 seconds; current allocated memory: 629.754 MB.
INFO: [BIND 205-100] Starting micro-architecture generation ...
INFO: [BIND 205-101] Performing variable lifetime analysis.
INFO: [BIND 205-101] Exploring resource sharing.
INFO: [BIND 205-101] Binding ...
INFO: [BIND 205-100] Finished micro-architecture generation.
INFO: [HLS 200-111] Finished Binding: CPU user time: 0.34 seconds. CPU system time: 0 seconds. Elapsed time: 0.41 seconds; current allocated memory: 629.754 MB.
INFO: [HLS 200-10] ----------------------------------------------------------------
INFO: [HLS 200-42] -- Implementing module 'layer_norm_q8_1' 
INFO: [HLS 200-10] ----------------------------------------------------------------
INFO: [SCHED 204-11] Starting scheduling ...
INFO: [HLS 200-486] Changing DSP latency (root=mul_ln837_7) to 3 in order to utilize available DSP registers.
INFO: [HLS 200-486] Changing DSP latency (root=sub_ln1348_15) to 3 in order to utilize available DSP registers.
INFO: [HLS 200-486] Changing DSP latency (root=mul_ln837_6) to 3 in order to utilize available DSP registers.
INFO: [HLS 200-486] Changing DSP latency (root=sub_ln1348_14) to 3 in order to utilize available DSP registers.
INFO: [HLS 200-486] Changing DSP latency (root=mul_ln818_18) to 3 in order to utilize available DSP registers.
INFO: [HLS 200-486] Changing DSP latency (root=sub_ln1348_13) to 3 in order to utilize available DSP registers.
INFO: [HLS 200-486] Changing DSP latency (root=mul_ln818_16) to 3 in order to utilize available DSP registers.
INFO: [HLS 200-486] Changing DSP latency (root=sub_ln1348_12) to 3 in order to utilize available DSP registers.
INFO: [HLS 200-486] Changing DSP latency (root=mul_ln818_14) to 3 in order to utilize available DSP registers.
INFO: [HLS 200-486] Changing DSP latency (root=sub_ln1348_11) to 3 in order to utilize available DSP registers.
INFO: [HLS 200-486] Changing DSP latency (root=mul_ln837_5) to 3 in order to utilize available DSP registers.
INFO: [HLS 200-486] Changing DSP latency (root=sub_ln1348_10) to 3 in order to utilize available DSP registers.
INFO: [HLS 200-486] Changing DSP latency (root=mul_ln837_4) to 3 in order to utilize available DSP registers.
INFO: [HLS 200-486] Changing DSP latency (root=sub_ln1348_9) to 3 in order to utilize available DSP registers.
INFO: [HLS 200-486] Changing DSP latency (root=mul_ln837_3) to 3 in order to utilize available DSP registers.
INFO: [HLS 200-486] Changing DSP latency (root=sub_ln1348_8) to 3 in order to utilize available DSP registers.
INFO: [HLS 200-486] Changing DSP latency (root=mul_ln837_2) to 3 in order to utilize available DSP registers.
INFO: [HLS 200-486] Changing DSP latency (root=sub_ln1348_7) to 3 in order to utilize available DSP registers.
INFO: [HLS 200-486] Changing DSP latency (root=sub_ln1348_6) to 3 in order to utilize available DSP registers.
INFO: [HLS 200-486] Changing DSP latency (root=mul_ln818_7) to 3 in order to utilize available DSP registers.
INFO: [HLS 200-486] Changing DSP latency (root=sub_ln1348_5) to 3 in order to utilize available DSP registers.
INFO: [HLS 200-486] Changing DSP latency (root=sub_ln1348_4) to 3 in order to utilize available DSP registers.
INFO: [HLS 200-486] Changing DSP latency (root=mul_ln837_1) to 3 in order to utilize available DSP registers.
INFO: [HLS 200-486] Changing DSP latency (root=sub_ln1348_3) to 3 in order to utilize available DSP registers.
INFO: [HLS 200-486] Changing DSP latency (root=mul_ln837) to 3 in order to utilize available DSP registers.
INFO: [HLS 200-486] Changing DSP latency (root=sub_ln1348_2) to 3 in order to utilize available DSP registers.
INFO: [HLS 200-486] Changing DSP latency (root=mul_ln1347_15) to 3 in order to utilize available DSP registers.
INFO: [HLS 200-486] Changing DSP latency (root=sub_ln1348_1) to 3 in order to utilize available DSP registers.
INFO: [HLS 200-486] Changing DSP latency (root=sub_ln1348) to 3 in order to utilize available DSP registers.
INFO: [HLS 200-486] Changing DSP latency (root=mul_ln1347_14) to 3 in order to utilize available DSP registers.
INFO: [HLS 200-486] Changing DSP latency (root=mul_ln1347_13) to 3 in order to utilize available DSP registers.
INFO: [HLS 200-486] Changing DSP latency (root=mul_ln1347_12) to 3 in order to utilize available DSP registers.
INFO: [HLS 200-486] Changing DSP latency (root=mul_ln1347_11) to 3 in order to utilize available DSP registers.
INFO: [HLS 200-486] Changing DSP latency (root=mul_ln1347_10) to 3 in order to utilize available DSP registers.
INFO: [HLS 200-486] Changing DSP latency (root=mul_ln1347_9) to 3 in order to utilize available DSP registers.
INFO: [HLS 200-486] Changing DSP latency (root=mul_ln1347_8) to 3 in order to utilize available DSP registers.
INFO: [HLS 200-486] Changing DSP latency (root=mul_ln1347_7) to 3 in order to utilize available DSP registers.
INFO: [HLS 200-486] Changing DSP latency (root=mul_ln1347_6) to 3 in order to utilize available DSP registers.
INFO: [HLS 200-486] Changing DSP latency (root=mul_ln1347_5) to 3 in order to utilize available DSP registers.
INFO: [HLS 200-486] Changing DSP latency (root=mul_ln1347_4) to 3 in order to utilize available DSP registers.
INFO: [HLS 200-486] Changing DSP latency (root=mul_ln1347_3) to 3 in order to utilize available DSP registers.
INFO: [HLS 200-486] Changing DSP latency (root=mul_ln1347_2) to 3 in order to utilize available DSP registers.
INFO: [HLS 200-486] Changing DSP latency (root=mul_ln1347_1) to 3 in order to utilize available DSP registers.
INFO: [HLS 200-486] Changing DSP latency (root=mul_ln1347) to 3 in order to utilize available DSP registers.
INFO: [HLS 200-486] Changing DSP latency (root=mul_ln818) to 3 in order to utilize available DSP registers.
INFO: [SCHED 204-61] Pipelining function 'layer_norm_q8.1'.
WARNING: [HLS 200-880] The II Violation in module 'layer_norm_q8_1' (function 'layer_norm_q8.1'): Unable to enforce a carried dependence constraint (II = 1, distance = 1, offset = 1) between 'store' operation ('x_addr_write_ln56', src/imgds_linear_dense_q8.cpp:56) of variable 'trunc_ln818_4' on array 'x' and 'load' operation ('x_load') on array 'x'.
Resolution: For help on HLS 200-880 see www.xilinx.com/cgi-bin/docs/rdoc?v=2022.2;t=hls+guidance;d=200-880.html
WARNING: [HLS 200-880] The II Violation in module 'layer_norm_q8_1' (function 'layer_norm_q8.1'): Unable to enforce a carried dependence constraint (II = 2, distance = 1, offset = 1) between 'store' operation ('x_addr_write_ln56', src/imgds_linear_dense_q8.cpp:56) of variable 'trunc_ln818_4' on array 'x' and 'load' operation ('x_load') on array 'x'.
Resolution: For help on HLS 200-880 see www.xilinx.com/cgi-bin/docs/rdoc?v=2022.2;t=hls+guidance;d=200-880.html
WARNING: [HLS 200-880] The II Violation in module 'layer_norm_q8_1' (function 'layer_norm_q8.1'): Unable to enforce a carried dependence constraint (II = 3, distance = 1, offset = 1) between 'store' operation ('x_addr_write_ln56', src/imgds_linear_dense_q8.cpp:56) of variable 'trunc_ln818_4' on array 'x' and 'load' operation ('x_load') on array 'x'.
Resolution: For help on HLS 200-880 see www.xilinx.com/cgi-bin/docs/rdoc?v=2022.2;t=hls+guidance;d=200-880.html
WARNING: [HLS 200-880] The II Violation in module 'layer_norm_q8_1' (function 'layer_norm_q8.1'): Unable to enforce a carried dependence constraint (II = 4, distance = 1, offset = 1) between 'store' operation ('x_addr_write_ln56', src/imgds_linear_dense_q8.cpp:56) of variable 'trunc_ln818_4' on array 'x' and 'load' operation ('x_load') on array 'x'.
Resolution: For help on HLS 200-880 see www.xilinx.com/cgi-bin/docs/rdoc?v=2022.2;t=hls+guidance;d=200-880.html
WARNING: [HLS 200-880] The II Violation in module 'layer_norm_q8_1' (function 'layer_norm_q8.1'): Unable to enforce a carried dependence constraint (II = 67, distance = 1, offset = 1) between 'store' operation ('x_addr_write_ln56', src/imgds_linear_dense_q8.cpp:56) of variable 'trunc_ln818_4' on array 'x' and 'load' operation ('x_load') on array 'x'.
Resolution: For help on HLS 200-880 see www.xilinx.com/cgi-bin/docs/rdoc?v=2022.2;t=hls+guidance;d=200-880.html
WARNING: [HLS 200-885] The II Violation in module 'layer_norm_q8_1' (function 'layer_norm_q8.1'): Unable to schedule 'load' operation ('x_load_13') on array 'x' due to limited memory ports (II = 82). Please consider using a memory core with more ports or partitioning the array 'x'.
Resolution: For help on HLS 200-885 see www.xilinx.com/cgi-bin/docs/rdoc?v=2022.2;t=hls+guidance;d=200-885.html
WARNING: [HLS 200-885] The II Violation in module 'layer_norm_q8_1' (function 'layer_norm_q8.1'): Unable to schedule 'load' operation ('x_load_1') on array 'x' due to limited memory ports (II = 86). Please consider using a memory core with more ports or partitioning the array 'x'.
Resolution: For help on HLS 200-885 see www.xilinx.com/cgi-bin/docs/rdoc?v=2022.2;t=hls+guidance;d=200-885.html
WARNING: [HLS 200-885] The II Violation in module 'layer_norm_q8_1' (function 'layer_norm_q8.1'): Unable to schedule 'load' operation ('x_load_1') on array 'x' due to limited memory ports (II = 88). Please consider using a memory core with more ports or partitioning the array 'x'.
Resolution: For help on HLS 200-885 see www.xilinx.com/cgi-bin/docs/rdoc?v=2022.2;t=hls+guidance;d=200-885.html
INFO: [HLS 200-1470] Pipelining result : Target II = NA, Final II = 89, Depth = 89, function 'layer_norm_q8.1'
INFO: [SCHED 204-11] Finished scheduling.
INFO: [HLS 200-111] Finished Scheduling: CPU user time: 3.3 seconds. CPU system time: 0.01 seconds. Elapsed time: 3.3 seconds; current allocated memory: 634.008 MB.
INFO: [BIND 205-100] Starting micro-architecture generation ...
INFO: [BIND 205-101] Performing variable lifetime analysis.
INFO: [BIND 205-101] Exploring resource sharing.
INFO: [BIND 205-101] Binding ...
INFO: [BIND 205-100] Finished micro-architecture generation.
INFO: [HLS 200-111] Finished Binding: CPU user time: 0.32 seconds. CPU system time: 0.01 seconds. Elapsed time: 0.35 seconds; current allocated memory: 634.008 MB.
INFO: [HLS 200-10] ----------------------------------------------------------------
INFO: [HLS 200-42] -- Implementing module 'imgds_linear_dense_q8_Pipeline_VITIS_LOOP_248_4' 
INFO: [HLS 200-10] ----------------------------------------------------------------
INFO: [SCHED 204-11] Starting scheduling ...
INFO: [SCHED 204-61] Pipelining loop 'VITIS_LOOP_248_4'.
INFO: [HLS 200-1470] Pipelining result : Target II = NA, Final II = 89, Depth = 90, loop 'VITIS_LOOP_248_4'
INFO: [SCHED 204-11] Finished scheduling.
INFO: [HLS 200-111] Finished Scheduling: CPU user time: 0.32 seconds. CPU system time: 0 seconds. Elapsed time: 0.33 seconds; current allocated memory: 634.762 MB.
INFO: [BIND 205-100] Starting micro-architecture generation ...
INFO: [BIND 205-101] Performing variable lifetime analysis.
INFO: [BIND 205-101] Exploring resource sharing.
INFO: [BIND 205-101] Binding ...
INFO: [BIND 205-100] Finished micro-architecture generation.
INFO: [HLS 200-111] Finished Binding: CPU user time: 0.24 seconds. CPU system time: 0 seconds. Elapsed time: 0.28 seconds; current allocated memory: 634.770 MB.
INFO: [HLS 200-10] ----------------------------------------------------------------
INFO: [HLS 200-42] -- Implementing module 'imgds_linear_dense_q8_Pipeline_VITIS_LOOP_184_3' 
INFO: [HLS 200-10] ----------------------------------------------------------------
INFO: [SCHED 204-11] Starting scheduling ...
INFO: [HLS 200-486] Changing DSP latency (root=r_V_8) to 3 in order to utilize available DSP registers.
INFO: [SCHED 204-61] Pipelining loop 'VITIS_LOOP_184_3'.
INFO: [HLS 200-1470] Pipelining result : Target II = 1, Final II = 1, Depth = 5, loop 'VITIS_LOOP_184_3'
INFO: [SCHED 204-11] Finished scheduling.
INFO: [HLS 200-111] Finished Scheduling: CPU user time: 0.19 seconds. CPU system time: 0 seconds. Elapsed time: 0.19 seconds; current allocated memory: 635.840 MB.
INFO: [BIND 205-100] Starting micro-architecture generation ...
INFO: [BIND 205-101] Performing variable lifetime analysis.
INFO: [BIND 205-101] Exploring resource sharing.
INFO: [BIND 205-101] Binding ...
INFO: [BIND 205-100] Finished micro-architecture generation.
INFO: [HLS 200-111] Finished Binding: CPU user time: 0.02 seconds. CPU system time: 0 seconds. Elapsed time: 0.03 seconds; current allocated memory: 635.840 MB.
INFO: [HLS 200-10] ----------------------------------------------------------------
INFO: [HLS 200-42] -- Implementing module 'imgds_linear_dense_q8_Pipeline_VITIS_LOOP_196_5' 
INFO: [HLS 200-10] ----------------------------------------------------------------
INFO: [SCHED 204-11] Starting scheduling ...
INFO: [HLS 200-486] Changing DSP latency (root=r_V_7) to 3 in order to utilize available DSP registers.
INFO: [SCHED 204-61] Pipelining loop 'VITIS_LOOP_196_5'.
INFO: [HLS 200-1470] Pipelining result : Target II = 1, Final II = 1, Depth = 5, loop 'VITIS_LOOP_196_5'
INFO: [SCHED 204-11] Finished scheduling.
INFO: [HLS 200-111] Finished Scheduling: CPU user time: 0.04 seconds. CPU system time: 0 seconds. Elapsed time: 0.04 seconds; current allocated memory: 636.152 MB.
INFO: [BIND 205-100] Starting micro-architecture generation ...
INFO: [BIND 205-101] Performing variable lifetime analysis.
INFO: [BIND 205-101] Exploring resource sharing.
INFO: [BIND 205-101] Binding ...
INFO: [BIND 205-100] Finished micro-architecture generation.
INFO: [HLS 200-111] Finished Binding: CPU user time: 0.02 seconds. CPU system time: 0 seconds. Elapsed time: 0.02 seconds; current allocated memory: 636.152 MB.
INFO: [HLS 200-10] ----------------------------------------------------------------
INFO: [HLS 200-42] -- Implementing module 'imgds_linear_dense_q8_Pipeline_VITIS_LOOP_204_6' 
INFO: [HLS 200-10] ----------------------------------------------------------------
INFO: [SCHED 204-11] Starting scheduling ...
INFO: [SCHED 204-61] Pipelining loop 'VITIS_LOOP_204_6'.
INFO: [HLS 200-1470] Pipelining result : Target II = NA, Final II = 1, Depth = 3, loop 'VITIS_LOOP_204_6'
INFO: [SCHED 204-11] Finished scheduling.
INFO: [HLS 200-111] Finished Scheduling: CPU user time: 0.04 seconds. CPU system time: 0.01 seconds. Elapsed time: 0.04 seconds; current allocated memory: 636.457 MB.
INFO: [BIND 205-100] Starting micro-architecture generation ...
INFO: [BIND 205-101] Performing variable lifetime analysis.
INFO: [BIND 205-101] Exploring resource sharing.
INFO: [BIND 205-101] Binding ...
INFO: [BIND 205-100] Finished micro-architecture generation.
INFO: [HLS 200-111] Finished Binding: CPU user time: 0.02 seconds. CPU system time: 0 seconds. Elapsed time: 0.02 seconds; current allocated memory: 636.457 MB.
INFO: [HLS 200-10] ----------------------------------------------------------------
INFO: [HLS 200-42] -- Implementing module 'imgds_linear_dense_q8_Pipeline_VITIS_LOOP_261_5' 
INFO: [HLS 200-10] ----------------------------------------------------------------
INFO: [SCHED 204-11] Starting scheduling ...
INFO: [SCHED 204-61] Pipelining loop 'VITIS_LOOP_261_5'.
INFO: [HLS 200-1470] Pipelining result : Target II = NA, Final II = 89, Depth = 90, loop 'VITIS_LOOP_261_5'
INFO: [SCHED 204-11] Finished scheduling.
INFO: [HLS 200-111] Finished Scheduling: CPU user time: 0.09 seconds. CPU system time: 0 seconds. Elapsed time: 0.1 seconds; current allocated memory: 636.957 MB.
INFO: [BIND 205-100] Starting micro-architecture generation ...
INFO: [BIND 205-101] Performing variable lifetime analysis.
INFO: [BIND 205-101] Exploring resource sharing.
INFO: [BIND 205-101] Binding ...
INFO: [BIND 205-100] Finished micro-architecture generation.
INFO: [HLS 200-111] Finished Binding: CPU user time: 0.24 seconds. CPU system time: 0 seconds. Elapsed time: 0.28 seconds; current allocated memory: 637.117 MB.
INFO: [HLS 200-10] ----------------------------------------------------------------
INFO: [HLS 200-42] -- Implementing module 'imgds_linear_dense_q8_Pipeline_VITIS_LOOP_266_6_VITIS_LOOP_268_7' 
INFO: [HLS 200-10] ----------------------------------------------------------------
INFO: [SCHED 204-11] Starting scheduling ...
INFO: [SCHED 204-61] Pipelining loop 'VITIS_LOOP_266_6_VITIS_LOOP_268_7'.
INFO: [HLS 200-1470] Pipelining result : Target II = 1, Final II = 1, Depth = 5, loop 'VITIS_LOOP_266_6_VITIS_LOOP_268_7'
INFO: [SCHED 204-11] Finished scheduling.
INFO: [HLS 200-111] Finished Scheduling: CPU user time: 0.2 seconds. CPU system time: 0 seconds. Elapsed time: 0.2 seconds; current allocated memory: 638.141 MB.
INFO: [BIND 205-100] Starting micro-architecture generation ...
INFO: [BIND 205-101] Performing variable lifetime analysis.
INFO: [BIND 205-101] Exploring resource sharing.
INFO: [BIND 205-101] Binding ...
INFO: [BIND 205-100] Finished micro-architecture generation.
INFO: [HLS 200-111] Finished Binding: CPU user time: 0.03 seconds. CPU system time: 0 seconds. Elapsed time: 0.04 seconds; current allocated memory: 638.141 MB.
INFO: [HLS 200-10] ----------------------------------------------------------------
INFO: [HLS 200-42] -- Implementing module 'layer_norm_q8_Pipeline_VITIS_LOOP_39_1' 
INFO: [HLS 200-10] ----------------------------------------------------------------
INFO: [SCHED 204-11] Starting scheduling ...
INFO: [SCHED 204-61] Pipelining loop 'VITIS_LOOP_39_1'.
INFO: [HLS 200-1470] Pipelining result : Target II = NA, Final II = 1, Depth = 2, loop 'VITIS_LOOP_39_1'
INFO: [SCHED 204-11] Finished scheduling.
INFO: [HLS 200-111] Finished Scheduling: CPU user time: 0.05 seconds. CPU system time: 0 seconds. Elapsed time: 0.05 seconds; current allocated memory: 638.672 MB.
INFO: [BIND 205-100] Starting micro-architecture generation ...
INFO: [BIND 205-101] Performing variable lifetime analysis.
INFO: [BIND 205-101] Exploring resource sharing.
INFO: [BIND 205-101] Binding ...
INFO: [BIND 205-100] Finished micro-architecture generation.
INFO: [HLS 200-111] Finished Binding: CPU user time: 0.01 seconds. CPU system time: 0 seconds. Elapsed time: 0.02 seconds; current allocated memory: 638.672 MB.
INFO: [HLS 200-10] ----------------------------------------------------------------
INFO: [HLS 200-42] -- Implementing module 'layer_norm_q8_Pipeline_VITIS_LOOP_44_2' 
INFO: [HLS 200-10] ----------------------------------------------------------------
INFO: [SCHED 204-11] Starting scheduling ...
INFO: [HLS 200-486] Changing DSP latency (root=mul_ln1347) to 3 in order to utilize available DSP registers.
INFO: [SCHED 204-61] Pipelining loop 'VITIS_LOOP_44_2'.
INFO: [HLS 200-1470] Pipelining result : Target II = NA, Final II = 1, Depth = 5, loop 'VITIS_LOOP_44_2'
INFO: [SCHED 204-11] Finished scheduling.
INFO: [HLS 200-111] Finished Scheduling: CPU user time: 0.03 seconds. CPU system time: 0 seconds. Elapsed time: 0.04 seconds; current allocated memory: 638.949 MB.
INFO: [BIND 205-100] Starting micro-architecture generation ...
INFO: [BIND 205-101] Performing variable lifetime analysis.
INFO: [BIND 205-101] Exploring resource sharing.
INFO: [BIND 205-101] Binding ...
INFO: [BIND 205-100] Finished micro-architecture generation.
INFO: [HLS 200-111] Finished Binding: CPU user time: 0.03 seconds. CPU system time: 0 seconds. Elapsed time: 0.03 seconds; current allocated memory: 638.949 MB.
INFO: [HLS 200-10] ----------------------------------------------------------------
INFO: [HLS 200-42] -- Implementing module 'layer_norm_q8_Pipeline_VITIS_LOOP_54_3' 
INFO: [HLS 200-10] ----------------------------------------------------------------
INFO: [SCHED 204-11] Starting scheduling ...
INFO: [HLS 200-486] Changing DSP latency (root=mul_ln837) to 3 in order to utilize available DSP registers.
INFO: [HLS 200-486] Changing DSP latency (root=ret_V_1) to 3 in order to utilize available DSP registers.
INFO: [SCHED 204-61] Pipelining loop 'VITIS_LOOP_54_3'.
INFO: [HLS 200-1470] Pipelining result : Target II = NA, Final II = 1, Depth = 8, loop 'VITIS_LOOP_54_3'
INFO: [SCHED 204-11] Finished scheduling.
INFO: [HLS 200-111] Finished Scheduling: CPU user time: 0.04 seconds. CPU system time: 0.01 seconds. Elapsed time: 0.04 seconds; current allocated memory: 639.332 MB.
INFO: [BIND 205-100] Starting micro-architecture generation ...
INFO: [BIND 205-101] Performing variable lifetime analysis.
INFO: [BIND 205-101] Exploring resource sharing.
INFO: [BIND 205-101] Binding ...
INFO: [BIND 205-100] Finished micro-architecture generation.
INFO: [HLS 200-111] Finished Binding: CPU user time: 0.03 seconds. CPU system time: 0 seconds. Elapsed time: 0.04 seconds; current allocated memory: 639.332 MB.
INFO: [HLS 200-10] ----------------------------------------------------------------
INFO: [HLS 200-42] -- Implementing module 'layer_norm_q8' 
INFO: [HLS 200-10] ----------------------------------------------------------------
INFO: [SCHED 204-11] Starting scheduling ...
INFO: [SCHED 204-11] Finished scheduling.
INFO: [HLS 200-111] Finished Scheduling: CPU user time: 0.11 seconds. CPU system time: 0 seconds. Elapsed time: 0.1 seconds; current allocated memory: 639.754 MB.
INFO: [BIND 205-100] Starting micro-architecture generation ...
INFO: [BIND 205-101] Performing variable lifetime analysis.
INFO: [BIND 205-101] Exploring resource sharing.
INFO: [BIND 205-101] Binding ...
INFO: [BIND 205-100] Finished micro-architecture generation.
INFO: [HLS 200-111] Finished Binding: CPU user time: 0.19 seconds. CPU system time: 0 seconds. Elapsed time: 0.19 seconds; current allocated memory: 639.777 MB.
INFO: [HLS 200-10] ----------------------------------------------------------------
INFO: [HLS 200-42] -- Implementing module 'imgds_linear_dense_q8' 
INFO: [HLS 200-10] ----------------------------------------------------------------
INFO: [SCHED 204-11] Starting scheduling ...
INFO: [SCHED 204-11] Finished scheduling.
INFO: [HLS 200-111] Finished Scheduling: CPU user time: 0.29 seconds. CPU system time: 0 seconds. Elapsed time: 0.29 seconds; current allocated memory: 642.129 MB.
INFO: [BIND 205-100] Starting micro-architecture generation ...
INFO: [BIND 205-101] Performing variable lifetime analysis.
INFO: [BIND 205-101] Exploring resource sharing.
INFO: [BIND 205-101] Binding ...
INFO: [BIND 205-100] Finished micro-architecture generation.
INFO: [HLS 200-111] Finished Binding: CPU user time: 0.41 seconds. CPU system time: 0 seconds. Elapsed time: 0.42 seconds; current allocated memory: 642.129 MB.
INFO: [HLS 200-10] ----------------------------------------------------------------
INFO: [HLS 200-10] -- Generating RTL for module 'imgds_linear_dense_q8_Pipeline_VITIS_LOOP_228_3' 
INFO: [HLS 200-10] ----------------------------------------------------------------
INFO: [SYN 201-210] Renamed object name 'imgds_linear_dense_q8_Pipeline_VITIS_LOOP_228_3_input_projection_weight_V_ROM_AUTO_1R' to 'imgds_linear_dense_q8_Pipeline_VITIS_LOOP_228_3_input_projection_weight_V_ROMbkb' due to the length limit 80
INFO: [HLS 200-1030] Apply Unified Pipeline Control on module 'imgds_linear_dense_q8_Pipeline_VITIS_LOOP_228_3' pipeline 'VITIS_LOOP_228_3' pipeline type 'loop pipeline'
WARNING: [RTGEN 206-101] Setting dangling out port 'imgds_linear_dense_q8_Pipeline_VITIS_LOOP_228_3/m_axi_gmem0_ARVALID' to 0.
WARNING: [RTGEN 206-101] Setting dangling out port 'imgds_linear_dense_q8_Pipeline_VITIS_LOOP_228_3/m_axi_gmem0_ARADDR' to 0.
WARNING: [RTGEN 206-101] Setting dangling out port 'imgds_linear_dense_q8_Pipeline_VITIS_LOOP_228_3/m_axi_gmem0_ARID' to 0.
WARNING: [RTGEN 206-101] Setting dangling out port 'imgds_linear_dense_q8_Pipeline_VITIS_LOOP_228_3/m_axi_gmem0_ARLEN' to 0.
WARNING: [RTGEN 206-101] Setting dangling out port 'imgds_linear_dense_q8_Pipeline_VITIS_LOOP_228_3/m_axi_gmem0_ARSIZE' to 0.
WARNING: [RTGEN 206-101] Setting dangling out port 'imgds_linear_dense_q8_Pipeline_VITIS_LOOP_228_3/m_axi_gmem0_ARBURST' to 0.
WARNING: [RTGEN 206-101] Setting dangling out port 'imgds_linear_dense_q8_Pipeline_VITIS_LOOP_228_3/m_axi_gmem0_ARLOCK' to 0.
WARNING: [RTGEN 206-101] Setting dangling out port 'imgds_linear_dense_q8_Pipeline_VITIS_LOOP_228_3/m_axi_gmem0_ARCACHE' to 0.
WARNING: [RTGEN 206-101] Setting dangling out port 'imgds_linear_dense_q8_Pipeline_VITIS_LOOP_228_3/m_axi_gmem0_ARPROT' to 0.
WARNING: [RTGEN 206-101] Setting dangling out port 'imgds_linear_dense_q8_Pipeline_VITIS_LOOP_228_3/m_axi_gmem0_ARQOS' to 0.
WARNING: [RTGEN 206-101] Setting dangling out port 'imgds_linear_dense_q8_Pipeline_VITIS_LOOP_228_3/m_axi_gmem0_ARREGION' to 0.
WARNING: [RTGEN 206-101] Setting dangling out port 'imgds_linear_dense_q8_Pipeline_VITIS_LOOP_228_3/m_axi_gmem0_ARUSER' to 0.
INFO: [RTGEN 206-100] Generating core module 'mac_muladd_16s_3s_24s_24_4_1': 1 instance(s).
INFO: [RTGEN 206-100] Finished creating RTL model for 'imgds_linear_dense_q8_Pipeline_VITIS_LOOP_228_3'.
INFO: [RTMG 210-279] Implementing memory 'imgds_linear_dense_q8_imgds_linear_dense_q8_Pipeline_VITIS_LOOP_228_3_input_projection_weight_V_ROMbkb' using auto ROMs.
INFO: [HLS 200-111] Finished Creating RTL model: CPU user time: 0.87 seconds. CPU system time: 0.01 seconds. Elapsed time: 0.87 seconds; current allocated memory: 642.688 MB.
INFO: [HLS 200-10] ----------------------------------------------------------------
INFO: [HLS 200-10] -- Generating RTL for module 'linear_attention_q8_sparse_Pipeline_VITIS_LOOP_84_3' 
INFO: [HLS 200-10] ----------------------------------------------------------------
INFO: [SYN 201-210] Renamed object name 'linear_attention_q8_sparse_Pipeline_VITIS_LOOP_84_3_layers_0_attention_value_weight_V_ROM_AUTO_1R' to 'linear_attention_q8_sparse_Pipeline_VITIS_LOOP_84_3_layers_0_attention_value_cud' due to the length limit 80
INFO: [HLS 200-1030] Apply Unified Pipeline Control on module 'linear_attention_q8_sparse_Pipeline_VITIS_LOOP_84_3' pipeline 'VITIS_LOOP_84_3' pipeline type 'loop pipeline'
INFO: [RTGEN 206-100] Generating core module 'mac_muladd_16s_4s_24s_24_4_1': 1 instance(s).
INFO: [RTGEN 206-100] Finished creating RTL model for 'linear_attention_q8_sparse_Pipeline_VITIS_LOOP_84_3'.
INFO: [RTMG 210-279] Implementing memory 'imgds_linear_dense_q8_linear_attention_q8_sparse_Pipeline_VITIS_LOOP_84_3_layers_0_attention_value_cud' using auto ROMs.
INFO: [HLS 200-111] Finished Creating RTL model: CPU user time: 0.06 seconds. CPU system time: 0 seconds. Elapsed time: 0.11 seconds; current allocated memory: 643.855 MB.
INFO: [HLS 200-10] ----------------------------------------------------------------
INFO: [HLS 200-10] -- Generating RTL for module 'linear_attention_q8_sparse_Pipeline_VITIS_LOOP_94_5' 
INFO: [HLS 200-10] ----------------------------------------------------------------
INFO: [SYN 201-210] Renamed object name 'linear_attention_q8_sparse_Pipeline_VITIS_LOOP_94_5_layers_0_attention_query_weight_V_ROM_AUTO_1R' to 'linear_attention_q8_sparse_Pipeline_VITIS_LOOP_94_5_layers_0_attention_query_dEe' due to the length limit 80
INFO: [SYN 201-210] Renamed object name 'linear_attention_q8_sparse_Pipeline_VITIS_LOOP_94_5_layers_0_attention_key_weight_V_ROM_AUTO_1R' to 'linear_attention_q8_sparse_Pipeline_VITIS_LOOP_94_5_layers_0_attention_key_weeOg' due to the length limit 80
INFO: [HLS 200-1030] Apply Unified Pipeline Control on module 'linear_attention_q8_sparse_Pipeline_VITIS_LOOP_94_5' pipeline 'VITIS_LOOP_94_5' pipeline type 'loop pipeline'
INFO: [RTGEN 206-100] Generating core module 'mac_muladd_16s_5s_24s_24_4_1': 1 instance(s).
INFO: [RTGEN 206-100] Generating core module 'mac_muladd_16s_6s_24s_24_4_1': 1 instance(s).
INFO: [RTGEN 206-100] Finished creating RTL model for 'linear_attention_q8_sparse_Pipeline_VITIS_LOOP_94_5'.
INFO: [RTMG 210-279] Implementing memory 'imgds_linear_dense_q8_linear_attention_q8_sparse_Pipeline_VITIS_LOOP_94_5_layers_0_attention_query_dEe' using auto ROMs.
INFO: [RTMG 210-279] Implementing memory 'imgds_linear_dense_q8_linear_attention_q8_sparse_Pipeline_VITIS_LOOP_94_5_layers_0_attention_key_weeOg' using auto ROMs.
INFO: [HLS 200-111] Finished Creating RTL model: CPU user time: 0.06 seconds. CPU system time: 0 seconds. Elapsed time: 0.06 seconds; current allocated memory: 645.023 MB.
INFO: [HLS 200-10] ----------------------------------------------------------------
INFO: [HLS 200-10] -- Generating RTL for module 'linear_attention_q8_sparse_Pipeline_VITIS_LOOP_107_6_VITIS_LOOP_109_7_VITIS_LOOP' 
INFO: [HLS 200-10] ----------------------------------------------------------------
INFO: [HLS 200-1030] Apply Unified Pipeline Control on module 'linear_attention_q8_sparse_Pipeline_VITIS_LOOP_107_6_VITIS_LOOP_109_7_VITIS_LOOP' pipeline 'VITIS_LOOP_107_6_VITIS_LOOP_109_7_VITIS_LOOP_111_8' pipeline type 'loop pipeline'
INFO: [RTGEN 206-100] Generating core module 'mac_muladd_16s_16s_30ns_30_4_1': 1 instance(s).
INFO: [RTGEN 206-100] Finished creating RTL model for 'linear_attention_q8_sparse_Pipeline_VITIS_LOOP_107_6_VITIS_LOOP_109_7_VITIS_LOOP'.
INFO: [HLS 200-111] Finished Creating RTL model: CPU user time: 0.05 seconds. CPU system time: 0.01 seconds. Elapsed time: 0.06 seconds; current allocated memory: 646.480 MB.
INFO: [HLS 200-10] ----------------------------------------------------------------
INFO: [HLS 200-10] -- Generating RTL for module 'linear_attention_q8_sparse_Pipeline_VITIS_LOOP_124_10' 
INFO: [HLS 200-10] ----------------------------------------------------------------
INFO: [HLS 200-1030] Apply Unified Pipeline Control on module 'linear_attention_q8_sparse_Pipeline_VITIS_LOOP_124_10' pipeline 'VITIS_LOOP_124_10' pipeline type 'loop pipeline'
INFO: [RTGEN 206-100] Finished creating RTL model for 'linear_attention_q8_sparse_Pipeline_VITIS_LOOP_124_10'.
INFO: [HLS 200-111] Finished Creating RTL model: CPU user time: 0.12 seconds. CPU system time: 0 seconds. Elapsed time: 0.17 seconds; current allocated memory: 648.141 MB.
INFO: [HLS 200-10] ----------------------------------------------------------------
INFO: [HLS 200-10] -- Generating RTL for module 'linear_attention_q8_sparse_Pipeline_VITIS_LOOP_135_12' 
INFO: [HLS 200-10] ----------------------------------------------------------------
INFO: [HLS 200-1030] Apply Unified Pipeline Control on module 'linear_attention_q8_sparse_Pipeline_VITIS_LOOP_135_12' pipeline 'VITIS_LOOP_135_12' pipeline type 'loop pipeline'
INFO: [RTGEN 206-100] Generating core module 'mac_muladd_16s_16s_30ns_30_4_1': 1 instance(s).
INFO: [RTGEN 206-100] Finished creating RTL model for 'linear_attention_q8_sparse_Pipeline_VITIS_LOOP_135_12'.
INFO: [HLS 200-111] Finished Creating RTL model: CPU user time: 0.04 seconds. CPU system time: 0 seconds. Elapsed time: 0.05 seconds; current allocated memory: 649.094 MB.
INFO: [HLS 200-10] ----------------------------------------------------------------
INFO: [HLS 200-10] -- Generating RTL for module 'linear_attention_q8_sparse_Pipeline_VITIS_LOOP_145_13_VITIS_LOOP_147_14' 
INFO: [HLS 200-10] ----------------------------------------------------------------
INFO: [HLS 200-1030] Apply Unified Pipeline Control on module 'linear_attention_q8_sparse_Pipeline_VITIS_LOOP_145_13_VITIS_LOOP_147_14' pipeline 'VITIS_LOOP_145_13_VITIS_LOOP_147_14' pipeline type 'loop pipeline'
INFO: [RTGEN 206-100] Generating core module 'mac_muladd_16s_16s_30ns_30_4_1': 1 instance(s).
INFO: [RTGEN 206-100] Generating core module 'mul_mul_24s_16s_30_4_1': 1 instance(s).
INFO: [RTGEN 206-100] Finished creating RTL model for 'linear_attention_q8_sparse_Pipeline_VITIS_LOOP_145_13_VITIS_LOOP_147_14'.
INFO: [HLS 200-111] Finished Creating RTL model: CPU user time: 0.05 seconds. CPU system time: 0 seconds. Elapsed time: 0.05 seconds; current allocated memory: 650.406 MB.
INFO: [HLS 200-10] ----------------------------------------------------------------
INFO: [HLS 200-10] -- Generating RTL for module 'linear_attention_q8_sparse_Pipeline_VITIS_LOOP_158_16' 
INFO: [HLS 200-10] ----------------------------------------------------------------
INFO: [SYN 201-210] Renamed object name 'linear_attention_q8_sparse_Pipeline_VITIS_LOOP_158_16_layers_0_attention_output_weight_V_ROM_AUTO_1R' to 'linear_attention_q8_sparse_Pipeline_VITIS_LOOP_158_16_layers_0_attention_outpfYi' due to the length limit 80
INFO: [HLS 200-1030] Apply Unified Pipeline Control on module 'linear_attention_q8_sparse_Pipeline_VITIS_LOOP_158_16' pipeline 'VITIS_LOOP_158_16' pipeline type 'loop pipeline'
INFO: [RTGEN 206-100] Generating core module 'mac_muladd_16s_5s_24s_24_4_1': 1 instance(s).
INFO: [RTGEN 206-100] Finished creating RTL model for 'linear_attention_q8_sparse_Pipeline_VITIS_LOOP_158_16'.
INFO: [RTMG 210-279] Implementing memory 'imgds_linear_dense_q8_linear_attention_q8_sparse_Pipeline_VITIS_LOOP_158_16_layers_0_attention_outpfYi' using auto ROMs.
INFO: [HLS 200-111] Finished Creating RTL model: CPU user time: 0.09 seconds. CPU system time: 0 seconds. Elapsed time: 0.12 seconds; current allocated memory: 651.984 MB.
INFO: [HLS 200-10] ----------------------------------------------------------------
INFO: [HLS 200-10] -- Generating RTL for module 'linear_attention_q8_sparse' 
INFO: [HLS 200-10] ----------------------------------------------------------------
INFO: [RTGEN 206-100] Generating core module 'fdiv_32ns_32ns_32_16_no_dsp_1': 1 instance(s).
INFO: [RTGEN 206-100] Generating core module 'fexp_32ns_32ns_32_10_full_dsp_1': 2 instance(s).
INFO: [RTGEN 206-100] Generating core module 'fpext_32ns_64_2_no_dsp_1': 2 instance(s).
INFO: [RTGEN 206-100] Finished creating RTL model for 'linear_attention_q8_sparse'.
INFO: [RTMG 210-279] Implementing memory 'imgds_linear_dense_q8_linear_attention_q8_sparse_ACTIVE_CHANNELS_ROM_AUTO_1R' using auto ROMs.
INFO: [RTMG 210-279] Implementing memory 'imgds_linear_dense_q8_linear_attention_q8_sparse_layers_0_attention_output_bias_V_ROM_AUTO_1R' using auto ROMs.
INFO: [RTMG 210-278] Implementing memory 'imgds_linear_dense_q8_linear_attention_q8_sparse_Q_V_RAM_AUTO_1R1W' using auto RAMs.
INFO: [RTMG 210-278] Implementing memory 'imgds_linear_dense_q8_linear_attention_q8_sparse_K_sum_V_RAM_AUTO_1R1W' using auto RAMs.
INFO: [HLS 200-111] Finished Creating RTL model: CPU user time: 0.09 seconds. CPU system time: 0.01 seconds. Elapsed time: 0.1 seconds; current allocated memory: 656.637 MB.
INFO: [HLS 200-10] ----------------------------------------------------------------
INFO: [HLS 200-10] -- Generating RTL for module 'layer_norm_q8_1' 
INFO: [HLS 200-10] ----------------------------------------------------------------
INFO: [RTGEN 206-100] Generating core module 'am_submul_16s_16s_16s_26_4_1': 16 instance(s).
INFO: [RTGEN 206-100] Generating core module 'fadd_32ns_32ns_32_5_full_dsp_1': 1 instance(s).
INFO: [RTGEN 206-100] Generating core module 'fdiv_32ns_32ns_32_16_no_dsp_1': 1 instance(s).
INFO: [RTGEN 206-100] Generating core module 'fpext_32ns_64_2_no_dsp_1': 1 instance(s).
INFO: [RTGEN 206-100] Generating core module 'fsqrt_32ns_32ns_32_16_no_dsp_1': 1 instance(s).
INFO: [RTGEN 206-100] Generating core module 'mac_muladd_16s_16s_30ns_30_4_1': 15 instance(s).
INFO: [RTGEN 206-100] Generating core module 'mac_muladd_16s_5ns_11ns_20_4_1': 5 instance(s).
INFO: [RTGEN 206-100] Generating core module 'mac_muladd_16s_5ns_11s_20_4_1': 3 instance(s).
INFO: [RTGEN 206-100] Generating core module 'mac_muladd_16s_5ns_12s_20_4_1': 1 instance(s).
INFO: [RTGEN 206-100] Generating core module 'mul_mul_16s_16s_30_4_1': 1 instance(s).
INFO: [RTGEN 206-100] Generating core module 'mul_mul_16s_5ns_20_4_1': 4 instance(s).
INFO: [RTGEN 206-100] Finished creating RTL model for 'layer_norm_q8_1'.
INFO: [HLS 200-111] Finished Creating RTL model: CPU user time: 0.95 seconds. CPU system time: 0.02 seconds. Elapsed time: 0.99 seconds; current allocated memory: 668.598 MB.
INFO: [HLS 200-10] ----------------------------------------------------------------
INFO: [HLS 200-10] -- Generating RTL for module 'imgds_linear_dense_q8_Pipeline_VITIS_LOOP_248_4' 
INFO: [HLS 200-10] ----------------------------------------------------------------
INFO: [HLS 200-1030] Apply Unified Pipeline Control on module 'imgds_linear_dense_q8_Pipeline_VITIS_LOOP_248_4' pipeline 'VITIS_LOOP_248_4' pipeline type 'loop pipeline'
INFO: [RTGEN 206-100] Finished creating RTL model for 'imgds_linear_dense_q8_Pipeline_VITIS_LOOP_248_4'.
INFO: [HLS 200-111] Finished Creating RTL model: CPU user time: 0.58 seconds. CPU system time: 0.02 seconds. Elapsed time: 0.59 seconds; current allocated memory: 678.562 MB.
INFO: [HLS 200-10] ----------------------------------------------------------------
INFO: [HLS 200-10] -- Generating RTL for module 'imgds_linear_dense_q8_Pipeline_VITIS_LOOP_184_3' 
INFO: [HLS 200-10] ----------------------------------------------------------------
INFO: [SYN 201-210] Renamed object name 'imgds_linear_dense_q8_Pipeline_VITIS_LOOP_184_3_layers_0_feedforward_0_weight_V_ROM_AUTO_1R' to 'imgds_linear_dense_q8_Pipeline_VITIS_LOOP_184_3_layers_0_feedforward_0_weightg8j' due to the length limit 80
INFO: [HLS 200-1030] Apply Unified Pipeline Control on module 'imgds_linear_dense_q8_Pipeline_VITIS_LOOP_184_3' pipeline 'VITIS_LOOP_184_3' pipeline type 'loop pipeline'
INFO: [RTGEN 206-100] Generating core module 'mac_muladd_16s_5s_24s_24_4_1': 1 instance(s).
INFO: [RTGEN 206-100] Finished creating RTL model for 'imgds_linear_dense_q8_Pipeline_VITIS_LOOP_184_3'.
INFO: [RTMG 210-279] Implementing memory 'imgds_linear_dense_q8_imgds_linear_dense_q8_Pipeline_VITIS_LOOP_184_3_layers_0_feedforward_0_weightg8j' using auto ROMs.
INFO: [HLS 200-111] Finished Creating RTL model: CPU user time: 0.2 seconds. CPU system time: 0 seconds. Elapsed time: 0.26 seconds; current allocated memory: 679.961 MB.
INFO: [HLS 200-10] ----------------------------------------------------------------
INFO: [HLS 200-10] -- Generating RTL for module 'imgds_linear_dense_q8_Pipeline_VITIS_LOOP_196_5' 
INFO: [HLS 200-10] ----------------------------------------------------------------
INFO: [SYN 201-210] Renamed object name 'imgds_linear_dense_q8_Pipeline_VITIS_LOOP_196_5_layers_0_feedforward_3_weight_V_ROM_AUTO_1R' to 'imgds_linear_dense_q8_Pipeline_VITIS_LOOP_196_5_layers_0_feedforward_3_weighthbi' due to the length limit 80
INFO: [HLS 200-1030] Apply Unified Pipeline Control on module 'imgds_linear_dense_q8_Pipeline_VITIS_LOOP_196_5' pipeline 'VITIS_LOOP_196_5' pipeline type 'loop pipeline'
INFO: [RTGEN 206-100] Generating core module 'mac_muladd_15ns_5s_24s_24_4_1': 1 instance(s).
INFO: [RTGEN 206-100] Finished creating RTL model for 'imgds_linear_dense_q8_Pipeline_VITIS_LOOP_196_5'.
INFO: [RTMG 210-279] Implementing memory 'imgds_linear_dense_q8_imgds_linear_dense_q8_Pipeline_VITIS_LOOP_196_5_layers_0_feedforward_3_weighthbi' using auto ROMs.
INFO: [HLS 200-111] Finished Creating RTL model: CPU user time: 0.06 seconds. CPU system time: 0 seconds. Elapsed time: 0.13 seconds; current allocated memory: 681.035 MB.
INFO: [HLS 200-10] ----------------------------------------------------------------
INFO: [HLS 200-10] -- Generating RTL for module 'imgds_linear_dense_q8_Pipeline_VITIS_LOOP_204_6' 
INFO: [HLS 200-10] ----------------------------------------------------------------
INFO: [HLS 200-1030] Apply Unified Pipeline Control on module 'imgds_linear_dense_q8_Pipeline_VITIS_LOOP_204_6' pipeline 'VITIS_LOOP_204_6' pipeline type 'loop pipeline'
INFO: [RTGEN 206-100] Finished creating RTL model for 'imgds_linear_dense_q8_Pipeline_VITIS_LOOP_204_6'.
INFO: [HLS 200-111] Finished Creating RTL model: CPU user time: 0.06 seconds. CPU system time: 0 seconds. Elapsed time: 0.12 seconds; current allocated memory: 682.137 MB.
INFO: [HLS 200-10] ----------------------------------------------------------------
INFO: [HLS 200-10] -- Generating RTL for module 'imgds_linear_dense_q8_Pipeline_VITIS_LOOP_261_5' 
INFO: [HLS 200-10] ----------------------------------------------------------------
INFO: [HLS 200-1030] Apply Unified Pipeline Control on module 'imgds_linear_dense_q8_Pipeline_VITIS_LOOP_261_5' pipeline 'VITIS_LOOP_261_5' pipeline type 'loop pipeline'
INFO: [RTGEN 206-100] Finished creating RTL model for 'imgds_linear_dense_q8_Pipeline_VITIS_LOOP_261_5'.
INFO: [HLS 200-111] Finished Creating RTL model: CPU user time: 0.06 seconds. CPU system time: 0.01 seconds. Elapsed time: 0.06 seconds; current allocated memory: 683.457 MB.
INFO: [HLS 200-10] ----------------------------------------------------------------
INFO: [HLS 200-10] -- Generating RTL for module 'imgds_linear_dense_q8_Pipeline_VITIS_LOOP_266_6_VITIS_LOOP_268_7' 
INFO: [HLS 200-10] ----------------------------------------------------------------
INFO: [HLS 200-1030] Apply Unified Pipeline Control on module 'imgds_linear_dense_q8_Pipeline_VITIS_LOOP_266_6_VITIS_LOOP_268_7' pipeline 'VITIS_LOOP_266_6_VITIS_LOOP_268_7' pipeline type 'loop pipeline'
INFO: [RTGEN 206-100] Finished creating RTL model for 'imgds_linear_dense_q8_Pipeline_VITIS_LOOP_266_6_VITIS_LOOP_268_7'.
INFO: [HLS 200-111] Finished Creating RTL model: CPU user time: 0.2 seconds. CPU system time: 0 seconds. Elapsed time: 0.25 seconds; current allocated memory: 684.953 MB.
INFO: [HLS 200-10] ----------------------------------------------------------------
INFO: [HLS 200-10] -- Generating RTL for module 'layer_norm_q8_Pipeline_VITIS_LOOP_39_1' 
INFO: [HLS 200-10] ----------------------------------------------------------------
INFO: [HLS 200-1030] Apply Unified Pipeline Control on module 'layer_norm_q8_Pipeline_VITIS_LOOP_39_1' pipeline 'VITIS_LOOP_39_1' pipeline type 'loop pipeline'
INFO: [RTGEN 206-100] Finished creating RTL model for 'layer_norm_q8_Pipeline_VITIS_LOOP_39_1'.
INFO: [HLS 200-111] Finished Creating RTL model: CPU user time: 0.1 seconds. CPU system time: 0 seconds. Elapsed time: 0.13 seconds; current allocated memory: 686.133 MB.
INFO: [HLS 200-10] ----------------------------------------------------------------
INFO: [HLS 200-10] -- Generating RTL for module 'layer_norm_q8_Pipeline_VITIS_LOOP_44_2' 
INFO: [HLS 200-10] ----------------------------------------------------------------
INFO: [HLS 200-1030] Apply Unified Pipeline Control on module 'layer_norm_q8_Pipeline_VITIS_LOOP_44_2' pipeline 'VITIS_LOOP_44_2' pipeline type 'loop pipeline'
INFO: [RTGEN 206-100] Generating core module 'mac_muladd_16s_16s_30ns_30_4_1': 1 instance(s).
INFO: [RTGEN 206-100] Finished creating RTL model for 'layer_norm_q8_Pipeline_VITIS_LOOP_44_2'.
INFO: [HLS 200-111] Finished Creating RTL model: CPU user time: 0.05 seconds. CPU system time: 0.01 seconds. Elapsed time: 0.05 seconds; current allocated memory: 687.477 MB.
INFO: [HLS 200-10] ----------------------------------------------------------------
INFO: [HLS 200-10] -- Generating RTL for module 'layer_norm_q8_Pipeline_VITIS_LOOP_54_3' 
INFO: [HLS 200-10] ----------------------------------------------------------------
INFO: [HLS 200-1030] Apply Unified Pipeline Control on module 'layer_norm_q8_Pipeline_VITIS_LOOP_54_3' pipeline 'VITIS_LOOP_54_3' pipeline type 'loop pipeline'
INFO: [RTGEN 206-100] Generating core module 'am_submul_16s_16s_16s_26_4_1': 1 instance(s).
INFO: [RTGEN 206-100] Generating core module 'mac_muladd_16s_5ns_12s_20_4_1': 1 instance(s).
INFO: [RTGEN 206-100] Finished creating RTL model for 'layer_norm_q8_Pipeline_VITIS_LOOP_54_3'.
INFO: [RTMG 210-279] Implementing memory 'imgds_linear_dense_q8_layer_norm_q8_Pipeline_VITIS_LOOP_54_3_output_norm_weight_V_ROM_AUTO_1R' using auto ROMs.
INFO: [RTMG 210-279] Implementing memory 'imgds_linear_dense_q8_layer_norm_q8_Pipeline_VITIS_LOOP_54_3_output_norm_bias_V_ROM_AUTO_1R' using auto ROMs.
INFO: [HLS 200-111] Finished Creating RTL model: CPU user time: 0.06 seconds. CPU system time: 0 seconds. Elapsed time: 0.13 seconds; current allocated memory: 688.297 MB.
INFO: [HLS 200-10] ----------------------------------------------------------------
INFO: [HLS 200-10] -- Generating RTL for module 'layer_norm_q8' 
INFO: [HLS 200-10] ----------------------------------------------------------------
INFO: [RTGEN 206-100] Generating core module 'fadd_32ns_32ns_32_5_full_dsp_1': 1 instance(s).
INFO: [RTGEN 206-100] Generating core module 'fdiv_32ns_32ns_32_16_no_dsp_1': 1 instance(s).
INFO: [RTGEN 206-100] Generating core module 'fpext_32ns_64_2_no_dsp_1': 1 instance(s).
INFO: [RTGEN 206-100] Generating core module 'fsqrt_32ns_32ns_32_16_no_dsp_1': 1 instance(s).
INFO: [RTGEN 206-100] Finished creating RTL model for 'layer_norm_q8'.
INFO: [HLS 200-111] Finished Creating RTL model: CPU user time: 0.08 seconds. CPU system time: 0 seconds. Elapsed time: 0.08 seconds; current allocated memory: 690.219 MB.
INFO: [HLS 200-10] ----------------------------------------------------------------
INFO: [HLS 200-10] -- Generating RTL for module 'imgds_linear_dense_q8' 
INFO: [HLS 200-10] ----------------------------------------------------------------
WARNING: [RTGEN 206-101] Design contains AXI ports. Reset is fixed to synchronous and active low.
INFO: [RTGEN 206-500] Setting interface mode on port 'imgds_linear_dense_q8/gmem0' to 'm_axi'.
INFO: [RTGEN 206-500] Setting interface mode on port 'imgds_linear_dense_q8/gmem1' to 'm_axi'.
INFO: [RTGEN 206-500] Setting interface mode on port 'imgds_linear_dense_q8/input_r' to 's_axilite & ap_none'.
INFO: [RTGEN 206-500] Setting interface mode on port 'imgds_linear_dense_q8/logits' to 's_axilite & ap_none'.
INFO: [RTGEN 206-500] Setting interface mode on function 'imgds_linear_dense_q8' to 's_axilite & ap_ctrl_hs'.
INFO: [RTGEN 206-100] Bundling port 'input_r', 'logits' and 'return' to AXI-Lite port control.
INFO: [RTGEN 206-100] Generating core module 'fdiv_32ns_32ns_32_16_no_dsp_1': 1 instance(s).
INFO: [RTGEN 206-100] Generating core module 'fpext_32ns_64_2_no_dsp_1': 1 instance(s).
INFO: [RTGEN 206-100] Finished creating RTL model for 'imgds_linear_dense_q8'.
INFO: [RTMG 210-279] Implementing memory 'imgds_linear_dense_q8_input_projection_bias_V_ROM_AUTO_1R' using auto ROMs.
INFO: [RTMG 210-279] Implementing memory 'imgds_linear_dense_q8_position_embedding_V_ROM_AUTO_1R' using auto ROMs.
INFO: [RTMG 210-279] Implementing memory 'imgds_linear_dense_q8_layers_0_feedforward_0_bias_V_ROM_AUTO_1R' using auto ROMs.
INFO: [RTMG 210-279] Implementing memory 'imgds_linear_dense_q8_layers_0_feedforward_3_bias_V_ROM_AUTO_1R' using auto ROMs.
INFO: [RTMG 210-278] Implementing memory 'imgds_linear_dense_q8_hidden_V_RAM_AUTO_1R1W' using auto RAMs.
INFO: [RTMG 210-278] Implementing memory 'imgds_linear_dense_q8_x_V_RAM_AUTO_1R1W' using auto RAMs.
INFO: [RTMG 210-278] Implementing memory 'imgds_linear_dense_q8_pooled_V_RAM_AUTO_1R1W' using auto RAMs.
INFO: [HLS 200-111] Finished Creating RTL model: CPU user time: 0.39 seconds. CPU system time: 0.01 seconds. Elapsed time: 0.48 seconds; current allocated memory: 696.086 MB.
INFO: [HLS 200-111] Finished Generating all RTL models: CPU user time: 1.83 seconds. CPU system time: 0.04 seconds. Elapsed time: 1.88 seconds; current allocated memory: 702.691 MB.
INFO: [HLS 200-1603] Design has inferred MAXI bursts and missed bursts, see Vitis HLS GUI synthesis summary report for detailed information.
INFO: [HLS 200-111] Finished Updating report files: CPU user time: 0.85 seconds. CPU system time: 0.01 seconds. Elapsed time: 0.86 seconds; current allocated memory: 717.688 MB.
INFO: [VHDL 208-304] Generating VHDL RTL for imgds_linear_dense_q8.
INFO: [VLOG 209-307] Generating Verilog RTL for imgds_linear_dense_q8.
INFO: [HLS 200-790] **** Loop Constraint Status: All loop constraints were NOT satisfied.
INFO: [HLS 200-789] **** Estimated Fmax: 126.53 MHz
INFO: [HLS 200-111] Finished Command csynth_design CPU user time: 23.39 seconds. CPU system time: 1.09 seconds. Elapsed time: 25.83 seconds; current allocated memory: 409.051 MB.
INFO: [HLS 200-1510] Running: export_design -format ip_catalog -version 1.0 
INFO: [IMPL 213-8] Exporting RTL as a Vivado IP.

****** Vivado v2022.2 (64-bit)
  **** SW Build 3671981 on Fri Oct 14 04:59:54 MDT 2022
  **** IP Build 3669848 on Fri Oct 14 08:30:02 MDT 2022
    ** Copyright 1986-2022 Xilinx, Inc. All Rights Reserved.

source run_ippack.tcl -notrace
INFO: [IP_Flow 19-234] Refreshing IP repositories
INFO: [IP_Flow 19-1704] No user IP repositories specified
INFO: [IP_Flow 19-2313] Loaded Vivado IP repository '/tools/Xilinx/Vivado/2022.2/data/ip'.
WARNING: [IP_Flow 19-4832] The IP name 'imgds_linear_dense_q8_fadd_32ns_32ns_32_5_full_dsp_1_ip' you have specified is long. The Windows operating system has path length limitations. It is recommended you use shorter names to reduce the likelihood of issues.
INFO: [IP_Flow 19-1686] Generating 'Synthesis' target for IP 'imgds_linear_dense_q8_fadd_32ns_32ns_32_5_full_dsp_1_ip'...
INFO: [IP_Flow 19-1686] Generating 'Simulation' target for IP 'imgds_linear_dense_q8_fadd_32ns_32ns_32_5_full_dsp_1_ip'...
WARNING: [IP_Flow 19-4832] The IP name 'imgds_linear_dense_q8_fdiv_32ns_32ns_32_16_no_dsp_1_ip' you have specified is long. The Windows operating system has path length limitations. It is recommended you use shorter names to reduce the likelihood of issues.
INFO: [IP_Flow 19-1686] Generating 'Synthesis' target for IP 'imgds_linear_dense_q8_fdiv_32ns_32ns_32_16_no_dsp_1_ip'...
INFO: [IP_Flow 19-1686] Generating 'Simulation' target for IP 'imgds_linear_dense_q8_fdiv_32ns_32ns_32_16_no_dsp_1_ip'...
WARNING: [IP_Flow 19-4832] The IP name 'imgds_linear_dense_q8_fexp_32ns_32ns_32_10_full_dsp_1_ip' you have specified is long. The Windows operating system has path length limitations. It is recommended you use shorter names to reduce the likelihood of issues.
INFO: [IP_Flow 19-1686] Generating 'Synthesis' target for IP 'imgds_linear_dense_q8_fexp_32ns_32ns_32_10_full_dsp_1_ip'...
INFO: [IP_Flow 19-1686] Generating 'Simulation' target for IP 'imgds_linear_dense_q8_fexp_32ns_32ns_32_10_full_dsp_1_ip'...
WARNING: [IP_Flow 19-4832] The IP name 'imgds_linear_dense_q8_fpext_32ns_64_2_no_dsp_1_ip' you have specified is long. The Windows operating system has path length limitations. It is recommended you use shorter names to reduce the likelihood of issues.
INFO: [IP_Flow 19-1686] Generating 'Synthesis' target for IP 'imgds_linear_dense_q8_fpext_32ns_64_2_no_dsp_1_ip'...
INFO: [IP_Flow 19-1686] Generating 'Simulation' target for IP 'imgds_linear_dense_q8_fpext_32ns_64_2_no_dsp_1_ip'...
WARNING: [IP_Flow 19-4832] The IP name 'imgds_linear_dense_q8_fsqrt_32ns_32ns_32_16_no_dsp_1_ip' you have specified is long. The Windows operating system has path length limitations. It is recommended you use shorter names to reduce the likelihood of issues.
INFO: [IP_Flow 19-1686] Generating 'Synthesis' target for IP 'imgds_linear_dense_q8_fsqrt_32ns_32ns_32_16_no_dsp_1_ip'...
INFO: [IP_Flow 19-1686] Generating 'Simulation' target for IP 'imgds_linear_dense_q8_fsqrt_32ns_32ns_32_16_no_dsp_1_ip'...
INFO: [IP_Flow 19-234] Refreshing IP repositories
INFO: [IP_Flow 19-1704] No user IP repositories specified
INFO: [IP_Flow 19-2313] Loaded Vivado IP repository '/tools/Xilinx/Vivado/2022.2/data/ip'.
INFO: [Common 17-206] Exiting Vivado at Thu Jul  2 17:15:20 2026...
INFO: [HLS 200-802] Generated output file q8_s30_attn_sparse/solution1/impl/export.zip
INFO: [HLS 200-111] Finished Command export_design CPU user time: 17.73 seconds. CPU system time: 0.67 seconds. Elapsed time: 27.58 seconds; current allocated memory: 5.102 MB.
INFO: [HLS 200-112] Total CPU user time: 51.94 seconds. Total CPU system time: 2.22 seconds. Total elapsed time: 74.63 seconds; peak allocated memory: 722.820 MB.
INFO: [Common 17-206] Exiting vitis_hls at Thu Jul  2 17:15:31 2026...
