
****** Vitis HLS - High-Level Synthesis from C, C++ and OpenCL v2022.2 (64-bit)
  **** SW Build 3670227 on Oct 13 2022
  **** IP Build 3669848 on Fri Oct 14 08:30:02 MDT 2022
    ** Copyright 1986-2022 Xilinx, Inc. All Rights Reserved.

source /tools/Xilinx/Vitis_HLS/2022.2/scripts/vitis_hls/hls.tcl -notrace
INFO: [HLS 200-10] Running '/tools/Xilinx/Vitis_HLS/2022.2/bin/unwrapped/lnx64.o/vitis_hls'
INFO: [HLS 200-10] For user 'cym' on host 'cym-HP-OmniBook-7-Laptop-16-az0xxx' (Linux_x86_64 version 6.8.0-124-generic) on Tue Jun 30 20:29:17 CST 2026
INFO: [HLS 200-10] On os Ubuntu 22.04.5 LTS
INFO: [HLS 200-10] In directory '/home/cym/prj2/finn/notebooks/icl_thesis-master/experiments/imgds_linear_sparse/stage2_dense_hls_baselines/q32_s0/hls'
Sourcing Tcl script 'run_hls.tcl'
INFO: [HLS 200-1510] Running: open_project imgds_linear_dense_q32 
INFO: [HLS 200-10] Creating and opening project '/home/cym/prj2/finn/notebooks/icl_thesis-master/experiments/imgds_linear_sparse/stage2_dense_hls_baselines/q32_s0/hls/imgds_linear_dense_q32'.
INFO: [HLS 200-1510] Running: set_top imgds_linear_dense_q32 
INFO: [HLS 200-1510] Running: add_files src/imgds_linear_dense_q32.cpp 
INFO: [HLS 200-10] Adding design file 'src/imgds_linear_dense_q32.cpp' to the project
INFO: [HLS 200-1510] Running: add_files src/imgds_linear_dense_q32.h 
INFO: [HLS 200-10] Adding design file 'src/imgds_linear_dense_q32.h' to the project
INFO: [HLS 200-1510] Running: add_files src/hls_params_float.h 
INFO: [HLS 200-10] Adding design file 'src/hls_params_float.h' to the project
INFO: [HLS 200-1510] Running: add_files src/eval_samples_float.h 
INFO: [HLS 200-10] Adding design file 'src/eval_samples_float.h' to the project
INFO: [HLS 200-1510] Running: add_files src/testbench.cpp -tb 
INFO: [HLS 200-10] Adding test bench file 'src/testbench.cpp' to the project
INFO: [HLS 200-1510] Running: open_solution solution1 -flow_target vivado 
INFO: [HLS 200-10] Creating and opening solution '/home/cym/prj2/finn/notebooks/icl_thesis-master/experiments/imgds_linear_sparse/stage2_dense_hls_baselines/q32_s0/hls/imgds_linear_dense_q32/solution1'.
INFO: [HLS 200-1505] Using flow_target 'vivado'
Resolution: For help on HLS 200-1505 see www.xilinx.com/cgi-bin/docs/rdoc?v=2022.2;t=hls+guidance;d=200-1505.html
INFO: [HLS 200-435] Setting 'open_solution -flow_target vivado' configuration: config_interface -m_axi_latency=0
INFO: [HLS 200-1510] Running: set_part xc7z020clg400-1 
INFO: [HLS 200-1611] Setting target device to 'xc7z020-clg400-1'
INFO: [HLS 200-1510] Running: create_clock -period 10 -name default 
INFO: [SYN 201-201] Setting up clock 'default' with a period of 10ns.
INFO: [HLS 200-1510] Running: csim_design 
Running Dispatch Server on port: 43533
INFO: [SIM 211-2] *************** CSIM start ***************
INFO: [SIM 211-4] CSIM will launch GCC as the compiler.
   Compiling ../../../../src/testbench.cpp in debug mode
   Compiling ../../../../src/imgds_linear_dense_q32.cpp in debug mode
   Generating csim.exe
Q32-S0 CSIM Testbench
==========================
  Sample 0: HW=[0.627384,0.321226] Ref=[0.627245,0.321266] pred=0 ref=0 OK
  Sample 1: HW=[-3.375136,2.428178] Ref=[-3.374968,2.427998] pred=1 ref=1 OK
  Sample 2: HW=[-1.959312,2.167065] Ref=[-1.959294,2.166957] pred=1 ref=1 OK

Results (N=200):
  Prediction match rate: 1.0000
  Max abs error:        0.00052404
  Mean abs error:       0.00010890

CSIM PASSED.
INFO: [SIM 211-1] CSim done with 0 errors.
INFO: [SIM 211-3] *************** CSIM finish ***************
INFO: [HLS 200-111] Finished Command csim_design CPU user time: 7.15 seconds. CPU system time: 0.21 seconds. Elapsed time: 8.06 seconds; current allocated memory: 0.000 MB.
INFO: [HLS 200-112] Total CPU user time: 8.17 seconds. Total CPU system time: 0.42 seconds. Total elapsed time: 19.58 seconds; peak allocated memory: 305.594 MB.
INFO: [Common 17-206] Exiting vitis_hls at Tue Jun 30 20:29:36 2026...
