

================================================================
== Vitis HLS Report for 'unsw_linear_transformer_Pipeline_VITIS_LOOP_188_19'
================================================================
* Date:           Mon Jun 29 21:53:00 2026

* Version:        2022.2 (Build 3670227 on Oct 13 2022)
* Project:        unsw_linear_transformer_fixed16_v2_resource_prj
* Solution:       solution1 (Vivado IP Flow Target)
* Product family: zynq
* Target device:  xc7z020-clg400-1


================================================================
== Performance Estimates
================================================================
+ Timing: 
    * Summary: 
    +--------+----------+----------+------------+
    |  Clock |  Target  | Estimated| Uncertainty|
    +--------+----------+----------+------------+
    |ap_clk  |  10.00 ns|  4.880 ns|     2.70 ns|
    +--------+----------+----------+------------+

+ Latency: 
    * Summary: 
    +---------+---------+----------+----------+-----+-----+---------+
    |  Latency (cycles) |  Latency (absolute) |  Interval | Pipeline|
    |   min   |   max   |    min   |    max   | min | max |   Type  |
    +---------+---------+----------+----------+-----+-----+---------+
    |       26|       26|  0.260 us|  0.260 us|   26|   26|       no|
    +---------+---------+----------+----------+-----+-----+---------+

    + Detail: 
        * Instance: 
        N/A

        * Loop: 
        +---------------------+---------+---------+----------+-----------+-----------+------+----------+
        |                     |  Latency (cycles) | Iteration|  Initiation Interval  | Trip |          |
        |      Loop Name      |   min   |   max   |  Latency |  achieved |   target  | Count| Pipelined|
        +---------------------+---------+---------+----------+-----------+-----------+------+----------+
        |- VITIS_LOOP_188_19  |       24|       24|         3|          3|          4|     8|       yes|
        +---------------------+---------+---------+----------+-----------+-----------+------+----------+



================================================================
== Utilization Estimates
================================================================
* Summary: 
+-----------------+---------+-----+--------+-------+-----+
|       Name      | BRAM_18K| DSP |   FF   |  LUT  | URAM|
+-----------------+---------+-----+--------+-------+-----+
|DSP              |        -|    -|       -|      -|    -|
|Expression       |        -|    -|       0|    140|    -|
|FIFO             |        -|    -|       -|      -|    -|
|Instance         |        -|    -|       -|      -|    -|
|Memory           |        -|    -|       -|      -|    -|
|Multiplexer      |        -|    -|       -|     56|    -|
|Register         |        -|    -|      48|      -|    -|
+-----------------+---------+-----+--------+-------+-----+
|Total            |        0|    0|      48|    196|    0|
+-----------------+---------+-----+--------+-------+-----+
|Available        |      280|  220|  106400|  53200|    0|
+-----------------+---------+-----+--------+-------+-----+
|Utilization (%)  |        0|    0|      ~0|     ~0|    0|
+-----------------+---------+-----+--------+-------+-----+

+ Detail: 
    * Instance: 
    N/A

    * DSP: 
    N/A

    * Memory: 
    N/A

    * FIFO: 
    N/A

    * Expression: 
    +------------------------+----------+----+---+----+------------+------------+
    |      Variable Name     | Operation| DSP| FF| LUT| Bitwidth P0| Bitwidth P1|
    +------------------------+----------+----+---+----+------------+------------+
    |add_ln188_fu_113_p2     |         +|   0|  0|  13|           4|           1|
    |ret_V_fu_159_p2         |         +|   0|  0|  32|          25|          25|
    |sum_V_10_fu_173_p2      |         +|   0|  0|  31|          24|          24|
    |overflow_fu_193_p2      |       and|   0|  0|   2|           1|           1|
    |icmp_ln188_fu_107_p2    |      icmp|   0|  0|   9|           4|           5|
    |select_ln346_fu_205_p3  |    select|   0|  0|  25|           1|          23|
    |sum_V_fu_213_p3         |    select|   0|  0|  24|           1|          24|
    |xor_ln302_fu_199_p2     |       xor|   0|  0|   2|           1|           1|
    |xor_ln895_fu_187_p2     |       xor|   0|  0|   2|           1|           2|
    +------------------------+----------+----+---+----+------------+------------+
    |Total                   |          |   0|  0| 140|          62|         106|
    +------------------------+----------+----+---+----+------------+------------+

    * Multiplexer: 
    +-----------------------------+----+-----------+-----+-----------+
    |             Name            | LUT| Input Size| Bits| Total Bits|
    +-----------------------------+----+-----------+-----+-----------+
    |ap_NS_fsm                    |  20|          4|    1|          4|
    |ap_done_int                  |   9|          2|    1|          2|
    |ap_sig_allocacmp_sequence_1  |   9|          2|    4|          8|
    |lhs_fu_56                    |   9|          2|   24|         48|
    |sequence_fu_60               |   9|          2|    4|          8|
    +-----------------------------+----+-----------+-----+-----------+
    |Total                        |  56|         12|   34|         70|
    +-----------------------------+----+-----------+-----+-----------+

    * Register: 
    +----------------+----+----+-----+-----------+
    |      Name      | FF | LUT| Bits| Const Bits|
    +----------------+----+----+-----+-----------+
    |ap_CS_fsm       |   3|   0|    3|          0|
    |ap_done_reg     |   1|   0|    1|          0|
    |lhs_fu_56       |  24|   0|   24|          0|
    |rhs_reg_253     |  16|   0|   16|          0|
    |sequence_fu_60  |   4|   0|    4|          0|
    +----------------+----+----+-----+-----------+
    |Total           |  48|   0|   48|          0|
    +----------------+----+----+-----+-----------+



================================================================
== Interface
================================================================
* Summary: 
+---------------------+-----+-----+------------+----------------------------------------------------+--------------+
|      RTL Ports      | Dir | Bits|  Protocol  |                    Source Object                   |    C Type    |
+---------------------+-----+-----+------------+----------------------------------------------------+--------------+
|ap_clk               |   in|    1|  ap_ctrl_hs|  unsw_linear_transformer_Pipeline_VITIS_LOOP_188_19|  return value|
|ap_rst               |   in|    1|  ap_ctrl_hs|  unsw_linear_transformer_Pipeline_VITIS_LOOP_188_19|  return value|
|ap_start             |   in|    1|  ap_ctrl_hs|  unsw_linear_transformer_Pipeline_VITIS_LOOP_188_19|  return value|
|ap_done              |  out|    1|  ap_ctrl_hs|  unsw_linear_transformer_Pipeline_VITIS_LOOP_188_19|  return value|
|ap_idle              |  out|    1|  ap_ctrl_hs|  unsw_linear_transformer_Pipeline_VITIS_LOOP_188_19|  return value|
|ap_ready             |  out|    1|  ap_ctrl_hs|  unsw_linear_transformer_Pipeline_VITIS_LOOP_188_19|  return value|
|zext_ln186           |   in|    4|     ap_none|                                          zext_ln186|        scalar|
|key_V_address0       |  out|    7|   ap_memory|                                               key_V|         array|
|key_V_ce0            |  out|    1|   ap_memory|                                               key_V|         array|
|key_V_q0             |   in|   16|   ap_memory|                                               key_V|         array|
|sum_V_60_out         |  out|   24|      ap_vld|                                        sum_V_60_out|       pointer|
|sum_V_60_out_ap_vld  |  out|    1|      ap_vld|                                        sum_V_60_out|       pointer|
+---------------------+-----+-----+------------+----------------------------------------------------+--------------+

