

================================================================
== Vitis HLS Report for 'attention_v2_pruned_Pipeline_VITIS_LOOP_105_8_VITIS_LOOP_106_9_VITIS_LOOP_108_10'
================================================================
* Date:           Fri Jul  3 14:48:48 2026

* Version:        2022.2 (Build 3670227 on Oct 13 2022)
* Project:        q16_qksv2_d13_csynth
* Solution:       solution1 (Vivado IP Flow Target)
* Product family: zynq
* Target device:  xc7z020-clg400-1


================================================================
== Performance Estimates
================================================================
+ Timing: 
    * Summary: 
    +--------+----------+----------+------------+
    |  Clock |  Target  | Estimated| Uncertainty|
    +--------+----------+----------+------------+
    |ap_clk  |  10.00 ns|  7.903 ns|     2.70 ns|
    +--------+----------+----------+------------+

+ Latency: 
    * Summary: 
    +---------+---------+-----------+-----------+------+------+---------+
    |  Latency (cycles) |   Latency (absolute)  |   Interval  | Pipeline|
    |   min   |   max   |    min    |    max    |  min |  max |   Type  |
    +---------+---------+-----------+-----------+------+------+---------+
    |     3337|     3337|  33.370 us|  33.370 us|  3337|  3337|       no|
    +---------+---------+-----------+-----------+------+------+---------+

    + Detail: 
        * Instance: 
        N/A

        * Loop: 
        +-------------------------------------------------------+---------+---------+----------+-----------+-----------+------+----------+
        |                                                       |  Latency (cycles) | Iteration|  Initiation Interval  | Trip |          |
        |                       Loop Name                       |   min   |   max   |  Latency |  achieved |   target  | Count| Pipelined|
        +-------------------------------------------------------+---------+---------+----------+-----------+-----------+------+----------+
        |- VITIS_LOOP_105_8_VITIS_LOOP_106_9_VITIS_LOOP_108_10  |     3335|     3335|         9|          1|          1|  3328|       yes|
        +-------------------------------------------------------+---------+---------+----------+-----------+-----------+------+----------+

============================================================
+ Verbose Summary: Synthesis Manager
============================================================
InlineROM: 1
ExposeGlobal: 0
============================================================
+ Verbose Summary: CDFG Model
============================================================
IsTopModel: 0
ResetActiveHigh: 1
IsCombinational: 0
IsDatapathOnly: 0
HasWiredReturn: 1
HasMFsm: 2
HasVarLatency: 1
IsPipeline: 0
IsRtlPipelined: 0
IsInstanceOverlapped: 0
IsDontTouch: 0
HasImplIP: 0
IsGatedGlobalClock: 0

+ Individual pipeline summary: 
  * Pipeline-0: initiation interval (II) = 1, depth = 9


============================================================
+ Verbose Summary: Schedule
============================================================
* Number of FSM states : 9
* Pipeline : 1
  Pipeline-0 : II = 1, D = 9, States = { 1 2 3 4 5 6 7 8 9 }
* Dataflow Pipeline: 0

* FSM state transitions: 
1 --> 2 
2 --> 3 
3 --> 4 
4 --> 5 
5 --> 6 
6 --> 7 
7 --> 8 
8 --> 9 
9 --> 

* FSM state operations: 

State 1 <SV = 0> <Delay = 4.04>
ST_1 : Operation 12 [1/1] (0.00ns)   --->   "%lhs = alloca i32 1"   --->   Operation 12 'alloca' 'lhs' <Predicate = true> <Delay = 0.00>
ST_1 : Operation 13 [1/1] (0.00ns)   --->   "%t = alloca i32 1"   --->   Operation 13 'alloca' 't' <Predicate = true> <Delay = 0.00>
ST_1 : Operation 14 [1/1] (0.00ns)   --->   "%d2 = alloca i32 1"   --->   Operation 14 'alloca' 'd2' <Predicate = true> <Delay = 0.00>
ST_1 : Operation 15 [1/1] (0.00ns)   --->   "%indvar_flatten10 = alloca i32 1"   --->   Operation 15 'alloca' 'indvar_flatten10' <Predicate = true> <Delay = 0.00>
ST_1 : Operation 16 [1/1] (0.00ns)   --->   "%r = alloca i32 1"   --->   Operation 16 'alloca' 'r' <Predicate = true> <Delay = 0.00>
ST_1 : Operation 17 [1/1] (0.00ns)   --->   "%indvar_flatten26 = alloca i32 1"   --->   Operation 17 'alloca' 'indvar_flatten26' <Predicate = true> <Delay = 0.00>
ST_1 : Operation 18 [1/1] (1.58ns)   --->   "%store_ln0 = store i12 0, i12 %indvar_flatten26"   --->   Operation 18 'store' 'store_ln0' <Predicate = true> <Delay = 1.58>
ST_1 : Operation 19 [1/1] (1.58ns)   --->   "%store_ln0 = store i4 0, i4 %r"   --->   Operation 19 'store' 'store_ln0' <Predicate = true> <Delay = 1.58>
ST_1 : Operation 20 [1/1] (1.58ns)   --->   "%store_ln0 = store i10 0, i10 %indvar_flatten10"   --->   Operation 20 'store' 'store_ln0' <Predicate = true> <Delay = 1.58>
ST_1 : Operation 21 [1/1] (1.58ns)   --->   "%store_ln0 = store i5 0, i5 %d2"   --->   Operation 21 'store' 'store_ln0' <Predicate = true> <Delay = 1.58>
ST_1 : Operation 22 [1/1] (1.58ns)   --->   "%store_ln0 = store i5 0, i5 %t"   --->   Operation 22 'store' 'store_ln0' <Predicate = true> <Delay = 1.58>
ST_1 : Operation 23 [1/1] (1.58ns)   --->   "%store_ln0 = store i24 0, i24 %lhs"   --->   Operation 23 'store' 'store_ln0' <Predicate = true> <Delay = 1.58>
ST_1 : Operation 24 [1/1] (0.00ns)   --->   "%br_ln0 = br void %for.body145"   --->   Operation 24 'br' 'br_ln0' <Predicate = true> <Delay = 0.00>
ST_1 : Operation 25 [1/1] (0.00ns)   --->   "%indvar_flatten10_load = load i10 %indvar_flatten10" [/home/cym/prj2/finn/notebooks/icl_thesis-master/experiments/imgds_linear_sparse/final_paper_experiments/experiment1_qks_v2_physical_prune/hls_projects/q16_qksv2_d13/src/q16_qksv2_d13.cpp:106]   --->   Operation 25 'load' 'indvar_flatten10_load' <Predicate = true> <Delay = 0.00>
ST_1 : Operation 26 [1/1] (0.00ns)   --->   "%indvar_flatten26_load = load i12 %indvar_flatten26" [/home/cym/prj2/finn/notebooks/icl_thesis-master/experiments/imgds_linear_sparse/final_paper_experiments/experiment1_qks_v2_physical_prune/hls_projects/q16_qksv2_d13/src/q16_qksv2_d13.cpp:105]   --->   Operation 26 'load' 'indvar_flatten26_load' <Predicate = true> <Delay = 0.00>
ST_1 : Operation 27 [1/1] (1.99ns)   --->   "%icmp_ln105 = icmp_eq  i12 %indvar_flatten26_load, i12 3328" [/home/cym/prj2/finn/notebooks/icl_thesis-master/experiments/imgds_linear_sparse/final_paper_experiments/experiment1_qks_v2_physical_prune/hls_projects/q16_qksv2_d13/src/q16_qksv2_d13.cpp:105]   --->   Operation 27 'icmp' 'icmp_ln105' <Predicate = true> <Delay = 1.99> <CoreInst = "Cmp">   --->   Core 9 'Cmp' <Latency = 0> <II = 1> <Delay = 1.99> <FuncUnit> <Opcode : 'icmp'> <InPorts = 2> <OutPorts = 1>
ST_1 : Operation 28 [1/1] (1.54ns)   --->   "%add_ln105_1 = add i12 %indvar_flatten26_load, i12 1" [/home/cym/prj2/finn/notebooks/icl_thesis-master/experiments/imgds_linear_sparse/final_paper_experiments/experiment1_qks_v2_physical_prune/hls_projects/q16_qksv2_d13/src/q16_qksv2_d13.cpp:105]   --->   Operation 28 'add' 'add_ln105_1' <Predicate = true> <Delay = 1.54> <CoreInst = "Adder">   --->   Core 1 'Adder' <Latency = 0> <II = 1> <Delay = 1.54> <FuncUnit> <Opcode : 'add' 'sub'> <InPorts = 2> <OutPorts = 1>
ST_1 : Operation 29 [1/1] (0.00ns)   --->   "%br_ln105 = br i1 %icmp_ln105, void %for.inc167, void %for.body181.preheader.exitStub" [/home/cym/prj2/finn/notebooks/icl_thesis-master/experiments/imgds_linear_sparse/final_paper_experiments/experiment1_qks_v2_physical_prune/hls_projects/q16_qksv2_d13/src/q16_qksv2_d13.cpp:105]   --->   Operation 29 'br' 'br_ln105' <Predicate = true> <Delay = 0.00>
ST_1 : Operation 30 [1/1] (1.77ns)   --->   "%icmp_ln106 = icmp_eq  i10 %indvar_flatten10_load, i10 256" [/home/cym/prj2/finn/notebooks/icl_thesis-master/experiments/imgds_linear_sparse/final_paper_experiments/experiment1_qks_v2_physical_prune/hls_projects/q16_qksv2_d13/src/q16_qksv2_d13.cpp:106]   --->   Operation 30 'icmp' 'icmp_ln106' <Predicate = (!icmp_ln105)> <Delay = 1.77> <CoreInst = "Cmp">   --->   Core 9 'Cmp' <Latency = 0> <II = 1> <Delay = 1.77> <FuncUnit> <Opcode : 'icmp'> <InPorts = 2> <OutPorts = 1>
ST_1 : Operation 31 [1/1] (1.73ns)   --->   "%add_ln106_1 = add i10 %indvar_flatten10_load, i10 1" [/home/cym/prj2/finn/notebooks/icl_thesis-master/experiments/imgds_linear_sparse/final_paper_experiments/experiment1_qks_v2_physical_prune/hls_projects/q16_qksv2_d13/src/q16_qksv2_d13.cpp:106]   --->   Operation 31 'add' 'add_ln106_1' <Predicate = (!icmp_ln105)> <Delay = 1.73> <CoreInst = "Adder">   --->   Core 1 'Adder' <Latency = 0> <II = 1> <Delay = 1.73> <FuncUnit> <Opcode : 'add' 'sub'> <InPorts = 2> <OutPorts = 1>
ST_1 : Operation 32 [1/1] (0.68ns)   --->   "%select_ln106_3 = select i1 %icmp_ln106, i10 1, i10 %add_ln106_1" [/home/cym/prj2/finn/notebooks/icl_thesis-master/experiments/imgds_linear_sparse/final_paper_experiments/experiment1_qks_v2_physical_prune/hls_projects/q16_qksv2_d13/src/q16_qksv2_d13.cpp:106]   --->   Operation 32 'select' 'select_ln106_3' <Predicate = (!icmp_ln105)> <Delay = 0.68> <CoreInst = "Sel">   --->   Core 73 'Sel' <Latency = 0> <II = 1> <Delay = 0.68> <FuncUnit> <Opcode : 'select'> <InPorts = 3> <OutPorts = 1>
ST_1 : Operation 33 [1/1] (1.58ns)   --->   "%store_ln105 = store i12 %add_ln105_1, i12 %indvar_flatten26" [/home/cym/prj2/finn/notebooks/icl_thesis-master/experiments/imgds_linear_sparse/final_paper_experiments/experiment1_qks_v2_physical_prune/hls_projects/q16_qksv2_d13/src/q16_qksv2_d13.cpp:105]   --->   Operation 33 'store' 'store_ln105' <Predicate = (!icmp_ln105)> <Delay = 1.58>
ST_1 : Operation 34 [1/1] (1.58ns)   --->   "%store_ln106 = store i10 %select_ln106_3, i10 %indvar_flatten10" [/home/cym/prj2/finn/notebooks/icl_thesis-master/experiments/imgds_linear_sparse/final_paper_experiments/experiment1_qks_v2_physical_prune/hls_projects/q16_qksv2_d13/src/q16_qksv2_d13.cpp:106]   --->   Operation 34 'store' 'store_ln106' <Predicate = (!icmp_ln105)> <Delay = 1.58>

State 2 <SV = 1> <Delay = 7.90>
ST_2 : Operation 35 [1/1] (0.00ns)   --->   "%t_load = load i5 %t" [/home/cym/prj2/finn/notebooks/icl_thesis-master/experiments/imgds_linear_sparse/final_paper_experiments/experiment1_qks_v2_physical_prune/hls_projects/q16_qksv2_d13/src/q16_qksv2_d13.cpp:108]   --->   Operation 35 'load' 't_load' <Predicate = true> <Delay = 0.00>
ST_2 : Operation 36 [1/1] (0.00ns) (grouped into LUT with out node and_ln105)   --->   "%xor_ln105 = xor i1 %icmp_ln106, i1 1" [/home/cym/prj2/finn/notebooks/icl_thesis-master/experiments/imgds_linear_sparse/final_paper_experiments/experiment1_qks_v2_physical_prune/hls_projects/q16_qksv2_d13/src/q16_qksv2_d13.cpp:105]   --->   Operation 36 'xor' 'xor_ln105' <Predicate = true> <Delay = 0.00> <CoreInst = "LogicGate">   --->   Core 74 'LogicGate' <Latency = 0> <II = 1> <Delay = 0.97> <FuncUnit> <Opcode : 'and' 'or' 'xor'> <InPorts = 2> <OutPorts = 1>
ST_2 : Operation 37 [1/1] (1.36ns)   --->   "%icmp_ln108 = icmp_eq  i5 %t_load, i5 16" [/home/cym/prj2/finn/notebooks/icl_thesis-master/experiments/imgds_linear_sparse/final_paper_experiments/experiment1_qks_v2_physical_prune/hls_projects/q16_qksv2_d13/src/q16_qksv2_d13.cpp:108]   --->   Operation 37 'icmp' 'icmp_ln108' <Predicate = true> <Delay = 1.36> <CoreInst = "Cmp">   --->   Core 9 'Cmp' <Latency = 0> <II = 1> <Delay = 1.36> <FuncUnit> <Opcode : 'icmp'> <InPorts = 2> <OutPorts = 1>
ST_2 : Operation 38 [1/1] (0.97ns) (out node of the LUT)   --->   "%and_ln105 = and i1 %icmp_ln108, i1 %xor_ln105" [/home/cym/prj2/finn/notebooks/icl_thesis-master/experiments/imgds_linear_sparse/final_paper_experiments/experiment1_qks_v2_physical_prune/hls_projects/q16_qksv2_d13/src/q16_qksv2_d13.cpp:105]   --->   Operation 38 'and' 'and_ln105' <Predicate = true> <Delay = 0.97> <CoreInst = "LogicGate">   --->   Core 74 'LogicGate' <Latency = 0> <II = 1> <Delay = 0.97> <FuncUnit> <Opcode : 'and' 'or' 'xor'> <InPorts = 2> <OutPorts = 1>
ST_2 : Operation 39 [1/1] (0.97ns)   --->   "%or_ln106 = or i1 %and_ln105, i1 %icmp_ln106" [/home/cym/prj2/finn/notebooks/icl_thesis-master/experiments/imgds_linear_sparse/final_paper_experiments/experiment1_qks_v2_physical_prune/hls_projects/q16_qksv2_d13/src/q16_qksv2_d13.cpp:106]   --->   Operation 39 'or' 'or_ln106' <Predicate = true> <Delay = 0.97> <CoreInst = "LogicGate">   --->   Core 74 'LogicGate' <Latency = 0> <II = 1> <Delay = 0.97> <FuncUnit> <Opcode : 'and' 'or' 'xor'> <InPorts = 2> <OutPorts = 1>
ST_2 : Operation 40 [1/1] (1.21ns)   --->   "%select_ln106 = select i1 %or_ln106, i5 0, i5 %t_load" [/home/cym/prj2/finn/notebooks/icl_thesis-master/experiments/imgds_linear_sparse/final_paper_experiments/experiment1_qks_v2_physical_prune/hls_projects/q16_qksv2_d13/src/q16_qksv2_d13.cpp:106]   --->   Operation 40 'select' 'select_ln106' <Predicate = true> <Delay = 1.21> <CoreInst = "Sel">   --->   Core 73 'Sel' <Latency = 0> <II = 1> <Delay = 1.21> <FuncUnit> <Opcode : 'select'> <InPorts = 3> <OutPorts = 1>
ST_2 : Operation 41 [1/1] (0.00ns)   --->   "%trunc_ln106 = trunc i5 %select_ln106" [/home/cym/prj2/finn/notebooks/icl_thesis-master/experiments/imgds_linear_sparse/final_paper_experiments/experiment1_qks_v2_physical_prune/hls_projects/q16_qksv2_d13/src/q16_qksv2_d13.cpp:106]   --->   Operation 41 'trunc' 'trunc_ln106' <Predicate = true> <Delay = 0.00>
ST_2 : Operation 42 [1/1] (0.00ns)   --->   "%zext_ln1271 = zext i5 %select_ln106"   --->   Operation 42 'zext' 'zext_ln1271' <Predicate = true> <Delay = 0.00>
ST_2 : Operation 43 [3/3] (1.05ns) (grouped into DSP with root node add_ln1271)   --->   "%mul_ln1271 = mul i8 %zext_ln1271, i8 13"   --->   Operation 43 'mul' 'mul_ln1271' <Predicate = true> <Delay = 1.05> <CoreInst = "DSP48">   --->   Core 119 'DSP48' <Latency = 3> <II = 1> <Delay = 2.15> <IPBlock> <Opcode : 'mul' 'add' 'sub' 'select'> <InPorts = 0> <OutPorts = 1> <Sync> <CReg>
ST_2 : Operation 44 [1/1] (1.78ns)   --->   "%add_ln108 = add i5 %select_ln106, i5 1" [/home/cym/prj2/finn/notebooks/icl_thesis-master/experiments/imgds_linear_sparse/final_paper_experiments/experiment1_qks_v2_physical_prune/hls_projects/q16_qksv2_d13/src/q16_qksv2_d13.cpp:108]   --->   Operation 44 'add' 'add_ln108' <Predicate = true> <Delay = 1.78> <CoreInst = "Adder">   --->   Core 1 'Adder' <Latency = 0> <II = 1> <Delay = 1.78> <FuncUnit> <Opcode : 'add' 'sub'> <InPorts = 2> <OutPorts = 1>
ST_2 : Operation 45 [1/1] (1.58ns)   --->   "%store_ln108 = store i5 %add_ln108, i5 %t" [/home/cym/prj2/finn/notebooks/icl_thesis-master/experiments/imgds_linear_sparse/final_paper_experiments/experiment1_qks_v2_physical_prune/hls_projects/q16_qksv2_d13/src/q16_qksv2_d13.cpp:108]   --->   Operation 45 'store' 'store_ln108' <Predicate = true> <Delay = 1.58>

State 3 <SV = 2> <Delay = 1.36>
ST_3 : Operation 46 [2/3] (1.05ns) (grouped into DSP with root node add_ln1271)   --->   "%mul_ln1271 = mul i8 %zext_ln1271, i8 13"   --->   Operation 46 'mul' 'mul_ln1271' <Predicate = true> <Delay = 1.05> <CoreInst = "DSP48">   --->   Core 119 'DSP48' <Latency = 3> <II = 1> <Delay = 2.15> <IPBlock> <Opcode : 'mul' 'add' 'sub' 'select'> <InPorts = 0> <OutPorts = 1> <Sync> <CReg>
ST_3 : Operation 47 [1/1] (1.36ns)   --->   "%icmp_ln108_1 = icmp_eq  i5 %add_ln108, i5 16" [/home/cym/prj2/finn/notebooks/icl_thesis-master/experiments/imgds_linear_sparse/final_paper_experiments/experiment1_qks_v2_physical_prune/hls_projects/q16_qksv2_d13/src/q16_qksv2_d13.cpp:108]   --->   Operation 47 'icmp' 'icmp_ln108_1' <Predicate = true> <Delay = 1.36> <CoreInst = "Cmp">   --->   Core 9 'Cmp' <Latency = 0> <II = 1> <Delay = 1.36> <FuncUnit> <Opcode : 'icmp'> <InPorts = 2> <OutPorts = 1>
ST_3 : Operation 48 [1/1] (0.00ns)   --->   "%br_ln108 = br i1 %icmp_ln108_1, void %ifFalse4, void %ifTrue3" [/home/cym/prj2/finn/notebooks/icl_thesis-master/experiments/imgds_linear_sparse/final_paper_experiments/experiment1_qks_v2_physical_prune/hls_projects/q16_qksv2_d13/src/q16_qksv2_d13.cpp:108]   --->   Operation 48 'br' 'br_ln108' <Predicate = true> <Delay = 0.00>

State 4 <SV = 3> <Delay = 5.79>
ST_4 : Operation 49 [1/1] (0.00ns)   --->   "%d2_load = load i5 %d2" [/home/cym/prj2/finn/notebooks/icl_thesis-master/experiments/imgds_linear_sparse/final_paper_experiments/experiment1_qks_v2_physical_prune/hls_projects/q16_qksv2_d13/src/q16_qksv2_d13.cpp:105]   --->   Operation 49 'load' 'd2_load' <Predicate = (!icmp_ln106)> <Delay = 0.00>
ST_4 : Operation 50 [1/1] (0.00ns)   --->   "%r_load = load i4 %r" [/home/cym/prj2/finn/notebooks/icl_thesis-master/experiments/imgds_linear_sparse/final_paper_experiments/experiment1_qks_v2_physical_prune/hls_projects/q16_qksv2_d13/src/q16_qksv2_d13.cpp:105]   --->   Operation 50 'load' 'r_load' <Predicate = true> <Delay = 0.00>
ST_4 : Operation 51 [1/1] (1.73ns)   --->   "%add_ln105 = add i4 %r_load, i4 1" [/home/cym/prj2/finn/notebooks/icl_thesis-master/experiments/imgds_linear_sparse/final_paper_experiments/experiment1_qks_v2_physical_prune/hls_projects/q16_qksv2_d13/src/q16_qksv2_d13.cpp:105]   --->   Operation 51 'add' 'add_ln105' <Predicate = (icmp_ln106)> <Delay = 1.73> <CoreInst = "Adder">   --->   Core 1 'Adder' <Latency = 0> <II = 1> <Delay = 1.73> <FuncUnit> <Opcode : 'add' 'sub'> <InPorts = 2> <OutPorts = 1>
ST_4 : Operation 52 [1/1] (1.21ns)   --->   "%select_ln105 = select i1 %icmp_ln106, i5 0, i5 %d2_load" [/home/cym/prj2/finn/notebooks/icl_thesis-master/experiments/imgds_linear_sparse/final_paper_experiments/experiment1_qks_v2_physical_prune/hls_projects/q16_qksv2_d13/src/q16_qksv2_d13.cpp:105]   --->   Operation 52 'select' 'select_ln105' <Predicate = true> <Delay = 1.21> <CoreInst = "Sel">   --->   Core 73 'Sel' <Latency = 0> <II = 1> <Delay = 1.21> <FuncUnit> <Opcode : 'select'> <InPorts = 3> <OutPorts = 1>
ST_4 : Operation 53 [1/1] (1.02ns)   --->   "%select_ln105_1 = select i1 %icmp_ln106, i4 %add_ln105, i4 %r_load" [/home/cym/prj2/finn/notebooks/icl_thesis-master/experiments/imgds_linear_sparse/final_paper_experiments/experiment1_qks_v2_physical_prune/hls_projects/q16_qksv2_d13/src/q16_qksv2_d13.cpp:105]   --->   Operation 53 'select' 'select_ln105_1' <Predicate = true> <Delay = 1.02> <CoreInst = "Sel">   --->   Core 73 'Sel' <Latency = 0> <II = 1> <Delay = 1.02> <FuncUnit> <Opcode : 'select'> <InPorts = 3> <OutPorts = 1>
ST_4 : Operation 54 [1/1] (0.00ns)   --->   "%zext_ln112 = zext i4 %select_ln105_1" [/home/cym/prj2/finn/notebooks/icl_thesis-master/experiments/imgds_linear_sparse/final_paper_experiments/experiment1_qks_v2_physical_prune/hls_projects/q16_qksv2_d13/src/q16_qksv2_d13.cpp:112]   --->   Operation 54 'zext' 'zext_ln112' <Predicate = true> <Delay = 0.00>
ST_4 : Operation 55 [1/1] (1.78ns)   --->   "%add_ln106 = add i5 %select_ln105, i5 1" [/home/cym/prj2/finn/notebooks/icl_thesis-master/experiments/imgds_linear_sparse/final_paper_experiments/experiment1_qks_v2_physical_prune/hls_projects/q16_qksv2_d13/src/q16_qksv2_d13.cpp:106]   --->   Operation 55 'add' 'add_ln106' <Predicate = (and_ln105)> <Delay = 1.78> <CoreInst = "Adder">   --->   Core 1 'Adder' <Latency = 0> <II = 1> <Delay = 1.78> <FuncUnit> <Opcode : 'add' 'sub'> <InPorts = 2> <OutPorts = 1>
ST_4 : Operation 56 [1/1] (1.21ns)   --->   "%select_ln106_1 = select i1 %and_ln105, i5 %add_ln106, i5 %select_ln105" [/home/cym/prj2/finn/notebooks/icl_thesis-master/experiments/imgds_linear_sparse/final_paper_experiments/experiment1_qks_v2_physical_prune/hls_projects/q16_qksv2_d13/src/q16_qksv2_d13.cpp:106]   --->   Operation 56 'select' 'select_ln106_1' <Predicate = true> <Delay = 1.21> <CoreInst = "Sel">   --->   Core 73 'Sel' <Latency = 0> <II = 1> <Delay = 1.21> <FuncUnit> <Opcode : 'select'> <InPorts = 3> <OutPorts = 1>
ST_4 : Operation 57 [1/3] (0.00ns) (grouped into DSP with root node add_ln1271)   --->   "%mul_ln1271 = mul i8 %zext_ln1271, i8 13"   --->   Operation 57 'mul' 'mul_ln1271' <Predicate = true> <Delay = 0.00> <CoreInst = "DSP48">   --->   Core 119 'DSP48' <Latency = 3> <II = 1> <Delay = 2.15> <IPBlock> <Opcode : 'mul' 'add' 'sub' 'select'> <InPorts = 0> <OutPorts = 1> <Sync> <CReg>
ST_4 : Operation 58 [2/2] (2.10ns) (root node of the DSP)   --->   "%add_ln1271 = add i8 %mul_ln1271, i8 %zext_ln112"   --->   Operation 58 'add' 'add_ln1271' <Predicate = true> <Delay = 2.10> <CoreInst = "DSP48">   --->   Core 119 'DSP48' <Latency = 3> <II = 1> <Delay = 2.15> <IPBlock> <Opcode : 'mul' 'add' 'sub' 'select'> <InPorts = 0> <OutPorts = 1> <Sync> <CReg>
ST_4 : Operation 59 [1/1] (1.58ns)   --->   "%store_ln105 = store i4 %select_ln105_1, i4 %r" [/home/cym/prj2/finn/notebooks/icl_thesis-master/experiments/imgds_linear_sparse/final_paper_experiments/experiment1_qks_v2_physical_prune/hls_projects/q16_qksv2_d13/src/q16_qksv2_d13.cpp:105]   --->   Operation 59 'store' 'store_ln105' <Predicate = true> <Delay = 1.58>
ST_4 : Operation 60 [1/1] (1.58ns)   --->   "%store_ln106 = store i5 %select_ln106_1, i5 %d2" [/home/cym/prj2/finn/notebooks/icl_thesis-master/experiments/imgds_linear_sparse/final_paper_experiments/experiment1_qks_v2_physical_prune/hls_projects/q16_qksv2_d13/src/q16_qksv2_d13.cpp:106]   --->   Operation 60 'store' 'store_ln106' <Predicate = true> <Delay = 1.58>

State 5 <SV = 4> <Delay = 5.35>
ST_5 : Operation 61 [1/1] (0.00ns)   --->   "%tmp_s = bitconcatenate i8 @_ssdm_op_BitConcatenate.i8.i4.i4, i4 %select_ln105_1, i4 0" [/home/cym/prj2/finn/notebooks/icl_thesis-master/experiments/imgds_linear_sparse/final_paper_experiments/experiment1_qks_v2_physical_prune/hls_projects/q16_qksv2_d13/src/q16_qksv2_d13.cpp:112]   --->   Operation 61 'bitconcatenate' 'tmp_s' <Predicate = true> <Delay = 0.00>
ST_5 : Operation 62 [1/1] (0.00ns)   --->   "%zext_ln112_1 = zext i5 %select_ln106_1" [/home/cym/prj2/finn/notebooks/icl_thesis-master/experiments/imgds_linear_sparse/final_paper_experiments/experiment1_qks_v2_physical_prune/hls_projects/q16_qksv2_d13/src/q16_qksv2_d13.cpp:112]   --->   Operation 62 'zext' 'zext_ln112_1' <Predicate = true> <Delay = 0.00>
ST_5 : Operation 63 [1/1] (1.91ns)   --->   "%add_ln112 = add i8 %tmp_s, i8 %zext_ln112_1" [/home/cym/prj2/finn/notebooks/icl_thesis-master/experiments/imgds_linear_sparse/final_paper_experiments/experiment1_qks_v2_physical_prune/hls_projects/q16_qksv2_d13/src/q16_qksv2_d13.cpp:112]   --->   Operation 63 'add' 'add_ln112' <Predicate = true> <Delay = 1.91> <CoreInst = "Adder">   --->   Core 1 'Adder' <Latency = 0> <II = 1> <Delay = 1.91> <FuncUnit> <Opcode : 'add' 'sub'> <InPorts = 2> <OutPorts = 1>
ST_5 : Operation 64 [1/2] (2.10ns) (root node of the DSP)   --->   "%add_ln1271 = add i8 %mul_ln1271, i8 %zext_ln112"   --->   Operation 64 'add' 'add_ln1271' <Predicate = true> <Delay = 2.10> <CoreInst = "DSP48">   --->   Core 119 'DSP48' <Latency = 3> <II = 1> <Delay = 2.15> <IPBlock> <Opcode : 'mul' 'add' 'sub' 'select'> <InPorts = 0> <OutPorts = 1> <Sync> <CReg>
ST_5 : Operation 65 [1/1] (0.00ns)   --->   "%zext_ln1271_11 = zext i8 %add_ln1271"   --->   Operation 65 'zext' 'zext_ln1271_11' <Predicate = true> <Delay = 0.00>
ST_5 : Operation 66 [1/1] (0.00ns)   --->   "%K_V_addr = getelementptr i16 %K_V, i64 0, i64 %zext_ln1271_11"   --->   Operation 66 'getelementptr' 'K_V_addr' <Predicate = true> <Delay = 0.00>
ST_5 : Operation 67 [1/1] (0.00ns)   --->   "%tmp_60 = bitconcatenate i8 @_ssdm_op_BitConcatenate.i8.i4.i4, i4 %trunc_ln106, i4 0"   --->   Operation 67 'bitconcatenate' 'tmp_60' <Predicate = true> <Delay = 0.00>
ST_5 : Operation 68 [1/1] (1.91ns)   --->   "%add_ln1273 = add i8 %tmp_60, i8 %zext_ln112_1"   --->   Operation 68 'add' 'add_ln1273' <Predicate = true> <Delay = 1.91> <CoreInst = "Adder">   --->   Core 1 'Adder' <Latency = 0> <II = 1> <Delay = 1.91> <FuncUnit> <Opcode : 'add' 'sub'> <InPorts = 2> <OutPorts = 1>
ST_5 : Operation 69 [1/1] (0.00ns)   --->   "%zext_ln1273 = zext i8 %add_ln1273"   --->   Operation 69 'zext' 'zext_ln1273' <Predicate = true> <Delay = 0.00>
ST_5 : Operation 70 [1/1] (0.00ns)   --->   "%V_V_addr = getelementptr i16 %V_V, i64 0, i64 %zext_ln1273"   --->   Operation 70 'getelementptr' 'V_V_addr' <Predicate = true> <Delay = 0.00>
ST_5 : Operation 71 [2/2] (3.25ns)   --->   "%r_V = load i8 %K_V_addr"   --->   Operation 71 'load' 'r_V' <Predicate = true> <Delay = 3.25> <CoreInst = "RAM">   --->   Core 82 'RAM' <Latency = 1> <II = 1> <Delay = 3.25> <Storage> <Opcode : 'load' 'store'> <Ports = 2> <Width = 16> <Depth = 208> <RAM>
ST_5 : Operation 72 [2/2] (3.25ns)   --->   "%V_V_load = load i8 %V_V_addr"   --->   Operation 72 'load' 'V_V_load' <Predicate = true> <Delay = 3.25> <CoreInst = "RAM">   --->   Core 82 'RAM' <Latency = 1> <II = 1> <Delay = 3.25> <Storage> <Opcode : 'load' 'store'> <Ports = 2> <Width = 16> <Depth = 256> <RAM>

State 6 <SV = 5> <Delay = 4.30>
ST_6 : Operation 73 [1/2] (3.25ns)   --->   "%r_V = load i8 %K_V_addr"   --->   Operation 73 'load' 'r_V' <Predicate = true> <Delay = 3.25> <CoreInst = "RAM">   --->   Core 82 'RAM' <Latency = 1> <II = 1> <Delay = 3.25> <Storage> <Opcode : 'load' 'store'> <Ports = 2> <Width = 16> <Depth = 208> <RAM>
ST_6 : Operation 74 [1/1] (0.00ns)   --->   "%sext_ln1347_16 = sext i16 %r_V"   --->   Operation 74 'sext' 'sext_ln1347_16' <Predicate = true> <Delay = 0.00>
ST_6 : Operation 75 [1/2] (3.25ns)   --->   "%V_V_load = load i8 %V_V_addr"   --->   Operation 75 'load' 'V_V_load' <Predicate = true> <Delay = 3.25> <CoreInst = "RAM">   --->   Core 82 'RAM' <Latency = 1> <II = 1> <Delay = 3.25> <Storage> <Opcode : 'load' 'store'> <Ports = 2> <Width = 16> <Depth = 256> <RAM>
ST_6 : Operation 76 [1/1] (0.00ns)   --->   "%sext_ln1347 = sext i16 %V_V_load"   --->   Operation 76 'sext' 'sext_ln1347' <Predicate = true> <Delay = 0.00>
ST_6 : Operation 77 [3/3] (1.05ns) (grouped into DSP with root node ret_V)   --->   "%mul_ln1347 = mul i30 %sext_ln1347, i30 %sext_ln1347_16"   --->   Operation 77 'mul' 'mul_ln1347' <Predicate = true> <Delay = 1.05> <CoreInst = "DSP48">   --->   Core 119 'DSP48' <Latency = 3> <II = 1> <Delay = 2.15> <IPBlock> <Opcode : 'mul' 'add' 'sub' 'select'> <InPorts = 0> <OutPorts = 1> <Sync> <CReg>

State 7 <SV = 6> <Delay = 1.05>
ST_7 : Operation 78 [2/3] (1.05ns) (grouped into DSP with root node ret_V)   --->   "%mul_ln1347 = mul i30 %sext_ln1347, i30 %sext_ln1347_16"   --->   Operation 78 'mul' 'mul_ln1347' <Predicate = true> <Delay = 1.05> <CoreInst = "DSP48">   --->   Core 119 'DSP48' <Latency = 3> <II = 1> <Delay = 2.15> <IPBlock> <Opcode : 'mul' 'add' 'sub' 'select'> <InPorts = 0> <OutPorts = 1> <Sync> <CReg>

State 8 <SV = 7> <Delay = 2.79>
ST_8 : Operation 79 [1/1] (0.00ns)   --->   "%lhs_load = load i24 %lhs" [/home/cym/prj2/finn/notebooks/icl_thesis-master/experiments/imgds_linear_sparse/final_paper_experiments/experiment1_qks_v2_physical_prune/hls_projects/q16_qksv2_d13/src/q16_qksv2_d13.cpp:106]   --->   Operation 79 'load' 'lhs_load' <Predicate = (!or_ln106)> <Delay = 0.00>
ST_8 : Operation 80 [1/3] (0.00ns) (grouped into DSP with root node ret_V)   --->   "%mul_ln1347 = mul i30 %sext_ln1347, i30 %sext_ln1347_16"   --->   Operation 80 'mul' 'mul_ln1347' <Predicate = true> <Delay = 0.00> <CoreInst = "DSP48">   --->   Core 119 'DSP48' <Latency = 3> <II = 1> <Delay = 2.15> <IPBlock> <Opcode : 'mul' 'add' 'sub' 'select'> <InPorts = 0> <OutPorts = 1> <Sync> <CReg>
ST_8 : Operation 81 [1/1] (0.69ns)   --->   "%select_ln106_2 = select i1 %or_ln106, i24 0, i24 %lhs_load" [/home/cym/prj2/finn/notebooks/icl_thesis-master/experiments/imgds_linear_sparse/final_paper_experiments/experiment1_qks_v2_physical_prune/hls_projects/q16_qksv2_d13/src/q16_qksv2_d13.cpp:106]   --->   Operation 81 'select' 'select_ln106_2' <Predicate = true> <Delay = 0.69> <CoreInst = "Sel">   --->   Core 73 'Sel' <Latency = 0> <II = 1> <Delay = 0.69> <FuncUnit> <Opcode : 'select'> <InPorts = 3> <OutPorts = 1>
ST_8 : Operation 82 [1/1] (0.00ns)   --->   "%lhs_60 = bitconcatenate i30 @_ssdm_op_BitConcatenate.i30.i24.i6, i24 %select_ln106_2, i6 0"   --->   Operation 82 'bitconcatenate' 'lhs_60' <Predicate = true> <Delay = 0.00>
ST_8 : Operation 83 [2/2] (2.10ns) (root node of the DSP)   --->   "%ret_V = add i30 %lhs_60, i30 %mul_ln1347"   --->   Operation 83 'add' 'ret_V' <Predicate = true> <Delay = 2.10> <CoreInst = "DSP48">   --->   Core 119 'DSP48' <Latency = 3> <II = 1> <Delay = 2.15> <IPBlock> <Opcode : 'mul' 'add' 'sub' 'select'> <InPorts = 0> <OutPorts = 1> <Sync> <CReg>
ST_8 : Operation 98 [1/1] (0.00ns)   --->   "%ret_ln0 = ret"   --->   Operation 98 'ret' 'ret_ln0' <Predicate = (icmp_ln105)> <Delay = 0.00>

State 9 <SV = 8> <Delay = 5.35>
ST_9 : Operation 84 [1/1] (0.00ns)   --->   "%specloopname_ln0 = specloopname void @_ssdm_op_SpecLoopName, void @VITIS_LOOP_105_8_VITIS_LOOP_106_9_VITIS_LOOP_108_10_str"   --->   Operation 84 'specloopname' 'specloopname_ln0' <Predicate = true> <Delay = 0.00>
ST_9 : Operation 85 [1/1] (0.00ns)   --->   "%empty = speclooptripcount i32 @_ssdm_op_SpecLoopTripCount, i64 3328, i64 3328, i64 3328"   --->   Operation 85 'speclooptripcount' 'empty' <Predicate = true> <Delay = 0.00>
ST_9 : Operation 86 [1/1] (0.00ns)   --->   "%specloopname_ln0 = specloopname void @_ssdm_op_SpecLoopName, void @VITIS_LOOP_106_9_VITIS_LOOP_108_10_str"   --->   Operation 86 'specloopname' 'specloopname_ln0' <Predicate = true> <Delay = 0.00>
ST_9 : Operation 87 [1/1] (0.00ns)   --->   "%zext_ln112_2 = zext i8 %add_ln112" [/home/cym/prj2/finn/notebooks/icl_thesis-master/experiments/imgds_linear_sparse/final_paper_experiments/experiment1_qks_v2_physical_prune/hls_projects/q16_qksv2_d13/src/q16_qksv2_d13.cpp:112]   --->   Operation 87 'zext' 'zext_ln112_2' <Predicate = true> <Delay = 0.00>
ST_9 : Operation 88 [1/1] (0.00ns)   --->   "%KV_V_addr = getelementptr i16 %KV_V, i64 0, i64 %zext_ln112_2" [/home/cym/prj2/finn/notebooks/icl_thesis-master/experiments/imgds_linear_sparse/final_paper_experiments/experiment1_qks_v2_physical_prune/hls_projects/q16_qksv2_d13/src/q16_qksv2_d13.cpp:112]   --->   Operation 88 'getelementptr' 'KV_V_addr' <Predicate = true> <Delay = 0.00>
ST_9 : Operation 89 [1/1] (0.00ns)   --->   "%specpipeline_ln109 = specpipeline void @_ssdm_op_SpecPipeline, i32 1, i32 0, i32 0, i32 0, void @empty_11" [/home/cym/prj2/finn/notebooks/icl_thesis-master/experiments/imgds_linear_sparse/final_paper_experiments/experiment1_qks_v2_physical_prune/hls_projects/q16_qksv2_d13/src/q16_qksv2_d13.cpp:109]   --->   Operation 89 'specpipeline' 'specpipeline_ln109' <Predicate = true> <Delay = 0.00>
ST_9 : Operation 90 [1/1] (0.00ns)   --->   "%specloopname_ln107 = specloopname void @_ssdm_op_SpecLoopName, void @empty_1" [/home/cym/prj2/finn/notebooks/icl_thesis-master/experiments/imgds_linear_sparse/final_paper_experiments/experiment1_qks_v2_physical_prune/hls_projects/q16_qksv2_d13/src/q16_qksv2_d13.cpp:107]   --->   Operation 90 'specloopname' 'specloopname_ln107' <Predicate = true> <Delay = 0.00>
ST_9 : Operation 91 [1/2] (2.10ns) (root node of the DSP)   --->   "%ret_V = add i30 %lhs_60, i30 %mul_ln1347"   --->   Operation 91 'add' 'ret_V' <Predicate = true> <Delay = 2.10> <CoreInst = "DSP48">   --->   Core 119 'DSP48' <Latency = 3> <II = 1> <Delay = 2.15> <IPBlock> <Opcode : 'mul' 'add' 'sub' 'select'> <InPorts = 0> <OutPorts = 1> <Sync> <CReg>
ST_9 : Operation 92 [1/1] (0.00ns)   --->   "%sum_V = partselect i24 @_ssdm_op_PartSelect.i24.i30.i32.i32, i30 %ret_V, i32 6, i32 29"   --->   Operation 92 'partselect' 'sum_V' <Predicate = true> <Delay = 0.00>
ST_9 : Operation 93 [1/1] (0.00ns)   --->   "%trunc_ln = partselect i16 @_ssdm_op_PartSelect.i16.i30.i32.i32, i30 %ret_V, i32 10, i32 25" [/home/cym/prj2/finn/notebooks/icl_thesis-master/experiments/imgds_linear_sparse/final_paper_experiments/experiment1_qks_v2_physical_prune/hls_projects/q16_qksv2_d13/src/q16_qksv2_d13.cpp:108]   --->   Operation 93 'partselect' 'trunc_ln' <Predicate = true> <Delay = 0.00>
ST_9 : Operation 94 [1/1] (3.25ns)   --->   "%store_ln112 = store i16 %trunc_ln, i8 %KV_V_addr" [/home/cym/prj2/finn/notebooks/icl_thesis-master/experiments/imgds_linear_sparse/final_paper_experiments/experiment1_qks_v2_physical_prune/hls_projects/q16_qksv2_d13/src/q16_qksv2_d13.cpp:112]   --->   Operation 94 'store' 'store_ln112' <Predicate = (icmp_ln108_1)> <Delay = 3.25> <CoreInst = "RAM">   --->   Core 82 'RAM' <Latency = 1> <II = 1> <Delay = 3.25> <Storage> <Opcode : 'load' 'store'> <Ports = 2> <Width = 16> <Depth = 208> <RAM>
ST_9 : Operation 95 [1/1] (0.00ns)   --->   "%br_ln0 = br void %ifFalse4"   --->   Operation 95 'br' 'br_ln0' <Predicate = (icmp_ln108_1)> <Delay = 0.00>
ST_9 : Operation 96 [1/1] (1.58ns)   --->   "%store_ln818 = store i24 %sum_V, i24 %lhs"   --->   Operation 96 'store' 'store_ln818' <Predicate = true> <Delay = 1.58>
ST_9 : Operation 97 [1/1] (0.00ns)   --->   "%br_ln0 = br void %for.body145"   --->   Operation 97 'br' 'br_ln0' <Predicate = true> <Delay = 0.00>


============================================================
+ Verbose Summary: Timing violations
============================================================
Target clock period: 10ns, clock uncertainty: 2.7ns.

 <State 1>: 4.05ns
The critical path consists of the following:
	'alloca' operation ('indvar_flatten10') [7]  (0 ns)
	'load' operation ('indvar_flatten10_load', /home/cym/prj2/finn/notebooks/icl_thesis-master/experiments/imgds_linear_sparse/final_paper_experiments/experiment1_qks_v2_physical_prune/hls_projects/q16_qksv2_d13/src/q16_qksv2_d13.cpp:106) on local variable 'indvar_flatten10' [18]  (0 ns)
	'icmp' operation ('icmp_ln106', /home/cym/prj2/finn/notebooks/icl_thesis-master/experiments/imgds_linear_sparse/final_paper_experiments/experiment1_qks_v2_physical_prune/hls_projects/q16_qksv2_d13/src/q16_qksv2_d13.cpp:106) [31]  (1.77 ns)
	'select' operation ('select_ln106_3', /home/cym/prj2/finn/notebooks/icl_thesis-master/experiments/imgds_linear_sparse/final_paper_experiments/experiment1_qks_v2_physical_prune/hls_projects/q16_qksv2_d13/src/q16_qksv2_d13.cpp:106) [78]  (0.687 ns)
	'store' operation ('store_ln106', /home/cym/prj2/finn/notebooks/icl_thesis-master/experiments/imgds_linear_sparse/final_paper_experiments/experiment1_qks_v2_physical_prune/hls_projects/q16_qksv2_d13/src/q16_qksv2_d13.cpp:106) of variable 'select_ln106_3', /home/cym/prj2/finn/notebooks/icl_thesis-master/experiments/imgds_linear_sparse/final_paper_experiments/experiment1_qks_v2_physical_prune/hls_projects/q16_qksv2_d13/src/q16_qksv2_d13.cpp:106 on local variable 'indvar_flatten10' [81]  (1.59 ns)

 <State 2>: 7.9ns
The critical path consists of the following:
	'load' operation ('t_load', /home/cym/prj2/finn/notebooks/icl_thesis-master/experiments/imgds_linear_sparse/final_paper_experiments/experiment1_qks_v2_physical_prune/hls_projects/q16_qksv2_d13/src/q16_qksv2_d13.cpp:108) on local variable 't' [25]  (0 ns)
	'icmp' operation ('icmp_ln108', /home/cym/prj2/finn/notebooks/icl_thesis-master/experiments/imgds_linear_sparse/final_paper_experiments/experiment1_qks_v2_physical_prune/hls_projects/q16_qksv2_d13/src/q16_qksv2_d13.cpp:108) [37]  (1.36 ns)
	'and' operation ('and_ln105', /home/cym/prj2/finn/notebooks/icl_thesis-master/experiments/imgds_linear_sparse/final_paper_experiments/experiment1_qks_v2_physical_prune/hls_projects/q16_qksv2_d13/src/q16_qksv2_d13.cpp:105) [38]  (0.978 ns)
	'or' operation ('or_ln106', /home/cym/prj2/finn/notebooks/icl_thesis-master/experiments/imgds_linear_sparse/final_paper_experiments/experiment1_qks_v2_physical_prune/hls_projects/q16_qksv2_d13/src/q16_qksv2_d13.cpp:106) [41]  (0.978 ns)
	'select' operation ('select_ln106', /home/cym/prj2/finn/notebooks/icl_thesis-master/experiments/imgds_linear_sparse/final_paper_experiments/experiment1_qks_v2_physical_prune/hls_projects/q16_qksv2_d13/src/q16_qksv2_d13.cpp:106) [42]  (1.22 ns)
	'add' operation ('add_ln108', /home/cym/prj2/finn/notebooks/icl_thesis-master/experiments/imgds_linear_sparse/final_paper_experiments/experiment1_qks_v2_physical_prune/hls_projects/q16_qksv2_d13/src/q16_qksv2_d13.cpp:108) [69]  (1.78 ns)
	'store' operation ('store_ln108', /home/cym/prj2/finn/notebooks/icl_thesis-master/experiments/imgds_linear_sparse/final_paper_experiments/experiment1_qks_v2_physical_prune/hls_projects/q16_qksv2_d13/src/q16_qksv2_d13.cpp:108) of variable 'add_ln108', /home/cym/prj2/finn/notebooks/icl_thesis-master/experiments/imgds_linear_sparse/final_paper_experiments/experiment1_qks_v2_physical_prune/hls_projects/q16_qksv2_d13/src/q16_qksv2_d13.cpp:108 on local variable 't' [83]  (1.59 ns)

 <State 3>: 1.36ns
The critical path consists of the following:
	'icmp' operation ('icmp_ln108_1', /home/cym/prj2/finn/notebooks/icl_thesis-master/experiments/imgds_linear_sparse/final_paper_experiments/experiment1_qks_v2_physical_prune/hls_projects/q16_qksv2_d13/src/q16_qksv2_d13.cpp:108) [71]  (1.36 ns)

 <State 4>: 5.8ns
The critical path consists of the following:
	'load' operation ('d2_load', /home/cym/prj2/finn/notebooks/icl_thesis-master/experiments/imgds_linear_sparse/final_paper_experiments/experiment1_qks_v2_physical_prune/hls_projects/q16_qksv2_d13/src/q16_qksv2_d13.cpp:105) on local variable 'd2' [26]  (0 ns)
	'select' operation ('select_ln105', /home/cym/prj2/finn/notebooks/icl_thesis-master/experiments/imgds_linear_sparse/final_paper_experiments/experiment1_qks_v2_physical_prune/hls_projects/q16_qksv2_d13/src/q16_qksv2_d13.cpp:105) [32]  (1.22 ns)
	'add' operation ('add_ln106', /home/cym/prj2/finn/notebooks/icl_thesis-master/experiments/imgds_linear_sparse/final_paper_experiments/experiment1_qks_v2_physical_prune/hls_projects/q16_qksv2_d13/src/q16_qksv2_d13.cpp:106) [39]  (1.78 ns)
	'select' operation ('select_ln106_1', /home/cym/prj2/finn/notebooks/icl_thesis-master/experiments/imgds_linear_sparse/final_paper_experiments/experiment1_qks_v2_physical_prune/hls_projects/q16_qksv2_d13/src/q16_qksv2_d13.cpp:106) [44]  (1.22 ns)
	'store' operation ('store_ln106', /home/cym/prj2/finn/notebooks/icl_thesis-master/experiments/imgds_linear_sparse/final_paper_experiments/experiment1_qks_v2_physical_prune/hls_projects/q16_qksv2_d13/src/q16_qksv2_d13.cpp:106) of variable 'select_ln106_1', /home/cym/prj2/finn/notebooks/icl_thesis-master/experiments/imgds_linear_sparse/final_paper_experiments/experiment1_qks_v2_physical_prune/hls_projects/q16_qksv2_d13/src/q16_qksv2_d13.cpp:106 on local variable 'd2' [82]  (1.59 ns)

 <State 5>: 5.35ns
The critical path consists of the following:
	'add' operation of DSP[51] ('add_ln1271') [51]  (2.1 ns)
	'getelementptr' operation ('K_V_addr') [53]  (0 ns)
	'load' operation ('r.V') on array 'K_V' [60]  (3.25 ns)

 <State 6>: 4.3ns
The critical path consists of the following:
	'load' operation ('r.V') on array 'K_V' [60]  (3.25 ns)
	'mul' operation of DSP[67] ('mul_ln1347') [64]  (1.05 ns)

 <State 7>: 1.05ns
The critical path consists of the following:
	'mul' operation of DSP[67] ('mul_ln1347') [64]  (1.05 ns)

 <State 8>: 2.79ns
The critical path consists of the following:
	'load' operation ('lhs_load', /home/cym/prj2/finn/notebooks/icl_thesis-master/experiments/imgds_linear_sparse/final_paper_experiments/experiment1_qks_v2_physical_prune/hls_projects/q16_qksv2_d13/src/q16_qksv2_d13.cpp:106) on local variable 'lhs' [24]  (0 ns)
	'select' operation ('select_ln106_2', /home/cym/prj2/finn/notebooks/icl_thesis-master/experiments/imgds_linear_sparse/final_paper_experiments/experiment1_qks_v2_physical_prune/hls_projects/q16_qksv2_d13/src/q16_qksv2_d13.cpp:106) [65]  (0.694 ns)
	'add' operation of DSP[67] ('ret.V') [67]  (2.1 ns)

 <State 9>: 5.35ns
The critical path consists of the following:
	'add' operation of DSP[67] ('ret.V') [67]  (2.1 ns)
	'store' operation ('store_ln112', /home/cym/prj2/finn/notebooks/icl_thesis-master/experiments/imgds_linear_sparse/final_paper_experiments/experiment1_qks_v2_physical_prune/hls_projects/q16_qksv2_d13/src/q16_qksv2_d13.cpp:112) of variable 'trunc_ln', /home/cym/prj2/finn/notebooks/icl_thesis-master/experiments/imgds_linear_sparse/final_paper_experiments/experiment1_qks_v2_physical_prune/hls_projects/q16_qksv2_d13/src/q16_qksv2_d13.cpp:108 on array 'KV_V' [74]  (3.25 ns)


============================================================
+ Verbose Summary: Binding
============================================================
N/A
* FSMD analyzer results:
  - Output states:
 - Input state : 
  - Chain level:
	State 1
	State 2
	State 3
	State 4
	State 5
	State 6
	State 7
	State 8
	State 9


============================================================
+ Verbose Summary: Datapath Resource usage 
============================================================
N/A
