

================================================================
== Vitis HLS Report for 'q16_qksv2_d13_Pipeline_VITIS_LOOP_217_3'
================================================================
* Date:           Fri Jul  3 14:48:48 2026

* Version:        2022.2 (Build 3670227 on Oct 13 2022)
* Project:        q16_qksv2_d13_csynth
* Solution:       solution1 (Vivado IP Flow Target)
* Product family: zynq
* Target device:  xc7z020-clg400-1


================================================================
== Performance Estimates
================================================================
+ Timing: 
    * Summary: 
    +--------+----------+----------+------------+
    |  Clock |  Target  | Estimated| Uncertainty|
    +--------+----------+----------+------------+
    |ap_clk  |  10.00 ns|  7.300 ns|     2.70 ns|
    +--------+----------+----------+------------+

+ Latency: 
    * Summary: 
    +---------+---------+----------+----------+-----+-----+---------+
    |  Latency (cycles) |  Latency (absolute) |  Interval | Pipeline|
    |   min   |   max   |    min   |    max   | min | max |   Type  |
    +---------+---------+----------+----------+-----+-----+---------+
    |       71|       71|  0.710 us|  0.710 us|   71|   71|       no|
    +---------+---------+----------+----------+-----+-----+---------+

    + Detail: 
        * Instance: 
        N/A

        * Loop: 
        +--------------------+---------+---------+----------+-----------+-----------+------+----------+
        |                    |  Latency (cycles) | Iteration|  Initiation Interval  | Trip |          |
        |      Loop Name     |   min   |   max   |  Latency |  achieved |   target  | Count| Pipelined|
        +--------------------+---------+---------+----------+-----------+-----------+------+----------+
        |- VITIS_LOOP_217_3  |       69|       69|         7|          1|          1|    64|       yes|
        +--------------------+---------+---------+----------+-----------+-----------+------+----------+

============================================================
+ Verbose Summary: Synthesis Manager
============================================================
InlineROM: 1
ExposeGlobal: 0
============================================================
+ Verbose Summary: CDFG Model
============================================================
IsTopModel: 0
ResetActiveHigh: 1
IsCombinational: 0
IsDatapathOnly: 0
HasWiredReturn: 1
HasMFsm: 2
HasVarLatency: 1
IsPipeline: 0
IsRtlPipelined: 0
IsInstanceOverlapped: 0
IsDontTouch: 0
HasImplIP: 0
IsGatedGlobalClock: 0

+ Individual pipeline summary: 
  * Pipeline-0: initiation interval (II) = 1, depth = 7


============================================================
+ Verbose Summary: Schedule
============================================================
* Number of FSM states : 7
* Pipeline : 1
  Pipeline-0 : II = 1, D = 7, States = { 1 2 3 4 5 6 7 }
* Dataflow Pipeline: 0

* FSM state transitions: 
1 --> 2 
2 --> 3 
3 --> 4 
4 --> 5 
5 --> 6 
6 --> 7 
7 --> 

* FSM state operations: 

State 1 <SV = 0> <Delay = 3.45>
ST_1 : Operation 10 [1/1] (0.00ns)   --->   "%lhs = alloca i32 1"   --->   Operation 10 'alloca' 'lhs' <Predicate = true> <Delay = 0.00>
ST_1 : Operation 11 [1/1] (0.00ns)   --->   "%i = alloca i32 1"   --->   Operation 11 'alloca' 'i' <Predicate = true> <Delay = 0.00>
ST_1 : Operation 12 [1/1] (0.00ns)   --->   "%sext_ln813_read = read i10 @_ssdm_op_Read.ap_auto.i10, i10 %sext_ln813"   --->   Operation 12 'read' 'sext_ln813_read' <Predicate = true> <Delay = 0.00>
ST_1 : Operation 13 [1/1] (0.00ns)   --->   "%tmp_4_read = read i10 @_ssdm_op_Read.ap_auto.i10, i10 %tmp_4"   --->   Operation 13 'read' 'tmp_4_read' <Predicate = true> <Delay = 0.00>
ST_1 : Operation 14 [1/1] (0.00ns)   --->   "%sext_ln214_read = read i63 @_ssdm_op_Read.ap_auto.i63, i63 %sext_ln214"   --->   Operation 14 'read' 'sext_ln214_read' <Predicate = true> <Delay = 0.00>
ST_1 : Operation 15 [1/1] (0.00ns)   --->   "%add_ln222_read = read i8 @_ssdm_op_Read.ap_auto.i8, i8 %add_ln222"   --->   Operation 15 'read' 'add_ln222_read' <Predicate = true> <Delay = 0.00>
ST_1 : Operation 16 [1/1] (0.00ns)   --->   "%sext_ln216_read = read i13 @_ssdm_op_Read.ap_auto.i13, i13 %sext_ln216"   --->   Operation 16 'read' 'sext_ln216_read' <Predicate = true> <Delay = 0.00>
ST_1 : Operation 17 [1/1] (0.00ns)   --->   "%sext_ln813_cast = sext i10 %sext_ln813_read"   --->   Operation 17 'sext' 'sext_ln813_cast' <Predicate = true> <Delay = 0.00>
ST_1 : Operation 18 [1/1] (0.00ns)   --->   "%sext_ln214_cast = sext i63 %sext_ln214_read"   --->   Operation 18 'sext' 'sext_ln214_cast' <Predicate = true> <Delay = 0.00>
ST_1 : Operation 19 [1/1] (0.00ns)   --->   "%add_ln222_cast = zext i8 %add_ln222_read"   --->   Operation 19 'zext' 'add_ln222_cast' <Predicate = true> <Delay = 0.00>
ST_1 : Operation 20 [1/1] (0.00ns)   --->   "%sext_ln216_cast = sext i13 %sext_ln216_read"   --->   Operation 20 'sext' 'sext_ln216_cast' <Predicate = true> <Delay = 0.00>
ST_1 : Operation 21 [1/1] (0.00ns)   --->   "%specinterface_ln0 = specinterface void @_ssdm_op_SpecInterface, i16 %gmem0, void @empty_2, i32 0, i32 0, void @empty_11, i32 0, i32 1024, void @empty_3, void @empty_37, void @empty_11, i32 16, i32 16, i32 16, i32 16, void @empty_11, void @empty_11, i32 4294967295, i32 0"   --->   Operation 21 'specinterface' 'specinterface_ln0' <Predicate = true> <Delay = 0.00>
ST_1 : Operation 22 [1/1] (1.58ns)   --->   "%store_ln0 = store i7 0, i7 %i"   --->   Operation 22 'store' 'store_ln0' <Predicate = true> <Delay = 1.58>
ST_1 : Operation 23 [1/1] (1.58ns)   --->   "%store_ln0 = store i24 %sext_ln216_cast, i24 %lhs"   --->   Operation 23 'store' 'store_ln0' <Predicate = true> <Delay = 1.58>
ST_1 : Operation 24 [1/1] (0.00ns)   --->   "%br_ln0 = br void %for.body16"   --->   Operation 24 'br' 'br_ln0' <Predicate = true> <Delay = 0.00>
ST_1 : Operation 25 [1/1] (0.00ns)   --->   "%i_1 = load i7 %i" [/home/cym/prj2/finn/notebooks/icl_thesis-master/experiments/imgds_linear_sparse/final_paper_experiments/experiment1_qks_v2_physical_prune/hls_projects/q16_qksv2_d13/src/q16_qksv2_d13.cpp:217]   --->   Operation 25 'load' 'i_1' <Predicate = true> <Delay = 0.00>
ST_1 : Operation 26 [1/1] (0.00ns)   --->   "%x_V_addr = getelementptr i16 %x_V, i64 0, i64 %add_ln222_cast" [/home/cym/prj2/finn/notebooks/icl_thesis-master/experiments/imgds_linear_sparse/final_paper_experiments/experiment1_qks_v2_physical_prune/hls_projects/q16_qksv2_d13/src/q16_qksv2_d13.cpp:222]   --->   Operation 26 'getelementptr' 'x_V_addr' <Predicate = true> <Delay = 0.00>
ST_1 : Operation 27 [1/1] (1.48ns)   --->   "%icmp_ln217 = icmp_eq  i7 %i_1, i7 64" [/home/cym/prj2/finn/notebooks/icl_thesis-master/experiments/imgds_linear_sparse/final_paper_experiments/experiment1_qks_v2_physical_prune/hls_projects/q16_qksv2_d13/src/q16_qksv2_d13.cpp:217]   --->   Operation 27 'icmp' 'icmp_ln217' <Predicate = true> <Delay = 1.48> <CoreInst = "Cmp">   --->   Core 9 'Cmp' <Latency = 0> <II = 1> <Delay = 1.48> <FuncUnit> <Opcode : 'icmp'> <InPorts = 2> <OutPorts = 1>
ST_1 : Operation 28 [1/1] (1.87ns)   --->   "%add_ln217 = add i7 %i_1, i7 1" [/home/cym/prj2/finn/notebooks/icl_thesis-master/experiments/imgds_linear_sparse/final_paper_experiments/experiment1_qks_v2_physical_prune/hls_projects/q16_qksv2_d13/src/q16_qksv2_d13.cpp:217]   --->   Operation 28 'add' 'add_ln217' <Predicate = true> <Delay = 1.87> <CoreInst = "Adder">   --->   Core 1 'Adder' <Latency = 0> <II = 1> <Delay = 1.87> <FuncUnit> <Opcode : 'add' 'sub'> <InPorts = 2> <OutPorts = 1>
ST_1 : Operation 29 [1/1] (0.00ns)   --->   "%br_ln217 = br i1 %icmp_ln217, void %for.body16.split, void %for.end.exitStub" [/home/cym/prj2/finn/notebooks/icl_thesis-master/experiments/imgds_linear_sparse/final_paper_experiments/experiment1_qks_v2_physical_prune/hls_projects/q16_qksv2_d13/src/q16_qksv2_d13.cpp:217]   --->   Operation 29 'br' 'br_ln217' <Predicate = true> <Delay = 0.00>
ST_1 : Operation 30 [1/1] (1.48ns)   --->   "%icmp_ln217_1 = icmp_eq  i7 %add_ln217, i7 64" [/home/cym/prj2/finn/notebooks/icl_thesis-master/experiments/imgds_linear_sparse/final_paper_experiments/experiment1_qks_v2_physical_prune/hls_projects/q16_qksv2_d13/src/q16_qksv2_d13.cpp:217]   --->   Operation 30 'icmp' 'icmp_ln217_1' <Predicate = (!icmp_ln217)> <Delay = 1.48> <CoreInst = "Cmp">   --->   Core 9 'Cmp' <Latency = 0> <II = 1> <Delay = 1.48> <FuncUnit> <Opcode : 'icmp'> <InPorts = 2> <OutPorts = 1>
ST_1 : Operation 31 [1/1] (0.00ns)   --->   "%br_ln217 = br i1 %icmp_ln217_1, void %ifFalse, void %ifTrue" [/home/cym/prj2/finn/notebooks/icl_thesis-master/experiments/imgds_linear_sparse/final_paper_experiments/experiment1_qks_v2_physical_prune/hls_projects/q16_qksv2_d13/src/q16_qksv2_d13.cpp:217]   --->   Operation 31 'br' 'br_ln217' <Predicate = (!icmp_ln217)> <Delay = 0.00>
ST_1 : Operation 32 [1/1] (1.58ns)   --->   "%store_ln217 = store i7 %add_ln217, i7 %i" [/home/cym/prj2/finn/notebooks/icl_thesis-master/experiments/imgds_linear_sparse/final_paper_experiments/experiment1_qks_v2_physical_prune/hls_projects/q16_qksv2_d13/src/q16_qksv2_d13.cpp:217]   --->   Operation 32 'store' 'store_ln217' <Predicate = (!icmp_ln217)> <Delay = 1.58>

State 2 <SV = 1> <Delay = 7.30>
ST_2 : Operation 33 [1/1] (0.00ns)   --->   "%specbitsmap_ln0 = specbitsmap void @_ssdm_op_SpecBitsMap, i16 %gmem0"   --->   Operation 33 'specbitsmap' 'specbitsmap_ln0' <Predicate = true> <Delay = 0.00>
ST_2 : Operation 34 [1/1] (0.00ns)   --->   "%gmem0_addr = getelementptr i16 %gmem0, i64 %sext_ln214_cast" [/home/cym/prj2/finn/notebooks/icl_thesis-master/experiments/imgds_linear_sparse/final_paper_experiments/experiment1_qks_v2_physical_prune/hls_projects/q16_qksv2_d13/src/q16_qksv2_d13.cpp:217]   --->   Operation 34 'getelementptr' 'gmem0_addr' <Predicate = true> <Delay = 0.00>
ST_2 : Operation 35 [1/1] (0.00ns)   --->   "%empty = speclooptripcount i32 @_ssdm_op_SpecLoopTripCount, i64 64, i64 64, i64 64"   --->   Operation 35 'speclooptripcount' 'empty' <Predicate = true> <Delay = 0.00>
ST_2 : Operation 36 [1/1] (0.00ns)   --->   "%zext_ln217 = zext i7 %i_1" [/home/cym/prj2/finn/notebooks/icl_thesis-master/experiments/imgds_linear_sparse/final_paper_experiments/experiment1_qks_v2_physical_prune/hls_projects/q16_qksv2_d13/src/q16_qksv2_d13.cpp:217]   --->   Operation 36 'zext' 'zext_ln217' <Predicate = (!icmp_ln217)> <Delay = 0.00>
ST_2 : Operation 37 [1/1] (1.73ns)   --->   "%add_ln220 = add i10 %zext_ln217, i10 %tmp_4_read" [/home/cym/prj2/finn/notebooks/icl_thesis-master/experiments/imgds_linear_sparse/final_paper_experiments/experiment1_qks_v2_physical_prune/hls_projects/q16_qksv2_d13/src/q16_qksv2_d13.cpp:220]   --->   Operation 37 'add' 'add_ln220' <Predicate = (!icmp_ln217)> <Delay = 1.73> <CoreInst = "Adder">   --->   Core 1 'Adder' <Latency = 0> <II = 1> <Delay = 1.73> <FuncUnit> <Opcode : 'add' 'sub'> <InPorts = 2> <OutPorts = 1>
ST_2 : Operation 38 [1/1] (0.00ns)   --->   "%zext_ln1271 = zext i10 %add_ln220"   --->   Operation 38 'zext' 'zext_ln1271' <Predicate = (!icmp_ln217)> <Delay = 0.00>
ST_2 : Operation 39 [1/1] (7.30ns)   --->   "%r_V = read i16 @_ssdm_op_Read.m_axi.p1i16, i16 %gmem0_addr"   --->   Operation 39 'read' 'r_V' <Predicate = (!icmp_ln217)> <Delay = 7.30> <CoreInst = "m_axi">   --->   Core 113 'm_axi' <Latency = 0> <II = 1> <Delay = 1.00> <Adapter> <Opcode : 'read' 'write' 'readreq' 'writereq' 'writeresp'>
ST_2 : Operation 40 [1/1] (0.00ns)   --->   "%input_projection_weight_V_addr = getelementptr i9 %input_projection_weight_V, i64 0, i64 %zext_ln1271"   --->   Operation 40 'getelementptr' 'input_projection_weight_V_addr' <Predicate = (!icmp_ln217)> <Delay = 0.00>
ST_2 : Operation 41 [2/2] (3.25ns)   --->   "%input_projection_weight_V_load = load i10 %input_projection_weight_V_addr"   --->   Operation 41 'load' 'input_projection_weight_V_load' <Predicate = (!icmp_ln217)> <Delay = 3.25> <CoreInst = "ROM">   --->   Core 95 'ROM' <Latency = 1> <II = 1> <Delay = 3.25> <Storage> <Opcode : 'load'> <Ports = 0> <Width = 9> <Depth = 1024> <ROM>

State 3 <SV = 2> <Delay = 5.40>
ST_3 : Operation 42 [1/1] (0.00ns)   --->   "%sext_ln1270 = sext i16 %r_V"   --->   Operation 42 'sext' 'sext_ln1270' <Predicate = true> <Delay = 0.00>
ST_3 : Operation 43 [1/2] (3.25ns)   --->   "%input_projection_weight_V_load = load i10 %input_projection_weight_V_addr"   --->   Operation 43 'load' 'input_projection_weight_V_load' <Predicate = true> <Delay = 3.25> <CoreInst = "ROM">   --->   Core 95 'ROM' <Latency = 1> <II = 1> <Delay = 3.25> <Storage> <Opcode : 'load'> <Ports = 0> <Width = 9> <Depth = 1024> <ROM>
ST_3 : Operation 44 [1/1] (0.00ns)   --->   "%sext_ln1273 = sext i9 %input_projection_weight_V_load"   --->   Operation 44 'sext' 'sext_ln1273' <Predicate = true> <Delay = 0.00>
ST_3 : Operation 45 [4/4] (2.15ns) (root node of the DSP)   --->   "%r_V_2 = mul i25 %sext_ln1273, i25 %sext_ln1270"   --->   Operation 45 'mul' 'r_V_2' <Predicate = true> <Delay = 2.15> <CoreInst = "DSP48">   --->   Core 119 'DSP48' <Latency = 3> <II = 1> <Delay = 2.15> <IPBlock> <Opcode : 'mul' 'add' 'sub' 'select'> <InPorts = 0> <OutPorts = 1> <Sync> <CReg>

State 4 <SV = 3> <Delay = 2.15>
ST_4 : Operation 46 [3/4] (2.15ns) (root node of the DSP)   --->   "%r_V_2 = mul i25 %sext_ln1273, i25 %sext_ln1270"   --->   Operation 46 'mul' 'r_V_2' <Predicate = true> <Delay = 2.15> <CoreInst = "DSP48">   --->   Core 119 'DSP48' <Latency = 3> <II = 1> <Delay = 2.15> <IPBlock> <Opcode : 'mul' 'add' 'sub' 'select'> <InPorts = 0> <OutPorts = 1> <Sync> <CReg>

State 5 <SV = 4> <Delay = 2.15>
ST_5 : Operation 47 [2/4] (2.15ns) (root node of the DSP)   --->   "%r_V_2 = mul i25 %sext_ln1273, i25 %sext_ln1270"   --->   Operation 47 'mul' 'r_V_2' <Predicate = true> <Delay = 2.15> <CoreInst = "DSP48">   --->   Core 119 'DSP48' <Latency = 3> <II = 1> <Delay = 2.15> <IPBlock> <Opcode : 'mul' 'add' 'sub' 'select'> <InPorts = 0> <OutPorts = 1> <Sync> <CReg>

State 6 <SV = 5> <Delay = 4.45>
ST_6 : Operation 48 [1/1] (0.00ns)   --->   "%lhs_load = load i24 %lhs"   --->   Operation 48 'load' 'lhs_load' <Predicate = true> <Delay = 0.00>
ST_6 : Operation 49 [1/1] (0.00ns)   --->   "%specpipeline_ln218 = specpipeline void @_ssdm_op_SpecPipeline, i32 1, i32 0, i32 0, i32 0, void @empty_11" [/home/cym/prj2/finn/notebooks/icl_thesis-master/experiments/imgds_linear_sparse/final_paper_experiments/experiment1_qks_v2_physical_prune/hls_projects/q16_qksv2_d13/src/q16_qksv2_d13.cpp:218]   --->   Operation 49 'specpipeline' 'specpipeline_ln218' <Predicate = true> <Delay = 0.00>
ST_6 : Operation 50 [1/1] (0.00ns)   --->   "%specloopname_ln216 = specloopname void @_ssdm_op_SpecLoopName, void @empty_5" [/home/cym/prj2/finn/notebooks/icl_thesis-master/experiments/imgds_linear_sparse/final_paper_experiments/experiment1_qks_v2_physical_prune/hls_projects/q16_qksv2_d13/src/q16_qksv2_d13.cpp:216]   --->   Operation 50 'specloopname' 'specloopname_ln216' <Predicate = true> <Delay = 0.00>
ST_6 : Operation 51 [1/4] (0.00ns) (root node of the DSP)   --->   "%r_V_2 = mul i25 %sext_ln1273, i25 %sext_ln1270"   --->   Operation 51 'mul' 'r_V_2' <Predicate = true> <Delay = 0.00> <CoreInst = "DSP48">   --->   Core 119 'DSP48' <Latency = 3> <II = 1> <Delay = 2.15> <IPBlock> <Opcode : 'mul' 'add' 'sub' 'select'> <InPorts = 0> <OutPorts = 1> <Sync> <CReg>
ST_6 : Operation 52 [1/1] (0.00ns)   --->   "%lhs_1 = bitconcatenate i30 @_ssdm_op_BitConcatenate.i30.i24.i6, i24 %lhs_load, i6 0"   --->   Operation 52 'bitconcatenate' 'lhs_1' <Predicate = true> <Delay = 0.00>
ST_6 : Operation 53 [1/1] (0.00ns)   --->   "%sext_ln1347 = sext i25 %r_V_2"   --->   Operation 53 'sext' 'sext_ln1347' <Predicate = true> <Delay = 0.00>
ST_6 : Operation 54 [1/1] (0.00ns)   --->   "%sext_ln1347_1 = sext i25 %r_V_2"   --->   Operation 54 'sext' 'sext_ln1347_1' <Predicate = true> <Delay = 0.00>
ST_6 : Operation 55 [1/1] (0.00ns)   --->   "%trunc_ln1347 = trunc i24 %lhs_load"   --->   Operation 55 'trunc' 'trunc_ln1347' <Predicate = true> <Delay = 0.00>
ST_6 : Operation 56 [1/1] (0.00ns)   --->   "%trunc_ln = bitconcatenate i26 @_ssdm_op_BitConcatenate.i26.i20.i6, i20 %trunc_ln1347, i6 0"   --->   Operation 56 'bitconcatenate' 'trunc_ln' <Predicate = true> <Delay = 0.00>
ST_6 : Operation 57 [1/1] (2.49ns)   --->   "%ret_V = add i30 %lhs_1, i30 %sext_ln1347"   --->   Operation 57 'add' 'ret_V' <Predicate = true> <Delay = 2.49> <CoreInst = "Adder">   --->   Core 1 'Adder' <Latency = 0> <II = 1> <Delay = 2.49> <FuncUnit> <Opcode : 'add' 'sub'> <InPorts = 2> <OutPorts = 1>
ST_6 : Operation 58 [1/1] (2.37ns)   --->   "%add_ln1347_1 = add i26 %trunc_ln, i26 %sext_ln1347_1"   --->   Operation 58 'add' 'add_ln1347_1' <Predicate = true> <Delay = 2.37> <CoreInst = "Adder">   --->   Core 1 'Adder' <Latency = 0> <II = 1> <Delay = 2.37> <FuncUnit> <Opcode : 'add' 'sub'> <InPorts = 2> <OutPorts = 1>
ST_6 : Operation 59 [1/1] (0.00ns)   --->   "%sum_V = partselect i24 @_ssdm_op_PartSelect.i24.i30.i32.i32, i30 %ret_V, i32 6, i32 29"   --->   Operation 59 'partselect' 'sum_V' <Predicate = true> <Delay = 0.00>
ST_6 : Operation 60 [1/1] (0.00ns)   --->   "%trunc_ln1 = partselect i16 @_ssdm_op_PartSelect.i16.i26.i32.i32, i26 %add_ln1347_1, i32 10, i32 25" [/home/cym/prj2/finn/notebooks/icl_thesis-master/experiments/imgds_linear_sparse/final_paper_experiments/experiment1_qks_v2_physical_prune/hls_projects/q16_qksv2_d13/src/q16_qksv2_d13.cpp:217]   --->   Operation 60 'partselect' 'trunc_ln1' <Predicate = true> <Delay = 0.00>
ST_6 : Operation 61 [1/1] (2.07ns)   --->   "%add_ln813 = add i16 %sext_ln813_cast, i16 %trunc_ln1"   --->   Operation 61 'add' 'add_ln813' <Predicate = (icmp_ln217_1)> <Delay = 2.07> <CoreInst = "Adder">   --->   Core 1 'Adder' <Latency = 0> <II = 1> <Delay = 2.07> <FuncUnit> <Opcode : 'add' 'sub'> <InPorts = 2> <OutPorts = 1>
ST_6 : Operation 62 [1/1] (1.58ns)   --->   "%store_ln818 = store i24 %sum_V, i24 %lhs"   --->   Operation 62 'store' 'store_ln818' <Predicate = true> <Delay = 1.58>
ST_6 : Operation 63 [1/1] (0.00ns)   --->   "%br_ln0 = br void %for.body16"   --->   Operation 63 'br' 'br_ln0' <Predicate = true> <Delay = 0.00>
ST_6 : Operation 66 [1/1] (0.00ns)   --->   "%ret_ln0 = ret"   --->   Operation 66 'ret' 'ret_ln0' <Predicate = (icmp_ln217)> <Delay = 0.00>

State 7 <SV = 6> <Delay = 3.25>
ST_7 : Operation 64 [1/1] (3.25ns)   --->   "%store_ln222 = store i16 %add_ln813, i8 %x_V_addr" [/home/cym/prj2/finn/notebooks/icl_thesis-master/experiments/imgds_linear_sparse/final_paper_experiments/experiment1_qks_v2_physical_prune/hls_projects/q16_qksv2_d13/src/q16_qksv2_d13.cpp:222]   --->   Operation 64 'store' 'store_ln222' <Predicate = (icmp_ln217_1)> <Delay = 3.25> <CoreInst = "RAM">   --->   Core 82 'RAM' <Latency = 1> <II = 1> <Delay = 3.25> <Storage> <Opcode : 'load' 'store'> <Ports = 2> <Width = 16> <Depth = 256> <RAM>
ST_7 : Operation 65 [1/1] (0.00ns)   --->   "%br_ln0 = br void %ifFalse"   --->   Operation 65 'br' 'br_ln0' <Predicate = (icmp_ln217_1)> <Delay = 0.00>


============================================================
+ Verbose Summary: Timing violations
============================================================
Target clock period: 10ns, clock uncertainty: 2.7ns.

 <State 1>: 3.46ns
The critical path consists of the following:
	'alloca' operation ('i') [10]  (0 ns)
	'load' operation ('i', /home/cym/prj2/finn/notebooks/icl_thesis-master/experiments/imgds_linear_sparse/final_paper_experiments/experiment1_qks_v2_physical_prune/hls_projects/q16_qksv2_d13/src/q16_qksv2_d13.cpp:217) on local variable 'i' [25]  (0 ns)
	'add' operation ('add_ln217', /home/cym/prj2/finn/notebooks/icl_thesis-master/experiments/imgds_linear_sparse/final_paper_experiments/experiment1_qks_v2_physical_prune/hls_projects/q16_qksv2_d13/src/q16_qksv2_d13.cpp:217) [31]  (1.87 ns)
	'store' operation ('store_ln217', /home/cym/prj2/finn/notebooks/icl_thesis-master/experiments/imgds_linear_sparse/final_paper_experiments/experiment1_qks_v2_physical_prune/hls_projects/q16_qksv2_d13/src/q16_qksv2_d13.cpp:217) of variable 'add_ln217', /home/cym/prj2/finn/notebooks/icl_thesis-master/experiments/imgds_linear_sparse/final_paper_experiments/experiment1_qks_v2_physical_prune/hls_projects/q16_qksv2_d13/src/q16_qksv2_d13.cpp:217 on local variable 'i' [62]  (1.59 ns)

 <State 2>: 7.3ns
The critical path consists of the following:
	'getelementptr' operation ('gmem0_addr', /home/cym/prj2/finn/notebooks/icl_thesis-master/experiments/imgds_linear_sparse/final_paper_experiments/experiment1_qks_v2_physical_prune/hls_projects/q16_qksv2_d13/src/q16_qksv2_d13.cpp:217) [28]  (0 ns)
	bus read operation ('r.V') on port 'gmem0' [40]  (7.3 ns)

 <State 3>: 5.4ns
The critical path consists of the following:
	'load' operation ('input_projection_weight_V_load') on array 'input_projection_weight_V' [43]  (3.25 ns)
	'mul' operation of DSP[45] ('r.V') [45]  (2.15 ns)

 <State 4>: 2.15ns
The critical path consists of the following:
	'mul' operation of DSP[45] ('r.V') [45]  (2.15 ns)

 <State 5>: 2.15ns
The critical path consists of the following:
	'mul' operation of DSP[45] ('r.V') [45]  (2.15 ns)

 <State 6>: 4.45ns
The critical path consists of the following:
	'load' operation ('lhs_load') on local variable 'lhs' [34]  (0 ns)
	'add' operation ('add_ln1347_1') [52]  (2.37 ns)
	'add' operation ('add_ln813') [58]  (2.08 ns)

 <State 7>: 3.25ns
The critical path consists of the following:
	'store' operation ('store_ln222', /home/cym/prj2/finn/notebooks/icl_thesis-master/experiments/imgds_linear_sparse/final_paper_experiments/experiment1_qks_v2_physical_prune/hls_projects/q16_qksv2_d13/src/q16_qksv2_d13.cpp:222) of variable 'add_ln813' on array 'x_V' [59]  (3.25 ns)


============================================================
+ Verbose Summary: Binding
============================================================
N/A
* FSMD analyzer results:
  - Output states:
 - Input state : 
  - Chain level:
	State 1
	State 2
	State 3
	State 4
	State 5
	State 6
	State 7


============================================================
+ Verbose Summary: Datapath Resource usage 
============================================================
N/A
