

================================================================
== Vitis HLS Report for 'linear_attention_q8_Pipeline_VITIS_LOOP_97_3'
================================================================
* Date:           Wed Jul  1 13:07:55 2026

* Version:        2022.2 (Build 3670227 on Oct 13 2022)
* Project:        imgds_linear_dense_q8_axi
* Solution:       solution1 (Vivado IP Flow Target)
* Product family: zynq
* Target device:  xc7z020-clg400-1


================================================================
== Performance Estimates
================================================================
+ Timing: 
    * Summary: 
    +--------+----------+----------+------------+
    |  Clock |  Target  | Estimated| Uncertainty|
    +--------+----------+----------+------------+
    |ap_clk  |  10.00 ns|  5.169 ns|     2.70 ns|
    +--------+----------+----------+------------+

+ Latency: 
    * Summary: 
    +---------+---------+----------+----------+-----+-----+---------+
    |  Latency (cycles) |  Latency (absolute) |  Interval | Pipeline|
    |   min   |   max   |    min   |    max   | min | max |   Type  |
    +---------+---------+----------+----------+-----+-----+---------+
    |       21|       21|  0.210 us|  0.210 us|   21|   21|       no|
    +---------+---------+----------+----------+-----+-----+---------+

    + Detail: 
        * Instance: 
        N/A

        * Loop: 
        +-------------------+---------+---------+----------+-----------+-----------+------+----------+
        |                   |  Latency (cycles) | Iteration|  Initiation Interval  | Trip |          |
        |     Loop Name     |   min   |   max   |  Latency |  achieved |   target  | Count| Pipelined|
        +-------------------+---------+---------+----------+-----------+-----------+------+----------+
        |- VITIS_LOOP_97_3  |       19|       19|         5|          1|          1|    16|       yes|
        +-------------------+---------+---------+----------+-----------+-----------+------+----------+



================================================================
== Utilization Estimates
================================================================
* Summary: 
+-----------------+---------+-----+--------+-------+-----+
|       Name      | BRAM_18K| DSP |   FF   |  LUT  | URAM|
+-----------------+---------+-----+--------+-------+-----+
|DSP              |        -|    3|       -|      -|    -|
|Expression       |        -|    -|       0|     55|    -|
|FIFO             |        -|    -|       -|      -|    -|
|Instance         |        -|    -|       -|      -|    -|
|Memory           |        3|    -|       0|      0|    -|
|Multiplexer      |        -|    -|       -|     90|    -|
|Register         |        -|    -|     151|     32|    -|
+-----------------+---------+-----+--------+-------+-----+
|Total            |        3|    3|     151|    177|    0|
+-----------------+---------+-----+--------+-------+-----+
|Available        |      280|  220|  106400|  53200|    0|
+-----------------+---------+-----+--------+-------+-----+
|Utilization (%)  |        1|    1|      ~0|     ~0|    0|
+-----------------+---------+-----+--------+-------+-----+

+ Detail: 
    * Instance: 
    N/A

    * DSP: 
    +----------------------------------+------------------------------+--------------+
    |             Instance             |            Module            |  Expression  |
    +----------------------------------+------------------------------+--------------+
    |mac_muladd_16s_4s_24s_24_4_1_U11  |mac_muladd_16s_4s_24s_24_4_1  |  i0 * i1 + i2|
    |mac_muladd_16s_5s_24s_24_4_1_U10  |mac_muladd_16s_5s_24s_24_4_1  |  i0 * i1 + i2|
    |mac_muladd_16s_6s_24s_24_4_1_U9   |mac_muladd_16s_6s_24s_24_4_1  |  i0 * i1 + i2|
    +----------------------------------+------------------------------+--------------+

    * Memory: 
    +-------------------------------------+----------------------------------------------------------------------------------+---------+---+----+-----+------+-----+------+-------------+
    |                Memory               |                                      Module                                      | BRAM_18K| FF| LUT| URAM| Words| Bits| Banks| W*Bits*Banks|
    +-------------------------------------+----------------------------------------------------------------------------------+---------+---+----+-----+------+-----+------+-------------+
    |layers_0_attention_key_weight_V_U    |linear_attention_q8_Pipeline_VITIS_LOOP_97_3_layers_0_attention_key_weight_V_dEe  |        1|  0|   0|    0|   256|    5|     1|         1280|
    |layers_0_attention_query_weight_V_U  |linear_attention_q8_Pipeline_VITIS_LOOP_97_3_layers_0_attention_query_weight_cud  |        1|  0|   0|    0|   256|    6|     1|         1536|
    |layers_0_attention_value_weight_V_U  |linear_attention_q8_Pipeline_VITIS_LOOP_97_3_layers_0_attention_value_weight_eOg  |        1|  0|   0|    0|   256|    4|     1|         1024|
    +-------------------------------------+----------------------------------------------------------------------------------+---------+---+----+-----+------+-----+------+-------------+
    |Total                                |                                                                                  |        3|  0|   0|    0|   768|   15|     3|         3840|
    +-------------------------------------+----------------------------------------------------------------------------------+---------+---+----+-----+------+-----+------+-------------+

    * FIFO: 
    N/A

    * Expression: 
    +---------------------+----------+----+---+----+------------+------------+
    |    Variable Name    | Operation| DSP| FF| LUT| Bitwidth P0| Bitwidth P1|
    +---------------------+----------+----+---+----+------------+------------+
    |add_ln100_fu_199_p2  |         +|   0|  0|  15|           8|           8|
    |add_ln97_fu_178_p2   |         +|   0|  0|  13|           5|           1|
    |add_ln99_fu_188_p2   |         +|   0|  0|  15|           8|           8|
    |icmp_ln97_fu_172_p2  |      icmp|   0|  0|  10|           5|           6|
    |ap_enable_pp0        |       xor|   0|  0|   2|           1|           2|
    +---------------------+----------+----+---+----+------------+------------+
    |Total                |          |   0|  0|  55|          27|          25|
    +---------------------+----------+----+---+----+------------+------------+

    * Multiplexer: 
    +-------------------------+----+-----------+-----+-----------+
    |           Name          | LUT| Input Size| Bits| Total Bits|
    +-------------------------+----+-----------+-----+-----------+
    |ap_done_int              |   9|          2|    1|          2|
    |ap_enable_reg_pp0_iter4  |   9|          2|    1|          2|
    |ap_sig_allocacmp_i_1     |   9|          2|    5|         10|
    |ap_sig_allocacmp_sk_V_2  |   9|          2|   24|         48|
    |ap_sig_allocacmp_sq_V_2  |   9|          2|   24|         48|
    |ap_sig_allocacmp_sv_V_2  |   9|          2|   24|         48|
    |i_fu_60                  |   9|          2|    5|         10|
    |sk_V_fu_48               |   9|          2|   24|         48|
    |sq_V_fu_52               |   9|          2|   24|         48|
    |sv_V_fu_56               |   9|          2|   24|         48|
    +-------------------------+----+-----------+-----+-----------+
    |Total                    |  90|         20|  156|        312|
    +-------------------------+----+-----------+-----+-----------+

    * Register: 
    +----------------------------------+----+----+-----+-----------+
    |               Name               | FF | LUT| Bits| Const Bits|
    +----------------------------------+----+----+-----+-----------+
    |ap_CS_fsm                         |   1|   0|    1|          0|
    |ap_done_reg                       |   1|   0|    1|          0|
    |ap_enable_reg_pp0_iter1           |   1|   0|    1|          0|
    |ap_enable_reg_pp0_iter2           |   1|   0|    1|          0|
    |ap_enable_reg_pp0_iter3           |   1|   0|    1|          0|
    |ap_enable_reg_pp0_iter4           |   1|   0|    1|          0|
    |ap_loop_exit_ready_pp0_iter1_reg  |   1|   0|    1|          0|
    |ap_loop_exit_ready_pp0_iter2_reg  |   1|   0|    1|          0|
    |ap_loop_exit_ready_pp0_iter3_reg  |   1|   0|    1|          0|
    |i_fu_60                           |   5|   0|    5|          0|
    |icmp_ln97_reg_332                 |   1|   0|    1|          0|
    |sk_V_fu_48                        |  24|   0|   24|          0|
    |sq_V_fu_52                        |  24|   0|   24|          0|
    |sv_V_fu_56                        |  24|   0|   24|          0|
    |icmp_ln97_reg_332                 |  64|  32|    1|          0|
    +----------------------------------+----+----+-----+-----------+
    |Total                             | 151|  32|   88|          0|
    +----------------------------------+----+----+-----+-----------+



================================================================
== Interface
================================================================
* Summary: 
+-----------------+-----+-----+------------+----------------------------------------------+--------------+
|    RTL Ports    | Dir | Bits|  Protocol  |                 Source Object                |    C Type    |
+-----------------+-----+-----+------------+----------------------------------------------+--------------+
|ap_clk           |   in|    1|  ap_ctrl_hs|  linear_attention_q8_Pipeline_VITIS_LOOP_97_3|  return value|
|ap_rst           |   in|    1|  ap_ctrl_hs|  linear_attention_q8_Pipeline_VITIS_LOOP_97_3|  return value|
|ap_start         |   in|    1|  ap_ctrl_hs|  linear_attention_q8_Pipeline_VITIS_LOOP_97_3|  return value|
|ap_done          |  out|    1|  ap_ctrl_hs|  linear_attention_q8_Pipeline_VITIS_LOOP_97_3|  return value|
|ap_idle          |  out|    1|  ap_ctrl_hs|  linear_attention_q8_Pipeline_VITIS_LOOP_97_3|  return value|
|ap_ready         |  out|    1|  ap_ctrl_hs|  linear_attention_q8_Pipeline_VITIS_LOOP_97_3|  return value|
|zext_ln99        |   in|    8|     ap_none|                                     zext_ln99|        scalar|
|x_address0       |  out|    8|   ap_memory|                                             x|         array|
|x_ce0            |  out|    1|   ap_memory|                                             x|         array|
|x_q0             |   in|   16|   ap_memory|                                             x|         array|
|tmp_4            |   in|    8|     ap_none|                                         tmp_4|        scalar|
|sv_V_out         |  out|   20|      ap_vld|                                      sv_V_out|       pointer|
|sv_V_out_ap_vld  |  out|    1|      ap_vld|                                      sv_V_out|       pointer|
|sq_V_out         |  out|   20|      ap_vld|                                      sq_V_out|       pointer|
|sq_V_out_ap_vld  |  out|    1|      ap_vld|                                      sq_V_out|       pointer|
|sk_V_out         |  out|   20|      ap_vld|                                      sk_V_out|       pointer|
|sk_V_out_ap_vld  |  out|    1|      ap_vld|                                      sk_V_out|       pointer|
+-----------------+-----+-----+------------+----------------------------------------------+--------------+

