

================================================================
== Vitis HLS Report for 'linear_attention_small_b_Pipeline_VITIS_LOOP_107_14'
================================================================
* Date:           Wed Jul  1 14:17:01 2026

* Version:        2022.2 (Build 3670227 on Oct 13 2022)
* Project:        imgds_linear_small_b_axi
* Solution:       solution1 (Vivado IP Flow Target)
* Product family: zynq
* Target device:  xc7z020-clg400-1


================================================================
== Performance Estimates
================================================================
+ Timing: 
    * Summary: 
    +--------+----------+----------+------------+
    |  Clock |  Target  | Estimated| Uncertainty|
    +--------+----------+----------+------------+
    |ap_clk  |  10.00 ns|  5.331 ns|     2.70 ns|
    +--------+----------+----------+------------+

+ Latency: 
    * Summary: 
    +---------+---------+----------+----------+-----+-----+---------+
    |  Latency (cycles) |  Latency (absolute) |  Interval | Pipeline|
    |   min   |   max   |    min   |    max   | min | max |   Type  |
    +---------+---------+----------+----------+-----+-----+---------+
    |       14|       14|  0.140 us|  0.140 us|   14|   14|       no|
    +---------+---------+----------+----------+-----+-----+---------+

    + Detail: 
        * Instance: 
        N/A

        * Loop: 
        +---------------------+---------+---------+----------+-----------+-----------+------+----------+
        |                     |  Latency (cycles) | Iteration|  Initiation Interval  | Trip |          |
        |      Loop Name      |   min   |   max   |  Latency |  achieved |   target  | Count| Pipelined|
        +---------------------+---------+---------+----------+-----------+-----------+------+----------+
        |- VITIS_LOOP_107_14  |       12|       12|         6|          1|          1|     8|       yes|
        +---------------------+---------+---------+----------+-----------+-----------+------+----------+



================================================================
== Utilization Estimates
================================================================
* Summary: 
+-----------------+---------+-----+--------+-------+-----+
|       Name      | BRAM_18K| DSP |   FF   |  LUT  | URAM|
+-----------------+---------+-----+--------+-------+-----+
|DSP              |        -|    1|       -|      -|    -|
|Expression       |        -|    -|       0|    140|    -|
|FIFO             |        -|    -|       -|      -|    -|
|Instance         |        -|    -|       -|      -|    -|
|Memory           |        0|    -|      11|     11|    -|
|Multiplexer      |        -|    -|       -|     45|    -|
|Register         |        -|    -|     191|     64|    -|
+-----------------+---------+-----+--------+-------+-----+
|Total            |        0|    1|     202|    260|    0|
+-----------------+---------+-----+--------+-------+-----+
|Available        |      280|  220|  106400|  53200|    0|
+-----------------+---------+-----+--------+-------+-----+
|Utilization (%)  |        0|   ~0|      ~0|     ~0|    0|
+-----------------+---------+-----+--------+-------+-----+

+ Detail: 
    * Instance: 
    N/A

    * DSP: 
    +----------------------------+------------------------+-----------+
    |          Instance          |         Module         | Expression|
    +----------------------------+------------------------+-----------+
    |mul_mul_11s_16s_27_4_1_U46  |mul_mul_11s_16s_27_4_1  |    i0 * i1|
    +----------------------------+------------------------+-----------+

    * Memory: 
    +--------------------------------------+----------------------------------------------------------------------------------+---------+----+----+-----+------+-----+------+-------------+
    |                Memory                |                                      Module                                      | BRAM_18K| FF | LUT| URAM| Words| Bits| Banks| W*Bits*Banks|
    +--------------------------------------+----------------------------------------------------------------------------------+---------+----+----+-----+------+-----+------+-------------+
    |layers_0_attention_output_weight_V_U  |linear_attention_small_b_Pipeline_VITIS_LOOP_107_14_layers_0_attention_outputfYi  |        0|  11|  11|    0|    64|   11|     1|          704|
    +--------------------------------------+----------------------------------------------------------------------------------+---------+----+----+-----+------+-----+------+-------------+
    |Total                                 |                                                                                  |        0|  11|  11|    0|    64|   11|     1|          704|
    +--------------------------------------+----------------------------------------------------------------------------------+---------+----+----+-----+------+-----+------+-------------+

    * FIFO: 
    N/A

    * Expression: 
    +------------------------+----------+----+---+----+------------+------------+
    |      Variable Name     | Operation| DSP| FF| LUT| Bitwidth P0| Bitwidth P1|
    +------------------------+----------+----+---+----+------------+------------+
    |add_ln107_fu_156_p2     |         +|   0|  0|  13|           4|           1|
    |add_ln109_fu_171_p2     |         +|   0|  0|  14|           6|           6|
    |add_ln1347_4_fu_236_p2  |         +|   0|  0|  33|          26|          26|
    |add_ln813_fu_262_p2     |         +|   0|  0|  23|          16|          16|
    |ret_V_fu_230_p2         |         +|   0|  0|  37|          30|          30|
    |icmp_ln107_1_fu_182_p2  |      icmp|   0|  0|   9|           4|           5|
    |icmp_ln107_fu_150_p2    |      icmp|   0|  0|   9|           4|           5|
    |ap_enable_pp0           |       xor|   0|  0|   2|           1|           2|
    +------------------------+----------+----+---+----+------------+------------+
    |Total                   |          |   0|  0| 140|          91|          91|
    +------------------------+----------+----+---+----+------------+------------+

    * Multiplexer: 
    +-------------------------+----+-----------+-----+-----------+
    |           Name          | LUT| Input Size| Bits| Total Bits|
    +-------------------------+----+-----------+-----+-----------+
    |ap_done_int              |   9|          2|    1|          2|
    |ap_enable_reg_pp0_iter1  |   9|          2|    1|          2|
    |ap_sig_allocacmp_i       |   9|          2|    4|          8|
    |i_1_fu_64                |   9|          2|    4|          8|
    |lhs_fu_60                |   9|          2|   24|         48|
    +-------------------------+----+-----------+-----+-----------+
    |Total                    |  45|         10|   34|         68|
    +-------------------------+----+-----------+-----+-----------+

    * Register: 
    +----------------------------------+----+----+-----+-----------+
    |               Name               | FF | LUT| Bits| Const Bits|
    +----------------------------------+----+----+-----+-----------+
    |add_ln813_reg_329                 |  16|   0|   16|          0|
    |ap_CS_fsm                         |   1|   0|    1|          0|
    |ap_done_reg                       |   1|   0|    1|          0|
    |ap_enable_reg_pp0_iter1           |   1|   0|    1|          0|
    |ap_enable_reg_pp0_iter2           |   1|   0|    1|          0|
    |ap_enable_reg_pp0_iter3           |   1|   0|    1|          0|
    |ap_enable_reg_pp0_iter4           |   1|   0|    1|          0|
    |ap_enable_reg_pp0_iter5           |   1|   0|    1|          0|
    |ap_loop_exit_ready_pp0_iter1_reg  |   1|   0|    1|          0|
    |ap_loop_exit_ready_pp0_iter2_reg  |   1|   0|    1|          0|
    |ap_loop_exit_ready_pp0_iter3_reg  |   1|   0|    1|          0|
    |ap_loop_exit_ready_pp0_iter4_reg  |   1|   0|    1|          0|
    |i_1_fu_64                         |   4|   0|    4|          0|
    |icmp_ln107_1_reg_315              |   1|   0|    1|          0|
    |lhs_fu_60                         |  24|   0|   24|          0|
    |x_addr_reg_295                    |   7|   0|    7|          0|
    |icmp_ln107_1_reg_315              |  64|  32|    1|          0|
    |x_addr_reg_295                    |  64|  32|    7|          0|
    +----------------------------------+----+----+-----+-----------+
    |Total                             | 191|  64|   71|          0|
    +----------------------------------+----+----+-----+-----------+



================================================================
== Interface
================================================================
* Summary: 
+---------------------+-----+-----+------------+-----------------------------------------------------+--------------+
|      RTL Ports      | Dir | Bits|  Protocol  |                    Source Object                    |    C Type    |
+---------------------+-----+-----+------------+-----------------------------------------------------+--------------+
|ap_clk               |   in|    1|  ap_ctrl_hs|  linear_attention_small_b_Pipeline_VITIS_LOOP_107_14|  return value|
|ap_rst               |   in|    1|  ap_ctrl_hs|  linear_attention_small_b_Pipeline_VITIS_LOOP_107_14|  return value|
|ap_start             |   in|    1|  ap_ctrl_hs|  linear_attention_small_b_Pipeline_VITIS_LOOP_107_14|  return value|
|ap_done              |  out|    1|  ap_ctrl_hs|  linear_attention_small_b_Pipeline_VITIS_LOOP_107_14|  return value|
|ap_idle              |  out|    1|  ap_ctrl_hs|  linear_attention_small_b_Pipeline_VITIS_LOOP_107_14|  return value|
|ap_ready             |  out|    1|  ap_ctrl_hs|  linear_attention_small_b_Pipeline_VITIS_LOOP_107_14|  return value|
|sext_ln106           |   in|   11|     ap_none|                                           sext_ln106|        scalar|
|x_address0           |  out|    7|   ap_memory|                                                    x|         array|
|x_ce0                |  out|    1|   ap_memory|                                                    x|         array|
|x_we0                |  out|    1|   ap_memory|                                                    x|         array|
|x_d0                 |  out|   16|   ap_memory|                                                    x|         array|
|x_address1           |  out|    7|   ap_memory|                                                    x|         array|
|x_ce1                |  out|    1|   ap_memory|                                                    x|         array|
|x_q1                 |   in|   16|   ap_memory|                                                    x|         array|
|add_ln813_4          |   in|    7|     ap_none|                                          add_ln813_4|        scalar|
|tmp_17               |   in|    6|     ap_none|                                               tmp_17|        scalar|
|attended_V_address0  |  out|    3|   ap_memory|                                           attended_V|         array|
|attended_V_ce0       |  out|    1|   ap_memory|                                           attended_V|         array|
|attended_V_q0        |   in|   16|   ap_memory|                                           attended_V|         array|
+---------------------+-----+-----+------------+-----------------------------------------------------+--------------+

