

================================================================
== Vitis HLS Report for 'imgds_linear_dense_q16_Pipeline_VITIS_LOOP_301_78'
================================================================
* Date:           Tue Jun 30 20:54:13 2026

* Version:        2022.2 (Build 3670227 on Oct 13 2022)
* Project:        imgds_linear_dense_q16_pareto1
* Solution:       solution1 (Vivado IP Flow Target)
* Product family: zynq
* Target device:  xc7z020-clg400-1


================================================================
== Performance Estimates
================================================================
+ Timing: 
    * Summary: 
    +--------+----------+----------+------------+
    |  Clock |  Target  | Estimated| Uncertainty|
    +--------+----------+----------+------------+
    |ap_clk  |  10.00 ns|  6.009 ns|     2.70 ns|
    +--------+----------+----------+------------+

+ Latency: 
    * Summary: 
    +---------+---------+----------+----------+-----+-----+---------+
    |  Latency (cycles) |  Latency (absolute) |  Interval | Pipeline|
    |   min   |   max   |    min   |    max   | min | max |   Type  |
    +---------+---------+----------+----------+-----+-----+---------+
    |       11|       11|  0.110 us|  0.110 us|   11|   11|       no|
    +---------+---------+----------+----------+-----+-----+---------+

    + Detail: 
        * Instance: 
        N/A

        * Loop: 
        +--------------------+---------+---------+----------+-----------+-----------+------+----------+
        |                    |  Latency (cycles) | Iteration|  Initiation Interval  | Trip |          |
        |      Loop Name     |   min   |   max   |  Latency |  achieved |   target  | Count| Pipelined|
        +--------------------+---------+---------+----------+-----------+-----------+------+----------+
        |- VITIS_LOOP_301_7  |        9|        9|         4|          2|          1|     4|       yes|
        +--------------------+---------+---------+----------+-----------+-----------+------+----------+

============================================================
+ Verbose Summary: Synthesis Manager
============================================================
InlineROM: 1
ExposeGlobal: 0
============================================================
+ Verbose Summary: CDFG Model
============================================================
IsTopModel: 0
ResetActiveHigh: 1
IsCombinational: 0
IsDatapathOnly: 0
HasWiredReturn: 1
HasMFsm: 2
HasVarLatency: 1
IsPipeline: 0
IsRtlPipelined: 0
IsInstanceOverlapped: 0
IsDontTouch: 0
HasImplIP: 0
IsGatedGlobalClock: 0

+ Individual pipeline summary: 
  * Pipeline-0: initiation interval (II) = 2, depth = 4


============================================================
+ Verbose Summary: Schedule
============================================================
* Number of FSM states : 4
* Pipeline : 1
  Pipeline-0 : II = 2, D = 4, States = { 1 2 3 4 }
* Dataflow Pipeline: 0

* FSM state transitions: 
1 --> 2 
2 --> 3 
3 --> 4 
4 --> 

* FSM state operations: 

State 1 <SV = 0> <Delay = 3.36>
ST_1 : Operation 7 [1/1] (0.00ns)   --->   "%s_V = alloca i32 1"   --->   Operation 7 'alloca' 's_V' <Predicate = true> <Delay = 0.00>
ST_1 : Operation 8 [1/1] (0.00ns)   --->   "%pos = alloca i32 1"   --->   Operation 8 'alloca' 'pos' <Predicate = true> <Delay = 0.00>
ST_1 : Operation 9 [1/1] (0.00ns)   --->   "%lshr_ln_read = read i2 @_ssdm_op_Read.ap_auto.i2, i2 %lshr_ln"   --->   Operation 9 'read' 'lshr_ln_read' <Predicate = true> <Delay = 0.00>
ST_1 : Operation 10 [1/1] (1.58ns)   --->   "%store_ln0 = store i5 0, i5 %pos"   --->   Operation 10 'store' 'store_ln0' <Predicate = true> <Delay = 1.58>
ST_1 : Operation 11 [1/1] (1.58ns)   --->   "%store_ln0 = store i24 0, i24 %s_V"   --->   Operation 11 'store' 'store_ln0' <Predicate = true> <Delay = 1.58>
ST_1 : Operation 12 [1/1] (0.00ns)   --->   "%br_ln0 = br void %for.body78.2"   --->   Operation 12 'br' 'br_ln0' <Predicate = true> <Delay = 0.00>
ST_1 : Operation 13 [1/1] (0.00ns)   --->   "%pos_6 = load i5 %pos" [src/imgds_linear_dense_q16.cpp:301]   --->   Operation 13 'load' 'pos_6' <Predicate = true> <Delay = 0.00>
ST_1 : Operation 14 [1/1] (0.00ns)   --->   "%empty = trunc i5 %pos_6" [src/imgds_linear_dense_q16.cpp:301]   --->   Operation 14 'trunc' 'empty' <Predicate = true> <Delay = 0.00>
ST_1 : Operation 15 [1/1] (0.00ns)   --->   "%specpipeline_ln0 = specpipeline void @_ssdm_op_SpecPipeline, i32 4294967295, i32 0, i32 1, i32 0, void @p_str"   --->   Operation 15 'specpipeline' 'specpipeline_ln0' <Predicate = true> <Delay = 0.00>
ST_1 : Operation 16 [1/1] (0.00ns)   --->   "%tmp = bitselect i1 @_ssdm_op_BitSelect.i1.i5.i32, i5 %pos_6, i32 4" [src/imgds_linear_dense_q16.cpp:301]   --->   Operation 16 'bitselect' 'tmp' <Predicate = true> <Delay = 0.00>
ST_1 : Operation 17 [1/1] (0.00ns)   --->   "%empty_70 = speclooptripcount i32 @_ssdm_op_SpecLoopTripCount, i64 4, i64 4, i64 4"   --->   Operation 17 'speclooptripcount' 'empty_70' <Predicate = true> <Delay = 0.00>
ST_1 : Operation 18 [1/1] (0.00ns)   --->   "%br_ln301 = br i1 %tmp, void %for.body78.2.split, void %_ZN8ap_fixedILi16ELi6EL9ap_q_mode5EL9ap_o_mode3ELi0EEC2Ei.exit.2.exitStub" [src/imgds_linear_dense_q16.cpp:301]   --->   Operation 18 'br' 'br_ln301' <Predicate = true> <Delay = 0.00>
ST_1 : Operation 19 [1/1] (0.00ns)   --->   "%tmp_s = bitconcatenate i6 @_ssdm_op_BitConcatenate.i6.i4.i2, i4 %empty, i2 %lshr_ln_read"   --->   Operation 19 'bitconcatenate' 'tmp_s' <Predicate = (!tmp)> <Delay = 0.00>
ST_1 : Operation 20 [1/1] (0.00ns)   --->   "%zext_ln837 = zext i6 %tmp_s"   --->   Operation 20 'zext' 'zext_ln837' <Predicate = (!tmp)> <Delay = 0.00>
ST_1 : Operation 21 [1/1] (0.00ns)   --->   "%x_V_33_addr = getelementptr i16 %x_V_33, i64 0, i64 %zext_ln837"   --->   Operation 21 'getelementptr' 'x_V_33_addr' <Predicate = (!tmp)> <Delay = 0.00>
ST_1 : Operation 22 [2/2] (3.25ns)   --->   "%x_V_33_load = load i6 %x_V_33_addr"   --->   Operation 22 'load' 'x_V_33_load' <Predicate = (!tmp)> <Delay = 3.25> <CoreInst = "RAM">   --->   Core 82 'RAM' <Latency = 1> <II = 1> <Delay = 3.25> <Storage> <Opcode : 'load' 'store'> <Ports = 2> <Width = 16> <Depth = 64> <RAM>
ST_1 : Operation 23 [1/1] (0.00ns)   --->   "%or_ln301 = or i4 %empty, i4 1" [src/imgds_linear_dense_q16.cpp:301]   --->   Operation 23 'or' 'or_ln301' <Predicate = (!tmp)> <Delay = 0.00>
ST_1 : Operation 24 [1/1] (0.00ns)   --->   "%tmp_864 = bitconcatenate i6 @_ssdm_op_BitConcatenate.i6.i4.i2, i4 %or_ln301, i2 %lshr_ln_read"   --->   Operation 24 'bitconcatenate' 'tmp_864' <Predicate = (!tmp)> <Delay = 0.00>
ST_1 : Operation 25 [1/1] (0.00ns)   --->   "%zext_ln837_18 = zext i6 %tmp_864"   --->   Operation 25 'zext' 'zext_ln837_18' <Predicate = (!tmp)> <Delay = 0.00>
ST_1 : Operation 26 [1/1] (0.00ns)   --->   "%x_V_33_addr_1 = getelementptr i16 %x_V_33, i64 0, i64 %zext_ln837_18"   --->   Operation 26 'getelementptr' 'x_V_33_addr_1' <Predicate = (!tmp)> <Delay = 0.00>
ST_1 : Operation 27 [2/2] (3.25ns)   --->   "%x_V_33_load_1 = load i6 %x_V_33_addr_1"   --->   Operation 27 'load' 'x_V_33_load_1' <Predicate = (!tmp)> <Delay = 3.25> <CoreInst = "RAM">   --->   Core 82 'RAM' <Latency = 1> <II = 1> <Delay = 3.25> <Storage> <Opcode : 'load' 'store'> <Ports = 2> <Width = 16> <Depth = 64> <RAM>
ST_1 : Operation 28 [1/1] (1.78ns)   --->   "%add_ln301 = add i5 %pos_6, i5 4" [src/imgds_linear_dense_q16.cpp:301]   --->   Operation 28 'add' 'add_ln301' <Predicate = (!tmp)> <Delay = 1.78> <CoreInst = "Adder">   --->   Core 1 'Adder' <Latency = 0> <II = 1> <Delay = 1.78> <FuncUnit> <Opcode : 'add' 'sub'> <InPorts = 2> <OutPorts = 1>
ST_1 : Operation 29 [1/1] (1.58ns)   --->   "%store_ln301 = store i5 %add_ln301, i5 %pos" [src/imgds_linear_dense_q16.cpp:301]   --->   Operation 29 'store' 'store_ln301' <Predicate = (!tmp)> <Delay = 1.58>

State 2 <SV = 1> <Delay = 5.33>
ST_2 : Operation 30 [1/2] (3.25ns)   --->   "%x_V_33_load = load i6 %x_V_33_addr"   --->   Operation 30 'load' 'x_V_33_load' <Predicate = (!tmp)> <Delay = 3.25> <CoreInst = "RAM">   --->   Core 82 'RAM' <Latency = 1> <II = 1> <Delay = 3.25> <Storage> <Opcode : 'load' 'store'> <Ports = 2> <Width = 16> <Depth = 64> <RAM>
ST_2 : Operation 31 [1/2] (3.25ns)   --->   "%x_V_33_load_1 = load i6 %x_V_33_addr_1"   --->   Operation 31 'load' 'x_V_33_load_1' <Predicate = (!tmp)> <Delay = 3.25> <CoreInst = "RAM">   --->   Core 82 'RAM' <Latency = 1> <II = 1> <Delay = 3.25> <Storage> <Opcode : 'load' 'store'> <Ports = 2> <Width = 16> <Depth = 64> <RAM>
ST_2 : Operation 32 [1/1] (0.00ns)   --->   "%or_ln301_3 = or i4 %empty, i4 2" [src/imgds_linear_dense_q16.cpp:301]   --->   Operation 32 'or' 'or_ln301_3' <Predicate = (!tmp)> <Delay = 0.00>
ST_2 : Operation 33 [1/1] (0.00ns)   --->   "%tmp_865 = bitconcatenate i6 @_ssdm_op_BitConcatenate.i6.i4.i2, i4 %or_ln301_3, i2 %lshr_ln_read"   --->   Operation 33 'bitconcatenate' 'tmp_865' <Predicate = (!tmp)> <Delay = 0.00>
ST_2 : Operation 34 [1/1] (0.00ns)   --->   "%zext_ln837_19 = zext i6 %tmp_865"   --->   Operation 34 'zext' 'zext_ln837_19' <Predicate = (!tmp)> <Delay = 0.00>
ST_2 : Operation 35 [1/1] (0.00ns)   --->   "%x_V_33_addr_2 = getelementptr i16 %x_V_33, i64 0, i64 %zext_ln837_19"   --->   Operation 35 'getelementptr' 'x_V_33_addr_2' <Predicate = (!tmp)> <Delay = 0.00>
ST_2 : Operation 36 [2/2] (3.25ns)   --->   "%x_V_33_load_2 = load i6 %x_V_33_addr_2"   --->   Operation 36 'load' 'x_V_33_load_2' <Predicate = (!tmp)> <Delay = 3.25> <CoreInst = "RAM">   --->   Core 82 'RAM' <Latency = 1> <II = 1> <Delay = 3.25> <Storage> <Opcode : 'load' 'store'> <Ports = 2> <Width = 16> <Depth = 64> <RAM>
ST_2 : Operation 37 [1/1] (0.00ns)   --->   "%or_ln301_4 = or i4 %empty, i4 3" [src/imgds_linear_dense_q16.cpp:301]   --->   Operation 37 'or' 'or_ln301_4' <Predicate = (!tmp)> <Delay = 0.00>
ST_2 : Operation 38 [1/1] (0.00ns)   --->   "%tmp_866 = bitconcatenate i6 @_ssdm_op_BitConcatenate.i6.i4.i2, i4 %or_ln301_4, i2 %lshr_ln_read"   --->   Operation 38 'bitconcatenate' 'tmp_866' <Predicate = (!tmp)> <Delay = 0.00>
ST_2 : Operation 39 [1/1] (0.00ns)   --->   "%zext_ln837_20 = zext i6 %tmp_866"   --->   Operation 39 'zext' 'zext_ln837_20' <Predicate = (!tmp)> <Delay = 0.00>
ST_2 : Operation 40 [1/1] (0.00ns)   --->   "%x_V_33_addr_3 = getelementptr i16 %x_V_33, i64 0, i64 %zext_ln837_20"   --->   Operation 40 'getelementptr' 'x_V_33_addr_3' <Predicate = (!tmp)> <Delay = 0.00>
ST_2 : Operation 41 [2/2] (3.25ns)   --->   "%x_V_33_load_3 = load i6 %x_V_33_addr_3"   --->   Operation 41 'load' 'x_V_33_load_3' <Predicate = (!tmp)> <Delay = 3.25> <CoreInst = "RAM">   --->   Core 82 'RAM' <Latency = 1> <II = 1> <Delay = 3.25> <Storage> <Opcode : 'load' 'store'> <Ports = 2> <Width = 16> <Depth = 64> <RAM>
ST_2 : Operation 42 [1/1] (0.00ns)   --->   "%x_V_33_load_cast = sext i16 %x_V_33_load"   --->   Operation 42 'sext' 'x_V_33_load_cast' <Predicate = (!tmp)> <Delay = 0.00>
ST_2 : Operation 43 [1/1] (0.00ns)   --->   "%x_V_33_load_1_cast = sext i16 %x_V_33_load_1"   --->   Operation 43 'sext' 'x_V_33_load_1_cast' <Predicate = (!tmp)> <Delay = 0.00>
ST_2 : Operation 44 [1/1] (2.07ns)   --->   "%tmp46 = add i17 %x_V_33_load_1_cast, i17 %x_V_33_load_cast"   --->   Operation 44 'add' 'tmp46' <Predicate = (!tmp)> <Delay = 2.07> <CoreInst = "Adder">   --->   Core 1 'Adder' <Latency = 0> <II = 1> <Delay = 2.07> <FuncUnit> <Opcode : 'add' 'sub'> <InPorts = 2> <OutPorts = 1>
ST_2 : Operation 60 [1/1] (0.00ns)   --->   "%s_V_load = load i24 %s_V"   --->   Operation 60 'load' 's_V_load' <Predicate = (tmp)> <Delay = 0.00>
ST_2 : Operation 61 [1/1] (0.00ns)   --->   "%write_ln0 = write void @_ssdm_op_Write.ap_auto.i24P0A, i24 %s_V_11_out, i24 %s_V_load"   --->   Operation 61 'write' 'write_ln0' <Predicate = (tmp)> <Delay = 0.00>
ST_2 : Operation 62 [1/1] (0.00ns)   --->   "%ret_ln0 = ret"   --->   Operation 62 'ret' 'ret_ln0' <Predicate = (tmp)> <Delay = 0.00>

State 3 <SV = 2> <Delay = 5.33>
ST_3 : Operation 45 [1/2] (3.25ns)   --->   "%x_V_33_load_2 = load i6 %x_V_33_addr_2"   --->   Operation 45 'load' 'x_V_33_load_2' <Predicate = true> <Delay = 3.25> <CoreInst = "RAM">   --->   Core 82 'RAM' <Latency = 1> <II = 1> <Delay = 3.25> <Storage> <Opcode : 'load' 'store'> <Ports = 2> <Width = 16> <Depth = 64> <RAM>
ST_3 : Operation 46 [1/2] (3.25ns)   --->   "%x_V_33_load_3 = load i6 %x_V_33_addr_3"   --->   Operation 46 'load' 'x_V_33_load_3' <Predicate = true> <Delay = 3.25> <CoreInst = "RAM">   --->   Core 82 'RAM' <Latency = 1> <II = 1> <Delay = 3.25> <Storage> <Opcode : 'load' 'store'> <Ports = 2> <Width = 16> <Depth = 64> <RAM>
ST_3 : Operation 47 [1/1] (0.00ns)   --->   "%x_V_33_load_2_cast = sext i16 %x_V_33_load_2"   --->   Operation 47 'sext' 'x_V_33_load_2_cast' <Predicate = true> <Delay = 0.00>
ST_3 : Operation 48 [1/1] (0.00ns)   --->   "%x_V_33_load_3_cast = sext i16 %x_V_33_load_3"   --->   Operation 48 'sext' 'x_V_33_load_3_cast' <Predicate = true> <Delay = 0.00>
ST_3 : Operation 49 [1/1] (2.07ns)   --->   "%tmp47 = add i17 %x_V_33_load_2_cast, i17 %x_V_33_load_3_cast"   --->   Operation 49 'add' 'tmp47' <Predicate = true> <Delay = 2.07> <CoreInst = "Adder">   --->   Core 1 'Adder' <Latency = 0> <II = 1> <Delay = 2.07> <FuncUnit> <Opcode : 'add' 'sub'> <InPorts = 2> <OutPorts = 1>

State 4 <SV = 3> <Delay = 6.00>
ST_4 : Operation 50 [1/1] (0.00ns)   --->   "%s_V_load_2 = load i24 %s_V"   --->   Operation 50 'load' 's_V_load_2' <Predicate = true> <Delay = 0.00>
ST_4 : Operation 51 [1/1] (0.00ns)   --->   "%specloopname_ln300 = specloopname void @_ssdm_op_SpecLoopName, void @empty_0" [src/imgds_linear_dense_q16.cpp:300]   --->   Operation 51 'specloopname' 'specloopname_ln300' <Predicate = true> <Delay = 0.00>
ST_4 : Operation 52 [1/1] (0.00ns)   --->   "%tmp46_cast = sext i17 %tmp46"   --->   Operation 52 'sext' 'tmp46_cast' <Predicate = true> <Delay = 0.00>
ST_4 : Operation 53 [1/1] (0.00ns)   --->   "%tmp47_cast = sext i17 %tmp47"   --->   Operation 53 'sext' 'tmp47_cast' <Predicate = true> <Delay = 0.00>
ST_4 : Operation 54 [1/1] (2.10ns)   --->   "%tmp1137762 = add i18 %tmp47_cast, i18 %tmp46_cast"   --->   Operation 54 'add' 'tmp1137762' <Predicate = true> <Delay = 2.10> <CoreInst = "Adder">   --->   Core 1 'Adder' <Latency = 0> <II = 1> <Delay = 2.10> <FuncUnit> <Opcode : 'add' 'sub'> <InPorts = 2> <OutPorts = 1>
ST_4 : Operation 55 [1/1] (0.00ns)   --->   "%tmp_867 = bitconcatenate i22 @_ssdm_op_BitConcatenate.i22.i18.i4, i18 %tmp1137762, i4 0"   --->   Operation 55 'bitconcatenate' 'tmp_867' <Predicate = true> <Delay = 0.00>
ST_4 : Operation 56 [1/1] (0.00ns)   --->   "%tmp1138 = sext i22 %tmp_867"   --->   Operation 56 'sext' 'tmp1138' <Predicate = true> <Delay = 0.00>
ST_4 : Operation 57 [1/1] (2.31ns)   --->   "%s_V_9 = add i24 %tmp1138, i24 %s_V_load_2"   --->   Operation 57 'add' 's_V_9' <Predicate = true> <Delay = 2.31> <CoreInst = "Adder">   --->   Core 1 'Adder' <Latency = 0> <II = 1> <Delay = 2.31> <FuncUnit> <Opcode : 'add' 'sub'> <InPorts = 2> <OutPorts = 1>
ST_4 : Operation 58 [1/1] (1.58ns)   --->   "%store_ln301 = store i24 %s_V_9, i24 %s_V" [src/imgds_linear_dense_q16.cpp:301]   --->   Operation 58 'store' 'store_ln301' <Predicate = true> <Delay = 1.58>
ST_4 : Operation 59 [1/1] (0.00ns)   --->   "%br_ln301 = br void %for.body78.2" [src/imgds_linear_dense_q16.cpp:301]   --->   Operation 59 'br' 'br_ln301' <Predicate = true> <Delay = 0.00>


============================================================
+ Verbose Summary: Binding
============================================================
STG Binding: 
---------------- STG Properties BEGIN ----------------
- Is combinational: 0
- Is one-state seq: 0
- Is datapath-only: 0
- Is pipelined: 0
- Is top level: 0
Port [ Return ] is wired: 1; IO mode=ap_ctrl_hs:ce=0
Port [ lshr_ln]:  wired=1; compound=0; hidden=0; nouse=0; global=0; static=0; extern=0; dir=0; type=0; pingpong=0; private_global=0; IO mode=ap_none:ce=0
Port [ x_V_33]:  wired=1; compound=1; hidden=0; nouse=0; global=0; static=0; extern=0; dir=0; type=1; pingpong=0; private_global=0; MemPort=[11]; IO mode=ap_memory:ce=0
Port [ s_V_11_out]:  wired=1; compound=0; hidden=0; nouse=0; global=0; static=0; extern=0; dir=1; type=0; pingpong=0; private_global=0; IO mode=ap_vld:ce=0
---------------- STG Properties END ------------------

---------------- Datapath Model BEGIN ----------------

<LifeTime>
<method=bitvector/>
s_V                (alloca           ) [ 01111]
pos                (alloca           ) [ 01000]
lshr_ln_read       (read             ) [ 00100]
store_ln0          (store            ) [ 00000]
store_ln0          (store            ) [ 00000]
br_ln0             (br               ) [ 00000]
pos_6              (load             ) [ 00000]
empty              (trunc            ) [ 00100]
specpipeline_ln0   (specpipeline     ) [ 00000]
tmp                (bitselect        ) [ 01100]
empty_70           (speclooptripcount) [ 00000]
br_ln301           (br               ) [ 00000]
tmp_s              (bitconcatenate   ) [ 00000]
zext_ln837         (zext             ) [ 00000]
x_V_33_addr        (getelementptr    ) [ 00100]
or_ln301           (or               ) [ 00000]
tmp_864            (bitconcatenate   ) [ 00000]
zext_ln837_18      (zext             ) [ 00000]
x_V_33_addr_1      (getelementptr    ) [ 00100]
add_ln301          (add              ) [ 00000]
store_ln301        (store            ) [ 00000]
x_V_33_load        (load             ) [ 00000]
x_V_33_load_1      (load             ) [ 00000]
or_ln301_3         (or               ) [ 00000]
tmp_865            (bitconcatenate   ) [ 00000]
zext_ln837_19      (zext             ) [ 00000]
x_V_33_addr_2      (getelementptr    ) [ 01010]
or_ln301_4         (or               ) [ 00000]
tmp_866            (bitconcatenate   ) [ 00000]
zext_ln837_20      (zext             ) [ 00000]
x_V_33_addr_3      (getelementptr    ) [ 01010]
x_V_33_load_cast   (sext             ) [ 00000]
x_V_33_load_1_cast (sext             ) [ 00000]
tmp46              (add              ) [ 01111]
x_V_33_load_2      (load             ) [ 00000]
x_V_33_load_3      (load             ) [ 00000]
x_V_33_load_2_cast (sext             ) [ 00000]
x_V_33_load_3_cast (sext             ) [ 00000]
tmp47              (add              ) [ 00101]
s_V_load_2         (load             ) [ 00000]
specloopname_ln300 (specloopname     ) [ 00000]
tmp46_cast         (sext             ) [ 00000]
tmp47_cast         (sext             ) [ 00000]
tmp1137762         (add              ) [ 00000]
tmp_867            (bitconcatenate   ) [ 00000]
tmp1138            (sext             ) [ 00000]
s_V_9              (add              ) [ 00000]
store_ln301        (store            ) [ 00000]
br_ln301           (br               ) [ 00000]
s_V_load           (load             ) [ 00000]
write_ln0          (write            ) [ 00000]
ret_ln0            (ret              ) [ 00000]
</LifeTime>

<model>

<comp_list>
<comp id="0" class="1000" name="lshr_ln">
<pin_list>
<pin id="1" dir="1" index="0" bw="1" slack="0"/>
</pin_list>
<bind>
<StgValue><ssdm name="lshr_ln"/></StgValue>
</bind>
</comp>

<comp id="2" class="1000" name="x_V_33">
<pin_list>
<pin id="3" dir="1" index="0" bw="1" slack="0"/>
</pin_list>
<bind>
<StgValue><ssdm name="x_V_33"/><MemPortTyVec>1 1 </MemPortTyVec>
</StgValue>
</bind>
</comp>

<comp id="4" class="1000" name="s_V_11_out">
<pin_list>
<pin id="5" dir="1" index="0" bw="1" slack="0"/>
</pin_list>
<bind>
<StgValue><ssdm name="s_V_11_out"/></StgValue>
</bind>
</comp>

<comp id="6" class="1001" name="const_6">
<pin_list>
<pin id="7" dir="1" index="0" bw="1" slack="0"/>
</pin_list>
<bind>
<StgValue><ssdm name=""/></StgValue>
</bind>
</comp>

<comp id="8" class="1001" name="const_8">
<pin_list>
<pin id="9" dir="1" index="0" bw="1" slack="0"/>
</pin_list>
<bind>
<StgValue><ssdm name="_ssdm_op_Read.ap_auto.i2"/></StgValue>
</bind>
</comp>

<comp id="10" class="1001" name="const_10">
<pin_list>
<pin id="11" dir="1" index="0" bw="1" slack="0"/>
</pin_list>
<bind>
<StgValue><ssdm name=""/></StgValue>
</bind>
</comp>

<comp id="12" class="1001" name="const_12">
<pin_list>
<pin id="13" dir="1" index="0" bw="1" slack="0"/>
</pin_list>
<bind>
<StgValue><ssdm name=""/></StgValue>
</bind>
</comp>

<comp id="14" class="1001" name="const_14">
<pin_list>
<pin id="15" dir="1" index="0" bw="1" slack="2147483647"/>
</pin_list>
<bind>
<StgValue><ssdm name="_ssdm_op_SpecPipeline"/></StgValue>
</bind>
</comp>

<comp id="16" class="1001" name="const_16">
<pin_list>
<pin id="17" dir="1" index="0" bw="1" slack="2147483647"/>
</pin_list>
<bind>
<StgValue><ssdm name=""/></StgValue>
</bind>
</comp>

<comp id="18" class="1001" name="const_18">
<pin_list>
<pin id="19" dir="1" index="0" bw="1" slack="2147483647"/>
</pin_list>
<bind>
<StgValue><ssdm name=""/></StgValue>
</bind>
</comp>

<comp id="20" class="1001" name="const_20">
<pin_list>
<pin id="21" dir="1" index="0" bw="1" slack="2147483647"/>
</pin_list>
<bind>
<StgValue><ssdm name="p_str"/></StgValue>
</bind>
</comp>

<comp id="22" class="1001" name="const_22">
<pin_list>
<pin id="23" dir="1" index="0" bw="1" slack="0"/>
</pin_list>
<bind>
<StgValue><ssdm name="_ssdm_op_BitSelect.i1.i5.i32"/></StgValue>
</bind>
</comp>

<comp id="24" class="1001" name="const_24">
<pin_list>
<pin id="25" dir="1" index="0" bw="1" slack="0"/>
</pin_list>
<bind>
<StgValue><ssdm name=""/></StgValue>
</bind>
</comp>

<comp id="26" class="1001" name="const_26">
<pin_list>
<pin id="27" dir="1" index="0" bw="1" slack="2147483647"/>
</pin_list>
<bind>
<StgValue><ssdm name="_ssdm_op_SpecLoopTripCount"/></StgValue>
</bind>
</comp>

<comp id="28" class="1001" name="const_28">
<pin_list>
<pin id="29" dir="1" index="0" bw="1" slack="2147483647"/>
</pin_list>
<bind>
<StgValue><ssdm name=""/></StgValue>
</bind>
</comp>

<comp id="30" class="1001" name="const_30">
<pin_list>
<pin id="31" dir="1" index="0" bw="1" slack="0"/>
</pin_list>
<bind>
<StgValue><ssdm name="_ssdm_op_BitConcatenate.i6.i4.i2"/></StgValue>
</bind>
</comp>

<comp id="32" class="1001" name="const_32">
<pin_list>
<pin id="33" dir="1" index="0" bw="1" slack="0"/>
</pin_list>
<bind>
<StgValue><ssdm name=""/></StgValue>
</bind>
</comp>

<comp id="34" class="1001" name="const_34">
<pin_list>
<pin id="35" dir="1" index="0" bw="1" slack="0"/>
</pin_list>
<bind>
<StgValue><ssdm name=""/></StgValue>
</bind>
</comp>

<comp id="36" class="1001" name="const_36">
<pin_list>
<pin id="37" dir="1" index="0" bw="1" slack="0"/>
</pin_list>
<bind>
<StgValue><ssdm name=""/></StgValue>
</bind>
</comp>

<comp id="38" class="1001" name="const_38">
<pin_list>
<pin id="39" dir="1" index="0" bw="1" slack="0"/>
</pin_list>
<bind>
<StgValue><ssdm name=""/></StgValue>
</bind>
</comp>

<comp id="40" class="1001" name="const_40">
<pin_list>
<pin id="41" dir="1" index="0" bw="1" slack="0"/>
</pin_list>
<bind>
<StgValue><ssdm name=""/></StgValue>
</bind>
</comp>

<comp id="42" class="1001" name="const_42">
<pin_list>
<pin id="43" dir="1" index="0" bw="1" slack="2147483647"/>
</pin_list>
<bind>
<StgValue><ssdm name="_ssdm_op_SpecLoopName"/></StgValue>
</bind>
</comp>

<comp id="44" class="1001" name="const_44">
<pin_list>
<pin id="45" dir="1" index="0" bw="1" slack="2147483647"/>
</pin_list>
<bind>
<StgValue><ssdm name="empty_0"/></StgValue>
</bind>
</comp>

<comp id="46" class="1001" name="const_46">
<pin_list>
<pin id="47" dir="1" index="0" bw="1" slack="0"/>
</pin_list>
<bind>
<StgValue><ssdm name="_ssdm_op_BitConcatenate.i22.i18.i4"/></StgValue>
</bind>
</comp>

<comp id="48" class="1001" name="const_48">
<pin_list>
<pin id="49" dir="1" index="0" bw="1" slack="0"/>
</pin_list>
<bind>
<StgValue><ssdm name=""/></StgValue>
</bind>
</comp>

<comp id="50" class="1001" name="const_50">
<pin_list>
<pin id="51" dir="1" index="0" bw="1" slack="0"/>
</pin_list>
<bind>
<StgValue><ssdm name="_ssdm_op_Write.ap_auto.i24P0A"/></StgValue>
</bind>
</comp>

<comp id="52" class="1004" name="s_V_fu_52">
<pin_list>
<pin id="53" dir="0" index="0" bw="1" slack="0"/>
<pin id="54" dir="1" index="1" bw="24" slack="0"/>
</pin_list>
<bind>
<opcode="alloca(26) " fcode="alloca"/>
<opset="s_V/1 "/>
</bind>
</comp>

<comp id="56" class="1004" name="pos_fu_56">
<pin_list>
<pin id="57" dir="0" index="0" bw="1" slack="0"/>
<pin id="58" dir="1" index="1" bw="5" slack="0"/>
</pin_list>
<bind>
<opcode="alloca(26) " fcode="alloca"/>
<opset="pos/1 "/>
</bind>
</comp>

<comp id="60" class="1004" name="lshr_ln_read_read_fu_60">
<pin_list>
<pin id="61" dir="0" index="0" bw="2" slack="0"/>
<pin id="62" dir="0" index="1" bw="2" slack="0"/>
<pin id="63" dir="1" index="2" bw="2" slack="0"/>
</pin_list>
<bind>
<opcode="read(1150) " fcode="read"/>
<opset="lshr_ln_read/1 "/>
</bind>
</comp>

<comp id="66" class="1004" name="write_ln0_write_fu_66">
<pin_list>
<pin id="67" dir="0" index="0" bw="0" slack="0"/>
<pin id="68" dir="0" index="1" bw="24" slack="0"/>
<pin id="69" dir="0" index="2" bw="24" slack="0"/>
<pin id="70" dir="1" index="3" bw="0" slack="2147483647"/>
</pin_list>
<bind>
<opcode="write(1151) " fcode="write"/>
<opset="write_ln0/2 "/>
</bind>
</comp>

<comp id="73" class="1004" name="x_V_33_addr_gep_fu_73">
<pin_list>
<pin id="74" dir="0" index="0" bw="16" slack="0"/>
<pin id="75" dir="0" index="1" bw="1" slack="0"/>
<pin id="76" dir="0" index="2" bw="6" slack="0"/>
<pin id="77" dir="1" index="3" bw="6" slack="0"/>
</pin_list>
<bind>
<opcode="getelementptr(29) " fcode="getelementptr"/>
<opset="x_V_33_addr/1 "/>
</bind>
</comp>

<comp id="80" class="1004" name="grp_access_fu_80">
<pin_list>
<pin id="81" dir="0" index="0" bw="6" slack="0"/>
<pin id="82" dir="0" index="1" bw="16" slack="2147483647"/>
<pin id="83" dir="0" index="2" bw="0" slack="0"/>
<pin id="85" dir="0" index="4" bw="6" slack="2147483647"/>
<pin id="86" dir="0" index="5" bw="16" slack="2147483647"/>
<pin id="87" dir="0" index="6" bw="0" slack="2147483647"/>
<pin id="84" dir="1" index="3" bw="16" slack="0"/>
<pin id="88" dir="1" index="7" bw="16" slack="0"/>
</pin_list>
<bind>
<opcode="load(27) " fcode="load"/>
<opset="x_V_33_load/1 x_V_33_load_1/1 x_V_33_load_2/2 x_V_33_load_3/2 "/>
</bind>
</comp>

<comp id="90" class="1004" name="x_V_33_addr_1_gep_fu_90">
<pin_list>
<pin id="91" dir="0" index="0" bw="16" slack="0"/>
<pin id="92" dir="0" index="1" bw="1" slack="0"/>
<pin id="93" dir="0" index="2" bw="6" slack="0"/>
<pin id="94" dir="1" index="3" bw="6" slack="0"/>
</pin_list>
<bind>
<opcode="getelementptr(29) " fcode="getelementptr"/>
<opset="x_V_33_addr_1/1 "/>
</bind>
</comp>

<comp id="98" class="1004" name="x_V_33_addr_2_gep_fu_98">
<pin_list>
<pin id="99" dir="0" index="0" bw="16" slack="0"/>
<pin id="100" dir="0" index="1" bw="1" slack="0"/>
<pin id="101" dir="0" index="2" bw="6" slack="0"/>
<pin id="102" dir="1" index="3" bw="6" slack="0"/>
</pin_list>
<bind>
<opcode="getelementptr(29) " fcode="getelementptr"/>
<opset="x_V_33_addr_2/2 "/>
</bind>
</comp>

<comp id="106" class="1004" name="x_V_33_addr_3_gep_fu_106">
<pin_list>
<pin id="107" dir="0" index="0" bw="16" slack="0"/>
<pin id="108" dir="0" index="1" bw="1" slack="0"/>
<pin id="109" dir="0" index="2" bw="6" slack="0"/>
<pin id="110" dir="1" index="3" bw="6" slack="0"/>
</pin_list>
<bind>
<opcode="getelementptr(29) " fcode="getelementptr"/>
<opset="x_V_33_addr_3/2 "/>
</bind>
</comp>

<comp id="114" class="1004" name="store_ln0_store_fu_114">
<pin_list>
<pin id="115" dir="0" index="0" bw="1" slack="0"/>
<pin id="116" dir="0" index="1" bw="5" slack="0"/>
<pin id="117" dir="1" index="2" bw="0" slack="2147483647"/>
</pin_list>
<bind>
<opcode="store(28) " fcode="store"/>
<opset="store_ln0/1 "/>
</bind>
</comp>

<comp id="119" class="1004" name="store_ln0_store_fu_119">
<pin_list>
<pin id="120" dir="0" index="0" bw="1" slack="0"/>
<pin id="121" dir="0" index="1" bw="24" slack="0"/>
<pin id="122" dir="1" index="2" bw="0" slack="2147483647"/>
</pin_list>
<bind>
<opcode="store(28) " fcode="store"/>
<opset="store_ln0/1 "/>
</bind>
</comp>

<comp id="124" class="1004" name="pos_6_load_fu_124">
<pin_list>
<pin id="125" dir="0" index="0" bw="5" slack="0"/>
<pin id="126" dir="1" index="1" bw="5" slack="0"/>
</pin_list>
<bind>
<opcode="load(27) " fcode="load"/>
<opset="pos_6/1 "/>
</bind>
</comp>

<comp id="127" class="1004" name="empty_fu_127">
<pin_list>
<pin id="128" dir="0" index="0" bw="5" slack="0"/>
<pin id="129" dir="1" index="1" bw="4" slack="0"/>
</pin_list>
<bind>
<opcode="trunc(33) " fcode="trunc"/>
<opset="empty/1 "/>
</bind>
</comp>

<comp id="131" class="1004" name="tmp_fu_131">
<pin_list>
<pin id="132" dir="0" index="0" bw="1" slack="0"/>
<pin id="133" dir="0" index="1" bw="5" slack="0"/>
<pin id="134" dir="0" index="2" bw="4" slack="0"/>
<pin id="135" dir="1" index="3" bw="1" slack="1"/>
</pin_list>
<bind>
<opcode="bitselect(1000) " fcode="bitselect"/>
<opset="tmp/1 "/>
</bind>
</comp>

<comp id="139" class="1004" name="tmp_s_fu_139">
<pin_list>
<pin id="140" dir="0" index="0" bw="6" slack="0"/>
<pin id="141" dir="0" index="1" bw="4" slack="0"/>
<pin id="142" dir="0" index="2" bw="2" slack="0"/>
<pin id="143" dir="1" index="3" bw="6" slack="0"/>
</pin_list>
<bind>
<opcode="bitconcatenate(1004) " fcode="bitconcatenate"/>
<opset="tmp_s/1 "/>
</bind>
</comp>

<comp id="147" class="1004" name="zext_ln837_fu_147">
<pin_list>
<pin id="148" dir="0" index="0" bw="6" slack="0"/>
<pin id="149" dir="1" index="1" bw="64" slack="0"/>
</pin_list>
<bind>
<opcode="zext(34) " fcode="zext"/>
<opset="zext_ln837/1 "/>
</bind>
</comp>

<comp id="152" class="1004" name="or_ln301_fu_152">
<pin_list>
<pin id="153" dir="0" index="0" bw="4" slack="0"/>
<pin id="154" dir="0" index="1" bw="1" slack="0"/>
<pin id="155" dir="1" index="2" bw="4" slack="0"/>
</pin_list>
<bind>
<opcode="or(24) " fcode="or"/>
<opset="or_ln301/1 "/>
</bind>
</comp>

<comp id="158" class="1004" name="tmp_864_fu_158">
<pin_list>
<pin id="159" dir="0" index="0" bw="6" slack="0"/>
<pin id="160" dir="0" index="1" bw="4" slack="0"/>
<pin id="161" dir="0" index="2" bw="2" slack="0"/>
<pin id="162" dir="1" index="3" bw="6" slack="0"/>
</pin_list>
<bind>
<opcode="bitconcatenate(1004) " fcode="bitconcatenate"/>
<opset="tmp_864/1 "/>
</bind>
</comp>

<comp id="166" class="1004" name="zext_ln837_18_fu_166">
<pin_list>
<pin id="167" dir="0" index="0" bw="6" slack="0"/>
<pin id="168" dir="1" index="1" bw="64" slack="0"/>
</pin_list>
<bind>
<opcode="zext(34) " fcode="zext"/>
<opset="zext_ln837_18/1 "/>
</bind>
</comp>

<comp id="171" class="1004" name="add_ln301_fu_171">
<pin_list>
<pin id="172" dir="0" index="0" bw="5" slack="0"/>
<pin id="173" dir="0" index="1" bw="4" slack="0"/>
<pin id="174" dir="1" index="2" bw="5" slack="0"/>
</pin_list>
<bind>
<opcode="add(8) " fcode="add"/>
<opset="add_ln301/1 "/>
</bind>
</comp>

<comp id="177" class="1004" name="store_ln301_store_fu_177">
<pin_list>
<pin id="178" dir="0" index="0" bw="5" slack="0"/>
<pin id="179" dir="0" index="1" bw="5" slack="0"/>
<pin id="180" dir="1" index="2" bw="0" slack="2147483647"/>
</pin_list>
<bind>
<opcode="store(28) " fcode="store"/>
<opset="store_ln301/1 "/>
</bind>
</comp>

<comp id="182" class="1004" name="or_ln301_3_fu_182">
<pin_list>
<pin id="183" dir="0" index="0" bw="4" slack="1"/>
<pin id="184" dir="0" index="1" bw="3" slack="0"/>
<pin id="185" dir="1" index="2" bw="4" slack="0"/>
</pin_list>
<bind>
<opcode="or(24) " fcode="or"/>
<opset="or_ln301_3/2 "/>
</bind>
</comp>

<comp id="187" class="1004" name="tmp_865_fu_187">
<pin_list>
<pin id="188" dir="0" index="0" bw="6" slack="0"/>
<pin id="189" dir="0" index="1" bw="4" slack="0"/>
<pin id="190" dir="0" index="2" bw="2" slack="1"/>
<pin id="191" dir="1" index="3" bw="6" slack="0"/>
</pin_list>
<bind>
<opcode="bitconcatenate(1004) " fcode="bitconcatenate"/>
<opset="tmp_865/2 "/>
</bind>
</comp>

<comp id="194" class="1004" name="zext_ln837_19_fu_194">
<pin_list>
<pin id="195" dir="0" index="0" bw="6" slack="0"/>
<pin id="196" dir="1" index="1" bw="64" slack="0"/>
</pin_list>
<bind>
<opcode="zext(34) " fcode="zext"/>
<opset="zext_ln837_19/2 "/>
</bind>
</comp>

<comp id="199" class="1004" name="or_ln301_4_fu_199">
<pin_list>
<pin id="200" dir="0" index="0" bw="4" slack="1"/>
<pin id="201" dir="0" index="1" bw="3" slack="0"/>
<pin id="202" dir="1" index="2" bw="4" slack="0"/>
</pin_list>
<bind>
<opcode="or(24) " fcode="or"/>
<opset="or_ln301_4/2 "/>
</bind>
</comp>

<comp id="204" class="1004" name="tmp_866_fu_204">
<pin_list>
<pin id="205" dir="0" index="0" bw="6" slack="0"/>
<pin id="206" dir="0" index="1" bw="4" slack="0"/>
<pin id="207" dir="0" index="2" bw="2" slack="1"/>
<pin id="208" dir="1" index="3" bw="6" slack="0"/>
</pin_list>
<bind>
<opcode="bitconcatenate(1004) " fcode="bitconcatenate"/>
<opset="tmp_866/2 "/>
</bind>
</comp>

<comp id="211" class="1004" name="zext_ln837_20_fu_211">
<pin_list>
<pin id="212" dir="0" index="0" bw="6" slack="0"/>
<pin id="213" dir="1" index="1" bw="64" slack="0"/>
</pin_list>
<bind>
<opcode="zext(34) " fcode="zext"/>
<opset="zext_ln837_20/2 "/>
</bind>
</comp>

<comp id="216" class="1004" name="x_V_33_load_cast_fu_216">
<pin_list>
<pin id="217" dir="0" index="0" bw="16" slack="0"/>
<pin id="218" dir="1" index="1" bw="17" slack="0"/>
</pin_list>
<bind>
<opcode="sext(35) " fcode="sext"/>
<opset="x_V_33_load_cast/2 "/>
</bind>
</comp>

<comp id="220" class="1004" name="x_V_33_load_1_cast_fu_220">
<pin_list>
<pin id="221" dir="0" index="0" bw="16" slack="0"/>
<pin id="222" dir="1" index="1" bw="17" slack="0"/>
</pin_list>
<bind>
<opcode="sext(35) " fcode="sext"/>
<opset="x_V_33_load_1_cast/2 "/>
</bind>
</comp>

<comp id="224" class="1004" name="tmp46_fu_224">
<pin_list>
<pin id="225" dir="0" index="0" bw="16" slack="0"/>
<pin id="226" dir="0" index="1" bw="16" slack="0"/>
<pin id="227" dir="1" index="2" bw="17" slack="2"/>
</pin_list>
<bind>
<opcode="add(8) " fcode="add"/>
<opset="tmp46/2 "/>
</bind>
</comp>

<comp id="230" class="1004" name="x_V_33_load_2_cast_fu_230">
<pin_list>
<pin id="231" dir="0" index="0" bw="16" slack="0"/>
<pin id="232" dir="1" index="1" bw="17" slack="0"/>
</pin_list>
<bind>
<opcode="sext(35) " fcode="sext"/>
<opset="x_V_33_load_2_cast/3 "/>
</bind>
</comp>

<comp id="234" class="1004" name="x_V_33_load_3_cast_fu_234">
<pin_list>
<pin id="235" dir="0" index="0" bw="16" slack="0"/>
<pin id="236" dir="1" index="1" bw="17" slack="0"/>
</pin_list>
<bind>
<opcode="sext(35) " fcode="sext"/>
<opset="x_V_33_load_3_cast/3 "/>
</bind>
</comp>

<comp id="238" class="1004" name="tmp47_fu_238">
<pin_list>
<pin id="239" dir="0" index="0" bw="16" slack="0"/>
<pin id="240" dir="0" index="1" bw="16" slack="0"/>
<pin id="241" dir="1" index="2" bw="17" slack="1"/>
</pin_list>
<bind>
<opcode="add(8) " fcode="add"/>
<opset="tmp47/3 "/>
</bind>
</comp>

<comp id="244" class="1004" name="s_V_load_2_load_fu_244">
<pin_list>
<pin id="245" dir="0" index="0" bw="24" slack="3"/>
<pin id="246" dir="1" index="1" bw="24" slack="0"/>
</pin_list>
<bind>
<opcode="load(27) " fcode="load"/>
<opset="s_V_load_2/4 "/>
</bind>
</comp>

<comp id="247" class="1004" name="tmp46_cast_fu_247">
<pin_list>
<pin id="248" dir="0" index="0" bw="17" slack="2"/>
<pin id="249" dir="1" index="1" bw="18" slack="0"/>
</pin_list>
<bind>
<opcode="sext(35) " fcode="sext"/>
<opset="tmp46_cast/4 "/>
</bind>
</comp>

<comp id="250" class="1004" name="tmp47_cast_fu_250">
<pin_list>
<pin id="251" dir="0" index="0" bw="17" slack="1"/>
<pin id="252" dir="1" index="1" bw="18" slack="0"/>
</pin_list>
<bind>
<opcode="sext(35) " fcode="sext"/>
<opset="tmp47_cast/4 "/>
</bind>
</comp>

<comp id="253" class="1004" name="tmp1137762_fu_253">
<pin_list>
<pin id="254" dir="0" index="0" bw="17" slack="0"/>
<pin id="255" dir="0" index="1" bw="17" slack="0"/>
<pin id="256" dir="1" index="2" bw="18" slack="0"/>
</pin_list>
<bind>
<opcode="add(8) " fcode="add"/>
<opset="tmp1137762/4 "/>
</bind>
</comp>

<comp id="259" class="1004" name="tmp_867_fu_259">
<pin_list>
<pin id="260" dir="0" index="0" bw="22" slack="0"/>
<pin id="261" dir="0" index="1" bw="18" slack="0"/>
<pin id="262" dir="0" index="2" bw="1" slack="0"/>
<pin id="263" dir="1" index="3" bw="22" slack="0"/>
</pin_list>
<bind>
<opcode="bitconcatenate(1004) " fcode="bitconcatenate"/>
<opset="tmp_867/4 "/>
</bind>
</comp>

<comp id="267" class="1004" name="tmp1138_fu_267">
<pin_list>
<pin id="268" dir="0" index="0" bw="22" slack="0"/>
<pin id="269" dir="1" index="1" bw="24" slack="0"/>
</pin_list>
<bind>
<opcode="sext(35) " fcode="sext"/>
<opset="tmp1138/4 "/>
</bind>
</comp>

<comp id="271" class="1004" name="s_V_9_fu_271">
<pin_list>
<pin id="272" dir="0" index="0" bw="22" slack="0"/>
<pin id="273" dir="0" index="1" bw="24" slack="0"/>
<pin id="274" dir="1" index="2" bw="24" slack="0"/>
</pin_list>
<bind>
<opcode="add(8) " fcode="add"/>
<opset="s_V_9/4 "/>
</bind>
</comp>

<comp id="277" class="1004" name="store_ln301_store_fu_277">
<pin_list>
<pin id="278" dir="0" index="0" bw="24" slack="0"/>
<pin id="279" dir="0" index="1" bw="24" slack="3"/>
<pin id="280" dir="1" index="2" bw="0" slack="2147483647"/>
</pin_list>
<bind>
<opcode="store(28) " fcode="store"/>
<opset="store_ln301/4 "/>
</bind>
</comp>

<comp id="282" class="1004" name="s_V_load_load_fu_282">
<pin_list>
<pin id="283" dir="0" index="0" bw="24" slack="1"/>
<pin id="284" dir="1" index="1" bw="24" slack="0"/>
</pin_list>
<bind>
<opcode="load(27) " fcode="load"/>
<opset="s_V_load/2 "/>
</bind>
</comp>

<comp id="286" class="1005" name="s_V_reg_286">
<pin_list>
<pin id="287" dir="0" index="0" bw="24" slack="0"/>
<pin id="288" dir="1" index="1" bw="24" slack="0"/>
</pin_list>
<bind>
<opset="s_V "/>
</bind>
</comp>

<comp id="294" class="1005" name="pos_reg_294">
<pin_list>
<pin id="295" dir="0" index="0" bw="5" slack="0"/>
<pin id="296" dir="1" index="1" bw="5" slack="0"/>
</pin_list>
<bind>
<opset="pos "/>
</bind>
</comp>

<comp id="301" class="1005" name="lshr_ln_read_reg_301">
<pin_list>
<pin id="302" dir="0" index="0" bw="2" slack="1"/>
<pin id="303" dir="1" index="1" bw="2" slack="1"/>
</pin_list>
<bind>
<opset="lshr_ln_read "/>
</bind>
</comp>

<comp id="307" class="1005" name="empty_reg_307">
<pin_list>
<pin id="308" dir="0" index="0" bw="4" slack="1"/>
<pin id="309" dir="1" index="1" bw="4" slack="1"/>
</pin_list>
<bind>
<opset="empty "/>
</bind>
</comp>

<comp id="313" class="1005" name="tmp_reg_313">
<pin_list>
<pin id="314" dir="0" index="0" bw="1" slack="1"/>
<pin id="315" dir="1" index="1" bw="1" slack="2147483647"/>
</pin_list>
<bind>
<opset="tmp "/>
</bind>
</comp>

<comp id="317" class="1005" name="x_V_33_addr_reg_317">
<pin_list>
<pin id="318" dir="0" index="0" bw="6" slack="1"/>
<pin id="319" dir="1" index="1" bw="6" slack="1"/>
</pin_list>
<bind>
<opset="x_V_33_addr "/>
</bind>
</comp>

<comp id="322" class="1005" name="x_V_33_addr_1_reg_322">
<pin_list>
<pin id="323" dir="0" index="0" bw="6" slack="1"/>
<pin id="324" dir="1" index="1" bw="6" slack="1"/>
</pin_list>
<bind>
<opset="x_V_33_addr_1 "/>
</bind>
</comp>

<comp id="327" class="1005" name="x_V_33_addr_2_reg_327">
<pin_list>
<pin id="328" dir="0" index="0" bw="6" slack="1"/>
<pin id="329" dir="1" index="1" bw="6" slack="1"/>
</pin_list>
<bind>
<opset="x_V_33_addr_2 "/>
</bind>
</comp>

<comp id="332" class="1005" name="x_V_33_addr_3_reg_332">
<pin_list>
<pin id="333" dir="0" index="0" bw="6" slack="1"/>
<pin id="334" dir="1" index="1" bw="6" slack="1"/>
</pin_list>
<bind>
<opset="x_V_33_addr_3 "/>
</bind>
</comp>

<comp id="337" class="1005" name="tmp46_reg_337">
<pin_list>
<pin id="338" dir="0" index="0" bw="17" slack="2"/>
<pin id="339" dir="1" index="1" bw="17" slack="2"/>
</pin_list>
<bind>
<opset="tmp46 "/>
</bind>
</comp>

<comp id="342" class="1005" name="tmp47_reg_342">
<pin_list>
<pin id="343" dir="0" index="0" bw="17" slack="1"/>
<pin id="344" dir="1" index="1" bw="17" slack="1"/>
</pin_list>
<bind>
<opset="tmp47 "/>
</bind>
</comp>

</comp_list>

<net_list>
<net id="55"><net_src comp="6" pin="0"/><net_sink comp="52" pin=0"/></net>

<net id="59"><net_src comp="6" pin="0"/><net_sink comp="56" pin=0"/></net>

<net id="64"><net_src comp="8" pin="0"/><net_sink comp="60" pin=0"/></net>

<net id="65"><net_src comp="0" pin="0"/><net_sink comp="60" pin=1"/></net>

<net id="71"><net_src comp="50" pin="0"/><net_sink comp="66" pin=0"/></net>

<net id="72"><net_src comp="4" pin="0"/><net_sink comp="66" pin=1"/></net>

<net id="78"><net_src comp="2" pin="0"/><net_sink comp="73" pin=0"/></net>

<net id="79"><net_src comp="32" pin="0"/><net_sink comp="73" pin=1"/></net>

<net id="89"><net_src comp="73" pin="3"/><net_sink comp="80" pin=2"/></net>

<net id="95"><net_src comp="2" pin="0"/><net_sink comp="90" pin=0"/></net>

<net id="96"><net_src comp="32" pin="0"/><net_sink comp="90" pin=1"/></net>

<net id="97"><net_src comp="90" pin="3"/><net_sink comp="80" pin=0"/></net>

<net id="103"><net_src comp="2" pin="0"/><net_sink comp="98" pin=0"/></net>

<net id="104"><net_src comp="32" pin="0"/><net_sink comp="98" pin=1"/></net>

<net id="105"><net_src comp="98" pin="3"/><net_sink comp="80" pin=2"/></net>

<net id="111"><net_src comp="2" pin="0"/><net_sink comp="106" pin=0"/></net>

<net id="112"><net_src comp="32" pin="0"/><net_sink comp="106" pin=1"/></net>

<net id="113"><net_src comp="106" pin="3"/><net_sink comp="80" pin=0"/></net>

<net id="118"><net_src comp="10" pin="0"/><net_sink comp="114" pin=0"/></net>

<net id="123"><net_src comp="12" pin="0"/><net_sink comp="119" pin=0"/></net>

<net id="130"><net_src comp="124" pin="1"/><net_sink comp="127" pin=0"/></net>

<net id="136"><net_src comp="22" pin="0"/><net_sink comp="131" pin=0"/></net>

<net id="137"><net_src comp="124" pin="1"/><net_sink comp="131" pin=1"/></net>

<net id="138"><net_src comp="24" pin="0"/><net_sink comp="131" pin=2"/></net>

<net id="144"><net_src comp="30" pin="0"/><net_sink comp="139" pin=0"/></net>

<net id="145"><net_src comp="127" pin="1"/><net_sink comp="139" pin=1"/></net>

<net id="146"><net_src comp="60" pin="2"/><net_sink comp="139" pin=2"/></net>

<net id="150"><net_src comp="139" pin="3"/><net_sink comp="147" pin=0"/></net>

<net id="151"><net_src comp="147" pin="1"/><net_sink comp="73" pin=2"/></net>

<net id="156"><net_src comp="127" pin="1"/><net_sink comp="152" pin=0"/></net>

<net id="157"><net_src comp="34" pin="0"/><net_sink comp="152" pin=1"/></net>

<net id="163"><net_src comp="30" pin="0"/><net_sink comp="158" pin=0"/></net>

<net id="164"><net_src comp="152" pin="2"/><net_sink comp="158" pin=1"/></net>

<net id="165"><net_src comp="60" pin="2"/><net_sink comp="158" pin=2"/></net>

<net id="169"><net_src comp="158" pin="3"/><net_sink comp="166" pin=0"/></net>

<net id="170"><net_src comp="166" pin="1"/><net_sink comp="90" pin=2"/></net>

<net id="175"><net_src comp="124" pin="1"/><net_sink comp="171" pin=0"/></net>

<net id="176"><net_src comp="36" pin="0"/><net_sink comp="171" pin=1"/></net>

<net id="181"><net_src comp="171" pin="2"/><net_sink comp="177" pin=0"/></net>

<net id="186"><net_src comp="38" pin="0"/><net_sink comp="182" pin=1"/></net>

<net id="192"><net_src comp="30" pin="0"/><net_sink comp="187" pin=0"/></net>

<net id="193"><net_src comp="182" pin="2"/><net_sink comp="187" pin=1"/></net>

<net id="197"><net_src comp="187" pin="3"/><net_sink comp="194" pin=0"/></net>

<net id="198"><net_src comp="194" pin="1"/><net_sink comp="98" pin=2"/></net>

<net id="203"><net_src comp="40" pin="0"/><net_sink comp="199" pin=1"/></net>

<net id="209"><net_src comp="30" pin="0"/><net_sink comp="204" pin=0"/></net>

<net id="210"><net_src comp="199" pin="2"/><net_sink comp="204" pin=1"/></net>

<net id="214"><net_src comp="204" pin="3"/><net_sink comp="211" pin=0"/></net>

<net id="215"><net_src comp="211" pin="1"/><net_sink comp="106" pin=2"/></net>

<net id="219"><net_src comp="80" pin="7"/><net_sink comp="216" pin=0"/></net>

<net id="223"><net_src comp="80" pin="3"/><net_sink comp="220" pin=0"/></net>

<net id="228"><net_src comp="220" pin="1"/><net_sink comp="224" pin=0"/></net>

<net id="229"><net_src comp="216" pin="1"/><net_sink comp="224" pin=1"/></net>

<net id="233"><net_src comp="80" pin="7"/><net_sink comp="230" pin=0"/></net>

<net id="237"><net_src comp="80" pin="3"/><net_sink comp="234" pin=0"/></net>

<net id="242"><net_src comp="230" pin="1"/><net_sink comp="238" pin=0"/></net>

<net id="243"><net_src comp="234" pin="1"/><net_sink comp="238" pin=1"/></net>

<net id="257"><net_src comp="250" pin="1"/><net_sink comp="253" pin=0"/></net>

<net id="258"><net_src comp="247" pin="1"/><net_sink comp="253" pin=1"/></net>

<net id="264"><net_src comp="46" pin="0"/><net_sink comp="259" pin=0"/></net>

<net id="265"><net_src comp="253" pin="2"/><net_sink comp="259" pin=1"/></net>

<net id="266"><net_src comp="48" pin="0"/><net_sink comp="259" pin=2"/></net>

<net id="270"><net_src comp="259" pin="3"/><net_sink comp="267" pin=0"/></net>

<net id="275"><net_src comp="267" pin="1"/><net_sink comp="271" pin=0"/></net>

<net id="276"><net_src comp="244" pin="1"/><net_sink comp="271" pin=1"/></net>

<net id="281"><net_src comp="271" pin="2"/><net_sink comp="277" pin=0"/></net>

<net id="285"><net_src comp="282" pin="1"/><net_sink comp="66" pin=2"/></net>

<net id="289"><net_src comp="52" pin="1"/><net_sink comp="286" pin=0"/></net>

<net id="290"><net_src comp="286" pin="1"/><net_sink comp="119" pin=1"/></net>

<net id="291"><net_src comp="286" pin="1"/><net_sink comp="244" pin=0"/></net>

<net id="292"><net_src comp="286" pin="1"/><net_sink comp="277" pin=1"/></net>

<net id="293"><net_src comp="286" pin="1"/><net_sink comp="282" pin=0"/></net>

<net id="297"><net_src comp="56" pin="1"/><net_sink comp="294" pin=0"/></net>

<net id="298"><net_src comp="294" pin="1"/><net_sink comp="114" pin=1"/></net>

<net id="299"><net_src comp="294" pin="1"/><net_sink comp="124" pin=0"/></net>

<net id="300"><net_src comp="294" pin="1"/><net_sink comp="177" pin=1"/></net>

<net id="304"><net_src comp="60" pin="2"/><net_sink comp="301" pin=0"/></net>

<net id="305"><net_src comp="301" pin="1"/><net_sink comp="187" pin=2"/></net>

<net id="306"><net_src comp="301" pin="1"/><net_sink comp="204" pin=2"/></net>

<net id="310"><net_src comp="127" pin="1"/><net_sink comp="307" pin=0"/></net>

<net id="311"><net_src comp="307" pin="1"/><net_sink comp="182" pin=0"/></net>

<net id="312"><net_src comp="307" pin="1"/><net_sink comp="199" pin=0"/></net>

<net id="316"><net_src comp="131" pin="3"/><net_sink comp="313" pin=0"/></net>

<net id="320"><net_src comp="73" pin="3"/><net_sink comp="317" pin=0"/></net>

<net id="321"><net_src comp="317" pin="1"/><net_sink comp="80" pin=2"/></net>

<net id="325"><net_src comp="90" pin="3"/><net_sink comp="322" pin=0"/></net>

<net id="326"><net_src comp="322" pin="1"/><net_sink comp="80" pin=0"/></net>

<net id="330"><net_src comp="98" pin="3"/><net_sink comp="327" pin=0"/></net>

<net id="331"><net_src comp="327" pin="1"/><net_sink comp="80" pin=2"/></net>

<net id="335"><net_src comp="106" pin="3"/><net_sink comp="332" pin=0"/></net>

<net id="336"><net_src comp="332" pin="1"/><net_sink comp="80" pin=0"/></net>

<net id="340"><net_src comp="224" pin="2"/><net_sink comp="337" pin=0"/></net>

<net id="341"><net_src comp="337" pin="1"/><net_sink comp="247" pin=0"/></net>

<net id="345"><net_src comp="238" pin="2"/><net_sink comp="342" pin=0"/></net>

<net id="346"><net_src comp="342" pin="1"/><net_sink comp="250" pin=0"/></net>

</net_list>

</model> 
---------------- Datapath Model END ------------------

* FSMD analyzer results:
  - Output states:
	Port: s_V_11_out | {2 }
 - Input state : 
	Port: imgds_linear_dense_q16_Pipeline_VITIS_LOOP_301_78 : lshr_ln | {1 }
	Port: imgds_linear_dense_q16_Pipeline_VITIS_LOOP_301_78 : x_V_33 | {1 2 3 }
  - Chain level:
	State 1
		store_ln0 : 1
		store_ln0 : 1
		pos_6 : 1
		empty : 2
		tmp : 2
		br_ln301 : 3
		tmp_s : 3
		zext_ln837 : 4
		x_V_33_addr : 5
		x_V_33_load : 6
		or_ln301 : 3
		tmp_864 : 3
		zext_ln837_18 : 4
		x_V_33_addr_1 : 5
		x_V_33_load_1 : 6
		add_ln301 : 2
		store_ln301 : 3
	State 2
		zext_ln837_19 : 1
		x_V_33_addr_2 : 2
		x_V_33_load_2 : 3
		zext_ln837_20 : 1
		x_V_33_addr_3 : 2
		x_V_33_load_3 : 3
		x_V_33_load_cast : 1
		x_V_33_load_1_cast : 1
		tmp46 : 2
		write_ln0 : 1
	State 3
		x_V_33_load_2_cast : 1
		x_V_33_load_3_cast : 1
		tmp47 : 2
	State 4
		tmp1137762 : 1
		tmp_867 : 2
		tmp1138 : 3
		s_V_9 : 4
		store_ln301 : 5


============================================================
+ Verbose Summary: Datapath Resource usage 
============================================================

* Functional unit list:
|----------|---------------------------|---------|---------|
| Operation|      Functional Unit      |    FF   |   LUT   |
|----------|---------------------------|---------|---------|
|          |      add_ln301_fu_171     |    0    |    13   |
|          |        tmp46_fu_224       |    0    |    23   |
|    add   |        tmp47_fu_238       |    0    |    23   |
|          |     tmp1137762_fu_253     |    0    |    24   |
|          |        s_V_9_fu_271       |    0    |    31   |
|----------|---------------------------|---------|---------|
|   read   |  lshr_ln_read_read_fu_60  |    0    |    0    |
|----------|---------------------------|---------|---------|
|   write  |   write_ln0_write_fu_66   |    0    |    0    |
|----------|---------------------------|---------|---------|
|   trunc  |        empty_fu_127       |    0    |    0    |
|----------|---------------------------|---------|---------|
| bitselect|         tmp_fu_131        |    0    |    0    |
|----------|---------------------------|---------|---------|
|          |        tmp_s_fu_139       |    0    |    0    |
|          |       tmp_864_fu_158      |    0    |    0    |
|bitconcatenate|       tmp_865_fu_187      |    0    |    0    |
|          |       tmp_866_fu_204      |    0    |    0    |
|          |       tmp_867_fu_259      |    0    |    0    |
|----------|---------------------------|---------|---------|
|          |     zext_ln837_fu_147     |    0    |    0    |
|   zext   |    zext_ln837_18_fu_166   |    0    |    0    |
|          |    zext_ln837_19_fu_194   |    0    |    0    |
|          |    zext_ln837_20_fu_211   |    0    |    0    |
|----------|---------------------------|---------|---------|
|          |      or_ln301_fu_152      |    0    |    0    |
|    or    |     or_ln301_3_fu_182     |    0    |    0    |
|          |     or_ln301_4_fu_199     |    0    |    0    |
|----------|---------------------------|---------|---------|
|          |  x_V_33_load_cast_fu_216  |    0    |    0    |
|          | x_V_33_load_1_cast_fu_220 |    0    |    0    |
|          | x_V_33_load_2_cast_fu_230 |    0    |    0    |
|   sext   | x_V_33_load_3_cast_fu_234 |    0    |    0    |
|          |     tmp46_cast_fu_247     |    0    |    0    |
|          |     tmp47_cast_fu_250     |    0    |    0    |
|          |       tmp1138_fu_267      |    0    |    0    |
|----------|---------------------------|---------|---------|
|   Total  |                           |    0    |   114   |
|----------|---------------------------|---------|---------|

Memories:
N/A

* Register list:
+---------------------+--------+
|                     |   FF   |
+---------------------+--------+
|    empty_reg_307    |    4   |
| lshr_ln_read_reg_301|    2   |
|     pos_reg_294     |    5   |
|     s_V_reg_286     |   24   |
|    tmp46_reg_337    |   17   |
|    tmp47_reg_342    |   17   |
|     tmp_reg_313     |    1   |
|x_V_33_addr_1_reg_322|    6   |
|x_V_33_addr_2_reg_327|    6   |
|x_V_33_addr_3_reg_332|    6   |
| x_V_33_addr_reg_317 |    6   |
+---------------------+--------+
|        Total        |   94   |
+---------------------+--------+

* Multiplexer (MUX) list: 
|------------------|------|------|------|--------||---------||---------|
|       Comp       |  Pin | Size |  BW  | S x BW ||  Delay  ||   LUT   |
|------------------|------|------|------|--------||---------||---------|
| grp_access_fu_80 |  p0  |   4  |   6  |   24   ||    20   |
| grp_access_fu_80 |  p2  |   4  |   0  |    0   ||    20   |
|------------------|------|------|------|--------||---------||---------|
|       Total      |      |      |      |   24   ||  3.6532 ||    40   |
|------------------|------|------|------|--------||---------||---------|



* Summary:
+-----------+--------+--------+--------+
|           |  Delay |   FF   |   LUT  |
+-----------+--------+--------+--------+
|  Function |    -   |    0   |   114  |
|   Memory  |    -   |    -   |    -   |
|Multiplexer|    3   |    -   |   40   |
|  Register |    -   |   94   |    -   |
+-----------+--------+--------+--------+
|   Total   |    3   |   94   |   154  |
+-----------+--------+--------+--------+
