

================================================================
== Vitis HLS Report for 'layer_norm_q16_1_Pipeline_VITIS_LOOP_46_1'
================================================================
* Date:           Tue Jun 30 20:54:13 2026

* Version:        2022.2 (Build 3670227 on Oct 13 2022)
* Project:        imgds_linear_dense_q16_pareto1
* Solution:       solution1 (Vivado IP Flow Target)
* Product family: zynq
* Target device:  xc7z020-clg400-1


================================================================
== Performance Estimates
================================================================
+ Timing: 
    * Summary: 
    +--------+----------+----------+------------+
    |  Clock |  Target  | Estimated| Uncertainty|
    +--------+----------+----------+------------+
    |ap_clk  |  10.00 ns|  6.009 ns|     2.70 ns|
    +--------+----------+----------+------------+

+ Latency: 
    * Summary: 
    +---------+---------+-----------+-----------+-----+-----+---------+
    |  Latency (cycles) |   Latency (absolute)  |  Interval | Pipeline|
    |   min   |   max   |    min    |    max    | min | max |   Type  |
    +---------+---------+-----------+-----------+-----+-----+---------+
    |        6|        6|  60.000 ns|  60.000 ns|    6|    6|       no|
    +---------+---------+-----------+-----------+-----+-----+---------+

    + Detail: 
        * Instance: 
        N/A

        * Loop: 
        +-------------------+---------+---------+----------+-----------+-----------+------+----------+
        |                   |  Latency (cycles) | Iteration|  Initiation Interval  | Trip |          |
        |     Loop Name     |   min   |   max   |  Latency |  achieved |   target  | Count| Pipelined|
        +-------------------+---------+---------+----------+-----------+-----------+------+----------+
        |- VITIS_LOOP_46_1  |        4|        4|         2|          1|          1|     4|       yes|
        +-------------------+---------+---------+----------+-----------+-----------+------+----------+

============================================================
+ Verbose Summary: Synthesis Manager
============================================================
InlineROM: 1
ExposeGlobal: 0
============================================================
+ Verbose Summary: CDFG Model
============================================================
IsTopModel: 0
ResetActiveHigh: 1
IsCombinational: 0
IsDatapathOnly: 0
HasWiredReturn: 1
HasMFsm: 2
HasVarLatency: 1
IsPipeline: 0
IsRtlPipelined: 0
IsInstanceOverlapped: 0
IsDontTouch: 0
HasImplIP: 0
IsGatedGlobalClock: 0

+ Individual pipeline summary: 
  * Pipeline-0: initiation interval (II) = 1, depth = 2


============================================================
+ Verbose Summary: Schedule
============================================================
* Number of FSM states : 2
* Pipeline : 1
  Pipeline-0 : II = 1, D = 2, States = { 1 2 }
* Dataflow Pipeline: 0

* FSM state transitions: 
1 --> 2 
2 --> 

* FSM state operations: 

State 1 <SV = 0> <Delay = 3.90>
ST_1 : Operation 5 [1/1] (0.00ns)   --->   "%sum_V = alloca i32 1"   --->   Operation 5 'alloca' 'sum_V' <Predicate = true> <Delay = 0.00>
ST_1 : Operation 6 [1/1] (0.00ns)   --->   "%i = alloca i32 1"   --->   Operation 6 'alloca' 'i' <Predicate = true> <Delay = 0.00>
ST_1 : Operation 7 [1/1] (0.00ns)   --->   "%p_read_25 = read i16 @_ssdm_op_Read.ap_auto.i16, i16 %p_read15"   --->   Operation 7 'read' 'p_read_25' <Predicate = true> <Delay = 0.00>
ST_1 : Operation 8 [1/1] (0.00ns)   --->   "%p_read_26 = read i16 @_ssdm_op_Read.ap_auto.i16, i16 %p_read14"   --->   Operation 8 'read' 'p_read_26' <Predicate = true> <Delay = 0.00>
ST_1 : Operation 9 [1/1] (0.00ns)   --->   "%p_read_27 = read i16 @_ssdm_op_Read.ap_auto.i16, i16 %p_read13"   --->   Operation 9 'read' 'p_read_27' <Predicate = true> <Delay = 0.00>
ST_1 : Operation 10 [1/1] (0.00ns)   --->   "%p_read_28 = read i16 @_ssdm_op_Read.ap_auto.i16, i16 %p_read12"   --->   Operation 10 'read' 'p_read_28' <Predicate = true> <Delay = 0.00>
ST_1 : Operation 11 [1/1] (0.00ns)   --->   "%p_read_29 = read i16 @_ssdm_op_Read.ap_auto.i16, i16 %p_read11"   --->   Operation 11 'read' 'p_read_29' <Predicate = true> <Delay = 0.00>
ST_1 : Operation 12 [1/1] (0.00ns)   --->   "%p_read1026 = read i16 @_ssdm_op_Read.ap_auto.i16, i16 %p_read10"   --->   Operation 12 'read' 'p_read1026' <Predicate = true> <Delay = 0.00>
ST_1 : Operation 13 [1/1] (0.00ns)   --->   "%p_read925 = read i16 @_ssdm_op_Read.ap_auto.i16, i16 %p_read9"   --->   Operation 13 'read' 'p_read925' <Predicate = true> <Delay = 0.00>
ST_1 : Operation 14 [1/1] (0.00ns)   --->   "%p_read824 = read i16 @_ssdm_op_Read.ap_auto.i16, i16 %p_read8"   --->   Operation 14 'read' 'p_read824' <Predicate = true> <Delay = 0.00>
ST_1 : Operation 15 [1/1] (0.00ns)   --->   "%p_read723 = read i16 @_ssdm_op_Read.ap_auto.i16, i16 %p_read7"   --->   Operation 15 'read' 'p_read723' <Predicate = true> <Delay = 0.00>
ST_1 : Operation 16 [1/1] (0.00ns)   --->   "%p_read622 = read i16 @_ssdm_op_Read.ap_auto.i16, i16 %p_read6"   --->   Operation 16 'read' 'p_read622' <Predicate = true> <Delay = 0.00>
ST_1 : Operation 17 [1/1] (0.00ns)   --->   "%p_read521 = read i16 @_ssdm_op_Read.ap_auto.i16, i16 %p_read5"   --->   Operation 17 'read' 'p_read521' <Predicate = true> <Delay = 0.00>
ST_1 : Operation 18 [1/1] (0.00ns)   --->   "%p_read420 = read i16 @_ssdm_op_Read.ap_auto.i16, i16 %p_read4"   --->   Operation 18 'read' 'p_read420' <Predicate = true> <Delay = 0.00>
ST_1 : Operation 19 [1/1] (0.00ns)   --->   "%p_read319 = read i16 @_ssdm_op_Read.ap_auto.i16, i16 %p_read3"   --->   Operation 19 'read' 'p_read319' <Predicate = true> <Delay = 0.00>
ST_1 : Operation 20 [1/1] (0.00ns)   --->   "%p_read218 = read i16 @_ssdm_op_Read.ap_auto.i16, i16 %p_read2"   --->   Operation 20 'read' 'p_read218' <Predicate = true> <Delay = 0.00>
ST_1 : Operation 21 [1/1] (0.00ns)   --->   "%p_read117 = read i16 @_ssdm_op_Read.ap_auto.i16, i16 %p_read1"   --->   Operation 21 'read' 'p_read117' <Predicate = true> <Delay = 0.00>
ST_1 : Operation 22 [1/1] (0.00ns)   --->   "%p_read16 = read i16 @_ssdm_op_Read.ap_auto.i16, i16 %p_read"   --->   Operation 22 'read' 'p_read16' <Predicate = true> <Delay = 0.00>
ST_1 : Operation 23 [1/1] (1.58ns)   --->   "%store_ln0 = store i5 0, i5 %i"   --->   Operation 23 'store' 'store_ln0' <Predicate = true> <Delay = 1.58>
ST_1 : Operation 24 [1/1] (1.58ns)   --->   "%store_ln0 = store i24 0, i24 %sum_V"   --->   Operation 24 'store' 'store_ln0' <Predicate = true> <Delay = 1.58>
ST_1 : Operation 25 [1/1] (0.00ns)   --->   "%br_ln0 = br void %for.body"   --->   Operation 25 'br' 'br_ln0' <Predicate = true> <Delay = 0.00>
ST_1 : Operation 26 [1/1] (0.00ns)   --->   "%i_3 = load i5 %i" [src/imgds_linear_dense_q16.cpp:46]   --->   Operation 26 'load' 'i_3' <Predicate = true> <Delay = 0.00>
ST_1 : Operation 27 [1/1] (0.00ns)   --->   "%specpipeline_ln0 = specpipeline void @_ssdm_op_SpecPipeline, i32 4294967295, i32 0, i32 1, i32 0, void @p_str"   --->   Operation 27 'specpipeline' 'specpipeline_ln0' <Predicate = true> <Delay = 0.00>
ST_1 : Operation 28 [1/1] (0.00ns)   --->   "%tmp_1064 = bitselect i1 @_ssdm_op_BitSelect.i1.i5.i32, i5 %i_3, i32 4" [src/imgds_linear_dense_q16.cpp:46]   --->   Operation 28 'bitselect' 'tmp_1064' <Predicate = true> <Delay = 0.00>
ST_1 : Operation 29 [1/1] (0.00ns)   --->   "%empty = speclooptripcount i32 @_ssdm_op_SpecLoopTripCount, i64 4, i64 4, i64 4"   --->   Operation 29 'speclooptripcount' 'empty' <Predicate = true> <Delay = 0.00>
ST_1 : Operation 30 [1/1] (0.00ns)   --->   "%br_ln46 = br i1 %tmp_1064, void %for.body.split, void %_ZN8ap_fixedILi16ELi6EL9ap_q_mode5EL9ap_o_mode3ELi0EEC2Ei.exit415.exitStub" [src/imgds_linear_dense_q16.cpp:46]   --->   Operation 30 'br' 'br_ln46' <Predicate = true> <Delay = 0.00>
ST_1 : Operation 31 [1/1] (0.00ns)   --->   "%trunc_ln = partselect i2 @_ssdm_op_PartSelect.i2.i5.i32.i32, i5 %i_3, i32 2, i32 3"   --->   Operation 31 'partselect' 'trunc_ln' <Predicate = (!tmp_1064)> <Delay = 0.00>
ST_1 : Operation 32 [1/1] (1.82ns)   --->   "%tmp = mux i16 @_ssdm_op_Mux.ap_auto.4i16.i2, i16 %p_read16, i16 %p_read117, i16 %p_read218, i16 %p_read319, i2 %trunc_ln"   --->   Operation 32 'mux' 'tmp' <Predicate = (!tmp_1064)> <Delay = 1.82> <CoreInst = "Multiplexer">   --->   Core 76 'Multiplexer' <Latency = 0> <II = 1> <Delay = 1.82> <FuncUnit> <Opcode : 'mux'> <InPorts = 2> <OutPorts = 1>
ST_1 : Operation 33 [1/1] (1.82ns)   --->   "%tmp_1 = mux i16 @_ssdm_op_Mux.ap_auto.4i16.i2, i16 %p_read420, i16 %p_read521, i16 %p_read622, i16 %p_read723, i2 %trunc_ln"   --->   Operation 33 'mux' 'tmp_1' <Predicate = (!tmp_1064)> <Delay = 1.82> <CoreInst = "Multiplexer">   --->   Core 76 'Multiplexer' <Latency = 0> <II = 1> <Delay = 1.82> <FuncUnit> <Opcode : 'mux'> <InPorts = 2> <OutPorts = 1>
ST_1 : Operation 34 [1/1] (1.82ns)   --->   "%tmp_2 = mux i16 @_ssdm_op_Mux.ap_auto.4i16.i2, i16 %p_read824, i16 %p_read925, i16 %p_read1026, i16 %p_read_29, i2 %trunc_ln"   --->   Operation 34 'mux' 'tmp_2' <Predicate = (!tmp_1064)> <Delay = 1.82> <CoreInst = "Multiplexer">   --->   Core 76 'Multiplexer' <Latency = 0> <II = 1> <Delay = 1.82> <FuncUnit> <Opcode : 'mux'> <InPorts = 2> <OutPorts = 1>
ST_1 : Operation 35 [1/1] (1.82ns)   --->   "%tmp_3 = mux i16 @_ssdm_op_Mux.ap_auto.4i16.i2, i16 %p_read_28, i16 %p_read_27, i16 %p_read_26, i16 %p_read_25, i2 %trunc_ln"   --->   Operation 35 'mux' 'tmp_3' <Predicate = (!tmp_1064)> <Delay = 1.82> <CoreInst = "Multiplexer">   --->   Core 76 'Multiplexer' <Latency = 0> <II = 1> <Delay = 1.82> <FuncUnit> <Opcode : 'mux'> <InPorts = 2> <OutPorts = 1>
ST_1 : Operation 36 [1/1] (0.00ns)   --->   "%p_cast19 = sext i16 %tmp"   --->   Operation 36 'sext' 'p_cast19' <Predicate = (!tmp_1064)> <Delay = 0.00>
ST_1 : Operation 37 [1/1] (0.00ns)   --->   "%p_cast = sext i16 %tmp_1"   --->   Operation 37 'sext' 'p_cast' <Predicate = (!tmp_1064)> <Delay = 0.00>
ST_1 : Operation 38 [1/1] (0.00ns)   --->   "%p_cast20 = sext i16 %tmp_2"   --->   Operation 38 'sext' 'p_cast20' <Predicate = (!tmp_1064)> <Delay = 0.00>
ST_1 : Operation 39 [1/1] (0.00ns)   --->   "%p_cast21 = sext i16 %tmp_3"   --->   Operation 39 'sext' 'p_cast21' <Predicate = (!tmp_1064)> <Delay = 0.00>
ST_1 : Operation 40 [1/1] (2.07ns)   --->   "%tmp16 = add i17 %p_cast, i17 %p_cast19"   --->   Operation 40 'add' 'tmp16' <Predicate = (!tmp_1064)> <Delay = 2.07> <CoreInst = "Adder">   --->   Core 1 'Adder' <Latency = 0> <II = 1> <Delay = 2.07> <FuncUnit> <Opcode : 'add' 'sub'> <InPorts = 2> <OutPorts = 1>
ST_1 : Operation 41 [1/1] (2.07ns)   --->   "%tmp17 = add i17 %p_cast20, i17 %p_cast21"   --->   Operation 41 'add' 'tmp17' <Predicate = (!tmp_1064)> <Delay = 2.07> <CoreInst = "Adder">   --->   Core 1 'Adder' <Latency = 0> <II = 1> <Delay = 2.07> <FuncUnit> <Opcode : 'add' 'sub'> <InPorts = 2> <OutPorts = 1>
ST_1 : Operation 42 [1/1] (1.78ns)   --->   "%add_ln46 = add i5 %i_3, i5 4" [src/imgds_linear_dense_q16.cpp:46]   --->   Operation 42 'add' 'add_ln46' <Predicate = (!tmp_1064)> <Delay = 1.78> <CoreInst = "Adder">   --->   Core 1 'Adder' <Latency = 0> <II = 1> <Delay = 1.78> <FuncUnit> <Opcode : 'add' 'sub'> <InPorts = 2> <OutPorts = 1>
ST_1 : Operation 43 [1/1] (1.58ns)   --->   "%store_ln46 = store i5 %add_ln46, i5 %i" [src/imgds_linear_dense_q16.cpp:46]   --->   Operation 43 'store' 'store_ln46' <Predicate = (!tmp_1064)> <Delay = 1.58>
ST_1 : Operation 54 [1/1] (0.00ns)   --->   "%sum_V_load_2 = load i24 %sum_V"   --->   Operation 54 'load' 'sum_V_load_2' <Predicate = (tmp_1064)> <Delay = 0.00>
ST_1 : Operation 55 [1/1] (0.00ns)   --->   "%write_ln0 = write void @_ssdm_op_Write.ap_auto.i24P0A, i24 %sum_V_out, i24 %sum_V_load_2"   --->   Operation 55 'write' 'write_ln0' <Predicate = (tmp_1064)> <Delay = 0.00>
ST_1 : Operation 56 [1/1] (0.00ns)   --->   "%ret_ln0 = ret"   --->   Operation 56 'ret' 'ret_ln0' <Predicate = (tmp_1064)> <Delay = 0.00>

State 2 <SV = 1> <Delay = 6.00>
ST_2 : Operation 44 [1/1] (0.00ns)   --->   "%sum_V_load = load i24 %sum_V"   --->   Operation 44 'load' 'sum_V_load' <Predicate = true> <Delay = 0.00>
ST_2 : Operation 45 [1/1] (0.00ns)   --->   "%specloopname_ln45 = specloopname void @_ssdm_op_SpecLoopName, void @empty_15" [src/imgds_linear_dense_q16.cpp:45]   --->   Operation 45 'specloopname' 'specloopname_ln45' <Predicate = true> <Delay = 0.00>
ST_2 : Operation 46 [1/1] (0.00ns)   --->   "%tmp16_cast = sext i17 %tmp16"   --->   Operation 46 'sext' 'tmp16_cast' <Predicate = true> <Delay = 0.00>
ST_2 : Operation 47 [1/1] (0.00ns)   --->   "%tmp17_cast = sext i17 %tmp17"   --->   Operation 47 'sext' 'tmp17_cast' <Predicate = true> <Delay = 0.00>
ST_2 : Operation 48 [1/1] (2.10ns)   --->   "%tmp3117 = add i18 %tmp17_cast, i18 %tmp16_cast"   --->   Operation 48 'add' 'tmp3117' <Predicate = true> <Delay = 2.10> <CoreInst = "Adder">   --->   Core 1 'Adder' <Latency = 0> <II = 1> <Delay = 2.10> <FuncUnit> <Opcode : 'add' 'sub'> <InPorts = 2> <OutPorts = 1>
ST_2 : Operation 49 [1/1] (0.00ns)   --->   "%tmp_s = bitconcatenate i22 @_ssdm_op_BitConcatenate.i22.i18.i4, i18 %tmp3117, i4 0"   --->   Operation 49 'bitconcatenate' 'tmp_s' <Predicate = true> <Delay = 0.00>
ST_2 : Operation 50 [1/1] (0.00ns)   --->   "%tmp32 = sext i22 %tmp_s"   --->   Operation 50 'sext' 'tmp32' <Predicate = true> <Delay = 0.00>
ST_2 : Operation 51 [1/1] (2.31ns)   --->   "%sum_V_2 = add i24 %tmp32, i24 %sum_V_load"   --->   Operation 51 'add' 'sum_V_2' <Predicate = true> <Delay = 2.31> <CoreInst = "Adder">   --->   Core 1 'Adder' <Latency = 0> <II = 1> <Delay = 2.31> <FuncUnit> <Opcode : 'add' 'sub'> <InPorts = 2> <OutPorts = 1>
ST_2 : Operation 52 [1/1] (1.58ns)   --->   "%store_ln46 = store i24 %sum_V_2, i24 %sum_V" [src/imgds_linear_dense_q16.cpp:46]   --->   Operation 52 'store' 'store_ln46' <Predicate = true> <Delay = 1.58>
ST_2 : Operation 53 [1/1] (0.00ns)   --->   "%br_ln46 = br void %for.body" [src/imgds_linear_dense_q16.cpp:46]   --->   Operation 53 'br' 'br_ln46' <Predicate = true> <Delay = 0.00>


============================================================
+ Verbose Summary: Timing violations
============================================================
Target clock period: 10ns, clock uncertainty: 2.7ns.

 <State 1>: 3.9ns
The critical path consists of the following:
	'alloca' operation ('i') [19]  (0 ns)
	'load' operation ('i', src/imgds_linear_dense_q16.cpp:46) on local variable 'i' [40]  (0 ns)
	'mux' operation ('tmp') [49]  (1.83 ns)
	'add' operation ('tmp16') [57]  (2.08 ns)

 <State 2>: 6.01ns
The critical path consists of the following:
	'add' operation ('tmp3117') [61]  (2.11 ns)
	'add' operation ('sum.V') [64]  (2.31 ns)
	'store' operation ('store_ln46', src/imgds_linear_dense_q16.cpp:46) of variable 'sum.V' on local variable 'sum.V' [67]  (1.59 ns)


============================================================
+ Verbose Summary: Binding
============================================================
N/A
* FSMD analyzer results:
  - Output states:
 - Input state : 
  - Chain level:
	State 1
	State 2


============================================================
+ Verbose Summary: Datapath Resource usage 
============================================================
N/A
