

================================================================
== Vitis HLS Report for 'layer_norm_q16_Pipeline_VITIS_LOOP_46_1'
================================================================
* Date:           Tue Jun 30 20:53:48 2026

* Version:        2022.2 (Build 3670227 on Oct 13 2022)
* Project:        imgds_linear_dense_q16_pareto1
* Solution:       solution1 (Vivado IP Flow Target)
* Product family: zynq
* Target device:  xc7z020-clg400-1


================================================================
== Performance Estimates
================================================================
+ Timing: 
    * Summary: 
    +--------+----------+----------+------------+
    |  Clock |  Target  | Estimated| Uncertainty|
    +--------+----------+----------+------------+
    |ap_clk  |  10.00 ns|  6.009 ns|     2.70 ns|
    +--------+----------+----------+------------+

+ Latency: 
    * Summary: 
    +---------+---------+-----------+-----------+-----+-----+---------+
    |  Latency (cycles) |   Latency (absolute)  |  Interval | Pipeline|
    |   min   |   max   |    min    |    max    | min | max |   Type  |
    +---------+---------+-----------+-----------+-----+-----+---------+
    |        7|        7|  70.000 ns|  70.000 ns|    7|    7|       no|
    +---------+---------+-----------+-----------+-----+-----+---------+

    + Detail: 
        * Instance: 
        N/A

        * Loop: 
        +-------------------+---------+---------+----------+-----------+-----------+------+----------+
        |                   |  Latency (cycles) | Iteration|  Initiation Interval  | Trip |          |
        |     Loop Name     |   min   |   max   |  Latency |  achieved |   target  | Count| Pipelined|
        +-------------------+---------+---------+----------+-----------+-----------+------+----------+
        |- VITIS_LOOP_46_1  |        5|        5|         3|          1|          1|     4|       yes|
        +-------------------+---------+---------+----------+-----------+-----------+------+----------+

============================================================
+ Verbose Summary: Synthesis Manager
============================================================
InlineROM: 1
ExposeGlobal: 0
============================================================
+ Verbose Summary: CDFG Model
============================================================
IsTopModel: 0
ResetActiveHigh: 1
IsCombinational: 0
IsDatapathOnly: 0
HasWiredReturn: 1
HasMFsm: 2
HasVarLatency: 1
IsPipeline: 0
IsRtlPipelined: 0
IsInstanceOverlapped: 0
IsDontTouch: 0
HasImplIP: 0
IsGatedGlobalClock: 0

+ Individual pipeline summary: 
  * Pipeline-0: initiation interval (II) = 1, depth = 3


============================================================
+ Verbose Summary: Schedule
============================================================
* Number of FSM states : 3
* Pipeline : 1
  Pipeline-0 : II = 1, D = 3, States = { 1 2 3 }
* Dataflow Pipeline: 0

* FSM state transitions: 
1 --> 2 
2 --> 3 
3 --> 

* FSM state operations: 

State 1 <SV = 0> <Delay = 3.36>
ST_1 : Operation 6 [1/1] (0.00ns)   --->   "%sum_V = alloca i32 1"   --->   Operation 6 'alloca' 'sum_V' <Predicate = true> <Delay = 0.00>
ST_1 : Operation 7 [1/1] (0.00ns)   --->   "%i = alloca i32 1"   --->   Operation 7 'alloca' 'i' <Predicate = true> <Delay = 0.00>
ST_1 : Operation 8 [1/1] (0.00ns)   --->   "%trunc_ln837_read = read i2 @_ssdm_op_Read.ap_auto.i2, i2 %trunc_ln837"   --->   Operation 8 'read' 'trunc_ln837_read' <Predicate = true> <Delay = 0.00>
ST_1 : Operation 9 [1/1] (0.00ns)   --->   "%x_3_offset_read = read i4 @_ssdm_op_Read.ap_auto.i4, i4 %x_3_offset"   --->   Operation 9 'read' 'x_3_offset_read' <Predicate = true> <Delay = 0.00>
ST_1 : Operation 10 [1/1] (0.00ns)   --->   "%trunc_ln837_3_read = read i2 @_ssdm_op_Read.ap_auto.i2, i2 %trunc_ln837_3"   --->   Operation 10 'read' 'trunc_ln837_3_read' <Predicate = true> <Delay = 0.00>
ST_1 : Operation 11 [1/1] (0.00ns)   --->   "%x_2_offset_read = read i4 @_ssdm_op_Read.ap_auto.i4, i4 %x_2_offset"   --->   Operation 11 'read' 'x_2_offset_read' <Predicate = true> <Delay = 0.00>
ST_1 : Operation 12 [1/1] (0.00ns)   --->   "%trunc_ln837_6_read = read i2 @_ssdm_op_Read.ap_auto.i2, i2 %trunc_ln837_6"   --->   Operation 12 'read' 'trunc_ln837_6_read' <Predicate = true> <Delay = 0.00>
ST_1 : Operation 13 [1/1] (0.00ns)   --->   "%x_1_offset_read = read i4 @_ssdm_op_Read.ap_auto.i4, i4 %x_1_offset"   --->   Operation 13 'read' 'x_1_offset_read' <Predicate = true> <Delay = 0.00>
ST_1 : Operation 14 [1/1] (0.00ns)   --->   "%trunc_ln837_9_read = read i2 @_ssdm_op_Read.ap_auto.i2, i2 %trunc_ln837_9"   --->   Operation 14 'read' 'trunc_ln837_9_read' <Predicate = true> <Delay = 0.00>
ST_1 : Operation 15 [1/1] (0.00ns)   --->   "%x_0_offset_read = read i4 @_ssdm_op_Read.ap_auto.i4, i4 %x_0_offset"   --->   Operation 15 'read' 'x_0_offset_read' <Predicate = true> <Delay = 0.00>
ST_1 : Operation 16 [1/1] (1.58ns)   --->   "%store_ln0 = store i5 0, i5 %i"   --->   Operation 16 'store' 'store_ln0' <Predicate = true> <Delay = 1.58>
ST_1 : Operation 17 [1/1] (1.58ns)   --->   "%store_ln0 = store i24 0, i24 %sum_V"   --->   Operation 17 'store' 'store_ln0' <Predicate = true> <Delay = 1.58>
ST_1 : Operation 18 [1/1] (0.00ns)   --->   "%br_ln0 = br void %for.body"   --->   Operation 18 'br' 'br_ln0' <Predicate = true> <Delay = 0.00>
ST_1 : Operation 19 [1/1] (0.00ns)   --->   "%i_2 = load i5 %i" [src/imgds_linear_dense_q16.cpp:46]   --->   Operation 19 'load' 'i_2' <Predicate = true> <Delay = 0.00>
ST_1 : Operation 20 [1/1] (0.00ns)   --->   "%specpipeline_ln0 = specpipeline void @_ssdm_op_SpecPipeline, i32 4294967295, i32 0, i32 1, i32 0, void @p_str"   --->   Operation 20 'specpipeline' 'specpipeline_ln0' <Predicate = true> <Delay = 0.00>
ST_1 : Operation 21 [1/1] (0.00ns)   --->   "%tmp_1063 = bitselect i1 @_ssdm_op_BitSelect.i1.i5.i32, i5 %i_2, i32 4" [src/imgds_linear_dense_q16.cpp:46]   --->   Operation 21 'bitselect' 'tmp_1063' <Predicate = true> <Delay = 0.00>
ST_1 : Operation 22 [1/1] (0.00ns)   --->   "%empty = speclooptripcount i32 @_ssdm_op_SpecLoopTripCount, i64 4, i64 4, i64 4"   --->   Operation 22 'speclooptripcount' 'empty' <Predicate = true> <Delay = 0.00>
ST_1 : Operation 23 [1/1] (0.00ns)   --->   "%br_ln46 = br i1 %tmp_1063, void %for.body.split, void %_ZN8ap_fixedILi16ELi6EL9ap_q_mode5EL9ap_o_mode3ELi0EEC2Ei.exit415.exitStub" [src/imgds_linear_dense_q16.cpp:46]   --->   Operation 23 'br' 'br_ln46' <Predicate = true> <Delay = 0.00>
ST_1 : Operation 24 [1/1] (0.00ns)   --->   "%lshr_ln = partselect i2 @_ssdm_op_PartSelect.i2.i5.i32.i32, i5 %i_2, i32 2, i32 3"   --->   Operation 24 'partselect' 'lshr_ln' <Predicate = (!tmp_1063)> <Delay = 0.00>
ST_1 : Operation 25 [1/1] (0.00ns)   --->   "%tmp = partselect i2 @_ssdm_op_PartSelect.i2.i4.i32.i32, i4 %x_0_offset_read, i32 2, i32 3"   --->   Operation 25 'partselect' 'tmp' <Predicate = (!tmp_1063)> <Delay = 0.00>
ST_1 : Operation 26 [1/1] (0.00ns)   --->   "%tmp_s = bitconcatenate i6 @_ssdm_op_BitConcatenate.i6.i2.i2.i2, i2 %tmp, i2 %trunc_ln837_9_read, i2 %lshr_ln"   --->   Operation 26 'bitconcatenate' 'tmp_s' <Predicate = (!tmp_1063)> <Delay = 0.00>
ST_1 : Operation 27 [1/1] (0.00ns)   --->   "%zext_ln837 = zext i6 %tmp_s"   --->   Operation 27 'zext' 'zext_ln837' <Predicate = (!tmp_1063)> <Delay = 0.00>
ST_1 : Operation 28 [1/1] (0.00ns)   --->   "%x_0_addr = getelementptr i16 %x_0, i64 0, i64 %zext_ln837"   --->   Operation 28 'getelementptr' 'x_0_addr' <Predicate = (!tmp_1063)> <Delay = 0.00>
ST_1 : Operation 29 [1/1] (0.00ns)   --->   "%tmp_843 = partselect i2 @_ssdm_op_PartSelect.i2.i4.i32.i32, i4 %x_1_offset_read, i32 2, i32 3"   --->   Operation 29 'partselect' 'tmp_843' <Predicate = (!tmp_1063)> <Delay = 0.00>
ST_1 : Operation 30 [1/1] (0.00ns)   --->   "%tmp_844 = bitconcatenate i6 @_ssdm_op_BitConcatenate.i6.i2.i2.i2, i2 %tmp_843, i2 %trunc_ln837_6_read, i2 %lshr_ln"   --->   Operation 30 'bitconcatenate' 'tmp_844' <Predicate = (!tmp_1063)> <Delay = 0.00>
ST_1 : Operation 31 [1/1] (0.00ns)   --->   "%zext_ln837_10 = zext i6 %tmp_844"   --->   Operation 31 'zext' 'zext_ln837_10' <Predicate = (!tmp_1063)> <Delay = 0.00>
ST_1 : Operation 32 [1/1] (0.00ns)   --->   "%x_1_addr = getelementptr i16 %x_1, i64 0, i64 %zext_ln837_10"   --->   Operation 32 'getelementptr' 'x_1_addr' <Predicate = (!tmp_1063)> <Delay = 0.00>
ST_1 : Operation 33 [1/1] (0.00ns)   --->   "%tmp_845 = partselect i2 @_ssdm_op_PartSelect.i2.i4.i32.i32, i4 %x_2_offset_read, i32 2, i32 3"   --->   Operation 33 'partselect' 'tmp_845' <Predicate = (!tmp_1063)> <Delay = 0.00>
ST_1 : Operation 34 [1/1] (0.00ns)   --->   "%tmp_846 = bitconcatenate i6 @_ssdm_op_BitConcatenate.i6.i2.i2.i2, i2 %tmp_845, i2 %trunc_ln837_3_read, i2 %lshr_ln"   --->   Operation 34 'bitconcatenate' 'tmp_846' <Predicate = (!tmp_1063)> <Delay = 0.00>
ST_1 : Operation 35 [1/1] (0.00ns)   --->   "%zext_ln837_11 = zext i6 %tmp_846"   --->   Operation 35 'zext' 'zext_ln837_11' <Predicate = (!tmp_1063)> <Delay = 0.00>
ST_1 : Operation 36 [1/1] (0.00ns)   --->   "%x_2_addr = getelementptr i16 %x_2, i64 0, i64 %zext_ln837_11"   --->   Operation 36 'getelementptr' 'x_2_addr' <Predicate = (!tmp_1063)> <Delay = 0.00>
ST_1 : Operation 37 [1/1] (0.00ns)   --->   "%tmp_847 = partselect i2 @_ssdm_op_PartSelect.i2.i4.i32.i32, i4 %x_3_offset_read, i32 2, i32 3"   --->   Operation 37 'partselect' 'tmp_847' <Predicate = (!tmp_1063)> <Delay = 0.00>
ST_1 : Operation 38 [1/1] (0.00ns)   --->   "%tmp_848 = bitconcatenate i6 @_ssdm_op_BitConcatenate.i6.i2.i2.i2, i2 %tmp_847, i2 %trunc_ln837_read, i2 %lshr_ln"   --->   Operation 38 'bitconcatenate' 'tmp_848' <Predicate = (!tmp_1063)> <Delay = 0.00>
ST_1 : Operation 39 [1/1] (0.00ns)   --->   "%zext_ln837_12 = zext i6 %tmp_848"   --->   Operation 39 'zext' 'zext_ln837_12' <Predicate = (!tmp_1063)> <Delay = 0.00>
ST_1 : Operation 40 [1/1] (0.00ns)   --->   "%x_3_addr22 = getelementptr i16 %x_3, i64 0, i64 %zext_ln837_12"   --->   Operation 40 'getelementptr' 'x_3_addr22' <Predicate = (!tmp_1063)> <Delay = 0.00>
ST_1 : Operation 41 [2/2] (3.25ns)   --->   "%x_0_load = load i6 %x_0_addr"   --->   Operation 41 'load' 'x_0_load' <Predicate = (!tmp_1063)> <Delay = 3.25> <CoreInst = "RAM">   --->   Core 82 'RAM' <Latency = 1> <II = 1> <Delay = 3.25> <Storage> <Opcode : 'load' 'store'> <Ports = 2> <Width = 16> <Depth = 64> <RAM>
ST_1 : Operation 42 [2/2] (3.25ns)   --->   "%x_1_load = load i6 %x_1_addr"   --->   Operation 42 'load' 'x_1_load' <Predicate = (!tmp_1063)> <Delay = 3.25> <CoreInst = "RAM">   --->   Core 82 'RAM' <Latency = 1> <II = 1> <Delay = 3.25> <Storage> <Opcode : 'load' 'store'> <Ports = 2> <Width = 16> <Depth = 64> <RAM>
ST_1 : Operation 43 [2/2] (3.25ns)   --->   "%x_2_load = load i6 %x_2_addr"   --->   Operation 43 'load' 'x_2_load' <Predicate = (!tmp_1063)> <Delay = 3.25> <CoreInst = "RAM">   --->   Core 82 'RAM' <Latency = 1> <II = 1> <Delay = 3.25> <Storage> <Opcode : 'load' 'store'> <Ports = 2> <Width = 16> <Depth = 64> <RAM>
ST_1 : Operation 44 [2/2] (3.25ns)   --->   "%x_3_load = load i6 %x_3_addr22"   --->   Operation 44 'load' 'x_3_load' <Predicate = (!tmp_1063)> <Delay = 3.25> <CoreInst = "RAM">   --->   Core 82 'RAM' <Latency = 1> <II = 1> <Delay = 3.25> <Storage> <Opcode : 'load' 'store'> <Ports = 2> <Width = 16> <Depth = 64> <RAM>
ST_1 : Operation 45 [1/1] (1.78ns)   --->   "%add_ln46 = add i5 %i_2, i5 4" [src/imgds_linear_dense_q16.cpp:46]   --->   Operation 45 'add' 'add_ln46' <Predicate = (!tmp_1063)> <Delay = 1.78> <CoreInst = "Adder">   --->   Core 1 'Adder' <Latency = 0> <II = 1> <Delay = 1.78> <FuncUnit> <Opcode : 'add' 'sub'> <InPorts = 2> <OutPorts = 1>
ST_1 : Operation 46 [1/1] (1.58ns)   --->   "%store_ln46 = store i5 %add_ln46, i5 %i" [src/imgds_linear_dense_q16.cpp:46]   --->   Operation 46 'store' 'store_ln46' <Predicate = (!tmp_1063)> <Delay = 1.58>

State 2 <SV = 1> <Delay = 5.33>
ST_2 : Operation 47 [1/2] (3.25ns)   --->   "%x_0_load = load i6 %x_0_addr"   --->   Operation 47 'load' 'x_0_load' <Predicate = true> <Delay = 3.25> <CoreInst = "RAM">   --->   Core 82 'RAM' <Latency = 1> <II = 1> <Delay = 3.25> <Storage> <Opcode : 'load' 'store'> <Ports = 2> <Width = 16> <Depth = 64> <RAM>
ST_2 : Operation 48 [1/2] (3.25ns)   --->   "%x_1_load = load i6 %x_1_addr"   --->   Operation 48 'load' 'x_1_load' <Predicate = true> <Delay = 3.25> <CoreInst = "RAM">   --->   Core 82 'RAM' <Latency = 1> <II = 1> <Delay = 3.25> <Storage> <Opcode : 'load' 'store'> <Ports = 2> <Width = 16> <Depth = 64> <RAM>
ST_2 : Operation 49 [1/2] (3.25ns)   --->   "%x_2_load = load i6 %x_2_addr"   --->   Operation 49 'load' 'x_2_load' <Predicate = true> <Delay = 3.25> <CoreInst = "RAM">   --->   Core 82 'RAM' <Latency = 1> <II = 1> <Delay = 3.25> <Storage> <Opcode : 'load' 'store'> <Ports = 2> <Width = 16> <Depth = 64> <RAM>
ST_2 : Operation 50 [1/2] (3.25ns)   --->   "%x_3_load = load i6 %x_3_addr22"   --->   Operation 50 'load' 'x_3_load' <Predicate = true> <Delay = 3.25> <CoreInst = "RAM">   --->   Core 82 'RAM' <Latency = 1> <II = 1> <Delay = 3.25> <Storage> <Opcode : 'load' 'store'> <Ports = 2> <Width = 16> <Depth = 64> <RAM>
ST_2 : Operation 51 [1/1] (0.00ns)   --->   "%x_0_load_cast = sext i16 %x_0_load"   --->   Operation 51 'sext' 'x_0_load_cast' <Predicate = true> <Delay = 0.00>
ST_2 : Operation 52 [1/1] (0.00ns)   --->   "%x_1_load_cast = sext i16 %x_1_load"   --->   Operation 52 'sext' 'x_1_load_cast' <Predicate = true> <Delay = 0.00>
ST_2 : Operation 53 [1/1] (0.00ns)   --->   "%x_2_load_cast = sext i16 %x_2_load"   --->   Operation 53 'sext' 'x_2_load_cast' <Predicate = true> <Delay = 0.00>
ST_2 : Operation 54 [1/1] (0.00ns)   --->   "%x_3_load_cast = sext i16 %x_3_load"   --->   Operation 54 'sext' 'x_3_load_cast' <Predicate = true> <Delay = 0.00>
ST_2 : Operation 55 [1/1] (2.07ns)   --->   "%tmp9 = add i17 %x_1_load_cast, i17 %x_0_load_cast"   --->   Operation 55 'add' 'tmp9' <Predicate = true> <Delay = 2.07> <CoreInst = "Adder">   --->   Core 1 'Adder' <Latency = 0> <II = 1> <Delay = 2.07> <FuncUnit> <Opcode : 'add' 'sub'> <InPorts = 2> <OutPorts = 1>
ST_2 : Operation 56 [1/1] (2.07ns)   --->   "%tmp10 = add i17 %x_2_load_cast, i17 %x_3_load_cast"   --->   Operation 56 'add' 'tmp10' <Predicate = true> <Delay = 2.07> <CoreInst = "Adder">   --->   Core 1 'Adder' <Latency = 0> <II = 1> <Delay = 2.07> <FuncUnit> <Opcode : 'add' 'sub'> <InPorts = 2> <OutPorts = 1>
ST_2 : Operation 67 [1/1] (0.00ns)   --->   "%sum_V_load_1 = load i24 %sum_V"   --->   Operation 67 'load' 'sum_V_load_1' <Predicate = (tmp_1063)> <Delay = 0.00>
ST_2 : Operation 68 [1/1] (0.00ns)   --->   "%write_ln0 = write void @_ssdm_op_Write.ap_auto.i24P0A, i24 %sum_V_out, i24 %sum_V_load_1"   --->   Operation 68 'write' 'write_ln0' <Predicate = (tmp_1063)> <Delay = 0.00>
ST_2 : Operation 69 [1/1] (0.00ns)   --->   "%ret_ln0 = ret"   --->   Operation 69 'ret' 'ret_ln0' <Predicate = (tmp_1063)> <Delay = 0.00>

State 3 <SV = 2> <Delay = 6.00>
ST_3 : Operation 57 [1/1] (0.00ns)   --->   "%sum_V_load = load i24 %sum_V"   --->   Operation 57 'load' 'sum_V_load' <Predicate = true> <Delay = 0.00>
ST_3 : Operation 58 [1/1] (0.00ns)   --->   "%specloopname_ln45 = specloopname void @_ssdm_op_SpecLoopName, void @empty_15" [src/imgds_linear_dense_q16.cpp:45]   --->   Operation 58 'specloopname' 'specloopname_ln45' <Predicate = true> <Delay = 0.00>
ST_3 : Operation 59 [1/1] (0.00ns)   --->   "%tmp9_cast = sext i17 %tmp9"   --->   Operation 59 'sext' 'tmp9_cast' <Predicate = true> <Delay = 0.00>
ST_3 : Operation 60 [1/1] (0.00ns)   --->   "%tmp10_cast = sext i17 %tmp10"   --->   Operation 60 'sext' 'tmp10_cast' <Predicate = true> <Delay = 0.00>
ST_3 : Operation 61 [1/1] (2.10ns)   --->   "%tmp3127 = add i18 %tmp10_cast, i18 %tmp9_cast"   --->   Operation 61 'add' 'tmp3127' <Predicate = true> <Delay = 2.10> <CoreInst = "Adder">   --->   Core 1 'Adder' <Latency = 0> <II = 1> <Delay = 2.10> <FuncUnit> <Opcode : 'add' 'sub'> <InPorts = 2> <OutPorts = 1>
ST_3 : Operation 62 [1/1] (0.00ns)   --->   "%tmp_849 = bitconcatenate i22 @_ssdm_op_BitConcatenate.i22.i18.i4, i18 %tmp3127, i4 0"   --->   Operation 62 'bitconcatenate' 'tmp_849' <Predicate = true> <Delay = 0.00>
ST_3 : Operation 63 [1/1] (0.00ns)   --->   "%tmp32 = sext i22 %tmp_849"   --->   Operation 63 'sext' 'tmp32' <Predicate = true> <Delay = 0.00>
ST_3 : Operation 64 [1/1] (2.31ns)   --->   "%sum_V_1 = add i24 %tmp32, i24 %sum_V_load"   --->   Operation 64 'add' 'sum_V_1' <Predicate = true> <Delay = 2.31> <CoreInst = "Adder">   --->   Core 1 'Adder' <Latency = 0> <II = 1> <Delay = 2.31> <FuncUnit> <Opcode : 'add' 'sub'> <InPorts = 2> <OutPorts = 1>
ST_3 : Operation 65 [1/1] (1.58ns)   --->   "%store_ln46 = store i24 %sum_V_1, i24 %sum_V" [src/imgds_linear_dense_q16.cpp:46]   --->   Operation 65 'store' 'store_ln46' <Predicate = true> <Delay = 1.58>
ST_3 : Operation 66 [1/1] (0.00ns)   --->   "%br_ln46 = br void %for.body" [src/imgds_linear_dense_q16.cpp:46]   --->   Operation 66 'br' 'br_ln46' <Predicate = true> <Delay = 0.00>


============================================================
+ Verbose Summary: Timing violations
============================================================
Target clock period: 10ns, clock uncertainty: 2.7ns.

 <State 1>: 3.37ns
The critical path consists of the following:
	'alloca' operation ('i') [15]  (0 ns)
	'load' operation ('i', src/imgds_linear_dense_q16.cpp:46) on local variable 'i' [28]  (0 ns)
	'add' operation ('add_ln46', src/imgds_linear_dense_q16.cpp:46) [69]  (1.78 ns)
	'store' operation ('store_ln46', src/imgds_linear_dense_q16.cpp:46) of variable 'add_ln46', src/imgds_linear_dense_q16.cpp:46 on local variable 'i' [70]  (1.59 ns)

 <State 2>: 5.33ns
The critical path consists of the following:
	'load' operation ('x_0_load') on array 'x_0' [53]  (3.25 ns)
	'add' operation ('tmp9') [61]  (2.08 ns)

 <State 3>: 6.01ns
The critical path consists of the following:
	'add' operation ('tmp3127') [65]  (2.11 ns)
	'add' operation ('sum.V') [68]  (2.31 ns)
	'store' operation ('store_ln46', src/imgds_linear_dense_q16.cpp:46) of variable 'sum.V' on local variable 'sum.V' [71]  (1.59 ns)


============================================================
+ Verbose Summary: Binding
============================================================
N/A
* FSMD analyzer results:
  - Output states:
 - Input state : 
  - Chain level:
	State 1
	State 2
	State 3


============================================================
+ Verbose Summary: Datapath Resource usage 
============================================================
N/A
