

================================================================
== Vitis HLS Report for 'linear_attention_q16_Pipeline_VITIS_LOOP_139_84'
================================================================
* Date:           Tue Jun 30 20:54:46 2026

* Version:        2022.2 (Build 3670227 on Oct 13 2022)
* Project:        imgds_linear_dense_q16_pareto1
* Solution:       solution1 (Vivado IP Flow Target)
* Product family: zynq
* Target device:  xc7z020-clg400-1


================================================================
== Performance Estimates
================================================================
+ Timing: 
    * Summary: 
    +--------+----------+----------+------------+
    |  Clock |  Target  | Estimated| Uncertainty|
    +--------+----------+----------+------------+
    |ap_clk  |  10.00 ns|  6.009 ns|     2.70 ns|
    +--------+----------+----------+------------+

+ Latency: 
    * Summary: 
    +---------+---------+----------+----------+-----+-----+---------+
    |  Latency (cycles) |  Latency (absolute) |  Interval | Pipeline|
    |   min   |   max   |    min   |    max   | min | max |   Type  |
    +---------+---------+----------+----------+-----+-----+---------+
    |       12|       12|  0.120 us|  0.120 us|   12|   12|       no|
    +---------+---------+----------+----------+-----+-----+---------+

    + Detail: 
        * Instance: 
        N/A

        * Loop: 
        +--------------------+---------+---------+----------+-----------+-----------+------+----------+
        |                    |  Latency (cycles) | Iteration|  Initiation Interval  | Trip |          |
        |      Loop Name     |   min   |   max   |  Latency |  achieved |   target  | Count| Pipelined|
        +--------------------+---------+---------+----------+-----------+-----------+------+----------+
        |- VITIS_LOOP_139_8  |       10|       10|         4|          2|          1|     4|       yes|
        +--------------------+---------+---------+----------+-----------+-----------+------+----------+



================================================================
== Utilization Estimates
================================================================
* Summary: 
+-----------------+---------+-----+--------+-------+-----+
|       Name      | BRAM_18K| DSP |   FF   |  LUT  | URAM|
+-----------------+---------+-----+--------+-------+-----+
|DSP              |        -|    -|       -|      -|    -|
|Expression       |        -|    -|       0|    131|    -|
|FIFO             |        -|    -|       -|      -|    -|
|Instance         |        -|    -|       -|      -|    -|
|Memory           |        -|    -|       -|      -|    -|
|Multiplexer      |        -|    -|       -|    105|    -|
|Register         |        -|    -|      99|      -|    -|
+-----------------+---------+-----+--------+-------+-----+
|Total            |        0|    0|      99|    236|    0|
+-----------------+---------+-----+--------+-------+-----+
|Available        |      280|  220|  106400|  53200|    0|
+-----------------+---------+-----+--------+-------+-----+
|Utilization (%)  |        0|    0|      ~0|     ~0|    0|
+-----------------+---------+-----+--------+-------+-----+

+ Detail: 
    * Instance: 
    N/A

    * DSP: 
    N/A

    * Memory: 
    N/A

    * FIFO: 
    N/A

    * Expression: 
    +----------------------+----------+----+---+----+------------+------------+
    |     Variable Name    | Operation| DSP| FF| LUT| Bitwidth P0| Bitwidth P1|
    +----------------------+----------+----+---+----+------------+------------+
    |add_ln139_fu_171_p2   |         +|   0|  0|  13|           5|           3|
    |s_V_5_fu_276_p2       |         +|   0|  0|  31|          24|          24|
    |tmp1720124_fu_258_p2  |         +|   0|  0|  25|          18|          18|
    |tmp624_fu_224_p2      |         +|   0|  0|  24|          17|          17|
    |tmp625_fu_246_p2      |         +|   0|  0|  24|          17|          17|
    |or_ln139_3_fu_152_p2  |        or|   0|  0|   4|           4|           1|
    |or_ln139_4_fu_182_p2  |        or|   0|  0|   4|           4|           2|
    |or_ln139_fu_199_p2    |        or|   0|  0|   4|           4|           2|
    |ap_enable_pp0         |       xor|   0|  0|   2|           1|           2|
    +----------------------+----------+----+---+----+------------+------------+
    |Total                 |          |   0|  0| 131|          94|          86|
    +----------------------+----------+----+---+----+------------+------------+

    * Multiplexer: 
    +----------------------------------+----+-----------+-----+-----------+
    |               Name               | LUT| Input Size| Bits| Total Bits|
    +----------------------------------+----+-----------+-----+-----------+
    |K_V_1_address0                    |  14|          3|    6|         18|
    |K_V_1_address1                    |  14|          3|    6|         18|
    |ap_NS_fsm                         |  14|          3|    1|          3|
    |ap_done_int                       |   9|          2|    1|          2|
    |ap_enable_reg_pp0_iter0           |   9|          2|    1|          2|
    |ap_enable_reg_pp0_iter1           |   9|          2|    1|          2|
    |ap_loop_exit_ready_pp0_iter1_reg  |   9|          2|    1|          2|
    |ap_sig_allocacmp_pos              |   9|          2|    5|         10|
    |pos_2_fu_56                       |   9|          2|    5|         10|
    |s_V_2_fu_52                       |   9|          2|   24|         48|
    +----------------------------------+----+-----------+-----+-----------+
    |Total                             | 105|         23|   51|        115|
    +----------------------------------+----+-----------+-----+-----------+

    * Register: 
    +----------------------------------+----+----+-----+-----------+
    |               Name               | FF | LUT| Bits| Const Bits|
    +----------------------------------+----+----+-----+-----------+
    |ap_CS_fsm                         |   2|   0|    2|          0|
    |ap_done_reg                       |   1|   0|    1|          0|
    |ap_enable_reg_pp0_iter0_reg       |   1|   0|    1|          0|
    |ap_enable_reg_pp0_iter1           |   1|   0|    1|          0|
    |ap_loop_exit_ready_pp0_iter1_reg  |   1|   0|    1|          0|
    |empty_60_reg_306                  |   4|   0|    4|          0|
    |pos_2_fu_56                       |   5|   0|    5|          0|
    |s_V_2_fu_52                       |  24|   0|   24|          0|
    |s_V_reg_341                       |  24|   0|   24|          0|
    |tmp624_reg_336                    |  17|   0|   17|          0|
    |tmp625_reg_346                    |  17|   0|   17|          0|
    |tmp_reg_312                       |   1|   0|    1|          0|
    |tmp_reg_312_pp0_iter1_reg         |   1|   0|    1|          0|
    +----------------------------------+----+----+-----+-----------+
    |Total                             |  99|   0|   99|          0|
    +----------------------------------+----+----+-----+-----------+



================================================================
== Interface
================================================================
* Summary: 
+------------------+-----+-----+------------+-------------------------------------------------+--------------+
|     RTL Ports    | Dir | Bits|  Protocol  |                  Source Object                  |    C Type    |
+------------------+-----+-----+------------+-------------------------------------------------+--------------+
|ap_clk            |   in|    1|  ap_ctrl_hs|  linear_attention_q16_Pipeline_VITIS_LOOP_139_84|  return value|
|ap_rst            |   in|    1|  ap_ctrl_hs|  linear_attention_q16_Pipeline_VITIS_LOOP_139_84|  return value|
|ap_start          |   in|    1|  ap_ctrl_hs|  linear_attention_q16_Pipeline_VITIS_LOOP_139_84|  return value|
|ap_done           |  out|    1|  ap_ctrl_hs|  linear_attention_q16_Pipeline_VITIS_LOOP_139_84|  return value|
|ap_idle           |  out|    1|  ap_ctrl_hs|  linear_attention_q16_Pipeline_VITIS_LOOP_139_84|  return value|
|ap_ready          |  out|    1|  ap_ctrl_hs|  linear_attention_q16_Pipeline_VITIS_LOOP_139_84|  return value|
|lshr_ln1          |   in|    2|     ap_none|                                         lshr_ln1|        scalar|
|K_V_1_address0    |  out|    6|   ap_memory|                                            K_V_1|         array|
|K_V_1_ce0         |  out|    1|   ap_memory|                                            K_V_1|         array|
|K_V_1_q0          |   in|   16|   ap_memory|                                            K_V_1|         array|
|K_V_1_address1    |  out|    6|   ap_memory|                                            K_V_1|         array|
|K_V_1_ce1         |  out|    1|   ap_memory|                                            K_V_1|         array|
|K_V_1_q1          |   in|   16|   ap_memory|                                            K_V_1|         array|
|s_V_2_out         |  out|   20|      ap_vld|                                        s_V_2_out|       pointer|
|s_V_2_out_ap_vld  |  out|    1|      ap_vld|                                        s_V_2_out|       pointer|
+------------------+-----+-----+------------+-------------------------------------------------+--------------+

============================================================
+ Verbose Summary: Synthesis Manager
============================================================
InlineROM: 1
ExposeGlobal: 0
============================================================
+ Verbose Summary: CDFG Model
============================================================
IsTopModel: 0
ResetActiveHigh: 1
IsCombinational: 2
IsDatapathOnly: 2
HasWiredReturn: 1
HasMFsm: 2
HasVarLatency: 1
IsPipeline: 0
IsRtlPipelined: 0
IsInstanceOverlapped: 0
IsDontTouch: 0
HasImplIP: 0
IsGatedGlobalClock: 0

+ Individual pipeline summary: 
  * Pipeline-0: initiation interval (II) = 2, depth = 4


============================================================
+ Verbose Summary: Schedule
============================================================
* Number of FSM states : 4
* Pipeline : 1
  Pipeline-0 : II = 2, D = 4, States = { 1 2 3 4 }
* Dataflow Pipeline: 0

* FSM state transitions: 
1 --> 2 
2 --> 3 
3 --> 4 
4 --> 

* FSM state operations: 

State 1 <SV = 0> <Delay = 3.36>
ST_1 : Operation 7 [1/1] (0.00ns)   --->   "%s_V_2 = alloca i32 1"   --->   Operation 7 'alloca' 's_V_2' <Predicate = true> <Delay = 0.00>
ST_1 : Operation 8 [1/1] (0.00ns)   --->   "%pos_2 = alloca i32 1"   --->   Operation 8 'alloca' 'pos_2' <Predicate = true> <Delay = 0.00>
ST_1 : Operation 9 [1/1] (0.00ns)   --->   "%lshr_ln1_read = read i2 @_ssdm_op_Read.ap_auto.i2, i2 %lshr_ln1"   --->   Operation 9 'read' 'lshr_ln1_read' <Predicate = true> <Delay = 0.00>
ST_1 : Operation 10 [1/1] (1.58ns)   --->   "%store_ln0 = store i5 0, i5 %pos_2"   --->   Operation 10 'store' 'store_ln0' <Predicate = true> <Delay = 1.58>
ST_1 : Operation 11 [1/1] (1.58ns)   --->   "%store_ln0 = store i24 0, i24 %s_V_2"   --->   Operation 11 'store' 'store_ln0' <Predicate = true> <Delay = 1.58>
ST_1 : Operation 12 [1/1] (0.00ns)   --->   "%br_ln0 = br void %for.body148.1"   --->   Operation 12 'br' 'br_ln0' <Predicate = true> <Delay = 0.00>
ST_1 : Operation 13 [1/1] (0.00ns)   --->   "%pos = load i5 %pos_2" [src/imgds_linear_dense_q16.cpp:139]   --->   Operation 13 'load' 'pos' <Predicate = true> <Delay = 0.00>
ST_1 : Operation 14 [1/1] (0.00ns)   --->   "%empty_60 = trunc i5 %pos" [src/imgds_linear_dense_q16.cpp:139]   --->   Operation 14 'trunc' 'empty_60' <Predicate = true> <Delay = 0.00>
ST_1 : Operation 15 [1/1] (0.00ns)   --->   "%tmp = bitselect i1 @_ssdm_op_BitSelect.i1.i5.i32, i5 %pos, i32 4" [src/imgds_linear_dense_q16.cpp:139]   --->   Operation 15 'bitselect' 'tmp' <Predicate = true> <Delay = 0.00>
ST_1 : Operation 16 [1/1] (0.00ns)   --->   "%br_ln139 = br i1 %tmp, void %for.body148.1.split, void %for.end156.1.exitStub" [src/imgds_linear_dense_q16.cpp:139]   --->   Operation 16 'br' 'br_ln139' <Predicate = true> <Delay = 0.00>
ST_1 : Operation 17 [1/1] (0.00ns)   --->   "%tmp_s = bitconcatenate i6 @_ssdm_op_BitConcatenate.i6.i4.i2, i4 %empty_60, i2 %lshr_ln1_read"   --->   Operation 17 'bitconcatenate' 'tmp_s' <Predicate = (!tmp)> <Delay = 0.00>
ST_1 : Operation 18 [1/1] (0.00ns)   --->   "%zext_ln837_4 = zext i6 %tmp_s"   --->   Operation 18 'zext' 'zext_ln837_4' <Predicate = (!tmp)> <Delay = 0.00>
ST_1 : Operation 19 [1/1] (0.00ns)   --->   "%K_V_1_addr = getelementptr i16 %K_V_1, i64 0, i64 %zext_ln837_4"   --->   Operation 19 'getelementptr' 'K_V_1_addr' <Predicate = (!tmp)> <Delay = 0.00>
ST_1 : Operation 20 [2/2] (3.25ns)   --->   "%K_V_1_load = load i6 %K_V_1_addr"   --->   Operation 20 'load' 'K_V_1_load' <Predicate = (!tmp)> <Delay = 3.25> <CoreInst = "RAM">   --->   Core 82 'RAM' <Latency = 1> <II = 1> <Delay = 3.25> <Storage> <Opcode : 'load' 'store'> <Ports = 2> <Width = 16> <Depth = 64> <RAM>
ST_1 : Operation 21 [1/1] (0.00ns)   --->   "%or_ln139_3 = or i4 %empty_60, i4 1" [src/imgds_linear_dense_q16.cpp:139]   --->   Operation 21 'or' 'or_ln139_3' <Predicate = (!tmp)> <Delay = 0.00>
ST_1 : Operation 22 [1/1] (0.00ns)   --->   "%tmp_514 = bitconcatenate i6 @_ssdm_op_BitConcatenate.i6.i4.i2, i4 %or_ln139_3, i2 %lshr_ln1_read"   --->   Operation 22 'bitconcatenate' 'tmp_514' <Predicate = (!tmp)> <Delay = 0.00>
ST_1 : Operation 23 [1/1] (0.00ns)   --->   "%zext_ln837_5 = zext i6 %tmp_514"   --->   Operation 23 'zext' 'zext_ln837_5' <Predicate = (!tmp)> <Delay = 0.00>
ST_1 : Operation 24 [1/1] (0.00ns)   --->   "%K_V_1_addr_1 = getelementptr i16 %K_V_1, i64 0, i64 %zext_ln837_5"   --->   Operation 24 'getelementptr' 'K_V_1_addr_1' <Predicate = (!tmp)> <Delay = 0.00>
ST_1 : Operation 25 [2/2] (3.25ns)   --->   "%K_V_1_load_1 = load i6 %K_V_1_addr_1"   --->   Operation 25 'load' 'K_V_1_load_1' <Predicate = (!tmp)> <Delay = 3.25> <CoreInst = "RAM">   --->   Core 82 'RAM' <Latency = 1> <II = 1> <Delay = 3.25> <Storage> <Opcode : 'load' 'store'> <Ports = 2> <Width = 16> <Depth = 64> <RAM>
ST_1 : Operation 26 [1/1] (1.78ns)   --->   "%add_ln139 = add i5 %pos, i5 4" [src/imgds_linear_dense_q16.cpp:139]   --->   Operation 26 'add' 'add_ln139' <Predicate = (!tmp)> <Delay = 1.78> <CoreInst = "Adder">   --->   Core 1 'Adder' <Latency = 0> <II = 1> <Delay = 1.78> <FuncUnit> <Opcode : 'add' 'sub'> <InPorts = 2> <OutPorts = 1>
ST_1 : Operation 27 [1/1] (1.58ns)   --->   "%store_ln139 = store i5 %add_ln139, i5 %pos_2" [src/imgds_linear_dense_q16.cpp:139]   --->   Operation 27 'store' 'store_ln139' <Predicate = (!tmp)> <Delay = 1.58>

State 2 <SV = 1> <Delay = 5.33>
ST_2 : Operation 28 [1/2] (3.25ns)   --->   "%K_V_1_load = load i6 %K_V_1_addr"   --->   Operation 28 'load' 'K_V_1_load' <Predicate = (!tmp)> <Delay = 3.25> <CoreInst = "RAM">   --->   Core 82 'RAM' <Latency = 1> <II = 1> <Delay = 3.25> <Storage> <Opcode : 'load' 'store'> <Ports = 2> <Width = 16> <Depth = 64> <RAM>
ST_2 : Operation 29 [1/2] (3.25ns)   --->   "%K_V_1_load_1 = load i6 %K_V_1_addr_1"   --->   Operation 29 'load' 'K_V_1_load_1' <Predicate = (!tmp)> <Delay = 3.25> <CoreInst = "RAM">   --->   Core 82 'RAM' <Latency = 1> <II = 1> <Delay = 3.25> <Storage> <Opcode : 'load' 'store'> <Ports = 2> <Width = 16> <Depth = 64> <RAM>
ST_2 : Operation 30 [1/1] (0.00ns)   --->   "%or_ln139_4 = or i4 %empty_60, i4 2" [src/imgds_linear_dense_q16.cpp:139]   --->   Operation 30 'or' 'or_ln139_4' <Predicate = (!tmp)> <Delay = 0.00>
ST_2 : Operation 31 [1/1] (0.00ns)   --->   "%tmp_515 = bitconcatenate i6 @_ssdm_op_BitConcatenate.i6.i4.i2, i4 %or_ln139_4, i2 %lshr_ln1_read"   --->   Operation 31 'bitconcatenate' 'tmp_515' <Predicate = (!tmp)> <Delay = 0.00>
ST_2 : Operation 32 [1/1] (0.00ns)   --->   "%zext_ln837_6 = zext i6 %tmp_515"   --->   Operation 32 'zext' 'zext_ln837_6' <Predicate = (!tmp)> <Delay = 0.00>
ST_2 : Operation 33 [1/1] (0.00ns)   --->   "%K_V_1_addr_2 = getelementptr i16 %K_V_1, i64 0, i64 %zext_ln837_6"   --->   Operation 33 'getelementptr' 'K_V_1_addr_2' <Predicate = (!tmp)> <Delay = 0.00>
ST_2 : Operation 34 [2/2] (3.25ns)   --->   "%K_V_1_load_2 = load i6 %K_V_1_addr_2"   --->   Operation 34 'load' 'K_V_1_load_2' <Predicate = (!tmp)> <Delay = 3.25> <CoreInst = "RAM">   --->   Core 82 'RAM' <Latency = 1> <II = 1> <Delay = 3.25> <Storage> <Opcode : 'load' 'store'> <Ports = 2> <Width = 16> <Depth = 64> <RAM>
ST_2 : Operation 35 [1/1] (0.00ns)   --->   "%or_ln139 = or i4 %empty_60, i4 3" [src/imgds_linear_dense_q16.cpp:139]   --->   Operation 35 'or' 'or_ln139' <Predicate = (!tmp)> <Delay = 0.00>
ST_2 : Operation 36 [1/1] (0.00ns)   --->   "%tmp_516 = bitconcatenate i6 @_ssdm_op_BitConcatenate.i6.i4.i2, i4 %or_ln139, i2 %lshr_ln1_read"   --->   Operation 36 'bitconcatenate' 'tmp_516' <Predicate = (!tmp)> <Delay = 0.00>
ST_2 : Operation 37 [1/1] (0.00ns)   --->   "%zext_ln837 = zext i6 %tmp_516"   --->   Operation 37 'zext' 'zext_ln837' <Predicate = (!tmp)> <Delay = 0.00>
ST_2 : Operation 38 [1/1] (0.00ns)   --->   "%K_V_1_addr_3 = getelementptr i16 %K_V_1, i64 0, i64 %zext_ln837"   --->   Operation 38 'getelementptr' 'K_V_1_addr_3' <Predicate = (!tmp)> <Delay = 0.00>
ST_2 : Operation 39 [2/2] (3.25ns)   --->   "%K_V_1_load_3 = load i6 %K_V_1_addr_3"   --->   Operation 39 'load' 'K_V_1_load_3' <Predicate = (!tmp)> <Delay = 3.25> <CoreInst = "RAM">   --->   Core 82 'RAM' <Latency = 1> <II = 1> <Delay = 3.25> <Storage> <Opcode : 'load' 'store'> <Ports = 2> <Width = 16> <Depth = 64> <RAM>
ST_2 : Operation 40 [1/1] (0.00ns)   --->   "%K_V_1_load_16_cast = sext i16 %K_V_1_load"   --->   Operation 40 'sext' 'K_V_1_load_16_cast' <Predicate = (!tmp)> <Delay = 0.00>
ST_2 : Operation 41 [1/1] (0.00ns)   --->   "%K_V_1_load_17_cast = sext i16 %K_V_1_load_1"   --->   Operation 41 'sext' 'K_V_1_load_17_cast' <Predicate = (!tmp)> <Delay = 0.00>
ST_2 : Operation 42 [1/1] (2.07ns)   --->   "%tmp624 = add i17 %K_V_1_load_17_cast, i17 %K_V_1_load_16_cast"   --->   Operation 42 'add' 'tmp624' <Predicate = (!tmp)> <Delay = 2.07> <CoreInst = "Adder">   --->   Core 1 'Adder' <Latency = 0> <II = 1> <Delay = 2.10> <FuncUnit> <Opcode : 'add' 'sub'> <InPorts = 2> <OutPorts = 1>

State 3 <SV = 2> <Delay = 5.33>
ST_3 : Operation 43 [1/1] (0.00ns)   --->   "%s_V = load i24 %s_V_2"   --->   Operation 43 'load' 's_V' <Predicate = true> <Delay = 0.00>
ST_3 : Operation 44 [1/1] (0.00ns)   --->   "%empty = trunc i24 %s_V"   --->   Operation 44 'trunc' 'empty' <Predicate = true> <Delay = 0.00>
ST_3 : Operation 45 [1/1] (0.00ns)   --->   "%specpipeline_ln0 = specpipeline void @_ssdm_op_SpecPipeline, i32 4294967295, i32 0, i32 1, i32 0, void @p_str"   --->   Operation 45 'specpipeline' 'specpipeline_ln0' <Predicate = true> <Delay = 0.00>
ST_3 : Operation 46 [1/1] (0.00ns)   --->   "%empty_61 = speclooptripcount i32 @_ssdm_op_SpecLoopTripCount, i64 4, i64 4, i64 4"   --->   Operation 46 'speclooptripcount' 'empty_61' <Predicate = true> <Delay = 0.00>
ST_3 : Operation 47 [1/2] (3.25ns)   --->   "%K_V_1_load_2 = load i6 %K_V_1_addr_2"   --->   Operation 47 'load' 'K_V_1_load_2' <Predicate = (!tmp)> <Delay = 3.25> <CoreInst = "RAM">   --->   Core 82 'RAM' <Latency = 1> <II = 1> <Delay = 3.25> <Storage> <Opcode : 'load' 'store'> <Ports = 2> <Width = 16> <Depth = 64> <RAM>
ST_3 : Operation 48 [1/2] (3.25ns)   --->   "%K_V_1_load_3 = load i6 %K_V_1_addr_3"   --->   Operation 48 'load' 'K_V_1_load_3' <Predicate = (!tmp)> <Delay = 3.25> <CoreInst = "RAM">   --->   Core 82 'RAM' <Latency = 1> <II = 1> <Delay = 3.25> <Storage> <Opcode : 'load' 'store'> <Ports = 2> <Width = 16> <Depth = 64> <RAM>
ST_3 : Operation 49 [1/1] (0.00ns)   --->   "%K_V_1_load_18_cast = sext i16 %K_V_1_load_2"   --->   Operation 49 'sext' 'K_V_1_load_18_cast' <Predicate = (!tmp)> <Delay = 0.00>
ST_3 : Operation 50 [1/1] (0.00ns)   --->   "%K_V_1_load_19_cast = sext i16 %K_V_1_load_3"   --->   Operation 50 'sext' 'K_V_1_load_19_cast' <Predicate = (!tmp)> <Delay = 0.00>
ST_3 : Operation 51 [1/1] (2.07ns)   --->   "%tmp625 = add i17 %K_V_1_load_18_cast, i17 %K_V_1_load_19_cast"   --->   Operation 51 'add' 'tmp625' <Predicate = (!tmp)> <Delay = 2.07> <CoreInst = "Adder">   --->   Core 1 'Adder' <Latency = 0> <II = 1> <Delay = 2.10> <FuncUnit> <Opcode : 'add' 'sub'> <InPorts = 2> <OutPorts = 1>
ST_3 : Operation 61 [1/1] (0.00ns)   --->   "%write_ln0 = write void @_ssdm_op_Write.ap_auto.i20P0A, i20 %s_V_2_out, i20 %empty"   --->   Operation 61 'write' 'write_ln0' <Predicate = (tmp)> <Delay = 0.00>
ST_3 : Operation 62 [1/1] (0.00ns)   --->   "%ret_ln0 = ret"   --->   Operation 62 'ret' 'ret_ln0' <Predicate = (tmp)> <Delay = 0.00>

State 4 <SV = 3> <Delay = 6.00>
ST_4 : Operation 52 [1/1] (0.00ns)   --->   "%specloopname_ln138 = specloopname void @_ssdm_op_SpecLoopName, void @empty_10" [src/imgds_linear_dense_q16.cpp:138]   --->   Operation 52 'specloopname' 'specloopname_ln138' <Predicate = (!tmp)> <Delay = 0.00>
ST_4 : Operation 53 [1/1] (0.00ns)   --->   "%tmp624_cast = sext i17 %tmp624"   --->   Operation 53 'sext' 'tmp624_cast' <Predicate = (!tmp)> <Delay = 0.00>
ST_4 : Operation 54 [1/1] (0.00ns)   --->   "%tmp625_cast = sext i17 %tmp625"   --->   Operation 54 'sext' 'tmp625_cast' <Predicate = (!tmp)> <Delay = 0.00>
ST_4 : Operation 55 [1/1] (2.10ns)   --->   "%tmp1720124 = add i18 %tmp625_cast, i18 %tmp624_cast"   --->   Operation 55 'add' 'tmp1720124' <Predicate = (!tmp)> <Delay = 2.10> <CoreInst = "Adder">   --->   Core 1 'Adder' <Latency = 0> <II = 1> <Delay = 2.13> <FuncUnit> <Opcode : 'add' 'sub'> <InPorts = 2> <OutPorts = 1>
ST_4 : Operation 56 [1/1] (0.00ns)   --->   "%tmp_517 = bitconcatenate i22 @_ssdm_op_BitConcatenate.i22.i18.i4, i18 %tmp1720124, i4 0"   --->   Operation 56 'bitconcatenate' 'tmp_517' <Predicate = (!tmp)> <Delay = 0.00>
ST_4 : Operation 57 [1/1] (0.00ns)   --->   "%tmp1721 = sext i22 %tmp_517"   --->   Operation 57 'sext' 'tmp1721' <Predicate = (!tmp)> <Delay = 0.00>
ST_4 : Operation 58 [1/1] (2.31ns)   --->   "%s_V_5 = add i24 %tmp1721, i24 %s_V"   --->   Operation 58 'add' 's_V_5' <Predicate = (!tmp)> <Delay = 2.31> <CoreInst = "Adder">   --->   Core 1 'Adder' <Latency = 0> <II = 1> <Delay = 2.31> <FuncUnit> <Opcode : 'add' 'sub'> <InPorts = 2> <OutPorts = 1>
ST_4 : Operation 59 [1/1] (1.58ns)   --->   "%store_ln139 = store i24 %s_V_5, i24 %s_V_2" [src/imgds_linear_dense_q16.cpp:139]   --->   Operation 59 'store' 'store_ln139' <Predicate = (!tmp)> <Delay = 1.58>
ST_4 : Operation 60 [1/1] (0.00ns)   --->   "%br_ln139 = br void %for.body148.1" [src/imgds_linear_dense_q16.cpp:139]   --->   Operation 60 'br' 'br_ln139' <Predicate = (!tmp)> <Delay = 0.00>


============================================================
+ Verbose Summary: Binding
============================================================
STG Binding: 
---------------- STG Properties BEGIN ----------------
- Is combinational: 0
- Is one-state seq: 0
- Is datapath-only: 0
- Is pipelined: 0
- Is top level: 0
Port [ Return ] is wired: 1; IO mode=ap_ctrl_hs:ce=0
Port [ lshr_ln1]:  wired=1; compound=0; hidden=0; nouse=0; global=0; static=0; extern=0; dir=0; type=0; pingpong=0; private_global=0; IO mode=ap_none:ce=0
Port [ K_V_1]:  wired=1; compound=1; hidden=0; nouse=0; global=0; static=0; extern=0; dir=0; type=1; pingpong=0; private_global=0; MemPort=[11]; IO mode=ap_memory:ce=0
Port [ s_V_2_out]:  wired=1; compound=0; hidden=0; nouse=0; global=0; static=0; extern=0; dir=1; type=0; pingpong=0; private_global=0; IO mode=ap_vld:ce=0
---------------- STG Properties END ------------------

---------------- Datapath Model BEGIN ----------------

<LifeTime>
<method=bitvector/>
s_V_2              (alloca           ) [ 01111]
pos_2              (alloca           ) [ 01000]
lshr_ln1_read      (read             ) [ 00100]
store_ln0          (store            ) [ 00000]
store_ln0          (store            ) [ 00000]
br_ln0             (br               ) [ 00000]
pos                (load             ) [ 00000]
empty_60           (trunc            ) [ 00100]
tmp                (bitselect        ) [ 01111]
br_ln139           (br               ) [ 00000]
tmp_s              (bitconcatenate   ) [ 00000]
zext_ln837_4       (zext             ) [ 00000]
K_V_1_addr         (getelementptr    ) [ 00100]
or_ln139_3         (or               ) [ 00000]
tmp_514            (bitconcatenate   ) [ 00000]
zext_ln837_5       (zext             ) [ 00000]
K_V_1_addr_1       (getelementptr    ) [ 00100]
add_ln139          (add              ) [ 00000]
store_ln139        (store            ) [ 00000]
K_V_1_load         (load             ) [ 00000]
K_V_1_load_1       (load             ) [ 00000]
or_ln139_4         (or               ) [ 00000]
tmp_515            (bitconcatenate   ) [ 00000]
zext_ln837_6       (zext             ) [ 00000]
K_V_1_addr_2       (getelementptr    ) [ 01010]
or_ln139           (or               ) [ 00000]
tmp_516            (bitconcatenate   ) [ 00000]
zext_ln837         (zext             ) [ 00000]
K_V_1_addr_3       (getelementptr    ) [ 01010]
K_V_1_load_16_cast (sext             ) [ 00000]
K_V_1_load_17_cast (sext             ) [ 00000]
tmp624             (add              ) [ 01111]
s_V                (load             ) [ 00101]
empty              (trunc            ) [ 00000]
specpipeline_ln0   (specpipeline     ) [ 00000]
empty_61           (speclooptripcount) [ 00000]
K_V_1_load_2       (load             ) [ 00000]
K_V_1_load_3       (load             ) [ 00000]
K_V_1_load_18_cast (sext             ) [ 00000]
K_V_1_load_19_cast (sext             ) [ 00000]
tmp625             (add              ) [ 00101]
specloopname_ln138 (specloopname     ) [ 00000]
tmp624_cast        (sext             ) [ 00000]
tmp625_cast        (sext             ) [ 00000]
tmp1720124         (add              ) [ 00000]
tmp_517            (bitconcatenate   ) [ 00000]
tmp1721            (sext             ) [ 00000]
s_V_5              (add              ) [ 00000]
store_ln139        (store            ) [ 00000]
br_ln139           (br               ) [ 00000]
write_ln0          (write            ) [ 00000]
ret_ln0            (ret              ) [ 00000]
</LifeTime>

<model>

<comp_list>
<comp id="0" class="1000" name="lshr_ln1">
<pin_list>
<pin id="1" dir="1" index="0" bw="1" slack="0"/>
</pin_list>
<bind>
<StgValue><ssdm name="lshr_ln1"/></StgValue>
</bind>
</comp>

<comp id="2" class="1000" name="K_V_1">
<pin_list>
<pin id="3" dir="1" index="0" bw="1" slack="0"/>
</pin_list>
<bind>
<StgValue><ssdm name="K_V_1"/><MemPortTyVec>1 1 </MemPortTyVec>
</StgValue>
</bind>
</comp>

<comp id="4" class="1000" name="s_V_2_out">
<pin_list>
<pin id="5" dir="1" index="0" bw="1" slack="0"/>
</pin_list>
<bind>
<StgValue><ssdm name="s_V_2_out"/></StgValue>
</bind>
</comp>

<comp id="6" class="1001" name="const_6">
<pin_list>
<pin id="7" dir="1" index="0" bw="1" slack="0"/>
</pin_list>
<bind>
<StgValue><ssdm name=""/></StgValue>
</bind>
</comp>

<comp id="8" class="1001" name="const_8">
<pin_list>
<pin id="9" dir="1" index="0" bw="1" slack="0"/>
</pin_list>
<bind>
<StgValue><ssdm name="_ssdm_op_Read.ap_auto.i2"/></StgValue>
</bind>
</comp>

<comp id="10" class="1001" name="const_10">
<pin_list>
<pin id="11" dir="1" index="0" bw="1" slack="0"/>
</pin_list>
<bind>
<StgValue><ssdm name=""/></StgValue>
</bind>
</comp>

<comp id="12" class="1001" name="const_12">
<pin_list>
<pin id="13" dir="1" index="0" bw="1" slack="0"/>
</pin_list>
<bind>
<StgValue><ssdm name=""/></StgValue>
</bind>
</comp>

<comp id="14" class="1001" name="const_14">
<pin_list>
<pin id="15" dir="1" index="0" bw="1" slack="0"/>
</pin_list>
<bind>
<StgValue><ssdm name="_ssdm_op_BitSelect.i1.i5.i32"/></StgValue>
</bind>
</comp>

<comp id="16" class="1001" name="const_16">
<pin_list>
<pin id="17" dir="1" index="0" bw="1" slack="0"/>
</pin_list>
<bind>
<StgValue><ssdm name=""/></StgValue>
</bind>
</comp>

<comp id="18" class="1001" name="const_18">
<pin_list>
<pin id="19" dir="1" index="0" bw="1" slack="0"/>
</pin_list>
<bind>
<StgValue><ssdm name="_ssdm_op_BitConcatenate.i6.i4.i2"/></StgValue>
</bind>
</comp>

<comp id="20" class="1001" name="const_20">
<pin_list>
<pin id="21" dir="1" index="0" bw="1" slack="0"/>
</pin_list>
<bind>
<StgValue><ssdm name=""/></StgValue>
</bind>
</comp>

<comp id="22" class="1001" name="const_22">
<pin_list>
<pin id="23" dir="1" index="0" bw="1" slack="0"/>
</pin_list>
<bind>
<StgValue><ssdm name=""/></StgValue>
</bind>
</comp>

<comp id="24" class="1001" name="const_24">
<pin_list>
<pin id="25" dir="1" index="0" bw="1" slack="0"/>
</pin_list>
<bind>
<StgValue><ssdm name=""/></StgValue>
</bind>
</comp>

<comp id="26" class="1001" name="const_26">
<pin_list>
<pin id="27" dir="1" index="0" bw="1" slack="0"/>
</pin_list>
<bind>
<StgValue><ssdm name=""/></StgValue>
</bind>
</comp>

<comp id="28" class="1001" name="const_28">
<pin_list>
<pin id="29" dir="1" index="0" bw="1" slack="0"/>
</pin_list>
<bind>
<StgValue><ssdm name=""/></StgValue>
</bind>
</comp>

<comp id="30" class="1001" name="const_30">
<pin_list>
<pin id="31" dir="1" index="0" bw="1" slack="2147483647"/>
</pin_list>
<bind>
<StgValue><ssdm name="_ssdm_op_SpecPipeline"/></StgValue>
</bind>
</comp>

<comp id="32" class="1001" name="const_32">
<pin_list>
<pin id="33" dir="1" index="0" bw="1" slack="2147483647"/>
</pin_list>
<bind>
<StgValue><ssdm name=""/></StgValue>
</bind>
</comp>

<comp id="34" class="1001" name="const_34">
<pin_list>
<pin id="35" dir="1" index="0" bw="1" slack="2147483647"/>
</pin_list>
<bind>
<StgValue><ssdm name=""/></StgValue>
</bind>
</comp>

<comp id="36" class="1001" name="const_36">
<pin_list>
<pin id="37" dir="1" index="0" bw="1" slack="2147483647"/>
</pin_list>
<bind>
<StgValue><ssdm name="p_str"/></StgValue>
</bind>
</comp>

<comp id="38" class="1001" name="const_38">
<pin_list>
<pin id="39" dir="1" index="0" bw="1" slack="2147483647"/>
</pin_list>
<bind>
<StgValue><ssdm name="_ssdm_op_SpecLoopTripCount"/></StgValue>
</bind>
</comp>

<comp id="40" class="1001" name="const_40">
<pin_list>
<pin id="41" dir="1" index="0" bw="1" slack="2147483647"/>
</pin_list>
<bind>
<StgValue><ssdm name=""/></StgValue>
</bind>
</comp>

<comp id="42" class="1001" name="const_42">
<pin_list>
<pin id="43" dir="1" index="0" bw="1" slack="2147483647"/>
</pin_list>
<bind>
<StgValue><ssdm name="_ssdm_op_SpecLoopName"/></StgValue>
</bind>
</comp>

<comp id="44" class="1001" name="const_44">
<pin_list>
<pin id="45" dir="1" index="0" bw="1" slack="2147483647"/>
</pin_list>
<bind>
<StgValue><ssdm name="empty_10"/></StgValue>
</bind>
</comp>

<comp id="46" class="1001" name="const_46">
<pin_list>
<pin id="47" dir="1" index="0" bw="1" slack="0"/>
</pin_list>
<bind>
<StgValue><ssdm name="_ssdm_op_BitConcatenate.i22.i18.i4"/></StgValue>
</bind>
</comp>

<comp id="48" class="1001" name="const_48">
<pin_list>
<pin id="49" dir="1" index="0" bw="1" slack="0"/>
</pin_list>
<bind>
<StgValue><ssdm name=""/></StgValue>
</bind>
</comp>

<comp id="50" class="1001" name="const_50">
<pin_list>
<pin id="51" dir="1" index="0" bw="1" slack="0"/>
</pin_list>
<bind>
<StgValue><ssdm name="_ssdm_op_Write.ap_auto.i20P0A"/></StgValue>
</bind>
</comp>

<comp id="52" class="1004" name="s_V_2_fu_52">
<pin_list>
<pin id="53" dir="0" index="0" bw="1" slack="0"/>
<pin id="54" dir="1" index="1" bw="24" slack="0"/>
</pin_list>
<bind>
<opcode="alloca(26) " fcode="alloca"/>
<opset="s_V_2/1 "/>
</bind>
</comp>

<comp id="56" class="1004" name="pos_2_fu_56">
<pin_list>
<pin id="57" dir="0" index="0" bw="1" slack="0"/>
<pin id="58" dir="1" index="1" bw="5" slack="0"/>
</pin_list>
<bind>
<opcode="alloca(26) " fcode="alloca"/>
<opset="pos_2/1 "/>
</bind>
</comp>

<comp id="60" class="1004" name="lshr_ln1_read_read_fu_60">
<pin_list>
<pin id="61" dir="0" index="0" bw="2" slack="0"/>
<pin id="62" dir="0" index="1" bw="2" slack="0"/>
<pin id="63" dir="1" index="2" bw="2" slack="0"/>
</pin_list>
<bind>
<opcode="read(1150) " fcode="read"/>
<opset="lshr_ln1_read/1 "/>
</bind>
</comp>

<comp id="66" class="1004" name="write_ln0_write_fu_66">
<pin_list>
<pin id="67" dir="0" index="0" bw="0" slack="0"/>
<pin id="68" dir="0" index="1" bw="20" slack="0"/>
<pin id="69" dir="0" index="2" bw="20" slack="0"/>
<pin id="70" dir="1" index="3" bw="0" slack="2147483647"/>
</pin_list>
<bind>
<opcode="write(1151) " fcode="write"/>
<opset="write_ln0/3 "/>
</bind>
</comp>

<comp id="73" class="1004" name="K_V_1_addr_gep_fu_73">
<pin_list>
<pin id="74" dir="0" index="0" bw="16" slack="0"/>
<pin id="75" dir="0" index="1" bw="1" slack="0"/>
<pin id="76" dir="0" index="2" bw="6" slack="0"/>
<pin id="77" dir="1" index="3" bw="6" slack="0"/>
</pin_list>
<bind>
<opcode="getelementptr(29) " fcode="getelementptr"/>
<opset="K_V_1_addr/1 "/>
</bind>
</comp>

<comp id="80" class="1004" name="grp_access_fu_80">
<pin_list>
<pin id="81" dir="0" index="0" bw="6" slack="0"/>
<pin id="82" dir="0" index="1" bw="16" slack="2147483647"/>
<pin id="83" dir="0" index="2" bw="0" slack="0"/>
<pin id="85" dir="0" index="4" bw="6" slack="2147483647"/>
<pin id="86" dir="0" index="5" bw="16" slack="2147483647"/>
<pin id="87" dir="0" index="6" bw="0" slack="2147483647"/>
<pin id="84" dir="1" index="3" bw="16" slack="0"/>
<pin id="88" dir="1" index="7" bw="16" slack="0"/>
</pin_list>
<bind>
<opcode="load(27) " fcode="load"/>
<opset="K_V_1_load/1 K_V_1_load_1/1 K_V_1_load_2/2 K_V_1_load_3/2 "/>
</bind>
</comp>

<comp id="90" class="1004" name="K_V_1_addr_1_gep_fu_90">
<pin_list>
<pin id="91" dir="0" index="0" bw="16" slack="0"/>
<pin id="92" dir="0" index="1" bw="1" slack="0"/>
<pin id="93" dir="0" index="2" bw="6" slack="0"/>
<pin id="94" dir="1" index="3" bw="6" slack="0"/>
</pin_list>
<bind>
<opcode="getelementptr(29) " fcode="getelementptr"/>
<opset="K_V_1_addr_1/1 "/>
</bind>
</comp>

<comp id="98" class="1004" name="K_V_1_addr_2_gep_fu_98">
<pin_list>
<pin id="99" dir="0" index="0" bw="16" slack="0"/>
<pin id="100" dir="0" index="1" bw="1" slack="0"/>
<pin id="101" dir="0" index="2" bw="6" slack="0"/>
<pin id="102" dir="1" index="3" bw="6" slack="0"/>
</pin_list>
<bind>
<opcode="getelementptr(29) " fcode="getelementptr"/>
<opset="K_V_1_addr_2/2 "/>
</bind>
</comp>

<comp id="106" class="1004" name="K_V_1_addr_3_gep_fu_106">
<pin_list>
<pin id="107" dir="0" index="0" bw="16" slack="0"/>
<pin id="108" dir="0" index="1" bw="1" slack="0"/>
<pin id="109" dir="0" index="2" bw="6" slack="0"/>
<pin id="110" dir="1" index="3" bw="6" slack="0"/>
</pin_list>
<bind>
<opcode="getelementptr(29) " fcode="getelementptr"/>
<opset="K_V_1_addr_3/2 "/>
</bind>
</comp>

<comp id="114" class="1004" name="store_ln0_store_fu_114">
<pin_list>
<pin id="115" dir="0" index="0" bw="1" slack="0"/>
<pin id="116" dir="0" index="1" bw="5" slack="0"/>
<pin id="117" dir="1" index="2" bw="0" slack="2147483647"/>
</pin_list>
<bind>
<opcode="store(28) " fcode="store"/>
<opset="store_ln0/1 "/>
</bind>
</comp>

<comp id="119" class="1004" name="store_ln0_store_fu_119">
<pin_list>
<pin id="120" dir="0" index="0" bw="1" slack="0"/>
<pin id="121" dir="0" index="1" bw="24" slack="0"/>
<pin id="122" dir="1" index="2" bw="0" slack="2147483647"/>
</pin_list>
<bind>
<opcode="store(28) " fcode="store"/>
<opset="store_ln0/1 "/>
</bind>
</comp>

<comp id="124" class="1004" name="pos_load_fu_124">
<pin_list>
<pin id="125" dir="0" index="0" bw="5" slack="0"/>
<pin id="126" dir="1" index="1" bw="5" slack="0"/>
</pin_list>
<bind>
<opcode="load(27) " fcode="load"/>
<opset="pos/1 "/>
</bind>
</comp>

<comp id="127" class="1004" name="empty_60_fu_127">
<pin_list>
<pin id="128" dir="0" index="0" bw="5" slack="0"/>
<pin id="129" dir="1" index="1" bw="4" slack="0"/>
</pin_list>
<bind>
<opcode="trunc(33) " fcode="trunc"/>
<opset="empty_60/1 "/>
</bind>
</comp>

<comp id="131" class="1004" name="tmp_fu_131">
<pin_list>
<pin id="132" dir="0" index="0" bw="1" slack="0"/>
<pin id="133" dir="0" index="1" bw="5" slack="0"/>
<pin id="134" dir="0" index="2" bw="4" slack="0"/>
<pin id="135" dir="1" index="3" bw="1" slack="1"/>
</pin_list>
<bind>
<opcode="bitselect(1000) " fcode="bitselect"/>
<opset="tmp/1 "/>
</bind>
</comp>

<comp id="139" class="1004" name="tmp_s_fu_139">
<pin_list>
<pin id="140" dir="0" index="0" bw="6" slack="0"/>
<pin id="141" dir="0" index="1" bw="4" slack="0"/>
<pin id="142" dir="0" index="2" bw="2" slack="0"/>
<pin id="143" dir="1" index="3" bw="6" slack="0"/>
</pin_list>
<bind>
<opcode="bitconcatenate(1004) " fcode="bitconcatenate"/>
<opset="tmp_s/1 "/>
</bind>
</comp>

<comp id="147" class="1004" name="zext_ln837_4_fu_147">
<pin_list>
<pin id="148" dir="0" index="0" bw="6" slack="0"/>
<pin id="149" dir="1" index="1" bw="64" slack="0"/>
</pin_list>
<bind>
<opcode="zext(34) " fcode="zext"/>
<opset="zext_ln837_4/1 "/>
</bind>
</comp>

<comp id="152" class="1004" name="or_ln139_3_fu_152">
<pin_list>
<pin id="153" dir="0" index="0" bw="4" slack="0"/>
<pin id="154" dir="0" index="1" bw="4" slack="0"/>
<pin id="155" dir="1" index="2" bw="4" slack="0"/>
</pin_list>
<bind>
<opcode="or(24) " fcode="or"/>
<opset="or_ln139_3/1 "/>
</bind>
</comp>

<comp id="158" class="1004" name="tmp_514_fu_158">
<pin_list>
<pin id="159" dir="0" index="0" bw="6" slack="0"/>
<pin id="160" dir="0" index="1" bw="4" slack="0"/>
<pin id="161" dir="0" index="2" bw="2" slack="0"/>
<pin id="162" dir="1" index="3" bw="6" slack="0"/>
</pin_list>
<bind>
<opcode="bitconcatenate(1004) " fcode="bitconcatenate"/>
<opset="tmp_514/1 "/>
</bind>
</comp>

<comp id="166" class="1004" name="zext_ln837_5_fu_166">
<pin_list>
<pin id="167" dir="0" index="0" bw="6" slack="0"/>
<pin id="168" dir="1" index="1" bw="64" slack="0"/>
</pin_list>
<bind>
<opcode="zext(34) " fcode="zext"/>
<opset="zext_ln837_5/1 "/>
</bind>
</comp>

<comp id="171" class="1004" name="add_ln139_fu_171">
<pin_list>
<pin id="172" dir="0" index="0" bw="5" slack="0"/>
<pin id="173" dir="0" index="1" bw="4" slack="0"/>
<pin id="174" dir="1" index="2" bw="5" slack="0"/>
</pin_list>
<bind>
<opcode="add(8) " fcode="add"/>
<opset="add_ln139/1 "/>
</bind>
</comp>

<comp id="177" class="1004" name="store_ln139_store_fu_177">
<pin_list>
<pin id="178" dir="0" index="0" bw="5" slack="0"/>
<pin id="179" dir="0" index="1" bw="5" slack="0"/>
<pin id="180" dir="1" index="2" bw="0" slack="2147483647"/>
</pin_list>
<bind>
<opcode="store(28) " fcode="store"/>
<opset="store_ln139/1 "/>
</bind>
</comp>

<comp id="182" class="1004" name="or_ln139_4_fu_182">
<pin_list>
<pin id="183" dir="0" index="0" bw="4" slack="1"/>
<pin id="184" dir="0" index="1" bw="4" slack="0"/>
<pin id="185" dir="1" index="2" bw="4" slack="0"/>
</pin_list>
<bind>
<opcode="or(24) " fcode="or"/>
<opset="or_ln139_4/2 "/>
</bind>
</comp>

<comp id="187" class="1004" name="tmp_515_fu_187">
<pin_list>
<pin id="188" dir="0" index="0" bw="6" slack="0"/>
<pin id="189" dir="0" index="1" bw="4" slack="0"/>
<pin id="190" dir="0" index="2" bw="2" slack="1"/>
<pin id="191" dir="1" index="3" bw="6" slack="0"/>
</pin_list>
<bind>
<opcode="bitconcatenate(1004) " fcode="bitconcatenate"/>
<opset="tmp_515/2 "/>
</bind>
</comp>

<comp id="194" class="1004" name="zext_ln837_6_fu_194">
<pin_list>
<pin id="195" dir="0" index="0" bw="6" slack="0"/>
<pin id="196" dir="1" index="1" bw="64" slack="0"/>
</pin_list>
<bind>
<opcode="zext(34) " fcode="zext"/>
<opset="zext_ln837_6/2 "/>
</bind>
</comp>

<comp id="199" class="1004" name="or_ln139_fu_199">
<pin_list>
<pin id="200" dir="0" index="0" bw="4" slack="1"/>
<pin id="201" dir="0" index="1" bw="4" slack="0"/>
<pin id="202" dir="1" index="2" bw="4" slack="0"/>
</pin_list>
<bind>
<opcode="or(24) " fcode="or"/>
<opset="or_ln139/2 "/>
</bind>
</comp>

<comp id="204" class="1004" name="tmp_516_fu_204">
<pin_list>
<pin id="205" dir="0" index="0" bw="6" slack="0"/>
<pin id="206" dir="0" index="1" bw="4" slack="0"/>
<pin id="207" dir="0" index="2" bw="2" slack="1"/>
<pin id="208" dir="1" index="3" bw="6" slack="0"/>
</pin_list>
<bind>
<opcode="bitconcatenate(1004) " fcode="bitconcatenate"/>
<opset="tmp_516/2 "/>
</bind>
</comp>

<comp id="211" class="1004" name="zext_ln837_fu_211">
<pin_list>
<pin id="212" dir="0" index="0" bw="6" slack="0"/>
<pin id="213" dir="1" index="1" bw="64" slack="0"/>
</pin_list>
<bind>
<opcode="zext(34) " fcode="zext"/>
<opset="zext_ln837/2 "/>
</bind>
</comp>

<comp id="216" class="1004" name="K_V_1_load_16_cast_fu_216">
<pin_list>
<pin id="217" dir="0" index="0" bw="16" slack="0"/>
<pin id="218" dir="1" index="1" bw="17" slack="0"/>
</pin_list>
<bind>
<opcode="sext(35) " fcode="sext"/>
<opset="K_V_1_load_16_cast/2 "/>
</bind>
</comp>

<comp id="220" class="1004" name="K_V_1_load_17_cast_fu_220">
<pin_list>
<pin id="221" dir="0" index="0" bw="16" slack="0"/>
<pin id="222" dir="1" index="1" bw="17" slack="0"/>
</pin_list>
<bind>
<opcode="sext(35) " fcode="sext"/>
<opset="K_V_1_load_17_cast/2 "/>
</bind>
</comp>

<comp id="224" class="1004" name="tmp624_fu_224">
<pin_list>
<pin id="225" dir="0" index="0" bw="16" slack="0"/>
<pin id="226" dir="0" index="1" bw="16" slack="0"/>
<pin id="227" dir="1" index="2" bw="17" slack="2"/>
</pin_list>
<bind>
<opcode="add(8) " fcode="add"/>
<opset="tmp624/2 "/>
</bind>
</comp>

<comp id="230" class="1004" name="s_V_load_fu_230">
<pin_list>
<pin id="231" dir="0" index="0" bw="24" slack="2"/>
<pin id="232" dir="1" index="1" bw="24" slack="0"/>
</pin_list>
<bind>
<opcode="load(27) " fcode="load"/>
<opset="s_V/3 "/>
</bind>
</comp>

<comp id="233" class="1004" name="empty_fu_233">
<pin_list>
<pin id="234" dir="0" index="0" bw="24" slack="0"/>
<pin id="235" dir="1" index="1" bw="20" slack="0"/>
</pin_list>
<bind>
<opcode="trunc(33) " fcode="trunc"/>
<opset="empty/3 "/>
</bind>
</comp>

<comp id="238" class="1004" name="K_V_1_load_18_cast_fu_238">
<pin_list>
<pin id="239" dir="0" index="0" bw="16" slack="0"/>
<pin id="240" dir="1" index="1" bw="17" slack="0"/>
</pin_list>
<bind>
<opcode="sext(35) " fcode="sext"/>
<opset="K_V_1_load_18_cast/3 "/>
</bind>
</comp>

<comp id="242" class="1004" name="K_V_1_load_19_cast_fu_242">
<pin_list>
<pin id="243" dir="0" index="0" bw="16" slack="0"/>
<pin id="244" dir="1" index="1" bw="17" slack="0"/>
</pin_list>
<bind>
<opcode="sext(35) " fcode="sext"/>
<opset="K_V_1_load_19_cast/3 "/>
</bind>
</comp>

<comp id="246" class="1004" name="tmp625_fu_246">
<pin_list>
<pin id="247" dir="0" index="0" bw="16" slack="0"/>
<pin id="248" dir="0" index="1" bw="16" slack="0"/>
<pin id="249" dir="1" index="2" bw="17" slack="1"/>
</pin_list>
<bind>
<opcode="add(8) " fcode="add"/>
<opset="tmp625/3 "/>
</bind>
</comp>

<comp id="252" class="1004" name="tmp624_cast_fu_252">
<pin_list>
<pin id="253" dir="0" index="0" bw="17" slack="2"/>
<pin id="254" dir="1" index="1" bw="18" slack="0"/>
</pin_list>
<bind>
<opcode="sext(35) " fcode="sext"/>
<opset="tmp624_cast/4 "/>
</bind>
</comp>

<comp id="255" class="1004" name="tmp625_cast_fu_255">
<pin_list>
<pin id="256" dir="0" index="0" bw="17" slack="1"/>
<pin id="257" dir="1" index="1" bw="18" slack="0"/>
</pin_list>
<bind>
<opcode="sext(35) " fcode="sext"/>
<opset="tmp625_cast/4 "/>
</bind>
</comp>

<comp id="258" class="1004" name="tmp1720124_fu_258">
<pin_list>
<pin id="259" dir="0" index="0" bw="17" slack="0"/>
<pin id="260" dir="0" index="1" bw="17" slack="0"/>
<pin id="261" dir="1" index="2" bw="18" slack="0"/>
</pin_list>
<bind>
<opcode="add(8) " fcode="add"/>
<opset="tmp1720124/4 "/>
</bind>
</comp>

<comp id="264" class="1004" name="tmp_517_fu_264">
<pin_list>
<pin id="265" dir="0" index="0" bw="22" slack="0"/>
<pin id="266" dir="0" index="1" bw="18" slack="0"/>
<pin id="267" dir="0" index="2" bw="1" slack="0"/>
<pin id="268" dir="1" index="3" bw="22" slack="0"/>
</pin_list>
<bind>
<opcode="bitconcatenate(1004) " fcode="bitconcatenate"/>
<opset="tmp_517/4 "/>
</bind>
</comp>

<comp id="272" class="1004" name="tmp1721_fu_272">
<pin_list>
<pin id="273" dir="0" index="0" bw="22" slack="0"/>
<pin id="274" dir="1" index="1" bw="24" slack="0"/>
</pin_list>
<bind>
<opcode="sext(35) " fcode="sext"/>
<opset="tmp1721/4 "/>
</bind>
</comp>

<comp id="276" class="1004" name="s_V_5_fu_276">
<pin_list>
<pin id="277" dir="0" index="0" bw="22" slack="0"/>
<pin id="278" dir="0" index="1" bw="24" slack="1"/>
<pin id="279" dir="1" index="2" bw="24" slack="0"/>
</pin_list>
<bind>
<opcode="add(8) " fcode="add"/>
<opset="s_V_5/4 "/>
</bind>
</comp>

<comp id="281" class="1004" name="store_ln139_store_fu_281">
<pin_list>
<pin id="282" dir="0" index="0" bw="24" slack="0"/>
<pin id="283" dir="0" index="1" bw="24" slack="3"/>
<pin id="284" dir="1" index="2" bw="0" slack="2147483647"/>
</pin_list>
<bind>
<opcode="store(28) " fcode="store"/>
<opset="store_ln139/4 "/>
</bind>
</comp>

<comp id="286" class="1005" name="s_V_2_reg_286">
<pin_list>
<pin id="287" dir="0" index="0" bw="24" slack="0"/>
<pin id="288" dir="1" index="1" bw="24" slack="0"/>
</pin_list>
<bind>
<opset="s_V_2 "/>
</bind>
</comp>

<comp id="293" class="1005" name="pos_2_reg_293">
<pin_list>
<pin id="294" dir="0" index="0" bw="5" slack="0"/>
<pin id="295" dir="1" index="1" bw="5" slack="0"/>
</pin_list>
<bind>
<opset="pos_2 "/>
</bind>
</comp>

<comp id="300" class="1005" name="lshr_ln1_read_reg_300">
<pin_list>
<pin id="301" dir="0" index="0" bw="2" slack="1"/>
<pin id="302" dir="1" index="1" bw="2" slack="1"/>
</pin_list>
<bind>
<opset="lshr_ln1_read "/>
</bind>
</comp>

<comp id="306" class="1005" name="empty_60_reg_306">
<pin_list>
<pin id="307" dir="0" index="0" bw="4" slack="1"/>
<pin id="308" dir="1" index="1" bw="4" slack="1"/>
</pin_list>
<bind>
<opset="empty_60 "/>
</bind>
</comp>

<comp id="312" class="1005" name="tmp_reg_312">
<pin_list>
<pin id="313" dir="0" index="0" bw="1" slack="1"/>
<pin id="314" dir="1" index="1" bw="1" slack="2147483647"/>
</pin_list>
<bind>
<opset="tmp "/>
</bind>
</comp>

<comp id="316" class="1005" name="K_V_1_addr_reg_316">
<pin_list>
<pin id="317" dir="0" index="0" bw="6" slack="1"/>
<pin id="318" dir="1" index="1" bw="6" slack="1"/>
</pin_list>
<bind>
<opset="K_V_1_addr "/>
</bind>
</comp>

<comp id="321" class="1005" name="K_V_1_addr_1_reg_321">
<pin_list>
<pin id="322" dir="0" index="0" bw="6" slack="1"/>
<pin id="323" dir="1" index="1" bw="6" slack="1"/>
</pin_list>
<bind>
<opset="K_V_1_addr_1 "/>
</bind>
</comp>

<comp id="326" class="1005" name="K_V_1_addr_2_reg_326">
<pin_list>
<pin id="327" dir="0" index="0" bw="6" slack="1"/>
<pin id="328" dir="1" index="1" bw="6" slack="1"/>
</pin_list>
<bind>
<opset="K_V_1_addr_2 "/>
</bind>
</comp>

<comp id="331" class="1005" name="K_V_1_addr_3_reg_331">
<pin_list>
<pin id="332" dir="0" index="0" bw="6" slack="1"/>
<pin id="333" dir="1" index="1" bw="6" slack="1"/>
</pin_list>
<bind>
<opset="K_V_1_addr_3 "/>
</bind>
</comp>

<comp id="336" class="1005" name="tmp624_reg_336">
<pin_list>
<pin id="337" dir="0" index="0" bw="17" slack="2"/>
<pin id="338" dir="1" index="1" bw="17" slack="2"/>
</pin_list>
<bind>
<opset="tmp624 "/>
</bind>
</comp>

<comp id="341" class="1005" name="s_V_reg_341">
<pin_list>
<pin id="342" dir="0" index="0" bw="24" slack="1"/>
<pin id="343" dir="1" index="1" bw="24" slack="1"/>
</pin_list>
<bind>
<opset="s_V "/>
</bind>
</comp>

<comp id="346" class="1005" name="tmp625_reg_346">
<pin_list>
<pin id="347" dir="0" index="0" bw="17" slack="1"/>
<pin id="348" dir="1" index="1" bw="17" slack="1"/>
</pin_list>
<bind>
<opset="tmp625 "/>
</bind>
</comp>

</comp_list>

<net_list>
<net id="55"><net_src comp="6" pin="0"/><net_sink comp="52" pin=0"/></net>

<net id="59"><net_src comp="6" pin="0"/><net_sink comp="56" pin=0"/></net>

<net id="64"><net_src comp="8" pin="0"/><net_sink comp="60" pin=0"/></net>

<net id="65"><net_src comp="0" pin="0"/><net_sink comp="60" pin=1"/></net>

<net id="71"><net_src comp="50" pin="0"/><net_sink comp="66" pin=0"/></net>

<net id="72"><net_src comp="4" pin="0"/><net_sink comp="66" pin=1"/></net>

<net id="78"><net_src comp="2" pin="0"/><net_sink comp="73" pin=0"/></net>

<net id="79"><net_src comp="20" pin="0"/><net_sink comp="73" pin=1"/></net>

<net id="89"><net_src comp="73" pin="3"/><net_sink comp="80" pin=2"/></net>

<net id="95"><net_src comp="2" pin="0"/><net_sink comp="90" pin=0"/></net>

<net id="96"><net_src comp="20" pin="0"/><net_sink comp="90" pin=1"/></net>

<net id="97"><net_src comp="90" pin="3"/><net_sink comp="80" pin=0"/></net>

<net id="103"><net_src comp="2" pin="0"/><net_sink comp="98" pin=0"/></net>

<net id="104"><net_src comp="20" pin="0"/><net_sink comp="98" pin=1"/></net>

<net id="105"><net_src comp="98" pin="3"/><net_sink comp="80" pin=2"/></net>

<net id="111"><net_src comp="2" pin="0"/><net_sink comp="106" pin=0"/></net>

<net id="112"><net_src comp="20" pin="0"/><net_sink comp="106" pin=1"/></net>

<net id="113"><net_src comp="106" pin="3"/><net_sink comp="80" pin=0"/></net>

<net id="118"><net_src comp="10" pin="0"/><net_sink comp="114" pin=0"/></net>

<net id="123"><net_src comp="12" pin="0"/><net_sink comp="119" pin=0"/></net>

<net id="130"><net_src comp="124" pin="1"/><net_sink comp="127" pin=0"/></net>

<net id="136"><net_src comp="14" pin="0"/><net_sink comp="131" pin=0"/></net>

<net id="137"><net_src comp="124" pin="1"/><net_sink comp="131" pin=1"/></net>

<net id="138"><net_src comp="16" pin="0"/><net_sink comp="131" pin=2"/></net>

<net id="144"><net_src comp="18" pin="0"/><net_sink comp="139" pin=0"/></net>

<net id="145"><net_src comp="127" pin="1"/><net_sink comp="139" pin=1"/></net>

<net id="146"><net_src comp="60" pin="2"/><net_sink comp="139" pin=2"/></net>

<net id="150"><net_src comp="139" pin="3"/><net_sink comp="147" pin=0"/></net>

<net id="151"><net_src comp="147" pin="1"/><net_sink comp="73" pin=2"/></net>

<net id="156"><net_src comp="127" pin="1"/><net_sink comp="152" pin=0"/></net>

<net id="157"><net_src comp="22" pin="0"/><net_sink comp="152" pin=1"/></net>

<net id="163"><net_src comp="18" pin="0"/><net_sink comp="158" pin=0"/></net>

<net id="164"><net_src comp="152" pin="2"/><net_sink comp="158" pin=1"/></net>

<net id="165"><net_src comp="60" pin="2"/><net_sink comp="158" pin=2"/></net>

<net id="169"><net_src comp="158" pin="3"/><net_sink comp="166" pin=0"/></net>

<net id="170"><net_src comp="166" pin="1"/><net_sink comp="90" pin=2"/></net>

<net id="175"><net_src comp="124" pin="1"/><net_sink comp="171" pin=0"/></net>

<net id="176"><net_src comp="24" pin="0"/><net_sink comp="171" pin=1"/></net>

<net id="181"><net_src comp="171" pin="2"/><net_sink comp="177" pin=0"/></net>

<net id="186"><net_src comp="26" pin="0"/><net_sink comp="182" pin=1"/></net>

<net id="192"><net_src comp="18" pin="0"/><net_sink comp="187" pin=0"/></net>

<net id="193"><net_src comp="182" pin="2"/><net_sink comp="187" pin=1"/></net>

<net id="197"><net_src comp="187" pin="3"/><net_sink comp="194" pin=0"/></net>

<net id="198"><net_src comp="194" pin="1"/><net_sink comp="98" pin=2"/></net>

<net id="203"><net_src comp="28" pin="0"/><net_sink comp="199" pin=1"/></net>

<net id="209"><net_src comp="18" pin="0"/><net_sink comp="204" pin=0"/></net>

<net id="210"><net_src comp="199" pin="2"/><net_sink comp="204" pin=1"/></net>

<net id="214"><net_src comp="204" pin="3"/><net_sink comp="211" pin=0"/></net>

<net id="215"><net_src comp="211" pin="1"/><net_sink comp="106" pin=2"/></net>

<net id="219"><net_src comp="80" pin="7"/><net_sink comp="216" pin=0"/></net>

<net id="223"><net_src comp="80" pin="3"/><net_sink comp="220" pin=0"/></net>

<net id="228"><net_src comp="220" pin="1"/><net_sink comp="224" pin=0"/></net>

<net id="229"><net_src comp="216" pin="1"/><net_sink comp="224" pin=1"/></net>

<net id="236"><net_src comp="230" pin="1"/><net_sink comp="233" pin=0"/></net>

<net id="237"><net_src comp="233" pin="1"/><net_sink comp="66" pin=2"/></net>

<net id="241"><net_src comp="80" pin="7"/><net_sink comp="238" pin=0"/></net>

<net id="245"><net_src comp="80" pin="3"/><net_sink comp="242" pin=0"/></net>

<net id="250"><net_src comp="238" pin="1"/><net_sink comp="246" pin=0"/></net>

<net id="251"><net_src comp="242" pin="1"/><net_sink comp="246" pin=1"/></net>

<net id="262"><net_src comp="255" pin="1"/><net_sink comp="258" pin=0"/></net>

<net id="263"><net_src comp="252" pin="1"/><net_sink comp="258" pin=1"/></net>

<net id="269"><net_src comp="46" pin="0"/><net_sink comp="264" pin=0"/></net>

<net id="270"><net_src comp="258" pin="2"/><net_sink comp="264" pin=1"/></net>

<net id="271"><net_src comp="48" pin="0"/><net_sink comp="264" pin=2"/></net>

<net id="275"><net_src comp="264" pin="3"/><net_sink comp="272" pin=0"/></net>

<net id="280"><net_src comp="272" pin="1"/><net_sink comp="276" pin=0"/></net>

<net id="285"><net_src comp="276" pin="2"/><net_sink comp="281" pin=0"/></net>

<net id="289"><net_src comp="52" pin="1"/><net_sink comp="286" pin=0"/></net>

<net id="290"><net_src comp="286" pin="1"/><net_sink comp="119" pin=1"/></net>

<net id="291"><net_src comp="286" pin="1"/><net_sink comp="230" pin=0"/></net>

<net id="292"><net_src comp="286" pin="1"/><net_sink comp="281" pin=1"/></net>

<net id="296"><net_src comp="56" pin="1"/><net_sink comp="293" pin=0"/></net>

<net id="297"><net_src comp="293" pin="1"/><net_sink comp="114" pin=1"/></net>

<net id="298"><net_src comp="293" pin="1"/><net_sink comp="124" pin=0"/></net>

<net id="299"><net_src comp="293" pin="1"/><net_sink comp="177" pin=1"/></net>

<net id="303"><net_src comp="60" pin="2"/><net_sink comp="300" pin=0"/></net>

<net id="304"><net_src comp="300" pin="1"/><net_sink comp="187" pin=2"/></net>

<net id="305"><net_src comp="300" pin="1"/><net_sink comp="204" pin=2"/></net>

<net id="309"><net_src comp="127" pin="1"/><net_sink comp="306" pin=0"/></net>

<net id="310"><net_src comp="306" pin="1"/><net_sink comp="182" pin=0"/></net>

<net id="311"><net_src comp="306" pin="1"/><net_sink comp="199" pin=0"/></net>

<net id="315"><net_src comp="131" pin="3"/><net_sink comp="312" pin=0"/></net>

<net id="319"><net_src comp="73" pin="3"/><net_sink comp="316" pin=0"/></net>

<net id="320"><net_src comp="316" pin="1"/><net_sink comp="80" pin=2"/></net>

<net id="324"><net_src comp="90" pin="3"/><net_sink comp="321" pin=0"/></net>

<net id="325"><net_src comp="321" pin="1"/><net_sink comp="80" pin=0"/></net>

<net id="329"><net_src comp="98" pin="3"/><net_sink comp="326" pin=0"/></net>

<net id="330"><net_src comp="326" pin="1"/><net_sink comp="80" pin=2"/></net>

<net id="334"><net_src comp="106" pin="3"/><net_sink comp="331" pin=0"/></net>

<net id="335"><net_src comp="331" pin="1"/><net_sink comp="80" pin=0"/></net>

<net id="339"><net_src comp="224" pin="2"/><net_sink comp="336" pin=0"/></net>

<net id="340"><net_src comp="336" pin="1"/><net_sink comp="252" pin=0"/></net>

<net id="344"><net_src comp="230" pin="1"/><net_sink comp="341" pin=0"/></net>

<net id="345"><net_src comp="341" pin="1"/><net_sink comp="276" pin=1"/></net>

<net id="349"><net_src comp="246" pin="2"/><net_sink comp="346" pin=0"/></net>

<net id="350"><net_src comp="346" pin="1"/><net_sink comp="255" pin=0"/></net>

</net_list>

</model> 
---------------- Datapath Model END ------------------

* FSMD analyzer results:
  - Output states:
	Port: s_V_2_out | {3 }
 - Input state : 
	Port: linear_attention_q16_Pipeline_VITIS_LOOP_139_84 : lshr_ln1 | {1 }
	Port: linear_attention_q16_Pipeline_VITIS_LOOP_139_84 : K_V_1 | {1 2 3 }
  - Chain level:
	State 1
		store_ln0 : 1
		store_ln0 : 1
		pos : 1
		empty_60 : 2
		tmp : 2
		br_ln139 : 3
		tmp_s : 3
		zext_ln837_4 : 4
		K_V_1_addr : 5
		K_V_1_load : 6
		or_ln139_3 : 3
		tmp_514 : 3
		zext_ln837_5 : 4
		K_V_1_addr_1 : 5
		K_V_1_load_1 : 6
		add_ln139 : 2
		store_ln139 : 3
	State 2
		zext_ln837_6 : 1
		K_V_1_addr_2 : 2
		K_V_1_load_2 : 3
		zext_ln837 : 1
		K_V_1_addr_3 : 2
		K_V_1_load_3 : 3
		K_V_1_load_16_cast : 1
		K_V_1_load_17_cast : 1
		tmp624 : 2
	State 3
		empty : 1
		K_V_1_load_18_cast : 1
		K_V_1_load_19_cast : 1
		tmp625 : 2
		write_ln0 : 2
	State 4
		tmp1720124 : 1
		tmp_517 : 2
		tmp1721 : 3
		s_V_5 : 4
		store_ln139 : 5


============================================================
+ Verbose Summary: Datapath Resource usage 
============================================================

* Functional unit list:
|----------|---------------------------|---------|---------|
| Operation|      Functional Unit      |    FF   |   LUT   |
|----------|---------------------------|---------|---------|
|          |      add_ln139_fu_171     |    0    |    13   |
|          |       tmp624_fu_224       |    0    |    23   |
|    add   |       tmp625_fu_246       |    0    |    23   |
|          |     tmp1720124_fu_258     |    0    |    24   |
|          |        s_V_5_fu_276       |    0    |    31   |
|----------|---------------------------|---------|---------|
|   read   |  lshr_ln1_read_read_fu_60 |    0    |    0    |
|----------|---------------------------|---------|---------|
|   write  |   write_ln0_write_fu_66   |    0    |    0    |
|----------|---------------------------|---------|---------|
|   trunc  |      empty_60_fu_127      |    0    |    0    |
|          |        empty_fu_233       |    0    |    0    |
|----------|---------------------------|---------|---------|
| bitselect|         tmp_fu_131        |    0    |    0    |
|----------|---------------------------|---------|---------|
|          |        tmp_s_fu_139       |    0    |    0    |
|          |       tmp_514_fu_158      |    0    |    0    |
|bitconcatenate|       tmp_515_fu_187      |    0    |    0    |
|          |       tmp_516_fu_204      |    0    |    0    |
|          |       tmp_517_fu_264      |    0    |    0    |
|----------|---------------------------|---------|---------|
|          |    zext_ln837_4_fu_147    |    0    |    0    |
|   zext   |    zext_ln837_5_fu_166    |    0    |    0    |
|          |    zext_ln837_6_fu_194    |    0    |    0    |
|          |     zext_ln837_fu_211     |    0    |    0    |
|----------|---------------------------|---------|---------|
|          |     or_ln139_3_fu_152     |    0    |    0    |
|    or    |     or_ln139_4_fu_182     |    0    |    0    |
|          |      or_ln139_fu_199      |    0    |    0    |
|----------|---------------------------|---------|---------|
|          | K_V_1_load_16_cast_fu_216 |    0    |    0    |
|          | K_V_1_load_17_cast_fu_220 |    0    |    0    |
|          | K_V_1_load_18_cast_fu_238 |    0    |    0    |
|   sext   | K_V_1_load_19_cast_fu_242 |    0    |    0    |
|          |     tmp624_cast_fu_252    |    0    |    0    |
|          |     tmp625_cast_fu_255    |    0    |    0    |
|          |       tmp1721_fu_272      |    0    |    0    |
|----------|---------------------------|---------|---------|
|   Total  |                           |    0    |   114   |
|----------|---------------------------|---------|---------|

Memories:
N/A

* Register list:
+---------------------+--------+
|                     |   FF   |
+---------------------+--------+
| K_V_1_addr_1_reg_321|    6   |
| K_V_1_addr_2_reg_326|    6   |
| K_V_1_addr_3_reg_331|    6   |
|  K_V_1_addr_reg_316 |    6   |
|   empty_60_reg_306  |    4   |
|lshr_ln1_read_reg_300|    2   |
|    pos_2_reg_293    |    5   |
|    s_V_2_reg_286    |   24   |
|     s_V_reg_341     |   24   |
|    tmp624_reg_336   |   17   |
|    tmp625_reg_346   |   17   |
|     tmp_reg_312     |    1   |
+---------------------+--------+
|        Total        |   118  |
+---------------------+--------+

* Multiplexer (MUX) list: 
|------------------|------|------|------|--------||---------||---------|
|       Comp       |  Pin | Size |  BW  | S x BW ||  Delay  ||   LUT   |
|------------------|------|------|------|--------||---------||---------|
| grp_access_fu_80 |  p0  |   4  |   6  |   24   ||    20   |
| grp_access_fu_80 |  p2  |   4  |   0  |    0   ||    20   |
|------------------|------|------|------|--------||---------||---------|
|       Total      |      |      |      |   24   ||  3.6532 ||    40   |
|------------------|------|------|------|--------||---------||---------|



* Summary:
+-----------+--------+--------+--------+
|           |  Delay |   FF   |   LUT  |
+-----------+--------+--------+--------+
|  Function |    -   |    0   |   114  |
|   Memory  |    -   |    -   |    -   |
|Multiplexer|    3   |    -   |   40   |
|  Register |    -   |   118  |    -   |
+-----------+--------+--------+--------+
|   Total   |    3   |   118  |   154  |
+-----------+--------+--------+--------+
