

================================================================
== Vitis HLS Report for 'imgds_linear_dense_q16_Pipeline_VITIS_LOOP_199_3'
================================================================
* Date:           Wed Jul  1 10:56:24 2026

* Version:        2022.2 (Build 3670227 on Oct 13 2022)
* Project:        q16_s20_attn_only
* Solution:       solution1 (Vivado IP Flow Target)
* Product family: zynq
* Target device:  xc7z020-clg400-1


================================================================
== Performance Estimates
================================================================
+ Timing: 
    * Summary: 
    +--------+----------+----------+------------+
    |  Clock |  Target  | Estimated| Uncertainty|
    +--------+----------+----------+------------+
    |ap_clk  |  10.00 ns|  5.404 ns|     2.70 ns|
    +--------+----------+----------+------------+

+ Latency: 
    * Summary: 
    +---------+---------+----------+----------+-----+-----+---------+
    |  Latency (cycles) |  Latency (absolute) |  Interval | Pipeline|
    |   min   |   max   |    min   |    max   | min | max |   Type  |
    +---------+---------+----------+----------+-----+-----+---------+
    |       21|       21|  0.210 us|  0.210 us|   21|   21|       no|
    +---------+---------+----------+----------+-----+-----+---------+

    + Detail: 
        * Instance: 
        N/A

        * Loop: 
        +--------------------+---------+---------+----------+-----------+-----------+------+----------+
        |                    |  Latency (cycles) | Iteration|  Initiation Interval  | Trip |          |
        |      Loop Name     |   min   |   max   |  Latency |  achieved |   target  | Count| Pipelined|
        +--------------------+---------+---------+----------+-----------+-----------+------+----------+
        |- VITIS_LOOP_199_3  |       19|       19|         5|          1|          1|    16|       yes|
        +--------------------+---------+---------+----------+-----------+-----------+------+----------+



================================================================
== Utilization Estimates
================================================================
* Summary: 
+-----------------+---------+-----+--------+-------+-----+
|       Name      | BRAM_18K| DSP |   FF   |  LUT  | URAM|
+-----------------+---------+-----+--------+-------+-----+
|DSP              |        -|    1|       -|      -|    -|
|Expression       |        -|    -|       0|    124|    -|
|FIFO             |        -|    -|       -|      -|    -|
|Instance         |        -|    -|       -|      -|    -|
|Memory           |        1|    -|       0|      0|    -|
|Multiplexer      |        -|    -|       -|     54|    -|
|Register         |        -|    -|     119|     32|    -|
+-----------------+---------+-----+--------+-------+-----+
|Total            |        1|    1|     119|    210|    0|
+-----------------+---------+-----+--------+-------+-----+
|Available        |      280|  220|  106400|  53200|    0|
+-----------------+---------+-----+--------+-------+-----+
|Utilization (%)  |       ~0|   ~0|      ~0|     ~0|    0|
+-----------------+---------+-----+--------+-------+-----+

+ Detail: 
    * Instance: 
    N/A

    * DSP: 
    +-----------------------------+------------------------+-----------+
    |           Instance          |         Module         | Expression|
    +-----------------------------+------------------------+-----------+
    |mul_mul_11s_16s_27_4_1_U171  |mul_mul_11s_16s_27_4_1  |    i0 * i1|
    +-----------------------------+------------------------+-----------+

    * Memory: 
    +-----------------------------------+----------------------------------------------------------------------------------+---------+---+----+-----+------+-----+------+-------------+
    |               Memory              |                                      Module                                      | BRAM_18K| FF| LUT| URAM| Words| Bits| Banks| W*Bits*Banks|
    +-----------------------------------+----------------------------------------------------------------------------------+---------+---+----+-----+------+-----+------+-------------+
    |layers_0_feedforward_0_weight_V_U  |imgds_linear_dense_q16_Pipeline_VITIS_LOOP_199_3_layers_0_feedforward_0_weighg8j  |        1|  0|   0|    0|   512|   11|     1|         5632|
    +-----------------------------------+----------------------------------------------------------------------------------+---------+---+----+-----+------+-----+------+-------------+
    |Total                              |                                                                                  |        1|  0|   0|    0|   512|   11|     1|         5632|
    +-----------------------------------+----------------------------------------------------------------------------------+---------+---+----+-----+------+-----+------+-------------+

    * FIFO: 
    N/A

    * Expression: 
    +-------------------------+----------+----+---+----+------------+------------+
    |      Variable Name      | Operation| DSP| FF| LUT| Bitwidth P0| Bitwidth P1|
    +-------------------------+----------+----+---+----+------------+------------+
    |add_ln1271_fu_165_p2     |         +|   0|  0|  15|           8|           8|
    |add_ln1347_32_fu_239_p2  |         +|   0|  0|  33|          26|          26|
    |add_ln199_fu_155_p2      |         +|   0|  0|  13|           5|           1|
    |add_ln201_fu_180_p2      |         +|   0|  0|  14|           9|           9|
    |ret_V_fu_233_p2          |         +|   0|  0|  37|          30|          30|
    |icmp_ln199_fu_149_p2     |      icmp|   0|  0|  10|           5|           6|
    |ap_enable_pp0            |       xor|   0|  0|   2|           1|           2|
    +-------------------------+----------+----+---+----+------------+------------+
    |Total                    |          |   0|  0| 124|          84|          82|
    +-------------------------+----------+----+---+----+------------+------------+

    * Multiplexer: 
    +-------------------------+----+-----------+-----+-----------+
    |           Name          | LUT| Input Size| Bits| Total Bits|
    +-------------------------+----+-----------+-----+-----------+
    |ap_done_int              |   9|          2|    1|          2|
    |ap_enable_reg_pp0_iter1  |   9|          2|    1|          2|
    |ap_sig_allocacmp_i       |   9|          2|    5|         10|
    |i_5_fu_72                |   9|          2|    5|         10|
    |lhs_fu_68                |   9|          2|   24|         48|
    |phi_ln818_fu_64          |   9|          2|   16|         32|
    +-------------------------+----+-----------+-----+-----------+
    |Total                    |  54|         12|   52|        104|
    +-------------------------+----+-----------+-----+-----------+

    * Register: 
    +----------------------------------+----+----+-----+-----------+
    |               Name               | FF | LUT| Bits| Const Bits|
    +----------------------------------+----+----+-----+-----------+
    |ap_CS_fsm                         |   1|   0|    1|          0|
    |ap_done_reg                       |   1|   0|    1|          0|
    |ap_enable_reg_pp0_iter1           |   1|   0|    1|          0|
    |ap_enable_reg_pp0_iter2           |   1|   0|    1|          0|
    |ap_enable_reg_pp0_iter3           |   1|   0|    1|          0|
    |ap_enable_reg_pp0_iter4           |   1|   0|    1|          0|
    |ap_loop_exit_ready_pp0_iter1_reg  |   1|   0|    1|          0|
    |ap_loop_exit_ready_pp0_iter2_reg  |   1|   0|    1|          0|
    |ap_loop_exit_ready_pp0_iter3_reg  |   1|   0|    1|          0|
    |i_5_fu_72                         |   5|   0|    5|          0|
    |icmp_ln199_reg_308                |   1|   0|    1|          0|
    |lhs_fu_68                         |  24|   0|   24|          0|
    |phi_ln818_fu_64                   |  16|   0|   16|          0|
    |icmp_ln199_reg_308                |  64|  32|    1|          0|
    +----------------------------------+----+----+-----+-----------+
    |Total                             | 119|  32|   56|          0|
    +----------------------------------+----+----+-----+-----------+



================================================================
== Interface
================================================================
* Summary: 
+----------------------+-----+-----+------------+--------------------------------------------------+--------------+
|       RTL Ports      | Dir | Bits|  Protocol  |                   Source Object                  |    C Type    |
+----------------------+-----+-----+------------+--------------------------------------------------+--------------+
|ap_clk                |   in|    1|  ap_ctrl_hs|  imgds_linear_dense_q16_Pipeline_VITIS_LOOP_199_3|  return value|
|ap_rst                |   in|    1|  ap_ctrl_hs|  imgds_linear_dense_q16_Pipeline_VITIS_LOOP_199_3|  return value|
|ap_start              |   in|    1|  ap_ctrl_hs|  imgds_linear_dense_q16_Pipeline_VITIS_LOOP_199_3|  return value|
|ap_done               |  out|    1|  ap_ctrl_hs|  imgds_linear_dense_q16_Pipeline_VITIS_LOOP_199_3|  return value|
|ap_idle               |  out|    1|  ap_ctrl_hs|  imgds_linear_dense_q16_Pipeline_VITIS_LOOP_199_3|  return value|
|ap_ready              |  out|    1|  ap_ctrl_hs|  imgds_linear_dense_q16_Pipeline_VITIS_LOOP_199_3|  return value|
|sext_ln198            |   in|   14|     ap_none|                                        sext_ln198|        scalar|
|zext_ln1271_8         |   in|    8|     ap_none|                                     zext_ln1271_8|        scalar|
|x_V_address0          |  out|    8|   ap_memory|                                               x_V|         array|
|x_V_ce0               |  out|    1|   ap_memory|                                               x_V|         array|
|x_V_q0                |   in|   16|   ap_memory|                                               x_V|         array|
|tmp_70                |   in|    9|     ap_none|                                            tmp_70|        scalar|
|phi_ln818_out         |  out|   16|      ap_vld|                                     phi_ln818_out|       pointer|
|phi_ln818_out_ap_vld  |  out|    1|      ap_vld|                                     phi_ln818_out|       pointer|
+----------------------+-----+-----+------------+--------------------------------------------------+--------------+

