

================================================================
== Vitis HLS Report for 'linear_attention_q16_sparse_Pipeline_VITIS_LOOP_123_6_VITIS_LOOP_125_7_VITIS_LOO'
================================================================
* Date:           Thu Jul  2 17:14:58 2026

* Version:        2022.2 (Build 3670227 on Oct 13 2022)
* Project:        q16_s30_attn_sparse
* Solution:       solution1 (Vivado IP Flow Target)
* Product family: zynq
* Target device:  xc7z020-clg400-1


================================================================
== Performance Estimates
================================================================
+ Timing: 
    * Summary: 
    +--------+----------+----------+------------+
    |  Clock |  Target  | Estimated| Uncertainty|
    +--------+----------+----------+------------+
    |ap_clk  |  10.00 ns|  7.903 ns|     2.70 ns|
    +--------+----------+----------+------------+

+ Latency: 
    * Summary: 
    +---------+---------+-----------+-----------+------+------+---------+
    |  Latency (cycles) |   Latency (absolute)  |   Interval  | Pipeline|
    |   min   |   max   |    min    |    max    |  min |  max |   Type  |
    +---------+---------+-----------+-----------+------+------+---------+
    |     2823|     2823|  28.230 us|  28.230 us|  2823|  2823|       no|
    +---------+---------+-----------+-----------+------+------+---------+

    + Detail: 
        * Instance: 
        N/A

        * Loop: 
        +------------------------------------------------------+---------+---------+----------+-----------+-----------+------+----------+
        |                                                      |  Latency (cycles) | Iteration|  Initiation Interval  | Trip |          |
        |                       Loop Name                      |   min   |   max   |  Latency |  achieved |   target  | Count| Pipelined|
        +------------------------------------------------------+---------+---------+----------+-----------+-----------+------+----------+
        |- VITIS_LOOP_123_6_VITIS_LOOP_125_7_VITIS_LOOP_127_8  |     2821|     2821|         7|          1|          1|  2816|       yes|
        +------------------------------------------------------+---------+---------+----------+-----------+-----------+------+----------+



================================================================
== Utilization Estimates
================================================================
* Summary: 
+-----------------+---------+-----+--------+-------+-----+
|       Name      | BRAM_18K| DSP |   FF   |  LUT  | URAM|
+-----------------+---------+-----+--------+-------+-----+
|DSP              |        -|    1|       -|      -|    -|
|Expression       |        -|    -|       0|    198|    -|
|FIFO             |        -|    -|       -|      -|    -|
|Instance         |        -|    -|       -|      -|    -|
|Memory           |        -|    -|       -|      -|    -|
|Multiplexer      |        -|    -|       -|     99|    -|
|Register         |        -|    -|     290|     96|    -|
+-----------------+---------+-----+--------+-------+-----+
|Total            |        0|    1|     290|    393|    0|
+-----------------+---------+-----+--------+-------+-----+
|Available        |      280|  220|  106400|  53200|    0|
+-----------------+---------+-----+--------+-------+-----+
|Utilization (%)  |        0|   ~0|      ~0|     ~0|    0|
+-----------------+---------+-----+--------+-------+-----+

+ Detail: 
    * Instance: 
    N/A

    * DSP: 
    +------------------------------------+--------------------------------+--------------+
    |              Instance              |             Module             |  Expression  |
    +------------------------------------+--------------------------------+--------------+
    |mac_muladd_16s_16s_30ns_30_4_1_U28  |mac_muladd_16s_16s_30ns_30_4_1  |  i0 + i1 * i2|
    +------------------------------------+--------------------------------+--------------+

    * Memory: 
    N/A

    * FIFO: 
    N/A

    * Expression: 
    +--------------------------+----------+----+---+----+------------+------------+
    |       Variable Name      | Operation| DSP| FF| LUT| Bitwidth P0| Bitwidth P1|
    +--------------------------+----------+----+---+----+------------+------------+
    |add_ln123_1_fu_192_p2     |         +|   0|  0|  12|          12|           1|
    |add_ln123_fu_237_p2       |         +|   0|  0|  13|           4|           1|
    |add_ln125_1_fu_204_p2     |         +|   0|  0|  13|          10|           1|
    |add_ln125_fu_279_p2       |         +|   0|  0|  13|           5|           1|
    |add_ln1273_fu_367_p2      |         +|   0|  0|  15|           8|           8|
    |add_ln127_fu_310_p2       |         +|   0|  0|  13|           5|           1|
    |add_ln131_fu_342_p2       |         +|   0|  0|  15|           8|           8|
    |and_ln123_fu_273_p2       |       and|   0|  0|   2|           1|           1|
    |icmp_ln123_fu_186_p2      |      icmp|   0|  0|  12|          12|          12|
    |icmp_ln125_fu_198_p2      |      icmp|   0|  0|  11|          10|           9|
    |icmp_ln127_1_fu_378_p2    |      icmp|   0|  0|  10|           5|           6|
    |icmp_ln127_fu_267_p2      |      icmp|   0|  0|  10|           5|           6|
    |or_ln125_fu_285_p2        |        or|   0|  0|   2|           1|           1|
    |select_ln123_1_fu_250_p3  |    select|   0|  0|   4|           1|           4|
    |select_ln123_fu_243_p3    |    select|   0|  0|   5|           1|           1|
    |select_ln125_1_fu_302_p3  |    select|   0|  0|   5|           1|           5|
    |select_ln125_2_fu_394_p3  |    select|   0|  0|  24|           1|           1|
    |select_ln125_3_fu_210_p3  |    select|   0|  0|  10|           1|           1|
    |select_ln125_fu_290_p3    |    select|   0|  0|   5|           1|           1|
    |ap_enable_pp0             |       xor|   0|  0|   2|           1|           2|
    |xor_ln123_fu_262_p2       |       xor|   0|  0|   2|           1|           2|
    +--------------------------+----------+----+---+----+------------+------------+
    |Total                     |          |   0|  0| 198|          94|          73|
    +--------------------------+----------+----+---+----+------------+------------+

    * Multiplexer: 
    +----------------------------------------+----+-----------+-----+-----------+
    |                  Name                  | LUT| Input Size| Bits| Total Bits|
    +----------------------------------------+----+-----------+-----+-----------+
    |ap_done_int                             |   9|          2|    1|          2|
    |ap_enable_reg_pp0_iter1                 |   9|          2|    1|          2|
    |ap_sig_allocacmp_indvar_flatten10_load  |   9|          2|   10|         20|
    |ap_sig_allocacmp_indvar_flatten27_load  |   9|          2|   12|         24|
    |ap_sig_allocacmp_lhs_load               |   9|          2|   24|         48|
    |d2_fu_82                                |   9|          2|    5|         10|
    |ii_fu_90                                |   9|          2|    4|          8|
    |indvar_flatten10_fu_86                  |   9|          2|   10|         20|
    |indvar_flatten27_fu_94                  |   9|          2|   12|         24|
    |lhs_fu_74                               |   9|          2|   24|         48|
    |pos_fu_78                               |   9|          2|    5|         10|
    +----------------------------------------+----+-----------+-----+-----------+
    |Total                                   |  99|         22|  108|        216|
    +----------------------------------------+----+-----------+-----+-----------+

    * Register: 
    +----------------------------------+----+----+-----+-----------+
    |               Name               | FF | LUT| Bits| Const Bits|
    +----------------------------------+----+----+-----+-----------+
    |add_ln127_reg_522                 |   5|   0|    5|          0|
    |add_ln131_reg_527                 |   8|   0|    8|          0|
    |ap_CS_fsm                         |   1|   0|    1|          0|
    |ap_done_reg                       |   1|   0|    1|          0|
    |ap_enable_reg_pp0_iter1           |   1|   0|    1|          0|
    |ap_enable_reg_pp0_iter2           |   1|   0|    1|          0|
    |ap_enable_reg_pp0_iter3           |   1|   0|    1|          0|
    |ap_enable_reg_pp0_iter4           |   1|   0|    1|          0|
    |ap_enable_reg_pp0_iter5           |   1|   0|    1|          0|
    |ap_enable_reg_pp0_iter6           |   1|   0|    1|          0|
    |ap_loop_exit_ready_pp0_iter1_reg  |   1|   0|    1|          0|
    |ap_loop_exit_ready_pp0_iter2_reg  |   1|   0|    1|          0|
    |ap_loop_exit_ready_pp0_iter3_reg  |   1|   0|    1|          0|
    |ap_loop_exit_ready_pp0_iter4_reg  |   1|   0|    1|          0|
    |ap_loop_exit_ready_pp0_iter5_reg  |   1|   0|    1|          0|
    |d2_fu_82                          |   5|   0|    5|          0|
    |icmp_ln125_reg_493                |   1|   0|    1|          0|
    |icmp_ln127_1_reg_542              |   1|   0|    1|          0|
    |ii_fu_90                          |   4|   0|    4|          0|
    |indvar_flatten10_fu_86            |  10|   0|   10|          0|
    |indvar_flatten27_fu_94            |  12|   0|   12|          0|
    |lhs_fu_74                         |  24|   0|   24|          0|
    |or_ln125_reg_506                  |   1|   0|    1|          0|
    |pos_fu_78                         |   5|   0|    5|          0|
    |select_ln125_1_reg_517            |   5|   0|    5|          0|
    |trunc_ln125_reg_511               |   4|   0|    4|          0|
    |add_ln131_reg_527                 |  64|  32|    8|          0|
    |icmp_ln127_1_reg_542              |  64|  32|    1|          0|
    |or_ln125_reg_506                  |  64|  32|    1|          0|
    +----------------------------------+----+----+-----+-----------+
    |Total                             | 290|  96|  108|          0|
    +----------------------------------+----+----+-----+-----------+



================================================================
== Interface
================================================================
* Summary: 
+--------------------------+-----+-----+------------+----------------------------------------------------------------------------------+--------------+
|         RTL Ports        | Dir | Bits|  Protocol  |                                   Source Object                                  |    C Type    |
+--------------------------+-----+-----+------------+----------------------------------------------------------------------------------+--------------+
|ap_clk                    |   in|    1|  ap_ctrl_hs|  linear_attention_q16_sparse_Pipeline_VITIS_LOOP_123_6_VITIS_LOOP_125_7_VITIS_LOO|  return value|
|ap_rst                    |   in|    1|  ap_ctrl_hs|  linear_attention_q16_sparse_Pipeline_VITIS_LOOP_123_6_VITIS_LOOP_125_7_VITIS_LOO|  return value|
|ap_start                  |   in|    1|  ap_ctrl_hs|  linear_attention_q16_sparse_Pipeline_VITIS_LOOP_123_6_VITIS_LOOP_125_7_VITIS_LOO|  return value|
|ap_done                   |  out|    1|  ap_ctrl_hs|  linear_attention_q16_sparse_Pipeline_VITIS_LOOP_123_6_VITIS_LOOP_125_7_VITIS_LOO|  return value|
|ap_idle                   |  out|    1|  ap_ctrl_hs|  linear_attention_q16_sparse_Pipeline_VITIS_LOOP_123_6_VITIS_LOOP_125_7_VITIS_LOO|  return value|
|ap_ready                  |  out|    1|  ap_ctrl_hs|  linear_attention_q16_sparse_Pipeline_VITIS_LOOP_123_6_VITIS_LOOP_125_7_VITIS_LOO|  return value|
|KV_V_address0             |  out|    8|   ap_memory|                                                                              KV_V|         array|
|KV_V_ce0                  |  out|    1|   ap_memory|                                                                              KV_V|         array|
|KV_V_we0                  |  out|    1|   ap_memory|                                                                              KV_V|         array|
|KV_V_d0                   |  out|   16|   ap_memory|                                                                              KV_V|         array|
|K_V_address0              |  out|    8|   ap_memory|                                                                               K_V|         array|
|K_V_ce0                   |  out|    1|   ap_memory|                                                                               K_V|         array|
|K_V_q0                    |   in|   16|   ap_memory|                                                                               K_V|         array|
|V_V_address0              |  out|    8|   ap_memory|                                                                               V_V|         array|
|V_V_ce0                   |  out|    1|   ap_memory|                                                                               V_V|         array|
|V_V_q0                    |   in|   16|   ap_memory|                                                                               V_V|         array|
|ACTIVE_CHANNELS_address0  |  out|    4|   ap_memory|                                                                   ACTIVE_CHANNELS|         array|
|ACTIVE_CHANNELS_ce0       |  out|    1|   ap_memory|                                                                   ACTIVE_CHANNELS|         array|
|ACTIVE_CHANNELS_q0        |   in|    4|   ap_memory|                                                                   ACTIVE_CHANNELS|         array|
+--------------------------+-----+-----+------------+----------------------------------------------------------------------------------+--------------+

