

================================================================
== Vitis HLS Report for 'q16_qksv3_s30_Pipeline_VITIS_LOOP_189_5'
================================================================
* Date:           Fri Jul  3 20:14:31 2026

* Version:        2022.2 (Build 3670227 on Oct 13 2022)
* Project:        q16_qksv3_s30_hls
* Solution:       solution1 (Vivado IP Flow Target)
* Product family: zynq
* Target device:  xc7z020-clg400-1


================================================================
== Performance Estimates
================================================================
+ Timing: 
    * Summary: 
    +--------+----------+----------+------------+
    |  Clock |  Target  | Estimated| Uncertainty|
    +--------+----------+----------+------------+
    |ap_clk  |  10.00 ns|  5.404 ns|     2.70 ns|
    +--------+----------+----------+------------+

+ Latency: 
    * Summary: 
    +---------+---------+----------+----------+-----+-----+---------+
    |  Latency (cycles) |  Latency (absolute) |  Interval | Pipeline|
    |   min   |   max   |    min   |    max   | min | max |   Type  |
    +---------+---------+----------+----------+-----+-----+---------+
    |       37|       37|  0.370 us|  0.370 us|   37|   37|       no|
    +---------+---------+----------+----------+-----+-----+---------+

    + Detail: 
        * Instance: 
        N/A

        * Loop: 
        +--------------------+---------+---------+----------+-----------+-----------+------+----------+
        |                    |  Latency (cycles) | Iteration|  Initiation Interval  | Trip |          |
        |      Loop Name     |   min   |   max   |  Latency |  achieved |   target  | Count| Pipelined|
        +--------------------+---------+---------+----------+-----------+-----------+------+----------+
        |- VITIS_LOOP_189_5  |       35|       35|         5|          1|          1|    32|       yes|
        +--------------------+---------+---------+----------+-----------+-----------+------+----------+



================================================================
== Utilization Estimates
================================================================
* Summary: 
+-----------------+---------+-----+--------+-------+-----+
|       Name      | BRAM_18K| DSP |   FF   |  LUT  | URAM|
+-----------------+---------+-----+--------+-------+-----+
|DSP              |        -|    1|       -|      -|    -|
|Expression       |        -|    -|       0|    120|    -|
|FIFO             |        -|    -|       -|      -|    -|
|Instance         |        -|    -|       -|      -|    -|
|Memory           |        1|    -|       0|      0|    -|
|Multiplexer      |        -|    -|       -|     45|    -|
|Register         |        -|    -|     172|     64|    -|
+-----------------+---------+-----+--------+-------+-----+
|Total            |        1|    1|     172|    229|    0|
+-----------------+---------+-----+--------+-------+-----+
|Available        |      280|  220|  106400|  53200|    0|
+-----------------+---------+-----+--------+-------+-----+
|Utilization (%)  |       ~0|   ~0|      ~0|     ~0|    0|
+-----------------+---------+-----+--------+-------+-----+

+ Detail: 
    * Instance: 
    N/A

    * DSP: 
    +------------------------------+-------------------------+-----------+
    |           Instance           |          Module         | Expression|
    +------------------------------+-------------------------+-----------+
    |mul_mul_10s_15ns_25_4_1_U178  |mul_mul_10s_15ns_25_4_1  |    i0 * i1|
    +------------------------------+-------------------------+-----------+

    * Memory: 
    +-----------------------------------+----------------------------------------------------------------------------------+---------+---+----+-----+------+-----+------+-------------+
    |               Memory              |                                      Module                                      | BRAM_18K| FF| LUT| URAM| Words| Bits| Banks| W*Bits*Banks|
    +-----------------------------------+----------------------------------------------------------------------------------+---------+---+----+-----+------+-----+------+-------------+
    |layers_0_feedforward_3_weight_V_U  |q16_qksv3_s30_Pipeline_VITIS_LOOP_189_5_layers_0_feedforward_3_weight_V_ROM_Ag8j  |        1|  0|   0|    0|   512|   10|     1|         5120|
    +-----------------------------------+----------------------------------------------------------------------------------+---------+---+----+-----+------+-----+------+-------------+
    |Total                              |                                                                                  |        1|  0|   0|    0|   512|   10|     1|         5120|
    +-----------------------------------+----------------------------------------------------------------------------------+---------+---+----+-----+------+-----+------+-------------+

    * FIFO: 
    N/A

    * Expression: 
    +------------------------+----------+----+---+----+------------+------------+
    |      Variable Name     | Operation| DSP| FF| LUT| Bitwidth P0| Bitwidth P1|
    +------------------------+----------+----+---+----+------------+------------+
    |add_ln1347_2_fu_230_p2  |         +|   0|  0|  33|          26|          26|
    |add_ln189_fu_150_p2     |         +|   0|  0|  14|           6|           1|
    |add_ln191_fu_165_p2     |         +|   0|  0|  14|           9|           9|
    |ret_V_fu_224_p2         |         +|   0|  0|  37|          30|          30|
    |icmp_ln189_1_fu_176_p2  |      icmp|   0|  0|  10|           6|           7|
    |icmp_ln189_fu_144_p2    |      icmp|   0|  0|  10|           6|           7|
    |ap_enable_pp0           |       xor|   0|  0|   2|           1|           2|
    +------------------------+----------+----+---+----+------------+------------+
    |Total                   |          |   0|  0| 120|          84|          82|
    +------------------------+----------+----+---+----+------------+------------+

    * Multiplexer: 
    +-------------------------+----+-----------+-----+-----------+
    |           Name          | LUT| Input Size| Bits| Total Bits|
    +-------------------------+----+-----------+-----+-----------+
    |ap_done_int              |   9|          2|    1|          2|
    |ap_enable_reg_pp0_iter1  |   9|          2|    1|          2|
    |ap_sig_allocacmp_i_2     |   9|          2|    6|         12|
    |i_fu_62                  |   9|          2|    6|         12|
    |lhs_fu_58                |   9|          2|   24|         48|
    +-------------------------+----+-----------+-----+-----------+
    |Total                    |  45|         10|   38|         76|
    +-------------------------+----+-----------+-----+-----------+

    * Register: 
    +----------------------------------+----+----+-----+-----------+
    |               Name               | FF | LUT| Bits| Const Bits|
    +----------------------------------+----+----+-----+-----------+
    |ap_CS_fsm                         |   1|   0|    1|          0|
    |ap_done_reg                       |   1|   0|    1|          0|
    |ap_enable_reg_pp0_iter1           |   1|   0|    1|          0|
    |ap_enable_reg_pp0_iter2           |   1|   0|    1|          0|
    |ap_enable_reg_pp0_iter3           |   1|   0|    1|          0|
    |ap_enable_reg_pp0_iter4           |   1|   0|    1|          0|
    |ap_loop_exit_ready_pp0_iter1_reg  |   1|   0|    1|          0|
    |ap_loop_exit_ready_pp0_iter2_reg  |   1|   0|    1|          0|
    |ap_loop_exit_ready_pp0_iter3_reg  |   1|   0|    1|          0|
    |ff_out_V_addr_reg_284             |   4|   0|    4|          0|
    |i_fu_62                           |   6|   0|    6|          0|
    |icmp_ln189_1_reg_303              |   1|   0|    1|          0|
    |lhs_fu_58                         |  24|   0|   24|          0|
    |ff_out_V_addr_reg_284             |  64|  32|    4|          0|
    |icmp_ln189_1_reg_303              |  64|  32|    1|          0|
    +----------------------------------+----+----+-----+-----------+
    |Total                             | 172|  64|   49|          0|
    +----------------------------------+----+----+-----+-----------+



================================================================
== Interface
================================================================
* Summary: 
+-------------------+-----+-----+------------+-----------------------------------------+--------------+
|     RTL Ports     | Dir | Bits|  Protocol  |              Source Object              |    C Type    |
+-------------------+-----+-----+------------+-----------------------------------------+--------------+
|ap_clk             |   in|    1|  ap_ctrl_hs|  q16_qksv3_s30_Pipeline_VITIS_LOOP_189_5|  return value|
|ap_rst             |   in|    1|  ap_ctrl_hs|  q16_qksv3_s30_Pipeline_VITIS_LOOP_189_5|  return value|
|ap_start           |   in|    1|  ap_ctrl_hs|  q16_qksv3_s30_Pipeline_VITIS_LOOP_189_5|  return value|
|ap_done            |  out|    1|  ap_ctrl_hs|  q16_qksv3_s30_Pipeline_VITIS_LOOP_189_5|  return value|
|ap_idle            |  out|    1|  ap_ctrl_hs|  q16_qksv3_s30_Pipeline_VITIS_LOOP_189_5|  return value|
|ap_ready           |  out|    1|  ap_ctrl_hs|  q16_qksv3_s30_Pipeline_VITIS_LOOP_189_5|  return value|
|sext_ln188         |   in|   13|     ap_none|                               sext_ln188|        scalar|
|ff_out_V_address0  |  out|    4|   ap_memory|                                 ff_out_V|         array|
|ff_out_V_ce0       |  out|    1|   ap_memory|                                 ff_out_V|         array|
|ff_out_V_we0       |  out|    1|   ap_memory|                                 ff_out_V|         array|
|ff_out_V_d0        |  out|   16|   ap_memory|                                 ff_out_V|         array|
|zext_ln187         |   in|    4|     ap_none|                               zext_ln187|        scalar|
|tmp_42             |   in|    9|     ap_none|                                   tmp_42|        scalar|
|hidden_V_address0  |  out|    5|   ap_memory|                                 hidden_V|         array|
|hidden_V_ce0       |  out|    1|   ap_memory|                                 hidden_V|         array|
|hidden_V_q0        |   in|   15|   ap_memory|                                 hidden_V|         array|
+-------------------+-----+-----+------------+-----------------------------------------+--------------+

