==============================================================
Vitis HLS - High-Level Synthesis from C, C++ and OpenCL v2022.2 (64-bit)
Tool Version Limit: 2019.12
Copyright 1986-2022 Xilinx, Inc. All Rights Reserved.
==============================================================
INFO: [HLS 200-1505] Using flow_target 'vivado'
INFO: [HLS 200-435] Setting 'open_solution -flow_target vivado' configuration: config_interface -m_axi_latency=0
INFO: [HLS 200-1510] Running: set_part xc7z020clg400-1 
INFO: [HLS 200-1611] Setting target device to 'xc7z020-clg400-1'
INFO: [HLS 200-1510] Running: create_clock -period 10 -name default 
INFO: [SYN 201-201] Setting up clock 'default' with a period of 10ns.
INFO: [HLS 200-1510] Running: csim_design 
INFO: [SIM 211-2] *************** CSIM start ***************
INFO: [SIM 211-4] CSIM will launch GCC as the compiler.
INFO: [SIM 211-1] CSim done with 0 errors.
INFO: [SIM 211-3] *************** CSIM finish ***************
INFO: [HLS 200-111] Finished Command csim_design CPU user time: 11.25 seconds. CPU system time: 0.4 seconds. Elapsed time: 12.21 seconds; current allocated memory: 0.000 MB.
INFO: [HLS 200-1510] Running: csynth_design 
INFO: [HLS 200-111] Finished File checks and directory preparation: CPU user time: 0 seconds. CPU system time: 0 seconds. Elapsed time: 0.01 seconds; current allocated memory: 305.734 MB.
INFO: [HLS 200-10] Analyzing design file 'src/imgds_linear_dense_q16.cpp' ... 
WARNING: [HLS 207-5555] unexpected pragma argument 'mul', expects function/operation (src/imgds_linear_dense_q16.cpp:88:34)
WARNING: [HLS 207-5555] unexpected pragma argument 'mul', expects function/operation (src/imgds_linear_dense_q16.cpp:192:34)
WARNING: [HLS 207-5555] unexpected pragma argument 'mul', expects function/operation (src/imgds_linear_dense_q16.cpp:237:34)
INFO: [HLS 200-111] Finished Source Code Analysis and Preprocessing: CPU user time: 4.14 seconds. CPU system time: 0.45 seconds. Elapsed time: 5.49 seconds; current allocated memory: 308.918 MB.
INFO: [HLS 200-777] Using interface defaults for 'Vivado' flow target.
INFO: [HLS 214-131] Inlining function 'feature_map(ap_fixed<16, 6, (ap_q_mode)5, (ap_o_mode)3, 0>)' into 'linear_attention_q16_sparse(ap_fixed<16, 6, (ap_q_mode)5, (ap_o_mode)3, 0> (*) [16], ap_fixed<16, 6, (ap_q_mode)5, (ap_o_mode)3, 0> const*, ap_fixed<16, 6, (ap_q_mode)5, (ap_o_mode)3, 0> const*, ap_fixed<16, 6, (ap_q_mode)5, (ap_o_mode)3, 0> const*, ap_fixed<16, 6, (ap_q_mode)5, (ap_o_mode)3, 0> const*, ap_fixed<16, 6, (ap_q_mode)5, (ap_o_mode)3, 0> const*)' (src/imgds_linear_dense_q16.cpp:117:23)
INFO: [HLS 214-131] Inlining function 'feature_map(ap_fixed<16, 6, (ap_q_mode)5, (ap_o_mode)3, 0>)' into 'linear_attention_q16_sparse(ap_fixed<16, 6, (ap_q_mode)5, (ap_o_mode)3, 0> (*) [16], ap_fixed<16, 6, (ap_q_mode)5, (ap_o_mode)3, 0> const*, ap_fixed<16, 6, (ap_q_mode)5, (ap_o_mode)3, 0> const*, ap_fixed<16, 6, (ap_q_mode)5, (ap_o_mode)3, 0> const*, ap_fixed<16, 6, (ap_q_mode)5, (ap_o_mode)3, 0> const*, ap_fixed<16, 6, (ap_q_mode)5, (ap_o_mode)3, 0> const*)' (src/imgds_linear_dense_q16.cpp:116:23)
INFO: [HLS 214-186] Unrolling loop 'VITIS_LOOP_297_8' (src/imgds_linear_dense_q16.cpp:297:23) in function 'imgds_linear_dense_q16' completely with a factor of 2 (src/imgds_linear_dense_q16.cpp:230:0)
INFO: [HLS 214-186] Unrolling loop 'VITIS_LOOP_300_9' (src/imgds_linear_dense_q16.cpp:300:27) in function 'imgds_linear_dense_q16' completely with a factor of 16 (src/imgds_linear_dense_q16.cpp:230:0)
INFO: [HLS 214-178] Inlining function 'feedforward_q16(ap_fixed<16, 6, (ap_q_mode)5, (ap_o_mode)3, 0> (*) [16], ap_fixed<16, 6, (ap_q_mode)5, (ap_o_mode)3, 0> const*, ap_fixed<16, 6, (ap_q_mode)5, (ap_o_mode)3, 0> const*, ap_fixed<16, 6, (ap_q_mode)5, (ap_o_mode)3, 0> const*, ap_fixed<16, 6, (ap_q_mode)5, (ap_o_mode)3, 0> const*)' into 'imgds_linear_dense_q16(ap_fixed<16, 6, (ap_q_mode)5, (ap_o_mode)3, 0> (*) [64], ap_fixed<16, 6, (ap_q_mode)5, (ap_o_mode)3, 0>*)' (src/imgds_linear_dense_q16.cpp:230:0)
INFO: [HLS 214-241] Aggregating maxi variable 'input' with compact=none mode in 16-bits (src/imgds_linear_dense_q16.cpp:230:0)
INFO: [HLS 214-115] Multiple burst reads of length 64 and bit width 16 in loop 'VITIS_LOOP_248_3'(src/imgds_linear_dense_q16.cpp:248:31) has been inferred on bundle 'gmem0'. These burst requests might be further partitioned into multiple requests during RTL generation, based on max_read_burst_length or max_write_burst_length settings. (src/imgds_linear_dense_q16.cpp:248:31)
INFO: [HLS 214-115] Multiple burst writes of length 2 and bit width 16 has been inferred on bundle 'gmem1'. These burst requests might be further partitioned into multiple requests during RTL generation, based on max_read_burst_length or max_write_burst_length settings. (src/imgds_linear_dense_q16.cpp:297:32)
INFO: [HLS 200-111] Finished Compiling Optimization and Transform: CPU user time: 3.41 seconds. CPU system time: 0.38 seconds. Elapsed time: 4.41 seconds; current allocated memory: 309.039 MB.
INFO: [HLS 200-111] Finished Checking Pragmas: CPU user time: 0 seconds. CPU system time: 0 seconds. Elapsed time: 0 seconds; current allocated memory: 309.039 MB.
INFO: [HLS 200-10] Starting code transformations ...
INFO: [HLS 200-111] Finished Standard Transforms: CPU user time: 0.11 seconds. CPU system time: 0.01 seconds. Elapsed time: 0.23 seconds; current allocated memory: 332.953 MB.
INFO: [HLS 200-10] Checking synthesizability ...
WARNING: [SYNCHK 200-23] /tools/Xilinx/Vitis_HLS/2022.2/common/technology/autopilot/ap_fixed_base.h:1102: variable-indexed range selection may cause suboptimal QoR.
WARNING: [SYNCHK 200-120] /tools/Xilinx/Vitis_HLS/2022.2/common/technology/autopilot/ap_fixed_base.h:1273: multiplication is assumed not to overflow by default, otherwise, please add option '-fwrapv'.
INFO: [SYNCHK 200-10] 0 error(s), 2 warning(s).
INFO: [HLS 200-111] Finished Checking Synthesizability: CPU user time: 0.21 seconds. CPU system time: 0.01 seconds. Elapsed time: 0.26 seconds; current allocated memory: 362.383 MB.
INFO: [XFORM 203-510] Pipelining loop 'VITIS_LOOP_47_1' (src/imgds_linear_dense_q16.cpp:46) in function 'layer_norm_q16' automatically.
INFO: [XFORM 203-510] Pipelining loop 'VITIS_LOOP_53_2' (src/imgds_linear_dense_q16.cpp:52) in function 'layer_norm_q16' automatically.
INFO: [XFORM 203-510] Pipelining loop 'VITIS_LOOP_65_3' (src/imgds_linear_dense_q16.cpp:65) in function 'layer_norm_q16' automatically.
INFO: [XFORM 203-510] Pipelining loop 'VITIS_LOOP_268_4' (src/imgds_linear_dense_q16.cpp:268) in function 'imgds_linear_dense_q16' automatically.
INFO: [XFORM 203-510] Pipelining loop 'VITIS_LOOP_219_6' (src/imgds_linear_dense_q16.cpp:219) in function 'imgds_linear_dense_q16' automatically.
INFO: [XFORM 203-510] Pipelining loop 'VITIS_LOOP_281_5' (src/imgds_linear_dense_q16.cpp:281) in function 'imgds_linear_dense_q16' automatically.
INFO: [XFORM 203-502] Unrolling all loops for pipelining in function 'layer_norm_q16.1' (src/imgds_linear_dense_q16.cpp:46:22).
INFO: [HLS 200-489] Unrolling loop 'VITIS_LOOP_47_1' (src/imgds_linear_dense_q16.cpp:46) in function 'layer_norm_q16.1' completely with a factor of 16.
INFO: [HLS 200-489] Unrolling loop 'VITIS_LOOP_53_2' (src/imgds_linear_dense_q16.cpp:52) in function 'layer_norm_q16.1' completely with a factor of 16.
INFO: [HLS 200-489] Unrolling loop 'VITIS_LOOP_65_3' (src/imgds_linear_dense_q16.cpp:65) in function 'layer_norm_q16.1' completely with a factor of 16.
INFO: [XFORM 203-102] Partitioning array 'layers_0_norm2_weight.V' automatically.
INFO: [XFORM 203-102] Partitioning array 'layers_0_norm2_bias.V' automatically.
INFO: [XFORM 203-102] Partitioning array 'layers_0_norm1_weight.V' automatically.
INFO: [XFORM 203-102] Partitioning array 'layers_0_norm1_bias.V' automatically.
INFO: [XFORM 203-401] Performing if-conversion on hyperblock from (src/imgds_linear_dense_q16.cpp:30:41) to (src/imgds_linear_dense_q16.cpp:107:27) in function 'linear_attention_q16_sparse'... converting 31 basic blocks.
INFO: [XFORM 203-401] Performing if-conversion on hyperblock to (src/imgds_linear_dense_q16.cpp:161:28) in function 'linear_attention_q16_sparse'... converting 16 basic blocks.
INFO: [XFORM 203-401] Performing if-conversion on hyperblock to (src/imgds_linear_dense_q16.cpp:69:1) in function 'layer_norm_q16.1'... converting 16 basic blocks.
INFO: [XFORM 203-401] Performing if-conversion on hyperblock to (src/imgds_linear_dense_q16.cpp:65:22) in function 'layer_norm_q16'... converting 16 basic blocks.
INFO: [XFORM 203-11] Balancing expressions in function 'layer_norm_q16.1' (src/imgds_linear_dense_q16.cpp:61:1)...29 expression(s) balanced.
INFO: [HLS 200-111] Finished Loop, function and other optimizations: CPU user time: 0.56 seconds. CPU system time: 0.02 seconds. Elapsed time: 0.96 seconds; current allocated memory: 420.215 MB.
INFO: [XFORM 203-541] Flattening a loop nest 'VITIS_LOOP_98_2' (src/imgds_linear_dense_q16.cpp:98:35) in function 'linear_attention_q16_sparse'.
WARNING: [HLS 200-960] Cannot flatten loop 'VITIS_LOOP_107_4' (src/imgds_linear_dense_q16.cpp:107:36) in function 'linear_attention_q16_sparse' the outer loop is not a perfect loop because there is nontrivial logic in the loop latch.
WARNING: [HLS 200-960] Cannot flatten loop 'VITIS_LOOP_96_1' (src/imgds_linear_dense_q16.cpp:96:31) in function 'linear_attention_q16_sparse' more than one sub loop.
INFO: [XFORM 203-541] Flattening a loop nest 'VITIS_LOOP_125_7' (src/imgds_linear_dense_q16.cpp:125:36) in function 'linear_attention_q16_sparse'.
INFO: [XFORM 203-541] Flattening a loop nest 'VITIS_LOOP_123_6' (src/imgds_linear_dense_q16.cpp:123:32) in function 'linear_attention_q16_sparse'.
WARNING: [HLS 200-960] Cannot flatten loop 'VITIS_LOOP_137_9' (src/imgds_linear_dense_q16.cpp:137:32) in function 'linear_attention_q16_sparse' the outer loop is not a perfect loop because there is nontrivial logic in the loop latch.
INFO: [XFORM 203-541] Flattening a loop nest 'VITIS_LOOP_161_13' (src/imgds_linear_dense_q16.cpp:161:37) in function 'linear_attention_q16_sparse'.
WARNING: [HLS 200-960] Cannot flatten loop 'VITIS_LOOP_172_15' (src/imgds_linear_dense_q16.cpp:172:37) in function 'linear_attention_q16_sparse' the outer loop is not a perfect loop.
WARNING: [HLS 200-960] Cannot flatten loop 'VITIS_LOOP_148_11' (src/imgds_linear_dense_q16.cpp:150:15) in function 'linear_attention_q16_sparse' more than one sub loop.
WARNING: [HLS 200-960] Cannot flatten loop 'VITIS_LOOP_246_2' (src/imgds_linear_dense_q16.cpp:246:36) in function 'imgds_linear_dense_q16' the outer loop is not a perfect loop.
INFO: [XFORM 203-541] Flattening a loop nest 'VITIS_LOOP_245_1' (src/imgds_linear_dense_q16.cpp:245:32) in function 'imgds_linear_dense_q16'.
WARNING: [HLS 200-960] Cannot flatten loop 'VITIS_LOOP_197_2' (src/imgds_linear_dense_q16.cpp:197:36) in function 'imgds_linear_dense_q16' the outer loop is not a perfect loop because there is nontrivial logic in the loop latch.
WARNING: [HLS 200-960] Cannot flatten loop 'VITIS_LOOP_209_4' (src/imgds_linear_dense_q16.cpp:209:36) in function 'imgds_linear_dense_q16' the outer loop is not a perfect loop.
WARNING: [HLS 200-960] Cannot flatten loop 'VITIS_LOOP_194_1' (src/imgds_linear_dense_q16.cpp:194:29) in function 'imgds_linear_dense_q16' more than one sub loop.
INFO: [XFORM 203-541] Flattening a loop nest 'VITIS_LOOP_286_6' (src/imgds_linear_dense_q16.cpp:286:32) in function 'imgds_linear_dense_q16'.
INFO: [HLS 200-472] Inferring partial write operation for 'V.V' (src/imgds_linear_dense_q16.cpp:104:21)
INFO: [HLS 200-472] Inferring partial write operation for 'Q.V' (src/imgds_linear_dense_q16.cpp:116:21)
INFO: [HLS 200-472] Inferring partial write operation for 'K.V' (src/imgds_linear_dense_q16.cpp:117:21)
INFO: [HLS 200-472] Inferring partial write operation for 'KV.V' (src/imgds_linear_dense_q16.cpp:131:24)
INFO: [HLS 200-472] Inferring partial write operation for 'K_sum.V' (src/imgds_linear_dense_q16.cpp:144:18)
INFO: [HLS 200-472] Inferring partial write operation for 'attended.V' (src/imgds_linear_dense_q16.cpp:168:26)
INFO: [HLS 200-472] Inferring partial write operation for 'x' (src/imgds_linear_dense_q16.cpp:178:23)
INFO: [HLS 200-472] Inferring partial write operation for 'x' (src/imgds_linear_dense_q16.cpp:67:14)
INFO: [HLS 200-472] Inferring partial write operation for 'x.V' (src/imgds_linear_dense_q16.cpp:252:21)
INFO: [HLS 200-472] Inferring partial write operation for 'hidden.V' 
INFO: [HLS 200-472] Inferring partial write operation for 'ff_out.V' (src/imgds_linear_dense_q16.cpp:215:23)
INFO: [HLS 200-472] Inferring partial write operation for 'x.V' (src/imgds_linear_dense_q16.cpp:220:23)
INFO: [HLS 200-472] Inferring partial write operation for 'pooled.V' (src/imgds_linear_dense_q16.cpp:292:19)
INFO: [HLS 200-111] Finished Architecture Synthesis: CPU user time: 0.7 seconds. CPU system time: 0.05 seconds. Elapsed time: 0.85 seconds; current allocated memory: 620.059 MB.
INFO: [HLS 200-10] Starting hardware synthesis ...
INFO: [HLS 200-10] Synthesizing 'imgds_linear_dense_q16' ...
WARNING: [SYN 201-103] Legalizing function name 'layer_norm_q16.1' to 'layer_norm_q16_1'.
INFO: [HLS 200-10] ----------------------------------------------------------------
INFO: [HLS 200-42] -- Implementing module 'imgds_linear_dense_q16_Pipeline_VITIS_LOOP_248_3' 
INFO: [HLS 200-10] ----------------------------------------------------------------
INFO: [SCHED 204-11] Starting scheduling ...
INFO: [HLS 200-486] Changing DSP latency (root=r_V_11) to 3 in order to utilize available DSP registers.
INFO: [SCHED 204-61] Pipelining loop 'VITIS_LOOP_248_3'.
INFO: [HLS 200-1470] Pipelining result : Target II = 1, Final II = 1, Depth = 7, loop 'VITIS_LOOP_248_3'
INFO: [SCHED 204-11] Finished scheduling.
INFO: [HLS 200-111] Finished Scheduling: CPU user time: 0.08 seconds. CPU system time: 0.02 seconds. Elapsed time: 0.23 seconds; current allocated memory: 621.902 MB.
INFO: [BIND 205-100] Starting micro-architecture generation ...
INFO: [BIND 205-101] Performing variable lifetime analysis.
INFO: [BIND 205-101] Exploring resource sharing.
INFO: [BIND 205-101] Binding ...
INFO: [BIND 205-100] Finished micro-architecture generation.
INFO: [HLS 200-111] Finished Binding: CPU user time: 0.02 seconds. CPU system time: 0 seconds. Elapsed time: 0.03 seconds; current allocated memory: 621.902 MB.
INFO: [HLS 200-10] ----------------------------------------------------------------
INFO: [HLS 200-42] -- Implementing module 'linear_attention_q16_sparse_Pipeline_VITIS_LOOP_98_2_VITIS_LOOP_100_3' 
INFO: [HLS 200-10] ----------------------------------------------------------------
INFO: [SCHED 204-11] Starting scheduling ...
INFO: [HLS 200-486] Changing DSP latency (root=r_V_2) to 3 in order to utilize available DSP registers.
INFO: [SCHED 204-61] Pipelining loop 'VITIS_LOOP_98_2_VITIS_LOOP_100_3'.
INFO: [HLS 200-1470] Pipelining result : Target II = 1, Final II = 1, Depth = 7, loop 'VITIS_LOOP_98_2_VITIS_LOOP_100_3'
INFO: [SCHED 204-11] Finished scheduling.
INFO: [HLS 200-111] Finished Scheduling: CPU user time: 0.05 seconds. CPU system time: 0 seconds. Elapsed time: 0.05 seconds; current allocated memory: 622.543 MB.
INFO: [BIND 205-100] Starting micro-architecture generation ...
INFO: [BIND 205-101] Performing variable lifetime analysis.
INFO: [BIND 205-101] Exploring resource sharing.
INFO: [BIND 205-101] Binding ...
INFO: [BIND 205-100] Finished micro-architecture generation.
INFO: [HLS 200-111] Finished Binding: CPU user time: 0.04 seconds. CPU system time: 0 seconds. Elapsed time: 0.03 seconds; current allocated memory: 622.543 MB.
INFO: [HLS 200-10] ----------------------------------------------------------------
INFO: [HLS 200-42] -- Implementing module 'linear_attention_q16_sparse_Pipeline_VITIS_LOOP_110_5' 
INFO: [HLS 200-10] ----------------------------------------------------------------
INFO: [SCHED 204-11] Starting scheduling ...
INFO: [HLS 200-486] Changing DSP latency (root=r_V_8) to 3 in order to utilize available DSP registers.
INFO: [HLS 200-486] Changing DSP latency (root=r_V) to 3 in order to utilize available DSP registers.
INFO: [SCHED 204-61] Pipelining loop 'VITIS_LOOP_110_5'.
INFO: [HLS 200-1470] Pipelining result : Target II = 1, Final II = 1, Depth = 5, loop 'VITIS_LOOP_110_5'
INFO: [SCHED 204-11] Finished scheduling.
INFO: [HLS 200-111] Finished Scheduling: CPU user time: 0.06 seconds. CPU system time: 0 seconds. Elapsed time: 0.09 seconds; current allocated memory: 623.055 MB.
INFO: [BIND 205-100] Starting micro-architecture generation ...
INFO: [BIND 205-101] Performing variable lifetime analysis.
INFO: [BIND 205-101] Exploring resource sharing.
INFO: [BIND 205-101] Binding ...
INFO: [BIND 205-100] Finished micro-architecture generation.
INFO: [HLS 200-111] Finished Binding: CPU user time: 0.02 seconds. CPU system time: 0 seconds. Elapsed time: 0.02 seconds; current allocated memory: 623.055 MB.
INFO: [HLS 200-10] ----------------------------------------------------------------
INFO: [HLS 200-42] -- Implementing module 'linear_attention_q16_sparse_Pipeline_VITIS_LOOP_123_6_VITIS_LOOP_125_7_VITIS_LOO' 
INFO: [HLS 200-10] ----------------------------------------------------------------
INFO: [SCHED 204-11] Starting scheduling ...
INFO: [HLS 200-486] Changing DSP latency (root=mul_ln1347) to 3 in order to utilize available DSP registers.
INFO: [SCHED 204-61] Pipelining loop 'VITIS_LOOP_123_6_VITIS_LOOP_125_7_VITIS_LOOP_127_8'.
INFO: [HLS 200-1470] Pipelining result : Target II = 1, Final II = 1, Depth = 7, loop 'VITIS_LOOP_123_6_VITIS_LOOP_125_7_VITIS_LOOP_127_8'
WARNING: [HLS 200-871] Estimated clock period (7.90325ns) exceeds the target (target clock period: 10ns, clock uncertainty: 2.7ns, effective delay budget: 7.3ns).
WARNING: [HLS 200-1016] The critical path in module 'linear_attention_q16_sparse_Pipeline_VITIS_LOOP_123_6_VITIS_LOOP_125_7_VITIS_LOO' consists of the following:	'load' operation ('pos_load', src/imgds_linear_dense_q16.cpp:127) on local variable 'pos' [26]  (0 ns)
	'icmp' operation ('icmp_ln127', src/imgds_linear_dense_q16.cpp:127) [40]  (1.36 ns)
	'and' operation ('and_ln123', src/imgds_linear_dense_q16.cpp:123) [41]  (0.978 ns)
	'or' operation ('or_ln125', src/imgds_linear_dense_q16.cpp:125) [44]  (0.978 ns)
	'select' operation ('select_ln125', src/imgds_linear_dense_q16.cpp:125) [45]  (1.22 ns)
	'add' operation ('add_ln127', src/imgds_linear_dense_q16.cpp:127) [70]  (1.78 ns)
	'store' operation ('pos_write_ln127', src/imgds_linear_dense_q16.cpp:127) of variable 'add_ln127', src/imgds_linear_dense_q16.cpp:127 on local variable 'pos' [84]  (1.59 ns)

INFO: [SCHED 204-11] Finished scheduling.
INFO: [HLS 200-111] Finished Scheduling: CPU user time: 0.07 seconds. CPU system time: 0 seconds. Elapsed time: 0.17 seconds; current allocated memory: 623.840 MB.
INFO: [BIND 205-100] Starting micro-architecture generation ...
INFO: [BIND 205-101] Performing variable lifetime analysis.
INFO: [BIND 205-101] Exploring resource sharing.
INFO: [BIND 205-101] Binding ...
INFO: [BIND 205-100] Finished micro-architecture generation.
INFO: [HLS 200-111] Finished Binding: CPU user time: 0.04 seconds. CPU system time: 0 seconds. Elapsed time: 0.04 seconds; current allocated memory: 623.840 MB.
INFO: [HLS 200-10] ----------------------------------------------------------------
INFO: [HLS 200-42] -- Implementing module 'linear_attention_q16_sparse_Pipeline_VITIS_LOOP_140_10' 
INFO: [HLS 200-10] ----------------------------------------------------------------
INFO: [SCHED 204-11] Starting scheduling ...
INFO: [SCHED 204-61] Pipelining loop 'VITIS_LOOP_140_10'.
INFO: [HLS 200-1470] Pipelining result : Target II = 1, Final II = 1, Depth = 2, loop 'VITIS_LOOP_140_10'
INFO: [SCHED 204-11] Finished scheduling.
INFO: [HLS 200-111] Finished Scheduling: CPU user time: 0.06 seconds. CPU system time: 0.01 seconds. Elapsed time: 0.15 seconds; current allocated memory: 624.156 MB.
INFO: [BIND 205-100] Starting micro-architecture generation ...
INFO: [BIND 205-101] Performing variable lifetime analysis.
INFO: [BIND 205-101] Exploring resource sharing.
INFO: [BIND 205-101] Binding ...
INFO: [BIND 205-100] Finished micro-architecture generation.
INFO: [HLS 200-111] Finished Binding: CPU user time: 0.01 seconds. CPU system time: 0 seconds. Elapsed time: 0.01 seconds; current allocated memory: 624.156 MB.
INFO: [HLS 200-10] ----------------------------------------------------------------
INFO: [HLS 200-42] -- Implementing module 'linear_attention_q16_sparse_Pipeline_VITIS_LOOP_151_12' 
INFO: [HLS 200-10] ----------------------------------------------------------------
INFO: [SCHED 204-11] Starting scheduling ...
INFO: [HLS 200-486] Changing DSP latency (root=mul_ln1347) to 3 in order to utilize available DSP registers.
INFO: [SCHED 204-61] Pipelining loop 'VITIS_LOOP_151_12'.
INFO: [HLS 200-1470] Pipelining result : Target II = 1, Final II = 1, Depth = 6, loop 'VITIS_LOOP_151_12'
INFO: [SCHED 204-11] Finished scheduling.
INFO: [HLS 200-111] Finished Scheduling: CPU user time: 0.02 seconds. CPU system time: 0 seconds. Elapsed time: 0.03 seconds; current allocated memory: 624.469 MB.
INFO: [BIND 205-100] Starting micro-architecture generation ...
INFO: [BIND 205-101] Performing variable lifetime analysis.
INFO: [BIND 205-101] Exploring resource sharing.
INFO: [BIND 205-101] Binding ...
INFO: [BIND 205-100] Finished micro-architecture generation.
INFO: [HLS 200-111] Finished Binding: CPU user time: 0.02 seconds. CPU system time: 0 seconds. Elapsed time: 0.02 seconds; current allocated memory: 624.469 MB.
INFO: [HLS 200-10] ----------------------------------------------------------------
INFO: [HLS 200-42] -- Implementing module 'linear_attention_q16_sparse_Pipeline_VITIS_LOOP_161_13_VITIS_LOOP_163_14' 
INFO: [HLS 200-10] ----------------------------------------------------------------
INFO: [SCHED 204-11] Starting scheduling ...
INFO: [HLS 200-486] Changing DSP latency (root=mul_ln1347) to 3 in order to utilize available DSP registers.
INFO: [HLS 200-486] Changing DSP latency (root=mul_ln1270) to 3 in order to utilize available DSP registers.
INFO: [SCHED 204-61] Pipelining loop 'VITIS_LOOP_161_13_VITIS_LOOP_163_14'.
INFO: [HLS 200-1470] Pipelining result : Target II = 1, Final II = 1, Depth = 10, loop 'VITIS_LOOP_161_13_VITIS_LOOP_163_14'
INFO: [SCHED 204-11] Finished scheduling.
INFO: [HLS 200-111] Finished Scheduling: CPU user time: 0.04 seconds. CPU system time: 0 seconds. Elapsed time: 0.05 seconds; current allocated memory: 624.961 MB.
INFO: [BIND 205-100] Starting micro-architecture generation ...
INFO: [BIND 205-101] Performing variable lifetime analysis.
INFO: [BIND 205-101] Exploring resource sharing.
INFO: [BIND 205-101] Binding ...
INFO: [BIND 205-100] Finished micro-architecture generation.
INFO: [HLS 200-111] Finished Binding: CPU user time: 0.03 seconds. CPU system time: 0 seconds. Elapsed time: 0.03 seconds; current allocated memory: 624.961 MB.
INFO: [HLS 200-10] ----------------------------------------------------------------
INFO: [HLS 200-42] -- Implementing module 'linear_attention_q16_sparse_Pipeline_VITIS_LOOP_174_16' 
INFO: [HLS 200-10] ----------------------------------------------------------------
INFO: [SCHED 204-11] Starting scheduling ...
INFO: [HLS 200-486] Changing DSP latency (root=r_V_4) to 3 in order to utilize available DSP registers.
INFO: [SCHED 204-61] Pipelining loop 'VITIS_LOOP_174_16'.
INFO: [HLS 200-1470] Pipelining result : Target II = 1, Final II = 1, Depth = 6, loop 'VITIS_LOOP_174_16'
INFO: [SCHED 204-11] Finished scheduling.
INFO: [HLS 200-111] Finished Scheduling: CPU user time: 0.05 seconds. CPU system time: 0 seconds. Elapsed time: 0.05 seconds; current allocated memory: 625.496 MB.
INFO: [BIND 205-100] Starting micro-architecture generation ...
INFO: [BIND 205-101] Performing variable lifetime analysis.
INFO: [BIND 205-101] Exploring resource sharing.
INFO: [BIND 205-101] Binding ...
INFO: [BIND 205-100] Finished micro-architecture generation.
INFO: [HLS 200-111] Finished Binding: CPU user time: 0.03 seconds. CPU system time: 0 seconds. Elapsed time: 0.03 seconds; current allocated memory: 625.496 MB.
INFO: [HLS 200-10] ----------------------------------------------------------------
INFO: [HLS 200-42] -- Implementing module 'linear_attention_q16_sparse' 
INFO: [HLS 200-10] ----------------------------------------------------------------
INFO: [SCHED 204-11] Starting scheduling ...
INFO: [SCHED 204-11] Finished scheduling.
INFO: [HLS 200-111] Finished Scheduling: CPU user time: 0.2 seconds. CPU system time: 0.01 seconds. Elapsed time: 0.2 seconds; current allocated memory: 628.840 MB.
INFO: [BIND 205-100] Starting micro-architecture generation ...
INFO: [BIND 205-101] Performing variable lifetime analysis.
INFO: [BIND 205-101] Exploring resource sharing.
INFO: [BIND 205-101] Binding ...
INFO: [BIND 205-100] Finished micro-architecture generation.
INFO: [HLS 200-111] Finished Binding: CPU user time: 0.33 seconds. CPU system time: 0 seconds. Elapsed time: 0.33 seconds; current allocated memory: 628.840 MB.
INFO: [HLS 200-10] ----------------------------------------------------------------
INFO: [HLS 200-42] -- Implementing module 'layer_norm_q16_1' 
INFO: [HLS 200-10] ----------------------------------------------------------------
INFO: [SCHED 204-11] Starting scheduling ...
INFO: [HLS 200-486] Changing DSP latency (root=mul_ln837_11) to 3 in order to utilize available DSP registers.
INFO: [HLS 200-486] Changing DSP latency (root=sub_ln1348_15) to 3 in order to utilize available DSP registers.
INFO: [HLS 200-486] Changing DSP latency (root=mul_ln837_10) to 3 in order to utilize available DSP registers.
INFO: [HLS 200-486] Changing DSP latency (root=sub_ln1348_14) to 3 in order to utilize available DSP registers.
INFO: [HLS 200-486] Changing DSP latency (root=mul_ln837_9) to 3 in order to utilize available DSP registers.
INFO: [HLS 200-486] Changing DSP latency (root=sub_ln1348_13) to 3 in order to utilize available DSP registers.
INFO: [HLS 200-486] Changing DSP latency (root=mul_ln813_3) to 3 in order to utilize available DSP registers.
INFO: [HLS 200-486] Changing DSP latency (root=sub_ln1348_12) to 3 in order to utilize available DSP registers.
INFO: [HLS 200-486] Changing DSP latency (root=mul_ln837_8) to 3 in order to utilize available DSP registers.
INFO: [HLS 200-486] Changing DSP latency (root=sub_ln1348_11) to 3 in order to utilize available DSP registers.
INFO: [HLS 200-486] Changing DSP latency (root=mul_ln837_7) to 3 in order to utilize available DSP registers.
INFO: [HLS 200-486] Changing DSP latency (root=sub_ln1348_10) to 3 in order to utilize available DSP registers.
INFO: [HLS 200-486] Changing DSP latency (root=mul_ln837_6) to 3 in order to utilize available DSP registers.
INFO: [HLS 200-486] Changing DSP latency (root=sub_ln1348_9) to 3 in order to utilize available DSP registers.
INFO: [HLS 200-486] Changing DSP latency (root=mul_ln813_2) to 3 in order to utilize available DSP registers.
INFO: [HLS 200-486] Changing DSP latency (root=sub_ln1348_8) to 3 in order to utilize available DSP registers.
INFO: [HLS 200-486] Changing DSP latency (root=mul_ln813_1) to 3 in order to utilize available DSP registers.
INFO: [HLS 200-486] Changing DSP latency (root=sub_ln1348_7) to 3 in order to utilize available DSP registers.
INFO: [HLS 200-486] Changing DSP latency (root=mul_ln813) to 3 in order to utilize available DSP registers.
INFO: [HLS 200-486] Changing DSP latency (root=sub_ln1348_6) to 3 in order to utilize available DSP registers.
INFO: [HLS 200-486] Changing DSP latency (root=mul_ln837_5) to 3 in order to utilize available DSP registers.
INFO: [HLS 200-486] Changing DSP latency (root=sub_ln1348_5) to 3 in order to utilize available DSP registers.
INFO: [HLS 200-486] Changing DSP latency (root=mul_ln837_4) to 3 in order to utilize available DSP registers.
INFO: [HLS 200-486] Changing DSP latency (root=sub_ln1348_4) to 3 in order to utilize available DSP registers.
INFO: [HLS 200-486] Changing DSP latency (root=mul_ln837_3) to 3 in order to utilize available DSP registers.
INFO: [HLS 200-486] Changing DSP latency (root=sub_ln1348_3) to 3 in order to utilize available DSP registers.
INFO: [HLS 200-486] Changing DSP latency (root=mul_ln837_2) to 3 in order to utilize available DSP registers.
INFO: [HLS 200-486] Changing DSP latency (root=sub_ln1348_2) to 3 in order to utilize available DSP registers.
INFO: [HLS 200-486] Changing DSP latency (root=mul_ln837_1) to 3 in order to utilize available DSP registers.
INFO: [HLS 200-486] Changing DSP latency (root=sub_ln1348_1) to 3 in order to utilize available DSP registers.
INFO: [HLS 200-486] Changing DSP latency (root=mul_ln837) to 3 in order to utilize available DSP registers.
INFO: [HLS 200-486] Changing DSP latency (root=sub_ln1348) to 3 in order to utilize available DSP registers.
INFO: [HLS 200-486] Changing DSP latency (root=mul_ln1347_14) to 3 in order to utilize available DSP registers.
INFO: [HLS 200-486] Changing DSP latency (root=mul_ln1347_13) to 3 in order to utilize available DSP registers.
INFO: [HLS 200-486] Changing DSP latency (root=mul_ln1347_12) to 3 in order to utilize available DSP registers.
INFO: [HLS 200-486] Changing DSP latency (root=mul_ln1347_11) to 3 in order to utilize available DSP registers.
INFO: [HLS 200-486] Changing DSP latency (root=mul_ln1347_10) to 3 in order to utilize available DSP registers.
INFO: [HLS 200-486] Changing DSP latency (root=mul_ln1347_9) to 3 in order to utilize available DSP registers.
INFO: [HLS 200-486] Changing DSP latency (root=mul_ln1347_8) to 3 in order to utilize available DSP registers.
INFO: [HLS 200-486] Changing DSP latency (root=mul_ln1347_7) to 3 in order to utilize available DSP registers.
INFO: [HLS 200-486] Changing DSP latency (root=mul_ln1347_6) to 3 in order to utilize available DSP registers.
INFO: [HLS 200-486] Changing DSP latency (root=mul_ln1347_5) to 3 in order to utilize available DSP registers.
INFO: [HLS 200-486] Changing DSP latency (root=mul_ln1347_4) to 3 in order to utilize available DSP registers.
INFO: [HLS 200-486] Changing DSP latency (root=mul_ln1347_3) to 3 in order to utilize available DSP registers.
INFO: [HLS 200-486] Changing DSP latency (root=mul_ln1347_2) to 3 in order to utilize available DSP registers.
INFO: [HLS 200-486] Changing DSP latency (root=mul_ln1347_1) to 3 in order to utilize available DSP registers.
INFO: [HLS 200-486] Changing DSP latency (root=mul_ln1347) to 3 in order to utilize available DSP registers.
INFO: [HLS 200-486] Changing DSP latency (root=mul_ln818) to 3 in order to utilize available DSP registers.
INFO: [SCHED 204-61] Pipelining function 'layer_norm_q16.1'.
WARNING: [HLS 200-880] The II Violation in module 'layer_norm_q16_1' (function 'layer_norm_q16.1'): Unable to enforce a carried dependence constraint (II = 1, distance = 1, offset = 1) between 'store' operation ('x_addr_write_ln67', src/imgds_linear_dense_q16.cpp:67) of variable 'trunc_ln818_16' on array 'x' and 'load' operation ('x_load') on array 'x'.
WARNING: [HLS 200-880] The II Violation in module 'layer_norm_q16_1' (function 'layer_norm_q16.1'): Unable to enforce a carried dependence constraint (II = 2, distance = 1, offset = 1) between 'store' operation ('x_addr_write_ln67', src/imgds_linear_dense_q16.cpp:67) of variable 'trunc_ln818_16' on array 'x' and 'load' operation ('x_load') on array 'x'.
WARNING: [HLS 200-880] The II Violation in module 'layer_norm_q16_1' (function 'layer_norm_q16.1'): Unable to enforce a carried dependence constraint (II = 3, distance = 1, offset = 1) between 'store' operation ('x_addr_write_ln67', src/imgds_linear_dense_q16.cpp:67) of variable 'trunc_ln818_16' on array 'x' and 'load' operation ('x_load') on array 'x'.
WARNING: [HLS 200-880] The II Violation in module 'layer_norm_q16_1' (function 'layer_norm_q16.1'): Unable to enforce a carried dependence constraint (II = 4, distance = 1, offset = 1) between 'store' operation ('x_addr_write_ln67', src/imgds_linear_dense_q16.cpp:67) of variable 'trunc_ln818_16' on array 'x' and 'load' operation ('x_load') on array 'x'.
WARNING: [HLS 200-880] The II Violation in module 'layer_norm_q16_1' (function 'layer_norm_q16.1'): Unable to enforce a carried dependence constraint (II = 67, distance = 1, offset = 1) between 'store' operation ('x_addr_write_ln67', src/imgds_linear_dense_q16.cpp:67) of variable 'trunc_ln818_16' on array 'x' and 'load' operation ('x_load') on array 'x'.
WARNING: [HLS 200-885] The II Violation in module 'layer_norm_q16_1' (function 'layer_norm_q16.1'): Unable to schedule 'load' operation ('x_load_13') on array 'x' due to limited memory ports (II = 82). Please consider using a memory core with more ports or partitioning the array 'x'.
WARNING: [HLS 200-885] The II Violation in module 'layer_norm_q16_1' (function 'layer_norm_q16.1'): Unable to schedule 'load' operation ('x_load_1') on array 'x' due to limited memory ports (II = 86). Please consider using a memory core with more ports or partitioning the array 'x'.
WARNING: [HLS 200-885] The II Violation in module 'layer_norm_q16_1' (function 'layer_norm_q16.1'): Unable to schedule 'load' operation ('x_load_1') on array 'x' due to limited memory ports (II = 88). Please consider using a memory core with more ports or partitioning the array 'x'.
WARNING: [HLS 200-885] The II Violation in module 'layer_norm_q16_1' (function 'layer_norm_q16.1'): Unable to schedule 'load' operation ('x_load_1') on array 'x' due to limited memory ports (II = 89). Please consider using a memory core with more ports or partitioning the array 'x'.
INFO: [HLS 200-1470] Pipelining result : Target II = NA, Final II = 90, Depth = 90, function 'layer_norm_q16.1'
INFO: [SCHED 204-11] Finished scheduling.
INFO: [HLS 200-111] Finished Scheduling: CPU user time: 4.65 seconds. CPU system time: 0.01 seconds. Elapsed time: 4.7 seconds; current allocated memory: 633.285 MB.
INFO: [BIND 205-100] Starting micro-architecture generation ...
INFO: [BIND 205-101] Performing variable lifetime analysis.
INFO: [BIND 205-101] Exploring resource sharing.
INFO: [BIND 205-101] Binding ...
INFO: [BIND 205-100] Finished micro-architecture generation.
INFO: [HLS 200-111] Finished Binding: CPU user time: 0.35 seconds. CPU system time: 0 seconds. Elapsed time: 0.39 seconds; current allocated memory: 633.285 MB.
INFO: [HLS 200-10] ----------------------------------------------------------------
INFO: [HLS 200-42] -- Implementing module 'imgds_linear_dense_q16_Pipeline_VITIS_LOOP_268_4' 
INFO: [HLS 200-10] ----------------------------------------------------------------
INFO: [SCHED 204-11] Starting scheduling ...
INFO: [SCHED 204-61] Pipelining loop 'VITIS_LOOP_268_4'.
INFO: [HLS 200-1470] Pipelining result : Target II = NA, Final II = 90, Depth = 91, loop 'VITIS_LOOP_268_4'
INFO: [SCHED 204-11] Finished scheduling.
INFO: [HLS 200-111] Finished Scheduling: CPU user time: 0.31 seconds. CPU system time: 0.01 seconds. Elapsed time: 0.32 seconds; current allocated memory: 634.199 MB.
INFO: [BIND 205-100] Starting micro-architecture generation ...
INFO: [BIND 205-101] Performing variable lifetime analysis.
INFO: [BIND 205-101] Exploring resource sharing.
INFO: [BIND 205-101] Binding ...
INFO: [BIND 205-100] Finished micro-architecture generation.
INFO: [HLS 200-111] Finished Binding: CPU user time: 0.24 seconds. CPU system time: 0 seconds. Elapsed time: 0.25 seconds; current allocated memory: 634.602 MB.
INFO: [HLS 200-10] ----------------------------------------------------------------
INFO: [HLS 200-42] -- Implementing module 'imgds_linear_dense_q16_Pipeline_VITIS_LOOP_199_3' 
INFO: [HLS 200-10] ----------------------------------------------------------------
INFO: [SCHED 204-11] Starting scheduling ...
INFO: [HLS 200-486] Changing DSP latency (root=r_V_15) to 3 in order to utilize available DSP registers.
INFO: [SCHED 204-61] Pipelining loop 'VITIS_LOOP_199_3'.
INFO: [HLS 200-1470] Pipelining result : Target II = 1, Final II = 1, Depth = 5, loop 'VITIS_LOOP_199_3'
INFO: [SCHED 204-11] Finished scheduling.
INFO: [HLS 200-111] Finished Scheduling: CPU user time: 0.19 seconds. CPU system time: 0 seconds. Elapsed time: 0.19 seconds; current allocated memory: 635.645 MB.
INFO: [BIND 205-100] Starting micro-architecture generation ...
INFO: [BIND 205-101] Performing variable lifetime analysis.
INFO: [BIND 205-101] Exploring resource sharing.
INFO: [BIND 205-101] Binding ...
INFO: [BIND 205-100] Finished micro-architecture generation.
INFO: [HLS 200-111] Finished Binding: CPU user time: 0.03 seconds. CPU system time: 0 seconds. Elapsed time: 0.03 seconds; current allocated memory: 635.645 MB.
INFO: [HLS 200-10] ----------------------------------------------------------------
INFO: [HLS 200-42] -- Implementing module 'imgds_linear_dense_q16_Pipeline_VITIS_LOOP_211_5' 
INFO: [HLS 200-10] ----------------------------------------------------------------
INFO: [SCHED 204-11] Starting scheduling ...
INFO: [HLS 200-486] Changing DSP latency (root=r_V_13) to 3 in order to utilize available DSP registers.
INFO: [SCHED 204-61] Pipelining loop 'VITIS_LOOP_211_5'.
INFO: [HLS 200-1470] Pipelining result : Target II = 1, Final II = 1, Depth = 5, loop 'VITIS_LOOP_211_5'
INFO: [SCHED 204-11] Finished scheduling.
INFO: [HLS 200-111] Finished Scheduling: CPU user time: 0.05 seconds. CPU system time: 0 seconds. Elapsed time: 0.05 seconds; current allocated memory: 636.188 MB.
INFO: [BIND 205-100] Starting micro-architecture generation ...
INFO: [BIND 205-101] Performing variable lifetime analysis.
INFO: [BIND 205-101] Exploring resource sharing.
INFO: [BIND 205-101] Binding ...
INFO: [BIND 205-100] Finished micro-architecture generation.
INFO: [HLS 200-111] Finished Binding: CPU user time: 0.03 seconds. CPU system time: 0 seconds. Elapsed time: 0.03 seconds; current allocated memory: 636.188 MB.
INFO: [HLS 200-10] ----------------------------------------------------------------
INFO: [HLS 200-42] -- Implementing module 'imgds_linear_dense_q16_Pipeline_VITIS_LOOP_219_6' 
INFO: [HLS 200-10] ----------------------------------------------------------------
INFO: [SCHED 204-11] Starting scheduling ...
INFO: [SCHED 204-61] Pipelining loop 'VITIS_LOOP_219_6'.
INFO: [HLS 200-1470] Pipelining result : Target II = NA, Final II = 1, Depth = 3, loop 'VITIS_LOOP_219_6'
INFO: [SCHED 204-11] Finished scheduling.
INFO: [HLS 200-111] Finished Scheduling: CPU user time: 0.04 seconds. CPU system time: 0 seconds. Elapsed time: 0.04 seconds; current allocated memory: 636.590 MB.
INFO: [BIND 205-100] Starting micro-architecture generation ...
INFO: [BIND 205-101] Performing variable lifetime analysis.
INFO: [BIND 205-101] Exploring resource sharing.
INFO: [BIND 205-101] Binding ...
INFO: [BIND 205-100] Finished micro-architecture generation.
INFO: [HLS 200-111] Finished Binding: CPU user time: 0.02 seconds. CPU system time: 0 seconds. Elapsed time: 0.02 seconds; current allocated memory: 636.590 MB.
INFO: [HLS 200-10] ----------------------------------------------------------------
INFO: [HLS 200-42] -- Implementing module 'imgds_linear_dense_q16_Pipeline_VITIS_LOOP_281_5' 
INFO: [HLS 200-10] ----------------------------------------------------------------
INFO: [SCHED 204-11] Starting scheduling ...
INFO: [SCHED 204-61] Pipelining loop 'VITIS_LOOP_281_5'.
INFO: [HLS 200-1470] Pipelining result : Target II = NA, Final II = 90, Depth = 91, loop 'VITIS_LOOP_281_5'
INFO: [SCHED 204-11] Finished scheduling.
INFO: [HLS 200-111] Finished Scheduling: CPU user time: 0.09 seconds. CPU system time: 0 seconds. Elapsed time: 0.09 seconds; current allocated memory: 636.844 MB.
INFO: [BIND 205-100] Starting micro-architecture generation ...
INFO: [BIND 205-101] Performing variable lifetime analysis.
INFO: [BIND 205-101] Exploring resource sharing.
INFO: [BIND 205-101] Binding ...
INFO: [BIND 205-100] Finished micro-architecture generation.
INFO: [HLS 200-111] Finished Binding: CPU user time: 0.26 seconds. CPU system time: 0 seconds. Elapsed time: 0.27 seconds; current allocated memory: 637.383 MB.
INFO: [HLS 200-10] ----------------------------------------------------------------
INFO: [HLS 200-42] -- Implementing module 'imgds_linear_dense_q16_Pipeline_VITIS_LOOP_286_6_VITIS_LOOP_288_7' 
INFO: [HLS 200-10] ----------------------------------------------------------------
INFO: [SCHED 204-11] Starting scheduling ...
INFO: [SCHED 204-61] Pipelining loop 'VITIS_LOOP_286_6_VITIS_LOOP_288_7'.
INFO: [HLS 200-1470] Pipelining result : Target II = 1, Final II = 1, Depth = 5, loop 'VITIS_LOOP_286_6_VITIS_LOOP_288_7'
INFO: [SCHED 204-11] Finished scheduling.
INFO: [HLS 200-111] Finished Scheduling: CPU user time: 0.2 seconds. CPU system time: 0 seconds. Elapsed time: 0.26 seconds; current allocated memory: 638.445 MB.
INFO: [BIND 205-100] Starting micro-architecture generation ...
INFO: [BIND 205-101] Performing variable lifetime analysis.
INFO: [BIND 205-101] Exploring resource sharing.
INFO: [BIND 205-101] Binding ...
INFO: [BIND 205-100] Finished micro-architecture generation.
INFO: [HLS 200-111] Finished Binding: CPU user time: 0.04 seconds. CPU system time: 0.01 seconds. Elapsed time: 0.03 seconds; current allocated memory: 638.445 MB.
INFO: [HLS 200-10] ----------------------------------------------------------------
INFO: [HLS 200-42] -- Implementing module 'layer_norm_q16_Pipeline_VITIS_LOOP_47_1' 
INFO: [HLS 200-10] ----------------------------------------------------------------
INFO: [SCHED 204-11] Starting scheduling ...
INFO: [SCHED 204-61] Pipelining loop 'VITIS_LOOP_47_1'.
INFO: [HLS 200-1470] Pipelining result : Target II = NA, Final II = 1, Depth = 2, loop 'VITIS_LOOP_47_1'
INFO: [SCHED 204-11] Finished scheduling.
INFO: [HLS 200-111] Finished Scheduling: CPU user time: 0.06 seconds. CPU system time: 0 seconds. Elapsed time: 0.19 seconds; current allocated memory: 639.012 MB.
INFO: [BIND 205-100] Starting micro-architecture generation ...
INFO: [BIND 205-101] Performing variable lifetime analysis.
INFO: [BIND 205-101] Exploring resource sharing.
INFO: [BIND 205-101] Binding ...
INFO: [BIND 205-100] Finished micro-architecture generation.
INFO: [HLS 200-111] Finished Binding: CPU user time: 0.02 seconds. CPU system time: 0 seconds. Elapsed time: 0.02 seconds; current allocated memory: 639.012 MB.
INFO: [HLS 200-10] ----------------------------------------------------------------
INFO: [HLS 200-42] -- Implementing module 'layer_norm_q16_Pipeline_VITIS_LOOP_53_2' 
INFO: [HLS 200-10] ----------------------------------------------------------------
INFO: [SCHED 204-11] Starting scheduling ...
INFO: [HLS 200-486] Changing DSP latency (root=mul_ln1347) to 3 in order to utilize available DSP registers.
INFO: [SCHED 204-61] Pipelining loop 'VITIS_LOOP_53_2'.
INFO: [HLS 200-1470] Pipelining result : Target II = NA, Final II = 1, Depth = 5, loop 'VITIS_LOOP_53_2'
INFO: [SCHED 204-11] Finished scheduling.
INFO: [HLS 200-111] Finished Scheduling: CPU user time: 0.03 seconds. CPU system time: 0.01 seconds. Elapsed time: 0.04 seconds; current allocated memory: 639.293 MB.
INFO: [BIND 205-100] Starting micro-architecture generation ...
INFO: [BIND 205-101] Performing variable lifetime analysis.
INFO: [BIND 205-101] Exploring resource sharing.
INFO: [BIND 205-101] Binding ...
INFO: [BIND 205-100] Finished micro-architecture generation.
INFO: [HLS 200-111] Finished Binding: CPU user time: 0.03 seconds. CPU system time: 0 seconds. Elapsed time: 0.03 seconds; current allocated memory: 639.293 MB.
INFO: [HLS 200-10] ----------------------------------------------------------------
INFO: [HLS 200-42] -- Implementing module 'layer_norm_q16_Pipeline_VITIS_LOOP_65_3' 
INFO: [HLS 200-10] ----------------------------------------------------------------
INFO: [SCHED 204-11] Starting scheduling ...
INFO: [HLS 200-486] Changing DSP latency (root=mul_ln837) to 3 in order to utilize available DSP registers.
INFO: [HLS 200-486] Changing DSP latency (root=ret_V_2) to 3 in order to utilize available DSP registers.
INFO: [SCHED 204-61] Pipelining loop 'VITIS_LOOP_65_3'.
INFO: [HLS 200-1470] Pipelining result : Target II = NA, Final II = 1, Depth = 8, loop 'VITIS_LOOP_65_3'
INFO: [SCHED 204-11] Finished scheduling.
INFO: [HLS 200-111] Finished Scheduling: CPU user time: 0.04 seconds. CPU system time: 0 seconds. Elapsed time: 0.04 seconds; current allocated memory: 639.652 MB.
INFO: [BIND 205-100] Starting micro-architecture generation ...
INFO: [BIND 205-101] Performing variable lifetime analysis.
INFO: [BIND 205-101] Exploring resource sharing.
INFO: [BIND 205-101] Binding ...
INFO: [BIND 205-100] Finished micro-architecture generation.
INFO: [HLS 200-111] Finished Binding: CPU user time: 0.04 seconds. CPU system time: 0 seconds. Elapsed time: 0.03 seconds; current allocated memory: 639.652 MB.
INFO: [HLS 200-10] ----------------------------------------------------------------
INFO: [HLS 200-42] -- Implementing module 'layer_norm_q16' 
INFO: [HLS 200-10] ----------------------------------------------------------------
INFO: [SCHED 204-11] Starting scheduling ...
INFO: [SCHED 204-11] Finished scheduling.
INFO: [HLS 200-111] Finished Scheduling: CPU user time: 0.1 seconds. CPU system time: 0 seconds. Elapsed time: 0.11 seconds; current allocated memory: 639.996 MB.
INFO: [BIND 205-100] Starting micro-architecture generation ...
INFO: [BIND 205-101] Performing variable lifetime analysis.
INFO: [BIND 205-101] Exploring resource sharing.
INFO: [BIND 205-101] Binding ...
INFO: [BIND 205-100] Finished micro-architecture generation.
INFO: [HLS 200-111] Finished Binding: CPU user time: 0.18 seconds. CPU system time: 0 seconds. Elapsed time: 0.21 seconds; current allocated memory: 640.113 MB.
INFO: [HLS 200-10] ----------------------------------------------------------------
INFO: [HLS 200-42] -- Implementing module 'imgds_linear_dense_q16' 
INFO: [HLS 200-10] ----------------------------------------------------------------
INFO: [SCHED 204-11] Starting scheduling ...
INFO: [HLS 200-486] Changing DSP latency (root=r_V_58) to 3 in order to utilize available DSP registers.
INFO: [HLS 200-486] Changing DSP latency (root=r_V_57) to 3 in order to utilize available DSP registers.
INFO: [HLS 200-486] Changing DSP latency (root=r_V_56) to 3 in order to utilize available DSP registers.
INFO: [HLS 200-486] Changing DSP latency (root=r_V_54) to 3 in order to utilize available DSP registers.
INFO: [HLS 200-486] Changing DSP latency (root=r_V_53) to 3 in order to utilize available DSP registers.
INFO: [HLS 200-486] Changing DSP latency (root=r_V_50) to 3 in order to utilize available DSP registers.
INFO: [HLS 200-486] Changing DSP latency (root=r_V_48) to 3 in order to utilize available DSP registers.
INFO: [HLS 200-486] Changing DSP latency (root=r_V_47) to 3 in order to utilize available DSP registers.
INFO: [HLS 200-486] Changing DSP latency (root=r_V_45) to 3 in order to utilize available DSP registers.
INFO: [HLS 200-486] Changing DSP latency (root=mul_ln1270) to 3 in order to utilize available DSP registers.
INFO: [HLS 200-486] Changing DSP latency (root=r_V_44) to 3 in order to utilize available DSP registers.
INFO: [HLS 200-486] Changing DSP latency (root=r_V_42) to 3 in order to utilize available DSP registers.
INFO: [HLS 200-486] Changing DSP latency (root=r_V_40) to 3 in order to utilize available DSP registers.
INFO: [HLS 200-486] Changing DSP latency (root=r_V_38) to 3 in order to utilize available DSP registers.
INFO: [HLS 200-486] Changing DSP latency (root=r_V_36) to 3 in order to utilize available DSP registers.
INFO: [HLS 200-486] Changing DSP latency (root=mul_ln1347_15) to 3 in order to utilize available DSP registers.
INFO: [HLS 200-486] Changing DSP latency (root=r_V_33) to 3 in order to utilize available DSP registers.
INFO: [HLS 200-486] Changing DSP latency (root=r_V_31) to 3 in order to utilize available DSP registers.
INFO: [HLS 200-486] Changing DSP latency (root=r_V_29) to 3 in order to utilize available DSP registers.
INFO: [HLS 200-486] Changing DSP latency (root=r_V_27) to 3 in order to utilize available DSP registers.
INFO: [HLS 200-486] Changing DSP latency (root=r_V_25) to 3 in order to utilize available DSP registers.
INFO: [HLS 200-486] Changing DSP latency (root=r_V_23) to 3 in order to utilize available DSP registers.
INFO: [HLS 200-486] Changing DSP latency (root=r_V_21) to 3 in order to utilize available DSP registers.
INFO: [HLS 200-486] Changing DSP latency (root=r_V_19) to 3 in order to utilize available DSP registers.
INFO: [HLS 200-486] Changing DSP latency (root=r_V_17) to 3 in order to utilize available DSP registers.
INFO: [HLS 200-486] Changing DSP latency (root=mul_ln1347) to 3 in order to utilize available DSP registers.
INFO: [SCHED 204-11] Finished scheduling.
INFO: [HLS 200-111] Finished Scheduling: CPU user time: 0.34 seconds. CPU system time: 0.01 seconds. Elapsed time: 0.38 seconds; current allocated memory: 642.801 MB.
INFO: [BIND 205-100] Starting micro-architecture generation ...
INFO: [BIND 205-101] Performing variable lifetime analysis.
INFO: [BIND 205-101] Exploring resource sharing.
INFO: [BIND 205-101] Binding ...
INFO: [BIND 205-100] Finished micro-architecture generation.
INFO: [HLS 200-111] Finished Binding: CPU user time: 0.43 seconds. CPU system time: 0 seconds. Elapsed time: 0.44 seconds; current allocated memory: 643.172 MB.
INFO: [HLS 200-10] ----------------------------------------------------------------
INFO: [HLS 200-10] -- Generating RTL for module 'imgds_linear_dense_q16_Pipeline_VITIS_LOOP_248_3' 
INFO: [HLS 200-10] ----------------------------------------------------------------
INFO: [SYN 201-210] Renamed object name 'imgds_linear_dense_q16_Pipeline_VITIS_LOOP_248_3_input_projection_weight_V_ROM_AUTO_1R' to 'imgds_linear_dense_q16_Pipeline_VITIS_LOOP_248_3_input_projection_weight_V_RObkb' due to the length limit 80
INFO: [HLS 200-1030] Apply Unified Pipeline Control on module 'imgds_linear_dense_q16_Pipeline_VITIS_LOOP_248_3' pipeline 'VITIS_LOOP_248_3' pipeline type 'loop pipeline'
WARNING: [RTGEN 206-101] Setting dangling out port 'imgds_linear_dense_q16_Pipeline_VITIS_LOOP_248_3/m_axi_gmem0_ARVALID' to 0.
WARNING: [RTGEN 206-101] Setting dangling out port 'imgds_linear_dense_q16_Pipeline_VITIS_LOOP_248_3/m_axi_gmem0_ARADDR' to 0.
WARNING: [RTGEN 206-101] Setting dangling out port 'imgds_linear_dense_q16_Pipeline_VITIS_LOOP_248_3/m_axi_gmem0_ARID' to 0.
WARNING: [RTGEN 206-101] Setting dangling out port 'imgds_linear_dense_q16_Pipeline_VITIS_LOOP_248_3/m_axi_gmem0_ARLEN' to 0.
WARNING: [RTGEN 206-101] Setting dangling out port 'imgds_linear_dense_q16_Pipeline_VITIS_LOOP_248_3/m_axi_gmem0_ARSIZE' to 0.
WARNING: [RTGEN 206-101] Setting dangling out port 'imgds_linear_dense_q16_Pipeline_VITIS_LOOP_248_3/m_axi_gmem0_ARBURST' to 0.
WARNING: [RTGEN 206-101] Setting dangling out port 'imgds_linear_dense_q16_Pipeline_VITIS_LOOP_248_3/m_axi_gmem0_ARLOCK' to 0.
WARNING: [RTGEN 206-101] Setting dangling out port 'imgds_linear_dense_q16_Pipeline_VITIS_LOOP_248_3/m_axi_gmem0_ARCACHE' to 0.
WARNING: [RTGEN 206-101] Setting dangling out port 'imgds_linear_dense_q16_Pipeline_VITIS_LOOP_248_3/m_axi_gmem0_ARPROT' to 0.
WARNING: [RTGEN 206-101] Setting dangling out port 'imgds_linear_dense_q16_Pipeline_VITIS_LOOP_248_3/m_axi_gmem0_ARQOS' to 0.
WARNING: [RTGEN 206-101] Setting dangling out port 'imgds_linear_dense_q16_Pipeline_VITIS_LOOP_248_3/m_axi_gmem0_ARREGION' to 0.
WARNING: [RTGEN 206-101] Setting dangling out port 'imgds_linear_dense_q16_Pipeline_VITIS_LOOP_248_3/m_axi_gmem0_ARUSER' to 0.
INFO: [RTGEN 206-100] Generating core module 'mul_mul_9s_16s_25_4_1': 1 instance(s).
INFO: [RTGEN 206-100] Finished creating RTL model for 'imgds_linear_dense_q16_Pipeline_VITIS_LOOP_248_3'.
INFO: [RTMG 210-279] Implementing memory 'imgds_linear_dense_q16_imgds_linear_dense_q16_Pipeline_VITIS_LOOP_248_3_input_projection_weight_V_RObkb' using auto ROMs.
INFO: [HLS 200-111] Finished Creating RTL model: CPU user time: 0.88 seconds. CPU system time: 0.01 seconds. Elapsed time: 0.89 seconds; current allocated memory: 644.137 MB.
INFO: [HLS 200-10] ----------------------------------------------------------------
INFO: [HLS 200-10] -- Generating RTL for module 'linear_attention_q16_sparse_Pipeline_VITIS_LOOP_98_2_VITIS_LOOP_100_3' 
INFO: [HLS 200-10] ----------------------------------------------------------------
INFO: [SYN 201-210] Renamed object name 'linear_attention_q16_sparse_Pipeline_VITIS_LOOP_98_2_VITIS_LOOP_100_3_layers_0_attention_value_weight_V_ROM_AUTO_1R' to 'linear_attention_q16_sparse_Pipeline_VITIS_LOOP_98_2_VITIS_LOOP_100_3_layers_cud' due to the length limit 80
INFO: [HLS 200-1030] Apply Unified Pipeline Control on module 'linear_attention_q16_sparse_Pipeline_VITIS_LOOP_98_2_VITIS_LOOP_100_3' pipeline 'VITIS_LOOP_98_2_VITIS_LOOP_100_3' pipeline type 'loop pipeline'
INFO: [RTGEN 206-100] Generating core module 'mul_mul_10s_16s_26_4_1': 1 instance(s).
INFO: [RTGEN 206-100] Finished creating RTL model for 'linear_attention_q16_sparse_Pipeline_VITIS_LOOP_98_2_VITIS_LOOP_100_3'.
INFO: [RTMG 210-279] Implementing memory 'imgds_linear_dense_q16_linear_attention_q16_sparse_Pipeline_VITIS_LOOP_98_2_VITIS_LOOP_100_3_layers_cud' using auto ROMs.
INFO: [HLS 200-111] Finished Creating RTL model: CPU user time: 0.09 seconds. CPU system time: 0 seconds. Elapsed time: 0.15 seconds; current allocated memory: 645.695 MB.
INFO: [HLS 200-10] ----------------------------------------------------------------
INFO: [HLS 200-10] -- Generating RTL for module 'linear_attention_q16_sparse_Pipeline_VITIS_LOOP_110_5' 
INFO: [HLS 200-10] ----------------------------------------------------------------
INFO: [SYN 201-210] Renamed object name 'linear_attention_q16_sparse_Pipeline_VITIS_LOOP_110_5_layers_0_attention_query_weight_V_ROM_AUTO_1R' to 'linear_attention_q16_sparse_Pipeline_VITIS_LOOP_110_5_layers_0_attention_querdEe' due to the length limit 80
INFO: [SYN 201-210] Renamed object name 'linear_attention_q16_sparse_Pipeline_VITIS_LOOP_110_5_layers_0_attention_key_weight_V_ROM_AUTO_1R' to 'linear_attention_q16_sparse_Pipeline_VITIS_LOOP_110_5_layers_0_attention_key_eOg' due to the length limit 80
INFO: [HLS 200-1030] Apply Unified Pipeline Control on module 'linear_attention_q16_sparse_Pipeline_VITIS_LOOP_110_5' pipeline 'VITIS_LOOP_110_5' pipeline type 'loop pipeline'
INFO: [RTGEN 206-100] Generating core module 'mul_mul_11s_16s_27_4_1': 1 instance(s).
INFO: [RTGEN 206-100] Generating core module 'mul_mul_12s_16s_28_4_1': 1 instance(s).
INFO: [RTGEN 206-100] Finished creating RTL model for 'linear_attention_q16_sparse_Pipeline_VITIS_LOOP_110_5'.
INFO: [RTMG 210-279] Implementing memory 'imgds_linear_dense_q16_linear_attention_q16_sparse_Pipeline_VITIS_LOOP_110_5_layers_0_attention_querdEe' using auto ROMs.
INFO: [RTMG 210-279] Implementing memory 'imgds_linear_dense_q16_linear_attention_q16_sparse_Pipeline_VITIS_LOOP_110_5_layers_0_attention_key_eOg' using auto ROMs.
INFO: [HLS 200-111] Finished Creating RTL model: CPU user time: 0.13 seconds. CPU system time: 0.01 seconds. Elapsed time: 0.17 seconds; current allocated memory: 647.457 MB.
INFO: [HLS 200-10] ----------------------------------------------------------------
INFO: [HLS 200-10] -- Generating RTL for module 'linear_attention_q16_sparse_Pipeline_VITIS_LOOP_123_6_VITIS_LOOP_125_7_VITIS_LOO' 
INFO: [HLS 200-10] ----------------------------------------------------------------
INFO: [HLS 200-1030] Apply Unified Pipeline Control on module 'linear_attention_q16_sparse_Pipeline_VITIS_LOOP_123_6_VITIS_LOOP_125_7_VITIS_LOO' pipeline 'VITIS_LOOP_123_6_VITIS_LOOP_125_7_VITIS_LOOP_127_8' pipeline type 'loop pipeline'
INFO: [RTGEN 206-100] Generating core module 'mac_muladd_16s_16s_30ns_30_4_1': 1 instance(s).
INFO: [RTGEN 206-100] Finished creating RTL model for 'linear_attention_q16_sparse_Pipeline_VITIS_LOOP_123_6_VITIS_LOOP_125_7_VITIS_LOO'.
INFO: [HLS 200-111] Finished Creating RTL model: CPU user time: 0.09 seconds. CPU system time: 0 seconds. Elapsed time: 0.13 seconds; current allocated memory: 649.156 MB.
INFO: [HLS 200-10] ----------------------------------------------------------------
INFO: [HLS 200-10] -- Generating RTL for module 'linear_attention_q16_sparse_Pipeline_VITIS_LOOP_140_10' 
INFO: [HLS 200-10] ----------------------------------------------------------------
INFO: [HLS 200-1030] Apply Unified Pipeline Control on module 'linear_attention_q16_sparse_Pipeline_VITIS_LOOP_140_10' pipeline 'VITIS_LOOP_140_10' pipeline type 'loop pipeline'
INFO: [RTGEN 206-100] Finished creating RTL model for 'linear_attention_q16_sparse_Pipeline_VITIS_LOOP_140_10'.
INFO: [HLS 200-111] Finished Creating RTL model: CPU user time: 0.13 seconds. CPU system time: 0 seconds. Elapsed time: 0.16 seconds; current allocated memory: 650.848 MB.
INFO: [HLS 200-10] ----------------------------------------------------------------
INFO: [HLS 200-10] -- Generating RTL for module 'linear_attention_q16_sparse_Pipeline_VITIS_LOOP_151_12' 
INFO: [HLS 200-10] ----------------------------------------------------------------
INFO: [HLS 200-1030] Apply Unified Pipeline Control on module 'linear_attention_q16_sparse_Pipeline_VITIS_LOOP_151_12' pipeline 'VITIS_LOOP_151_12' pipeline type 'loop pipeline'
INFO: [RTGEN 206-100] Generating core module 'mac_muladd_16s_16s_30ns_30_4_1': 1 instance(s).
INFO: [RTGEN 206-100] Finished creating RTL model for 'linear_attention_q16_sparse_Pipeline_VITIS_LOOP_151_12'.
INFO: [HLS 200-111] Finished Creating RTL model: CPU user time: 0.06 seconds. CPU system time: 0.01 seconds. Elapsed time: 0.13 seconds; current allocated memory: 651.801 MB.
INFO: [HLS 200-10] ----------------------------------------------------------------
INFO: [HLS 200-10] -- Generating RTL for module 'linear_attention_q16_sparse_Pipeline_VITIS_LOOP_161_13_VITIS_LOOP_163_14' 
INFO: [HLS 200-10] ----------------------------------------------------------------
INFO: [HLS 200-1030] Apply Unified Pipeline Control on module 'linear_attention_q16_sparse_Pipeline_VITIS_LOOP_161_13_VITIS_LOOP_163_14' pipeline 'VITIS_LOOP_161_13_VITIS_LOOP_163_14' pipeline type 'loop pipeline'
INFO: [RTGEN 206-100] Generating core module 'mac_muladd_16s_16s_30ns_30_4_1': 1 instance(s).
INFO: [RTGEN 206-100] Generating core module 'mul_mul_24s_16s_30_4_1': 1 instance(s).
INFO: [RTGEN 206-100] Finished creating RTL model for 'linear_attention_q16_sparse_Pipeline_VITIS_LOOP_161_13_VITIS_LOOP_163_14'.
INFO: [HLS 200-111] Finished Creating RTL model: CPU user time: 0.06 seconds. CPU system time: 0.01 seconds. Elapsed time: 0.18 seconds; current allocated memory: 653.129 MB.
INFO: [HLS 200-10] ----------------------------------------------------------------
INFO: [HLS 200-10] -- Generating RTL for module 'linear_attention_q16_sparse_Pipeline_VITIS_LOOP_174_16' 
INFO: [HLS 200-10] ----------------------------------------------------------------
INFO: [SYN 201-210] Renamed object name 'linear_attention_q16_sparse_Pipeline_VITIS_LOOP_174_16_layers_0_attention_output_weight_V_ROM_AUTO_1R' to 'linear_attention_q16_sparse_Pipeline_VITIS_LOOP_174_16_layers_0_attention_outfYi' due to the length limit 80
INFO: [HLS 200-1030] Apply Unified Pipeline Control on module 'linear_attention_q16_sparse_Pipeline_VITIS_LOOP_174_16' pipeline 'VITIS_LOOP_174_16' pipeline type 'loop pipeline'
INFO: [RTGEN 206-100] Generating core module 'mul_mul_10s_16s_26_4_1': 1 instance(s).
INFO: [RTGEN 206-100] Finished creating RTL model for 'linear_attention_q16_sparse_Pipeline_VITIS_LOOP_174_16'.
INFO: [RTMG 210-279] Implementing memory 'imgds_linear_dense_q16_linear_attention_q16_sparse_Pipeline_VITIS_LOOP_174_16_layers_0_attention_outfYi' using auto ROMs.
INFO: [HLS 200-111] Finished Creating RTL model: CPU user time: 0.1 seconds. CPU system time: 0 seconds. Elapsed time: 0.19 seconds; current allocated memory: 654.758 MB.
INFO: [HLS 200-10] ----------------------------------------------------------------
INFO: [HLS 200-10] -- Generating RTL for module 'linear_attention_q16_sparse' 
INFO: [HLS 200-10] ----------------------------------------------------------------
INFO: [RTGEN 206-100] Generating core module 'fdiv_32ns_32ns_32_16_no_dsp_1': 1 instance(s).
INFO: [RTGEN 206-100] Generating core module 'fexp_32ns_32ns_32_10_full_dsp_1': 2 instance(s).
INFO: [RTGEN 206-100] Generating core module 'fpext_32ns_64_2_no_dsp_1': 2 instance(s).
INFO: [RTGEN 206-100] Finished creating RTL model for 'linear_attention_q16_sparse'.
INFO: [RTMG 210-279] Implementing memory 'imgds_linear_dense_q16_linear_attention_q16_sparse_ACTIVE_CHANNELS_ROM_AUTO_1R' using auto ROMs.
INFO: [RTMG 210-279] Implementing memory 'imgds_linear_dense_q16_linear_attention_q16_sparse_layers_0_attention_output_bias_V_ROM_AUTO_1R' using auto ROMs.
INFO: [RTMG 210-278] Implementing memory 'imgds_linear_dense_q16_linear_attention_q16_sparse_Q_V_RAM_AUTO_1R1W' using auto RAMs.
INFO: [RTMG 210-278] Implementing memory 'imgds_linear_dense_q16_linear_attention_q16_sparse_K_sum_V_RAM_AUTO_1R1W' using auto RAMs.
INFO: [HLS 200-111] Finished Creating RTL model: CPU user time: 0.17 seconds. CPU system time: 0.01 seconds. Elapsed time: 0.33 seconds; current allocated memory: 659.492 MB.
INFO: [HLS 200-10] ----------------------------------------------------------------
INFO: [HLS 200-10] -- Generating RTL for module 'layer_norm_q16_1' 
INFO: [HLS 200-10] ----------------------------------------------------------------
INFO: [RTGEN 206-100] Generating core module 'am_submul_16s_16s_16s_26_4_1': 16 instance(s).
INFO: [RTGEN 206-100] Generating core module 'fadd_32ns_32ns_32_5_full_dsp_1': 1 instance(s).
INFO: [RTGEN 206-100] Generating core module 'fdiv_32ns_32ns_32_16_no_dsp_1': 1 instance(s).
INFO: [RTGEN 206-100] Generating core module 'fpext_32ns_64_2_no_dsp_1': 1 instance(s).
INFO: [RTGEN 206-100] Generating core module 'fsqrt_32ns_32ns_32_16_no_dsp_1': 1 instance(s).
INFO: [RTGEN 206-100] Generating core module 'mac_muladd_16s_10ns_16ns_26_4_1': 1 instance(s).
INFO: [RTGEN 206-100] Generating core module 'mac_muladd_16s_10ns_16s_26_4_1': 2 instance(s).
INFO: [RTGEN 206-100] Generating core module 'mac_muladd_16s_10ns_18s_26_4_1': 1 instance(s).
INFO: [RTGEN 206-100] Generating core module 'mac_muladd_16s_11ns_15ns_26_4_1': 2 instance(s).
INFO: [RTGEN 206-100] Generating core module 'mac_muladd_16s_11ns_15s_26_4_1': 1 instance(s).
INFO: [RTGEN 206-100] Generating core module 'mac_muladd_16s_11ns_16ns_26_4_1': 2 instance(s).
INFO: [RTGEN 206-100] Generating core module 'mac_muladd_16s_11ns_16s_26_4_1': 2 instance(s).
INFO: [RTGEN 206-100] Generating core module 'mac_muladd_16s_11ns_17s_26_4_1': 4 instance(s).
INFO: [RTGEN 206-100] Generating core module 'mac_muladd_16s_11ns_18s_26_4_1': 1 instance(s).
INFO: [RTGEN 206-100] Generating core module 'mac_muladd_16s_16s_30ns_30_4_1': 15 instance(s).
INFO: [RTGEN 206-100] Generating core module 'mul_mul_16s_16s_30_4_1': 1 instance(s).
INFO: [RTGEN 206-100] Finished creating RTL model for 'layer_norm_q16_1'.
INFO: [HLS 200-111] Finished Creating RTL model: CPU user time: 1.01 seconds. CPU system time: 0.02 seconds. Elapsed time: 1.15 seconds; current allocated memory: 671.402 MB.
INFO: [HLS 200-10] ----------------------------------------------------------------
INFO: [HLS 200-10] -- Generating RTL for module 'imgds_linear_dense_q16_Pipeline_VITIS_LOOP_268_4' 
INFO: [HLS 200-10] ----------------------------------------------------------------
INFO: [HLS 200-1030] Apply Unified Pipeline Control on module 'imgds_linear_dense_q16_Pipeline_VITIS_LOOP_268_4' pipeline 'VITIS_LOOP_268_4' pipeline type 'loop pipeline'
INFO: [RTGEN 206-100] Finished creating RTL model for 'imgds_linear_dense_q16_Pipeline_VITIS_LOOP_268_4'.
INFO: [HLS 200-111] Finished Creating RTL model: CPU user time: 0.61 seconds. CPU system time: 0.02 seconds. Elapsed time: 0.67 seconds; current allocated memory: 683.117 MB.
INFO: [HLS 200-10] ----------------------------------------------------------------
INFO: [HLS 200-10] -- Generating RTL for module 'imgds_linear_dense_q16_Pipeline_VITIS_LOOP_199_3' 
INFO: [HLS 200-10] ----------------------------------------------------------------
INFO: [SYN 201-210] Renamed object name 'imgds_linear_dense_q16_Pipeline_VITIS_LOOP_199_3_layers_0_feedforward_0_weight_V_ROM_AUTO_1R' to 'imgds_linear_dense_q16_Pipeline_VITIS_LOOP_199_3_layers_0_feedforward_0_weighg8j' due to the length limit 80
INFO: [HLS 200-1030] Apply Unified Pipeline Control on module 'imgds_linear_dense_q16_Pipeline_VITIS_LOOP_199_3' pipeline 'VITIS_LOOP_199_3' pipeline type 'loop pipeline'
INFO: [RTGEN 206-100] Generating core module 'mul_mul_11s_16s_27_4_1': 1 instance(s).
INFO: [RTGEN 206-100] Finished creating RTL model for 'imgds_linear_dense_q16_Pipeline_VITIS_LOOP_199_3'.
INFO: [RTMG 210-279] Implementing memory 'imgds_linear_dense_q16_imgds_linear_dense_q16_Pipeline_VITIS_LOOP_199_3_layers_0_feedforward_0_weighg8j' using auto ROMs.
INFO: [HLS 200-111] Finished Creating RTL model: CPU user time: 0.21 seconds. CPU system time: 0 seconds. Elapsed time: 0.22 seconds; current allocated memory: 683.547 MB.
INFO: [HLS 200-10] ----------------------------------------------------------------
INFO: [HLS 200-10] -- Generating RTL for module 'imgds_linear_dense_q16_Pipeline_VITIS_LOOP_211_5' 
INFO: [HLS 200-10] ----------------------------------------------------------------
INFO: [SYN 201-210] Renamed object name 'imgds_linear_dense_q16_Pipeline_VITIS_LOOP_211_5_layers_0_feedforward_3_weight_V_ROM_AUTO_1R' to 'imgds_linear_dense_q16_Pipeline_VITIS_LOOP_211_5_layers_0_feedforward_3_weighhbi' due to the length limit 80
INFO: [HLS 200-1030] Apply Unified Pipeline Control on module 'imgds_linear_dense_q16_Pipeline_VITIS_LOOP_211_5' pipeline 'VITIS_LOOP_211_5' pipeline type 'loop pipeline'
INFO: [RTGEN 206-100] Generating core module 'mul_mul_10s_15ns_25_4_1': 1 instance(s).
INFO: [RTGEN 206-100] Finished creating RTL model for 'imgds_linear_dense_q16_Pipeline_VITIS_LOOP_211_5'.
INFO: [RTMG 210-279] Implementing memory 'imgds_linear_dense_q16_imgds_linear_dense_q16_Pipeline_VITIS_LOOP_211_5_layers_0_feedforward_3_weighhbi' using auto ROMs.
INFO: [HLS 200-111] Finished Creating RTL model: CPU user time: 0.08 seconds. CPU system time: 0.01 seconds. Elapsed time: 0.12 seconds; current allocated memory: 684.754 MB.
INFO: [HLS 200-10] ----------------------------------------------------------------
INFO: [HLS 200-10] -- Generating RTL for module 'imgds_linear_dense_q16_Pipeline_VITIS_LOOP_219_6' 
INFO: [HLS 200-10] ----------------------------------------------------------------
INFO: [HLS 200-1030] Apply Unified Pipeline Control on module 'imgds_linear_dense_q16_Pipeline_VITIS_LOOP_219_6' pipeline 'VITIS_LOOP_219_6' pipeline type 'loop pipeline'
INFO: [RTGEN 206-100] Finished creating RTL model for 'imgds_linear_dense_q16_Pipeline_VITIS_LOOP_219_6'.
INFO: [HLS 200-111] Finished Creating RTL model: CPU user time: 0.07 seconds. CPU system time: 0.01 seconds. Elapsed time: 0.08 seconds; current allocated memory: 686.129 MB.
INFO: [HLS 200-10] ----------------------------------------------------------------
INFO: [HLS 200-10] -- Generating RTL for module 'imgds_linear_dense_q16_Pipeline_VITIS_LOOP_281_5' 
INFO: [HLS 200-10] ----------------------------------------------------------------
INFO: [HLS 200-1030] Apply Unified Pipeline Control on module 'imgds_linear_dense_q16_Pipeline_VITIS_LOOP_281_5' pipeline 'VITIS_LOOP_281_5' pipeline type 'loop pipeline'
INFO: [RTGEN 206-100] Finished creating RTL model for 'imgds_linear_dense_q16_Pipeline_VITIS_LOOP_281_5'.
INFO: [HLS 200-111] Finished Creating RTL model: CPU user time: 0.07 seconds. CPU system time: 0 seconds. Elapsed time: 0.15 seconds; current allocated memory: 687.621 MB.
INFO: [HLS 200-10] ----------------------------------------------------------------
INFO: [HLS 200-10] -- Generating RTL for module 'imgds_linear_dense_q16_Pipeline_VITIS_LOOP_286_6_VITIS_LOOP_288_7' 
INFO: [HLS 200-10] ----------------------------------------------------------------
INFO: [HLS 200-1030] Apply Unified Pipeline Control on module 'imgds_linear_dense_q16_Pipeline_VITIS_LOOP_286_6_VITIS_LOOP_288_7' pipeline 'VITIS_LOOP_286_6_VITIS_LOOP_288_7' pipeline type 'loop pipeline'
INFO: [RTGEN 206-100] Finished creating RTL model for 'imgds_linear_dense_q16_Pipeline_VITIS_LOOP_286_6_VITIS_LOOP_288_7'.
INFO: [HLS 200-111] Finished Creating RTL model: CPU user time: 0.2 seconds. CPU system time: 0 seconds. Elapsed time: 0.2 seconds; current allocated memory: 689.105 MB.
INFO: [HLS 200-10] ----------------------------------------------------------------
INFO: [HLS 200-10] -- Generating RTL for module 'layer_norm_q16_Pipeline_VITIS_LOOP_47_1' 
INFO: [HLS 200-10] ----------------------------------------------------------------
INFO: [HLS 200-1030] Apply Unified Pipeline Control on module 'layer_norm_q16_Pipeline_VITIS_LOOP_47_1' pipeline 'VITIS_LOOP_47_1' pipeline type 'loop pipeline'
INFO: [RTGEN 206-100] Finished creating RTL model for 'layer_norm_q16_Pipeline_VITIS_LOOP_47_1'.
INFO: [HLS 200-111] Finished Creating RTL model: CPU user time: 0.11 seconds. CPU system time: 0.01 seconds. Elapsed time: 0.13 seconds; current allocated memory: 690.359 MB.
INFO: [HLS 200-10] ----------------------------------------------------------------
INFO: [HLS 200-10] -- Generating RTL for module 'layer_norm_q16_Pipeline_VITIS_LOOP_53_2' 
INFO: [HLS 200-10] ----------------------------------------------------------------
INFO: [HLS 200-1030] Apply Unified Pipeline Control on module 'layer_norm_q16_Pipeline_VITIS_LOOP_53_2' pipeline 'VITIS_LOOP_53_2' pipeline type 'loop pipeline'
INFO: [RTGEN 206-100] Generating core module 'mac_muladd_16s_16s_30ns_30_4_1': 1 instance(s).
INFO: [RTGEN 206-100] Finished creating RTL model for 'layer_norm_q16_Pipeline_VITIS_LOOP_53_2'.
INFO: [HLS 200-111] Finished Creating RTL model: CPU user time: 0.06 seconds. CPU system time: 0 seconds. Elapsed time: 0.14 seconds; current allocated memory: 691.691 MB.
INFO: [HLS 200-10] ----------------------------------------------------------------
INFO: [HLS 200-10] -- Generating RTL for module 'layer_norm_q16_Pipeline_VITIS_LOOP_65_3' 
INFO: [HLS 200-10] ----------------------------------------------------------------
INFO: [HLS 200-1030] Apply Unified Pipeline Control on module 'layer_norm_q16_Pipeline_VITIS_LOOP_65_3' pipeline 'VITIS_LOOP_65_3' pipeline type 'loop pipeline'
INFO: [RTGEN 206-100] Generating core module 'am_submul_16s_16s_16s_26_4_1': 1 instance(s).
INFO: [RTGEN 206-100] Generating core module 'mac_muladd_16s_11ns_18s_26_4_1': 1 instance(s).
INFO: [RTGEN 206-100] Finished creating RTL model for 'layer_norm_q16_Pipeline_VITIS_LOOP_65_3'.
INFO: [RTMG 210-279] Implementing memory 'imgds_linear_dense_q16_layer_norm_q16_Pipeline_VITIS_LOOP_65_3_output_norm_weight_V_ROM_AUTO_1R' using auto ROMs.
INFO: [RTMG 210-279] Implementing memory 'imgds_linear_dense_q16_layer_norm_q16_Pipeline_VITIS_LOOP_65_3_output_norm_bias_V_ROM_AUTO_1R' using auto ROMs.
INFO: [HLS 200-111] Finished Creating RTL model: CPU user time: 0.06 seconds. CPU system time: 0 seconds. Elapsed time: 0.14 seconds; current allocated memory: 692.574 MB.
INFO: [HLS 200-10] ----------------------------------------------------------------
INFO: [HLS 200-10] -- Generating RTL for module 'layer_norm_q16' 
INFO: [HLS 200-10] ----------------------------------------------------------------
INFO: [RTGEN 206-100] Generating core module 'fadd_32ns_32ns_32_5_full_dsp_1': 1 instance(s).
INFO: [RTGEN 206-100] Generating core module 'fdiv_32ns_32ns_32_16_no_dsp_1': 1 instance(s).
INFO: [RTGEN 206-100] Generating core module 'fpext_32ns_64_2_no_dsp_1': 1 instance(s).
INFO: [RTGEN 206-100] Generating core module 'fsqrt_32ns_32ns_32_16_no_dsp_1': 1 instance(s).
INFO: [RTGEN 206-100] Finished creating RTL model for 'layer_norm_q16'.
INFO: [HLS 200-111] Finished Creating RTL model: CPU user time: 0.1 seconds. CPU system time: 0.01 seconds. Elapsed time: 0.25 seconds; current allocated memory: 694.559 MB.
INFO: [HLS 200-10] ----------------------------------------------------------------
INFO: [HLS 200-10] -- Generating RTL for module 'imgds_linear_dense_q16' 
INFO: [HLS 200-10] ----------------------------------------------------------------
WARNING: [RTGEN 206-101] Design contains AXI ports. Reset is fixed to synchronous and active low.
INFO: [RTGEN 206-500] Setting interface mode on port 'imgds_linear_dense_q16/gmem0' to 'm_axi'.
INFO: [RTGEN 206-500] Setting interface mode on port 'imgds_linear_dense_q16/gmem1' to 'm_axi'.
INFO: [RTGEN 206-500] Setting interface mode on port 'imgds_linear_dense_q16/input_r' to 's_axilite & ap_none'.
INFO: [RTGEN 206-500] Setting interface mode on port 'imgds_linear_dense_q16/logits' to 's_axilite & ap_none'.
INFO: [RTGEN 206-500] Setting interface mode on function 'imgds_linear_dense_q16' to 's_axilite & ap_ctrl_hs'.
INFO: [RTGEN 206-100] Bundling port 'input_r', 'logits' and 'return' to AXI-Lite port control.
INFO: [RTGEN 206-100] Generating core module 'fdiv_32ns_32ns_32_16_no_dsp_1': 1 instance(s).
INFO: [RTGEN 206-100] Generating core module 'fpext_32ns_64_2_no_dsp_1': 1 instance(s).
INFO: [RTGEN 206-100] Generating core module 'mac_muladd_16s_10ns_26ns_26_4_1': 1 instance(s).
INFO: [RTGEN 206-100] Generating core module 'mac_muladd_16s_10s_25s_26_4_1': 1 instance(s).
INFO: [RTGEN 206-100] Generating core module 'mac_muladd_16s_10s_26ns_26_4_1': 4 instance(s).
INFO: [RTGEN 206-100] Generating core module 'mac_muladd_16s_7ns_24s_25_4_1': 1 instance(s).
INFO: [RTGEN 206-100] Generating core module 'mac_muladd_16s_7ns_26s_26_4_1': 4 instance(s).
INFO: [RTGEN 206-100] Generating core module 'mac_muladd_16s_8ns_25s_26_4_1': 1 instance(s).
INFO: [RTGEN 206-100] Generating core module 'mac_muladd_16s_8ns_26s_26_4_1': 2 instance(s).
INFO: [RTGEN 206-100] Generating core module 'mac_muladd_16s_8s_26s_26_4_1': 1 instance(s).
INFO: [RTGEN 206-100] Generating core module 'mac_muladd_16s_9ns_18s_25_4_1': 1 instance(s).
