Sat Jun 27 12:30:57 2026: Running xcd server. This server was built by gradle.
Sat Jun 27 12:30:57 2026: Server was asked to start on port: '42949'
Sat Jun 27 12:30:57 2026: Server is using token UUID: '1e358ed6-a7ae-4402-8636-6b7b212c710c'
Sat Jun 27 12:30:57 2026: SESSION_MGR: creating session with session uuid: '6d04a3e9-ade5-4ab9-8d63-1f78fcd2ec76' and name 'default'
Sat Jun 27 12:30:57 2026: Attempting to start server on port '42949'
Sat Jun 27 12:30:57 2026: XCD main fifo: created main fifo '/tmp/xcdmain1e358ed6-a7ae-4402-8636-6b7b212c710c', fd read = 13
Sat Jun 27 12:30:57 2026: Running Dispatch Server
Sat Jun 27 12:30:57 2026: Version 2.2.0
Sat Jun 27 12:31:07 2026: Dispatch Server: Accepted socket connection from client
Sat Jun 27 12:31:07 2026: Starting Socket connection
Sat Jun 27 12:31:07 2026: EXCHANGE_TOKEN received, server token: 1e358ed6-a7ae-4402-8636-6b7b212c710c, passed token: 1e358ed6-a7ae-4402-8636-6b7b212c710c
Sat Jun 27 12:31:07 2026: SESSION_MGR: creating session with session uuid: '9de9e048-d4fc-4bc0-8dff-e8b0c8ae97a5' and name 'vitis_hls'
Sat Jun 27 12:31:07 2026: KERNEL_SVC: creating session with uuid: '9de9e048-d4fc-4bc0-8dff-e8b0c8ae97a5' and name 'vitis_hls'
Sat Jun 27 12:31:07 2026: GUIDANCE_SMGR: creating guidance session with uuid: '9de9e048-d4fc-4bc0-8dff-e8b0c8ae97a5' and name 'vitis_hls'
Sat Jun 27 12:31:46 2026: STOP_SERVER received, server token: 1e358ed6-a7ae-4402-8636-6b7b212c710c, passed token: 1e358ed6-a7ae-4402-8636-6b7b212c710c
Sat Jun 27 12:31:46 2026: Socket received request to stop server.
Sat Jun 27 12:31:46 2026: Dispatch Server: do_await_stop
Sat Jun 27 12:31:46 2026: Dispatch Server: stopping mainFifo_
Sat Jun 27 12:31:46 2026: XCD main fifo: Stopping
Sat Jun 27 12:31:46 2026: XCD main fifo: do_read error code: Operation canceled
Sat Jun 27 12:31:46 2026: XCD main fifo: bytes_transferred: 0
Sat Jun 27 12:31:46 2026: SERVER: destructor for server bound to port 42949
Sat Jun 27 12:31:46 2026: XCD main fifo: Good unlink of /tmp/xcdmain1e358ed6-a7ae-4402-8636-6b7b212c710c
Sat Jun 27 12:31:46 2026: Server exiting with status 0.
Sat Jun 27 12:31:46 2026: Closing log file.
