

================================================================
== Vitis HLS Report for 'attention_v2_pruned_Pipeline_VITIS_LOOP_122_12'
================================================================
* Date:           Fri Jul  3 20:12:39 2026

* Version:        2022.2 (Build 3670227 on Oct 13 2022)
* Project:        q16_qksv3_s10_hls
* Solution:       solution1 (Vivado IP Flow Target)
* Product family: zynq
* Target device:  xc7z020-clg400-1


================================================================
== Performance Estimates
================================================================
+ Timing: 
    * Summary: 
    +--------+----------+----------+------------+
    |  Clock |  Target  | Estimated| Uncertainty|
    +--------+----------+----------+------------+
    |ap_clk  |  10.00 ns|  7.157 ns|     2.70 ns|
    +--------+----------+----------+------------+

+ Latency: 
    * Summary: 
    +---------+---------+----------+----------+-----+-----+---------+
    |  Latency (cycles) |  Latency (absolute) |  Interval | Pipeline|
    |   min   |   max   |    min   |    max   | min | max |   Type  |
    +---------+---------+----------+----------+-----+-----+---------+
    |       17|       17|  0.170 us|  0.170 us|   17|   17|       no|
    +---------+---------+----------+----------+-----+-----+---------+

    + Detail: 
        * Instance: 
        N/A

        * Loop: 
        +---------------------+---------+---------+----------+-----------+-----------+------+----------+
        |                     |  Latency (cycles) | Iteration|  Initiation Interval  | Trip |          |
        |      Loop Name      |   min   |   max   |  Latency |  achieved |   target  | Count| Pipelined|
        +---------------------+---------+---------+----------+-----------+-----------+------+----------+
        |- VITIS_LOOP_122_12  |       15|       15|         2|          1|          1|    14|       yes|
        +---------------------+---------+---------+----------+-----------+-----------+------+----------+



================================================================
== Utilization Estimates
================================================================
* Summary: 
+-----------------+---------+-----+--------+-------+-----+
|       Name      | BRAM_18K| DSP |   FF   |  LUT  | URAM|
+-----------------+---------+-----+--------+-------+-----+
|DSP              |        -|    -|       -|      -|    -|
|Expression       |        -|    -|       0|     71|    -|
|FIFO             |        -|    -|       -|      -|    -|
|Instance         |        -|    -|       -|      -|    -|
|Memory           |        -|    -|       -|      -|    -|
|Multiplexer      |        -|    -|       -|     45|    -|
|Register         |        -|    -|      33|      -|    -|
+-----------------+---------+-----+--------+-------+-----+
|Total            |        0|    0|      33|    116|    0|
+-----------------+---------+-----+--------+-------+-----+
|Available        |      280|  220|  106400|  53200|    0|
+-----------------+---------+-----+--------+-------+-----+
|Utilization (%)  |        0|    0|      ~0|     ~0|    0|
+-----------------+---------+-----+--------+-------+-----+

+ Detail: 
    * Instance: 
    N/A

    * DSP: 
    N/A

    * Memory: 
    N/A

    * FIFO: 
    N/A

    * Expression: 
    +---------------------+----------+----+---+----+------------+------------+
    |    Variable Name    | Operation| DSP| FF| LUT| Bitwidth P0| Bitwidth P1|
    +---------------------+----------+----+---+----+------------+------------+
    |add_ln122_fu_101_p2  |         +|   0|  0|  13|           4|           1|
    |newSecond_fu_133_p2  |         +|   0|  0|   8|           8|           8|
    |sum_V_8_fu_169_p2    |         +|   0|  0|  31|          24|          24|
    |newFirst_fu_127_p2   |         -|   0|  0|   8|           8|           8|
    |icmp_ln122_fu_95_p2  |      icmp|   0|  0|   9|           4|           3|
    |ap_enable_pp0        |       xor|   0|  0|   2|           1|           2|
    +---------------------+----------+----+---+----+------------+------------+
    |Total                |          |   0|  0|  71|          49|          46|
    +---------------------+----------+----+---+----+------------+------------+

    * Multiplexer: 
    +----------------------------------+----+-----------+-----+-----------+
    |               Name               | LUT| Input Size| Bits| Total Bits|
    +----------------------------------+----+-----------+-----+-----------+
    |ap_done_int                       |   9|          2|    1|          2|
    |ap_loop_exit_ready_pp0_iter1_reg  |   9|          2|    1|          2|
    |ap_sig_allocacmp_t                |   9|          2|    4|          8|
    |sum_V_fu_44                       |   9|          2|   24|         48|
    |t_8_fu_48                         |   9|          2|    4|          8|
    +----------------------------------+----+-----------+-----+-----------+
    |Total                             |  45|         10|   34|         68|
    +----------------------------------+----+-----------+-----+-----------+

    * Register: 
    +----------------------------------+----+----+-----+-----------+
    |               Name               | FF | LUT| Bits| Const Bits|
    +----------------------------------+----+----+-----+-----------+
    |ap_CS_fsm                         |   1|   0|    1|          0|
    |ap_done_reg                       |   1|   0|    1|          0|
    |ap_enable_reg_pp0_iter1           |   1|   0|    1|          0|
    |ap_loop_exit_ready_pp0_iter1_reg  |   1|   0|    1|          0|
    |icmp_ln122_reg_194                |   1|   0|    1|          0|
    |sum_V_fu_44                       |  24|   0|   24|          0|
    |t_8_fu_48                         |   4|   0|    4|          0|
    +----------------------------------+----+----+-----+-----------+
    |Total                             |  33|   0|   33|          0|
    +----------------------------------+----+----+-----+-----------+



================================================================
== Interface
================================================================
* Summary: 
+------------------+-----+-----+------------+------------------------------------------------+--------------+
|     RTL Ports    | Dir | Bits|  Protocol  |                  Source Object                 |    C Type    |
+------------------+-----+-----+------------+------------------------------------------------+--------------+
|ap_clk            |   in|    1|  ap_ctrl_hs|  attention_v2_pruned_Pipeline_VITIS_LOOP_122_12|  return value|
|ap_rst            |   in|    1|  ap_ctrl_hs|  attention_v2_pruned_Pipeline_VITIS_LOOP_122_12|  return value|
|ap_start          |   in|    1|  ap_ctrl_hs|  attention_v2_pruned_Pipeline_VITIS_LOOP_122_12|  return value|
|ap_done           |  out|    1|  ap_ctrl_hs|  attention_v2_pruned_Pipeline_VITIS_LOOP_122_12|  return value|
|ap_idle           |  out|    1|  ap_ctrl_hs|  attention_v2_pruned_Pipeline_VITIS_LOOP_122_12|  return value|
|ap_ready          |  out|    1|  ap_ctrl_hs|  attention_v2_pruned_Pipeline_VITIS_LOOP_122_12|  return value|
|zext_ln120        |   in|    4|     ap_none|                                      zext_ln120|        scalar|
|K_V_address0      |  out|    8|   ap_memory|                                             K_V|         array|
|K_V_ce0           |  out|    1|   ap_memory|                                             K_V|         array|
|K_V_q0            |   in|   16|   ap_memory|                                             K_V|         array|
|sum_V_out         |  out|   20|      ap_vld|                                       sum_V_out|       pointer|
|sum_V_out_ap_vld  |  out|    1|      ap_vld|                                       sum_V_out|       pointer|
+------------------+-----+-----+------------+------------------------------------------------+--------------+

