==============================================================
Vitis HLS - High-Level Synthesis from C, C++ and OpenCL v2022.2 (64-bit)
Tool Version Limit: 2019.12
Copyright 1986-2022 Xilinx, Inc. All Rights Reserved.
==============================================================
INFO: [HLS 200-1505] Using flow_target 'vivado'
INFO: [HLS 200-435] Setting 'open_solution -flow_target vivado' configuration: config_interface -m_axi_latency=0
INFO: [HLS 200-1510] Running: set_part xc7z020-clg400-1 
INFO: [HLS 200-1611] Setting target device to 'xc7z020-clg400-1'
INFO: [HLS 200-1510] Running: create_clock -period 10 -name default 
INFO: [SYN 201-201] Setting up clock 'default' with a period of 10ns.
INFO: [HLS 200-1510] Running: csynth_design 
INFO: [HLS 200-111] Finished File checks and directory preparation: CPU user time: 0 seconds. CPU system time: 0 seconds. Elapsed time: 10.02 seconds; current allocated memory: 305.684 MB.
INFO: [HLS 200-10] Analyzing design file '/home/cym/prj2/finn/notebooks/icl_thesis-master/experiments/imgds_linear_sparse/final_paper_experiments/experiment1_qks_v2_physical_prune/hls_projects/q16_qksv2_d14/src/q16_qksv2_d14.cpp' ... 
WARNING: [HLS 207-5555] unexpected pragma argument 'mul', expects function/operation (/home/cym/prj2/finn/notebooks/icl_thesis-master/experiments/imgds_linear_sparse/final_paper_experiments/experiment1_qks_v2_physical_prune/hls_projects/q16_qksv2_d14/src/q16_qksv2_d14.cpp:63:34)
WARNING: [HLS 207-5555] unexpected pragma argument 'mul', expects function/operation (/home/cym/prj2/finn/notebooks/icl_thesis-master/experiments/imgds_linear_sparse/final_paper_experiments/experiment1_qks_v2_physical_prune/hls_projects/q16_qksv2_d14/src/q16_qksv2_d14.cpp:170:34)
INFO: [HLS 200-111] Finished Source Code Analysis and Preprocessing: CPU user time: 5.03 seconds. CPU system time: 0.43 seconds. Elapsed time: 5.48 seconds; current allocated memory: 308.238 MB.
INFO: [HLS 200-777] Using interface defaults for 'Vivado' flow target.
INFO: [HLS 214-131] Inlining function 'feature_map(ap_fixed<16, 6, (ap_q_mode)5, (ap_o_mode)3, 0>)' into 'attention_v2_pruned(ap_fixed<16, 6, (ap_q_mode)5, (ap_o_mode)3, 0> (*) [16], ap_fixed<16, 6, (ap_q_mode)5, (ap_o_mode)3, 0> const*, ap_fixed<16, 6, (ap_q_mode)5, (ap_o_mode)3, 0> const*, ap_fixed<16, 6, (ap_q_mode)5, (ap_o_mode)3, 0> const*, ap_fixed<16, 6, (ap_q_mode)5, (ap_o_mode)3, 0> const*, ap_fixed<16, 6, (ap_q_mode)5, (ap_o_mode)3, 0> const*)' (/home/cym/prj2/finn/notebooks/icl_thesis-master/experiments/imgds_linear_sparse/final_paper_experiments/experiment1_qks_v2_physical_prune/hls_projects/q16_qksv2_d14/src/q16_qksv2_d14.cpp:99:23)
INFO: [HLS 214-131] Inlining function 'feature_map(ap_fixed<16, 6, (ap_q_mode)5, (ap_o_mode)3, 0>)' into 'attention_v2_pruned(ap_fixed<16, 6, (ap_q_mode)5, (ap_o_mode)3, 0> (*) [16], ap_fixed<16, 6, (ap_q_mode)5, (ap_o_mode)3, 0> const*, ap_fixed<16, 6, (ap_q_mode)5, (ap_o_mode)3, 0> const*, ap_fixed<16, 6, (ap_q_mode)5, (ap_o_mode)3, 0> const*, ap_fixed<16, 6, (ap_q_mode)5, (ap_o_mode)3, 0> const*, ap_fixed<16, 6, (ap_q_mode)5, (ap_o_mode)3, 0> const*)' (/home/cym/prj2/finn/notebooks/icl_thesis-master/experiments/imgds_linear_sparse/final_paper_experiments/experiment1_qks_v2_physical_prune/hls_projects/q16_qksv2_d14/src/q16_qksv2_d14.cpp:89:23)
INFO: [HLS 214-186] Unrolling loop 'VITIS_LOOP_267_8' (/home/cym/prj2/finn/notebooks/icl_thesis-master/experiments/imgds_linear_sparse/final_paper_experiments/experiment1_qks_v2_physical_prune/hls_projects/q16_qksv2_d14/src/q16_qksv2_d14.cpp:267:23) in function 'q16_qksv2_d14' completely with a factor of 2 (/home/cym/prj2/finn/notebooks/icl_thesis-master/experiments/imgds_linear_sparse/final_paper_experiments/experiment1_qks_v2_physical_prune/hls_projects/q16_qksv2_d14/src/q16_qksv2_d14.cpp:205:0)
INFO: [HLS 214-186] Unrolling loop 'VITIS_LOOP_270_9' (/home/cym/prj2/finn/notebooks/icl_thesis-master/experiments/imgds_linear_sparse/final_paper_experiments/experiment1_qks_v2_physical_prune/hls_projects/q16_qksv2_d14/src/q16_qksv2_d14.cpp:270:27) in function 'q16_qksv2_d14' completely with a factor of 16 (/home/cym/prj2/finn/notebooks/icl_thesis-master/experiments/imgds_linear_sparse/final_paper_experiments/experiment1_qks_v2_physical_prune/hls_projects/q16_qksv2_d14/src/q16_qksv2_d14.cpp:205:0)
INFO: [HLS 214-178] Inlining function 'feedforward(ap_fixed<16, 6, (ap_q_mode)5, (ap_o_mode)3, 0> (*) [16], ap_fixed<16, 6, (ap_q_mode)5, (ap_o_mode)3, 0> const*, ap_fixed<16, 6, (ap_q_mode)5, (ap_o_mode)3, 0> const*, ap_fixed<16, 6, (ap_q_mode)5, (ap_o_mode)3, 0> const*, ap_fixed<16, 6, (ap_q_mode)5, (ap_o_mode)3, 0> const*)' into 'q16_qksv2_d14(ap_fixed<16, 6, (ap_q_mode)5, (ap_o_mode)3, 0> (*) [64], ap_fixed<16, 6, (ap_q_mode)5, (ap_o_mode)3, 0>*)' (/home/cym/prj2/finn/notebooks/icl_thesis-master/experiments/imgds_linear_sparse/final_paper_experiments/experiment1_qks_v2_physical_prune/hls_projects/q16_qksv2_d14/src/q16_qksv2_d14.cpp:205:0)
INFO: [HLS 214-241] Aggregating maxi variable 'input' with compact=none mode in 16-bits (/home/cym/prj2/finn/notebooks/icl_thesis-master/experiments/imgds_linear_sparse/final_paper_experiments/experiment1_qks_v2_physical_prune/hls_projects/q16_qksv2_d14/src/q16_qksv2_d14.cpp:205:0)
INFO: [HLS 214-115] Multiple burst reads of length 64 and bit width 16 in loop 'VITIS_LOOP_217_3'(/home/cym/prj2/finn/notebooks/icl_thesis-master/experiments/imgds_linear_sparse/final_paper_experiments/experiment1_qks_v2_physical_prune/hls_projects/q16_qksv2_d14/src/q16_qksv2_d14.cpp:217:31) has been inferred on bundle 'gmem0'. These burst requests might be further partitioned into multiple requests during RTL generation, based on max_read_burst_length or max_write_burst_length settings. (/home/cym/prj2/finn/notebooks/icl_thesis-master/experiments/imgds_linear_sparse/final_paper_experiments/experiment1_qks_v2_physical_prune/hls_projects/q16_qksv2_d14/src/q16_qksv2_d14.cpp:217:31)
INFO: [HLS 214-115] Multiple burst writes of length 2 and bit width 16 has been inferred on bundle 'gmem1'. These burst requests might be further partitioned into multiple requests during RTL generation, based on max_read_burst_length or max_write_burst_length settings. (/home/cym/prj2/finn/notebooks/icl_thesis-master/experiments/imgds_linear_sparse/final_paper_experiments/experiment1_qks_v2_physical_prune/hls_projects/q16_qksv2_d14/src/q16_qksv2_d14.cpp:267:32)
INFO: [HLS 200-111] Finished Compiling Optimization and Transform: CPU user time: 4.16 seconds. CPU system time: 0.42 seconds. Elapsed time: 4.6 seconds; current allocated memory: 308.969 MB.
INFO: [HLS 200-111] Finished Checking Pragmas: CPU user time: 0 seconds. CPU system time: 0 seconds. Elapsed time: 0 seconds; current allocated memory: 308.969 MB.
INFO: [HLS 200-10] Starting code transformations ...
INFO: [HLS 200-111] Finished Standard Transforms: CPU user time: 0.11 seconds. CPU system time: 0.01 seconds. Elapsed time: 0.13 seconds; current allocated memory: 332.168 MB.
INFO: [HLS 200-10] Checking synthesizability ...
WARNING: [SYNCHK 200-120] /tools/Xilinx/Vitis_HLS/2022.2/common/technology/autopilot/ap_fixed_base.h:1273: multiplication is assumed not to overflow by default, otherwise, please add option '-fwrapv'.
WARNING: [SYNCHK 200-23] /tools/Xilinx/Vitis_HLS/2022.2/common/technology/autopilot/ap_fixed_base.h:1102: variable-indexed range selection may cause suboptimal QoR.
INFO: [SYNCHK 200-10] 0 error(s), 2 warning(s).
INFO: [HLS 200-111] Finished Checking Synthesizability: CPU user time: 0.24 seconds. CPU system time: 0.01 seconds. Elapsed time: 0.24 seconds; current allocated memory: 362.426 MB.
INFO: [XFORM 203-510] Pipelining loop 'VITIS_LOOP_34_1' (/home/cym/prj2/finn/notebooks/icl_thesis-master/experiments/imgds_linear_sparse/final_paper_experiments/experiment1_qks_v2_physical_prune/hls_projects/q16_qksv2_d14/src/q16_qksv2_d14.cpp:33) in function 'layer_norm' automatically.
INFO: [XFORM 203-510] Pipelining loop 'VITIS_LOOP_38_2' (/home/cym/prj2/finn/notebooks/icl_thesis-master/experiments/imgds_linear_sparse/final_paper_experiments/experiment1_qks_v2_physical_prune/hls_projects/q16_qksv2_d14/src/q16_qksv2_d14.cpp:37) in function 'layer_norm' automatically.
INFO: [XFORM 203-510] Pipelining loop 'VITIS_LOOP_45_3' (/home/cym/prj2/finn/notebooks/icl_thesis-master/experiments/imgds_linear_sparse/final_paper_experiments/experiment1_qks_v2_physical_prune/hls_projects/q16_qksv2_d14/src/q16_qksv2_d14.cpp:45) in function 'layer_norm' automatically.
INFO: [XFORM 203-510] Pipelining loop 'VITIS_LOOP_238_4' (/home/cym/prj2/finn/notebooks/icl_thesis-master/experiments/imgds_linear_sparse/final_paper_experiments/experiment1_qks_v2_physical_prune/hls_projects/q16_qksv2_d14/src/q16_qksv2_d14.cpp:238) in function 'q16_qksv2_d14' automatically.
INFO: [XFORM 203-510] Pipelining loop 'VITIS_LOOP_194_6' (/home/cym/prj2/finn/notebooks/icl_thesis-master/experiments/imgds_linear_sparse/final_paper_experiments/experiment1_qks_v2_physical_prune/hls_projects/q16_qksv2_d14/src/q16_qksv2_d14.cpp:194) in function 'q16_qksv2_d14' automatically.
INFO: [XFORM 203-510] Pipelining loop 'VITIS_LOOP_251_5' (/home/cym/prj2/finn/notebooks/icl_thesis-master/experiments/imgds_linear_sparse/final_paper_experiments/experiment1_qks_v2_physical_prune/hls_projects/q16_qksv2_d14/src/q16_qksv2_d14.cpp:251) in function 'q16_qksv2_d14' automatically.
INFO: [XFORM 203-502] Unrolling all loops for pipelining in function 'layer_norm.1' (/home/cym/prj2/finn/notebooks/icl_thesis-master/experiments/imgds_linear_sparse/final_paper_experiments/experiment1_qks_v2_physical_prune/hls_projects/q16_qksv2_d14/src/q16_qksv2_d14.cpp:33:22).
INFO: [HLS 200-489] Unrolling loop 'VITIS_LOOP_34_1' (/home/cym/prj2/finn/notebooks/icl_thesis-master/experiments/imgds_linear_sparse/final_paper_experiments/experiment1_qks_v2_physical_prune/hls_projects/q16_qksv2_d14/src/q16_qksv2_d14.cpp:33) in function 'layer_norm.1' completely with a factor of 16.
INFO: [HLS 200-489] Unrolling loop 'VITIS_LOOP_38_2' (/home/cym/prj2/finn/notebooks/icl_thesis-master/experiments/imgds_linear_sparse/final_paper_experiments/experiment1_qks_v2_physical_prune/hls_projects/q16_qksv2_d14/src/q16_qksv2_d14.cpp:37) in function 'layer_norm.1' completely with a factor of 16.
INFO: [HLS 200-489] Unrolling loop 'VITIS_LOOP_45_3' (/home/cym/prj2/finn/notebooks/icl_thesis-master/experiments/imgds_linear_sparse/final_paper_experiments/experiment1_qks_v2_physical_prune/hls_projects/q16_qksv2_d14/src/q16_qksv2_d14.cpp:45) in function 'layer_norm.1' completely with a factor of 16.
INFO: [XFORM 203-102] Partitioning array 'layers_0_norm2_weight.V' automatically.
INFO: [XFORM 203-102] Partitioning array 'layers_0_norm2_bias.V' automatically.
INFO: [XFORM 203-102] Partitioning array 'layers_0_norm1_weight.V' automatically.
INFO: [XFORM 203-102] Partitioning array 'layers_0_norm1_bias.V' automatically.
INFO: [XFORM 203-401] Performing if-conversion on hyperblock to (/home/cym/prj2/finn/notebooks/icl_thesis-master/experiments/imgds_linear_sparse/final_paper_experiments/experiment1_qks_v2_physical_prune/hls_projects/q16_qksv2_d14/src/q16_qksv2_d14.cpp:49:1) in function 'layer_norm.1'... converting 16 basic blocks.
INFO: [XFORM 203-401] Performing if-conversion on hyperblock to (/home/cym/prj2/finn/notebooks/icl_thesis-master/experiments/imgds_linear_sparse/final_paper_experiments/experiment1_qks_v2_physical_prune/hls_projects/q16_qksv2_d14/src/q16_qksv2_d14.cpp:45:22) in function 'layer_norm'... converting 16 basic blocks.
INFO: [XFORM 203-401] Performing if-conversion on hyperblock from (/home/cym/prj2/finn/notebooks/icl_thesis-master/experiments/imgds_linear_sparse/final_paper_experiments/experiment1_qks_v2_physical_prune/hls_projects/q16_qksv2_d14/src/q16_qksv2_d14.cpp:24:41) to (/home/cym/prj2/finn/notebooks/icl_thesis-master/experiments/imgds_linear_sparse/final_paper_experiments/experiment1_qks_v2_physical_prune/hls_projects/q16_qksv2_d14/src/q16_qksv2_d14.cpp:83:26) in function 'attention_v2_pruned'... converting 16 basic blocks.
INFO: [XFORM 203-401] Performing if-conversion on hyperblock from (/home/cym/prj2/finn/notebooks/icl_thesis-master/experiments/imgds_linear_sparse/final_paper_experiments/experiment1_qks_v2_physical_prune/hls_projects/q16_qksv2_d14/src/q16_qksv2_d14.cpp:24:41) to (/home/cym/prj2/finn/notebooks/icl_thesis-master/experiments/imgds_linear_sparse/final_paper_experiments/experiment1_qks_v2_physical_prune/hls_projects/q16_qksv2_d14/src/q16_qksv2_d14.cpp:93:26) in function 'attention_v2_pruned'... converting 16 basic blocks.
INFO: [XFORM 203-401] Performing if-conversion on hyperblock to (/home/cym/prj2/finn/notebooks/icl_thesis-master/experiments/imgds_linear_sparse/final_paper_experiments/experiment1_qks_v2_physical_prune/hls_projects/q16_qksv2_d14/src/q16_qksv2_d14.cpp:139:28) in function 'attention_v2_pruned'... converting 16 basic blocks.
INFO: [XFORM 203-11] Balancing expressions in function 'layer_norm.1' (/home/cym/prj2/finn/notebooks/icl_thesis-master/experiments/imgds_linear_sparse/final_paper_experiments/experiment1_qks_v2_physical_prune/hls_projects/q16_qksv2_d14/src/q16_qksv2_d14.cpp:43:1)...29 expression(s) balanced.
INFO: [HLS 200-111] Finished Loop, function and other optimizations: CPU user time: 0.58 seconds. CPU system time: 0.02 seconds. Elapsed time: 0.63 seconds; current allocated memory: 420.062 MB.
WARNING: [HLS 200-960] Cannot flatten loop 'VITIS_LOOP_215_2' (/home/cym/prj2/finn/notebooks/icl_thesis-master/experiments/imgds_linear_sparse/final_paper_experiments/experiment1_qks_v2_physical_prune/hls_projects/q16_qksv2_d14/src/q16_qksv2_d14.cpp:215:36) in function 'q16_qksv2_d14' the outer loop is not a perfect loop.
INFO: [XFORM 203-541] Flattening a loop nest 'VITIS_LOOP_214_1' (/home/cym/prj2/finn/notebooks/icl_thesis-master/experiments/imgds_linear_sparse/final_paper_experiments/experiment1_qks_v2_physical_prune/hls_projects/q16_qksv2_d14/src/q16_qksv2_d14.cpp:214:32) in function 'q16_qksv2_d14'.
WARNING: [HLS 200-960] Cannot flatten loop 'VITIS_LOOP_174_2' (/home/cym/prj2/finn/notebooks/icl_thesis-master/experiments/imgds_linear_sparse/final_paper_experiments/experiment1_qks_v2_physical_prune/hls_projects/q16_qksv2_d14/src/q16_qksv2_d14.cpp:174:36) in function 'q16_qksv2_d14' the outer loop is not a perfect loop because there is nontrivial logic in the loop latch.
WARNING: [HLS 200-960] Cannot flatten loop 'VITIS_LOOP_185_4' (/home/cym/prj2/finn/notebooks/icl_thesis-master/experiments/imgds_linear_sparse/final_paper_experiments/experiment1_qks_v2_physical_prune/hls_projects/q16_qksv2_d14/src/q16_qksv2_d14.cpp:185:36) in function 'q16_qksv2_d14' the outer loop is not a perfect loop.
WARNING: [HLS 200-960] Cannot flatten loop 'VITIS_LOOP_172_1' (/home/cym/prj2/finn/notebooks/icl_thesis-master/experiments/imgds_linear_sparse/final_paper_experiments/experiment1_qks_v2_physical_prune/hls_projects/q16_qksv2_d14/src/q16_qksv2_d14.cpp:172:29) in function 'q16_qksv2_d14' more than one sub loop.
INFO: [XFORM 203-541] Flattening a loop nest 'VITIS_LOOP_256_6' (/home/cym/prj2/finn/notebooks/icl_thesis-master/experiments/imgds_linear_sparse/final_paper_experiments/experiment1_qks_v2_physical_prune/hls_projects/q16_qksv2_d14/src/q16_qksv2_d14.cpp:256:32) in function 'q16_qksv2_d14'.
INFO: [XFORM 203-541] Flattening a loop nest 'VITIS_LOOP_73_2' (/home/cym/prj2/finn/notebooks/icl_thesis-master/experiments/imgds_linear_sparse/final_paper_experiments/experiment1_qks_v2_physical_prune/hls_projects/q16_qksv2_d14/src/q16_qksv2_d14.cpp:73:35) in function 'attention_v2_pruned'.
WARNING: [HLS 200-960] Cannot flatten loop 'VITIS_LOOP_83_4' (/home/cym/prj2/finn/notebooks/icl_thesis-master/experiments/imgds_linear_sparse/final_paper_experiments/experiment1_qks_v2_physical_prune/hls_projects/q16_qksv2_d14/src/q16_qksv2_d14.cpp:83:35) in function 'attention_v2_pruned' the outer loop is not a perfect loop because there is nontrivial logic in the loop latch.
WARNING: [HLS 200-960] Cannot flatten loop 'VITIS_LOOP_93_6' (/home/cym/prj2/finn/notebooks/icl_thesis-master/experiments/imgds_linear_sparse/final_paper_experiments/experiment1_qks_v2_physical_prune/hls_projects/q16_qksv2_d14/src/q16_qksv2_d14.cpp:93:35) in function 'attention_v2_pruned' the outer loop is not a perfect loop because there is nontrivial logic in the loop latch.
WARNING: [HLS 200-960] Cannot flatten loop 'VITIS_LOOP_71_1' (/home/cym/prj2/finn/notebooks/icl_thesis-master/experiments/imgds_linear_sparse/final_paper_experiments/experiment1_qks_v2_physical_prune/hls_projects/q16_qksv2_d14/src/q16_qksv2_d14.cpp:71:31) in function 'attention_v2_pruned' more than one sub loop.
INFO: [XFORM 203-541] Flattening a loop nest 'VITIS_LOOP_106_9' (/home/cym/prj2/finn/notebooks/icl_thesis-master/experiments/imgds_linear_sparse/final_paper_experiments/experiment1_qks_v2_physical_prune/hls_projects/q16_qksv2_d14/src/q16_qksv2_d14.cpp:106:36) in function 'attention_v2_pruned'.
INFO: [XFORM 203-541] Flattening a loop nest 'VITIS_LOOP_105_8' (/home/cym/prj2/finn/notebooks/icl_thesis-master/experiments/imgds_linear_sparse/final_paper_experiments/experiment1_qks_v2_physical_prune/hls_projects/q16_qksv2_d14/src/q16_qksv2_d14.cpp:105:32) in function 'attention_v2_pruned'.
WARNING: [HLS 200-960] Cannot flatten loop 'VITIS_LOOP_118_11' (/home/cym/prj2/finn/notebooks/icl_thesis-master/experiments/imgds_linear_sparse/final_paper_experiments/experiment1_qks_v2_physical_prune/hls_projects/q16_qksv2_d14/src/q16_qksv2_d14.cpp:118:33) in function 'attention_v2_pruned' the outer loop is not a perfect loop because there is nontrivial logic in the loop latch.
INFO: [XFORM 203-541] Flattening a loop nest 'VITIS_LOOP_139_15' (/home/cym/prj2/finn/notebooks/icl_thesis-master/experiments/imgds_linear_sparse/final_paper_experiments/experiment1_qks_v2_physical_prune/hls_projects/q16_qksv2_d14/src/q16_qksv2_d14.cpp:139:37) in function 'attention_v2_pruned'.
WARNING: [HLS 200-960] Cannot flatten loop 'VITIS_LOOP_149_17' (/home/cym/prj2/finn/notebooks/icl_thesis-master/experiments/imgds_linear_sparse/final_paper_experiments/experiment1_qks_v2_physical_prune/hls_projects/q16_qksv2_d14/src/q16_qksv2_d14.cpp:149:37) in function 'attention_v2_pruned' the outer loop is not a perfect loop.
WARNING: [HLS 200-960] Cannot flatten loop 'VITIS_LOOP_128_13' (/home/cym/prj2/finn/notebooks/icl_thesis-master/experiments/imgds_linear_sparse/final_paper_experiments/experiment1_qks_v2_physical_prune/hls_projects/q16_qksv2_d14/src/q16_qksv2_d14.cpp:130:15) in function 'attention_v2_pruned' more than one sub loop.
INFO: [HLS 200-472] Inferring partial write operation for 'x.V' (/home/cym/prj2/finn/notebooks/icl_thesis-master/experiments/imgds_linear_sparse/final_paper_experiments/experiment1_qks_v2_physical_prune/hls_projects/q16_qksv2_d14/src/q16_qksv2_d14.cpp:222:21)
INFO: [HLS 200-472] Inferring partial write operation for 'hidden.V' 
INFO: [HLS 200-472] Inferring partial write operation for 'ff_out.V' (/home/cym/prj2/finn/notebooks/icl_thesis-master/experiments/imgds_linear_sparse/final_paper_experiments/experiment1_qks_v2_physical_prune/hls_projects/q16_qksv2_d14/src/q16_qksv2_d14.cpp:191:23)
INFO: [HLS 200-472] Inferring partial write operation for 'x.V' (/home/cym/prj2/finn/notebooks/icl_thesis-master/experiments/imgds_linear_sparse/final_paper_experiments/experiment1_qks_v2_physical_prune/hls_projects/q16_qksv2_d14/src/q16_qksv2_d14.cpp:195:21)
INFO: [HLS 200-472] Inferring partial write operation for 'pooled.V' (/home/cym/prj2/finn/notebooks/icl_thesis-master/experiments/imgds_linear_sparse/final_paper_experiments/experiment1_qks_v2_physical_prune/hls_projects/q16_qksv2_d14/src/q16_qksv2_d14.cpp:262:19)
INFO: [HLS 200-472] Inferring partial write operation for 'x' (/home/cym/prj2/finn/notebooks/icl_thesis-master/experiments/imgds_linear_sparse/final_paper_experiments/experiment1_qks_v2_physical_prune/hls_projects/q16_qksv2_d14/src/q16_qksv2_d14.cpp:47:14)
INFO: [HLS 200-472] Inferring partial write operation for 'V.V' (/home/cym/prj2/finn/notebooks/icl_thesis-master/experiments/imgds_linear_sparse/final_paper_experiments/experiment1_qks_v2_physical_prune/hls_projects/q16_qksv2_d14/src/q16_qksv2_d14.cpp:79:21)
INFO: [HLS 200-472] Inferring partial write operation for 'Q.V' (/home/cym/prj2/finn/notebooks/icl_thesis-master/experiments/imgds_linear_sparse/final_paper_experiments/experiment1_qks_v2_physical_prune/hls_projects/q16_qksv2_d14/src/q16_qksv2_d14.cpp:89:21)
INFO: [HLS 200-472] Inferring partial write operation for 'K.V' (/home/cym/prj2/finn/notebooks/icl_thesis-master/experiments/imgds_linear_sparse/final_paper_experiments/experiment1_qks_v2_physical_prune/hls_projects/q16_qksv2_d14/src/q16_qksv2_d14.cpp:99:21)
INFO: [HLS 200-472] Inferring partial write operation for 'KV.V' (/home/cym/prj2/finn/notebooks/icl_thesis-master/experiments/imgds_linear_sparse/final_paper_experiments/experiment1_qks_v2_physical_prune/hls_projects/q16_qksv2_d14/src/q16_qksv2_d14.cpp:112:23)
INFO: [HLS 200-472] Inferring partial write operation for 'K_sum.V' (/home/cym/prj2/finn/notebooks/icl_thesis-master/experiments/imgds_linear_sparse/final_paper_experiments/experiment1_qks_v2_physical_prune/hls_projects/q16_qksv2_d14/src/q16_qksv2_d14.cpp:124:18)
INFO: [HLS 200-472] Inferring partial write operation for 'attended.V' (/home/cym/prj2/finn/notebooks/icl_thesis-master/experiments/imgds_linear_sparse/final_paper_experiments/experiment1_qks_v2_physical_prune/hls_projects/q16_qksv2_d14/src/q16_qksv2_d14.cpp:145:26)
INFO: [HLS 200-472] Inferring partial write operation for 'x' (/home/cym/prj2/finn/notebooks/icl_thesis-master/experiments/imgds_linear_sparse/final_paper_experiments/experiment1_qks_v2_physical_prune/hls_projects/q16_qksv2_d14/src/q16_qksv2_d14.cpp:155:21)
INFO: [HLS 200-111] Finished Architecture Synthesis: CPU user time: 0.89 seconds. CPU system time: 0.05 seconds. Elapsed time: 0.94 seconds; current allocated memory: 629.477 MB.
INFO: [HLS 200-10] Starting hardware synthesis ...
INFO: [HLS 200-10] Synthesizing 'q16_qksv2_d14' ...
WARNING: [SYN 201-103] Legalizing function name 'layer_norm.1' to 'layer_norm_1'.
INFO: [HLS 200-10] ----------------------------------------------------------------
INFO: [HLS 200-42] -- Implementing module 'q16_qksv2_d14_Pipeline_VITIS_LOOP_217_3' 
INFO: [HLS 200-10] ----------------------------------------------------------------
INFO: [SCHED 204-11] Starting scheduling ...
INFO: [HLS 200-486] Changing DSP latency (root=r_V_2) to 3 in order to utilize available DSP registers.
INFO: [SCHED 204-61] Pipelining loop 'VITIS_LOOP_217_3'.
INFO: [HLS 200-1470] Pipelining result : Target II = 1, Final II = 1, Depth = 7, loop 'VITIS_LOOP_217_3'
INFO: [SCHED 204-11] Finished scheduling.
INFO: [HLS 200-111] Finished Scheduling: CPU user time: 0.09 seconds. CPU system time: 0.02 seconds. Elapsed time: 0.11 seconds; current allocated memory: 631.363 MB.
INFO: [BIND 205-100] Starting micro-architecture generation ...
INFO: [BIND 205-101] Performing variable lifetime analysis.
INFO: [BIND 205-101] Exploring resource sharing.
INFO: [BIND 205-101] Binding ...
INFO: [BIND 205-100] Finished micro-architecture generation.
INFO: [HLS 200-111] Finished Binding: CPU user time: 0.03 seconds. CPU system time: 0 seconds. Elapsed time: 0.03 seconds; current allocated memory: 631.363 MB.
INFO: [HLS 200-10] ----------------------------------------------------------------
INFO: [HLS 200-42] -- Implementing module 'attention_v2_pruned_Pipeline_VITIS_LOOP_73_2_VITIS_LOOP_75_3' 
INFO: [HLS 200-10] ----------------------------------------------------------------
INFO: [SCHED 204-11] Starting scheduling ...
INFO: [HLS 200-486] Changing DSP latency (root=r_V_97) to 3 in order to utilize available DSP registers.
INFO: [SCHED 204-61] Pipelining loop 'VITIS_LOOP_73_2_VITIS_LOOP_75_3'.
INFO: [HLS 200-1470] Pipelining result : Target II = 1, Final II = 1, Depth = 7, loop 'VITIS_LOOP_73_2_VITIS_LOOP_75_3'
INFO: [SCHED 204-11] Finished scheduling.
INFO: [HLS 200-111] Finished Scheduling: CPU user time: 0.05 seconds. CPU system time: 0.01 seconds. Elapsed time: 0.06 seconds; current allocated memory: 631.984 MB.
INFO: [BIND 205-100] Starting micro-architecture generation ...
INFO: [BIND 205-101] Performing variable lifetime analysis.
INFO: [BIND 205-101] Exploring resource sharing.
INFO: [BIND 205-101] Binding ...
INFO: [BIND 205-100] Finished micro-architecture generation.
INFO: [HLS 200-111] Finished Binding: CPU user time: 0.03 seconds. CPU system time: 0 seconds. Elapsed time: 0.03 seconds; current allocated memory: 631.984 MB.
INFO: [HLS 200-10] ----------------------------------------------------------------
INFO: [HLS 200-42] -- Implementing module 'attention_v2_pruned_Pipeline_VITIS_LOOP_85_5' 
INFO: [HLS 200-10] ----------------------------------------------------------------
INFO: [SCHED 204-11] Starting scheduling ...
INFO: [HLS 200-486] Changing DSP latency (root=r_V_95) to 3 in order to utilize available DSP registers.
INFO: [SCHED 204-61] Pipelining loop 'VITIS_LOOP_85_5'.
INFO: [HLS 200-1470] Pipelining result : Target II = 1, Final II = 1, Depth = 5, loop 'VITIS_LOOP_85_5'
INFO: [SCHED 204-11] Finished scheduling.
INFO: [HLS 200-111] Finished Scheduling: CPU user time: 0.06 seconds. CPU system time: 0 seconds. Elapsed time: 0.05 seconds; current allocated memory: 632.375 MB.
INFO: [BIND 205-100] Starting micro-architecture generation ...
INFO: [BIND 205-101] Performing variable lifetime analysis.
INFO: [BIND 205-101] Exploring resource sharing.
INFO: [BIND 205-101] Binding ...
INFO: [BIND 205-100] Finished micro-architecture generation.
INFO: [HLS 200-111] Finished Binding: CPU user time: 0.02 seconds. CPU system time: 0 seconds. Elapsed time: 0.02 seconds; current allocated memory: 632.375 MB.
INFO: [HLS 200-10] ----------------------------------------------------------------
INFO: [HLS 200-42] -- Implementing module 'attention_v2_pruned_Pipeline_VITIS_LOOP_95_7' 
INFO: [HLS 200-10] ----------------------------------------------------------------
INFO: [SCHED 204-11] Starting scheduling ...
INFO: [HLS 200-486] Changing DSP latency (root=r_V_93) to 3 in order to utilize available DSP registers.
INFO: [SCHED 204-61] Pipelining loop 'VITIS_LOOP_95_7'.
INFO: [HLS 200-1470] Pipelining result : Target II = 1, Final II = 1, Depth = 5, loop 'VITIS_LOOP_95_7'
INFO: [SCHED 204-11] Finished scheduling.
INFO: [HLS 200-111] Finished Scheduling: CPU user time: 0.04 seconds. CPU system time: 0 seconds. Elapsed time: 0.05 seconds; current allocated memory: 632.855 MB.
INFO: [BIND 205-100] Starting micro-architecture generation ...
INFO: [BIND 205-101] Performing variable lifetime analysis.
INFO: [BIND 205-101] Exploring resource sharing.
INFO: [BIND 205-101] Binding ...
INFO: [BIND 205-100] Finished micro-architecture generation.
INFO: [HLS 200-111] Finished Binding: CPU user time: 0.03 seconds. CPU system time: 0 seconds. Elapsed time: 0.02 seconds; current allocated memory: 632.855 MB.
INFO: [HLS 200-10] ----------------------------------------------------------------
INFO: [HLS 200-42] -- Implementing module 'attention_v2_pruned_Pipeline_VITIS_LOOP_105_8_VITIS_LOOP_106_9_VITIS_LOOP_108_10' 
INFO: [HLS 200-10] ----------------------------------------------------------------
INFO: [SCHED 204-11] Starting scheduling ...
INFO: [HLS 200-486] Changing DSP latency (root=mul_ln1347) to 3 in order to utilize available DSP registers.
INFO: [SCHED 204-61] Pipelining loop 'VITIS_LOOP_105_8_VITIS_LOOP_106_9_VITIS_LOOP_108_10'.
INFO: [HLS 200-1470] Pipelining result : Target II = 1, Final II = 1, Depth = 7, loop 'VITIS_LOOP_105_8_VITIS_LOOP_106_9_VITIS_LOOP_108_10'
WARNING: [HLS 200-871] Estimated clock period (7.90325ns) exceeds the target (target clock period: 10ns, clock uncertainty: 2.7ns, effective delay budget: 7.3ns).
WARNING: [HLS 200-1016] The critical path in module 'attention_v2_pruned_Pipeline_VITIS_LOOP_105_8_VITIS_LOOP_106_9_VITIS_LOOP_108_10' consists of the following:	'load' operation ('t_load', /home/cym/prj2/finn/notebooks/icl_thesis-master/experiments/imgds_linear_sparse/final_paper_experiments/experiment1_qks_v2_physical_prune/hls_projects/q16_qksv2_d14/src/q16_qksv2_d14.cpp:108) on local variable 't' [25]  (0 ns)
	'icmp' operation ('icmp_ln108', /home/cym/prj2/finn/notebooks/icl_thesis-master/experiments/imgds_linear_sparse/final_paper_experiments/experiment1_qks_v2_physical_prune/hls_projects/q16_qksv2_d14/src/q16_qksv2_d14.cpp:108) [37]  (1.36 ns)
	'and' operation ('and_ln105', /home/cym/prj2/finn/notebooks/icl_thesis-master/experiments/imgds_linear_sparse/final_paper_experiments/experiment1_qks_v2_physical_prune/hls_projects/q16_qksv2_d14/src/q16_qksv2_d14.cpp:105) [38]  (0.978 ns)
	'or' operation ('or_ln106', /home/cym/prj2/finn/notebooks/icl_thesis-master/experiments/imgds_linear_sparse/final_paper_experiments/experiment1_qks_v2_physical_prune/hls_projects/q16_qksv2_d14/src/q16_qksv2_d14.cpp:106) [41]  (0.978 ns)
	'select' operation ('select_ln106', /home/cym/prj2/finn/notebooks/icl_thesis-master/experiments/imgds_linear_sparse/final_paper_experiments/experiment1_qks_v2_physical_prune/hls_projects/q16_qksv2_d14/src/q16_qksv2_d14.cpp:106) [42]  (1.22 ns)
	'add' operation ('add_ln108', /home/cym/prj2/finn/notebooks/icl_thesis-master/experiments/imgds_linear_sparse/final_paper_experiments/experiment1_qks_v2_physical_prune/hls_projects/q16_qksv2_d14/src/q16_qksv2_d14.cpp:108) [70]  (1.78 ns)
	'store' operation ('t_write_ln108', /home/cym/prj2/finn/notebooks/icl_thesis-master/experiments/imgds_linear_sparse/final_paper_experiments/experiment1_qks_v2_physical_prune/hls_projects/q16_qksv2_d14/src/q16_qksv2_d14.cpp:108) of variable 'add_ln108', /home/cym/prj2/finn/notebooks/icl_thesis-master/experiments/imgds_linear_sparse/final_paper_experiments/experiment1_qks_v2_physical_prune/hls_projects/q16_qksv2_d14/src/q16_qksv2_d14.cpp:108 on local variable 't' [84]  (1.59 ns)

INFO: [SCHED 204-11] Finished scheduling.
INFO: [HLS 200-111] Finished Scheduling: CPU user time: 0.05 seconds. CPU system time: 0 seconds. Elapsed time: 0.06 seconds; current allocated memory: 633.621 MB.
INFO: [BIND 205-100] Starting micro-architecture generation ...
INFO: [BIND 205-101] Performing variable lifetime analysis.
INFO: [BIND 205-101] Exploring resource sharing.
INFO: [BIND 205-101] Binding ...
INFO: [BIND 205-100] Finished micro-architecture generation.
INFO: [HLS 200-111] Finished Binding: CPU user time: 0.05 seconds. CPU system time: 0 seconds. Elapsed time: 0.04 seconds; current allocated memory: 633.621 MB.
INFO: [HLS 200-10] ----------------------------------------------------------------
INFO: [HLS 200-42] -- Implementing module 'attention_v2_pruned_Pipeline_VITIS_LOOP_120_12' 
INFO: [HLS 200-10] ----------------------------------------------------------------
INFO: [SCHED 204-11] Starting scheduling ...
INFO: [SCHED 204-61] Pipelining loop 'VITIS_LOOP_120_12'.
INFO: [HLS 200-1470] Pipelining result : Target II = 1, Final II = 1, Depth = 2, loop 'VITIS_LOOP_120_12'
INFO: [SCHED 204-11] Finished scheduling.
INFO: [HLS 200-111] Finished Scheduling: CPU user time: 0.08 seconds. CPU system time: 0.01 seconds. Elapsed time: 0.08 seconds; current allocated memory: 634.031 MB.
INFO: [BIND 205-100] Starting micro-architecture generation ...
INFO: [BIND 205-101] Performing variable lifetime analysis.
INFO: [BIND 205-101] Exploring resource sharing.
INFO: [BIND 205-101] Binding ...
INFO: [BIND 205-100] Finished micro-architecture generation.
INFO: [HLS 200-111] Finished Binding: CPU user time: 0.01 seconds. CPU system time: 0 seconds. Elapsed time: 0.02 seconds; current allocated memory: 634.031 MB.
INFO: [HLS 200-10] ----------------------------------------------------------------
INFO: [HLS 200-42] -- Implementing module 'attention_v2_pruned_Pipeline_VITIS_LOOP_131_14' 
INFO: [HLS 200-10] ----------------------------------------------------------------
INFO: [SCHED 204-11] Starting scheduling ...
INFO: [HLS 200-486] Changing DSP latency (root=mul_ln1347) to 3 in order to utilize available DSP registers.
INFO: [SCHED 204-61] Pipelining loop 'VITIS_LOOP_131_14'.
INFO: [HLS 200-1470] Pipelining result : Target II = 1, Final II = 1, Depth = 5, loop 'VITIS_LOOP_131_14'
INFO: [SCHED 204-11] Finished scheduling.
INFO: [HLS 200-111] Finished Scheduling: CPU user time: 0.05 seconds. CPU system time: 0 seconds. Elapsed time: 0.05 seconds; current allocated memory: 634.281 MB.
INFO: [BIND 205-100] Starting micro-architecture generation ...
INFO: [BIND 205-101] Performing variable lifetime analysis.
INFO: [BIND 205-101] Exploring resource sharing.
INFO: [BIND 205-101] Binding ...
INFO: [BIND 205-100] Finished micro-architecture generation.
INFO: [HLS 200-111] Finished Binding: CPU user time: 0.02 seconds. CPU system time: 0.01 seconds. Elapsed time: 0.02 seconds; current allocated memory: 634.281 MB.
INFO: [HLS 200-10] ----------------------------------------------------------------
INFO: [HLS 200-42] -- Implementing module 'attention_v2_pruned_Pipeline_VITIS_LOOP_139_15_VITIS_LOOP_141_16' 
INFO: [HLS 200-10] ----------------------------------------------------------------
INFO: [SCHED 204-11] Starting scheduling ...
INFO: [HLS 200-486] Changing DSP latency (root=mul_ln1347) to 3 in order to utilize available DSP registers.
INFO: [HLS 200-486] Changing DSP latency (root=mul_ln1270) to 3 in order to utilize available DSP registers.
INFO: [SCHED 204-61] Pipelining loop 'VITIS_LOOP_139_15_VITIS_LOOP_141_16'.
INFO: [HLS 200-1470] Pipelining result : Target II = 1, Final II = 1, Depth = 9, loop 'VITIS_LOOP_139_15_VITIS_LOOP_141_16'
INFO: [SCHED 204-11] Finished scheduling.
INFO: [HLS 200-111] Finished Scheduling: CPU user time: 0.04 seconds. CPU system time: 0 seconds. Elapsed time: 0.05 seconds; current allocated memory: 634.766 MB.
INFO: [BIND 205-100] Starting micro-architecture generation ...
INFO: [BIND 205-101] Performing variable lifetime analysis.
INFO: [BIND 205-101] Exploring resource sharing.
INFO: [BIND 205-101] Binding ...
INFO: [BIND 205-100] Finished micro-architecture generation.
INFO: [HLS 200-111] Finished Binding: CPU user time: 0.04 seconds. CPU system time: 0 seconds. Elapsed time: 0.04 seconds; current allocated memory: 634.766 MB.
INFO: [HLS 200-10] ----------------------------------------------------------------
INFO: [HLS 200-42] -- Implementing module 'attention_v2_pruned_Pipeline_VITIS_LOOP_151_18' 
INFO: [HLS 200-10] ----------------------------------------------------------------
INFO: [SCHED 204-11] Starting scheduling ...
INFO: [HLS 200-486] Changing DSP latency (root=r_V_99) to 3 in order to utilize available DSP registers.
INFO: [SCHED 204-61] Pipelining loop 'VITIS_LOOP_151_18'.
INFO: [HLS 200-1470] Pipelining result : Target II = 1, Final II = 1, Depth = 6, loop 'VITIS_LOOP_151_18'
INFO: [SCHED 204-11] Finished scheduling.
INFO: [HLS 200-111] Finished Scheduling: CPU user time: 0.06 seconds. CPU system time: 0 seconds. Elapsed time: 0.06 seconds; current allocated memory: 635.371 MB.
INFO: [BIND 205-100] Starting micro-architecture generation ...
INFO: [BIND 205-101] Performing variable lifetime analysis.
INFO: [BIND 205-101] Exploring resource sharing.
INFO: [BIND 205-101] Binding ...
INFO: [BIND 205-100] Finished micro-architecture generation.
INFO: [HLS 200-111] Finished Binding: CPU user time: 0.03 seconds. CPU system time: 0 seconds. Elapsed time: 0.03 seconds; current allocated memory: 635.371 MB.
INFO: [HLS 200-10] ----------------------------------------------------------------
INFO: [HLS 200-42] -- Implementing module 'attention_v2_pruned' 
INFO: [HLS 200-10] ----------------------------------------------------------------
INFO: [SCHED 204-11] Starting scheduling ...
INFO: [SCHED 204-11] Finished scheduling.
INFO: [HLS 200-111] Finished Scheduling: CPU user time: 0.26 seconds. CPU system time: 0 seconds. Elapsed time: 0.25 seconds; current allocated memory: 638.750 MB.
INFO: [BIND 205-100] Starting micro-architecture generation ...
INFO: [BIND 205-101] Performing variable lifetime analysis.
INFO: [BIND 205-101] Exploring resource sharing.
INFO: [BIND 205-101] Binding ...
INFO: [BIND 205-100] Finished micro-architecture generation.
INFO: [HLS 200-111] Finished Binding: CPU user time: 0.42 seconds. CPU system time: 0 seconds. Elapsed time: 0.43 seconds; current allocated memory: 638.750 MB.
INFO: [HLS 200-10] ----------------------------------------------------------------
INFO: [HLS 200-42] -- Implementing module 'layer_norm_1' 
INFO: [HLS 200-10] ----------------------------------------------------------------
INFO: [SCHED 204-11] Starting scheduling ...
INFO: [HLS 200-486] Changing DSP latency (root=mul_ln837_11) to 3 in order to utilize available DSP registers.
INFO: [HLS 200-486] Changing DSP latency (root=sub_ln1348_15) to 3 in order to utilize available DSP registers.
INFO: [HLS 200-486] Changing DSP latency (root=mul_ln837_10) to 3 in order to utilize available DSP registers.
INFO: [HLS 200-486] Changing DSP latency (root=sub_ln1348_14) to 3 in order to utilize available DSP registers.
INFO: [HLS 200-486] Changing DSP latency (root=mul_ln837_9) to 3 in order to utilize available DSP registers.
INFO: [HLS 200-486] Changing DSP latency (root=sub_ln1348_13) to 3 in order to utilize available DSP registers.
INFO: [HLS 200-486] Changing DSP latency (root=mul_ln813_3) to 3 in order to utilize available DSP registers.
INFO: [HLS 200-486] Changing DSP latency (root=sub_ln1348_12) to 3 in order to utilize available DSP registers.
INFO: [HLS 200-486] Changing DSP latency (root=mul_ln837_8) to 3 in order to utilize available DSP registers.
INFO: [HLS 200-486] Changing DSP latency (root=sub_ln1348_11) to 3 in order to utilize available DSP registers.
INFO: [HLS 200-486] Changing DSP latency (root=mul_ln837_7) to 3 in order to utilize available DSP registers.
INFO: [HLS 200-486] Changing DSP latency (root=sub_ln1348_10) to 3 in order to utilize available DSP registers.
INFO: [HLS 200-486] Changing DSP latency (root=mul_ln837_6) to 3 in order to utilize available DSP registers.
INFO: [HLS 200-486] Changing DSP latency (root=sub_ln1348_9) to 3 in order to utilize available DSP registers.
INFO: [HLS 200-486] Changing DSP latency (root=mul_ln813_2) to 3 in order to utilize available DSP registers.
INFO: [HLS 200-486] Changing DSP latency (root=sub_ln1348_8) to 3 in order to utilize available DSP registers.
INFO: [HLS 200-486] Changing DSP latency (root=mul_ln813_1) to 3 in order to utilize available DSP registers.
INFO: [HLS 200-486] Changing DSP latency (root=sub_ln1348_7) to 3 in order to utilize available DSP registers.
INFO: [HLS 200-486] Changing DSP latency (root=mul_ln813) to 3 in order to utilize available DSP registers.
INFO: [HLS 200-486] Changing DSP latency (root=sub_ln1348_6) to 3 in order to utilize available DSP registers.
INFO: [HLS 200-486] Changing DSP latency (root=mul_ln837_5) to 3 in order to utilize available DSP registers.
INFO: [HLS 200-486] Changing DSP latency (root=sub_ln1348_5) to 3 in order to utilize available DSP registers.
INFO: [HLS 200-486] Changing DSP latency (root=mul_ln837_4) to 3 in order to utilize available DSP registers.
INFO: [HLS 200-486] Changing DSP latency (root=sub_ln1348_4) to 3 in order to utilize available DSP registers.
INFO: [HLS 200-486] Changing DSP latency (root=mul_ln837_3) to 3 in order to utilize available DSP registers.
INFO: [HLS 200-486] Changing DSP latency (root=sub_ln1348_3) to 3 in order to utilize available DSP registers.
INFO: [HLS 200-486] Changing DSP latency (root=mul_ln837_2) to 3 in order to utilize available DSP registers.
INFO: [HLS 200-486] Changing DSP latency (root=sub_ln1348_2) to 3 in order to utilize available DSP registers.
INFO: [HLS 200-486] Changing DSP latency (root=mul_ln837_1) to 3 in order to utilize available DSP registers.
INFO: [HLS 200-486] Changing DSP latency (root=sub_ln1348_1) to 3 in order to utilize available DSP registers.
INFO: [HLS 200-486] Changing DSP latency (root=mul_ln837) to 3 in order to utilize available DSP registers.
INFO: [HLS 200-486] Changing DSP latency (root=sub_ln1348) to 3 in order to utilize available DSP registers.
INFO: [HLS 200-486] Changing DSP latency (root=mul_ln1347_15) to 3 in order to utilize available DSP registers.
INFO: [HLS 200-486] Changing DSP latency (root=mul_ln1347_14) to 3 in order to utilize available DSP registers.
INFO: [HLS 200-486] Changing DSP latency (root=mul_ln1347_13) to 3 in order to utilize available DSP registers.
INFO: [HLS 200-486] Changing DSP latency (root=mul_ln1347_12) to 3 in order to utilize available DSP registers.
INFO: [HLS 200-486] Changing DSP latency (root=mul_ln1347_11) to 3 in order to utilize available DSP registers.
INFO: [HLS 200-486] Changing DSP latency (root=mul_ln1347_10) to 3 in order to utilize available DSP registers.
INFO: [HLS 200-486] Changing DSP latency (root=mul_ln1347_9) to 3 in order to utilize available DSP registers.
INFO: [HLS 200-486] Changing DSP latency (root=mul_ln1347_8) to 3 in order to utilize available DSP registers.
INFO: [HLS 200-486] Changing DSP latency (root=mul_ln1347_7) to 3 in order to utilize available DSP registers.
INFO: [HLS 200-486] Changing DSP latency (root=mul_ln1347_6) to 3 in order to utilize available DSP registers.
INFO: [HLS 200-486] Changing DSP latency (root=mul_ln1347_5) to 3 in order to utilize available DSP registers.
INFO: [HLS 200-486] Changing DSP latency (root=mul_ln1347_4) to 3 in order to utilize available DSP registers.
INFO: [HLS 200-486] Changing DSP latency (root=mul_ln1347_3) to 3 in order to utilize available DSP registers.
INFO: [HLS 200-486] Changing DSP latency (root=mul_ln1347_2) to 3 in order to utilize available DSP registers.
INFO: [HLS 200-486] Changing DSP latency (root=mul_ln1347) to 3 in order to utilize available DSP registers.
INFO: [HLS 200-486] Changing DSP latency (root=mul_ln818) to 3 in order to utilize available DSP registers.
INFO: [SCHED 204-61] Pipelining function 'layer_norm.1'.
WARNING: [HLS 200-880] The II Violation in module 'layer_norm_1' (function 'layer_norm.1'): Unable to enforce a carried dependence constraint (II = 1, distance = 1, offset = 1) between 'store' operation ('x_addr_write_ln47', /home/cym/prj2/finn/notebooks/icl_thesis-master/experiments/imgds_linear_sparse/final_paper_experiments/experiment1_qks_v2_physical_prune/hls_projects/q16_qksv2_d14/src/q16_qksv2_d14.cpp:47) of variable 'trunc_ln818_16' on array 'x' and 'load' operation ('x_load') on array 'x'.
WARNING: [HLS 200-880] The II Violation in module 'layer_norm_1' (function 'layer_norm.1'): Unable to enforce a carried dependence constraint (II = 2, distance = 1, offset = 1) between 'store' operation ('x_addr_write_ln47', /home/cym/prj2/finn/notebooks/icl_thesis-master/experiments/imgds_linear_sparse/final_paper_experiments/experiment1_qks_v2_physical_prune/hls_projects/q16_qksv2_d14/src/q16_qksv2_d14.cpp:47) of variable 'trunc_ln818_16' on array 'x' and 'load' operation ('x_load') on array 'x'.
WARNING: [HLS 200-880] The II Violation in module 'layer_norm_1' (function 'layer_norm.1'): Unable to enforce a carried dependence constraint (II = 3, distance = 1, offset = 1) between 'store' operation ('x_addr_write_ln47', /home/cym/prj2/finn/notebooks/icl_thesis-master/experiments/imgds_linear_sparse/final_paper_experiments/experiment1_qks_v2_physical_prune/hls_projects/q16_qksv2_d14/src/q16_qksv2_d14.cpp:47) of variable 'trunc_ln818_16' on array 'x' and 'load' operation ('x_load') on array 'x'.
WARNING: [HLS 200-880] The II Violation in module 'layer_norm_1' (function 'layer_norm.1'): Unable to enforce a carried dependence constraint (II = 4, distance = 1, offset = 1) between 'store' operation ('x_addr_write_ln47', /home/cym/prj2/finn/notebooks/icl_thesis-master/experiments/imgds_linear_sparse/final_paper_experiments/experiment1_qks_v2_physical_prune/hls_projects/q16_qksv2_d14/src/q16_qksv2_d14.cpp:47) of variable 'trunc_ln818_16' on array 'x' and 'load' operation ('x_load') on array 'x'.
WARNING: [HLS 200-880] The II Violation in module 'layer_norm_1' (function 'layer_norm.1'): Unable to enforce a carried dependence constraint (II = 67, distance = 1, offset = 1) between 'store' operation ('x_addr_write_ln47', /home/cym/prj2/finn/notebooks/icl_thesis-master/experiments/imgds_linear_sparse/final_paper_experiments/experiment1_qks_v2_physical_prune/hls_projects/q16_qksv2_d14/src/q16_qksv2_d14.cpp:47) of variable 'trunc_ln818_16' on array 'x' and 'load' operation ('x_load') on array 'x'.
WARNING: [HLS 200-885] The II Violation in module 'layer_norm_1' (function 'layer_norm.1'): Unable to schedule 'load' operation ('x_load_13') on array 'x' due to limited memory ports (II = 82). Please consider using a memory core with more ports or partitioning the array 'x'.
WARNING: [HLS 200-885] The II Violation in module 'layer_norm_1' (function 'layer_norm.1'): Unable to schedule 'load' operation ('x_load_1') on array 'x' due to limited memory ports (II = 86). Please consider using a memory core with more ports or partitioning the array 'x'.
WARNING: [HLS 200-885] The II Violation in module 'layer_norm_1' (function 'layer_norm.1'): Unable to schedule 'load' operation ('x_load_1') on array 'x' due to limited memory ports (II = 88). Please consider using a memory core with more ports or partitioning the array 'x'.
WARNING: [HLS 200-885] The II Violation in module 'layer_norm_1' (function 'layer_norm.1'): Unable to schedule 'load' operation ('x_load_1') on array 'x' due to limited memory ports (II = 89). Please consider using a memory core with more ports or partitioning the array 'x'.
INFO: [HLS 200-1470] Pipelining result : Target II = NA, Final II = 90, Depth = 90, function 'layer_norm.1'
INFO: [SCHED 204-11] Finished scheduling.
INFO: [HLS 200-111] Finished Scheduling: CPU user time: 4.84 seconds. CPU system time: 0.01 seconds. Elapsed time: 4.87 seconds; current allocated memory: 643.586 MB.
INFO: [BIND 205-100] Starting micro-architecture generation ...
INFO: [BIND 205-101] Performing variable lifetime analysis.
INFO: [BIND 205-101] Exploring resource sharing.
INFO: [BIND 205-101] Binding ...
INFO: [BIND 205-100] Finished micro-architecture generation.
INFO: [HLS 200-111] Finished Binding: CPU user time: 0.33 seconds. CPU system time: 0.01 seconds. Elapsed time: 0.35 seconds; current allocated memory: 643.586 MB.
INFO: [HLS 200-10] ----------------------------------------------------------------
INFO: [HLS 200-42] -- Implementing module 'q16_qksv2_d14_Pipeline_VITIS_LOOP_238_4' 
INFO: [HLS 200-10] ----------------------------------------------------------------
INFO: [SCHED 204-11] Starting scheduling ...
INFO: [SCHED 204-61] Pipelining loop 'VITIS_LOOP_238_4'.
INFO: [HLS 200-1470] Pipelining result : Target II = NA, Final II = 90, Depth = 91, loop 'VITIS_LOOP_238_4'
INFO: [SCHED 204-11] Finished scheduling.
INFO: [HLS 200-111] Finished Scheduling: CPU user time: 0.32 seconds. CPU system time: 0 seconds. Elapsed time: 0.33 seconds; current allocated memory: 644.168 MB.
INFO: [BIND 205-100] Starting micro-architecture generation ...
INFO: [BIND 205-101] Performing variable lifetime analysis.
INFO: [BIND 205-101] Exploring resource sharing.
INFO: [BIND 205-101] Binding ...
INFO: [BIND 205-100] Finished micro-architecture generation.
INFO: [HLS 200-111] Finished Binding: CPU user time: 0.24 seconds. CPU system time: 0 seconds. Elapsed time: 0.24 seconds; current allocated memory: 644.656 MB.
INFO: [HLS 200-10] ----------------------------------------------------------------
INFO: [HLS 200-42] -- Implementing module 'q16_qksv2_d14_Pipeline_VITIS_LOOP_176_3' 
INFO: [HLS 200-10] ----------------------------------------------------------------
INFO: [SCHED 204-11] Starting scheduling ...
INFO: [HLS 200-486] Changing DSP latency (root=r_V_6) to 3 in order to utilize available DSP registers.
INFO: [SCHED 204-61] Pipelining loop 'VITIS_LOOP_176_3'.
INFO: [HLS 200-1470] Pipelining result : Target II = 1, Final II = 1, Depth = 5, loop 'VITIS_LOOP_176_3'
INFO: [SCHED 204-11] Finished scheduling.
INFO: [HLS 200-111] Finished Scheduling: CPU user time: 0.2 seconds. CPU system time: 0 seconds. Elapsed time: 0.19 seconds; current allocated memory: 645.777 MB.
INFO: [BIND 205-100] Starting micro-architecture generation ...
INFO: [BIND 205-101] Performing variable lifetime analysis.
INFO: [BIND 205-101] Exploring resource sharing.
INFO: [BIND 205-101] Binding ...
INFO: [BIND 205-100] Finished micro-architecture generation.
INFO: [HLS 200-111] Finished Binding: CPU user time: 0.03 seconds. CPU system time: 0 seconds. Elapsed time: 0.03 seconds; current allocated memory: 645.777 MB.
INFO: [HLS 200-10] ----------------------------------------------------------------
INFO: [HLS 200-42] -- Implementing module 'q16_qksv2_d14_Pipeline_VITIS_LOOP_187_5' 
INFO: [HLS 200-10] ----------------------------------------------------------------
INFO: [SCHED 204-11] Starting scheduling ...
INFO: [HLS 200-486] Changing DSP latency (root=r_V_4) to 3 in order to utilize available DSP registers.
INFO: [SCHED 204-61] Pipelining loop 'VITIS_LOOP_187_5'.
INFO: [HLS 200-1470] Pipelining result : Target II = 1, Final II = 1, Depth = 5, loop 'VITIS_LOOP_187_5'
INFO: [SCHED 204-11] Finished scheduling.
INFO: [HLS 200-111] Finished Scheduling: CPU user time: 0.05 seconds. CPU system time: 0.01 seconds. Elapsed time: 0.05 seconds; current allocated memory: 646.320 MB.
INFO: [BIND 205-100] Starting micro-architecture generation ...
INFO: [BIND 205-101] Performing variable lifetime analysis.
INFO: [BIND 205-101] Exploring resource sharing.
INFO: [BIND 205-101] Binding ...
INFO: [BIND 205-100] Finished micro-architecture generation.
INFO: [HLS 200-111] Finished Binding: CPU user time: 0.03 seconds. CPU system time: 0 seconds. Elapsed time: 0.03 seconds; current allocated memory: 646.320 MB.
INFO: [HLS 200-10] ----------------------------------------------------------------
INFO: [HLS 200-42] -- Implementing module 'q16_qksv2_d14_Pipeline_VITIS_LOOP_194_6' 
INFO: [HLS 200-10] ----------------------------------------------------------------
INFO: [SCHED 204-11] Starting scheduling ...
INFO: [SCHED 204-61] Pipelining loop 'VITIS_LOOP_194_6'.
INFO: [HLS 200-1470] Pipelining result : Target II = NA, Final II = 1, Depth = 3, loop 'VITIS_LOOP_194_6'
INFO: [SCHED 204-11] Finished scheduling.
INFO: [HLS 200-111] Finished Scheduling: CPU user time: 0.05 seconds. CPU system time: 0 seconds. Elapsed time: 0.05 seconds; current allocated memory: 646.629 MB.
INFO: [BIND 205-100] Starting micro-architecture generation ...
INFO: [BIND 205-101] Performing variable lifetime analysis.
INFO: [BIND 205-101] Exploring resource sharing.
INFO: [BIND 205-101] Binding ...
INFO: [BIND 205-100] Finished micro-architecture generation.
INFO: [HLS 200-111] Finished Binding: CPU user time: 0.04 seconds. CPU system time: 0 seconds. Elapsed time: 0.04 seconds; current allocated memory: 646.629 MB.
INFO: [HLS 200-10] ----------------------------------------------------------------
INFO: [HLS 200-42] -- Implementing module 'q16_qksv2_d14_Pipeline_VITIS_LOOP_251_5' 
INFO: [HLS 200-10] ----------------------------------------------------------------
INFO: [SCHED 204-11] Starting scheduling ...
INFO: [SCHED 204-61] Pipelining loop 'VITIS_LOOP_251_5'.
INFO: [HLS 200-1470] Pipelining result : Target II = NA, Final II = 90, Depth = 91, loop 'VITIS_LOOP_251_5'
INFO: [SCHED 204-11] Finished scheduling.
INFO: [HLS 200-111] Finished Scheduling: CPU user time: 0.1 seconds. CPU system time: 0 seconds. Elapsed time: 0.1 seconds; current allocated memory: 646.977 MB.
INFO: [BIND 205-100] Starting micro-architecture generation ...
INFO: [BIND 205-101] Performing variable lifetime analysis.
INFO: [BIND 205-101] Exploring resource sharing.
INFO: [BIND 205-101] Binding ...
INFO: [BIND 205-100] Finished micro-architecture generation.
INFO: [HLS 200-111] Finished Binding: CPU user time: 0.28 seconds. CPU system time: 0 seconds. Elapsed time: 0.29 seconds; current allocated memory: 647.391 MB.
INFO: [HLS 200-10] ----------------------------------------------------------------
INFO: [HLS 200-42] -- Implementing module 'q16_qksv2_d14_Pipeline_VITIS_LOOP_256_6_VITIS_LOOP_258_7' 
INFO: [HLS 200-10] ----------------------------------------------------------------
INFO: [SCHED 204-11] Starting scheduling ...
INFO: [SCHED 204-61] Pipelining loop 'VITIS_LOOP_256_6_VITIS_LOOP_258_7'.
INFO: [HLS 200-1470] Pipelining result : Target II = 1, Final II = 1, Depth = 5, loop 'VITIS_LOOP_256_6_VITIS_LOOP_258_7'
INFO: [SCHED 204-11] Finished scheduling.
INFO: [HLS 200-111] Finished Scheduling: CPU user time: 0.2 seconds. CPU system time: 0.01 seconds. Elapsed time: 0.2 seconds; current allocated memory: 648.457 MB.
INFO: [BIND 205-100] Starting micro-architecture generation ...
INFO: [BIND 205-101] Performing variable lifetime analysis.
INFO: [BIND 205-101] Exploring resource sharing.
INFO: [BIND 205-101] Binding ...
INFO: [BIND 205-100] Finished micro-architecture generation.
INFO: [HLS 200-111] Finished Binding: CPU user time: 0.04 seconds. CPU system time: 0 seconds. Elapsed time: 0.04 seconds; current allocated memory: 648.457 MB.
INFO: [HLS 200-10] ----------------------------------------------------------------
INFO: [HLS 200-42] -- Implementing module 'layer_norm_Pipeline_VITIS_LOOP_34_1' 
INFO: [HLS 200-10] ----------------------------------------------------------------
INFO: [SCHED 204-11] Starting scheduling ...
INFO: [SCHED 204-61] Pipelining loop 'VITIS_LOOP_34_1'.
INFO: [HLS 200-1470] Pipelining result : Target II = NA, Final II = 1, Depth = 2, loop 'VITIS_LOOP_34_1'
INFO: [SCHED 204-11] Finished scheduling.
INFO: [HLS 200-111] Finished Scheduling: CPU user time: 0.05 seconds. CPU system time: 0 seconds. Elapsed time: 0.05 seconds; current allocated memory: 648.926 MB.
INFO: [BIND 205-100] Starting micro-architecture generation ...
INFO: [BIND 205-101] Performing variable lifetime analysis.
INFO: [BIND 205-101] Exploring resource sharing.
INFO: [BIND 205-101] Binding ...
INFO: [BIND 205-100] Finished micro-architecture generation.
INFO: [HLS 200-111] Finished Binding: CPU user time: 0.02 seconds. CPU system time: 0 seconds. Elapsed time: 0.02 seconds; current allocated memory: 648.926 MB.
INFO: [HLS 200-10] ----------------------------------------------------------------
INFO: [HLS 200-42] -- Implementing module 'layer_norm_Pipeline_VITIS_LOOP_38_2' 
INFO: [HLS 200-10] ----------------------------------------------------------------
INFO: [SCHED 204-11] Starting scheduling ...
INFO: [HLS 200-486] Changing DSP latency (root=mul_ln1347) to 3 in order to utilize available DSP registers.
INFO: [SCHED 204-61] Pipelining loop 'VITIS_LOOP_38_2'.
INFO: [HLS 200-1470] Pipelining result : Target II = NA, Final II = 1, Depth = 5, loop 'VITIS_LOOP_38_2'
INFO: [SCHED 204-11] Finished scheduling.
INFO: [HLS 200-111] Finished Scheduling: CPU user time: 0.04 seconds. CPU system time: 0 seconds. Elapsed time: 0.04 seconds; current allocated memory: 649.137 MB.
INFO: [BIND 205-100] Starting micro-architecture generation ...
INFO: [BIND 205-101] Performing variable lifetime analysis.
INFO: [BIND 205-101] Exploring resource sharing.
INFO: [BIND 205-101] Binding ...
INFO: [BIND 205-100] Finished micro-architecture generation.
INFO: [HLS 200-111] Finished Binding: CPU user time: 0.03 seconds. CPU system time: 0 seconds. Elapsed time: 0.02 seconds; current allocated memory: 649.137 MB.
INFO: [HLS 200-10] ----------------------------------------------------------------
INFO: [HLS 200-42] -- Implementing module 'layer_norm_Pipeline_VITIS_LOOP_45_3' 
INFO: [HLS 200-10] ----------------------------------------------------------------
INFO: [SCHED 204-11] Starting scheduling ...
INFO: [HLS 200-486] Changing DSP latency (root=mul_ln837) to 3 in order to utilize available DSP registers.
INFO: [HLS 200-486] Changing DSP latency (root=ret_V_33) to 3 in order to utilize available DSP registers.
INFO: [SCHED 204-61] Pipelining loop 'VITIS_LOOP_45_3'.
INFO: [HLS 200-1470] Pipelining result : Target II = NA, Final II = 1, Depth = 8, loop 'VITIS_LOOP_45_3'
INFO: [SCHED 204-11] Finished scheduling.
INFO: [HLS 200-111] Finished Scheduling: CPU user time: 0.04 seconds. CPU system time: 0 seconds. Elapsed time: 0.05 seconds; current allocated memory: 649.664 MB.
INFO: [BIND 205-100] Starting micro-architecture generation ...
INFO: [BIND 205-101] Performing variable lifetime analysis.
INFO: [BIND 205-101] Exploring resource sharing.
INFO: [BIND 205-101] Binding ...
INFO: [BIND 205-100] Finished micro-architecture generation.
INFO: [HLS 200-111] Finished Binding: CPU user time: 0.04 seconds. CPU system time: 0 seconds. Elapsed time: 0.03 seconds; current allocated memory: 649.664 MB.
INFO: [HLS 200-10] ----------------------------------------------------------------
INFO: [HLS 200-42] -- Implementing module 'layer_norm' 
INFO: [HLS 200-10] ----------------------------------------------------------------
INFO: [SCHED 204-11] Starting scheduling ...
INFO: [SCHED 204-11] Finished scheduling.
INFO: [HLS 200-111] Finished Scheduling: CPU user time: 0.11 seconds. CPU system time: 0 seconds. Elapsed time: 0.11 seconds; current allocated memory: 649.988 MB.
INFO: [BIND 205-100] Starting micro-architecture generation ...
INFO: [BIND 205-101] Performing variable lifetime analysis.
INFO: [BIND 205-101] Exploring resource sharing.
INFO: [BIND 205-101] Binding ...
INFO: [BIND 205-100] Finished micro-architecture generation.
INFO: [HLS 200-111] Finished Binding: CPU user time: 0.19 seconds. CPU system time: 0 seconds. Elapsed time: 0.24 seconds; current allocated memory: 650.121 MB.
INFO: [HLS 200-10] ----------------------------------------------------------------
INFO: [HLS 200-42] -- Implementing module 'q16_qksv2_d14' 
INFO: [HLS 200-10] ----------------------------------------------------------------
INFO: [SCHED 204-11] Starting scheduling ...
INFO: [HLS 200-486] Changing DSP latency (root=r_V_89) to 3 in order to utilize available DSP registers.
INFO: [HLS 200-486] Changing DSP latency (root=r_V_88) to 3 in order to utilize available DSP registers.
INFO: [HLS 200-486] Changing DSP latency (root=r_V_85) to 3 in order to utilize available DSP registers.
INFO: [HLS 200-486] Changing DSP latency (root=r_V_84) to 3 in order to utilize available DSP registers.
INFO: [HLS 200-486] Changing DSP latency (root=r_V_81) to 3 in order to utilize available DSP registers.
INFO: [HLS 200-486] Changing DSP latency (root=r_V_79) to 3 in order to utilize available DSP registers.
INFO: [HLS 200-486] Changing DSP latency (root=r_V_78) to 3 in order to utilize available DSP registers.
INFO: [HLS 200-486] Changing DSP latency (root=r_V_76) to 3 in order to utilize available DSP registers.
INFO: [HLS 200-486] Changing DSP latency (root=mul_ln1270) to 3 in order to utilize available DSP registers.
INFO: [HLS 200-486] Changing DSP latency (root=r_V_75) to 3 in order to utilize available DSP registers.
INFO: [HLS 200-486] Changing DSP latency (root=r_V_73) to 3 in order to utilize available DSP registers.
INFO: [HLS 200-486] Changing DSP latency (root=r_V_71) to 3 in order to utilize available DSP registers.
INFO: [HLS 200-486] Changing DSP latency (root=r_V_69) to 3 in order to utilize available DSP registers.
INFO: [HLS 200-486] Changing DSP latency (root=r_V_67) to 3 in order to utilize available DSP registers.
INFO: [HLS 200-486] Changing DSP latency (root=mul_ln1347_1) to 3 in order to utilize available DSP registers.
INFO: [HLS 200-486] Changing DSP latency (root=r_V_64) to 3 in order to utilize available DSP registers.
INFO: [HLS 200-486] Changing DSP latency (root=r_V_62) to 3 in order to utilize available DSP registers.
INFO: [HLS 200-486] Changing DSP latency (root=r_V_60) to 3 in order to utilize available DSP registers.
INFO: [HLS 200-486] Changing DSP latency (root=r_V_58) to 3 in order to utilize available DSP registers.
INFO: [HLS 200-486] Changing DSP latency (root=r_V_56) to 3 in order to utilize available DSP registers.
INFO: [HLS 200-486] Changing DSP latency (root=r_V_54) to 3 in order to utilize available DSP registers.
INFO: [HLS 200-486] Changing DSP latency (root=r_V_52) to 3 in order to utilize available DSP registers.
INFO: [HLS 200-486] Changing DSP latency (root=r_V_50) to 3 in order to utilize available DSP registers.
INFO: [HLS 200-486] Changing DSP latency (root=mul_ln1347) to 3 in order to utilize available DSP registers.
INFO: [SCHED 204-11] Finished scheduling.
INFO: [HLS 200-111] Finished Scheduling: CPU user time: 0.33 seconds. CPU system time: 0 seconds. Elapsed time: 0.34 seconds; current allocated memory: 652.773 MB.
INFO: [BIND 205-100] Starting micro-architecture generation ...
INFO: [BIND 205-101] Performing variable lifetime analysis.
INFO: [BIND 205-101] Exploring resource sharing.
INFO: [BIND 205-101] Binding ...
INFO: [BIND 205-100] Finished micro-architecture generation.
INFO: [HLS 200-111] Finished Binding: CPU user time: 0.45 seconds. CPU system time: 0 seconds. Elapsed time: 0.45 seconds; current allocated memory: 653.199 MB.
INFO: [HLS 200-10] ----------------------------------------------------------------
INFO: [HLS 200-10] -- Generating RTL for module 'q16_qksv2_d14_Pipeline_VITIS_LOOP_217_3' 
INFO: [HLS 200-10] ----------------------------------------------------------------
INFO: [HLS 200-1030] Apply Unified Pipeline Control on module 'q16_qksv2_d14_Pipeline_VITIS_LOOP_217_3' pipeline 'VITIS_LOOP_217_3' pipeline type 'loop pipeline'
WARNING: [RTGEN 206-101] Setting dangling out port 'q16_qksv2_d14_Pipeline_VITIS_LOOP_217_3/m_axi_gmem0_ARVALID' to 0.
WARNING: [RTGEN 206-101] Setting dangling out port 'q16_qksv2_d14_Pipeline_VITIS_LOOP_217_3/m_axi_gmem0_ARADDR' to 0.
WARNING: [RTGEN 206-101] Setting dangling out port 'q16_qksv2_d14_Pipeline_VITIS_LOOP_217_3/m_axi_gmem0_ARID' to 0.
WARNING: [RTGEN 206-101] Setting dangling out port 'q16_qksv2_d14_Pipeline_VITIS_LOOP_217_3/m_axi_gmem0_ARLEN' to 0.
WARNING: [RTGEN 206-101] Setting dangling out port 'q16_qksv2_d14_Pipeline_VITIS_LOOP_217_3/m_axi_gmem0_ARSIZE' to 0.
WARNING: [RTGEN 206-101] Setting dangling out port 'q16_qksv2_d14_Pipeline_VITIS_LOOP_217_3/m_axi_gmem0_ARBURST' to 0.
WARNING: [RTGEN 206-101] Setting dangling out port 'q16_qksv2_d14_Pipeline_VITIS_LOOP_217_3/m_axi_gmem0_ARLOCK' to 0.
WARNING: [RTGEN 206-101] Setting dangling out port 'q16_qksv2_d14_Pipeline_VITIS_LOOP_217_3/m_axi_gmem0_ARCACHE' to 0.
WARNING: [RTGEN 206-101] Setting dangling out port 'q16_qksv2_d14_Pipeline_VITIS_LOOP_217_3/m_axi_gmem0_ARPROT' to 0.
WARNING: [RTGEN 206-101] Setting dangling out port 'q16_qksv2_d14_Pipeline_VITIS_LOOP_217_3/m_axi_gmem0_ARQOS' to 0.
WARNING: [RTGEN 206-101] Setting dangling out port 'q16_qksv2_d14_Pipeline_VITIS_LOOP_217_3/m_axi_gmem0_ARREGION' to 0.
WARNING: [RTGEN 206-101] Setting dangling out port 'q16_qksv2_d14_Pipeline_VITIS_LOOP_217_3/m_axi_gmem0_ARUSER' to 0.
INFO: [RTGEN 206-100] Generating core module 'mul_mul_9s_16s_25_4_1': 1 instance(s).
INFO: [RTGEN 206-100] Finished creating RTL model for 'q16_qksv2_d14_Pipeline_VITIS_LOOP_217_3'.
INFO: [RTMG 210-279] Implementing memory 'q16_qksv2_d14_q16_qksv2_d14_Pipeline_VITIS_LOOP_217_3_input_projection_weight_V_ROM_AUTO_1R' using auto ROMs.
INFO: [HLS 200-111] Finished Creating RTL model: CPU user time: 0.94 seconds. CPU system time: 0.01 seconds. Elapsed time: 0.94 seconds; current allocated memory: 654.160 MB.
INFO: [HLS 200-10] ----------------------------------------------------------------
INFO: [HLS 200-10] -- Generating RTL for module 'attention_v2_pruned_Pipeline_VITIS_LOOP_73_2_VITIS_LOOP_75_3' 
INFO: [HLS 200-10] ----------------------------------------------------------------
INFO: [SYN 201-210] Renamed object name 'attention_v2_pruned_Pipeline_VITIS_LOOP_73_2_VITIS_LOOP_75_3_layers_0_attention_value_weight_V_ROM_AUTO_1R' to 'attention_v2_pruned_Pipeline_VITIS_LOOP_73_2_VITIS_LOOP_75_3_layers_0_attentibkb' due to the length limit 80
INFO: [HLS 200-1030] Apply Unified Pipeline Control on module 'attention_v2_pruned_Pipeline_VITIS_LOOP_73_2_VITIS_LOOP_75_3' pipeline 'VITIS_LOOP_73_2_VITIS_LOOP_75_3' pipeline type 'loop pipeline'
INFO: [RTGEN 206-100] Generating core module 'mul_mul_10s_16s_26_4_1': 1 instance(s).
INFO: [RTGEN 206-100] Finished creating RTL model for 'attention_v2_pruned_Pipeline_VITIS_LOOP_73_2_VITIS_LOOP_75_3'.
INFO: [RTMG 210-279] Implementing memory 'q16_qksv2_d14_attention_v2_pruned_Pipeline_VITIS_LOOP_73_2_VITIS_LOOP_75_3_layers_0_attentibkb' using auto ROMs.
INFO: [HLS 200-111] Finished Creating RTL model: CPU user time: 0.09 seconds. CPU system time: 0 seconds. Elapsed time: 0.16 seconds; current allocated memory: 655.719 MB.
INFO: [HLS 200-10] ----------------------------------------------------------------
INFO: [HLS 200-10] -- Generating RTL for module 'attention_v2_pruned_Pipeline_VITIS_LOOP_85_5' 
INFO: [HLS 200-10] ----------------------------------------------------------------
INFO: [SYN 201-210] Renamed object name 'attention_v2_pruned_Pipeline_VITIS_LOOP_85_5_layers_0_attention_query_weight_V_ROM_AUTO_1R' to 'attention_v2_pruned_Pipeline_VITIS_LOOP_85_5_layers_0_attention_query_weight_cud' due to the length limit 80
INFO: [HLS 200-1030] Apply Unified Pipeline Control on module 'attention_v2_pruned_Pipeline_VITIS_LOOP_85_5' pipeline 'VITIS_LOOP_85_5' pipeline type 'loop pipeline'
INFO: [RTGEN 206-100] Generating core module 'mul_mul_12s_16s_28_4_1': 1 instance(s).
INFO: [RTGEN 206-100] Finished creating RTL model for 'attention_v2_pruned_Pipeline_VITIS_LOOP_85_5'.
INFO: [RTMG 210-279] Implementing memory 'q16_qksv2_d14_attention_v2_pruned_Pipeline_VITIS_LOOP_85_5_layers_0_attention_query_weight_cud' using auto ROMs.
INFO: [HLS 200-111] Finished Creating RTL model: CPU user time: 0.12 seconds. CPU system time: 0.01 seconds. Elapsed time: 0.12 seconds; current allocated memory: 657.316 MB.
INFO: [HLS 200-10] ----------------------------------------------------------------
INFO: [HLS 200-10] -- Generating RTL for module 'attention_v2_pruned_Pipeline_VITIS_LOOP_95_7' 
INFO: [HLS 200-10] ----------------------------------------------------------------
INFO: [SYN 201-210] Renamed object name 'attention_v2_pruned_Pipeline_VITIS_LOOP_95_7_layers_0_attention_key_weight_V_ROM_AUTO_1R' to 'attention_v2_pruned_Pipeline_VITIS_LOOP_95_7_layers_0_attention_key_weight_V_dEe' due to the length limit 80
INFO: [HLS 200-1030] Apply Unified Pipeline Control on module 'attention_v2_pruned_Pipeline_VITIS_LOOP_95_7' pipeline 'VITIS_LOOP_95_7' pipeline type 'loop pipeline'
INFO: [RTGEN 206-100] Generating core module 'mul_mul_11s_16s_27_4_1': 1 instance(s).
INFO: [RTGEN 206-100] Finished creating RTL model for 'attention_v2_pruned_Pipeline_VITIS_LOOP_95_7'.
INFO: [RTMG 210-279] Implementing memory 'q16_qksv2_d14_attention_v2_pruned_Pipeline_VITIS_LOOP_95_7_layers_0_attention_key_weight_V_dEe' using auto ROMs.
INFO: [HLS 200-111] Finished Creating RTL model: CPU user time: 0.07 seconds. CPU system time: 0 seconds. Elapsed time: 0.15 seconds; current allocated memory: 658.590 MB.
INFO: [HLS 200-10] ----------------------------------------------------------------
INFO: [HLS 200-10] -- Generating RTL for module 'attention_v2_pruned_Pipeline_VITIS_LOOP_105_8_VITIS_LOOP_106_9_VITIS_LOOP_108_10' 
INFO: [HLS 200-10] ----------------------------------------------------------------
INFO: [HLS 200-1030] Apply Unified Pipeline Control on module 'attention_v2_pruned_Pipeline_VITIS_LOOP_105_8_VITIS_LOOP_106_9_VITIS_LOOP_108_10' pipeline 'VITIS_LOOP_105_8_VITIS_LOOP_106_9_VITIS_LOOP_108_10' pipeline type 'loop pipeline'
INFO: [RTGEN 206-100] Generating core module 'mac_muladd_16s_16s_30ns_30_4_1': 1 instance(s).
INFO: [RTGEN 206-100] Finished creating RTL model for 'attention_v2_pruned_Pipeline_VITIS_LOOP_105_8_VITIS_LOOP_106_9_VITIS_LOOP_108_10'.
INFO: [HLS 200-111] Finished Creating RTL model: CPU user time: 0.08 seconds. CPU system time: 0 seconds. Elapsed time: 0.07 seconds; current allocated memory: 659.992 MB.
INFO: [HLS 200-10] ----------------------------------------------------------------
INFO: [HLS 200-10] -- Generating RTL for module 'attention_v2_pruned_Pipeline_VITIS_LOOP_120_12' 
INFO: [HLS 200-10] ----------------------------------------------------------------
INFO: [HLS 200-1030] Apply Unified Pipeline Control on module 'attention_v2_pruned_Pipeline_VITIS_LOOP_120_12' pipeline 'VITIS_LOOP_120_12' pipeline type 'loop pipeline'
INFO: [RTGEN 206-100] Finished creating RTL model for 'attention_v2_pruned_Pipeline_VITIS_LOOP_120_12'.
INFO: [HLS 200-111] Finished Creating RTL model: CPU user time: 0.13 seconds. CPU system time: 0 seconds. Elapsed time: 0.13 seconds; current allocated memory: 661.758 MB.
INFO: [HLS 200-10] ----------------------------------------------------------------
INFO: [HLS 200-10] -- Generating RTL for module 'attention_v2_pruned_Pipeline_VITIS_LOOP_131_14' 
INFO: [HLS 200-10] ----------------------------------------------------------------
INFO: [HLS 200-1030] Apply Unified Pipeline Control on module 'attention_v2_pruned_Pipeline_VITIS_LOOP_131_14' pipeline 'VITIS_LOOP_131_14' pipeline type 'loop pipeline'
INFO: [RTGEN 206-100] Generating core module 'mac_muladd_16s_16s_30ns_30_4_1': 1 instance(s).
INFO: [RTGEN 206-100] Finished creating RTL model for 'attention_v2_pruned_Pipeline_VITIS_LOOP_131_14'.
INFO: [HLS 200-111] Finished Creating RTL model: CPU user time: 0.06 seconds. CPU system time: 0.01 seconds. Elapsed time: 0.06 seconds; current allocated memory: 662.703 MB.
INFO: [HLS 200-10] ----------------------------------------------------------------
INFO: [HLS 200-10] -- Generating RTL for module 'attention_v2_pruned_Pipeline_VITIS_LOOP_139_15_VITIS_LOOP_141_16' 
INFO: [HLS 200-10] ----------------------------------------------------------------
INFO: [HLS 200-1030] Apply Unified Pipeline Control on module 'attention_v2_pruned_Pipeline_VITIS_LOOP_139_15_VITIS_LOOP_141_16' pipeline 'VITIS_LOOP_139_15_VITIS_LOOP_141_16' pipeline type 'loop pipeline'
INFO: [RTGEN 206-100] Generating core module 'mac_muladd_16s_16s_30ns_30_4_1': 1 instance(s).
INFO: [RTGEN 206-100] Generating core module 'mul_mul_24s_16s_30_4_1': 1 instance(s).
INFO: [RTGEN 206-100] Finished creating RTL model for 'attention_v2_pruned_Pipeline_VITIS_LOOP_139_15_VITIS_LOOP_141_16'.
INFO: [HLS 200-111] Finished Creating RTL model: CPU user time: 0.05 seconds. CPU system time: 0 seconds. Elapsed time: 0.06 seconds; current allocated memory: 663.965 MB.
INFO: [HLS 200-10] ----------------------------------------------------------------
INFO: [HLS 200-10] -- Generating RTL for module 'attention_v2_pruned_Pipeline_VITIS_LOOP_151_18' 
INFO: [HLS 200-10] ----------------------------------------------------------------
INFO: [SYN 201-210] Renamed object name 'attention_v2_pruned_Pipeline_VITIS_LOOP_151_18_layers_0_attention_output_weight_V_ROM_AUTO_1R' to 'attention_v2_pruned_Pipeline_VITIS_LOOP_151_18_layers_0_attention_output_weigeOg' due to the length limit 80
INFO: [HLS 200-1030] Apply Unified Pipeline Control on module 'attention_v2_pruned_Pipeline_VITIS_LOOP_151_18' pipeline 'VITIS_LOOP_151_18' pipeline type 'loop pipeline'
INFO: [RTGEN 206-100] Generating core module 'mul_mul_10s_16s_26_4_1': 1 instance(s).
INFO: [RTGEN 206-100] Finished creating RTL model for 'attention_v2_pruned_Pipeline_VITIS_LOOP_151_18'.
INFO: [RTMG 210-279] Implementing memory 'q16_qksv2_d14_attention_v2_pruned_Pipeline_VITIS_LOOP_151_18_layers_0_attention_output_weigeOg' using auto ROMs.
INFO: [HLS 200-111] Finished Creating RTL model: CPU user time: 0.09 seconds. CPU system time: 0 seconds. Elapsed time: 0.12 seconds; current allocated memory: 665.641 MB.
INFO: [HLS 200-10] ----------------------------------------------------------------
INFO: [HLS 200-10] -- Generating RTL for module 'attention_v2_pruned' 
INFO: [HLS 200-10] ----------------------------------------------------------------
INFO: [RTGEN 206-100] Generating core module 'fdiv_32ns_32ns_32_16_no_dsp_1': 1 instance(s).
INFO: [RTGEN 206-100] Generating core module 'fexp_32ns_32ns_32_10_full_dsp_1': 1 instance(s).
INFO: [RTGEN 206-100] Generating core module 'fpext_32ns_64_2_no_dsp_1': 1 instance(s).
INFO: [RTGEN 206-100] Finished creating RTL model for 'attention_v2_pruned'.
INFO: [RTMG 210-279] Implementing memory 'q16_qksv2_d14_attention_v2_pruned_layers_0_attention_output_bias_V_ROM_AUTO_1R' using auto ROMs.
INFO: [RTMG 210-278] Implementing memory 'q16_qksv2_d14_attention_v2_pruned_Q_V_RAM_AUTO_1R1W' using auto RAMs.
INFO: [RTMG 210-278] Implementing memory 'q16_qksv2_d14_attention_v2_pruned_V_V_RAM_AUTO_1R1W' using auto RAMs.
INFO: [RTMG 210-278] Implementing memory 'q16_qksv2_d14_attention_v2_pruned_K_sum_V_RAM_AUTO_1R1W' using auto RAMs.
INFO: [RTMG 210-278] Implementing memory 'q16_qksv2_d14_attention_v2_pruned_attended_V_RAM_AUTO_1R1W' using auto RAMs.
INFO: [HLS 200-111] Finished Creating RTL model: CPU user time: 0.14 seconds. CPU system time: 0.01 seconds. Elapsed time: 0.24 seconds; current allocated memory: 670.539 MB.
INFO: [HLS 200-10] ----------------------------------------------------------------
INFO: [HLS 200-10] -- Generating RTL for module 'layer_norm_1' 
INFO: [HLS 200-10] ----------------------------------------------------------------
INFO: [RTGEN 206-100] Generating core module 'am_submul_16s_16s_16s_26_4_1': 16 instance(s).
INFO: [RTGEN 206-100] Generating core module 'fadd_32ns_32ns_32_5_full_dsp_1': 1 instance(s).
INFO: [RTGEN 206-100] Generating core module 'fdiv_32ns_32ns_32_16_no_dsp_1': 1 instance(s).
INFO: [RTGEN 206-100] Generating core module 'fpext_32ns_64_2_no_dsp_1': 1 instance(s).
INFO: [RTGEN 206-100] Generating core module 'fsqrt_32ns_32ns_32_16_no_dsp_1': 1 instance(s).
INFO: [RTGEN 206-100] Generating core module 'mac_muladd_16s_10ns_16ns_26_4_1': 1 instance(s).
INFO: [RTGEN 206-100] Generating core module 'mac_muladd_16s_10ns_16s_26_4_1': 2 instance(s).
INFO: [RTGEN 206-100] Generating core module 'mac_muladd_16s_10ns_18s_26_4_1': 1 instance(s).
INFO: [RTGEN 206-100] Generating core module 'mac_muladd_16s_11ns_15ns_26_4_1': 2 instance(s).
INFO: [RTGEN 206-100] Generating core module 'mac_muladd_16s_11ns_15s_26_4_1': 1 instance(s).
INFO: [RTGEN 206-100] Generating core module 'mac_muladd_16s_11ns_16ns_26_4_1': 2 instance(s).
INFO: [RTGEN 206-100] Generating core module 'mac_muladd_16s_11ns_16s_26_4_1': 2 instance(s).
INFO: [RTGEN 206-100] Generating core module 'mac_muladd_16s_11ns_17s_26_4_1': 4 instance(s).
INFO: [RTGEN 206-100] Generating core module 'mac_muladd_16s_11ns_18s_26_4_1': 1 instance(s).
INFO: [RTGEN 206-100] Generating core module 'mac_muladd_16s_16s_30ns_30_4_1': 15 instance(s).
INFO: [RTGEN 206-100] Generating core module 'mul_mul_16s_16s_30_4_1': 1 instance(s).
INFO: [RTGEN 206-100] Finished creating RTL model for 'layer_norm_1'.
INFO: [HLS 200-111] Finished Creating RTL model: CPU user time: 1.03 seconds. CPU system time: 0.02 seconds. Elapsed time: 1.17 seconds; current allocated memory: 682.715 MB.
INFO: [HLS 200-10] ----------------------------------------------------------------
INFO: [HLS 200-10] -- Generating RTL for module 'q16_qksv2_d14_Pipeline_VITIS_LOOP_238_4' 
INFO: [HLS 200-10] ----------------------------------------------------------------
INFO: [HLS 200-1030] Apply Unified Pipeline Control on module 'q16_qksv2_d14_Pipeline_VITIS_LOOP_238_4' pipeline 'VITIS_LOOP_238_4' pipeline type 'loop pipeline'
INFO: [RTGEN 206-100] Finished creating RTL model for 'q16_qksv2_d14_Pipeline_VITIS_LOOP_238_4'.
INFO: [HLS 200-111] Finished Creating RTL model: CPU user time: 0.6 seconds. CPU system time: 0.02 seconds. Elapsed time: 0.7 seconds; current allocated memory: 694.387 MB.
INFO: [HLS 200-10] ----------------------------------------------------------------
INFO: [HLS 200-10] -- Generating RTL for module 'q16_qksv2_d14_Pipeline_VITIS_LOOP_176_3' 
INFO: [HLS 200-10] ----------------------------------------------------------------
INFO: [SYN 201-210] Renamed object name 'q16_qksv2_d14_Pipeline_VITIS_LOOP_176_3_layers_0_feedforward_0_weight_V_ROM_AUTO_1R' to 'q16_qksv2_d14_Pipeline_VITIS_LOOP_176_3_layers_0_feedforward_0_weight_V_ROM_AfYi' due to the length limit 80
INFO: [HLS 200-1030] Apply Unified Pipeline Control on module 'q16_qksv2_d14_Pipeline_VITIS_LOOP_176_3' pipeline 'VITIS_LOOP_176_3' pipeline type 'loop pipeline'
INFO: [RTGEN 206-100] Generating core module 'mul_mul_11s_16s_27_4_1': 1 instance(s).
INFO: [RTGEN 206-100] Finished creating RTL model for 'q16_qksv2_d14_Pipeline_VITIS_LOOP_176_3'.
INFO: [RTMG 210-279] Implementing memory 'q16_qksv2_d14_q16_qksv2_d14_Pipeline_VITIS_LOOP_176_3_layers_0_feedforward_0_weight_V_ROM_AfYi' using auto ROMs.
INFO: [HLS 200-111] Finished Creating RTL model: CPU user time: 0.21 seconds. CPU system time: 0 seconds. Elapsed time: 0.26 seconds; current allocated memory: 694.859 MB.
INFO: [HLS 200-10] ----------------------------------------------------------------
INFO: [HLS 200-10] -- Generating RTL for module 'q16_qksv2_d14_Pipeline_VITIS_LOOP_187_5' 
INFO: [HLS 200-10] ----------------------------------------------------------------
INFO: [SYN 201-210] Renamed object name 'q16_qksv2_d14_Pipeline_VITIS_LOOP_187_5_layers_0_feedforward_3_weight_V_ROM_AUTO_1R' to 'q16_qksv2_d14_Pipeline_VITIS_LOOP_187_5_layers_0_feedforward_3_weight_V_ROM_Ag8j' due to the length limit 80
INFO: [HLS 200-1030] Apply Unified Pipeline Control on module 'q16_qksv2_d14_Pipeline_VITIS_LOOP_187_5' pipeline 'VITIS_LOOP_187_5' pipeline type 'loop pipeline'
INFO: [RTGEN 206-100] Generating core module 'mul_mul_10s_15ns_25_4_1': 1 instance(s).
INFO: [RTGEN 206-100] Finished creating RTL model for 'q16_qksv2_d14_Pipeline_VITIS_LOOP_187_5'.
INFO: [RTMG 210-279] Implementing memory 'q16_qksv2_d14_q16_qksv2_d14_Pipeline_VITIS_LOOP_187_5_layers_0_feedforward_3_weight_V_ROM_Ag8j' using auto ROMs.
INFO: [HLS 200-111] Finished Creating RTL model: CPU user time: 0.08 seconds. CPU system time: 0 seconds. Elapsed time: 0.08 seconds; current allocated memory: 696.129 MB.
INFO: [HLS 200-10] ----------------------------------------------------------------
INFO: [HLS 200-10] -- Generating RTL for module 'q16_qksv2_d14_Pipeline_VITIS_LOOP_194_6' 
INFO: [HLS 200-10] ----------------------------------------------------------------
INFO: [HLS 200-1030] Apply Unified Pipeline Control on module 'q16_qksv2_d14_Pipeline_VITIS_LOOP_194_6' pipeline 'VITIS_LOOP_194_6' pipeline type 'loop pipeline'
INFO: [RTGEN 206-100] Finished creating RTL model for 'q16_qksv2_d14_Pipeline_VITIS_LOOP_194_6'.
INFO: [HLS 200-111] Finished Creating RTL model: CPU user time: 0.07 seconds. CPU system time: 0 seconds. Elapsed time: 0.19 seconds; current allocated memory: 697.434 MB.
INFO: [HLS 200-10] ----------------------------------------------------------------
INFO: [HLS 200-10] -- Generating RTL for module 'q16_qksv2_d14_Pipeline_VITIS_LOOP_251_5' 
INFO: [HLS 200-10] ----------------------------------------------------------------
INFO: [HLS 200-1030] Apply Unified Pipeline Control on module 'q16_qksv2_d14_Pipeline_VITIS_LOOP_251_5' pipeline 'VITIS_LOOP_251_5' pipeline type 'loop pipeline'
INFO: [RTGEN 206-100] Finished creating RTL model for 'q16_qksv2_d14_Pipeline_VITIS_LOOP_251_5'.
INFO: [HLS 200-111] Finished Creating RTL model: CPU user time: 0.07 seconds. CPU system time: 0 seconds. Elapsed time: 0.07 seconds; current allocated memory: 699.105 MB.
INFO: [HLS 200-10] ----------------------------------------------------------------
INFO: [HLS 200-10] -- Generating RTL for module 'q16_qksv2_d14_Pipeline_VITIS_LOOP_256_6_VITIS_LOOP_258_7' 
INFO: [HLS 200-10] ----------------------------------------------------------------
INFO: [HLS 200-1030] Apply Unified Pipeline Control on module 'q16_qksv2_d14_Pipeline_VITIS_LOOP_256_6_VITIS_LOOP_258_7' pipeline 'VITIS_LOOP_256_6_VITIS_LOOP_258_7' pipeline type 'loop pipeline'
INFO: [RTGEN 206-100] Finished creating RTL model for 'q16_qksv2_d14_Pipeline_VITIS_LOOP_256_6_VITIS_LOOP_258_7'.
INFO: [HLS 200-111] Finished Creating RTL model: CPU user time: 0.2 seconds. CPU system time: 0.01 seconds. Elapsed time: 0.21 seconds; current allocated memory: 700.465 MB.
INFO: [HLS 200-10] ----------------------------------------------------------------
INFO: [HLS 200-10] -- Generating RTL for module 'layer_norm_Pipeline_VITIS_LOOP_34_1' 
INFO: [HLS 200-10] ----------------------------------------------------------------
INFO: [HLS 200-1030] Apply Unified Pipeline Control on module 'layer_norm_Pipeline_VITIS_LOOP_34_1' pipeline 'VITIS_LOOP_34_1' pipeline type 'loop pipeline'
INFO: [RTGEN 206-100] Finished creating RTL model for 'layer_norm_Pipeline_VITIS_LOOP_34_1'.
INFO: [HLS 200-111] Finished Creating RTL model: CPU user time: 0.11 seconds. CPU system time: 0 seconds. Elapsed time: 0.23 seconds; current allocated memory: 701.715 MB.
INFO: [HLS 200-10] ----------------------------------------------------------------
INFO: [HLS 200-10] -- Generating RTL for module 'layer_norm_Pipeline_VITIS_LOOP_38_2' 
INFO: [HLS 200-10] ----------------------------------------------------------------
INFO: [HLS 200-1030] Apply Unified Pipeline Control on module 'layer_norm_Pipeline_VITIS_LOOP_38_2' pipeline 'VITIS_LOOP_38_2' pipeline type 'loop pipeline'
INFO: [RTGEN 206-100] Generating core module 'mac_muladd_16s_16s_30ns_30_4_1': 1 instance(s).
INFO: [RTGEN 206-100] Finished creating RTL model for 'layer_norm_Pipeline_VITIS_LOOP_38_2'.
INFO: [HLS 200-111] Finished Creating RTL model: CPU user time: 0.05 seconds. CPU system time: 0 seconds. Elapsed time: 0.05 seconds; current allocated memory: 703.070 MB.
INFO: [HLS 200-10] ----------------------------------------------------------------
INFO: [HLS 200-10] -- Generating RTL for module 'layer_norm_Pipeline_VITIS_LOOP_45_3' 
INFO: [HLS 200-10] ----------------------------------------------------------------
INFO: [HLS 200-1030] Apply Unified Pipeline Control on module 'layer_norm_Pipeline_VITIS_LOOP_45_3' pipeline 'VITIS_LOOP_45_3' pipeline type 'loop pipeline'
INFO: [RTGEN 206-100] Generating core module 'am_submul_16s_16s_16s_26_4_1': 1 instance(s).
INFO: [RTGEN 206-100] Generating core module 'mac_muladd_16s_11ns_18s_26_4_1': 1 instance(s).
INFO: [RTGEN 206-100] Finished creating RTL model for 'layer_norm_Pipeline_VITIS_LOOP_45_3'.
INFO: [RTMG 210-279] Implementing memory 'q16_qksv2_d14_layer_norm_Pipeline_VITIS_LOOP_45_3_output_norm_weight_V_ROM_AUTO_1R' using auto ROMs.
INFO: [RTMG 210-279] Implementing memory 'q16_qksv2_d14_layer_norm_Pipeline_VITIS_LOOP_45_3_output_norm_bias_V_ROM_AUTO_1R' using auto ROMs.
INFO: [HLS 200-111] Finished Creating RTL model: CPU user time: 0.07 seconds. CPU system time: 0.01 seconds. Elapsed time: 0.07 seconds; current allocated memory: 703.934 MB.
INFO: [HLS 200-10] ----------------------------------------------------------------
INFO: [HLS 200-10] -- Generating RTL for module 'layer_norm' 
INFO: [HLS 200-10] ----------------------------------------------------------------
INFO: [RTGEN 206-100] Generating core module 'fadd_32ns_32ns_32_5_full_dsp_1': 1 instance(s).
INFO: [RTGEN 206-100] Generating core module 'fdiv_32ns_32ns_32_16_no_dsp_1': 1 instance(s).
INFO: [RTGEN 206-100] Generating core module 'fpext_32ns_64_2_no_dsp_1': 1 instance(s).
INFO: [RTGEN 206-100] Generating core module 'fsqrt_32ns_32ns_32_16_no_dsp_1': 1 instance(s).
INFO: [RTGEN 206-100] Finished creating RTL model for 'layer_norm'.
INFO: [HLS 200-111] Finished Creating RTL model: CPU user time: 0.08 seconds. CPU system time: 0 seconds. Elapsed time: 0.08 seconds; current allocated memory: 705.934 MB.
INFO: [HLS 200-10] ----------------------------------------------------------------
INFO: [HLS 200-10] -- Generating RTL for module 'q16_qksv2_d14' 
INFO: [HLS 200-10] ----------------------------------------------------------------
WARNING: [RTGEN 206-101] Design contains AXI ports. Reset is fixed to synchronous and active low.
INFO: [RTGEN 206-500] Setting interface mode on port 'q16_qksv2_d14/gmem0' to 'm_axi'.
INFO: [RTGEN 206-500] Setting interface mode on port 'q16_qksv2_d14/gmem1' to 'm_axi'.
INFO: [RTGEN 206-500] Setting interface mode on port 'q16_qksv2_d14/input_r' to 's_axilite & ap_none'.
INFO: [RTGEN 206-500] Setting interface mode on port 'q16_qksv2_d14/logits' to 's_axilite & ap_none'.
INFO: [RTGEN 206-500] Setting interface mode on function 'q16_qksv2_d14' to 's_axilite & ap_ctrl_hs'.
INFO: [RTGEN 206-100] Bundling port 'input_r', 'logits' and 'return' to AXI-Lite port control.
INFO: [RTGEN 206-100] Generating core module 'fdiv_32ns_32ns_32_16_no_dsp_1': 1 instance(s).
INFO: [RTGEN 206-100] Generating core module 'fpext_32ns_64_2_no_dsp_1': 1 instance(s).
INFO: [RTGEN 206-100] Generating core module 'mac_muladd_16s_10ns_26ns_26_4_1': 1 instance(s).
INFO: [RTGEN 206-100] Generating core module 'mac_muladd_16s_10s_25s_26_4_1': 1 instance(s).
INFO: [RTGEN 206-100] Generating core module 'mac_muladd_16s_10s_26ns_26_4_1': 4 instance(s).
INFO: [RTGEN 206-100] Generating core module 'mac_muladd_16s_7ns_26s_26_4_1': 3 instance(s).
INFO: [RTGEN 206-100] Generating core module 'mac_muladd_16s_8ns_25s_26_4_1': 1 instance(s).
INFO: [RTGEN 206-100] Generating core module 'mac_muladd_16s_8ns_26s_26_4_1': 2 instance(s).
INFO: [RTGEN 206-100] Generating core module 'mac_muladd_16s_8s_26s_26_4_1': 1 instance(s).
INFO: [RTGEN 206-100] Generating core module 'mac_muladd_16s_9ns_18s_25_4_1': 1 instance(s).
INFO: [RTGEN 206-100] Generating core module 'mac_muladd_16s_9ns_26ns_26_4_1': 5 instance(s).
INFO: [RTGEN 206-100] Generating core module 'mac_muladd_16s_9s_19s_24_4_1': 1 instance(s).
INFO: [RTGEN 206-100] Generating core module 'mac_muladd_16s_9s_26s_26_4_1': 4 instance(s).
INFO: [RTGEN 206-100] Finished creating RTL model for 'q16_qksv2_d14'.
INFO: [RTMG 210-279] Implementing memory 'q16_qksv2_d14_input_projection_bias_V_ROM_AUTO_1R' using auto ROMs.
INFO: [RTMG 210-279] Implementing memory 'q16_qksv2_d14_position_embedding_V_ROM_AUTO_1R' using auto ROMs.
INFO: [RTMG 210-279] Implementing memory 'q16_qksv2_d14_layers_0_feedforward_0_bias_V_ROM_AUTO_1R' using auto ROMs.
INFO: [RTMG 210-279] Implementing memory 'q16_qksv2_d14_layers_0_feedforward_3_bias_V_ROM_AUTO_1R' using auto ROMs.
INFO: [RTMG 210-278] Implementing memory 'q16_qksv2_d14_hidden_V_RAM_AUTO_1R1W' using auto RAMs.
INFO: [RTMG 210-278] Implementing memory 'q16_qksv2_d14_ff_out_V_RAM_AUTO_1R1W' using auto RAMs.
INFO: [RTMG 210-278] Implementing memory 'q16_qksv2_d14_x_V_RAM_AUTO_1R1W' using auto RAMs.
INFO: [RTMG 210-278] Implementing memory 'q16_qksv2_d14_pooled_V_RAM_AUTO_1R1W' using auto RAMs.
INFO: [HLS 200-111] Finished Creating RTL model: CPU user time: 0.44 seconds. CPU system time: 0.01 seconds. Elapsed time: 0.68 seconds; current allocated memory: 712.789 MB.
INFO: [HLS 200-111] Finished Generating all RTL models: CPU user time: 2 seconds. CPU system time: 0.06 seconds. Elapsed time: 2.06 seconds; current allocated memory: 720.508 MB.
INFO: [HLS 200-1603] Design has inferred MAXI bursts and missed bursts, see Vitis HLS GUI synthesis summary report for detailed information.
INFO: [HLS 200-111] Finished Updating report files: CPU user time: 0.91 seconds. CPU system time: 0.02 seconds. Elapsed time: 0.92 seconds; current allocated memory: 737.082 MB.
INFO: [VHDL 208-304] Generating VHDL RTL for q16_qksv2_d14.
INFO: [VLOG 209-307] Generating Verilog RTL for q16_qksv2_d14.
INFO: [HLS 200-790]