

================================================================
== Vitis HLS Report for 'attention_v2_pruned'
================================================================
* Date:           Fri Jul  3 14:48:59 2026

* Version:        2022.2 (Build 3670227 on Oct 13 2022)
* Project:        q16_qksv2_d16_csynth
* Solution:       solution1 (Vivado IP Flow Target)
* Product family: zynq
* Target device:  xc7z020-clg400-1


================================================================
== Performance Estimates
================================================================
+ Timing: 
    * Summary: 
    +--------+----------+----------+------------+
    |  Clock |  Target  | Estimated| Uncertainty|
    +--------+----------+----------+------------+
    |ap_clk  |  10.00 ns|  7.903 ns|     2.70 ns|
    +--------+----------+----------+------------+

+ Latency: 
    * Summary: 
    +---------+---------+----------+----------+-------+-------+---------+
    |  Latency (cycles) |  Latency (absolute) |    Interval   | Pipeline|
    |   min   |   max   |    min   |    max   |  min  |  max  |   Type  |
    +---------+---------+----------+----------+-------+-------+---------+
    |    42443|    42443|  0.424 ms|  0.424 ms|  42443|  42443|       no|
    +---------+---------+----------+----------+-------+-------+---------+

    + Detail: 
        * Instance: 
        +---------------------------------------------------------------------------------------------+----------------------------------------------------------------------------------+---------+---------+-----------+-----------+------+------+---------+
        |                                                                                             |                                                                                  |  Latency (cycles) |   Latency (absolute)  |   Interval  | Pipeline|
        |                                           Instance                                          |                                      Module                                      |   min   |   max   |    min    |    max    |  min |  max |   Type  |
        +---------------------------------------------------------------------------------------------+----------------------------------------------------------------------------------+---------+---------+-----------+-----------+------+------+---------+
        |grp_attention_v2_pruned_Pipeline_VITIS_LOOP_73_2_VITIS_LOOP_75_3_fu_321                      |attention_v2_pruned_Pipeline_VITIS_LOOP_73_2_VITIS_LOOP_75_3                      |      263|      263|   2.630 us|   2.630 us|   263|   263|       no|
        |grp_attention_v2_pruned_Pipeline_VITIS_LOOP_105_8_VITIS_LOOP_106_9_VITIS_LOOP_108_10_fu_331  |attention_v2_pruned_Pipeline_VITIS_LOOP_105_8_VITIS_LOOP_106_9_VITIS_LOOP_108_10  |     4103|     4103|  41.030 us|  41.030 us|  4103|  4103|       no|
        |grp_attention_v2_pruned_Pipeline_VITIS_LOOP_85_5_fu_338                                      |attention_v2_pruned_Pipeline_VITIS_LOOP_85_5                                      |       21|       21|   0.210 us|   0.210 us|    21|    21|       no|
        |grp_attention_v2_pruned_Pipeline_VITIS_LOOP_95_7_fu_349                                      |attention_v2_pruned_Pipeline_VITIS_LOOP_95_7                                      |       21|       21|   0.210 us|   0.210 us|    21|    21|       no|
        |grp_attention_v2_pruned_Pipeline_VITIS_LOOP_120_12_fu_360                                    |attention_v2_pruned_Pipeline_VITIS_LOOP_120_12                                    |       19|       19|   0.190 us|   0.190 us|    19|    19|       no|
        |grp_attention_v2_pruned_Pipeline_VITIS_LOOP_131_14_fu_367                                    |attention_v2_pruned_Pipeline_VITIS_LOOP_131_14                                    |       21|       21|   0.210 us|   0.210 us|    21|    21|       no|
        |grp_attention_v2_pruned_Pipeline_VITIS_LOOP_139_15_VITIS_LOOP_141_16_fu_375                  |attention_v2_pruned_Pipeline_VITIS_LOOP_139_15_VITIS_LOOP_141_16                  |      265|      265|   2.650 us|   2.650 us|   265|   265|       no|
        |grp_attention_v2_pruned_Pipeline_VITIS_LOOP_151_18_fu_384                                    |attention_v2_pruned_Pipeline_VITIS_LOOP_151_18                                    |       22|       22|   0.220 us|   0.220 us|    22|    22|       no|
        +---------------------------------------------------------------------------------------------+----------------------------------------------------------------------------------+---------+---------+-----------+-----------+------+------+---------+

        * Loop: 
        +----------------------+---------+---------+----------+-----------+-----------+------+----------+
        |                      |  Latency (cycles) | Iteration|  Initiation Interval  | Trip |          |
        |       Loop Name      |   min   |   max   |  Latency |  achieved |   target  | Count| Pipelined|
        +----------------------+---------+---------+----------+-----------+-----------+------+----------+
        |- VITIS_LOOP_71_1     |    26288|    26288|      1643|          -|          -|    16|        no|
        | + VITIS_LOOP_83_4    |      688|      688|        43|          -|          -|    16|        no|
        | + VITIS_LOOP_93_6    |      688|      688|        43|          -|          -|    16|        no|
        |- VITIS_LOOP_118_11   |      352|      352|        22|          -|          -|    16|        no|
        |- VITIS_LOOP_128_13   |    11696|    11696|       731|          -|          -|    16|        no|
        | + VITIS_LOOP_149_17  |      416|      416|        26|          -|          -|    16|        no|
        +----------------------+---------+---------+----------+-----------+-----------+------+----------+



================================================================
== Utilization Estimates
================================================================
* Summary: 
+-----------------+---------+-----+--------+-------+-----+
|       Name      | BRAM_18K| DSP |   FF   |  LUT  | URAM|
+-----------------+---------+-----+--------+-------+-----+
|DSP              |        -|    -|       -|      -|    -|
|Expression       |        -|    -|       0|   4516|    -|
|FIFO             |        -|    -|       -|      -|    -|
|Instance         |        4|   15|    1764|   2952|    -|
|Memory           |        4|    -|      39|     10|    0|
|Multiplexer      |        -|    -|       -|    795|    -|
|Register         |        -|    -|    1489|      -|    -|
+-----------------+---------+-----+--------+-------+-----+
|Total            |        8|   15|    3292|   8273|    0|
+-----------------+---------+-----+--------+-------+-----+
|Available        |      280|  220|  106400|  53200|    0|
+-----------------+---------+-----+--------+-------+-----+
|Utilization (%)  |        2|    6|       3|     15|    0|
+-----------------+---------+-----+--------+-------+-----+

+ Detail: 
    * Instance: 
    +---------------------------------------------------------------------------------------------+----------------------------------------------------------------------------------+---------+----+-----+-----+-----+
    |                                           Instance                                          |                                      Module                                      | BRAM_18K| DSP|  FF | LUT | URAM|
    +---------------------------------------------------------------------------------------------+----------------------------------------------------------------------------------+---------+----+-----+-----+-----+
    |grp_attention_v2_pruned_Pipeline_VITIS_LOOP_105_8_VITIS_LOOP_106_9_VITIS_LOOP_108_10_fu_331  |attention_v2_pruned_Pipeline_VITIS_LOOP_105_8_VITIS_LOOP_106_9_VITIS_LOOP_108_10  |        0|   1|  301|  411|    0|
    |grp_attention_v2_pruned_Pipeline_VITIS_LOOP_120_12_fu_360                                    |attention_v2_pruned_Pipeline_VITIS_LOOP_120_12                                    |        0|   0|   34|  101|    0|
    |grp_attention_v2_pruned_Pipeline_VITIS_LOOP_131_14_fu_367                                    |attention_v2_pruned_Pipeline_VITIS_LOOP_131_14                                    |        0|   1|  103|  126|    0|
    |grp_attention_v2_pruned_Pipeline_VITIS_LOOP_139_15_VITIS_LOOP_141_16_fu_375                  |attention_v2_pruned_Pipeline_VITIS_LOOP_139_15_VITIS_LOOP_141_16                  |        0|   2|  298|  323|    0|
    |grp_attention_v2_pruned_Pipeline_VITIS_LOOP_151_18_fu_384                                    |attention_v2_pruned_Pipeline_VITIS_LOOP_151_18                                    |        1|   1|  193|  252|    0|
    |grp_attention_v2_pruned_Pipeline_VITIS_LOOP_73_2_VITIS_LOOP_75_3_fu_321                      |attention_v2_pruned_Pipeline_VITIS_LOOP_73_2_VITIS_LOOP_75_3                      |        1|   1|  280|  399|    0|
    |grp_attention_v2_pruned_Pipeline_VITIS_LOOP_85_5_fu_338                                      |attention_v2_pruned_Pipeline_VITIS_LOOP_85_5                                      |        1|   1|  119|  211|    0|
    |grp_attention_v2_pruned_Pipeline_VITIS_LOOP_95_7_fu_349                                      |attention_v2_pruned_Pipeline_VITIS_LOOP_95_7                                      |        1|   1|  119|  211|    0|
    |fexp_32ns_32ns_32_10_full_dsp_1_U61                                                          |fexp_32ns_32ns_32_10_full_dsp_1                                                   |        0|   7|  317|  918|    0|
    +---------------------------------------------------------------------------------------------+----------------------------------------------------------------------------------+---------+----+-----+-----+-----+
    |Total                                                                                        |                                                                                  |        4|  15| 1764| 2952|    0|
    +---------------------------------------------------------------------------------------------+----------------------------------------------------------------------------------+---------+----+-----+-----+-----+

    * DSP: 
    N/A

    * Memory: 
    +------------------------------------+------------------------------------------------------------------+---------+----+----+-----+------+-----+------+-------------+
    |               Memory               |                              Module                              | BRAM_18K| FF | LUT| URAM| Words| Bits| Banks| W*Bits*Banks|
    +------------------------------------+------------------------------------------------------------------+---------+----+----+-----+------+-----+------+-------------+
    |K_sum_V_U                           |attention_v2_pruned_K_sum_V_RAM_AUTO_1R1W                         |        0|  16|   4|    0|    16|   16|     1|          256|
    |attended_V_U                        |attention_v2_pruned_K_sum_V_RAM_AUTO_1R1W                         |        0|  16|   4|    0|    16|   16|     1|          256|
    |Q_V_U                               |attention_v2_pruned_Q_V_RAM_AUTO_1R1W                             |        1|   0|   0|    0|   256|   16|     1|         4096|
    |K_V_U                               |attention_v2_pruned_Q_V_RAM_AUTO_1R1W                             |        1|   0|   0|    0|   256|   16|     1|         4096|
    |V_V_U                               |attention_v2_pruned_Q_V_RAM_AUTO_1R1W                             |        1|   0|   0|    0|   256|   16|     1|         4096|
    |KV_V_U                              |attention_v2_pruned_Q_V_RAM_AUTO_1R1W                             |        1|   0|   0|    0|   256|   16|     1|         4096|
    |layers_0_attention_output_bias_V_U  |attention_v2_pruned_layers_0_attention_output_bias_V_ROM_AUTO_1R  |        0|   7|   2|    0|    16|    7|     1|          112|
    +------------------------------------+------------------------------------------------------------------+---------+----+----+-----+------+-----+------+-------------+
    |Total                               |                                                                  |        4|  39|  10|    0|  1072|  103|     7|        17008|
    +------------------------------------+------------------------------------------------------------------+---------+----+----+-----+------+-----+------+-------------+

    * FIFO: 
    N/A

    * Expression: 
    +----------------------------+----------+----+---+-----+------------+------------+
    |        Variable Name       | Operation| DSP| FF| LUT | Bitwidth P0| Bitwidth P1|
    +----------------------------+----------+----+---+-----+------------+------------+
    |add_ln1104_1_fu_618_p2      |         +|   0|  0|   23|          16|           6|
    |add_ln1104_2_fu_1210_p2     |         +|   0|  0|   23|          16|           6|
    |add_ln1104_fu_1854_p2       |         +|   0|  0|   31|          24|           6|
    |add_ln1113_1_fu_1895_p2     |         +|   0|  0|   39|          32|           6|
    |add_ln1113_2_fu_1251_p2     |         +|   0|  0|   39|          32|           6|
    |add_ln1113_fu_659_p2        |         +|   0|  0|   39|          32|           6|
    |add_ln1124_1_fu_738_p2      |         +|   0|  0|    8|           8|           8|
    |add_ln1124_2_fu_1330_p2     |         +|   0|  0|    8|           8|           8|
    |add_ln1124_fu_1974_p2       |         +|   0|  0|    8|           8|           8|
    |add_ln118_fu_1641_p2        |         +|   0|  0|   13|           5|           1|
    |add_ln128_fu_1693_p2        |         +|   0|  0|   13|           5|           1|
    |add_ln149_fu_2251_p2        |         +|   0|  0|   13|           5|           1|
    |add_ln570_1_fu_1444_p2      |         +|   0|  0|   12|          12|           5|
    |add_ln570_2_fu_2089_p2      |         +|   0|  0|   12|          12|           5|
    |add_ln570_fu_852_p2         |         +|   0|  0|   12|          12|           5|
    |add_ln71_fu_432_p2          |         +|   0|  0|   13|           5|           1|
    |add_ln813_16_fu_2266_p2     |         +|   0|  0|   15|           8|           8|
    |add_ln813_3_fu_1513_p2      |         +|   0|  0|   23|          16|          11|
    |add_ln813_fu_921_p2         |         +|   0|  0|   23|          16|          11|
    |add_ln83_fu_458_p2          |         +|   0|  0|   13|           5|           1|
    |add_ln89_fu_481_p2          |         +|   0|  0|   15|           8|           8|
    |add_ln93_fu_1046_p2         |         +|   0|  0|   13|           5|           1|
    |add_ln99_fu_1056_p2         |         +|   0|  0|   15|           8|           8|
    |lsb_index_1_fu_1787_p2      |         +|   0|  0|   39|          32|           6|
    |lsb_index_2_fu_1143_p2      |         +|   0|  0|   39|          32|           6|
    |lsb_index_fu_551_p2         |         +|   0|  0|   39|          32|           6|
    |m_11_fu_699_p2              |         +|   0|  0|   71|          64|          64|
    |m_14_fu_1935_p2             |         +|   0|  0|   71|          64|          64|
    |m_19_fu_1291_p2             |         +|   0|  0|   71|          64|          64|
    |F2_1_fu_2077_p2             |         -|   0|  0|   12|          11|          12|
    |F2_2_fu_1432_p2             |         -|   0|  0|   12|          11|          12|
    |F2_fu_840_p2                |         -|   0|  0|   12|          11|          12|
    |man_V_11_fu_1419_p2         |         -|   0|  0|   61|           1|          54|
    |man_V_5_fu_827_p2           |         -|   0|  0|   61|           1|          54|
    |man_V_8_fu_2064_p2          |         -|   0|  0|   61|           1|          54|
    |sub_ln1099_1_fu_1769_p2     |         -|   0|  0|   39|           5|          32|
    |sub_ln1099_2_fu_1125_p2     |         -|   0|  0|   39|           5|          32|
    |sub_ln1099_fu_533_p2        |         -|   0|  0|   39|           5|          32|
    |sub_ln1102_1_fu_1808_p2     |         -|   0|  0|   13|           5|           5|
    |sub_ln1102_2_fu_1164_p2     |         -|   0|  0|   13|           4|           4|
    |sub_ln1102_fu_572_p2        |         -|   0|  0|   13|           4|           4|
    |sub_ln1114_1_fu_1910_p2     |         -|   0|  0|   39|           5|          32|
    |sub_ln1114_2_fu_1266_p2     |         -|   0|  0|   39|           5|          32|
    |sub_ln1114_fu_674_p2        |         -|   0|  0|   39|           5|          32|
    |sub_ln1119_1_fu_733_p2      |         -|   0|  0|    8|           3|           8|
    |sub_ln1119_2_fu_1325_p2     |         -|   0|  0|    8|           3|           8|
    |sub_ln1119_fu_1969_p2       |         -|   0|  0|    8|           4|           8|
    |sub_ln570_1_fu_1450_p2      |         -|   0|  0|   12|           4|          12|
    |sub_ln570_2_fu_2095_p2      |         -|   0|  0|   12|           4|          12|
    |sub_ln570_fu_858_p2         |         -|   0|  0|   12|           4|          12|
    |tmp_V_8_fu_497_p2           |         -|   0|  0|   23|           1|          16|
    |tmp_V_9_fu_1089_p2          |         -|   0|  0|   23|           1|          16|
    |tmp_V_fu_1725_p2            |         -|   0|  0|   31|           1|          24|
    |a_1_fu_1834_p2              |       and|   0|  0|    2|           1|           1|
    |a_2_fu_1190_p2              |       and|   0|  0|    2|           1|           1|
    |a_fu_598_p2                 |       and|   0|  0|    2|           1|           1|
    |and_ln1104_1_fu_1866_p2     |       and|   0|  0|    2|           1|           1|
    |and_ln1104_2_fu_1222_p2     |       and|   0|  0|    2|           1|           1|
    |and_ln1104_fu_630_p2        |       and|   0|  0|    2|           1|           1|
    |and_ln560_1_fu_1616_p2      |       and|   0|  0|    2|           1|           1|
    |and_ln560_2_fu_962_p2       |       and|   0|  0|    2|           1|           1|
    |and_ln560_3_fu_1554_p2      |       and|   0|  0|    2|           1|           1|
    |and_ln560_fu_1024_p2        |       and|   0|  0|    2|           1|           1|
    |and_ln570_1_fu_2146_p2      |       and|   0|  0|    2|           1|           1|
    |and_ln570_2_fu_1507_p2      |       and|   0|  0|    2|           1|           1|
    |and_ln570_fu_915_p2         |       and|   0|  0|    2|           1|           1|
    |and_ln571_1_fu_2181_p2      |       and|   0|  0|    2|           1|           1|
    |and_ln571_2_fu_1559_p2      |       and|   0|  0|    2|           1|           1|
    |and_ln571_fu_967_p2         |       and|   0|  0|    2|           1|           1|
    |p_Result_28_fu_587_p2       |       and|   0|  0|   16|          16|          16|
    |p_Result_39_fu_1823_p2      |       and|   0|  0|   24|          24|          24|
    |p_Result_49_fu_1179_p2      |       and|   0|  0|   16|          16|          16|
    |ashr_ln575_1_fu_1574_p2     |      ashr|   0|  0|  161|          54|          54|
    |ashr_ln575_2_fu_2196_p2     |      ashr|   0|  0|  161|          54|          54|
    |ashr_ln575_fu_982_p2        |      ashr|   0|  0|  161|          54|          54|
    |icmp_ln1090_fu_1711_p2      |      icmp|   0|  0|   15|          24|           1|
    |icmp_ln1101_1_fu_1802_p2    |      icmp|   0|  0|   17|          31|           1|
    |icmp_ln1101_2_fu_1158_p2    |      icmp|   0|  0|   17|          31|           1|
    |icmp_ln1101_fu_566_p2       |      icmp|   0|  0|   17|          31|           1|
    |icmp_ln1102_1_fu_1828_p2    |      icmp|   0|  0|   15|          24|           1|
    |icmp_ln1102_2_fu_1184_p2    |      icmp|   0|  0|   13|          16|           1|
    |icmp_ln1102_fu_592_p2       |      icmp|   0|  0|   13|          16|           1|
    |icmp_ln1113_1_fu_1886_p2    |      icmp|   0|  0|   18|          32|           1|
    |icmp_ln1113_2_fu_1242_p2    |      icmp|   0|  0|   18|          32|           1|
    |icmp_ln1113_fu_650_p2       |      icmp|   0|  0|   18|          32|           1|
    |icmp_ln118_fu_1635_p2       |      icmp|   0|  0|   10|           5|           6|
    |icmp_ln128_fu_1687_p2       |      icmp|   0|  0|   10|           5|           6|
    |icmp_ln149_fu_2245_p2       |      icmp|   0|  0|   10|           5|           6|
    |icmp_ln560_1_fu_1394_p2     |      icmp|   0|  0|   28|          63|           1|
    |icmp_ln560_2_fu_2044_p2     |      icmp|   0|  0|   28|          63|           1|
    |icmp_ln560_fu_802_p2        |      icmp|   0|  0|   28|          63|           1|
    |icmp_ln570_1_fu_1438_p2     |      icmp|   0|  0|   12|          12|           4|
    |icmp_ln570_2_fu_2083_p2     |      icmp|   0|  0|   12|          12|           4|
    |icmp_ln570_fu_846_p2        |      icmp|   0|  0|   12|          12|           4|
    |icmp_ln571_1_fu_1464_p2     |      icmp|   0|  0|   12|          12|           4|
    |icmp_ln571_2_fu_2109_p2     |      icmp|   0|  0|   12|          12|           4|
    |icmp_ln571_fu_872_p2        |      icmp|   0|  0|   12|          12|           4|
    |icmp_ln574_1_fu_1521_p2     |      icmp|   0|  0|   12|          12|           6|
    |icmp_ln574_2_fu_2155_p2     |      icmp|   0|  0|   12|          12|           6|
    |icmp_ln574_fu_929_p2        |      icmp|   0|  0|   12|          12|           6|
    |icmp_ln592_1_fu_2129_p2     |      icmp|   0|  0|   11|           8|           1|
    |icmp_ln592_2_fu_1484_p2     |      icmp|   0|  0|   11|           8|           1|
    |icmp_ln592_fu_892_p2        |      icmp|   0|  0|   11|           8|           1|
    |icmp_ln71_fu_426_p2         |      icmp|   0|  0|   10|           5|           6|
    |icmp_ln83_fu_452_p2         |      icmp|   0|  0|   10|           5|           6|
    |icmp_ln93_fu_1040_p2        |      icmp|   0|  0|   10|           5|           6|
    |lshr_ln1102_1_fu_1817_p2    |      lshr|   0|  0|   67|           2|          24|
    |lshr_ln1102_2_fu_1173_p2    |      lshr|   0|  0|   35|           2|          16|
    |lshr_ln1102_fu_581_p2       |      lshr|   0|  0|   35|           2|          16|
    |lshr_ln1113_1_fu_1904_p2    |      lshr|   0|  0|  182|          64|          64|
    |lshr_ln1113_2_fu_1260_p2    |      lshr|   0|  0|  182|          64|          64|
    |lshr_ln1113_fu_668_p2       |      lshr|   0|  0|  182|          64|          64|
    |or_ln1104_3_fu_1872_p2      |        or|   0|  0|    2|           1|           1|
    |or_ln1104_4_fu_636_p2       |        or|   0|  0|    2|           1|           1|
    |or_ln1104_fu_1228_p2        |        or|   0|  0|    2|           1|           1|
    |or_ln560_1_fu_1490_p2       |        or|   0|  0|    2|           1|           1|
    |or_ln560_fu_898_p2          |        or|   0|  0|    2|           1|           1|
    |or_ln571_1_fu_2135_p2       |        or|   0|  0|    2|           1|           1|
    |or_ln571_2_fu_1495_p2       |        or|   0|  0|    2|           1|           1|
    |or_ln571_fu_903_p2          |        or|   0|  0|    2|           1|           1|
    |inv_norm_V_fu_2237_p3       |    select|   0|  0|   16|           1|           1|
    |m_10_fu_689_p3              |    select|   0|  0|   64|           1|          64|
    |m_13_fu_1925_p3             |    select|   0|  0|   64|           1|          64|
    |m_18_fu_1281_p3             |    select|   0|  0|   64|           1|          64|
    |man_V_12_fu_1425_p3         |    select|   0|  0|   54|           1|          54|
    |man_V_6_fu_833_p3           |    select|   0|  0|   54|           1|          54|
    |man_V_9_fu_2070_p3          |    select|   0|  0|   54|           1|          54|
    |select_ln1090_fu_2007_p3    |    select|   0|  0|   32|           1|           1|
    |select_ln1098_1_fu_1962_p3  |    select|   0|  0|    7|           1|           7|
    |select_ln1098_2_fu_1318_p3  |    select|   0|  0|    7|           1|           7|
    |select_ln1098_fu_726_p3     |    select|   0|  0|    7|           1|           7|
    |select_ln1651_1_fu_1542_p3  |    select|   0|  0|   16|           1|          16|
    |select_ln1651_fu_950_p3     |    select|   0|  0|   16|           1|          16|
    |select_ln560_2_fu_1620_p3   |    select|   0|  0|   16|           1|           1|
    |select_ln560_fu_1028_p3     |    select|   0|  0|   16|           1|           1|
    |select_ln570_2_fu_2231_p3   |    select|   0|  0|   16|           1|          16|
    |select_ln570_4_fu_1610_p3   |    select|   0|  0|   16|           1|          16|
    |select_ln570_fu_1018_p3     |    select|   0|  0|   16|           1|          16|
    |select_ln571_1_fu_2186_p3   |    select|   0|  0|   16|           1|          16|
    |select_ln571_2_fu_1564_p3   |    select|   0|  0|   16|           1|          16|
    |select_ln571_fu_972_p3      |    select|   0|  0|   16|           1|          16|
    |select_ln574_1_fu_1603_p3   |    select|   0|  0|   16|           1|          16|
    |select_ln574_2_fu_2224_p3   |    select|   0|  0|   16|           1|          16|
    |select_ln574_fu_1011_p3     |    select|   0|  0|   16|           1|          16|
    |select_ln577_1_fu_2216_p3   |    select|   0|  0|    2|           1|           2|
    |select_ln577_2_fu_1595_p3   |    select|   0|  0|    2|           1|           2|
    |select_ln577_fu_1003_p3     |    select|   0|  0|    2|           1|           2|
    |select_ln592_1_fu_1535_p3   |    select|   0|  0|   16|           1|          16|
    |select_ln592_2_fu_2169_p3   |    select|   0|  0|   16|           1|          16|
    |select_ln592_fu_943_p3      |    select|   0|  0|   16|           1|          16|
    |sh_amt_1_fu_2101_p3         |    select|   0|  0|   12|           1|          12|
    |sh_amt_2_fu_1456_p3         |    select|   0|  0|   12|           1|          12|
    |sh_amt_fu_864_p3            |    select|   0|  0|   12|           1|          12|
    |tmp_V_10_fu_1731_p3         |    select|   0|  0|   24|           1|          24|
    |shl_ln1114_1_fu_1919_p2     |       shl|   0|  0|  182|          64|          64|
    |shl_ln1114_2_fu_1275_p2     |       shl|   0|  0|  182|          64|          64|
    |shl_ln1114_fu_683_p2        |       shl|   0|  0|  182|          64|          64|
    |shl_ln593_1_fu_1530_p2      |       shl|   0|  0|   35|          16|          16|
    |shl_ln593_2_fu_2164_p2      |       shl|   0|  0|   35|          16|          16|
    |shl_ln593_fu_938_p2         |       shl|   0|  0|   35|          16|          16|
    |xor_ln1104_1_fu_1848_p2     |       xor|   0|  0|    2|           1|           2|
    |xor_ln1104_2_fu_1204_p2     |       xor|   0|  0|    2|           1|           2|
    |xor_ln1104_fu_612_p2        |       xor|   0|  0|    2|           1|           2|
    |xor_ln1651_1_fu_1400_p2     |       xor|   0|  0|    2|           1|           2|
    |xor_ln1651_fu_808_p2        |       xor|   0|  0|    2|           1|           2|
    |xor_ln560_1_fu_2176_p2      |       xor|   0|  0|    2|           1|           2|
    |xor_ln560_3_fu_957_p2       |       xor|   0|  0|    2|           1|           2|
    |xor_ln560_fu_1549_p2        |       xor|   0|  0|    2|           1|           2|
    |xor_ln571_1_fu_2140_p2      |       xor|   0|  0|    2|           1|           2|
    |xor_ln571_2_fu_1501_p2      |       xor|   0|  0|    2|           1|           2|
    |xor_ln571_fu_909_p2         |       xor|   0|  0|    2|           1|           2|
    +----------------------------+----------+----+---+-----+------------+------------+
    |Total                       |          |   0|  0| 4516|        2035|        2371|
    +----------------------------+----------+----+---+-----+------------+------------+

    * Multiplexer: 
    +---------------------+-----+-----------+-----+-----------+
    |         Name        | LUT | Input Size| Bits| Total Bits|
    +---------------------+-----+-----------+-----+-----------+
    |KV_V_address0        |   14|          3|    8|         24|
    |KV_V_ce0             |   14|          3|    1|          3|
    |KV_V_we0             |    9|          2|    1|          2|
    |K_V_address0         |   20|          4|    8|         32|
    |K_V_ce0              |   20|          4|    1|          4|
    |K_sum_V_address0     |   14|          3|    4|         12|
    |K_sum_V_ce0          |   14|          3|    1|          3|
    |Q_V_address0         |   20|          4|    8|         32|
    |Q_V_ce0              |   20|          4|    1|          4|
    |V_V_address0         |   14|          3|    8|         24|
    |V_V_ce0              |   14|          3|    1|          3|
    |V_V_we0              |    9|          2|    1|          2|
    |ap_NS_fsm            |  426|         84|    1|         84|
    |attended_V_address0  |   14|          3|    4|         12|
    |attended_V_ce0       |   14|          3|    1|          3|
    |attended_V_we0       |    9|          2|    1|          2|
    |d_reg_310            |    9|          2|    5|         10|
    |grp_fu_401_p0        |   14|          3|   32|         96|
    |grp_fu_404_p1        |   14|          3|   32|         96|
    |r_1_fu_230           |    9|          2|    5|         10|
    |r_2_reg_287          |    9|          2|    5|         10|
    |r_3_reg_299          |    9|          2|    5|         10|
    |s_fu_186             |    9|          2|    5|         10|
    |t_fu_234             |    9|          2|    5|         10|
    |x_address0           |   25|          5|    8|         40|
    |x_ce0                |   25|          5|    1|          5|
    |x_ce1                |    9|          2|    1|          2|
    |x_we0                |    9|          2|    1|          2|
    +---------------------+-----+-----------+-----+-----------+
    |Total                |  795|        162|  155|        547|
    +---------------------+-----+-----------+-----+-----------+

    * Register: 
    +----------------------------------------------------------------------------------------------------------+----+----+-----+-----------+
    |                                                   Name                                                   | FF | LUT| Bits| Const Bits|
    +----------------------------------------------------------------------------------------------------------+----+----+-----+-----------+
    |LD_6_reg_2590                                                                                             |  32|   0|   32|          0|
    |LD_reg_2428                                                                                               |  32|   0|   32|          0|
    |add_ln128_reg_2697                                                                                        |   5|   0|    5|          0|
    |add_ln149_reg_2856                                                                                        |   5|   0|    5|          0|
    |add_ln71_reg_2329                                                                                         |   5|   0|    5|          0|
    |add_ln813_16_reg_2861                                                                                     |   8|   0|    8|          0|
    |add_ln83_reg_2353                                                                                         |   5|   0|    5|          0|
    |add_ln89_reg_2363                                                                                         |   8|   0|    8|          0|
    |add_ln93_reg_2515                                                                                         |   5|   0|    5|          0|
    |add_ln99_reg_2520                                                                                         |   8|   0|    8|          0|
    |and_ln570_1_reg_2828                                                                                      |   1|   0|    1|          0|
    |and_ln570_2_reg_2649                                                                                      |   1|   0|    1|          0|
    |and_ln570_reg_2487                                                                                        |   1|   0|    1|          0|
    |ap_CS_fsm                                                                                                 |  83|   0|   83|          0|
    |d_assign_2_reg_2773                                                                                       |  32|   0|   32|          0|
    |d_reg_310                                                                                                 |   5|   0|    5|          0|
    |empty_83_reg_2871                                                                                         |   4|   0|    4|          0|
    |exp_tmp_1_reg_2784                                                                                        |  11|   0|   11|          0|
    |exp_tmp_2_reg_2605                                                                                        |  11|   0|   11|          0|
    |exp_tmp_reg_2443                                                                                          |  11|   0|   11|          0|
    |grp_attention_v2_pruned_Pipeline_VITIS_LOOP_105_8_VITIS_LOOP_106_9_VITIS_LOOP_108_10_fu_331_ap_start_reg  |   1|   0|    1|          0|
    |grp_attention_v2_pruned_Pipeline_VITIS_LOOP_120_12_fu_360_ap_start_reg                                    |   1|   0|    1|          0|
    |grp_attention_v2_pruned_Pipeline_VITIS_LOOP_131_14_fu_367_ap_start_reg                                    |   1|   0|    1|          0|
    |grp_attention_v2_pruned_Pipeline_VITIS_LOOP_139_15_VITIS_LOOP_141_16_fu_375_ap_start_reg                  |   1|   0|    1|          0|
    |grp_attention_v2_pruned_Pipeline_VITIS_LOOP_151_18_fu_384_ap_start_reg                                    |   1|   0|    1|          0|
    |grp_attention_v2_pruned_Pipeline_VITIS_LOOP_73_2_VITIS_LOOP_75_3_fu_321_ap_start_reg                      |   1|   0|    1|          0|
    |grp_attention_v2_pruned_Pipeline_VITIS_LOOP_85_5_fu_338_ap_start_reg                                      |   1|   0|    1|          0|
    |grp_attention_v2_pruned_Pipeline_VITIS_LOOP_95_7_fu_349_ap_start_reg                                      |   1|   0|    1|          0|
    |icmp_ln1090_reg_2709                                                                                      |   1|   0|    1|          0|
    |icmp_ln1113_1_reg_2753                                                                                    |   1|   0|    1|          0|
    |icmp_ln1113_2_reg_2575                                                                                    |   1|   0|    1|          0|
    |icmp_ln1113_reg_2413                                                                                      |   1|   0|    1|          0|
    |icmp_ln560_1_reg_2615                                                                                     |   1|   0|    1|          0|
    |icmp_ln560_2_reg_2794                                                                                     |   1|   0|    1|          0|
    |icmp_ln560_reg_2453                                                                                       |   1|   0|    1|          0|
    |icmp_ln571_1_reg_2633                                                                                     |   1|   0|    1|          0|
    |icmp_ln571_2_reg_2812                                                                                     |   1|   0|    1|          0|
    |icmp_ln571_reg_2471                                                                                       |   1|   0|    1|          0|
    |icmp_ln574_1_reg_2659                                                                                     |   1|   0|    1|          0|
    |icmp_ln574_2_reg_2838                                                                                     |   1|   0|    1|          0|
    |icmp_ln574_reg_2497                                                                                       |   1|   0|    1|          0|
    |icmp_ln592_1_reg_2823                                                                                     |   1|   0|    1|          0|
    |icmp_ln592_2_reg_2644                                                                                     |   1|   0|    1|          0|
    |icmp_ln592_reg_2482                                                                                       |   1|   0|    1|          0|
    |inv_norm_V_reg_2848                                                                                       |  16|   0|   16|          0|
    |m_21_reg_2418                                                                                             |  63|   0|   63|          0|
    |m_22_reg_2758                                                                                             |  63|   0|   63|          0|
    |m_reg_2580                                                                                                |  63|   0|   63|          0|
    |man_V_12_reg_2622                                                                                         |  54|   0|   54|          0|
    |man_V_6_reg_2460                                                                                          |  54|   0|   54|          0|
    |man_V_9_reg_2801                                                                                          |  54|   0|   54|          0|
    |or_ln1104_1_reg_2748                                                                                      |   1|   0|    2|          1|
    |or_ln1104_2_reg_2570                                                                                      |   1|   0|    2|          1|
    |or_ln_reg_2408                                                                                            |   1|   0|    2|          1|
    |p_Result_30_reg_2423                                                                                      |   1|   0|    1|          0|
    |p_Result_42_reg_2763                                                                                      |   1|   0|    1|          0|
    |p_Result_51_reg_2585                                                                                      |   1|   0|    1|          0|
    |p_Result_57_reg_2438                                                                                      |   1|   0|    1|          0|
    |p_Result_61_reg_2600                                                                                      |   1|   0|    1|          0|
    |p_Result_63_reg_2714                                                                                      |   1|   0|    1|          0|
    |p_Result_66_reg_2779                                                                                      |   1|   0|    1|          0|
    |r_1_fu_230                                                                                                |   5|   0|    5|          0|
    |r_2_reg_287                                                                                               |   5|   0|    5|          0|
    |r_3_reg_299                                                                                               |   5|   0|    5|          0|
    |r_reg_2674                                                                                                |   5|   0|    5|          0|
    |reg_409                                                                                                   |  32|   0|   32|          0|
    |s_fu_186                                                                                                  |   5|   0|    5|          0|
    |select_ln1090_reg_2768                                                                                    |  32|   0|   32|          0|
    |select_ln560_2_reg_2669                                                                                   |  16|   0|   16|          0|
    |select_ln560_reg_2507                                                                                     |  16|   0|   16|          0|
    |select_ln571_1_reg_2843                                                                                   |  16|   0|   16|          0|
    |select_ln571_2_reg_2664                                                                                   |  16|   0|   16|          0|
    |select_ln571_reg_2502                                                                                     |  16|   0|   16|          0|
    |sext_ln570_1_reg_2833                                                                                     |  32|   0|   32|          0|
    |sext_ln570_2_reg_2654                                                                                     |  32|   0|   32|          0|
    |sext_ln570_reg_2492                                                                                       |  32|   0|   32|          0|
    |sh_amt_1_reg_2806                                                                                         |  12|   0|   12|          0|
    |sh_amt_2_reg_2627                                                                                         |  12|   0|   12|          0|
    |sh_amt_reg_2465                                                                                           |  12|   0|   12|          0|
    |sub_ln1099_1_reg_2726                                                                                     |  32|   0|   32|          0|
    |sub_ln1099_2_reg_2548                                                                                     |  32|   0|   32|          0|
    |sub_ln1099_reg_2386                                                                                       |  32|   0|   32|          0|
    |sum_V_9_reg_2881                                                                                          |   7|   0|   11|          4|
    |sum_V_loc_fu_194                                                                                          |  20|   0|   20|          0|
    |sum_V_reg_2876                                                                                            |   7|   0|    7|          0|
    |t_fu_234                                                                                                  |   5|   0|    5|          0|
    |tmp_52_reg_2533                                                                                           |   1|   0|    1|          0|
    |tmp_61_reg_2358                                                                                           |   4|   0|    8|          4|
    |tmp_62_reg_2702                                                                                           |   4|   0|    8|          4|
    |tmp_63_reg_2525                                                                                           |   4|   0|    8|          4|
    |tmp_64_reg_2886                                                                                           |   4|   0|    8|          4|
    |tmp_V_10_reg_2719                                                                                         |  24|   0|   24|          0|
    |tmp_V_8_reg_2379                                                                                          |  16|   0|   16|          0|
    |tmp_V_9_reg_2541                                                                                          |  16|   0|   16|          0|
    |tmp_reg_2371                                                                                              |   1|   0|    1|          0|
    |tmp_s_reg_2334                                                                                            |   4|   0|    8|          4|
    |trunc_ln1098_1_reg_2743                                                                                   |   8|   0|    8|          0|
    |trunc_ln1098_2_reg_2565                                                                                   |   8|   0|    8|          0|
    |trunc_ln1098_reg_2403                                                                                     |   8|   0|    8|          0|
    |trunc_ln1099_1_reg_2733                                                                                   |  24|   0|   24|          0|
    |trunc_ln1099_2_reg_2555                                                                                   |  16|   0|   16|          0|
    |trunc_ln1099_reg_2393                                                                                     |  16|   0|   16|          0|
    |trunc_ln1102_1_reg_2738                                                                                   |   5|   0|    5|          0|
    |trunc_ln1102_2_reg_2560                                                                                   |   4|   0|    4|          0|
    |trunc_ln1102_reg_2398                                                                                     |   4|   0|    4|          0|
    |trunc_ln118_reg_2682                                                                                      |   4|   0|    4|          0|
    |trunc_ln554_1_reg_2789                                                                                    |  52|   0|   52|          0|
    |trunc_ln554_2_reg_2610                                                                                    |  52|   0|   52|          0|
    |trunc_ln554_reg_2448                                                                                      |  52|   0|   52|          0|
    |trunc_ln572_1_reg_2817                                                                                    |  16|   0|   16|          0|
    |trunc_ln572_2_reg_2638                                                                                    |  16|   0|   16|          0|
    |trunc_ln572_reg_2476                                                                                      |  16|   0|   16|          0|
    +----------------------------------------------------------------------------------------------------------+----+----+-----+-----------+
    |Total                                                                                                     |1489|   0| 1516|         27|
    +----------------------------------------------------------------------------------------------------------+----+----+-----+-----------+



================================================================
== Interface
================================================================
* Summary: 
+---------------------+-----+-----+------------+---------------------+--------------+
|      RTL Ports      | Dir | Bits|  Protocol  |    Source Object    |    C Type    |
+---------------------+-----+-----+------------+---------------------+--------------+
|ap_clk               |   in|    1|  ap_ctrl_hs|  attention_v2_pruned|  return value|
|ap_rst               |   in|    1|  ap_ctrl_hs|  attention_v2_pruned|  return value|
|ap_start             |   in|    1|  ap_ctrl_hs|  attention_v2_pruned|  return value|
|ap_done              |  out|    1|  ap_ctrl_hs|  attention_v2_pruned|  return value|
|ap_idle              |  out|    1|  ap_ctrl_hs|  attention_v2_pruned|  return value|
|ap_ready             |  out|    1|  ap_ctrl_hs|  attention_v2_pruned|  return value|
|grp_fu_2695_p_din0   |  out|   32|  ap_ctrl_hs|  attention_v2_pruned|  return value|
|grp_fu_2695_p_din1   |  out|   32|  ap_ctrl_hs|  attention_v2_pruned|  return value|
|grp_fu_2695_p_dout0  |   in|   32|  ap_ctrl_hs|  attention_v2_pruned|  return value|
|grp_fu_2695_p_ce     |  out|    1|  ap_ctrl_hs|  attention_v2_pruned|  return value|
|grp_fu_2699_p_din0   |  out|   32|  ap_ctrl_hs|  attention_v2_pruned|  return value|
|grp_fu_2699_p_dout0  |   in|   64|  ap_ctrl_hs|  attention_v2_pruned|  return value|
|grp_fu_2699_p_ce     |  out|    1|  ap_ctrl_hs|  attention_v2_pruned|  return value|
|x_address0           |  out|    8|   ap_memory|                    x|         array|
|x_ce0                |  out|    1|   ap_memory|                    x|         array|
|x_we0                |  out|    1|   ap_memory|                    x|         array|
|x_d0                 |  out|   16|   ap_memory|                    x|         array|
|x_q0                 |   in|   16|   ap_memory|                    x|         array|
|x_address1           |  out|    8|   ap_memory|                    x|         array|
|x_ce1                |  out|    1|   ap_memory|                    x|         array|
|x_q1                 |   in|   16|   ap_memory|                    x|         array|
+---------------------+-----+-----+------------+---------------------+--------------+

