

================================================================
== Vitis HLS Report for 'attention_v2_pruned_Pipeline_VITIS_LOOP_122_12'
================================================================
* Date:           Fri Jul  3 20:12:29 2026

* Version:        2022.2 (Build 3670227 on Oct 13 2022)
* Project:        q16_qksv3_s10_hls
* Solution:       solution1 (Vivado IP Flow Target)
* Product family: zynq
* Target device:  xc7z020-clg400-1


================================================================
== Performance Estimates
================================================================
+ Timing: 
    * Summary: 
    +--------+----------+----------+------------+
    |  Clock |  Target  | Estimated| Uncertainty|
    +--------+----------+----------+------------+
    |ap_clk  |  10.00 ns|  7.157 ns|     2.70 ns|
    +--------+----------+----------+------------+

+ Latency: 
    * Summary: 
    +---------+---------+----------+----------+-----+-----+---------+
    |  Latency (cycles) |  Latency (absolute) |  Interval | Pipeline|
    |   min   |   max   |    min   |    max   | min | max |   Type  |
    +---------+---------+----------+----------+-----+-----+---------+
    |       17|       17|  0.170 us|  0.170 us|   17|   17|       no|
    +---------+---------+----------+----------+-----+-----+---------+

    + Detail: 
        * Instance: 
        N/A

        * Loop: 
        +---------------------+---------+---------+----------+-----------+-----------+------+----------+
        |                     |  Latency (cycles) | Iteration|  Initiation Interval  | Trip |          |
        |      Loop Name      |   min   |   max   |  Latency |  achieved |   target  | Count| Pipelined|
        +---------------------+---------+---------+----------+-----------+-----------+------+----------+
        |- VITIS_LOOP_122_12  |       15|       15|         2|          1|          1|    14|       yes|
        +---------------------+---------+---------+----------+-----------+-----------+------+----------+

============================================================
+ Verbose Summary: Synthesis Manager
============================================================
InlineROM: 1
ExposeGlobal: 0
============================================================
+ Verbose Summary: CDFG Model
============================================================
IsTopModel: 0
ResetActiveHigh: 1
IsCombinational: 0
IsDatapathOnly: 0
HasWiredReturn: 1
HasMFsm: 2
HasVarLatency: 1
IsPipeline: 0
IsRtlPipelined: 0
IsInstanceOverlapped: 0
IsDontTouch: 0
HasImplIP: 0
IsGatedGlobalClock: 0

+ Individual pipeline summary: 
  * Pipeline-0: initiation interval (II) = 1, depth = 2


============================================================
+ Verbose Summary: Schedule
============================================================
* Number of FSM states : 2
* Pipeline : 1
  Pipeline-0 : II = 1, D = 2, States = { 1 2 }
* Dataflow Pipeline: 0

* FSM state transitions: 
1 --> 2 
2 --> 

* FSM state operations: 

State 1 <SV = 0> <Delay = 6.92>
ST_1 : Operation 5 [1/1] (0.00ns)   --->   "%sum_V = alloca i32 1"   --->   Operation 5 'alloca' 'sum_V' <Predicate = true> <Delay = 0.00>
ST_1 : Operation 6 [1/1] (0.00ns)   --->   "%t_8 = alloca i32 1"   --->   Operation 6 'alloca' 't_8' <Predicate = true> <Delay = 0.00>
ST_1 : Operation 7 [1/1] (0.00ns)   --->   "%zext_ln120_read = read i4 @_ssdm_op_Read.ap_auto.i4, i4 %zext_ln120"   --->   Operation 7 'read' 'zext_ln120_read' <Predicate = true> <Delay = 0.00>
ST_1 : Operation 8 [1/1] (0.00ns)   --->   "%zext_ln120_cast = zext i4 %zext_ln120_read"   --->   Operation 8 'zext' 'zext_ln120_cast' <Predicate = true> <Delay = 0.00>
ST_1 : Operation 9 [1/1] (1.58ns)   --->   "%store_ln0 = store i4 0, i4 %t_8"   --->   Operation 9 'store' 'store_ln0' <Predicate = true> <Delay = 1.58>
ST_1 : Operation 10 [1/1] (1.58ns)   --->   "%store_ln0 = store i24 0, i24 %sum_V"   --->   Operation 10 'store' 'store_ln0' <Predicate = true> <Delay = 1.58>
ST_1 : Operation 11 [1/1] (0.00ns)   --->   "%br_ln0 = br void %for.body187"   --->   Operation 11 'br' 'br_ln0' <Predicate = true> <Delay = 0.00>
ST_1 : Operation 12 [1/1] (0.00ns)   --->   "%t = load i4 %t_8" [/home/cym/prj2/finn/notebooks/icl_thesis-master/experiments/qks_v3_s0_s10_s20_s30_exploratory_hls/q16_qksv3_s10/src/q16_qksv3_s10.cpp:122]   --->   Operation 12 'load' 't' <Predicate = true> <Delay = 0.00>
ST_1 : Operation 13 [1/1] (1.30ns)   --->   "%icmp_ln122 = icmp_eq  i4 %t, i4 14" [/home/cym/prj2/finn/notebooks/icl_thesis-master/experiments/qks_v3_s0_s10_s20_s30_exploratory_hls/q16_qksv3_s10/src/q16_qksv3_s10.cpp:122]   --->   Operation 13 'icmp' 'icmp_ln122' <Predicate = true> <Delay = 1.30> <CoreInst = "Cmp">   --->   Core 9 'Cmp' <Latency = 0> <II = 1> <Delay = 1.30> <FuncUnit> <Opcode : 'icmp'> <InPorts = 2> <OutPorts = 1>
ST_1 : Operation 14 [1/1] (1.73ns)   --->   "%add_ln122 = add i4 %t, i4 1" [/home/cym/prj2/finn/notebooks/icl_thesis-master/experiments/qks_v3_s0_s10_s20_s30_exploratory_hls/q16_qksv3_s10/src/q16_qksv3_s10.cpp:122]   --->   Operation 14 'add' 'add_ln122' <Predicate = true> <Delay = 1.73> <CoreInst = "Adder">   --->   Core 1 'Adder' <Latency = 0> <II = 1> <Delay = 1.73> <FuncUnit> <Opcode : 'add' 'sub'> <InPorts = 2> <OutPorts = 1>
ST_1 : Operation 15 [1/1] (0.00ns)   --->   "%br_ln122 = br i1 %icmp_ln122, void %for.body187.split, void %for.end195.exitStub" [/home/cym/prj2/finn/notebooks/icl_thesis-master/experiments/qks_v3_s0_s10_s20_s30_exploratory_hls/q16_qksv3_s10/src/q16_qksv3_s10.cpp:122]   --->   Operation 15 'br' 'br_ln122' <Predicate = true> <Delay = 0.00>
ST_1 : Operation 16 [1/1] (0.00ns)   --->   "%tmp_s = bitconcatenate i8 @_ssdm_op_BitConcatenate.i8.i4.i4, i4 %t, i4 0"   --->   Operation 16 'bitconcatenate' 'tmp_s' <Predicate = (!icmp_ln122)> <Delay = 0.00>
ST_1 : Operation 17 [1/1] (0.00ns)   --->   "%tmp_62 = bitconcatenate i5 @_ssdm_op_BitConcatenate.i5.i4.i1, i4 %t, i1 0"   --->   Operation 17 'bitconcatenate' 'tmp_62' <Predicate = (!icmp_ln122)> <Delay = 0.00>
ST_1 : Operation 18 [1/1] (0.00ns)   --->   "%zext_ln837 = zext i5 %tmp_62"   --->   Operation 18 'zext' 'zext_ln837' <Predicate = (!icmp_ln122)> <Delay = 0.00>
ST_1 : Operation 19 [1/1] (0.00ns) (grouped into TernaryAdder)   --->   "%newFirst = sub i8 %zext_ln120_cast, i8 %zext_ln837"   --->   Operation 19 'sub' 'newFirst' <Predicate = (!icmp_ln122)> <Delay = 0.00> <CoreInst = "TAddSub">   --->   Core 10 'TAddSub' <Latency = 0> <II = 1> <Delay = 1.83> <IPBlock> <Opcode : 'add' 'sub'> <InPorts = 3> <OutPorts = 1> <Sync> <CReg>
ST_1 : Operation 20 [1/1] (3.66ns) (root node of TernaryAdder)   --->   "%newSecond = add i8 %tmp_s, i8 %newFirst"   --->   Operation 20 'add' 'newSecond' <Predicate = (!icmp_ln122)> <Delay = 3.66> <CoreInst = "TAddSub">   --->   Core 10 'TAddSub' <Latency = 0> <II = 1> <Delay = 1.83> <IPBlock> <Opcode : 'add' 'sub'> <InPorts = 3> <OutPorts = 1> <Sync> <CReg>
ST_1 : Operation 21 [1/1] (0.00ns)   --->   "%zext_ln837_28 = zext i8 %newSecond"   --->   Operation 21 'zext' 'zext_ln837_28' <Predicate = (!icmp_ln122)> <Delay = 0.00>
ST_1 : Operation 22 [1/1] (0.00ns)   --->   "%K_V_addr = getelementptr i16 %K_V, i64 0, i64 %zext_ln837_28"   --->   Operation 22 'getelementptr' 'K_V_addr' <Predicate = (!icmp_ln122)> <Delay = 0.00>
ST_1 : Operation 23 [2/2] (3.25ns)   --->   "%K_V_load = load i8 %K_V_addr"   --->   Operation 23 'load' 'K_V_load' <Predicate = (!icmp_ln122)> <Delay = 3.25> <CoreInst = "RAM">   --->   Core 82 'RAM' <Latency = 1> <II = 1> <Delay = 3.25> <Storage> <Opcode : 'load' 'store'> <Ports = 2> <Width = 16> <Depth = 196> <RAM>
ST_1 : Operation 24 [1/1] (1.58ns)   --->   "%store_ln122 = store i4 %add_ln122, i4 %t_8" [/home/cym/prj2/finn/notebooks/icl_thesis-master/experiments/qks_v3_s0_s10_s20_s30_exploratory_hls/q16_qksv3_s10/src/q16_qksv3_s10.cpp:122]   --->   Operation 24 'store' 'store_ln122' <Predicate = (!icmp_ln122)> <Delay = 1.58>

State 2 <SV = 1> <Delay = 7.15>
ST_2 : Operation 25 [1/1] (0.00ns)   --->   "%sum_V_7 = load i24 %sum_V" [/home/cym/prj2/finn/notebooks/icl_thesis-master/experiments/qks_v3_s0_s10_s20_s30_exploratory_hls/q16_qksv3_s10/src/q16_qksv3_s10.cpp:122]   --->   Operation 25 'load' 'sum_V_7' <Predicate = true> <Delay = 0.00>
ST_2 : Operation 26 [1/1] (0.00ns)   --->   "%trunc_ln122 = trunc i24 %sum_V_7" [/home/cym/prj2/finn/notebooks/icl_thesis-master/experiments/qks_v3_s0_s10_s20_s30_exploratory_hls/q16_qksv3_s10/src/q16_qksv3_s10.cpp:122]   --->   Operation 26 'trunc' 'trunc_ln122' <Predicate = true> <Delay = 0.00>
ST_2 : Operation 27 [1/1] (0.00ns)   --->   "%empty = speclooptripcount i32 @_ssdm_op_SpecLoopTripCount, i64 14, i64 14, i64 14"   --->   Operation 27 'speclooptripcount' 'empty' <Predicate = true> <Delay = 0.00>
ST_2 : Operation 28 [1/1] (0.00ns)   --->   "%specpipeline_ln123 = specpipeline void @_ssdm_op_SpecPipeline, i32 1, i32 0, i32 0, i32 0, void @empty_12" [/home/cym/prj2/finn/notebooks/icl_thesis-master/experiments/qks_v3_s0_s10_s20_s30_exploratory_hls/q16_qksv3_s10/src/q16_qksv3_s10.cpp:123]   --->   Operation 28 'specpipeline' 'specpipeline_ln123' <Predicate = (!icmp_ln122)> <Delay = 0.00>
ST_2 : Operation 29 [1/1] (0.00ns)   --->   "%specloopname_ln121 = specloopname void @_ssdm_op_SpecLoopName, void @empty_22" [/home/cym/prj2/finn/notebooks/icl_thesis-master/experiments/qks_v3_s0_s10_s20_s30_exploratory_hls/q16_qksv3_s10/src/q16_qksv3_s10.cpp:121]   --->   Operation 29 'specloopname' 'specloopname_ln121' <Predicate = (!icmp_ln122)> <Delay = 0.00>
ST_2 : Operation 30 [1/2] (3.25ns)   --->   "%K_V_load = load i8 %K_V_addr"   --->   Operation 30 'load' 'K_V_load' <Predicate = (!icmp_ln122)> <Delay = 3.25> <CoreInst = "RAM">   --->   Core 82 'RAM' <Latency = 1> <II = 1> <Delay = 3.25> <Storage> <Opcode : 'load' 'store'> <Ports = 2> <Width = 16> <Depth = 196> <RAM>
ST_2 : Operation 31 [1/1] (0.00ns)   --->   "%shl_ln = bitconcatenate i20 @_ssdm_op_BitConcatenate.i20.i16.i4, i16 %K_V_load, i4 0"   --->   Operation 31 'bitconcatenate' 'shl_ln' <Predicate = (!icmp_ln122)> <Delay = 0.00>
ST_2 : Operation 32 [1/1] (0.00ns)   --->   "%sext_ln813 = sext i20 %shl_ln"   --->   Operation 32 'sext' 'sext_ln813' <Predicate = (!icmp_ln122)> <Delay = 0.00>
ST_2 : Operation 33 [1/1] (2.31ns)   --->   "%sum_V_8 = add i24 %sext_ln813, i24 %sum_V_7"   --->   Operation 33 'add' 'sum_V_8' <Predicate = (!icmp_ln122)> <Delay = 2.31> <CoreInst = "Adder">   --->   Core 1 'Adder' <Latency = 0> <II = 1> <Delay = 2.31> <FuncUnit> <Opcode : 'add' 'sub'> <InPorts = 2> <OutPorts = 1>
ST_2 : Operation 34 [1/1] (1.58ns)   --->   "%store_ln122 = store i24 %sum_V_8, i24 %sum_V" [/home/cym/prj2/finn/notebooks/icl_thesis-master/experiments/qks_v3_s0_s10_s20_s30_exploratory_hls/q16_qksv3_s10/src/q16_qksv3_s10.cpp:122]   --->   Operation 34 'store' 'store_ln122' <Predicate = (!icmp_ln122)> <Delay = 1.58>
ST_2 : Operation 35 [1/1] (0.00ns)   --->   "%br_ln122 = br void %for.body187" [/home/cym/prj2/finn/notebooks/icl_thesis-master/experiments/qks_v3_s0_s10_s20_s30_exploratory_hls/q16_qksv3_s10/src/q16_qksv3_s10.cpp:122]   --->   Operation 35 'br' 'br_ln122' <Predicate = (!icmp_ln122)> <Delay = 0.00>
ST_2 : Operation 36 [1/1] (0.00ns)   --->   "%write_ln122 = write void @_ssdm_op_Write.ap_auto.i20P0A, i20 %sum_V_out, i20 %trunc_ln122" [/home/cym/prj2/finn/notebooks/icl_thesis-master/experiments/qks_v3_s0_s10_s20_s30_exploratory_hls/q16_qksv3_s10/src/q16_qksv3_s10.cpp:122]   --->   Operation 36 'write' 'write_ln122' <Predicate = (icmp_ln122)> <Delay = 0.00>
ST_2 : Operation 37 [1/1] (0.00ns)   --->   "%ret_ln0 = ret"   --->   Operation 37 'ret' 'ret_ln0' <Predicate = (icmp_ln122)> <Delay = 0.00>


============================================================
+ Verbose Summary: Timing violations
============================================================
Target clock period: 10ns, clock uncertainty: 2.7ns.

 <State 1>: 6.92ns
The critical path consists of the following:
	'alloca' operation ('t') [5]  (0 ns)
	'load' operation ('t', /home/cym/prj2/finn/notebooks/icl_thesis-master/experiments/qks_v3_s0_s10_s20_s30_exploratory_hls/q16_qksv3_s10/src/q16_qksv3_s10.cpp:122) on local variable 't' [13]  (0 ns)
	'sub' operation ('newFirst') [23]  (0 ns)
	'add' operation ('newSecond') [24]  (3.67 ns)
	'getelementptr' operation ('K_V_addr') [26]  (0 ns)
	'load' operation ('K_V_load') on array 'K_V' [29]  (3.25 ns)

 <State 2>: 7.16ns
The critical path consists of the following:
	'load' operation ('K_V_load') on array 'K_V' [29]  (3.25 ns)
	'add' operation ('sum.V') [32]  (2.31 ns)
	'store' operation ('store_ln122', /home/cym/prj2/finn/notebooks/icl_thesis-master/experiments/qks_v3_s0_s10_s20_s30_exploratory_hls/q16_qksv3_s10/src/q16_qksv3_s10.cpp:122) of variable 'sum.V' on local variable 'sum.V' [34]  (1.59 ns)


============================================================
+ Verbose Summary: Binding
============================================================
N/A
* FSMD analyzer results:
  - Output states:
 - Input state : 
  - Chain level:
	State 1
	State 2


============================================================
+ Verbose Summary: Datapath Resource usage 
============================================================
N/A
