

================================================================
== Vitis HLS Report for 'imgds_linear_dense_q16_Pipeline_VITIS_LOOP_286_6_VITIS_LOOP_288_7'
================================================================
* Date:           Thu Jul  2 16:53:07 2026

* Version:        2022.2 (Build 3670227 on Oct 13 2022)
* Project:        q16_s10_attn_sparse
* Solution:       solution1 (Vivado IP Flow Target)
* Product family: zynq
* Target device:  xc7z020-clg400-1


================================================================
== Performance Estimates
================================================================
+ Timing: 
    * Summary: 
    +--------+----------+----------+------------+
    |  Clock |  Target  | Estimated| Uncertainty|
    +--------+----------+----------+------------+
    |ap_clk  |  10.00 ns|  7.157 ns|     2.70 ns|
    +--------+----------+----------+------------+

+ Latency: 
    * Summary: 
    +---------+---------+----------+----------+-----+-----+---------+
    |  Latency (cycles) |  Latency (absolute) |  Interval | Pipeline|
    |   min   |   max   |    min   |    max   | min | max |   Type  |
    +---------+---------+----------+----------+-----+-----+---------+
    |      261|      261|  2.610 us|  2.610 us|  261|  261|       no|
    +---------+---------+----------+----------+-----+-----+---------+

    + Detail: 
        * Instance: 
        N/A

        * Loop: 
        +-------------------------------------+---------+---------+----------+-----------+-----------+------+----------+
        |                                     |  Latency (cycles) | Iteration|  Initiation Interval  | Trip |          |
        |              Loop Name              |   min   |   max   |  Latency |  achieved |   target  | Count| Pipelined|
        +-------------------------------------+---------+---------+----------+-----------+-----------+------+----------+
        |- VITIS_LOOP_286_6_VITIS_LOOP_288_7  |      259|      259|         5|          1|          1|   256|       yes|
        +-------------------------------------+---------+---------+----------+-----------+-----------+------+----------+



================================================================
== Utilization Estimates
================================================================
* Summary: 
+-----------------+---------+-----+--------+-------+-----+
|       Name      | BRAM_18K| DSP |   FF   |  LUT  | URAM|
+-----------------+---------+-----+--------+-------+-----+
|DSP              |        -|    -|       -|      -|    -|
|Expression       |        -|    -|       0|    237|    -|
|FIFO             |        -|    -|       -|      -|    -|
|Instance         |        -|    -|       -|      -|    -|
|Memory           |        -|    -|       -|      -|    -|
|Multiplexer      |        -|    -|       -|     81|    -|
|Register         |        -|    -|     232|     64|    -|
+-----------------+---------+-----+--------+-------+-----+
|Total            |        0|    0|     232|    382|    0|
+-----------------+---------+-----+--------+-------+-----+
|Available        |      280|  220|  106400|  53200|    0|
+-----------------+---------+-----+--------+-------+-----+
|Utilization (%)  |        0|    0|      ~0|     ~0|    0|
+-----------------+---------+-----+--------+-------+-----+

+ Detail: 
    * Instance: 
    N/A

    * DSP: 
    N/A

    * Memory: 
    N/A

    * FIFO: 
    N/A

    * Expression: 
    +--------------------------+----------+----+---+----+------------+------------+
    |       Variable Name      | Operation| DSP| FF| LUT| Bitwidth P0| Bitwidth P1|
    +--------------------------+----------+----+---+----+------------+------------+
    |add_ln286_1_fu_143_p2     |         +|   0|  0|  14|           9|           1|
    |add_ln286_fu_155_p2       |         +|   0|  0|  13|           5|           1|
    |add_ln288_fu_187_p2       |         +|   0|  0|  13|           5|           1|
    |add_ln837_fu_224_p2       |         +|   0|  0|  15|           8|           8|
    |s_V_4_fu_257_p2           |         +|   0|  0|  31|          24|          24|
    |sub_ln1303_7_fu_298_p2    |         -|   0|  0|  27|           1|          20|
    |sub_ln1303_fu_282_p2      |         -|   0|  0|  41|           1|          34|
    |icmp_ln286_fu_137_p2      |      icmp|   0|  0|  11|           9|          10|
    |icmp_ln288_1_fu_193_p2    |      icmp|   0|  0|  10|           5|           6|
    |icmp_ln288_fu_161_p2      |      icmp|   0|  0|  10|           5|           6|
    |select_ln1303_fu_323_p3   |    select|   0|  0|  16|           1|          16|
    |select_ln286_1_fu_238_p3  |    select|   0|  0|  24|           1|           1|
    |select_ln286_2_fu_179_p3  |    select|   0|  0|   5|           1|           5|
    |select_ln286_fu_167_p3    |    select|   0|  0|   5|           1|           1|
    |ap_enable_pp0             |       xor|   0|  0|   2|           1|           2|
    +--------------------------+----------+----+---+----+------------+------------+
    |Total                     |          |   0|  0| 237|          77|         136|
    +--------------------------+----------+----+---+----+------------+------------+

    * Multiplexer: 
    +----------------------------------------+----+-----------+-----+-----------+
    |                  Name                  | LUT| Input Size| Bits| Total Bits|
    +----------------------------------------+----+-----------+-----+-----------+
    |ap_done_int                             |   9|          2|    1|          2|
    |ap_enable_reg_pp0_iter1                 |   9|          2|    1|          2|
    |ap_sig_allocacmp_d_load                 |   9|          2|    5|         10|
    |ap_sig_allocacmp_indvar_flatten22_load  |   9|          2|    9|         18|
    |ap_sig_allocacmp_pos_load               |   9|          2|    5|         10|
    |d_fu_80                                 |   9|          2|    5|         10|
    |indvar_flatten22_fu_84                  |   9|          2|    9|         18|
    |pos_fu_76                               |   9|          2|    5|         10|
    |s_V_fu_72                               |   9|          2|   24|         48|
    +----------------------------------------+----+-----------+-----+-----------+
    |Total                                   |  81|         18|   64|        128|
    +----------------------------------------+----+-----------+-----+-----------+

    * Register: 
    +----------------------------------+----+----+-----+-----------+
    |               Name               | FF | LUT| Bits| Const Bits|
    +----------------------------------+----+----+-----+-----------+
    |ap_CS_fsm                         |   1|   0|    1|          0|
    |ap_done_reg                       |   1|   0|    1|          0|
    |ap_enable_reg_pp0_iter1           |   1|   0|    1|          0|
    |ap_enable_reg_pp0_iter2           |   1|   0|    1|          0|
    |ap_enable_reg_pp0_iter3           |   1|   0|    1|          0|
    |ap_enable_reg_pp0_iter4           |   1|   0|    1|          0|
    |ap_loop_exit_ready_pp0_iter1_reg  |   1|   0|    1|          0|
    |ap_loop_exit_ready_pp0_iter2_reg  |   1|   0|    1|          0|
    |ap_loop_exit_ready_pp0_iter3_reg  |   1|   0|    1|          0|
    |d_fu_80                           |   5|   0|    5|          0|
    |icmp_ln288_1_reg_383              |   1|   0|    1|          0|
    |icmp_ln288_reg_367                |   1|   0|    1|          0|
    |icmp_ln288_reg_367_pp0_iter1_reg  |   1|   0|    1|          0|
    |indvar_flatten22_fu_84            |   9|   0|    9|          0|
    |pos_fu_76                         |   5|   0|    5|          0|
    |s_V_4_reg_392                     |  24|   0|   24|          0|
    |s_V_fu_72                         |  24|   0|   24|          0|
    |select_ln1303_reg_399             |  16|   0|   16|          0|
    |select_ln286_2_reg_377            |   5|   0|    5|          0|
    |trunc_ln286_reg_372               |   4|   0|    4|          0|
    |icmp_ln288_1_reg_383              |  64|  32|    1|          0|
    |select_ln286_2_reg_377            |  64|  32|    5|          0|
    +----------------------------------+----+----+-----+-----------+
    |Total                             | 232|  64|  110|          0|
    +----------------------------------+----+----+-----+-----------+



================================================================
== Interface
================================================================
* Summary: 
+-------------------+-----+-----+------------+-------------------------------------------------------------------+--------------+
|     RTL Ports     | Dir | Bits|  Protocol  |                           Source Object                           |    C Type    |
+-------------------+-----+-----+------------+-------------------------------------------------------------------+--------------+
|ap_clk             |   in|    1|  ap_ctrl_hs|  imgds_linear_dense_q16_Pipeline_VITIS_LOOP_286_6_VITIS_LOOP_288_7|  return value|
|ap_rst             |   in|    1|  ap_ctrl_hs|  imgds_linear_dense_q16_Pipeline_VITIS_LOOP_286_6_VITIS_LOOP_288_7|  return value|
|ap_start           |   in|    1|  ap_ctrl_hs|  imgds_linear_dense_q16_Pipeline_VITIS_LOOP_286_6_VITIS_LOOP_288_7|  return value|
|ap_done            |  out|    1|  ap_ctrl_hs|  imgds_linear_dense_q16_Pipeline_VITIS_LOOP_286_6_VITIS_LOOP_288_7|  return value|
|ap_idle            |  out|    1|  ap_ctrl_hs|  imgds_linear_dense_q16_Pipeline_VITIS_LOOP_286_6_VITIS_LOOP_288_7|  return value|
|ap_ready           |  out|    1|  ap_ctrl_hs|  imgds_linear_dense_q16_Pipeline_VITIS_LOOP_286_6_VITIS_LOOP_288_7|  return value|
|x_V_address0       |  out|    8|   ap_memory|                                                                x_V|         array|
|x_V_ce0            |  out|    1|   ap_memory|                                                                x_V|         array|
|x_V_q0             |   in|   16|   ap_memory|                                                                x_V|         array|
|pooled_V_address0  |  out|    4|   ap_memory|                                                           pooled_V|         array|
|pooled_V_ce0       |  out|    1|   ap_memory|                                                           pooled_V|         array|
|pooled_V_we0       |  out|    1|   ap_memory|                                                           pooled_V|         array|
|pooled_V_d0        |  out|   16|   ap_memory|                                                           pooled_V|         array|
+-------------------+-----+-----+------------+-------------------------------------------------------------------+--------------+

