

================================================================
== Vitis HLS Report for 'linear_attention_q16_Pipeline_VITIS_LOOP_139_8'
================================================================
* Date:           Tue Jun 30 20:54:46 2026

* Version:        2022.2 (Build 3670227 on Oct 13 2022)
* Project:        imgds_linear_dense_q16_pareto1
* Solution:       solution1 (Vivado IP Flow Target)
* Product family: zynq
* Target device:  xc7z020-clg400-1


================================================================
== Performance Estimates
================================================================
+ Timing: 
    * Summary: 
    +--------+----------+----------+------------+
    |  Clock |  Target  | Estimated| Uncertainty|
    +--------+----------+----------+------------+
    |ap_clk  |  10.00 ns|  6.009 ns|     2.70 ns|
    +--------+----------+----------+------------+

+ Latency: 
    * Summary: 
    +---------+---------+----------+----------+-----+-----+---------+
    |  Latency (cycles) |  Latency (absolute) |  Interval | Pipeline|
    |   min   |   max   |    min   |    max   | min | max |   Type  |
    +---------+---------+----------+----------+-----+-----+---------+
    |       12|       12|  0.120 us|  0.120 us|   12|   12|       no|
    +---------+---------+----------+----------+-----+-----+---------+

    + Detail: 
        * Instance: 
        N/A

        * Loop: 
        +--------------------+---------+---------+----------+-----------+-----------+------+----------+
        |                    |  Latency (cycles) | Iteration|  Initiation Interval  | Trip |          |
        |      Loop Name     |   min   |   max   |  Latency |  achieved |   target  | Count| Pipelined|
        +--------------------+---------+---------+----------+-----------+-----------+------+----------+
        |- VITIS_LOOP_139_8  |       10|       10|         4|          2|          1|     4|       yes|
        +--------------------+---------+---------+----------+-----------+-----------+------+----------+



================================================================
== Utilization Estimates
================================================================
* Summary: 
+-----------------+---------+-----+--------+-------+-----+
|       Name      | BRAM_18K| DSP |   FF   |  LUT  | URAM|
+-----------------+---------+-----+--------+-------+-----+
|DSP              |        -|    -|       -|      -|    -|
|Expression       |        -|    -|       0|    131|    -|
|FIFO             |        -|    -|       -|      -|    -|
|Instance         |        -|    -|       -|      -|    -|
|Memory           |        -|    -|       -|      -|    -|
|Multiplexer      |        -|    -|       -|    105|    -|
|Register         |        -|    -|      99|      -|    -|
+-----------------+---------+-----+--------+-------+-----+
|Total            |        0|    0|      99|    236|    0|
+-----------------+---------+-----+--------+-------+-----+
|Available        |      280|  220|  106400|  53200|    0|
+-----------------+---------+-----+--------+-------+-----+
|Utilization (%)  |        0|    0|      ~0|     ~0|    0|
+-----------------+---------+-----+--------+-------+-----+

+ Detail: 
    * Instance: 
    N/A

    * DSP: 
    N/A

    * Memory: 
    N/A

    * FIFO: 
    N/A

    * Expression: 
    +----------------------+----------+----+---+----+------------+------------+
    |     Variable Name    | Operation| DSP| FF| LUT| Bitwidth P0| Bitwidth P1|
    +----------------------+----------+----+---+----+------------+------------+
    |add_ln139_fu_171_p2   |         +|   0|  0|  13|           5|           3|
    |s_V_7_fu_276_p2       |         +|   0|  0|  31|          24|          24|
    |tmp171528_fu_258_p2   |         +|   0|  0|  25|          18|          18|
    |tmp622_fu_224_p2      |         +|   0|  0|  24|          17|          17|
    |tmp623_fu_246_p2      |         +|   0|  0|  24|          17|          17|
    |or_ln139_1_fu_182_p2  |        or|   0|  0|   4|           4|           2|
    |or_ln139_2_fu_199_p2  |        or|   0|  0|   4|           4|           2|
    |or_ln139_fu_152_p2    |        or|   0|  0|   4|           4|           1|
    |ap_enable_pp0         |       xor|   0|  0|   2|           1|           2|
    +----------------------+----------+----+---+----+------------+------------+
    |Total                 |          |   0|  0| 131|          94|          86|
    +----------------------+----------+----+---+----+------------+------------+

    * Multiplexer: 
    +----------------------------------+----+-----------+-----+-----------+
    |               Name               | LUT| Input Size| Bits| Total Bits|
    +----------------------------------+----+-----------+-----+-----------+
    |K_V_address0                      |  14|          3|    6|         18|
    |K_V_address1                      |  14|          3|    6|         18|
    |ap_NS_fsm                         |  14|          3|    1|          3|
    |ap_done_int                       |   9|          2|    1|          2|
    |ap_enable_reg_pp0_iter0           |   9|          2|    1|          2|
    |ap_enable_reg_pp0_iter1           |   9|          2|    1|          2|
    |ap_loop_exit_ready_pp0_iter1_reg  |   9|          2|    1|          2|
    |ap_sig_allocacmp_pos_4            |   9|          2|    5|         10|
    |pos_fu_56                         |   9|          2|    5|         10|
    |s_V_fu_52                         |   9|          2|   24|         48|
    +----------------------------------+----+-----------+-----+-----------+
    |Total                             | 105|         23|   51|        115|
    +----------------------------------+----+-----------+-----+-----------+

    * Register: 
    +----------------------------------+----+----+-----+-----------+
    |               Name               | FF | LUT| Bits| Const Bits|
    +----------------------------------+----+----+-----+-----------+
    |ap_CS_fsm                         |   2|   0|    2|          0|
    |ap_done_reg                       |   1|   0|    1|          0|
    |ap_enable_reg_pp0_iter0_reg       |   1|   0|    1|          0|
    |ap_enable_reg_pp0_iter1           |   1|   0|    1|          0|
    |ap_loop_exit_ready_pp0_iter1_reg  |   1|   0|    1|          0|
    |empty_62_reg_306                  |   4|   0|    4|          0|
    |pos_fu_56                         |   5|   0|    5|          0|
    |s_V_6_reg_341                     |  24|   0|   24|          0|
    |s_V_fu_52                         |  24|   0|   24|          0|
    |tmp622_reg_336                    |  17|   0|   17|          0|
    |tmp623_reg_346                    |  17|   0|   17|          0|
    |tmp_reg_312                       |   1|   0|    1|          0|
    |tmp_reg_312_pp0_iter1_reg         |   1|   0|    1|          0|
    +----------------------------------+----+----+-----+-----------+
    |Total                             |  99|   0|   99|          0|
    +----------------------------------+----+----+-----+-----------+



================================================================
== Interface
================================================================
* Summary: 
+----------------+-----+-----+------------+------------------------------------------------+--------------+
|    RTL Ports   | Dir | Bits|  Protocol  |                  Source Object                 |    C Type    |
+----------------+-----+-----+------------+------------------------------------------------+--------------+
|ap_clk          |   in|    1|  ap_ctrl_hs|  linear_attention_q16_Pipeline_VITIS_LOOP_139_8|  return value|
|ap_rst          |   in|    1|  ap_ctrl_hs|  linear_attention_q16_Pipeline_VITIS_LOOP_139_8|  return value|
|ap_start        |   in|    1|  ap_ctrl_hs|  linear_attention_q16_Pipeline_VITIS_LOOP_139_8|  return value|
|ap_done         |  out|    1|  ap_ctrl_hs|  linear_attention_q16_Pipeline_VITIS_LOOP_139_8|  return value|
|ap_idle         |  out|    1|  ap_ctrl_hs|  linear_attention_q16_Pipeline_VITIS_LOOP_139_8|  return value|
|ap_ready        |  out|    1|  ap_ctrl_hs|  linear_attention_q16_Pipeline_VITIS_LOOP_139_8|  return value|
|lshr_ln1        |   in|    2|     ap_none|                                        lshr_ln1|        scalar|
|K_V_address0    |  out|    6|   ap_memory|                                             K_V|         array|
|K_V_ce0         |  out|    1|   ap_memory|                                             K_V|         array|
|K_V_q0          |   in|   16|   ap_memory|                                             K_V|         array|
|K_V_address1    |  out|    6|   ap_memory|                                             K_V|         array|
|K_V_ce1         |  out|    1|   ap_memory|                                             K_V|         array|
|K_V_q1          |   in|   16|   ap_memory|                                             K_V|         array|
|s_V_out         |  out|   20|      ap_vld|                                         s_V_out|       pointer|
|s_V_out_ap_vld  |  out|    1|      ap_vld|                                         s_V_out|       pointer|
+----------------+-----+-----+------------+------------------------------------------------+--------------+

