INFO: [SIM 2] *************** CSIM start ***************
INFO: [SIM 4] CSIM will launch GCC as the compiler.
   Compiling ../../../../src/testbench.cpp in debug mode
   Compiling ../../../../src/imgds_linear_small_b.cpp in debug mode
   Generating csim.exe
small_B CSIM Testbench
==================================================

==================================================
small_B CSIM Results (N=200)
==================================================
  Pred match vs PyTorch ref: 0.9700 (194/200)
  HW label accuracy:         0.9400 (188/200)
  Ref label accuracy:        0.9600 (192/200)
  Mismatches: 6
  Max abs error: 1.24983931
  Mean abs error: 0.17023797

  First 6 mismatches:
  3      [-0.2432,-0.4932] [-1.4930, 0.4546] hw=0 ref=1 lbl=1
  91     [-0.2168,-0.6631] [-1.1830, 0.0743] hw=0 ref=1 lbl=1
  96     [ 0.2158, 0.0273] [-0.1834, 0.0460] hw=0 ref=1 lbl=1
  133    [-0.0625,-0.1211] [-0.4051, 0.2122] hw=0 ref=1 lbl=1
  156    [ 0.2158, 0.0273] [-0.1834, 0.0460] hw=0 ref=1 lbl=1
  167    [-0.1084,-0.2480] [-0.3154,-0.2142] hw=0 ref=1 lbl=0

==================================================
  Match >= 0.95: PASS
==================================================

CSIM PASSED. HW acc=0.9400.
INFO: [SIM 1] CSim done with 0 errors.
INFO: [SIM 3] *************** CSIM finish ***************
