/home/cym/prj2/finn/notebooks/icl_thesis-master/experiments/imgds_linear_sparse/stage2_dense_hls_baselines/q16_s0/hls/imgds_linear_dense_q16/solution1/.autopilot/db/imgds_linear_dense_q16.pp.0.cpp:1337:7: warning: Added loop label VITIS_LOOP_1211_1:   [xilinx-label-all-loops]
      for (i = 0; i < __N - 1; ++i) {
      ^~~
      VITIS_LOOP_1211_1: 
/home/cym/prj2/finn/notebooks/icl_thesis-master/experiments/imgds_linear_sparse/stage2_dense_hls_baselines/q16_s0/hls/imgds_linear_dense_q16/solution1/.autopilot/db/imgds_linear_dense_q16.pp.0.cpp:1337:7: note: FIX-IT applied suggested code changes
/home/cym/prj2/finn/notebooks/icl_thesis-master/experiments/imgds_linear_sparse/stage2_dense_hls_baselines/q16_s0/hls/imgds_linear_dense_q16/solution1/.autopilot/db/imgds_linear_dense_q16.pp.0.cpp:2311:5: warning: Added loop label VITIS_LOOP_676_1:   [xilinx-label-all-loops]
    for (unsigned i = low; i != high; ++i) {
    ^~~
    VITIS_LOOP_676_1: 
/home/cym/prj2/finn/notebooks/icl_thesis-master/experiments/imgds_linear_sparse/stage2_dense_hls_baselines/q16_s0/hls/imgds_linear_dense_q16/solution1/.autopilot/db/imgds_linear_dense_q16.pp.0.cpp:2311:5: note: FIX-IT applied suggested code changes
/home/cym/prj2/finn/notebooks/icl_thesis-master/experiments/imgds_linear_sparse/stage2_dense_hls_baselines/q16_s0/hls/imgds_linear_dense_q16/solution1/.autopilot/db/imgds_linear_dense_q16.pp.0.cpp:2325:5: warning: Added loop label VITIS_LOOP_690_1:   [xilinx-label-all-loops]
    for (unsigned i = low; i != high; ++i) {
    ^~~
    VITIS_LOOP_690_1: 
/home/cym/prj2/finn/notebooks/icl_thesis-master/experiments/imgds_linear_sparse/stage2_dense_hls_baselines/q16_s0/hls/imgds_linear_dense_q16/solution1/.autopilot/db/imgds_linear_dense_q16.pp.0.cpp:2325:5: note: FIX-IT applied suggested code changes
/home/cym/prj2/finn/notebooks/icl_thesis-master/experiments/imgds_linear_sparse/stage2_dense_hls_baselines/q16_s0/hls/imgds_linear_dense_q16/solution1/.autopilot/db/imgds_linear_dense_q16.pp.0.cpp:2339:5: warning: Added loop label VITIS_LOOP_704_1:   [xilinx-label-all-loops]
    for (unsigned i = low; i != high; ++i) {
    ^~~
    VITIS_LOOP_704_1: 
/home/cym/prj2/finn/notebooks/icl_thesis-master/experiments/imgds_linear_sparse/stage2_dense_hls_baselines/q16_s0/hls/imgds_linear_dense_q16/solution1/.autopilot/db/imgds_linear_dense_q16.pp.0.cpp:2339:5: note: FIX-IT applied suggested code changes
/home/cym/prj2/finn/notebooks/icl_thesis-master/experiments/imgds_linear_sparse/stage2_dense_hls_baselines/q16_s0/hls/imgds_linear_dense_q16/solution1/.autopilot/db/imgds_linear_dense_q16.pp.0.cpp:3938:7: warning: Added loop label VITIS_LOOP_1245_1:   [xilinx-label-all-loops]
      for (i = 0; i < __N - 1; ++i) {
      ^~~
      VITIS_LOOP_1245_1: 
/home/cym/prj2/finn/notebooks/icl_thesis-master/experiments/imgds_linear_sparse/stage2_dense_hls_baselines/q16_s0/hls/imgds_linear_dense_q16/solution1/.autopilot/db/imgds_linear_dense_q16.pp.0.cpp:3938:7: note: FIX-IT applied suggested code changes
/home/cym/prj2/finn/notebooks/icl_thesis-master/experiments/imgds_linear_sparse/stage2_dense_hls_baselines/q16_s0/hls/imgds_linear_dense_q16/solution1/.autopilot/db/imgds_linear_dense_q16.pp.0.cpp:12764:5: warning: Added loop label VITIS_LOOP_36_1:   [xilinx-label-all-loops]
    for (int i = 0; i < 16; i++) {
    ^~~
    VITIS_LOOP_36_1: 
/home/cym/prj2/finn/notebooks/icl_thesis-master/experiments/imgds_linear_sparse/stage2_dense_hls_baselines/q16_s0/hls/imgds_linear_dense_q16/solution1/.autopilot/db/imgds_linear_dense_q16.pp.0.cpp:12764:5: note: FIX-IT applied suggested code changes
/home/cym/prj2/finn/notebooks/icl_thesis-master/experiments/imgds_linear_sparse/stage2_dense_hls_baselines/q16_s0/hls/imgds_linear_dense_q16/solution1/.autopilot/db/imgds_linear_dense_q16.pp.0.cpp:12772:5: warning: Added loop label VITIS_LOOP_44_2:   [xilinx-label-all-loops]
    for (int i = 0; i < 16; i++) {
    ^~~
    VITIS_LOOP_44_2: 
/home/cym/prj2/finn/notebooks/icl_thesis-master/experiments/imgds_linear_sparse/stage2_dense_hls_baselines/q16_s0/hls/imgds_linear_dense_q16/solution1/.autopilot/db/imgds_linear_dense_q16.pp.0.cpp:12772:5: note: FIX-IT applied suggested code changes
/home/cym/prj2/finn/notebooks/icl_thesis-master/experiments/imgds_linear_sparse/stage2_dense_hls_baselines/q16_s0/hls/imgds_linear_dense_q16/solution1/.autopilot/db/imgds_linear_dense_q16.pp.0.cpp:12785:5: warning: Added loop label VITIS_LOOP_57_3:   [xilinx-label-all-loops]
    for (int i = 0; i < 16; i++) {
    ^~~
    VITIS_LOOP_57_3: 
/home/cym/prj2/finn/notebooks/icl_thesis-master/experiments/imgds_linear_sparse/stage2_dense_hls_baselines/q16_s0/hls/imgds_linear_dense_q16/solution1/.autopilot/db/imgds_linear_dense_q16.pp.0.cpp:12785:5: note: FIX-IT applied suggested code changes
/home/cym/prj2/finn/notebooks/icl_thesis-master/experiments/imgds_linear_sparse/stage2_dense_hls_baselines/q16_s0/hls/imgds_linear_dense_q16/solution1/.autopilot/db/imgds_linear_dense_q16.pp.0.cpp:12809:2: warning: Added loop label VITIS_LOOP_81_1:   [xilinx-label-all-loops]
 for (int s = 0; s < 16; s++) {
 ^~~
 VITIS_LOOP_81_1: 
/home/cym/prj2/finn/notebooks/icl_thesis-master/experiments/imgds_linear_sparse/stage2_dense_hls_baselines/q16_s0/hls/imgds_linear_dense_q16/solution1/.autopilot/db/imgds_linear_dense_q16.pp.0.cpp:12809:2: note: FIX-IT applied suggested code changes
/home/cym/prj2/finn/notebooks/icl_thesis-master/experiments/imgds_linear_sparse/stage2_dense_hls_baselines/q16_s0/hls/imgds_linear_dense_q16/solution1/.autopilot/db/imgds_linear_dense_q16.pp.0.cpp:12810:9: warning: Added loop label VITIS_LOOP_82_2:   [xilinx-label-all-loops]
        for (int d = 0; d < 16; d++) {
        ^~~
        VITIS_LOOP_82_2: 
/home/cym/prj2/finn/notebooks/icl_thesis-master/experiments/imgds_linear_sparse/stage2_dense_hls_baselines/q16_s0/hls/imgds_linear_dense_q16/solution1/.autopilot/db/imgds_linear_dense_q16.pp.0.cpp:12810:9: note: FIX-IT applied suggested code changes
/home/cym/prj2/finn/notebooks/icl_thesis-master/experiments/imgds_linear_sparse/stage2_dense_hls_baselines/q16_s0/hls/imgds_linear_dense_q16/solution1/.autopilot/db/imgds_linear_dense_q16.pp.0.cpp:12813:13: warning: Added loop label VITIS_LOOP_85_3:   [xilinx-label-all-loops]
            for (int i = 0; i < 16; i++) {
            ^~~
            VITIS_LOOP_85_3: 
/home/cym/prj2/finn/notebooks/icl_thesis-master/experiments/imgds_linear_sparse/stage2_dense_hls_baselines/q16_s0/hls/imgds_linear_dense_q16/solution1/.autopilot/db/imgds_linear_dense_q16.pp.0.cpp:12813:13: note: FIX-IT applied suggested code changes
/home/cym/prj2/finn/notebooks/icl_thesis-master/experiments/imgds_linear_sparse/stage2_dense_hls_baselines/q16_s0/hls/imgds_linear_dense_q16/solution1/.autopilot/db/imgds_linear_dense_q16.pp.0.cpp:12828:2: warning: Added loop label VITIS_LOOP_100_4:   [xilinx-label-all-loops]
 for (int d1 = 0; d1 < 16; d1++) {
 ^~~
 VITIS_LOOP_100_4: 
/home/cym/prj2/finn/notebooks/icl_thesis-master/experiments/imgds_linear_sparse/stage2_dense_hls_baselines/q16_s0/hls/imgds_linear_dense_q16/solution1/.autopilot/db/imgds_linear_dense_q16.pp.0.cpp:12828:2: note: FIX-IT applied suggested code changes
/home/cym/prj2/finn/notebooks/icl_thesis-master/experiments/imgds_linear_sparse/stage2_dense_hls_baselines/q16_s0/hls/imgds_linear_dense_q16/solution1/.autopilot/db/imgds_linear_dense_q16.pp.0.cpp:12829:9: warning: Added loop label VITIS_LOOP_101_5:   [xilinx-label-all-loops]
        for (int d2 = 0; d2 < 16; d2++) {
        ^~~
        VITIS_LOOP_101_5: 
/home/cym/prj2/finn/notebooks/icl_thesis-master/experiments/imgds_linear_sparse/stage2_dense_hls_baselines/q16_s0/hls/imgds_linear_dense_q16/solution1/.autopilot/db/imgds_linear_dense_q16.pp.0.cpp:12829:9: note: FIX-IT applied suggested code changes
/home/cym/prj2/finn/notebooks/icl_thesis-master/experiments/imgds_linear_sparse/stage2_dense_hls_baselines/q16_s0/hls/imgds_linear_dense_q16/solution1/.autopilot/db/imgds_linear_dense_q16.pp.0.cpp:12831:13: warning: Added loop label VITIS_LOOP_103_6:   [xilinx-label-all-loops]
            for (int pos = 0; pos < 16; pos++) {
            ^~~
            VITIS_LOOP_103_6: 
/home/cym/prj2/finn/notebooks/icl_thesis-master/experiments/imgds_linear_sparse/stage2_dense_hls_baselines/q16_s0/hls/imgds_linear_dense_q16/solution1/.autopilot/db/imgds_linear_dense_q16.pp.0.cpp:12831:13: note: FIX-IT applied suggested code changes
/home/cym/prj2/finn/notebooks/icl_thesis-master/experiments/imgds_linear_sparse/stage2_dense_hls_baselines/q16_s0/hls/imgds_linear_dense_q16/solution1/.autopilot/db/imgds_linear_dense_q16.pp.0.cpp:12841:2: warning: Added loop label VITIS_LOOP_113_7:   [xilinx-label-all-loops]
 for (int d = 0; d < 16; d++) {
 ^~~
 VITIS_LOOP_113_7: 
/home/cym/prj2/finn/notebooks/icl_thesis-master/experiments/imgds_linear_sparse/stage2_dense_hls_baselines/q16_s0/hls/imgds_linear_dense_q16/solution1/.autopilot/db/imgds_linear_dense_q16.pp.0.cpp:12841:2: note: FIX-IT applied suggested code changes
/home/cym/prj2/finn/notebooks/icl_thesis-master/experiments/imgds_linear_sparse/stage2_dense_hls_baselines/q16_s0/hls/imgds_linear_dense_q16/solution1/.autopilot/db/imgds_linear_dense_q16.pp.0.cpp:12843:9: warning: Added loop label VITIS_LOOP_115_8:   [xilinx-label-all-loops]
        for (int pos = 0; pos < 16; pos++) {
        ^~~
        VITIS_LOOP_115_8: 
/home/cym/prj2/finn/notebooks/icl_thesis-master/experiments/imgds_linear_sparse/stage2_dense_hls_baselines/q16_s0/hls/imgds_linear_dense_q16/solution1/.autopilot/db/imgds_linear_dense_q16.pp.0.cpp:12843:9: note: FIX-IT applied suggested code changes
/home/cym/prj2/finn/notebooks/icl_thesis-master/experiments/imgds_linear_sparse/stage2_dense_hls_baselines/q16_s0/hls/imgds_linear_dense_q16/solution1/.autopilot/db/imgds_linear_dense_q16.pp.0.cpp:12850:5: warning: Added loop label VITIS_LOOP_122_9:   [xilinx-label-all-loops]
    for (int pos = 0; pos < 16; pos++) {
    ^~~
    VITIS_LOOP_122_9: 
/home/cym/prj2/finn/notebooks/icl_thesis-master/experiments/imgds_linear_sparse/stage2_dense_hls_baselines/q16_s0/hls/imgds_linear_dense_q16/solution1/.autopilot/db/imgds_linear_dense_q16.pp.0.cpp:12850:5: note: FIX-IT applied suggested code changes
/home/cym/prj2/finn/notebooks/icl_thesis-master/experiments/imgds_linear_sparse/stage2_dense_hls_baselines/q16_s0/hls/imgds_linear_dense_q16/solution1/.autopilot/db/imgds_linear_dense_q16.pp.0.cpp:12853:9: warning: Added loop label VITIS_LOOP_125_10:   [xilinx-label-all-loops]
        for (int d = 0; d < 16; d++) {
        ^~~
        VITIS_LOOP_125_10: 
/home/cym/prj2/finn/notebooks/icl_thesis-master/experiments/imgds_linear_sparse/stage2_dense_hls_baselines/q16_s0/hls/imgds_linear_dense_q16/solution1/.autopilot/db/imgds_linear_dense_q16.pp.0.cpp:12853:9: note: FIX-IT applied suggested code changes
/home/cym/prj2/finn/notebooks/icl_thesis-master/experiments/imgds_linear_sparse/stage2_dense_hls_baselines/q16_s0/hls/imgds_linear_dense_q16/solution1/.autopilot/db/imgds_linear_dense_q16.pp.0.cpp:12862:2: warning: Added loop label VITIS_LOOP_134_11:   [xilinx-label-all-loops]
 for (int d2 = 0; d2 < 16; d2++) {
 ^~~
 VITIS_LOOP_134_11: 
/home/cym/prj2/finn/notebooks/icl_thesis-master/experiments/imgds_linear_sparse/stage2_dense_hls_baselines/q16_s0/hls/imgds_linear_dense_q16/solution1/.autopilot/db/imgds_linear_dense_q16.pp.0.cpp:12862:2: note: FIX-IT applied suggested code changes
/home/cym/prj2/finn/notebooks/icl_thesis-master/experiments/imgds_linear_sparse/stage2_dense_hls_baselines/q16_s0/hls/imgds_linear_dense_q16/solution1/.autopilot/db/imgds_linear_dense_q16.pp.0.cpp:12864:13: warning: Added loop label VITIS_LOOP_136_12:   [xilinx-label-all-loops]
            for (int d1 = 0; d1 < 16; d1++) {
            ^~~
            VITIS_LOOP_136_12: 
/home/cym/prj2/finn/notebooks/icl_thesis-master/experiments/imgds_linear_sparse/stage2_dense_hls_baselines/q16_s0/hls/imgds_linear_dense_q16/solution1/.autopilot/db/imgds_linear_dense_q16.pp.0.cpp:12864:13: note: FIX-IT applied suggested code changes
/home/cym/prj2/finn/notebooks/icl_thesis-master/experiments/imgds_linear_sparse/stage2_dense_hls_baselines/q16_s0/hls/imgds_linear_dense_q16/solution1/.autopilot/db/imgds_linear_dense_q16.pp.0.cpp:12871:9: warning: Added loop label VITIS_LOOP_143_13:   [xilinx-label-all-loops]
        for (int d = 0; d < 16; d++) {
        ^~~
        VITIS_LOOP_143_13: 
/home/cym/prj2/finn/notebooks/icl_thesis-master/experiments/imgds_linear_sparse/stage2_dense_hls_baselines/q16_s0/hls/imgds_linear_dense_q16/solution1/.autopilot/db/imgds_linear_dense_q16.pp.0.cpp:12871:9: note: FIX-IT applied suggested code changes
/home/cym/prj2/finn/notebooks/icl_thesis-master/experiments/imgds_linear_sparse/stage2_dense_hls_baselines/q16_s0/hls/imgds_linear_dense_q16/solution1/.autopilot/db/imgds_linear_dense_q16.pp.0.cpp:12874:13: warning: Added loop label VITIS_LOOP_146_14:   [xilinx-label-all-loops]
            for (int i = 0; i < 16; i++) {
            ^~~
            VITIS_LOOP_146_14: 
/home/cym/prj2/finn/notebooks/icl_thesis-master/experiments/imgds_linear_sparse/stage2_dense_hls_baselines/q16_s0/hls/imgds_linear_dense_q16/solution1/.autopilot/db/imgds_linear_dense_q16.pp.0.cpp:12874:13: note: FIX-IT applied suggested code changes
/home/cym/prj2/finn/notebooks/icl_thesis-master/experiments/imgds_linear_sparse/stage2_dense_hls_baselines/q16_s0/hls/imgds_linear_dense_q16/solution1/.autopilot/db/imgds_linear_dense_q16.pp.0.cpp:12890:5: warning: Added loop label VITIS_LOOP_162_1:   [xilinx-label-all-loops]
    for (int pos = 0; pos < 16; pos++) {
    ^~~
    VITIS_LOOP_162_1: 
/home/cym/prj2/finn/notebooks/icl_thesis-master/experiments/imgds_linear_sparse/stage2_dense_hls_baselines/q16_s0/hls/imgds_linear_dense_q16/solution1/.autopilot/db/imgds_linear_dense_q16.pp.0.cpp:12890:5: note: FIX-IT applied suggested code changes
/home/cym/prj2/finn/notebooks/icl_thesis-master/experiments/imgds_linear_sparse/stage2_dense_hls_baselines/q16_s0/hls/imgds_linear_dense_q16/solution1/.autopilot/db/imgds_linear_dense_q16.pp.0.cpp:12894:2: warning: Added loop label VITIS_LOOP_166_2:   [xilinx-label-all-loops]
 for (int d = 0; d < 32; d++) {
 ^~~
 VITIS_LOOP_166_2: 
/home/cym/prj2/finn/notebooks/icl_thesis-master/experiments/imgds_linear_sparse/stage2_dense_hls_baselines/q16_s0/hls/imgds_linear_dense_q16/solution1/.autopilot/db/imgds_linear_dense_q16.pp.0.cpp:12894:2: note: FIX-IT applied suggested code changes
/home/cym/prj2/finn/notebooks/icl_thesis-master/experiments/imgds_linear_sparse/stage2_dense_hls_baselines/q16_s0/hls/imgds_linear_dense_q16/solution1/.autopilot/db/imgds_linear_dense_q16.pp.0.cpp:12897:13: warning: Added loop label VITIS_LOOP_169_3:   [xilinx-label-all-loops]
            for (int i = 0; i < 16; i++) {
            ^~~
            VITIS_LOOP_169_3: 
/home/cym/prj2/finn/notebooks/icl_thesis-master/experiments/imgds_linear_sparse/stage2_dense_hls_baselines/q16_s0/hls/imgds_linear_dense_q16/solution1/.autopilot/db/imgds_linear_dense_q16.pp.0.cpp:12897:13: note: FIX-IT applied suggested code changes
/home/cym/prj2/finn/notebooks/icl_thesis-master/experiments/imgds_linear_sparse/stage2_dense_hls_baselines/q16_s0/hls/imgds_linear_dense_q16/solution1/.autopilot/db/imgds_linear_dense_q16.pp.0.cpp:12908:2: warning: Added loop label VITIS_LOOP_180_4:   [xilinx-label-all-loops]
 for (int d = 0; d < 16; d++) {
 ^~~
 VITIS_LOOP_180_4: 
/home/cym/prj2/finn/notebooks/icl_thesis-master/experiments/imgds_linear_sparse/stage2_dense_hls_baselines/q16_s0/hls/imgds_linear_dense_q16/solution1/.autopilot/db/imgds_linear_dense_q16.pp.0.cpp:12908:2: note: FIX-IT applied suggested code changes
/home/cym/prj2/finn/notebooks/icl_thesis-master/experiments/imgds_linear_sparse/stage2_dense_hls_baselines/q16_s0/hls/imgds_linear_dense_q16/solution1/.autopilot/db/imgds_linear_dense_q16.pp.0.cpp:12911:13: warning: Added loop label VITIS_LOOP_183_5:   [xilinx-label-all-loops]
            for (int i = 0; i < 32; i++) {
            ^~~
            VITIS_LOOP_183_5: 
/home/cym/prj2/finn/notebooks/icl_thesis-master/experiments/imgds_linear_sparse/stage2_dense_hls_baselines/q16_s0/hls/imgds_linear_dense_q16/solution1/.autopilot/db/imgds_linear_dense_q16.pp.0.cpp:12911:13: note: FIX-IT applied suggested code changes
/home/cym/prj2/finn/notebooks/icl_thesis-master/experiments/imgds_linear_sparse/stage2_dense_hls_baselines/q16_s0/hls/imgds_linear_dense_q16/solution1/.autopilot/db/imgds_linear_dense_q16.pp.0.cpp:12918:9: warning: Added loop label VITIS_LOOP_190_6:   [xilinx-label-all-loops]
        for (int d = 0; d < 16; d++) {
        ^~~
        VITIS_LOOP_190_6: 
/home/cym/prj2/finn/notebooks/icl_thesis-master/experiments/imgds_linear_sparse/stage2_dense_hls_baselines/q16_s0/hls/imgds_linear_dense_q16/solution1/.autopilot/db/imgds_linear_dense_q16.pp.0.cpp:12918:9: note: FIX-IT applied suggested code changes
/home/cym/prj2/finn/notebooks/icl_thesis-master/experiments/imgds_linear_sparse/stage2_dense_hls_baselines/q16_s0/hls/imgds_linear_dense_q16/solution1/.autopilot/db/imgds_linear_dense_q16.pp.0.cpp:12943:2: warning: Added loop label VITIS_LOOP_211_1:   [xilinx-label-all-loops]
 for (int s = 0; s < 16; s++) {
 ^~~
 VITIS_LOOP_211_1: 
/home/cym/prj2/finn/notebooks/icl_thesis-master/experiments/imgds_linear_sparse/stage2_dense_hls_baselines/q16_s0/hls/imgds_linear_dense_q16/solution1/.autopilot/db/imgds_linear_dense_q16.pp.0.cpp:12943:2: note: FIX-IT applied suggested code changes
/home/cym/prj2/finn/notebooks/icl_thesis-master/experiments/imgds_linear_sparse/stage2_dense_hls_baselines/q16_s0/hls/imgds_linear_dense_q16/solution1/.autopilot/db/imgds_linear_dense_q16.pp.0.cpp:12944:9: warning: Added loop label VITIS_LOOP_212_2:   [xilinx-label-all-loops]
        for (int d = 0; d < 16; d++) {
        ^~~
        VITIS_LOOP_212_2: 
/home/cym/prj2/finn/notebooks/icl_thesis-master/experiments/imgds_linear_sparse/stage2_dense_hls_baselines/q16_s0/hls/imgds_linear_dense_q16/solution1/.autopilot/db/imgds_linear_dense_q16.pp.0.cpp:12944:9: note: FIX-IT applied suggested code changes
/home/cym/prj2/finn/notebooks/icl_thesis-master/experiments/imgds_linear_sparse/stage2_dense_hls_baselines/q16_s0/hls/imgds_linear_dense_q16/solution1/.autopilot/db/imgds_linear_dense_q16.pp.0.cpp:12947:13: warning: Added loop label VITIS_LOOP_215_3:   [xilinx-label-all-loops]
            for (int i = 0; i < 64; i++) {
            ^~~
            VITIS_LOOP_215_3: 
/home/cym/prj2/finn/notebooks/icl_thesis-master/experiments/imgds_linear_sparse/stage2_dense_hls_baselines/q16_s0/hls/imgds_linear_dense_q16/solution1/.autopilot/db/imgds_linear_dense_q16.pp.0.cpp:12947:13: note: FIX-IT applied suggested code changes
/home/cym/prj2/finn/notebooks/icl_thesis-master/experiments/imgds_linear_sparse/stage2_dense_hls_baselines/q16_s0/hls/imgds_linear_dense_q16/solution1/.autopilot/db/imgds_linear_dense_q16.pp.0.cpp:12963:2: warning: Added loop label VITIS_LOOP_231_4:   [xilinx-label-all-loops]
 for (int i = 0; i < 16; i++) {
 ^~~
 VITIS_LOOP_231_4: 
/home/cym/prj2/finn/notebooks/icl_thesis-master/experiments/imgds_linear_sparse/stage2_dense_hls_baselines/q16_s0/hls/imgds_linear_dense_q16/solution1/.autopilot/db/imgds_linear_dense_q16.pp.0.cpp:12963:2: note: FIX-IT applied suggested code changes
/home/cym/prj2/finn/notebooks/icl_thesis-master/experiments/imgds_linear_sparse/stage2_dense_hls_baselines/q16_s0/hls/imgds_linear_dense_q16/solution1/.autopilot/db/imgds_linear_dense_q16.pp.0.cpp:12964:9: warning: Added loop label VITIS_LOOP_232_5:   [xilinx-label-all-loops]
        for (int j = 0; j < 16; j++) {
        ^~~
        VITIS_LOOP_232_5: 
/home/cym/prj2/finn/notebooks/icl_thesis-master/experiments/imgds_linear_sparse/stage2_dense_hls_baselines/q16_s0/hls/imgds_linear_dense_q16/solution1/.autopilot/db/imgds_linear_dense_q16.pp.0.cpp:12964:9: note: FIX-IT applied suggested code changes
/home/cym/prj2/finn/notebooks/icl_thesis-master/experiments/imgds_linear_sparse/stage2_dense_hls_baselines/q16_s0/hls/imgds_linear_dense_q16/solution1/.autopilot/db/imgds_linear_dense_q16.pp.0.cpp:12974:5: warning: Added loop label VITIS_LOOP_242_6:   [xilinx-label-all-loops]
    for (int s = 0; s < 16; s++)
    ^~~
    VITIS_LOOP_242_6: 
/home/cym/prj2/finn/notebooks/icl_thesis-master/experiments/imgds_linear_sparse/stage2_dense_hls_baselines/q16_s0/hls/imgds_linear_dense_q16/solution1/.autopilot/db/imgds_linear_dense_q16.pp.0.cpp:12974:5: note: FIX-IT applied suggested code changes
/home/cym/prj2/finn/notebooks/icl_thesis-master/experiments/imgds_linear_sparse/stage2_dense_hls_baselines/q16_s0/hls/imgds_linear_dense_q16/solution1/.autopilot/db/imgds_linear_dense_q16.pp.0.cpp:12982:2: warning: Added loop label VITIS_LOOP_250_7:   [xilinx-label-all-loops]
 for (int i = 0; i < 32; i++)
 ^~~
 VITIS_LOOP_250_7: 
/home/cym/prj2/finn/notebooks/icl_thesis-master/experiments/imgds_linear_sparse/stage2_dense_hls_baselines/q16_s0/hls/imgds_linear_dense_q16/solution1/.autopilot/db/imgds_linear_dense_q16.pp.0.cpp:12982:2: note: FIX-IT applied suggested code changes
/home/cym/prj2/finn/notebooks/icl_thesis-master/experiments/imgds_linear_sparse/stage2_dense_hls_baselines/q16_s0/hls/imgds_linear_dense_q16/solution1/.autopilot/db/imgds_linear_dense_q16.pp.0.cpp:12983:9: warning: Added loop label VITIS_LOOP_251_8:   [xilinx-label-all-loops]
        for (int j = 0; j < 16; j++)
        ^~~
        VITIS_LOOP_251_8: 
/home/cym/prj2/finn/notebooks/icl_thesis-master/experiments/imgds_linear_sparse/stage2_dense_hls_baselines/q16_s0/hls/imgds_linear_dense_q16/solution1/.autopilot/db/imgds_linear_dense_q16.pp.0.cpp:12983:9: note: FIX-IT applied suggested code changes
/home/cym/prj2/finn/notebooks/icl_thesis-master/experiments/imgds_linear_sparse/stage2_dense_hls_baselines/q16_s0/hls/imgds_linear_dense_q16/solution1/.autopilot/db/imgds_linear_dense_q16.pp.0.cpp:12985:5: warning: Added loop label VITIS_LOOP_253_9:   [xilinx-label-all-loops]
    for (int i = 0; i < 16; i++)
    ^~~
    VITIS_LOOP_253_9: 
/home/cym/prj2/finn/notebooks/icl_thesis-master/experiments/imgds_linear_sparse/stage2_dense_hls_baselines/q16_s0/hls/imgds_linear_dense_q16/solution1/.autopilot/db/imgds_linear_dense_q16.pp.0.cpp:12985:5: note: FIX-IT applied suggested code changes
/home/cym/prj2/finn/notebooks/icl_thesis-master/experiments/imgds_linear_sparse/stage2_dense_hls_baselines/q16_s0/hls/imgds_linear_dense_q16/solution1/.autopilot/db/imgds_linear_dense_q16.pp.0.cpp:12986:9: warning: Added loop label VITIS_LOOP_254_10:   [xilinx-label-all-loops]
        for (int j = 0; j < 32; j++)
        ^~~
        VITIS_LOOP_254_10: 
/home/cym/prj2/finn/notebooks/icl_thesis-master/experiments/imgds_linear_sparse/stage2_dense_hls_baselines/q16_s0/hls/imgds_linear_dense_q16/solution1/.autopilot/db/imgds_linear_dense_q16.pp.0.cpp:12986:9: note: FIX-IT applied suggested code changes
/home/cym/prj2/finn/notebooks/icl_thesis-master/experiments/imgds_linear_sparse/stage2_dense_hls_baselines/q16_s0/hls/imgds_linear_dense_q16/solution1/.autopilot/db/imgds_linear_dense_q16.pp.0.cpp:12991:5: warning: Added loop label VITIS_LOOP_259_11:   [xilinx-label-all-loops]
    for (int s = 0; s < 16; s++)
    ^~~
    VITIS_LOOP_259_11: 
/home/cym/prj2/finn/notebooks/icl_thesis-master/experiments/imgds_linear_sparse/stage2_dense_hls_baselines/q16_s0/hls/imgds_linear_dense_q16/solution1/.autopilot/db/imgds_linear_dense_q16.pp.0.cpp:12991:5: note: FIX-IT applied suggested code changes
/home/cym/prj2/finn/notebooks/icl_thesis-master/experiments/imgds_linear_sparse/stage2_dense_hls_baselines/q16_s0/hls/imgds_linear_dense_q16/solution1/.autopilot/db/imgds_linear_dense_q16.pp.0.cpp:12997:2: warning: Added loop label VITIS_LOOP_265_12:   [xilinx-label-all-loops]
 for (int d = 0; d < 16; d++) {
 ^~~
 VITIS_LOOP_265_12: 
/home/cym/prj2/finn/notebooks/icl_thesis-master/experiments/imgds_linear_sparse/stage2_dense_hls_baselines/q16_s0/hls/imgds_linear_dense_q16/solution1/.autopilot/db/imgds_linear_dense_q16.pp.0.cpp:12997:2: note: FIX-IT applied suggested code changes
/home/cym/prj2/finn/notebooks/icl_thesis-master/experiments/imgds_linear_sparse/stage2_dense_hls_baselines/q16_s0/hls/imgds_linear_dense_q16/solution1/.autopilot/db/imgds_linear_dense_q16.pp.0.cpp:13000:9: warning: Added loop label VITIS_LOOP_268_13:   [xilinx-label-all-loops]
        for (int pos = 0; pos < 16; pos++) {
        ^~~
        VITIS_LOOP_268_13: 
/home/cym/prj2/finn/notebooks/icl_thesis-master/experiments/imgds_linear_sparse/stage2_dense_hls_baselines/q16_s0/hls/imgds_linear_dense_q16/solution1/.autopilot/db/imgds_linear_dense_q16.pp.0.cpp:13000:9: note: FIX-IT applied suggested code changes
/home/cym/prj2/finn/notebooks/icl_thesis-master/experiments/imgds_linear_sparse/stage2_dense_hls_baselines/q16_s0/hls/imgds_linear_dense_q16/solution1/.autopilot/db/imgds_linear_dense_q16.pp.0.cpp:13008:5: warning: Added loop label VITIS_LOOP_276_14:   [xilinx-label-all-loops]
    for (int c = 0; c < 2; c++) {
    ^~~
    VITIS_LOOP_276_14: 
/home/cym/prj2/finn/notebooks/icl_thesis-master/experiments/imgds_linear_sparse/stage2_dense_hls_baselines/q16_s0/hls/imgds_linear_dense_q16/solution1/.autopilot/db/imgds_linear_dense_q16.pp.0.cpp:13008:5: note: FIX-IT applied suggested code changes
/home/cym/prj2/finn/notebooks/icl_thesis-master/experiments/imgds_linear_sparse/stage2_dense_hls_baselines/q16_s0/hls/imgds_linear_dense_q16/solution1/.autopilot/db/imgds_linear_dense_q16.pp.0.cpp:13011:9: warning: Added loop label VITIS_LOOP_279_15:   [xilinx-label-all-loops]
        for (int d = 0; d < 16; d++) {
        ^~~
        VITIS_LOOP_279_15: 
/home/cym/prj2/finn/notebooks/icl_thesis-master/experiments/imgds_linear_sparse/stage2_dense_hls_baselines/q16_s0/hls/imgds_linear_dense_q16/solution1/.autopilot/db/imgds_linear_dense_q16.pp.0.cpp:13011:9: note: FIX-IT applied suggested code changes
