

================================================================
== Vitis HLS Report for 'linear_attention_q16_Pipeline_VITIS_LOOP_146_143'
================================================================
* Date:           Tue Jun 30 20:38:53 2026

* Version:        2022.2 (Build 3670227 on Oct 13 2022)
* Project:        imgds_linear_dense_q16
* Solution:       solution1 (Vivado IP Flow Target)
* Product family: zynq
* Target device:  xc7z020-clg400-1


================================================================
== Performance Estimates
================================================================
+ Timing: 
    * Summary: 
    +--------+----------+----------+------------+
    |  Clock |  Target  | Estimated| Uncertainty|
    +--------+----------+----------+------------+
    |ap_clk  |  10.00 ns|  3.688 ns|     2.70 ns|
    +--------+----------+----------+------------+

+ Latency: 
    * Summary: 
    +---------+---------+----------+----------+-----+-----+---------+
    |  Latency (cycles) |  Latency (absolute) |  Interval | Pipeline|
    |   min   |   max   |    min   |    max   | min | max |   Type  |
    +---------+---------+----------+----------+-----+-----+---------+
    |       20|       20|  0.200 us|  0.200 us|   20|   20|       no|
    +---------+---------+----------+----------+-----+-----+---------+

    + Detail: 
        * Instance: 
        N/A

        * Loop: 
        +---------------------+---------+---------+----------+-----------+-----------+------+----------+
        |                     |  Latency (cycles) | Iteration|  Initiation Interval  | Trip |          |
        |      Loop Name      |   min   |   max   |  Latency |  achieved |   target  | Count| Pipelined|
        +---------------------+---------+---------+----------+-----------+-----------+------+----------+
        |- VITIS_LOOP_146_14  |       18|       18|         4|          1|          1|    16|       yes|
        +---------------------+---------+---------+----------+-----------+-----------+------+----------+



================================================================
== Utilization Estimates
================================================================
* Summary: 
+-----------------+---------+-----+--------+-------+-----+
|       Name      | BRAM_18K| DSP |   FF   |  LUT  | URAM|
+-----------------+---------+-----+--------+-------+-----+
|DSP              |        -|    1|       -|      -|    -|
|Expression       |        -|    -|       0|     25|    -|
|FIFO             |        -|    -|       -|      -|    -|
|Instance         |        -|    -|       0|    130|    -|
|Memory           |        -|    -|       -|      -|    -|
|Multiplexer      |        -|    -|       -|     63|    -|
|Register         |        -|    -|      54|      -|    -|
+-----------------+---------+-----+--------+-------+-----+
|Total            |        0|    1|      54|    218|    0|
+-----------------+---------+-----+--------+-------+-----+
|Available        |      280|  220|  106400|  53200|    0|
+-----------------+---------+-----+--------+-------+-----+
|Utilization (%)  |        0|   ~0|      ~0|     ~0|    0|
+-----------------+---------+-----+--------+-------+-----+

+ Detail: 
    * Instance: 
    +-------------------------+-------------------+---------+----+---+----+-----+
    |         Instance        |       Module      | BRAM_18K| DSP| FF| LUT| URAM|
    +-------------------------+-------------------+---------+----+---+----+-----+
    |mux_164_16_1_1_U2795     |mux_164_16_1_1     |        0|   0|  0|  65|    0|
    |mux_164_16_1_1_x2_U2796  |mux_164_16_1_1_x2  |        0|   0|  0|  65|    0|
    +-------------------------+-------------------+---------+----+---+----+-----+
    |Total                    |                   |        0|   0|  0| 130|    0|
    +-------------------------+-------------------+---------+----+---+----+-----+

    * DSP: 
    +--------------------------------------+--------------------------------+--------------+
    |               Instance               |             Module             |  Expression  |
    +--------------------------------------+--------------------------------+--------------+
    |mac_muladd_16s_16s_30ns_30_4_1_U2797  |mac_muladd_16s_16s_30ns_30_4_1  |  i0 + i1 * i2|
    +--------------------------------------+--------------------------------+--------------+

    * Memory: 
    N/A

    * FIFO: 
    N/A

    * Expression: 
    +----------------------+----------+----+---+----+------------+------------+
    |     Variable Name    | Operation| DSP| FF| LUT| Bitwidth P0| Bitwidth P1|
    +----------------------+----------+----+---+----+------------+------------+
    |add_ln146_fu_253_p2   |         +|   0|  0|  13|           5|           1|
    |icmp_ln146_fu_247_p2  |      icmp|   0|  0|  10|           5|           6|
    |ap_enable_pp0         |       xor|   0|  0|   2|           1|           2|
    +----------------------+----------+----+---+----+------------+------------+
    |Total                 |          |   0|  0|  25|          11|           9|
    +----------------------+----------+----+---+----+------------+------------+

    * Multiplexer: 
    +---------------------------+----+-----------+-----+-----------+
    |            Name           | LUT| Input Size| Bits| Total Bits|
    +---------------------------+----+-----------+-----+-----------+
    |ap_done_int                |   9|          2|    1|          2|
    |ap_enable_reg_pp0_iter1    |   9|          2|    1|          2|
    |ap_sig_allocacmp_i         |   9|          2|    5|         10|
    |ap_sig_allocacmp_lhs_load  |   9|          2|   24|         48|
    |i_3_fu_122                 |   9|          2|    5|         10|
    |lhs_fu_118                 |   9|          2|   24|         48|
    |phi_ln818_3_fu_114         |   9|          2|   16|         32|
    +---------------------------+----+-----------+-----+-----------+
    |Total                      |  63|         14|   76|        152|
    +---------------------------+----+-----------+-----+-----------+

    * Register: 
    +----------------------------------+----+----+-----+-----------+
    |               Name               | FF | LUT| Bits| Const Bits|
    +----------------------------------+----+----+-----+-----------+
    |ap_CS_fsm                         |   1|   0|    1|          0|
    |ap_done_reg                       |   1|   0|    1|          0|
    |ap_enable_reg_pp0_iter1           |   1|   0|    1|          0|
    |ap_enable_reg_pp0_iter2           |   1|   0|    1|          0|
    |ap_enable_reg_pp0_iter3           |   1|   0|    1|          0|
    |ap_loop_exit_ready_pp0_iter1_reg  |   1|   0|    1|          0|
    |ap_loop_exit_ready_pp0_iter2_reg  |   1|   0|    1|          0|
    |i_3_fu_122                        |   5|   0|    5|          0|
    |icmp_ln146_reg_426                |   1|   0|    1|          0|
    |icmp_ln146_reg_426_pp0_iter1_reg  |   1|   0|    1|          0|
    |lhs_fu_118                        |  24|   0|   24|          0|
    |phi_ln818_3_fu_114                |  16|   0|   16|          0|
    +----------------------------------+----+----+-----+-----------+
    |Total                             |  54|   0|   54|          0|
    +----------------------------------+----+----+-----+-----------+



================================================================
== Interface
================================================================
* Summary: 
+------------------------+-----+-----+------------+--------------------------------------------------+--------------+
|        RTL Ports       | Dir | Bits|  Protocol  |                   Source Object                  |    C Type    |
+------------------------+-----+-----+------------+--------------------------------------------------+--------------+
|ap_clk                  |   in|    1|  ap_ctrl_hs|  linear_attention_q16_Pipeline_VITIS_LOOP_146_143|  return value|
|ap_rst                  |   in|    1|  ap_ctrl_hs|  linear_attention_q16_Pipeline_VITIS_LOOP_146_143|  return value|
|ap_start                |   in|    1|  ap_ctrl_hs|  linear_attention_q16_Pipeline_VITIS_LOOP_146_143|  return value|
|ap_done                 |  out|    1|  ap_ctrl_hs|  linear_attention_q16_Pipeline_VITIS_LOOP_146_143|  return value|
|ap_idle                 |  out|    1|  ap_ctrl_hs|  linear_attention_q16_Pipeline_VITIS_LOOP_146_143|  return value|
|ap_ready                |  out|    1|  ap_ctrl_hs|  linear_attention_q16_Pipeline_VITIS_LOOP_146_143|  return value|
|attended_V_reload       |   in|   16|     ap_none|                                 attended_V_reload|        scalar|
|attended_V_1_reload     |   in|   16|     ap_none|                               attended_V_1_reload|        scalar|
|attended_V_2_reload     |   in|   16|     ap_none|                               attended_V_2_reload|        scalar|
|attended_V_3_reload     |   in|   16|     ap_none|                               attended_V_3_reload|        scalar|
|attended_V_4_reload     |   in|   16|     ap_none|                               attended_V_4_reload|        scalar|
|attended_V_5_reload     |   in|   16|     ap_none|                               attended_V_5_reload|        scalar|
|attended_V_6_reload     |   in|   16|     ap_none|                               attended_V_6_reload|        scalar|
|attended_V_7_reload     |   in|   16|     ap_none|                               attended_V_7_reload|        scalar|
|attended_V_8_reload     |   in|   16|     ap_none|                               attended_V_8_reload|        scalar|
|attended_V_9_reload     |   in|   16|     ap_none|                               attended_V_9_reload|        scalar|
|attended_V_10_reload    |   in|   16|     ap_none|                              attended_V_10_reload|        scalar|
|attended_V_11_reload    |   in|   16|     ap_none|                              attended_V_11_reload|        scalar|
|attended_V_12_reload    |   in|   16|     ap_none|                              attended_V_12_reload|        scalar|
|attended_V_13_reload    |   in|   16|     ap_none|                              attended_V_13_reload|        scalar|
|attended_V_14_reload    |   in|   16|     ap_none|                              attended_V_14_reload|        scalar|
|attended_V_15_reload    |   in|   16|     ap_none|                              attended_V_15_reload|        scalar|
|phi_ln818_3_out         |  out|   16|      ap_vld|                                   phi_ln818_3_out|       pointer|
|phi_ln818_3_out_ap_vld  |  out|    1|      ap_vld|                                   phi_ln818_3_out|       pointer|
+------------------------+-----+-----+------------+--------------------------------------------------+--------------+

============================================================
+ Verbose Summary: Synthesis Manager
============================================================
InlineROM: 1
ExposeGlobal: 0
============================================================
+ Verbose Summary: CDFG Model
============================================================
IsTopModel: 0
ResetActiveHigh: 1
IsCombinational: 2
IsDatapathOnly: 2
HasWiredReturn: 1
HasMFsm: 2
HasVarLatency: 1
IsPipeline: 0
IsRtlPipelined: 0
IsInstanceOverlapped: 0
IsDontTouch: 0
HasImplIP: 0
IsGatedGlobalClock: 0

+ Individual pipeline summary: 
  * Pipeline-0: initiation interval (II) = 1, depth = 4


============================================================
+ Verbose Summary: Schedule
============================================================
* Number of FSM states : 4
* Pipeline : 1
  Pipeline-0 : II = 1, D = 4, States = { 1 2 3 4 }
* Dataflow Pipeline: 0

* FSM state transitions: 
1 --> 2 
2 --> 3 
3 --> 4 
4 --> 

* FSM state operations: 

State 1 <SV = 0> <Delay = 3.36>
ST_1 : Operation 7 [1/1] (0.00ns)   --->   "%phi_ln818_3 = alloca i32 1"   --->   Operation 7 'alloca' 'phi_ln818_3' <Predicate = true> <Delay = 0.00>
ST_1 : Operation 8 [1/1] (0.00ns)   --->   "%lhs = alloca i32 1"   --->   Operation 8 'alloca' 'lhs' <Predicate = true> <Delay = 0.00>
ST_1 : Operation 9 [1/1] (0.00ns)   --->   "%i_3 = alloca i32 1"   --->   Operation 9 'alloca' 'i_3' <Predicate = true> <Delay = 0.00>
ST_1 : Operation 10 [1/1] (0.00ns)   --->   "%attended_V_15_reload_read = read i16 @_ssdm_op_Read.ap_auto.i16, i16 %attended_V_15_reload"   --->   Operation 10 'read' 'attended_V_15_reload_read' <Predicate = true> <Delay = 0.00>
ST_1 : Operation 11 [1/1] (0.00ns)   --->   "%attended_V_14_reload_read = read i16 @_ssdm_op_Read.ap_auto.i16, i16 %attended_V_14_reload"   --->   Operation 11 'read' 'attended_V_14_reload_read' <Predicate = true> <Delay = 0.00>
ST_1 : Operation 12 [1/1] (0.00ns)   --->   "%attended_V_13_reload_read = read i16 @_ssdm_op_Read.ap_auto.i16, i16 %attended_V_13_reload"   --->   Operation 12 'read' 'attended_V_13_reload_read' <Predicate = true> <Delay = 0.00>
ST_1 : Operation 13 [1/1] (0.00ns)   --->   "%attended_V_12_reload_read = read i16 @_ssdm_op_Read.ap_auto.i16, i16 %attended_V_12_reload"   --->   Operation 13 'read' 'attended_V_12_reload_read' <Predicate = true> <Delay = 0.00>
ST_1 : Operation 14 [1/1] (0.00ns)   --->   "%attended_V_11_reload_read = read i16 @_ssdm_op_Read.ap_auto.i16, i16 %attended_V_11_reload"   --->   Operation 14 'read' 'attended_V_11_reload_read' <Predicate = true> <Delay = 0.00>
ST_1 : Operation 15 [1/1] (0.00ns)   --->   "%attended_V_10_reload_read = read i16 @_ssdm_op_Read.ap_auto.i16, i16 %attended_V_10_reload"   --->   Operation 15 'read' 'attended_V_10_reload_read' <Predicate = true> <Delay = 0.00>
ST_1 : Operation 16 [1/1] (0.00ns)   --->   "%attended_V_9_reload_read = read i16 @_ssdm_op_Read.ap_auto.i16, i16 %attended_V_9_reload"   --->   Operation 16 'read' 'attended_V_9_reload_read' <Predicate = true> <Delay = 0.00>
ST_1 : Operation 17 [1/1] (0.00ns)   --->   "%attended_V_8_reload_read = read i16 @_ssdm_op_Read.ap_auto.i16, i16 %attended_V_8_reload"   --->   Operation 17 'read' 'attended_V_8_reload_read' <Predicate = true> <Delay = 0.00>
ST_1 : Operation 18 [1/1] (0.00ns)   --->   "%attended_V_7_reload_read = read i16 @_ssdm_op_Read.ap_auto.i16, i16 %attended_V_7_reload"   --->   Operation 18 'read' 'attended_V_7_reload_read' <Predicate = true> <Delay = 0.00>
ST_1 : Operation 19 [1/1] (0.00ns)   --->   "%attended_V_6_reload_read = read i16 @_ssdm_op_Read.ap_auto.i16, i16 %attended_V_6_reload"   --->   Operation 19 'read' 'attended_V_6_reload_read' <Predicate = true> <Delay = 0.00>
ST_1 : Operation 20 [1/1] (0.00ns)   --->   "%attended_V_5_reload_read = read i16 @_ssdm_op_Read.ap_auto.i16, i16 %attended_V_5_reload"   --->   Operation 20 'read' 'attended_V_5_reload_read' <Predicate = true> <Delay = 0.00>
ST_1 : Operation 21 [1/1] (0.00ns)   --->   "%attended_V_4_reload_read = read i16 @_ssdm_op_Read.ap_auto.i16, i16 %attended_V_4_reload"   --->   Operation 21 'read' 'attended_V_4_reload_read' <Predicate = true> <Delay = 0.00>
ST_1 : Operation 22 [1/1] (0.00ns)   --->   "%attended_V_3_reload_read = read i16 @_ssdm_op_Read.ap_auto.i16, i16 %attended_V_3_reload"   --->   Operation 22 'read' 'attended_V_3_reload_read' <Predicate = true> <Delay = 0.00>
ST_1 : Operation 23 [1/1] (0.00ns)   --->   "%attended_V_2_reload_read = read i16 @_ssdm_op_Read.ap_auto.i16, i16 %attended_V_2_reload"   --->   Operation 23 'read' 'attended_V_2_reload_read' <Predicate = true> <Delay = 0.00>
ST_1 : Operation 24 [1/1] (0.00ns)   --->   "%attended_V_1_reload_read = read i16 @_ssdm_op_Read.ap_auto.i16, i16 %attended_V_1_reload"   --->   Operation 24 'read' 'attended_V_1_reload_read' <Predicate = true> <Delay = 0.00>
ST_1 : Operation 25 [1/1] (0.00ns)   --->   "%attended_V_reload_read = read i16 @_ssdm_op_Read.ap_auto.i16, i16 %attended_V_reload"   --->   Operation 25 'read' 'attended_V_reload_read' <Predicate = true> <Delay = 0.00>
ST_1 : Operation 26 [1/1] (1.58ns)   --->   "%store_ln0 = store i5 0, i5 %i_3"   --->   Operation 26 'store' 'store_ln0' <Predicate = true> <Delay = 1.58>
ST_1 : Operation 27 [1/1] (1.58ns)   --->   "%store_ln0 = store i24 16776896, i24 %lhs"   --->   Operation 27 'store' 'store_ln0' <Predicate = true> <Delay = 1.58>
ST_1 : Operation 28 [1/1] (1.58ns)   --->   "%store_ln0 = store i16 0, i16 %phi_ln818_3"   --->   Operation 28 'store' 'store_ln0' <Predicate = true> <Delay = 1.58>
ST_1 : Operation 29 [1/1] (0.00ns)   --->   "%br_ln0 = br void %for.body244.3"   --->   Operation 29 'br' 'br_ln0' <Predicate = true> <Delay = 0.00>
ST_1 : Operation 30 [1/1] (0.00ns)   --->   "%i = load i5 %i_3"   --->   Operation 30 'load' 'i' <Predicate = true> <Delay = 0.00>
ST_1 : Operation 31 [1/1] (0.00ns)   --->   "%specpipeline_ln0 = specpipeline void @_ssdm_op_SpecPipeline, i32 4294967295, i32 0, i32 1, i32 0, void @p_str"   --->   Operation 31 'specpipeline' 'specpipeline_ln0' <Predicate = true> <Delay = 0.00>
ST_1 : Operation 32 [1/1] (1.36ns)   --->   "%icmp_ln146 = icmp_eq  i5 %i, i5 16" [src/imgds_linear_dense_q16.cpp:146]   --->   Operation 32 'icmp' 'icmp_ln146' <Predicate = true> <Delay = 1.36> <CoreInst = "Cmp">   --->   Core 9 'Cmp' <Latency = 0> <II = 1> <Delay = 1.42> <FuncUnit> <Opcode : 'icmp'> <InPorts = 2> <OutPorts = 1>
ST_1 : Operation 33 [1/1] (0.00ns)   --->   "%empty = speclooptripcount i32 @_ssdm_op_SpecLoopTripCount, i64 16, i64 16, i64 16"   --->   Operation 33 'speclooptripcount' 'empty' <Predicate = true> <Delay = 0.00>
ST_1 : Operation 34 [1/1] (1.78ns)   --->   "%add_ln146 = add i5 %i, i5 1" [src/imgds_linear_dense_q16.cpp:146]   --->   Operation 34 'add' 'add_ln146' <Predicate = true> <Delay = 1.78> <CoreInst = "Adder">   --->   Core 1 'Adder' <Latency = 0> <II = 1> <Delay = 1.78> <FuncUnit> <Opcode : 'add' 'sub'> <InPorts = 2> <OutPorts = 1>
ST_1 : Operation 35 [1/1] (0.00ns)   --->   "%br_ln146 = br i1 %icmp_ln146, void %for.body244.3.split, void %for.end255.3.exitStub" [src/imgds_linear_dense_q16.cpp:146]   --->   Operation 35 'br' 'br_ln146' <Predicate = true> <Delay = 0.00>
ST_1 : Operation 36 [1/1] (0.00ns)   --->   "%trunc_ln1271 = trunc i5 %i"   --->   Operation 36 'trunc' 'trunc_ln1271' <Predicate = (!icmp_ln146)> <Delay = 0.00>
ST_1 : Operation 37 [1/1] (2.06ns)   --->   "%r_V = mux i16 @_ssdm_op_Mux.ap_auto.16i16.i4, i16 %attended_V_reload_read, i16 %attended_V_1_reload_read, i16 %attended_V_2_reload_read, i16 %attended_V_3_reload_read, i16 %attended_V_4_reload_read, i16 %attended_V_5_reload_read, i16 %attended_V_6_reload_read, i16 %attended_V_7_reload_read, i16 %attended_V_8_reload_read, i16 %attended_V_9_reload_read, i16 %attended_V_10_reload_read, i16 %attended_V_11_reload_read, i16 %attended_V_12_reload_read, i16 %attended_V_13_reload_read, i16 %attended_V_14_reload_read, i16 %attended_V_15_reload_read, i4 %trunc_ln1271"   --->   Operation 37 'mux' 'r_V' <Predicate = (!icmp_ln146)> <Delay = 2.06> <CoreInst = "Multiplexer">   --->   Core 76 'Multiplexer' <Latency = 0> <II = 1> <Delay = 2.06> <FuncUnit> <Opcode : 'mux'> <InPorts = 2> <OutPorts = 1>
ST_1 : Operation 38 [1/1] (0.00ns)   --->   "%sext_ln1347 = sext i16 %r_V"   --->   Operation 38 'sext' 'sext_ln1347' <Predicate = (!icmp_ln146)> <Delay = 0.00>
ST_1 : Operation 39 [1/1] (2.06ns)   --->   "%tmp_17 = mux i16 @_ssdm_op_Mux.ap_auto.16i16.i4, i16 377, i16 295, i16 195, i16 105, i16 65405, i16 65496, i16 65308, i16 361, i16 48, i16 65432, i16 65219, i16 48, i16 180, i16 448, i16 65302, i16 38, i4 %trunc_ln1271"   --->   Operation 39 'mux' 'tmp_17' <Predicate = (!icmp_ln146)> <Delay = 2.06> <CoreInst = "Multiplexer">   --->   Core 76 'Multiplexer' <Latency = 0> <II = 1> <Delay = 2.06> <FuncUnit> <Opcode : 'mux'> <InPorts = 2> <OutPorts = 1>
ST_1 : Operation 40 [1/1] (0.00ns)   --->   "%sext_ln1347_30 = sext i16 %tmp_17"   --->   Operation 40 'sext' 'sext_ln1347_30' <Predicate = (!icmp_ln146)> <Delay = 0.00>
ST_1 : Operation 41 [3/3] (1.05ns) (grouped into DSP with root node ret_V)   --->   "%mul_ln1347 = mul i30 %sext_ln1347_30, i30 %sext_ln1347"   --->   Operation 41 'mul' 'mul_ln1347' <Predicate = (!icmp_ln146)> <Delay = 1.05> <CoreInst = "DSP48">   --->   Core 119 'DSP48' <Latency = 3> <II = 1> <Delay = 2.15> <IPBlock> <Opcode : 'mul' 'add' 'sub' 'select'> <InPorts = 0> <OutPorts = 1> <Sync> <CReg>
ST_1 : Operation 42 [1/1] (1.58ns)   --->   "%store_ln146 = store i5 %add_ln146, i5 %i_3" [src/imgds_linear_dense_q16.cpp:146]   --->   Operation 42 'store' 'store_ln146' <Predicate = (!icmp_ln146)> <Delay = 1.58>

State 2 <SV = 1> <Delay = 1.05>
ST_2 : Operation 43 [2/3] (1.05ns) (grouped into DSP with root node ret_V)   --->   "%mul_ln1347 = mul i30 %sext_ln1347_30, i30 %sext_ln1347"   --->   Operation 43 'mul' 'mul_ln1347' <Predicate = true> <Delay = 1.05> <CoreInst = "DSP48">   --->   Core 119 'DSP48' <Latency = 3> <II = 1> <Delay = 2.15> <IPBlock> <Opcode : 'mul' 'add' 'sub' 'select'> <InPorts = 0> <OutPorts = 1> <Sync> <CReg>

State 3 <SV = 2> <Delay = 2.10>
ST_3 : Operation 44 [1/1] (0.00ns)   --->   "%lhs_load = load i24 %lhs"   --->   Operation 44 'load' 'lhs_load' <Predicate = true> <Delay = 0.00>
ST_3 : Operation 45 [1/3] (0.00ns) (grouped into DSP with root node ret_V)   --->   "%mul_ln1347 = mul i30 %sext_ln1347_30, i30 %sext_ln1347"   --->   Operation 45 'mul' 'mul_ln1347' <Predicate = true> <Delay = 0.00> <CoreInst = "DSP48">   --->   Core 119 'DSP48' <Latency = 3> <II = 1> <Delay = 2.15> <IPBlock> <Opcode : 'mul' 'add' 'sub' 'select'> <InPorts = 0> <OutPorts = 1> <Sync> <CReg>
ST_3 : Operation 46 [1/1] (0.00ns)   --->   "%lhs_248 = bitconcatenate i30 @_ssdm_op_BitConcatenate.i30.i24.i6, i24 %lhs_load, i6 0"   --->   Operation 46 'bitconcatenate' 'lhs_248' <Predicate = true> <Delay = 0.00>
ST_3 : Operation 47 [2/2] (2.10ns) (root node of the DSP)   --->   "%ret_V = add i30 %lhs_248, i30 %mul_ln1347"   --->   Operation 47 'add' 'ret_V' <Predicate = true> <Delay = 2.10> <CoreInst = "DSP48">   --->   Core 119 'DSP48' <Latency = 3> <II = 1> <Delay = 2.15> <IPBlock> <Opcode : 'mul' 'add' 'sub' 'select'> <InPorts = 0> <OutPorts = 1> <Sync> <CReg>
ST_3 : Operation 55 [1/1] (0.00ns)   --->   "%phi_ln818_3_load = load i16 %phi_ln818_3"   --->   Operation 55 'load' 'phi_ln818_3_load' <Predicate = (icmp_ln146)> <Delay = 0.00>
ST_3 : Operation 56 [1/1] (0.00ns)   --->   "%write_ln0 = write void @_ssdm_op_Write.ap_auto.i16P0A, i16 %phi_ln818_3_out, i16 %phi_ln818_3_load"   --->   Operation 56 'write' 'write_ln0' <Predicate = (icmp_ln146)> <Delay = 0.00>
ST_3 : Operation 57 [1/1] (0.00ns)   --->   "%ret_ln0 = ret"   --->   Operation 57 'ret' 'ret_ln0' <Predicate = (icmp_ln146)> <Delay = 0.00>

State 4 <SV = 3> <Delay = 3.68>
ST_4 : Operation 48 [1/1] (0.00ns)   --->   "%specloopname_ln145 = specloopname void @_ssdm_op_SpecLoopName, void @empty_12" [src/imgds_linear_dense_q16.cpp:145]   --->   Operation 48 'specloopname' 'specloopname_ln145' <Predicate = true> <Delay = 0.00>
ST_4 : Operation 49 [1/2] (2.10ns) (root node of the DSP)   --->   "%ret_V = add i30 %lhs_248, i30 %mul_ln1347"   --->   Operation 49 'add' 'ret_V' <Predicate = true> <Delay = 2.10> <CoreInst = "DSP48">   --->   Core 119 'DSP48' <Latency = 3> <II = 1> <Delay = 2.15> <IPBlock> <Opcode : 'mul' 'add' 'sub' 'select'> <InPorts = 0> <OutPorts = 1> <Sync> <CReg>
ST_4 : Operation 50 [1/1] (0.00ns)   --->   "%s_V = partselect i24 @_ssdm_op_PartSelect.i24.i30.i32.i32, i30 %ret_V, i32 6, i32 29"   --->   Operation 50 'partselect' 's_V' <Predicate = true> <Delay = 0.00>
ST_4 : Operation 51 [1/1] (0.00ns)   --->   "%trunc_ln146_3 = partselect i16 @_ssdm_op_PartSelect.i16.i30.i32.i32, i30 %ret_V, i32 10, i32 25" [src/imgds_linear_dense_q16.cpp:146]   --->   Operation 51 'partselect' 'trunc_ln146_3' <Predicate = true> <Delay = 0.00>
ST_4 : Operation 52 [1/1] (1.58ns)   --->   "%store_ln146 = store i24 %s_V, i24 %lhs" [src/imgds_linear_dense_q16.cpp:146]   --->   Operation 52 'store' 'store_ln146' <Predicate = true> <Delay = 1.58>
ST_4 : Operation 53 [1/1] (1.58ns)   --->   "%store_ln146 = store i16 %trunc_ln146_3, i16 %phi_ln818_3" [src/imgds_linear_dense_q16.cpp:146]   --->   Operation 53 'store' 'store_ln146' <Predicate = true> <Delay = 1.58>
ST_4 : Operation 54 [1/1] (0.00ns)   --->   "%br_ln146 = br void %for.body244.3" [src/imgds_linear_dense_q16.cpp:146]   --->   Operation 54 'br' 'br_ln146' <Predicate = true> <Delay = 0.00>


============================================================
+ Verbose Summary: Binding
============================================================
STG Binding: 
---------------- STG Properties BEGIN ----------------
- Is combinational: 0
- Is one-state seq: 0
- Is datapath-only: 0
- Is pipelined: 0
- Is top level: 0
Port [ Return ] is wired: 1; IO mode=ap_ctrl_hs:ce=0
Port [ attended_V_reload]:  wired=1; compound=0; hidden=0; nouse=0; global=0; static=0; extern=0; dir=0; type=0; pingpong=0; private_global=0; IO mode=ap_none:ce=0
Port [ attended_V_1_reload]:  wired=1; compound=0; hidden=0; nouse=0; global=0; static=0; extern=0; dir=0; type=0; pingpong=0; private_global=0; IO mode=ap_none:ce=0
Port [ attended_V_2_reload]:  wired=1; compound=0; hidden=0; nouse=0; global=0; static=0; extern=0; dir=0; type=0; pingpong=0; private_global=0; IO mode=ap_none:ce=0
Port [ attended_V_3_reload]:  wired=1; compound=0; hidden=0; nouse=0; global=0; static=0; extern=0; dir=0; type=0; pingpong=0; private_global=0; IO mode=ap_none:ce=0
Port [ attended_V_4_reload]:  wired=1; compound=0; hidden=0; nouse=0; global=0; static=0; extern=0; dir=0; type=0; pingpong=0; private_global=0; IO mode=ap_none:ce=0
Port [ attended_V_5_reload]:  wired=1; compound=0; hidden=0; nouse=0; global=0; static=0; extern=0; dir=0; type=0; pingpong=0; private_global=0; IO mode=ap_none:ce=0
Port [ attended_V_6_reload]:  wired=1; compound=0; hidden=0; nouse=0; global=0; static=0; extern=0; dir=0; type=0; pingpong=0; private_global=0; IO mode=ap_none:ce=0
Port [ attended_V_7_reload]:  wired=1; compound=0; hidden=0; nouse=0; global=0; static=0; extern=0; dir=0; type=0; pingpong=0; private_global=0; IO mode=ap_none:ce=0
Port [ attended_V_8_reload]:  wired=1; compound=0; hidden=0; nouse=0; global=0; static=0; extern=0; dir=0; type=0; pingpong=0; private_global=0; IO mode=ap_none:ce=0
Port [ attended_V_9_reload]:  wired=1; compound=0; hidden=0; nouse=0; global=0; static=0; extern=0; dir=0; type=0; pingpong=0; private_global=0; IO mode=ap_none:ce=0
Port [ attended_V_10_reload]:  wired=1; compound=0; hidden=0; nouse=0; global=0; static=0; extern=0; dir=0; type=0; pingpong=0; private_global=0; IO mode=ap_none:ce=0
Port [ attended_V_11_reload]:  wired=1; compound=0; hidden=0; nouse=0; global=0; static=0; extern=0; dir=0; type=0; pingpong=0; private_global=0; IO mode=ap_none:ce=0
Port [ attended_V_12_reload]:  wired=1; compound=0; hidden=0; nouse=0; global=0; static=0; extern=0; dir=0; type=0; pingpong=0; private_global=0; IO mode=ap_none:ce=0
Port [ attended_V_13_reload]:  wired=1; compound=0; hidden=0; nouse=0; global=0; static=0; extern=0; dir=0; type=0; pingpong=0; private_global=0; IO mode=ap_none:ce=0
Port [ attended_V_14_reload]:  wired=1; compound=0; hidden=0; nouse=0; global=0; static=0; extern=0; dir=0; type=0; pingpong=0; private_global=0; IO mode=ap_none:ce=0
Port [ attended_V_15_reload]:  wired=1; compound=0; hidden=0; nouse=0; global=0; static=0; extern=0; dir=0; type=0; pingpong=0; private_global=0; IO mode=ap_none:ce=0
Port [ phi_ln818_3_out]:  wired=1; compound=0; hidden=0; nouse=0; global=0; static=0; extern=0; dir=1; type=0; pingpong=0; private_global=0; IO mode=ap_vld:ce=0
---------------- STG Properties END ------------------

---------------- Datapath Model BEGIN ----------------

<LifeTime>
<method=bitvector/>
phi_ln818_3               (alloca           ) [ 01111]
lhs                       (alloca           ) [ 01111]
i_3                       (alloca           ) [ 01000]
attended_V_15_reload_read (read             ) [ 00000]
attended_V_14_reload_read (read             ) [ 00000]
attended_V_13_reload_read (read             ) [ 00000]
attended_V_12_reload_read (read             ) [ 00000]
attended_V_11_reload_read (read             ) [ 00000]
attended_V_10_reload_read (read             ) [ 00000]
attended_V_9_reload_read  (read             ) [ 00000]
attended_V_8_reload_read  (read             ) [ 00000]
attended_V_7_reload_read  (read             ) [ 00000]
attended_V_6_reload_read  (read             ) [ 00000]
attended_V_5_reload_read  (read             ) [ 00000]
attended_V_4_reload_read  (read             ) [ 00000]
attended_V_3_reload_read  (read             ) [ 00000]
attended_V_2_reload_read  (read             ) [ 00000]
attended_V_1_reload_read  (read             ) [ 00000]
attended_V_reload_read    (read             ) [ 00000]
store_ln0                 (store            ) [ 00000]
store_ln0                 (store            ) [ 00000]
store_ln0                 (store            ) [ 00000]
br_ln0                    (br               ) [ 00000]
i                         (load             ) [ 00000]
specpipeline_ln0          (specpipeline     ) [ 00000]
icmp_ln146                (icmp             ) [ 01110]
empty                     (speclooptripcount) [ 00000]
add_ln146                 (add              ) [ 00000]
br_ln146                  (br               ) [ 00000]
trunc_ln1271              (trunc            ) [ 00000]
r_V                       (mux              ) [ 00000]
sext_ln1347               (sext             ) [ 01110]
tmp_17                    (mux              ) [ 00000]
sext_ln1347_30            (sext             ) [ 01110]
store_ln146               (store            ) [ 00000]
lhs_load                  (load             ) [ 00000]
mul_ln1347                (mul              ) [ 01001]
lhs_248                   (bitconcatenate   ) [ 01001]
specloopname_ln145        (specloopname     ) [ 00000]
ret_V                     (add              ) [ 00000]
s_V                       (partselect       ) [ 00000]
trunc_ln146_3             (partselect       ) [ 00000]
store_ln146               (store            ) [ 00000]
store_ln146               (store            ) [ 00000]
br_ln146                  (br               ) [ 00000]
phi_ln818_3_load          (load             ) [ 00000]
write_ln0                 (write            ) [ 00000]
ret_ln0                   (ret              ) [ 00000]
</LifeTime>

<model>

<comp_list>
<comp id="0" class="1000" name="attended_V_reload">
<pin_list>
<pin id="1" dir="1" index="0" bw="1" slack="0"/>
</pin_list>
<bind>
<StgValue><ssdm name="attended_V_reload"/></StgValue>
</bind>
</comp>

<comp id="2" class="1000" name="attended_V_1_reload">
<pin_list>
<pin id="3" dir="1" index="0" bw="1" slack="0"/>
</pin_list>
<bind>
<StgValue><ssdm name="attended_V_1_reload"/></StgValue>
</bind>
</comp>

<comp id="4" class="1000" name="attended_V_2_reload">
<pin_list>
<pin id="5" dir="1" index="0" bw="1" slack="0"/>
</pin_list>
<bind>
<StgValue><ssdm name="attended_V_2_reload"/></StgValue>
</bind>
</comp>

<comp id="6" class="1000" name="attended_V_3_reload">
<pin_list>
<pin id="7" dir="1" index="0" bw="1" slack="0"/>
</pin_list>
<bind>
<StgValue><ssdm name="attended_V_3_reload"/></StgValue>
</bind>
</comp>

<comp id="8" class="1000" name="attended_V_4_reload">
<pin_list>
<pin id="9" dir="1" index="0" bw="1" slack="0"/>
</pin_list>
<bind>
<StgValue><ssdm name="attended_V_4_reload"/></StgValue>
</bind>
</comp>

<comp id="10" class="1000" name="attended_V_5_reload">
<pin_list>
<pin id="11" dir="1" index="0" bw="1" slack="0"/>
</pin_list>
<bind>
<StgValue><ssdm name="attended_V_5_reload"/></StgValue>
</bind>
</comp>

<comp id="12" class="1000" name="attended_V_6_reload">
<pin_list>
<pin id="13" dir="1" index="0" bw="1" slack="0"/>
</pin_list>
<bind>
<StgValue><ssdm name="attended_V_6_reload"/></StgValue>
</bind>
</comp>

<comp id="14" class="1000" name="attended_V_7_reload">
<pin_list>
<pin id="15" dir="1" index="0" bw="1" slack="0"/>
</pin_list>
<bind>
<StgValue><ssdm name="attended_V_7_reload"/></StgValue>
</bind>
</comp>

<comp id="16" class="1000" name="attended_V_8_reload">
<pin_list>
<pin id="17" dir="1" index="0" bw="1" slack="0"/>
</pin_list>
<bind>
<StgValue><ssdm name="attended_V_8_reload"/></StgValue>
</bind>
</comp>

<comp id="18" class="1000" name="attended_V_9_reload">
<pin_list>
<pin id="19" dir="1" index="0" bw="1" slack="0"/>
</pin_list>
<bind>
<StgValue><ssdm name="attended_V_9_reload"/></StgValue>
</bind>
</comp>

<comp id="20" class="1000" name="attended_V_10_reload">
<pin_list>
<pin id="21" dir="1" index="0" bw="1" slack="0"/>
</pin_list>
<bind>
<StgValue><ssdm name="attended_V_10_reload"/></StgValue>
</bind>
</comp>

<comp id="22" class="1000" name="attended_V_11_reload">
<pin_list>
<pin id="23" dir="1" index="0" bw="1" slack="0"/>
</pin_list>
<bind>
<StgValue><ssdm name="attended_V_11_reload"/></StgValue>
</bind>
</comp>

<comp id="24" class="1000" name="attended_V_12_reload">
<pin_list>
<pin id="25" dir="1" index="0" bw="1" slack="0"/>
</pin_list>
<bind>
<StgValue><ssdm name="attended_V_12_reload"/></StgValue>
</bind>
</comp>

<comp id="26" class="1000" name="attended_V_13_reload">
<pin_list>
<pin id="27" dir="1" index="0" bw="1" slack="0"/>
</pin_list>
<bind>
<StgValue><ssdm name="attended_V_13_reload"/></StgValue>
</bind>
</comp>

<comp id="28" class="1000" name="attended_V_14_reload">
<pin_list>
<pin id="29" dir="1" index="0" bw="1" slack="0"/>
</pin_list>
<bind>
<StgValue><ssdm name="attended_V_14_reload"/></StgValue>
</bind>
</comp>

<comp id="30" class="1000" name="attended_V_15_reload">
<pin_list>
<pin id="31" dir="1" index="0" bw="1" slack="0"/>
</pin_list>
<bind>
<StgValue><ssdm name="attended_V_15_reload"/></StgValue>
</bind>
</comp>

<comp id="32" class="1000" name="phi_ln818_3_out">
<pin_list>
<pin id="33" dir="1" index="0" bw="1" slack="0"/>
</pin_list>
<bind>
<StgValue><ssdm name="phi_ln818_3_out"/></StgValue>
</bind>
</comp>

<comp id="34" class="1001" name="const_34">
<pin_list>
<pin id="35" dir="1" index="0" bw="1" slack="0"/>
</pin_list>
<bind>
<StgValue><ssdm name=""/></StgValue>
</bind>
</comp>

<comp id="36" class="1001" name="const_36">
<pin_list>
<pin id="37" dir="1" index="0" bw="1" slack="0"/>
</pin_list>
<bind>
<StgValue><ssdm name="_ssdm_op_Read.ap_auto.i16"/></StgValue>
</bind>
</comp>

<comp id="38" class="1001" name="const_38">
<pin_list>
<pin id="39" dir="1" index="0" bw="1" slack="0"/>
</pin_list>
<bind>
<StgValue><ssdm name=""/></StgValue>
</bind>
</comp>

<comp id="40" class="1001" name="const_40">
<pin_list>
<pin id="41" dir="1" index="0" bw="1" slack="0"/>
</pin_list>
<bind>
<StgValue><ssdm name=""/></StgValue>
</bind>
</comp>

<comp id="42" class="1001" name="const_42">
<pin_list>
<pin id="43" dir="1" index="0" bw="1" slack="0"/>
</pin_list>
<bind>
<StgValue><ssdm name=""/></StgValue>
</bind>
</comp>

<comp id="44" class="1001" name="const_44">
<pin_list>
<pin id="45" dir="1" index="0" bw="1" slack="2147483647"/>
</pin_list>
<bind>
<StgValue><ssdm name="_ssdm_op_SpecPipeline"/></StgValue>
</bind>
</comp>

<comp id="46" class="1001" name="const_46">
<pin_list>
<pin id="47" dir="1" index="0" bw="1" slack="2147483647"/>
</pin_list>
<bind>
<StgValue><ssdm name=""/></StgValue>
</bind>
</comp>

<comp id="48" class="1001" name="const_48">
<pin_list>
<pin id="49" dir="1" index="0" bw="1" slack="2147483647"/>
</pin_list>
<bind>
<StgValue><ssdm name=""/></StgValue>
</bind>
</comp>

<comp id="50" class="1001" name="const_50">
<pin_list>
<pin id="51" dir="1" index="0" bw="1" slack="2147483647"/>
</pin_list>
<bind>
<StgValue><ssdm name="p_str"/></StgValue>
</bind>
</comp>

<comp id="52" class="1001" name="const_52">
<pin_list>
<pin id="53" dir="1" index="0" bw="1" slack="0"/>
</pin_list>
<bind>
<StgValue><ssdm name=""/></StgValue>
</bind>
</comp>

<comp id="54" class="1001" name="const_54">
<pin_list>
<pin id="55" dir="1" index="0" bw="1" slack="2147483647"/>
</pin_list>
<bind>
<StgValue><ssdm name="_ssdm_op_SpecLoopTripCount"/></StgValue>
</bind>
</comp>

<comp id="56" class="1001" name="const_56">
<pin_list>
<pin id="57" dir="1" index="0" bw="1" slack="2147483647"/>
</pin_list>
<bind>
<StgValue><ssdm name=""/></StgValue>
</bind>
</comp>

<comp id="58" class="1001" name="const_58">
<pin_list>
<pin id="59" dir="1" index="0" bw="1" slack="0"/>
</pin_list>
<bind>
<StgValue><ssdm name=""/></StgValue>
</bind>
</comp>

<comp id="60" class="1001" name="const_60">
<pin_list>
<pin id="61" dir="1" index="0" bw="1" slack="0"/>
</pin_list>
<bind>
<StgValue><ssdm name="_ssdm_op_Mux.ap_auto.16i16.i4"/></StgValue>
</bind>
</comp>

<comp id="62" class="1001" name="const_62">
<pin_list>
<pin id="63" dir="1" index="0" bw="1" slack="0"/>
</pin_list>
<bind>
<StgValue><ssdm name=""/></StgValue>
</bind>
</comp>

<comp id="64" class="1001" name="const_64">
<pin_list>
<pin id="65" dir="1" index="0" bw="1" slack="0"/>
</pin_list>
<bind>
<StgValue><ssdm name=""/></StgValue>
</bind>
</comp>

<comp id="66" class="1001" name="const_66">
<pin_list>
<pin id="67" dir="1" index="0" bw="1" slack="0"/>
</pin_list>
<bind>
<StgValue><ssdm name=""/></StgValue>
</bind>
</comp>

<comp id="68" class="1001" name="const_68">
<pin_list>
<pin id="69" dir="1" index="0" bw="1" slack="0"/>
</pin_list>
<bind>
<StgValue><ssdm name=""/></StgValue>
</bind>
</comp>

<comp id="70" class="1001" name="const_70">
<pin_list>
<pin id="71" dir="1" index="0" bw="1" slack="0"/>
</pin_list>
<bind>
<StgValue><ssdm name=""/></StgValue>
</bind>
</comp>

<comp id="72" class="1001" name="const_72">
<pin_list>
<pin id="73" dir="1" index="0" bw="1" slack="0"/>
</pin_list>
<bind>
<StgValue><ssdm name=""/></StgValue>
</bind>
</comp>

<comp id="74" class="1001" name="const_74">
<pin_list>
<pin id="75" dir="1" index="0" bw="1" slack="0"/>
</pin_list>
<bind>
<StgValue><ssdm name=""/></StgValue>
</bind>
</comp>

<comp id="76" class="1001" name="const_76">
<pin_list>
<pin id="77" dir="1" index="0" bw="1" slack="0"/>
</pin_list>
<bind>
<StgValue><ssdm name=""/></StgValue>
</bind>
</comp>

<comp id="78" class="1001" name="const_78">
<pin_list>
<pin id="79" dir="1" index="0" bw="1" slack="0"/>
</pin_list>
<bind>
<StgValue><ssdm name=""/></StgValue>
</bind>
</comp>

<comp id="80" class="1001" name="const_80">
<pin_list>
<pin id="81" dir="1" index="0" bw="1" slack="0"/>
</pin_list>
<bind>
<StgValue><ssdm name=""/></StgValue>
</bind>
</comp>

<comp id="82" class="1001" name="const_82">
<pin_list>
<pin id="83" dir="1" index="0" bw="1" slack="0"/>
</pin_list>
<bind>
<StgValue><ssdm name=""/></StgValue>
</bind>
</comp>

<comp id="84" class="1001" name="const_84">
<pin_list>
<pin id="85" dir="1" index="0" bw="1" slack="0"/>
</pin_list>
<bind>
<StgValue><ssdm name=""/></StgValue>
</bind>
</comp>

<comp id="86" class="1001" name="const_86">
<pin_list>
<pin id="87" dir="1" index="0" bw="1" slack="0"/>
</pin_list>
<bind>
<StgValue><ssdm name=""/></StgValue>
</bind>
</comp>

<comp id="88" class="1001" name="const_88">
<pin_list>
<pin id="89" dir="1" index="0" bw="1" slack="0"/>
</pin_list>
<bind>
<StgValue><ssdm name=""/></StgValue>
</bind>
</comp>

<comp id="90" class="1001" name="const_90">
<pin_list>
<pin id="91" dir="1" index="0" bw="1" slack="0"/>
</pin_list>
<bind>
<StgValue><ssdm name=""/></StgValue>
</bind>
</comp>

<comp id="92" class="1001" name="const_92">
<pin_list>
<pin id="93" dir="1" index="0" bw="1" slack="0"/>
</pin_list>
<bind>
<StgValue><ssdm name="_ssdm_op_BitConcatenate.i30.i24.i6"/></StgValue>
</bind>
</comp>

<comp id="94" class="1001" name="const_94">
<pin_list>
<pin id="95" dir="1" index="0" bw="1" slack="0"/>
</pin_list>
<bind>
<StgValue><ssdm name=""/></StgValue>
</bind>
</comp>

<comp id="96" class="1001" name="const_96">
<pin_list>
<pin id="97" dir="1" index="0" bw="1" slack="2147483647"/>
</pin_list>
<bind>
<StgValue><ssdm name="_ssdm_op_SpecLoopName"/></StgValue>
</bind>
</comp>

<comp id="98" class="1001" name="const_98">
<pin_list>
<pin id="99" dir="1" index="0" bw="1" slack="2147483647"/>
</pin_list>
<bind>
<StgValue><ssdm name="empty_12"/></StgValue>
</bind>
</comp>

<comp id="100" class="1001" name="const_100">
<pin_list>
<pin id="101" dir="1" index="0" bw="1" slack="0"/>
</pin_list>
<bind>
<StgValue><ssdm name="_ssdm_op_PartSelect.i24.i30.i32.i32"/></StgValue>
</bind>
</comp>

<comp id="102" class="1001" name="const_102">
<pin_list>
<pin id="103" dir="1" index="0" bw="1" slack="0"/>
</pin_list>
<bind>
<StgValue><ssdm name=""/></StgValue>
</bind>
</comp>

<comp id="104" class="1001" name="const_104">
<pin_list>
<pin id="105" dir="1" index="0" bw="1" slack="0"/>
</pin_list>
<bind>
<StgValue><ssdm name=""/></StgValue>
</bind>
</comp>

<comp id="106" class="1001" name="const_106">
<pin_list>
<pin id="107" dir="1" index="0" bw="1" slack="0"/>
</pin_list>
<bind>
<StgValue><ssdm name="_ssdm_op_PartSelect.i16.i30.i32.i32"/></StgValue>
</bind>
</comp>

<comp id="108" class="1001" name="const_108">
<pin_list>
<pin id="109" dir="1" index="0" bw="1" slack="0"/>
</pin_list>
<bind>
<StgValue><ssdm name=""/></StgValue>
</bind>
</comp>

<comp id="110" class="1001" name="const_110">
<pin_list>
<pin id="111" dir="1" index="0" bw="1" slack="0"/>
</pin_list>
<bind>
<StgValue><ssdm name=""/></StgValue>
</bind>
</comp>

<comp id="112" class="1001" name="const_112">
<pin_list>
<pin id="113" dir="1" index="0" bw="1" slack="0"/>
</pin_list>
<bind>
<StgValue><ssdm name="_ssdm_op_Write.ap_auto.i16P0A"/></StgValue>
</bind>
</comp>

<comp id="114" class="1004" name="phi_ln818_3_fu_114">
<pin_list>
<pin id="115" dir="0" index="0" bw="1" slack="0"/>
<pin id="116" dir="1" index="1" bw="16" slack="0"/>
</pin_list>
<bind>
<opcode="alloca(26) " fcode="alloca"/>
<opset="phi_ln818_3/1 "/>
</bind>
</comp>

<comp id="118" class="1004" name="lhs_fu_118">
<pin_list>
<pin id="119" dir="0" index="0" bw="1" slack="0"/>
<pin id="120" dir="1" index="1" bw="24" slack="0"/>
</pin_list>
<bind>
<opcode="alloca(26) " fcode="alloca"/>
<opset="lhs/1 "/>
</bind>
</comp>

<comp id="122" class="1004" name="i_3_fu_122">
<pin_list>
<pin id="123" dir="0" index="0" bw="1" slack="0"/>
<pin id="124" dir="1" index="1" bw="5" slack="0"/>
</pin_list>
<bind>
<opcode="alloca(26) " fcode="alloca"/>
<opset="i_3/1 "/>
</bind>
</comp>

<comp id="126" class="1004" name="attended_V_15_reload_read_read_fu_126">
<pin_list>
<pin id="127" dir="0" index="0" bw="16" slack="0"/>
<pin id="128" dir="0" index="1" bw="16" slack="0"/>
<pin id="129" dir="1" index="2" bw="16" slack="0"/>
</pin_list>
<bind>
<opcode="read(1150) " fcode="read"/>
<opset="attended_V_15_reload_read/1 "/>
</bind>
</comp>

<comp id="132" class="1004" name="attended_V_14_reload_read_read_fu_132">
<pin_list>
<pin id="133" dir="0" index="0" bw="16" slack="0"/>
<pin id="134" dir="0" index="1" bw="16" slack="0"/>
<pin id="135" dir="1" index="2" bw="16" slack="0"/>
</pin_list>
<bind>
<opcode="read(1150) " fcode="read"/>
<opset="attended_V_14_reload_read/1 "/>
</bind>
</comp>

<comp id="138" class="1004" name="attended_V_13_reload_read_read_fu_138">
<pin_list>
<pin id="139" dir="0" index="0" bw="16" slack="0"/>
<pin id="140" dir="0" index="1" bw="16" slack="0"/>
<pin id="141" dir="1" index="2" bw="16" slack="0"/>
</pin_list>
<bind>
<opcode="read(1150) " fcode="read"/>
<opset="attended_V_13_reload_read/1 "/>
</bind>
</comp>

<comp id="144" class="1004" name="attended_V_12_reload_read_read_fu_144">
<pin_list>
<pin id="145" dir="0" index="0" bw="16" slack="0"/>
<pin id="146" dir="0" index="1" bw="16" slack="0"/>
<pin id="147" dir="1" index="2" bw="16" slack="0"/>
</pin_list>
<bind>
<opcode="read(1150) " fcode="read"/>
<opset="attended_V_12_reload_read/1 "/>
</bind>
</comp>

<comp id="150" class="1004" name="attended_V_11_reload_read_read_fu_150">
<pin_list>
<pin id="151" dir="0" index="0" bw="16" slack="0"/>
<pin id="152" dir="0" index="1" bw="16" slack="0"/>
<pin id="153" dir="1" index="2" bw="16" slack="0"/>
</pin_list>
<bind>
<opcode="read(1150) " fcode="read"/>
<opset="attended_V_11_reload_read/1 "/>
</bind>
</comp>

<comp id="156" class="1004" name="attended_V_10_reload_read_read_fu_156">
<pin_list>
<pin id="157" dir="0" index="0" bw="16" slack="0"/>
<pin id="158" dir="0" index="1" bw="16" slack="0"/>
<pin id="159" dir="1" index="2" bw="16" slack="0"/>
</pin_list>
<bind>
<opcode="read(1150) " fcode="read"/>
<opset="attended_V_10_reload_read/1 "/>
</bind>
</comp>

<comp id="162" class="1004" name="attended_V_9_reload_read_read_fu_162">
<pin_list>
<pin id="163" dir="0" index="0" bw="16" slack="0"/>
<pin id="164" dir="0" index="1" bw="16" slack="0"/>
<pin id="165" dir="1" index="2" bw="16" slack="0"/>
</pin_list>
<bind>
<opcode="read(1150) " fcode="read"/>
<opset="attended_V_9_reload_read/1 "/>
</bind>
</comp>

<comp id="168" class="1004" name="attended_V_8_reload_read_read_fu_168">
<pin_list>
<pin id="169" dir="0" index="0" bw="16" slack="0"/>
<pin id="170" dir="0" index="1" bw="16" slack="0"/>
<pin id="171" dir="1" index="2" bw="16" slack="0"/>
</pin_list>
<bind>
<opcode="read(1150) " fcode="read"/>
<opset="attended_V_8_reload_read/1 "/>
</bind>
</comp>

<comp id="174" class="1004" name="attended_V_7_reload_read_read_fu_174">
<pin_list>
<pin id="175" dir="0" index="0" bw="16" slack="0"/>
<pin id="176" dir="0" index="1" bw="16" slack="0"/>
<pin id="177" dir="1" index="2" bw="16" slack="0"/>
</pin_list>
<bind>
<opcode="read(1150) " fcode="read"/>
<opset="attended_V_7_reload_read/1 "/>
</bind>
</comp>

<comp id="180" class="1004" name="attended_V_6_reload_read_read_fu_180">
<pin_list>
<pin id="181" dir="0" index="0" bw="16" slack="0"/>
<pin id="182" dir="0" index="1" bw="16" slack="0"/>
<pin id="183" dir="1" index="2" bw="16" slack="0"/>
</pin_list>
<bind>
<opcode="read(1150) " fcode="read"/>
<opset="attended_V_6_reload_read/1 "/>
</bind>
</comp>

<comp id="186" class="1004" name="attended_V_5_reload_read_read_fu_186">
<pin_list>
<pin id="187" dir="0" index="0" bw="16" slack="0"/>
<pin id="188" dir="0" index="1" bw="16" slack="0"/>
<pin id="189" dir="1" index="2" bw="16" slack="0"/>
</pin_list>
<bind>
<opcode="read(1150) " fcode="read"/>
<opset="attended_V_5_reload_read/1 "/>
</bind>
</comp>

<comp id="192" class="1004" name="attended_V_4_reload_read_read_fu_192">
<pin_list>
<pin id="193" dir="0" index="0" bw="16" slack="0"/>
<pin id="194" dir="0" index="1" bw="16" slack="0"/>
<pin id="195" dir="1" index="2" bw="16" slack="0"/>
</pin_list>
<bind>
<opcode="read(1150) " fcode="read"/>
<opset="attended_V_4_reload_read/1 "/>
</bind>
</comp>

<comp id="198" class="1004" name="attended_V_3_reload_read_read_fu_198">
<pin_list>
<pin id="199" dir="0" index="0" bw="16" slack="0"/>
<pin id="200" dir="0" index="1" bw="16" slack="0"/>
<pin id="201" dir="1" index="2" bw="16" slack="0"/>
</pin_list>
<bind>
<opcode="read(1150) " fcode="read"/>
<opset="attended_V_3_reload_read/1 "/>
</bind>
</comp>

<comp id="204" class="1004" name="attended_V_2_reload_read_read_fu_204">
<pin_list>
<pin id="205" dir="0" index="0" bw="16" slack="0"/>
<pin id="206" dir="0" index="1" bw="16" slack="0"/>
<pin id="207" dir="1" index="2" bw="16" slack="0"/>
</pin_list>
<bind>
<opcode="read(1150) " fcode="read"/>
<opset="attended_V_2_reload_read/1 "/>
</bind>
</comp>

<comp id="210" class="1004" name="attended_V_1_reload_read_read_fu_210">
<pin_list>
<pin id="211" dir="0" index="0" bw="16" slack="0"/>
<pin id="212" dir="0" index="1" bw="16" slack="0"/>
<pin id="213" dir="1" index="2" bw="16" slack="0"/>
</pin_list>
<bind>
<opcode="read(1150) " fcode="read"/>
<opset="attended_V_1_reload_read/1 "/>
</bind>
</comp>

<comp id="216" class="1004" name="attended_V_reload_read_read_fu_216">
<pin_list>
<pin id="217" dir="0" index="0" bw="16" slack="0"/>
<pin id="218" dir="0" index="1" bw="16" slack="0"/>
<pin id="219" dir="1" index="2" bw="16" slack="0"/>
</pin_list>
<bind>
<opcode="read(1150) " fcode="read"/>
<opset="attended_V_reload_read/1 "/>
</bind>
</comp>

<comp id="222" class="1004" name="write_ln0_write_fu_222">
<pin_list>
<pin id="223" dir="0" index="0" bw="0" slack="0"/>
<pin id="224" dir="0" index="1" bw="16" slack="0"/>
<pin id="225" dir="0" index="2" bw="16" slack="0"/>
<pin id="226" dir="1" index="3" bw="0" slack="2147483647"/>
</pin_list>
<bind>
<opcode="write(1151) " fcode="write"/>
<opset="write_ln0/3 "/>
</bind>
</comp>

<comp id="229" class="1004" name="store_ln0_store_fu_229">
<pin_list>
<pin id="230" dir="0" index="0" bw="1" slack="0"/>
<pin id="231" dir="0" index="1" bw="5" slack="0"/>
<pin id="232" dir="1" index="2" bw="0" slack="2147483647"/>
</pin_list>
<bind>
<opcode="store(28) " fcode="store"/>
<opset="store_ln0/1 "/>
</bind>
</comp>

<comp id="234" class="1004" name="store_ln0_store_fu_234">
<pin_list>
<pin id="235" dir="0" index="0" bw="10" slack="0"/>
<pin id="236" dir="0" index="1" bw="24" slack="0"/>
<pin id="237" dir="1" index="2" bw="0" slack="2147483647"/>
</pin_list>
<bind>
<opcode="store(28) " fcode="store"/>
<opset="store_ln0/1 "/>
</bind>
</comp>

<comp id="239" class="1004" name="store_ln0_store_fu_239">
<pin_list>
<pin id="240" dir="0" index="0" bw="1" slack="0"/>
<pin id="241" dir="0" index="1" bw="16" slack="0"/>
<pin id="242" dir="1" index="2" bw="0" slack="2147483647"/>
</pin_list>
<bind>
<opcode="store(28) " fcode="store"/>
<opset="store_ln0/1 "/>
</bind>
</comp>

<comp id="244" class="1004" name="i_load_fu_244">
<pin_list>
<pin id="245" dir="0" index="0" bw="5" slack="0"/>
<pin id="246" dir="1" index="1" bw="5" slack="0"/>
</pin_list>
<bind>
<opcode="load(27) " fcode="load"/>
<opset="i/1 "/>
</bind>
</comp>

<comp id="247" class="1004" name="icmp_ln146_fu_247">
<pin_list>
<pin id="248" dir="0" index="0" bw="5" slack="0"/>
<pin id="249" dir="0" index="1" bw="5" slack="0"/>
<pin id="250" dir="1" index="2" bw="1" slack="2"/>
</pin_list>
<bind>
<opcode="icmp(45) " fcode="icmp"/>
<opset="icmp_ln146/1 "/>
</bind>
</comp>

<comp id="253" class="1004" name="add_ln146_fu_253">
<pin_list>
<pin id="254" dir="0" index="0" bw="5" slack="0"/>
<pin id="255" dir="0" index="1" bw="1" slack="0"/>
<pin id="256" dir="1" index="2" bw="5" slack="0"/>
</pin_list>
<bind>
<opcode="add(8) " fcode="add"/>
<opset="add_ln146/1 "/>
</bind>
</comp>

<comp id="259" class="1004" name="trunc_ln1271_fu_259">
<pin_list>
<pin id="260" dir="0" index="0" bw="5" slack="0"/>
<pin id="261" dir="1" index="1" bw="4" slack="0"/>
</pin_list>
<bind>
<opcode="trunc(33) " fcode="trunc"/>
<opset="trunc_ln1271/1 "/>
</bind>
</comp>

<comp id="263" class="1004" name="r_V_fu_263">
<pin_list>
<pin id="264" dir="0" index="0" bw="16" slack="0"/>
<pin id="265" dir="0" index="1" bw="16" slack="0"/>
<pin id="266" dir="0" index="2" bw="16" slack="0"/>
<pin id="267" dir="0" index="3" bw="16" slack="0"/>
<pin id="268" dir="0" index="4" bw="16" slack="0"/>
<pin id="269" dir="0" index="5" bw="16" slack="0"/>
<pin id="270" dir="0" index="6" bw="16" slack="0"/>
<pin id="271" dir="0" index="7" bw="16" slack="0"/>
<pin id="272" dir="0" index="8" bw="16" slack="0"/>
<pin id="273" dir="0" index="9" bw="16" slack="0"/>
<pin id="274" dir="0" index="10" bw="16" slack="0"/>
<pin id="275" dir="0" index="11" bw="16" slack="0"/>
<pin id="276" dir="0" index="12" bw="16" slack="0"/>
<pin id="277" dir="0" index="13" bw="16" slack="0"/>
<pin id="278" dir="0" index="14" bw="16" slack="0"/>
<pin id="279" dir="0" index="15" bw="16" slack="0"/>
<pin id="280" dir="0" index="16" bw="16" slack="0"/>
<pin id="281" dir="0" index="17" bw="4" slack="0"/>
<pin id="282" dir="1" index="18" bw="16" slack="0"/>
</pin_list>
<bind>
<opcode="mux(1196) " fcode="mux"/>
<opset="r_V/1 "/>
</bind>
</comp>

<comp id="301" class="1004" name="sext_ln1347_fu_301">
<pin_list>
<pin id="302" dir="0" index="0" bw="16" slack="0"/>
<pin id="303" dir="1" index="1" bw="30" slack="0"/>
</pin_list>
<bind>
<opcode="sext(35) " fcode="sext"/>
<opset="sext_ln1347/1 "/>
</bind>
</comp>

<comp id="305" class="1004" name="tmp_17_fu_305">
<pin_list>
<pin id="306" dir="0" index="0" bw="16" slack="0"/>
<pin id="307" dir="0" index="1" bw="10" slack="0"/>
<pin id="308" dir="0" index="2" bw="10" slack="0"/>
<pin id="309" dir="0" index="3" bw="9" slack="0"/>
<pin id="310" dir="0" index="4" bw="8" slack="0"/>
<pin id="311" dir="0" index="5" bw="9" slack="0"/>
<pin id="312" dir="0" index="6" bw="7" slack="0"/>
<pin id="313" dir="0" index="7" bw="9" slack="0"/>
<pin id="314" dir="0" index="8" bw="10" slack="0"/>
<pin id="315" dir="0" index="9" bw="7" slack="0"/>
<pin id="316" dir="0" index="10" bw="8" slack="0"/>
<pin id="317" dir="0" index="11" bw="10" slack="0"/>
<pin id="318" dir="0" index="12" bw="7" slack="0"/>
<pin id="319" dir="0" index="13" bw="9" slack="0"/>
<pin id="320" dir="0" index="14" bw="10" slack="0"/>
<pin id="321" dir="0" index="15" bw="9" slack="0"/>
<pin id="322" dir="0" index="16" bw="7" slack="0"/>
<pin id="323" dir="0" index="17" bw="4" slack="0"/>
<pin id="324" dir="1" index="18" bw="16" slack="0"/>
</pin_list>
<bind>
<opcode="mux(1196) " fcode="mux"/>
<opset="tmp_17/1 "/>
</bind>
</comp>

<comp id="343" class="1004" name="sext_ln1347_30_fu_343">
<pin_list>
<pin id="344" dir="0" index="0" bw="16" slack="0"/>
<pin id="345" dir="1" index="1" bw="30" slack="0"/>
</pin_list>
<bind>
<opcode="sext(35) " fcode="sext"/>
<opset="sext_ln1347_30/1 "/>
</bind>
</comp>

<comp id="347" class="1004" name="store_ln146_store_fu_347">
<pin_list>
<pin id="348" dir="0" index="0" bw="5" slack="0"/>
<pin id="349" dir="0" index="1" bw="5" slack="0"/>
<pin id="350" dir="1" index="2" bw="0" slack="2147483647"/>
</pin_list>
<bind>
<opcode="store(28) " fcode="store"/>
<opset="store_ln146/1 "/>
</bind>
</comp>

<comp id="352" class="1004" name="lhs_load_load_fu_352">
<pin_list>
<pin id="353" dir="0" index="0" bw="24" slack="2"/>
<pin id="354" dir="1" index="1" bw="24" slack="0"/>
</pin_list>
<bind>
<opcode="load(27) " fcode="load"/>
<opset="lhs_load/3 "/>
</bind>
</comp>

<comp id="355" class="1004" name="lhs_248_fu_355">
<pin_list>
<pin id="356" dir="0" index="0" bw="30" slack="0"/>
<pin id="357" dir="0" index="1" bw="24" slack="0"/>
<pin id="358" dir="0" index="2" bw="1" slack="0"/>
<pin id="359" dir="1" index="3" bw="30" slack="0"/>
</pin_list>
<bind>
<opcode="bitconcatenate(1004) " fcode="bitconcatenate"/>
<opset="lhs_248/3 "/>
</bind>
</comp>

<comp id="363" class="1004" name="s_V_fu_363">
<pin_list>
<pin id="364" dir="0" index="0" bw="24" slack="0"/>
<pin id="365" dir="0" index="1" bw="30" slack="0"/>
<pin id="366" dir="0" index="2" bw="4" slack="0"/>
<pin id="367" dir="0" index="3" bw="6" slack="0"/>
<pin id="368" dir="1" index="4" bw="24" slack="0"/>
</pin_list>
<bind>
<opcode="partselect(1002) " fcode="partselect"/>
<opset="s_V/4 "/>
</bind>
</comp>

<comp id="372" class="1004" name="trunc_ln146_3_fu_372">
<pin_list>
<pin id="373" dir="0" index="0" bw="16" slack="0"/>
<pin id="374" dir="0" index="1" bw="30" slack="0"/>
<pin id="375" dir="0" index="2" bw="5" slack="0"/>
<pin id="376" dir="0" index="3" bw="6" slack="0"/>
<pin id="377" dir="1" index="4" bw="16" slack="0"/>
</pin_list>
<bind>
<opcode="partselect(1002) " fcode="partselect"/>
<opset="trunc_ln146_3/4 "/>
</bind>
</comp>

<comp id="381" class="1004" name="store_ln146_store_fu_381">
<pin_list>
<pin id="382" dir="0" index="0" bw="24" slack="0"/>
<pin id="383" dir="0" index="1" bw="24" slack="3"/>
<pin id="384" dir="1" index="2" bw="0" slack="2147483647"/>
</pin_list>
<bind>
<opcode="store(28) " fcode="store"/>
<opset="store_ln146/4 "/>
</bind>
</comp>

<comp id="386" class="1004" name="store_ln146_store_fu_386">
<pin_list>
<pin id="387" dir="0" index="0" bw="16" slack="0"/>
<pin id="388" dir="0" index="1" bw="16" slack="3"/>
<pin id="389" dir="1" index="2" bw="0" slack="2147483647"/>
</pin_list>
<bind>
<opcode="store(28) " fcode="store"/>
<opset="store_ln146/4 "/>
</bind>
</comp>

<comp id="391" class="1004" name="phi_ln818_3_load_load_fu_391">
<pin_list>
<pin id="392" dir="0" index="0" bw="16" slack="2"/>
<pin id="393" dir="1" index="1" bw="16" slack="0"/>
</pin_list>
<bind>
<opcode="load(27) " fcode="load"/>
<opset="phi_ln818_3_load/3 "/>
</bind>
</comp>

<comp id="395" class="1007" name="grp_fu_395">
<pin_list>
<pin id="396" dir="0" index="0" bw="16" slack="0"/>
<pin id="397" dir="0" index="1" bw="16" slack="0"/>
<pin id="398" dir="0" index="2" bw="30" slack="0"/>
<pin id="399" dir="1" index="3" bw="30" slack="0"/>
</pin_list>
<bind>
<opcode="muladd(1172) " fcode="muladd"/>
<opset="mul_ln1347/1 ret_V/3 "/>
</bind>
</comp>

<comp id="405" class="1005" name="phi_ln818_3_reg_405">
<pin_list>
<pin id="406" dir="0" index="0" bw="16" slack="0"/>
<pin id="407" dir="1" index="1" bw="16" slack="0"/>
</pin_list>
<bind>
<opset="phi_ln818_3 "/>
</bind>
</comp>

<comp id="412" class="1005" name="lhs_reg_412">
<pin_list>
<pin id="413" dir="0" index="0" bw="24" slack="0"/>
<pin id="414" dir="1" index="1" bw="24" slack="0"/>
</pin_list>
<bind>
<opset="lhs "/>
</bind>
</comp>

<comp id="419" class="1005" name="i_3_reg_419">
<pin_list>
<pin id="420" dir="0" index="0" bw="5" slack="0"/>
<pin id="421" dir="1" index="1" bw="5" slack="0"/>
</pin_list>
<bind>
<opset="i_3 "/>
</bind>
</comp>

<comp id="426" class="1005" name="icmp_ln146_reg_426">
<pin_list>
<pin id="427" dir="0" index="0" bw="1" slack="2"/>
<pin id="428" dir="1" index="1" bw="1" slack="2147483647"/>
</pin_list>
<bind>
<opset="icmp_ln146 "/>
</bind>
</comp>

<comp id="430" class="1005" name="sext_ln1347_reg_430">
<pin_list>
<pin id="431" dir="0" index="0" bw="30" slack="1"/>
<pin id="432" dir="1" index="1" bw="30" slack="1"/>
</pin_list>
<bind>
<opset="sext_ln1347 "/>
</bind>
</comp>

<comp id="435" class="1005" name="sext_ln1347_30_reg_435">
<pin_list>
<pin id="436" dir="0" index="0" bw="30" slack="1"/>
<pin id="437" dir="1" index="1" bw="30" slack="1"/>
</pin_list>
<bind>
<opset="sext_ln1347_30 "/>
</bind>
</comp>

<comp id="440" class="1005" name="lhs_248_reg_440">
<pin_list>
<pin id="441" dir="0" index="0" bw="30" slack="1"/>
<pin id="442" dir="1" index="1" bw="30" slack="1"/>
</pin_list>
<bind>
<opset="lhs_248 "/>
</bind>
</comp>

</comp_list>

<net_list>
<net id="117"><net_src comp="34" pin="0"/><net_sink comp="114" pin=0"/></net>

<net id="121"><net_src comp="34" pin="0"/><net_sink comp="118" pin=0"/></net>

<net id="125"><net_src comp="34" pin="0"/><net_sink comp="122" pin=0"/></net>

<net id="130"><net_src comp="36" pin="0"/><net_sink comp="126" pin=0"/></net>

<net id="131"><net_src comp="30" pin="0"/><net_sink comp="126" pin=1"/></net>

<net id="136"><net_src comp="36" pin="0"/><net_sink comp="132" pin=0"/></net>

<net id="137"><net_src comp="28" pin="0"/><net_sink comp="132" pin=1"/></net>

<net id="142"><net_src comp="36" pin="0"/><net_sink comp="138" pin=0"/></net>

<net id="143"><net_src comp="26" pin="0"/><net_sink comp="138" pin=1"/></net>

<net id="148"><net_src comp="36" pin="0"/><net_sink comp="144" pin=0"/></net>

<net id="149"><net_src comp="24" pin="0"/><net_sink comp="144" pin=1"/></net>

<net id="154"><net_src comp="36" pin="0"/><net_sink comp="150" pin=0"/></net>

<net id="155"><net_src comp="22" pin="0"/><net_sink comp="150" pin=1"/></net>

<net id="160"><net_src comp="36" pin="0"/><net_sink comp="156" pin=0"/></net>

<net id="161"><net_src comp="20" pin="0"/><net_sink comp="156" pin=1"/></net>

<net id="166"><net_src comp="36" pin="0"/><net_sink comp="162" pin=0"/></net>

<net id="167"><net_src comp="18" pin="0"/><net_sink comp="162" pin=1"/></net>

<net id="172"><net_src comp="36" pin="0"/><net_sink comp="168" pin=0"/></net>

<net id="173"><net_src comp="16" pin="0"/><net_sink comp="168" pin=1"/></net>

<net id="178"><net_src comp="36" pin="0"/><net_sink comp="174" pin=0"/></net>

<net id="179"><net_src comp="14" pin="0"/><net_sink comp="174" pin=1"/></net>

<net id="184"><net_src comp="36" pin="0"/><net_sink comp="180" pin=0"/></net>

<net id="185"><net_src comp="12" pin="0"/><net_sink comp="180" pin=1"/></net>

<net id="190"><net_src comp="36" pin="0"/><net_sink comp="186" pin=0"/></net>

<net id="191"><net_src comp="10" pin="0"/><net_sink comp="186" pin=1"/></net>

<net id="196"><net_src comp="36" pin="0"/><net_sink comp="192" pin=0"/></net>

<net id="197"><net_src comp="8" pin="0"/><net_sink comp="192" pin=1"/></net>

<net id="202"><net_src comp="36" pin="0"/><net_sink comp="198" pin=0"/></net>

<net id="203"><net_src comp="6" pin="0"/><net_sink comp="198" pin=1"/></net>

<net id="208"><net_src comp="36" pin="0"/><net_sink comp="204" pin=0"/></net>

<net id="209"><net_src comp="4" pin="0"/><net_sink comp="204" pin=1"/></net>

<net id="214"><net_src comp="36" pin="0"/><net_sink comp="210" pin=0"/></net>

<net id="215"><net_src comp="2" pin="0"/><net_sink comp="210" pin=1"/></net>

<net id="220"><net_src comp="36" pin="0"/><net_sink comp="216" pin=0"/></net>

<net id="221"><net_src comp="0" pin="0"/><net_sink comp="216" pin=1"/></net>

<net id="227"><net_src comp="112" pin="0"/><net_sink comp="222" pin=0"/></net>

<net id="228"><net_src comp="32" pin="0"/><net_sink comp="222" pin=1"/></net>

<net id="233"><net_src comp="38" pin="0"/><net_sink comp="229" pin=0"/></net>

<net id="238"><net_src comp="40" pin="0"/><net_sink comp="234" pin=0"/></net>

<net id="243"><net_src comp="42" pin="0"/><net_sink comp="239" pin=0"/></net>

<net id="251"><net_src comp="244" pin="1"/><net_sink comp="247" pin=0"/></net>

<net id="252"><net_src comp="52" pin="0"/><net_sink comp="247" pin=1"/></net>

<net id="257"><net_src comp="244" pin="1"/><net_sink comp="253" pin=0"/></net>

<net id="258"><net_src comp="58" pin="0"/><net_sink comp="253" pin=1"/></net>

<net id="262"><net_src comp="244" pin="1"/><net_sink comp="259" pin=0"/></net>

<net id="283"><net_src comp="60" pin="0"/><net_sink comp="263" pin=0"/></net>

<net id="284"><net_src comp="216" pin="2"/><net_sink comp="263" pin=1"/></net>

<net id="285"><net_src comp="210" pin="2"/><net_sink comp="263" pin=2"/></net>

<net id="286"><net_src comp="204" pin="2"/><net_sink comp="263" pin=3"/></net>

<net id="287"><net_src comp="198" pin="2"/><net_sink comp="263" pin=4"/></net>

<net id="288"><net_src comp="192" pin="2"/><net_sink comp="263" pin=5"/></net>

<net id="289"><net_src comp="186" pin="2"/><net_sink comp="263" pin=6"/></net>

<net id="290"><net_src comp="180" pin="2"/><net_sink comp="263" pin=7"/></net>

<net id="291"><net_src comp="174" pin="2"/><net_sink comp="263" pin=8"/></net>

<net id="292"><net_src comp="168" pin="2"/><net_sink comp="263" pin=9"/></net>

<net id="293"><net_src comp="162" pin="2"/><net_sink comp="263" pin=10"/></net>

<net id="294"><net_src comp="156" pin="2"/><net_sink comp="263" pin=11"/></net>

<net id="295"><net_src comp="150" pin="2"/><net_sink comp="263" pin=12"/></net>

<net id="296"><net_src comp="144" pin="2"/><net_sink comp="263" pin=13"/></net>

<net id="297"><net_src comp="138" pin="2"/><net_sink comp="263" pin=14"/></net>

<net id="298"><net_src comp="132" pin="2"/><net_sink comp="263" pin=15"/></net>

<net id="299"><net_src comp="126" pin="2"/><net_sink comp="263" pin=16"/></net>

<net id="300"><net_src comp="259" pin="1"/><net_sink comp="263" pin=17"/></net>

<net id="304"><net_src comp="263" pin="18"/><net_sink comp="301" pin=0"/></net>

<net id="325"><net_src comp="60" pin="0"/><net_sink comp="305" pin=0"/></net>

<net id="326"><net_src comp="62" pin="0"/><net_sink comp="305" pin=1"/></net>

<net id="327"><net_src comp="64" pin="0"/><net_sink comp="305" pin=2"/></net>

<net id="328"><net_src comp="66" pin="0"/><net_sink comp="305" pin=3"/></net>

<net id="329"><net_src comp="68" pin="0"/><net_sink comp="305" pin=4"/></net>

<net id="330"><net_src comp="70" pin="0"/><net_sink comp="305" pin=5"/></net>

<net id="331"><net_src comp="72" pin="0"/><net_sink comp="305" pin=6"/></net>

<net id="332"><net_src comp="74" pin="0"/><net_sink comp="305" pin=7"/></net>

<net id="333"><net_src comp="76" pin="0"/><net_sink comp="305" pin=8"/></net>

<net id="334"><net_src comp="78" pin="0"/><net_sink comp="305" pin=9"/></net>

<net id="335"><net_src comp="80" pin="0"/><net_sink comp="305" pin=10"/></net>

<net id="336"><net_src comp="82" pin="0"/><net_sink comp="305" pin=11"/></net>

<net id="337"><net_src comp="78" pin="0"/><net_sink comp="305" pin=12"/></net>

<net id="338"><net_src comp="84" pin="0"/><net_sink comp="305" pin=13"/></net>

<net id="339"><net_src comp="86" pin="0"/><net_sink comp="305" pin=14"/></net>

<net id="340"><net_src comp="88" pin="0"/><net_sink comp="305" pin=15"/></net>

<net id="341"><net_src comp="90" pin="0"/><net_sink comp="305" pin=16"/></net>

<net id="342"><net_src comp="259" pin="1"/><net_sink comp="305" pin=17"/></net>

<net id="346"><net_src comp="305" pin="18"/><net_sink comp="343" pin=0"/></net>

<net id="351"><net_src comp="253" pin="2"/><net_sink comp="347" pin=0"/></net>

<net id="360"><net_src comp="92" pin="0"/><net_sink comp="355" pin=0"/></net>

<net id="361"><net_src comp="352" pin="1"/><net_sink comp="355" pin=1"/></net>

<net id="362"><net_src comp="94" pin="0"/><net_sink comp="355" pin=2"/></net>

<net id="369"><net_src comp="100" pin="0"/><net_sink comp="363" pin=0"/></net>

<net id="370"><net_src comp="102" pin="0"/><net_sink comp="363" pin=2"/></net>

<net id="371"><net_src comp="104" pin="0"/><net_sink comp="363" pin=3"/></net>

<net id="378"><net_src comp="106" pin="0"/><net_sink comp="372" pin=0"/></net>

<net id="379"><net_src comp="108" pin="0"/><net_sink comp="372" pin=2"/></net>

<net id="380"><net_src comp="110" pin="0"/><net_sink comp="372" pin=3"/></net>

<net id="385"><net_src comp="363" pin="4"/><net_sink comp="381" pin=0"/></net>

<net id="390"><net_src comp="372" pin="4"/><net_sink comp="386" pin=0"/></net>

<net id="394"><net_src comp="391" pin="1"/><net_sink comp="222" pin=2"/></net>

<net id="400"><net_src comp="343" pin="1"/><net_sink comp="395" pin=0"/></net>

<net id="401"><net_src comp="301" pin="1"/><net_sink comp="395" pin=1"/></net>

<net id="402"><net_src comp="355" pin="3"/><net_sink comp="395" pin=2"/></net>

<net id="403"><net_src comp="395" pin="3"/><net_sink comp="363" pin=1"/></net>

<net id="404"><net_src comp="395" pin="3"/><net_sink comp="372" pin=1"/></net>

<net id="408"><net_src comp="114" pin="1"/><net_sink comp="405" pin=0"/></net>

<net id="409"><net_src comp="405" pin="1"/><net_sink comp="239" pin=1"/></net>

<net id="410"><net_src comp="405" pin="1"/><net_sink comp="386" pin=1"/></net>

<net id="411"><net_src comp="405" pin="1"/><net_sink comp="391" pin=0"/></net>

<net id="415"><net_src comp="118" pin="1"/><net_sink comp="412" pin=0"/></net>

<net id="416"><net_src comp="412" pin="1"/><net_sink comp="234" pin=1"/></net>

<net id="417"><net_src comp="412" pin="1"/><net_sink comp="352" pin=0"/></net>

<net id="418"><net_src comp="412" pin="1"/><net_sink comp="381" pin=1"/></net>

<net id="422"><net_src comp="122" pin="1"/><net_sink comp="419" pin=0"/></net>

<net id="423"><net_src comp="419" pin="1"/><net_sink comp="229" pin=1"/></net>

<net id="424"><net_src comp="419" pin="1"/><net_sink comp="244" pin=0"/></net>

<net id="425"><net_src comp="419" pin="1"/><net_sink comp="347" pin=1"/></net>

<net id="429"><net_src comp="247" pin="2"/><net_sink comp="426" pin=0"/></net>

<net id="433"><net_src comp="301" pin="1"/><net_sink comp="430" pin=0"/></net>

<net id="434"><net_src comp="430" pin="1"/><net_sink comp="395" pin=1"/></net>

<net id="438"><net_src comp="343" pin="1"/><net_sink comp="435" pin=0"/></net>

<net id="439"><net_src comp="435" pin="1"/><net_sink comp="395" pin=0"/></net>

<net id="443"><net_src comp="355" pin="3"/><net_sink comp="440" pin=0"/></net>

<net id="444"><net_src comp="440" pin="1"/><net_sink comp="395" pin=0"/></net>

</net_list>

</model> 
---------------- Datapath Model END ------------------

* FSMD analyzer results:
  - Output states:
	Port: phi_ln818_3_out | {3 }
 - Input state : 
	Port: linear_attention_q16_Pipeline_VITIS_LOOP_146_143 : attended_V_reload | {1 }
	Port: linear_attention_q16_Pipeline_VITIS_LOOP_146_143 : attended_V_1_reload | {1 }
	Port: linear_attention_q16_Pipeline_VITIS_LOOP_146_143 : attended_V_2_reload | {1 }
	Port: linear_attention_q16_Pipeline_VITIS_LOOP_146_143 : attended_V_3_reload | {1 }
	Port: linear_attention_q16_Pipeline_VITIS_LOOP_146_143 : attended_V_4_reload | {1 }
	Port: linear_attention_q16_Pipeline_VITIS_LOOP_146_143 : attended_V_5_reload | {1 }
	Port: linear_attention_q16_Pipeline_VITIS_LOOP_146_143 : attended_V_6_reload | {1 }
	Port: linear_attention_q16_Pipeline_VITIS_LOOP_146_143 : attended_V_7_reload | {1 }
	Port: linear_attention_q16_Pipeline_VITIS_LOOP_146_143 : attended_V_8_reload | {1 }
	Port: linear_attention_q16_Pipeline_VITIS_LOOP_146_143 : attended_V_9_reload | {1 }
	Port: linear_attention_q16_Pipeline_VITIS_LOOP_146_143 : attended_V_10_reload | {1 }
	Port: linear_attention_q16_Pipeline_VITIS_LOOP_146_143 : attended_V_11_reload | {1 }
	Port: linear_attention_q16_Pipeline_VITIS_LOOP_146_143 : attended_V_12_reload | {1 }
	Port: linear_attention_q16_Pipeline_VITIS_LOOP_146_143 : attended_V_13_reload | {1 }
	Port: linear_attention_q16_Pipeline_VITIS_LOOP_146_143 : attended_V_14_reload | {1 }
	Port: linear_attention_q16_Pipeline_VITIS_LOOP_146_143 : attended_V_15_reload | {1 }
  - Chain level:
	State 1
		store_ln0 : 1
		store_ln0 : 1
		store_ln0 : 1
		i : 1
		icmp_ln146 : 2
		add_ln146 : 2
		br_ln146 : 3
		trunc_ln1271 : 2
		r_V : 3
		sext_ln1347 : 4
		tmp_17 : 3
		sext_ln1347_30 : 4
		mul_ln1347 : 5
		store_ln146 : 3
	State 2
	State 3
		lhs_248 : 1
		ret_V : 2
		write_ln0 : 1
	State 4
		s_V : 1
		trunc_ln146_3 : 1
		store_ln146 : 2
		store_ln146 : 2


============================================================
+ Verbose Summary: Datapath Resource usage 
============================================================

* Functional unit list:
|----------|---------------------------------------|---------|---------|---------|
| Operation|            Functional Unit            |   DSP   |    FF   |   LUT   |
|----------|---------------------------------------|---------|---------|---------|
|    mux   |               r_V_fu_263              |    0    |    0    |    65   |
|          |             tmp_17_fu_305             |    0    |    0    |    65   |
|----------|---------------------------------------|---------|---------|---------|
|    add   |            add_ln146_fu_253           |    0    |    0    |    13   |
|----------|---------------------------------------|---------|---------|---------|
|   icmp   |           icmp_ln146_fu_247           |    0    |    0    |    9    |
|----------|---------------------------------------|---------|---------|---------|
|  muladd  |               grp_fu_395              |    1    |    0    |    0    |
|----------|---------------------------------------|---------|---------|---------|
|          | attended_V_15_reload_read_read_fu_126 |    0    |    0    |    0    |
|          | attended_V_14_reload_read_read_fu_132 |    0    |    0    |    0    |
|          | attended_V_13_reload_read_read_fu_138 |    0    |    0    |    0    |
|          | attended_V_12_reload_read_read_fu_144 |    0    |    0    |    0    |
|          | attended_V_11_reload_read_read_fu_150 |    0    |    0    |    0    |
|          | attended_V_10_reload_read_read_fu_156 |    0    |    0    |    0    |
|          |  attended_V_9_reload_read_read_fu_162 |    0    |    0    |    0    |
|   read   |  attended_V_8_reload_read_read_fu_168 |    0    |    0    |    0    |
|          |  attended_V_7_reload_read_read_fu_174 |    0    |    0    |    0    |
|          |  attended_V_6_reload_read_read_fu_180 |    0    |    0    |    0    |
|          |  attended_V_5_reload_read_read_fu_186 |    0    |    0    |    0    |
|          |  attended_V_4_reload_read_read_fu_192 |    0    |    0    |    0    |
|          |  attended_V_3_reload_read_read_fu_198 |    0    |    0    |    0    |
|          |  attended_V_2_reload_read_read_fu_204 |    0    |    0    |    0    |
|          |  attended_V_1_reload_read_read_fu_210 |    0    |    0    |    0    |
|          |   attended_V_reload_read_read_fu_216  |    0    |    0    |    0    |
|----------|---------------------------------------|---------|---------|---------|
|   write  |         write_ln0_write_fu_222        |    0    |    0    |    0    |
|----------|---------------------------------------|---------|---------|---------|
|   trunc  |          trunc_ln1271_fu_259          |    0    |    0    |    0    |
|----------|---------------------------------------|---------|---------|---------|
|   sext   |           sext_ln1347_fu_301          |    0    |    0    |    0    |
|          |         sext_ln1347_30_fu_343         |    0    |    0    |    0    |
|----------|---------------------------------------|---------|---------|---------|
|bitconcatenate|             lhs_248_fu_355            |    0    |    0    |    0    |
|----------|---------------------------------------|---------|---------|---------|
|partselect|               s_V_fu_363              |    0    |    0    |    0    |
|          |          trunc_ln146_3_fu_372         |    0    |    0    |    0    |
|----------|---------------------------------------|---------|---------|---------|
|   Total  |                                       |    1    |    0    |   152   |
|----------|---------------------------------------|---------|---------|---------|

Memories:
N/A

* Register list:
+----------------------+--------+
|                      |   FF   |
+----------------------+--------+
|      i_3_reg_419     |    5   |
|  icmp_ln146_reg_426  |    1   |
|    lhs_248_reg_440   |   30   |
|      lhs_reg_412     |   24   |
|  phi_ln818_3_reg_405 |   16   |
|sext_ln1347_30_reg_435|   30   |
|  sext_ln1347_reg_430 |   30   |
+----------------------+--------+
|         Total        |   136  |
+----------------------+--------+

* Multiplexer (MUX) list: 
|------------|------|------|------|--------||---------||---------|
|    Comp    |  Pin | Size |  BW  | S x BW ||  Delay  ||   LUT   |
|------------|------|------|------|--------||---------||---------|
| grp_fu_395 |  p0  |   3  |  16  |   48   ||    14   |
| grp_fu_395 |  p1  |   2  |  16  |   32   ||    9    |
|------------|------|------|------|--------||---------||---------|
|    Total   |      |      |      |   80   ||  3.2953 ||    23   |
|------------|------|------|------|--------||---------||---------|



* Summary:
+-----------+--------+--------+--------+--------+
|           |   DSP  |  Delay |   FF   |   LUT  |
+-----------+--------+--------+--------+--------+
|  Function |    1   |    -   |    0   |   152  |
|   Memory  |    -   |    -   |    -   |    -   |
|Multiplexer|    -   |    3   |    -   |   23   |
|  Register |    -   |    -   |   136  |    -   |
+-----------+--------+--------+--------+--------+
|   Total   |    1   |    3   |   136  |   175  |
+-----------+--------+--------+--------+--------+
