

================================================================
== Vitis HLS Report for 'linear_attention_q16_Pipeline_VITIS_LOOP_113_7'
================================================================
* Date:           Tue Jun 30 20:37:42 2026

* Version:        2022.2 (Build 3670227 on Oct 13 2022)
* Project:        imgds_linear_dense_q16
* Solution:       solution1 (Vivado IP Flow Target)
* Product family: zynq
* Target device:  xc7z020-clg400-1


================================================================
== Performance Estimates
================================================================
+ Timing: 
    * Summary: 
    +--------+----------+----------+------------+
    |  Clock |  Target  | Estimated| Uncertainty|
    +--------+----------+----------+------------+
    |ap_clk  |  10.00 ns|  4.260 ns|     2.70 ns|
    +--------+----------+----------+------------+

+ Latency: 
    * Summary: 
    +---------+---------+----------+----------+-----+-----+---------+
    |  Latency (cycles) |  Latency (absolute) |  Interval | Pipeline|
    |   min   |   max   |    min   |    max   | min | max |   Type  |
    +---------+---------+----------+----------+-----+-----+---------+
    |       20|       20|  0.200 us|  0.200 us|   20|   20|       no|
    +---------+---------+----------+----------+-----+-----+---------+

    + Detail: 
        * Instance: 
        N/A

        * Loop: 
        +--------------------+---------+---------+----------+-----------+-----------+------+----------+
        |                    |  Latency (cycles) | Iteration|  Initiation Interval  | Trip |          |
        |      Loop Name     |   min   |   max   |  Latency |  achieved |   target  | Count| Pipelined|
        +--------------------+---------+---------+----------+-----------+-----------+------+----------+
        |- VITIS_LOOP_113_7  |       18|       18|         4|          1|          1|    16|       yes|
        +--------------------+---------+---------+----------+-----------+-----------+------+----------+

============================================================
+ Verbose Summary: Synthesis Manager
============================================================
InlineROM: 1
ExposeGlobal: 0
============================================================
+ Verbose Summary: CDFG Model
============================================================
IsTopModel: 0
ResetActiveHigh: 1
IsCombinational: 0
IsDatapathOnly: 0
HasWiredReturn: 1
HasMFsm: 2
HasVarLatency: 1
IsPipeline: 0
IsRtlPipelined: 0
IsInstanceOverlapped: 0
IsDontTouch: 0
HasImplIP: 0
IsGatedGlobalClock: 0

+ Individual pipeline summary: 
  * Pipeline-0: initiation interval (II) = 1, depth = 4


============================================================
+ Verbose Summary: Schedule
============================================================
* Number of FSM states : 4
* Pipeline : 1
  Pipeline-0 : II = 1, D = 4, States = { 1 2 3 4 }
* Dataflow Pipeline: 0

* FSM state transitions: 
1 --> 2 
2 --> 3 
3 --> 4 
4 --> 

* FSM state operations: 

State 1 <SV = 0> <Delay = 4.25>
ST_1 : Operation 7 [1/1] (0.00ns)   --->   "%d = alloca i32 1"   --->   Operation 7 'alloca' 'd' <Predicate = true> <Delay = 0.00>
ST_1 : Operation 8 [1/1] (0.00ns)   --->   "%K_sum_V = alloca i32 1"   --->   Operation 8 'alloca' 'K_sum_V' <Predicate = true> <Delay = 0.00>
ST_1 : Operation 9 [1/1] (0.00ns)   --->   "%K_sum_V_1 = alloca i32 1"   --->   Operation 9 'alloca' 'K_sum_V_1' <Predicate = true> <Delay = 0.00>
ST_1 : Operation 10 [1/1] (0.00ns)   --->   "%K_sum_V_2 = alloca i32 1"   --->   Operation 10 'alloca' 'K_sum_V_2' <Predicate = true> <Delay = 0.00>
ST_1 : Operation 11 [1/1] (0.00ns)   --->   "%K_sum_V_3 = alloca i32 1"   --->   Operation 11 'alloca' 'K_sum_V_3' <Predicate = true> <Delay = 0.00>
ST_1 : Operation 12 [1/1] (0.00ns)   --->   "%K_sum_V_4 = alloca i32 1"   --->   Operation 12 'alloca' 'K_sum_V_4' <Predicate = true> <Delay = 0.00>
ST_1 : Operation 13 [1/1] (0.00ns)   --->   "%K_sum_V_5 = alloca i32 1"   --->   Operation 13 'alloca' 'K_sum_V_5' <Predicate = true> <Delay = 0.00>
ST_1 : Operation 14 [1/1] (0.00ns)   --->   "%K_sum_V_6 = alloca i32 1"   --->   Operation 14 'alloca' 'K_sum_V_6' <Predicate = true> <Delay = 0.00>
ST_1 : Operation 15 [1/1] (0.00ns)   --->   "%K_sum_V_7 = alloca i32 1"   --->   Operation 15 'alloca' 'K_sum_V_7' <Predicate = true> <Delay = 0.00>
ST_1 : Operation 16 [1/1] (0.00ns)   --->   "%K_sum_V_8 = alloca i32 1"   --->   Operation 16 'alloca' 'K_sum_V_8' <Predicate = true> <Delay = 0.00>
ST_1 : Operation 17 [1/1] (0.00ns)   --->   "%K_sum_V_9 = alloca i32 1"   --->   Operation 17 'alloca' 'K_sum_V_9' <Predicate = true> <Delay = 0.00>
ST_1 : Operation 18 [1/1] (0.00ns)   --->   "%K_sum_V_10 = alloca i32 1"   --->   Operation 18 'alloca' 'K_sum_V_10' <Predicate = true> <Delay = 0.00>
ST_1 : Operation 19 [1/1] (0.00ns)   --->   "%K_sum_V_11 = alloca i32 1"   --->   Operation 19 'alloca' 'K_sum_V_11' <Predicate = true> <Delay = 0.00>
ST_1 : Operation 20 [1/1] (0.00ns)   --->   "%K_sum_V_12 = alloca i32 1"   --->   Operation 20 'alloca' 'K_sum_V_12' <Predicate = true> <Delay = 0.00>
ST_1 : Operation 21 [1/1] (0.00ns)   --->   "%K_sum_V_13 = alloca i32 1"   --->   Operation 21 'alloca' 'K_sum_V_13' <Predicate = true> <Delay = 0.00>
ST_1 : Operation 22 [1/1] (0.00ns)   --->   "%K_sum_V_14 = alloca i32 1"   --->   Operation 22 'alloca' 'K_sum_V_14' <Predicate = true> <Delay = 0.00>
ST_1 : Operation 23 [1/1] (0.00ns)   --->   "%K_sum_V_15 = alloca i32 1"   --->   Operation 23 'alloca' 'K_sum_V_15' <Predicate = true> <Delay = 0.00>
ST_1 : Operation 24 [1/1] (0.00ns)   --->   "%K_V_15_load_15_read = read i16 @_ssdm_op_Read.ap_auto.i16, i16 %K_V_15_load_15"   --->   Operation 24 'read' 'K_V_15_load_15_read' <Predicate = true> <Delay = 0.00>
ST_1 : Operation 25 [1/1] (0.00ns)   --->   "%K_V_14_load_15_read = read i16 @_ssdm_op_Read.ap_auto.i16, i16 %K_V_14_load_15"   --->   Operation 25 'read' 'K_V_14_load_15_read' <Predicate = true> <Delay = 0.00>
ST_1 : Operation 26 [1/1] (0.00ns)   --->   "%K_V_13_load_15_read = read i16 @_ssdm_op_Read.ap_auto.i16, i16 %K_V_13_load_15"   --->   Operation 26 'read' 'K_V_13_load_15_read' <Predicate = true> <Delay = 0.00>
ST_1 : Operation 27 [1/1] (0.00ns)   --->   "%K_V_12_load_15_read = read i16 @_ssdm_op_Read.ap_auto.i16, i16 %K_V_12_load_15"   --->   Operation 27 'read' 'K_V_12_load_15_read' <Predicate = true> <Delay = 0.00>
ST_1 : Operation 28 [1/1] (0.00ns)   --->   "%K_V_11_load_15_read = read i16 @_ssdm_op_Read.ap_auto.i16, i16 %K_V_11_load_15"   --->   Operation 28 'read' 'K_V_11_load_15_read' <Predicate = true> <Delay = 0.00>
ST_1 : Operation 29 [1/1] (0.00ns)   --->   "%K_V_10_load_15_read = read i16 @_ssdm_op_Read.ap_auto.i16, i16 %K_V_10_load_15"   --->   Operation 29 'read' 'K_V_10_load_15_read' <Predicate = true> <Delay = 0.00>
ST_1 : Operation 30 [1/1] (0.00ns)   --->   "%K_V_9_load_16_read = read i16 @_ssdm_op_Read.ap_auto.i16, i16 %K_V_9_load_16"   --->   Operation 30 'read' 'K_V_9_load_16_read' <Predicate = true> <Delay = 0.00>
ST_1 : Operation 31 [1/1] (0.00ns)   --->   "%K_V_8_load_16_read = read i16 @_ssdm_op_Read.ap_auto.i16, i16 %K_V_8_load_16"   --->   Operation 31 'read' 'K_V_8_load_16_read' <Predicate = true> <Delay = 0.00>
ST_1 : Operation 32 [1/1] (0.00ns)   --->   "%K_V_7_load_16_read = read i16 @_ssdm_op_Read.ap_auto.i16, i16 %K_V_7_load_16"   --->   Operation 32 'read' 'K_V_7_load_16_read' <Predicate = true> <Delay = 0.00>
ST_1 : Operation 33 [1/1] (0.00ns)   --->   "%K_V_6_load_16_read = read i16 @_ssdm_op_Read.ap_auto.i16, i16 %K_V_6_load_16"   --->   Operation 33 'read' 'K_V_6_load_16_read' <Predicate = true> <Delay = 0.00>
ST_1 : Operation 34 [1/1] (0.00ns)   --->   "%K_V_5_load_16_read = read i16 @_ssdm_op_Read.ap_auto.i16, i16 %K_V_5_load_16"   --->   Operation 34 'read' 'K_V_5_load_16_read' <Predicate = true> <Delay = 0.00>
ST_1 : Operation 35 [1/1] (0.00ns)   --->   "%K_V_4_load_16_read = read i16 @_ssdm_op_Read.ap_auto.i16, i16 %K_V_4_load_16"   --->   Operation 35 'read' 'K_V_4_load_16_read' <Predicate = true> <Delay = 0.00>
ST_1 : Operation 36 [1/1] (0.00ns)   --->   "%K_V_3_load_16_read = read i16 @_ssdm_op_Read.ap_auto.i16, i16 %K_V_3_load_16"   --->   Operation 36 'read' 'K_V_3_load_16_read' <Predicate = true> <Delay = 0.00>
ST_1 : Operation 37 [1/1] (0.00ns)   --->   "%K_V_2_load_16_read = read i16 @_ssdm_op_Read.ap_auto.i16, i16 %K_V_2_load_16"   --->   Operation 37 'read' 'K_V_2_load_16_read' <Predicate = true> <Delay = 0.00>
ST_1 : Operation 38 [1/1] (0.00ns)   --->   "%K_V_1_load_16_read = read i16 @_ssdm_op_Read.ap_auto.i16, i16 %K_V_1_load_16"   --->   Operation 38 'read' 'K_V_1_load_16_read' <Predicate = true> <Delay = 0.00>
ST_1 : Operation 39 [1/1] (0.00ns)   --->   "%K_V_load_16_read = read i16 @_ssdm_op_Read.ap_auto.i16, i16 %K_V_load_16"   --->   Operation 39 'read' 'K_V_load_16_read' <Predicate = true> <Delay = 0.00>
ST_1 : Operation 40 [1/1] (0.00ns)   --->   "%K_V_15_load_14_read = read i16 @_ssdm_op_Read.ap_auto.i16, i16 %K_V_15_load_14"   --->   Operation 40 'read' 'K_V_15_load_14_read' <Predicate = true> <Delay = 0.00>
ST_1 : Operation 41 [1/1] (0.00ns)   --->   "%K_V_14_load_14_read = read i16 @_ssdm_op_Read.ap_auto.i16, i16 %K_V_14_load_14"   --->   Operation 41 'read' 'K_V_14_load_14_read' <Predicate = true> <Delay = 0.00>
ST_1 : Operation 42 [1/1] (0.00ns)   --->   "%K_V_13_load_14_read = read i16 @_ssdm_op_Read.ap_auto.i16, i16 %K_V_13_load_14"   --->   Operation 42 'read' 'K_V_13_load_14_read' <Predicate = true> <Delay = 0.00>
ST_1 : Operation 43 [1/1] (0.00ns)   --->   "%K_V_12_load_14_read = read i16 @_ssdm_op_Read.ap_auto.i16, i16 %K_V_12_load_14"   --->   Operation 43 'read' 'K_V_12_load_14_read' <Predicate = true> <Delay = 0.00>
ST_1 : Operation 44 [1/1] (0.00ns)   --->   "%K_V_11_load_14_read = read i16 @_ssdm_op_Read.ap_auto.i16, i16 %K_V_11_load_14"   --->   Operation 44 'read' 'K_V_11_load_14_read' <Predicate = true> <Delay = 0.00>
ST_1 : Operation 45 [1/1] (0.00ns)   --->   "%K_V_10_load_14_read = read i16 @_ssdm_op_Read.ap_auto.i16, i16 %K_V_10_load_14"   --->   Operation 45 'read' 'K_V_10_load_14_read' <Predicate = true> <Delay = 0.00>
ST_1 : Operation 46 [1/1] (0.00ns)   --->   "%K_V_9_load_15_read = read i16 @_ssdm_op_Read.ap_auto.i16, i16 %K_V_9_load_15"   --->   Operation 46 'read' 'K_V_9_load_15_read' <Predicate = true> <Delay = 0.00>
ST_1 : Operation 47 [1/1] (0.00ns)   --->   "%K_V_8_load_15_read = read i16 @_ssdm_op_Read.ap_auto.i16, i16 %K_V_8_load_15"   --->   Operation 47 'read' 'K_V_8_load_15_read' <Predicate = true> <Delay = 0.00>
ST_1 : Operation 48 [1/1] (0.00ns)   --->   "%K_V_7_load_15_read = read i16 @_ssdm_op_Read.ap_auto.i16, i16 %K_V_7_load_15"   --->   Operation 48 'read' 'K_V_7_load_15_read' <Predicate = true> <Delay = 0.00>
ST_1 : Operation 49 [1/1] (0.00ns)   --->   "%K_V_6_load_15_read = read i16 @_ssdm_op_Read.ap_auto.i16, i16 %K_V_6_load_15"   --->   Operation 49 'read' 'K_V_6_load_15_read' <Predicate = true> <Delay = 0.00>
ST_1 : Operation 50 [1/1] (0.00ns)   --->   "%K_V_5_load_15_read = read i16 @_ssdm_op_Read.ap_auto.i16, i16 %K_V_5_load_15"   --->   Operation 50 'read' 'K_V_5_load_15_read' <Predicate = true> <Delay = 0.00>
ST_1 : Operation 51 [1/1] (0.00ns)   --->   "%K_V_4_load_15_read = read i16 @_ssdm_op_Read.ap_auto.i16, i16 %K_V_4_load_15"   --->   Operation 51 'read' 'K_V_4_load_15_read' <Predicate = true> <Delay = 0.00>
ST_1 : Operation 52 [1/1] (0.00ns)   --->   "%K_V_3_load_15_read = read i16 @_ssdm_op_Read.ap_auto.i16, i16 %K_V_3_load_15"   --->   Operation 52 'read' 'K_V_3_load_15_read' <Predicate = true> <Delay = 0.00>
ST_1 : Operation 53 [1/1] (0.00ns)   --->   "%K_V_2_load_15_read = read i16 @_ssdm_op_Read.ap_auto.i16, i16 %K_V_2_load_15"   --->   Operation 53 'read' 'K_V_2_load_15_read' <Predicate = true> <Delay = 0.00>
ST_1 : Operation 54 [1/1] (0.00ns)   --->   "%K_V_1_load_15_read = read i16 @_ssdm_op_Read.ap_auto.i16, i16 %K_V_1_load_15"   --->   Operation 54 'read' 'K_V_1_load_15_read' <Predicate = true> <Delay = 0.00>
ST_1 : Operation 55 [1/1] (0.00ns)   --->   "%K_V_load_15_read = read i16 @_ssdm_op_Read.ap_auto.i16, i16 %K_V_load_15"   --->   Operation 55 'read' 'K_V_load_15_read' <Predicate = true> <Delay = 0.00>
ST_1 : Operation 56 [1/1] (0.00ns)   --->   "%K_V_15_load_13_read = read i16 @_ssdm_op_Read.ap_auto.i16, i16 %K_V_15_load_13"   --->   Operation 56 'read' 'K_V_15_load_13_read' <Predicate = true> <Delay = 0.00>
ST_1 : Operation 57 [1/1] (0.00ns)   --->   "%K_V_14_load_13_read = read i16 @_ssdm_op_Read.ap_auto.i16, i16 %K_V_14_load_13"   --->   Operation 57 'read' 'K_V_14_load_13_read' <Predicate = true> <Delay = 0.00>
ST_1 : Operation 58 [1/1] (0.00ns)   --->   "%K_V_13_load_13_read = read i16 @_ssdm_op_Read.ap_auto.i16, i16 %K_V_13_load_13"   --->   Operation 58 'read' 'K_V_13_load_13_read' <Predicate = true> <Delay = 0.00>
ST_1 : Operation 59 [1/1] (0.00ns)   --->   "%K_V_12_load_13_read = read i16 @_ssdm_op_Read.ap_auto.i16, i16 %K_V_12_load_13"   --->   Operation 59 'read' 'K_V_12_load_13_read' <Predicate = true> <Delay = 0.00>
ST_1 : Operation 60 [1/1] (0.00ns)   --->   "%K_V_11_load_13_read = read i16 @_ssdm_op_Read.ap_auto.i16, i16 %K_V_11_load_13"   --->   Operation 60 'read' 'K_V_11_load_13_read' <Predicate = true> <Delay = 0.00>
ST_1 : Operation 61 [1/1] (0.00ns)   --->   "%K_V_10_load_13_read = read i16 @_ssdm_op_Read.ap_auto.i16, i16 %K_V_10_load_13"   --->   Operation 61 'read' 'K_V_10_load_13_read' <Predicate = true> <Delay = 0.00>
ST_1 : Operation 62 [1/1] (0.00ns)   --->   "%K_V_9_load_14_read = read i16 @_ssdm_op_Read.ap_auto.i16, i16 %K_V_9_load_14"   --->   Operation 62 'read' 'K_V_9_load_14_read' <Predicate = true> <Delay = 0.00>
ST_1 : Operation 63 [1/1] (0.00ns)   --->   "%K_V_8_load_14_read = read i16 @_ssdm_op_Read.ap_auto.i16, i16 %K_V_8_load_14"   --->   Operation 63 'read' 'K_V_8_load_14_read' <Predicate = true> <Delay = 0.00>
ST_1 : Operation 64 [1/1] (0.00ns)   --->   "%K_V_7_load_14_read = read i16 @_ssdm_op_Read.ap_auto.i16, i16 %K_V_7_load_14"   --->   Operation 64 'read' 'K_V_7_load_14_read' <Predicate = true> <Delay = 0.00>
ST_1 : Operation 65 [1/1] (0.00ns)   --->   "%K_V_6_load_14_read = read i16 @_ssdm_op_Read.ap_auto.i16, i16 %K_V_6_load_14"   --->   Operation 65 'read' 'K_V_6_load_14_read' <Predicate = true> <Delay = 0.00>
ST_1 : Operation 66 [1/1] (0.00ns)   --->   "%K_V_5_load_14_read = read i16 @_ssdm_op_Read.ap_auto.i16, i16 %K_V_5_load_14"   --->   Operation 66 'read' 'K_V_5_load_14_read' <Predicate = true> <Delay = 0.00>
ST_1 : Operation 67 [1/1] (0.00ns)   --->   "%K_V_4_load_14_read = read i16 @_ssdm_op_Read.ap_auto.i16, i16 %K_V_4_load_14"   --->   Operation 67 'read' 'K_V_4_load_14_read' <Predicate = true> <Delay = 0.00>
ST_1 : Operation 68 [1/1] (0.00ns)   --->   "%K_V_3_load_14_read = read i16 @_ssdm_op_Read.ap_auto.i16, i16 %K_V_3_load_14"   --->   Operation 68 'read' 'K_V_3_load_14_read' <Predicate = true> <Delay = 0.00>
ST_1 : Operation 69 [1/1] (0.00ns)   --->   "%K_V_2_load_14_read = read i16 @_ssdm_op_Read.ap_auto.i16, i16 %K_V_2_load_14"   --->   Operation 69 'read' 'K_V_2_load_14_read' <Predicate = true> <Delay = 0.00>
ST_1 : Operation 70 [1/1] (0.00ns)   --->   "%K_V_1_load_14_read = read i16 @_ssdm_op_Read.ap_auto.i16, i16 %K_V_1_load_14"   --->   Operation 70 'read' 'K_V_1_load_14_read' <Predicate = true> <Delay = 0.00>
ST_1 : Operation 71 [1/1] (0.00ns)   --->   "%K_V_load_14_read = read i16 @_ssdm_op_Read.ap_auto.i16, i16 %K_V_load_14"   --->   Operation 71 'read' 'K_V_load_14_read' <Predicate = true> <Delay = 0.00>
ST_1 : Operation 72 [1/1] (0.00ns)   --->   "%K_V_15_load_12_read = read i16 @_ssdm_op_Read.ap_auto.i16, i16 %K_V_15_load_12"   --->   Operation 72 'read' 'K_V_15_load_12_read' <Predicate = true> <Delay = 0.00>
ST_1 : Operation 73 [1/1] (0.00ns)   --->   "%K_V_14_load_12_read = read i16 @_ssdm_op_Read.ap_auto.i16, i16 %K_V_14_load_12"   --->   Operation 73 'read' 'K_V_14_load_12_read' <Predicate = true> <Delay = 0.00>
ST_1 : Operation 74 [1/1] (0.00ns)   --->   "%K_V_13_load_12_read = read i16 @_ssdm_op_Read.ap_auto.i16, i16 %K_V_13_load_12"   --->   Operation 74 'read' 'K_V_13_load_12_read' <Predicate = true> <Delay = 0.00>
ST_1 : Operation 75 [1/1] (0.00ns)   --->   "%K_V_12_load_12_read = read i16 @_ssdm_op_Read.ap_auto.i16, i16 %K_V_12_load_12"   --->   Operation 75 'read' 'K_V_12_load_12_read' <Predicate = true> <Delay = 0.00>
ST_1 : Operation 76 [1/1] (0.00ns)   --->   "%K_V_11_load_12_read = read i16 @_ssdm_op_Read.ap_auto.i16, i16 %K_V_11_load_12"   --->   Operation 76 'read' 'K_V_11_load_12_read' <Predicate = true> <Delay = 0.00>
ST_1 : Operation 77 [1/1] (0.00ns)   --->   "%K_V_10_load_12_read = read i16 @_ssdm_op_Read.ap_auto.i16, i16 %K_V_10_load_12"   --->   Operation 77 'read' 'K_V_10_load_12_read' <Predicate = true> <Delay = 0.00>
ST_1 : Operation 78 [1/1] (0.00ns)   --->   "%K_V_9_load_13_read = read i16 @_ssdm_op_Read.ap_auto.i16, i16 %K_V_9_load_13"   --->   Operation 78 'read' 'K_V_9_load_13_read' <Predicate = true> <Delay = 0.00>
ST_1 : Operation 79 [1/1] (0.00ns)   --->   "%K_V_8_load_13_read = read i16 @_ssdm_op_Read.ap_auto.i16, i16 %K_V_8_load_13"   --->   Operation 79 'read' 'K_V_8_load_13_read' <Predicate = true> <Delay = 0.00>
ST_1 : Operation 80 [1/1] (0.00ns)   --->   "%K_V_7_load_13_read = read i16 @_ssdm_op_Read.ap_auto.i16, i16 %K_V_7_load_13"   --->   Operation 80 'read' 'K_V_7_load_13_read' <Predicate = true> <Delay = 0.00>
ST_1 : Operation 81 [1/1] (0.00ns)   --->   "%K_V_6_load_13_read = read i16 @_ssdm_op_Read.ap_auto.i16, i16 %K_V_6_load_13"   --->   Operation 81 'read' 'K_V_6_load_13_read' <Predicate = true> <Delay = 0.00>
ST_1 : Operation 82 [1/1] (0.00ns)   --->   "%K_V_5_load_13_read = read i16 @_ssdm_op_Read.ap_auto.i16, i16 %K_V_5_load_13"   --->   Operation 82 'read' 'K_V_5_load_13_read' <Predicate = true> <Delay = 0.00>
ST_1 : Operation 83 [1/1] (0.00ns)   --->   "%K_V_4_load_13_read = read i16 @_ssdm_op_Read.ap_auto.i16, i16 %K_V_4_load_13"   --->   Operation 83 'read' 'K_V_4_load_13_read' <Predicate = true> <Delay = 0.00>
ST_1 : Operation 84 [1/1] (0.00ns)   --->   "%K_V_3_load_13_read = read i16 @_ssdm_op_Read.ap_auto.i16, i16 %K_V_3_load_13"   --->   Operation 84 'read' 'K_V_3_load_13_read' <Predicate = true> <Delay = 0.00>
ST_1 : Operation 85 [1/1] (0.00ns)   --->   "%K_V_2_load_13_read = read i16 @_ssdm_op_Read.ap_auto.i16, i16 %K_V_2_load_13"   --->   Operation 85 'read' 'K_V_2_load_13_read' <Predicate = true> <Delay = 0.00>
ST_1 : Operation 86 [1/1] (0.00ns)   --->   "%K_V_1_load_13_read = read i16 @_ssdm_op_Read.ap_auto.i16, i16 %K_V_1_load_13"   --->   Operation 86 'read' 'K_V_1_load_13_read' <Predicate = true> <Delay = 0.00>
ST_1 : Operation 87 [1/1] (0.00ns)   --->   "%K_V_load_13_read = read i16 @_ssdm_op_Read.ap_auto.i16, i16 %K_V_load_13"   --->   Operation 87 'read' 'K_V_load_13_read' <Predicate = true> <Delay = 0.00>
ST_1 : Operation 88 [1/1] (0.00ns)   --->   "%K_V_15_load_11_read = read i16 @_ssdm_op_Read.ap_auto.i16, i16 %K_V_15_load_11"   --->   Operation 88 'read' 'K_V_15_load_11_read' <Predicate = true> <Delay = 0.00>
ST_1 : Operation 89 [1/1] (0.00ns)   --->   "%K_V_14_load_11_read = read i16 @_ssdm_op_Read.ap_auto.i16, i16 %K_V_14_load_11"   --->   Operation 89 'read' 'K_V_14_load_11_read' <Predicate = true> <Delay = 0.00>
ST_1 : Operation 90 [1/1] (0.00ns)   --->   "%K_V_13_load_11_read = read i16 @_ssdm_op_Read.ap_auto.i16, i16 %K_V_13_load_11"   --->   Operation 90 'read' 'K_V_13_load_11_read' <Predicate = true> <Delay = 0.00>
ST_1 : Operation 91 [1/1] (0.00ns)   --->   "%K_V_12_load_11_read = read i16 @_ssdm_op_Read.ap_auto.i16, i16 %K_V_12_load_11"   --->   Operation 91 'read' 'K_V_12_load_11_read' <Predicate = true> <Delay = 0.00>
ST_1 : Operation 92 [1/1] (0.00ns)   --->   "%K_V_11_load_11_read = read i16 @_ssdm_op_Read.ap_auto.i16, i16 %K_V_11_load_11"   --->   Operation 92 'read' 'K_V_11_load_11_read' <Predicate = true> <Delay = 0.00>
ST_1 : Operation 93 [1/1] (0.00ns)   --->   "%K_V_10_load_11_read = read i16 @_ssdm_op_Read.ap_auto.i16, i16 %K_V_10_load_11"   --->   Operation 93 'read' 'K_V_10_load_11_read' <Predicate = true> <Delay = 0.00>
ST_1 : Operation 94 [1/1] (0.00ns)   --->   "%K_V_9_load_12_read = read i16 @_ssdm_op_Read.ap_auto.i16, i16 %K_V_9_load_12"   --->   Operation 94 'read' 'K_V_9_load_12_read' <Predicate = true> <Delay = 0.00>
ST_1 : Operation 95 [1/1] (0.00ns)   --->   "%K_V_8_load_12_read = read i16 @_ssdm_op_Read.ap_auto.i16, i16 %K_V_8_load_12"   --->   Operation 95 'read' 'K_V_8_load_12_read' <Predicate = true> <Delay = 0.00>
ST_1 : Operation 96 [1/1] (0.00ns)   --->   "%K_V_7_load_12_read = read i16 @_ssdm_op_Read.ap_auto.i16, i16 %K_V_7_load_12"   --->   Operation 96 'read' 'K_V_7_load_12_read' <Predicate = true> <Delay = 0.00>
ST_1 : Operation 97 [1/1] (0.00ns)   --->   "%K_V_6_load_12_read = read i16 @_ssdm_op_Read.ap_auto.i16, i16 %K_V_6_load_12"   --->   Operation 97 'read' 'K_V_6_load_12_read' <Predicate = true> <Delay = 0.00>
ST_1 : Operation 98 [1/1] (0.00ns)   --->   "%K_V_5_load_12_read = read i16 @_ssdm_op_Read.ap_auto.i16, i16 %K_V_5_load_12"   --->   Operation 98 'read' 'K_V_5_load_12_read' <Predicate = true> <Delay = 0.00>
ST_1 : Operation 99 [1/1] (0.00ns)   --->   "%K_V_4_load_12_read = read i16 @_ssdm_op_Read.ap_auto.i16, i16 %K_V_4_load_12"   --->   Operation 99 'read' 'K_V_4_load_12_read' <Predicate = true> <Delay = 0.00>
ST_1 : Operation 100 [1/1] (0.00ns)   --->   "%K_V_3_load_12_read = read i16 @_ssdm_op_Read.ap_auto.i16, i16 %K_V_3_load_12"   --->   Operation 100 'read' 'K_V_3_load_12_read' <Predicate = true> <Delay = 0.00>
ST_1 : Operation 101 [1/1] (0.00ns)   --->   "%K_V_2_load_12_read = read i16 @_ssdm_op_Read.ap_auto.i16, i16 %K_V_2_load_12"   --->   Operation 101 'read' 'K_V_2_load_12_read' <Predicate = true> <Delay = 0.00>
ST_1 : Operation 102 [1/1] (0.00ns)   --->   "%K_V_1_load_12_read = read i16 @_ssdm_op_Read.ap_auto.i16, i16 %K_V_1_load_12"   --->   Operation 102 'read' 'K_V_1_load_12_read' <Predicate = true> <Delay = 0.00>
ST_1 : Operation 103 [1/1] (0.00ns)   --->   "%K_V_load_12_read = read i16 @_ssdm_op_Read.ap_auto.i16, i16 %K_V_load_12"   --->   Operation 103 'read' 'K_V_load_12_read' <Predicate = true> <Delay = 0.00>
ST_1 : Operation 104 [1/1] (0.00ns)   --->   "%K_V_15_load_10_read = read i16 @_ssdm_op_Read.ap_auto.i16, i16 %K_V_15_load_10"   --->   Operation 104 'read' 'K_V_15_load_10_read' <Predicate = true> <Delay = 0.00>
ST_1 : Operation 105 [1/1] (0.00ns)   --->   "%K_V_14_load_10_read = read i16 @_ssdm_op_Read.ap_auto.i16, i16 %K_V_14_load_10"   --->   Operation 105 'read' 'K_V_14_load_10_read' <Predicate = true> <Delay = 0.00>
ST_1 : Operation 106 [1/1] (0.00ns)   --->   "%K_V_13_load_10_read = read i16 @_ssdm_op_Read.ap_auto.i16, i16 %K_V_13_load_10"   --->   Operation 106 'read' 'K_V_13_load_10_read' <Predicate = true> <Delay = 0.00>
ST_1 : Operation 107 [1/1] (0.00ns)   --->   "%K_V_12_load_10_read = read i16 @_ssdm_op_Read.ap_auto.i16, i16 %K_V_12_load_10"   --->   Operation 107 'read' 'K_V_12_load_10_read' <Predicate = true> <Delay = 0.00>
ST_1 : Operation 108 [1/1] (0.00ns)   --->   "%K_V_11_load_10_read = read i16 @_ssdm_op_Read.ap_auto.i16, i16 %K_V_11_load_10"   --->   Operation 108 'read' 'K_V_11_load_10_read' <Predicate = true> <Delay = 0.00>
ST_1 : Operation 109 [1/1] (0.00ns)   --->   "%K_V_10_load_10_read = read i16 @_ssdm_op_Read.ap_auto.i16, i16 %K_V_10_load_10"   --->   Operation 109 'read' 'K_V_10_load_10_read' <Predicate = true> <Delay = 0.00>
ST_1 : Operation 110 [1/1] (0.00ns)   --->   "%K_V_9_load_11_read = read i16 @_ssdm_op_Read.ap_auto.i16, i16 %K_V_9_load_11"   --->   Operation 110 'read' 'K_V_9_load_11_read' <Predicate = true> <Delay = 0.00>
ST_1 : Operation 111 [1/1] (0.00ns)   --->   "%K_V_8_load_11_read = read i16 @_ssdm_op_Read.ap_auto.i16, i16 %K_V_8_load_11"   --->   Operation 111 'read' 'K_V_8_load_11_read' <Predicate = true> <Delay = 0.00>
ST_1 : Operation 112 [1/1] (0.00ns)   --->   "%K_V_7_load_11_read = read i16 @_ssdm_op_Read.ap_auto.i16, i16 %K_V_7_load_11"   --->   Operation 112 'read' 'K_V_7_load_11_read' <Predicate = true> <Delay = 0.00>
ST_1 : Operation 113 [1/1] (0.00ns)   --->   "%K_V_6_load_11_read = read i16 @_ssdm_op_Read.ap_auto.i16, i16 %K_V_6_load_11"   --->   Operation 113 'read' 'K_V_6_load_11_read' <Predicate = true> <Delay = 0.00>
ST_1 : Operation 114 [1/1] (0.00ns)   --->   "%K_V_5_load_11_read = read i16 @_ssdm_op_Read.ap_auto.i16, i16 %K_V_5_load_11"   --->   Operation 114 'read' 'K_V_5_load_11_read' <Predicate = true> <Delay = 0.00>
ST_1 : Operation 115 [1/1] (0.00ns)   --->   "%K_V_4_load_11_read = read i16 @_ssdm_op_Read.ap_auto.i16, i16 %K_V_4_load_11"   --->   Operation 115 'read' 'K_V_4_load_11_read' <Predicate = true> <Delay = 0.00>
ST_1 : Operation 116 [1/1] (0.00ns)   --->   "%K_V_3_load_11_read = read i16 @_ssdm_op_Read.ap_auto.i16, i16 %K_V_3_load_11"   --->   Operation 116 'read' 'K_V_3_load_11_read' <Predicate = true> <Delay = 0.00>
ST_1 : Operation 117 [1/1] (0.00ns)   --->   "%K_V_2_load_11_read = read i16 @_ssdm_op_Read.ap_auto.i16, i16 %K_V_2_load_11"   --->   Operation 117 'read' 'K_V_2_load_11_read' <Predicate = true> <Delay = 0.00>
ST_1 : Operation 118 [1/1] (0.00ns)   --->   "%K_V_1_load_11_read = read i16 @_ssdm_op_Read.ap_auto.i16, i16 %K_V_1_load_11"   --->   Operation 118 'read' 'K_V_1_load_11_read' <Predicate = true> <Delay = 0.00>
ST_1 : Operation 119 [1/1] (0.00ns)   --->   "%K_V_load_11_read = read i16 @_ssdm_op_Read.ap_auto.i16, i16 %K_V_load_11"   --->   Operation 119 'read' 'K_V_load_11_read' <Predicate = true> <Delay = 0.00>
ST_1 : Operation 120 [1/1] (0.00ns)   --->   "%K_V_15_load_9_read = read i16 @_ssdm_op_Read.ap_auto.i16, i16 %K_V_15_load_9"   --->   Operation 120 'read' 'K_V_15_load_9_read' <Predicate = true> <Delay = 0.00>
ST_1 : Operation 121 [1/1] (0.00ns)   --->   "%K_V_14_load_9_read = read i16 @_ssdm_op_Read.ap_auto.i16, i16 %K_V_14_load_9"   --->   Operation 121 'read' 'K_V_14_load_9_read' <Predicate = true> <Delay = 0.00>
ST_1 : Operation 122 [1/1] (0.00ns)   --->   "%K_V_13_load_9_read = read i16 @_ssdm_op_Read.ap_auto.i16, i16 %K_V_13_load_9"   --->   Operation 122 'read' 'K_V_13_load_9_read' <Predicate = true> <Delay = 0.00>
ST_1 : Operation 123 [1/1] (0.00ns)   --->   "%K_V_12_load_9_read = read i16 @_ssdm_op_Read.ap_auto.i16, i16 %K_V_12_load_9"   --->   Operation 123 'read' 'K_V_12_load_9_read' <Predicate = true> <Delay = 0.00>
ST_1 : Operation 124 [1/1] (0.00ns)   --->   "%K_V_11_load_9_read = read i16 @_ssdm_op_Read.ap_auto.i16, i16 %K_V_11_load_9"   --->   Operation 124 'read' 'K_V_11_load_9_read' <Predicate = true> <Delay = 0.00>
ST_1 : Operation 125 [1/1] (0.00ns)   --->   "%K_V_10_load_9_read = read i16 @_ssdm_op_Read.ap_auto.i16, i16 %K_V_10_load_9"   --->   Operation 125 'read' 'K_V_10_load_9_read' <Predicate = true> <Delay = 0.00>
ST_1 : Operation 126 [1/1] (0.00ns)   --->   "%K_V_9_load_10_read = read i16 @_ssdm_op_Read.ap_auto.i16, i16 %K_V_9_load_10"   --->   Operation 126 'read' 'K_V_9_load_10_read' <Predicate = true> <Delay = 0.00>
ST_1 : Operation 127 [1/1] (0.00ns)   --->   "%K_V_8_load_10_read = read i16 @_ssdm_op_Read.ap_auto.i16, i16 %K_V_8_load_10"   --->   Operation 127 'read' 'K_V_8_load_10_read' <Predicate = true> <Delay = 0.00>
ST_1 : Operation 128 [1/1] (0.00ns)   --->   "%K_V_7_load_10_read = read i16 @_ssdm_op_Read.ap_auto.i16, i16 %K_V_7_load_10"   --->   Operation 128 'read' 'K_V_7_load_10_read' <Predicate = true> <Delay = 0.00>
ST_1 : Operation 129 [1/1] (0.00ns)   --->   "%K_V_6_load_10_read = read i16 @_ssdm_op_Read.ap_auto.i16, i16 %K_V_6_load_10"   --->   Operation 129 'read' 'K_V_6_load_10_read' <Predicate = true> <Delay = 0.00>
ST_1 : Operation 130 [1/1] (0.00ns)   --->   "%K_V_5_load_10_read = read i16 @_ssdm_op_Read.ap_auto.i16, i16 %K_V_5_load_10"   --->   Operation 130 'read' 'K_V_5_load_10_read' <Predicate = true> <Delay = 0.00>
ST_1 : Operation 131 [1/1] (0.00ns)   --->   "%K_V_4_load_10_read = read i16 @_ssdm_op_Read.ap_auto.i16, i16 %K_V_4_load_10"   --->   Operation 131 'read' 'K_V_4_load_10_read' <Predicate = true> <Delay = 0.00>
ST_1 : Operation 132 [1/1] (0.00ns)   --->   "%K_V_3_load_10_read = read i16 @_ssdm_op_Read.ap_auto.i16, i16 %K_V_3_load_10"   --->   Operation 132 'read' 'K_V_3_load_10_read' <Predicate = true> <Delay = 0.00>
ST_1 : Operation 133 [1/1] (0.00ns)   --->   "%K_V_2_load_10_read = read i16 @_ssdm_op_Read.ap_auto.i16, i16 %K_V_2_load_10"   --->   Operation 133 'read' 'K_V_2_load_10_read' <Predicate = true> <Delay = 0.00>
ST_1 : Operation 134 [1/1] (0.00ns)   --->   "%K_V_1_load_10_read = read i16 @_ssdm_op_Read.ap_auto.i16, i16 %K_V_1_load_10"   --->   Operation 134 'read' 'K_V_1_load_10_read' <Predicate = true> <Delay = 0.00>
ST_1 : Operation 135 [1/1] (0.00ns)   --->   "%K_V_load_10_read = read i16 @_ssdm_op_Read.ap_auto.i16, i16 %K_V_load_10"   --->   Operation 135 'read' 'K_V_load_10_read' <Predicate = true> <Delay = 0.00>
ST_1 : Operation 136 [1/1] (0.00ns)   --->   "%K_V_15_load_8_read = read i16 @_ssdm_op_Read.ap_auto.i16, i16 %K_V_15_load_8"   --->   Operation 136 'read' 'K_V_15_load_8_read' <Predicate = true> <Delay = 0.00>
ST_1 : Operation 137 [1/1] (0.00ns)   --->   "%K_V_14_load_8_read = read i16 @_ssdm_op_Read.ap_auto.i16, i16 %K_V_14_load_8"   --->   Operation 137 'read' 'K_V_14_load_8_read' <Predicate = true> <Delay = 0.00>
ST_1 : Operation 138 [1/1] (0.00ns)   --->   "%K_V_13_load_8_read = read i16 @_ssdm_op_Read.ap_auto.i16, i16 %K_V_13_load_8"   --->   Operation 138 'read' 'K_V_13_load_8_read' <Predicate = true> <Delay = 0.00>
ST_1 : Operation 139 [1/1] (0.00ns)   --->   "%K_V_12_load_8_read = read i16 @_ssdm_op_Read.ap_auto.i16, i16 %K_V_12_load_8"   --->   Operation 139 'read' 'K_V_12_load_8_read' <Predicate = true> <Delay = 0.00>
ST_1 : Operation 140 [1/1] (0.00ns)   --->   "%K_V_11_load_8_read = read i16 @_ssdm_op_Read.ap_auto.i16, i16 %K_V_11_load_8"   --->   Operation 140 'read' 'K_V_11_load_8_read' <Predicate = true> <Delay = 0.00>
ST_1 : Operation 141 [1/1] (0.00ns)   --->   "%K_V_10_load_8_read = read i16 @_ssdm_op_Read.ap_auto.i16, i16 %K_V_10_load_8"   --->   Operation 141 'read' 'K_V_10_load_8_read' <Predicate = true> <Delay = 0.00>
ST_1 : Operation 142 [1/1] (0.00ns)   --->   "%K_V_9_load_9_read = read i16 @_ssdm_op_Read.ap_auto.i16, i16 %K_V_9_load_9"   --->   Operation 142 'read' 'K_V_9_load_9_read' <Predicate = true> <Delay = 0.00>
ST_1 : Operation 143 [1/1] (0.00ns)   --->   "%K_V_8_load_9_read = read i16 @_ssdm_op_Read.ap_auto.i16, i16 %K_V_8_load_9"   --->   Operation 143 'read' 'K_V_8_load_9_read' <Predicate = true> <Delay = 0.00>
ST_1 : Operation 144 [1/1] (0.00ns)   --->   "%K_V_7_load_9_read = read i16 @_ssdm_op_Read.ap_auto.i16, i16 %K_V_7_load_9"   --->   Operation 144 'read' 'K_V_7_load_9_read' <Predicate = true> <Delay = 0.00>
ST_1 : Operation 145 [1/1] (0.00ns)   --->   "%K_V_6_load_9_read = read i16 @_ssdm_op_Read.ap_auto.i16, i16 %K_V_6_load_9"   --->   Operation 145 'read' 'K_V_6_load_9_read' <Predicate = true> <Delay = 0.00>
ST_1 : Operation 146 [1/1] (0.00ns)   --->   "%K_V_5_load_9_read = read i16 @_ssdm_op_Read.ap_auto.i16, i16 %K_V_5_load_9"   --->   Operation 146 'read' 'K_V_5_load_9_read' <Predicate = true> <Delay = 0.00>
ST_1 : Operation 147 [1/1] (0.00ns)   --->   "%K_V_4_load_9_read = read i16 @_ssdm_op_Read.ap_auto.i16, i16 %K_V_4_load_9"   --->   Operation 147 'read' 'K_V_4_load_9_read' <Predicate = true> <Delay = 0.00>
ST_1 : Operation 148 [1/1] (0.00ns)   --->   "%K_V_3_load_9_read = read i16 @_ssdm_op_Read.ap_auto.i16, i16 %K_V_3_load_9"   --->   Operation 148 'read' 'K_V_3_load_9_read' <Predicate = true> <Delay = 0.00>
ST_1 : Operation 149 [1/1] (0.00ns)   --->   "%K_V_2_load_9_read = read i16 @_ssdm_op_Read.ap_auto.i16, i16 %K_V_2_load_9"   --->   Operation 149 'read' 'K_V_2_load_9_read' <Predicate = true> <Delay = 0.00>
ST_1 : Operation 150 [1/1] (0.00ns)   --->   "%K_V_1_load_9_read = read i16 @_ssdm_op_Read.ap_auto.i16, i16 %K_V_1_load_9"   --->   Operation 150 'read' 'K_V_1_load_9_read' <Predicate = true> <Delay = 0.00>
ST_1 : Operation 151 [1/1] (0.00ns)   --->   "%K_V_load_9_read = read i16 @_ssdm_op_Read.ap_auto.i16, i16 %K_V_load_9"   --->   Operation 151 'read' 'K_V_load_9_read' <Predicate = true> <Delay = 0.00>
ST_1 : Operation 152 [1/1] (0.00ns)   --->   "%K_V_15_load_7_read = read i16 @_ssdm_op_Read.ap_auto.i16, i16 %K_V_15_load_7"   --->   Operation 152 'read' 'K_V_15_load_7_read' <Predicate = true> <Delay = 0.00>
ST_1 : Operation 153 [1/1] (0.00ns)   --->   "%K_V_14_load_7_read = read i16 @_ssdm_op_Read.ap_auto.i16, i16 %K_V_14_load_7"   --->   Operation 153 'read' 'K_V_14_load_7_read' <Predicate = true> <Delay = 0.00>
ST_1 : Operation 154 [1/1] (0.00ns)   --->   "%K_V_13_load_7_read = read i16 @_ssdm_op_Read.ap_auto.i16, i16 %K_V_13_load_7"   --->   Operation 154 'read' 'K_V_13_load_7_read' <Predicate = true> <Delay = 0.00>
ST_1 : Operation 155 [1/1] (0.00ns)   --->   "%K_V_12_load_7_read = read i16 @_ssdm_op_Read.ap_auto.i16, i16 %K_V_12_load_7"   --->   Operation 155 'read' 'K_V_12_load_7_read' <Predicate = true> <Delay = 0.00>
ST_1 : Operation 156 [1/1] (0.00ns)   --->   "%K_V_11_load_7_read = read i16 @_ssdm_op_Read.ap_auto.i16, i16 %K_V_11_load_7"   --->   Operation 156 'read' 'K_V_11_load_7_read' <Predicate = true> <Delay = 0.00>
ST_1 : Operation 157 [1/1] (0.00ns)   --->   "%K_V_10_load_7_read = read i16 @_ssdm_op_Read.ap_auto.i16, i16 %K_V_10_load_7"   --->   Operation 157 'read' 'K_V_10_load_7_read' <Predicate = true> <Delay = 0.00>
ST_1 : Operation 158 [1/1] (0.00ns)   --->   "%K_V_9_load_8_read = read i16 @_ssdm_op_Read.ap_auto.i16, i16 %K_V_9_load_8"   --->   Operation 158 'read' 'K_V_9_load_8_read' <Predicate = true> <Delay = 0.00>
ST_1 : Operation 159 [1/1] (0.00ns)   --->   "%K_V_8_load_8_read = read i16 @_ssdm_op_Read.ap_auto.i16, i16 %K_V_8_load_8"   --->   Operation 159 'read' 'K_V_8_load_8_read' <Predicate = true> <Delay = 0.00>
ST_1 : Operation 160 [1/1] (0.00ns)   --->   "%K_V_7_load_8_read = read i16 @_ssdm_op_Read.ap_auto.i16, i16 %K_V_7_load_8"   --->   Operation 160 'read' 'K_V_7_load_8_read' <Predicate = true> <Delay = 0.00>
ST_1 : Operation 161 [1/1] (0.00ns)   --->   "%K_V_6_load_8_read = read i16 @_ssdm_op_Read.ap_auto.i16, i16 %K_V_6_load_8"   --->   Operation 161 'read' 'K_V_6_load_8_read' <Predicate = true> <Delay = 0.00>
ST_1 : Operation 162 [1/1] (0.00ns)   --->   "%K_V_5_load_8_read = read i16 @_ssdm_op_Read.ap_auto.i16, i16 %K_V_5_load_8"   --->   Operation 162 'read' 'K_V_5_load_8_read' <Predicate = true> <Delay = 0.00>
ST_1 : Operation 163 [1/1] (0.00ns)   --->   "%K_V_4_load_8_read = read i16 @_ssdm_op_Read.ap_auto.i16, i16 %K_V_4_load_8"   --->   Operation 163 'read' 'K_V_4_load_8_read' <Predicate = true> <Delay = 0.00>
ST_1 : Operation 164 [1/1] (0.00ns)   --->   "%K_V_3_load_8_read = read i16 @_ssdm_op_Read.ap_auto.i16, i16 %K_V_3_load_8"   --->   Operation 164 'read' 'K_V_3_load_8_read' <Predicate = true> <Delay = 0.00>
ST_1 : Operation 165 [1/1] (0.00ns)   --->   "%K_V_2_load_8_read = read i16 @_ssdm_op_Read.ap_auto.i16, i16 %K_V_2_load_8"   --->   Operation 165 'read' 'K_V_2_load_8_read' <Predicate = true> <Delay = 0.00>
ST_1 : Operation 166 [1/1] (0.00ns)   --->   "%K_V_1_load_8_read = read i16 @_ssdm_op_Read.ap_auto.i16, i16 %K_V_1_load_8"   --->   Operation 166 'read' 'K_V_1_load_8_read' <Predicate = true> <Delay = 0.00>
ST_1 : Operation 167 [1/1] (0.00ns)   --->   "%K_V_load_8_read = read i16 @_ssdm_op_Read.ap_auto.i16, i16 %K_V_load_8"   --->   Operation 167 'read' 'K_V_load_8_read' <Predicate = true> <Delay = 0.00>
ST_1 : Operation 168 [1/1] (0.00ns)   --->   "%K_V_15_load_6_read = read i16 @_ssdm_op_Read.ap_auto.i16, i16 %K_V_15_load_6"   --->   Operation 168 'read' 'K_V_15_load_6_read' <Predicate = true> <Delay = 0.00>
ST_1 : Operation 169 [1/1] (0.00ns)   --->   "%K_V_14_load_6_read = read i16 @_ssdm_op_Read.ap_auto.i16, i16 %K_V_14_load_6"   --->   Operation 169 'read' 'K_V_14_load_6_read' <Predicate = true> <Delay = 0.00>
ST_1 : Operation 170 [1/1] (0.00ns)   --->   "%K_V_13_load_6_read = read i16 @_ssdm_op_Read.ap_auto.i16, i16 %K_V_13_load_6"   --->   Operation 170 'read' 'K_V_13_load_6_read' <Predicate = true> <Delay = 0.00>
ST_1 : Operation 171 [1/1] (0.00ns)   --->   "%K_V_12_load_6_read = read i16 @_ssdm_op_Read.ap_auto.i16, i16 %K_V_12_load_6"   --->   Operation 171 'read' 'K_V_12_load_6_read' <Predicate = true> <Delay = 0.00>
ST_1 : Operation 172 [1/1] (0.00ns)   --->   "%K_V_11_load_6_read = read i16 @_ssdm_op_Read.ap_auto.i16, i16 %K_V_11_load_6"   --->   Operation 172 'read' 'K_V_11_load_6_read' <Predicate = true> <Delay = 0.00>
ST_1 : Operation 173 [1/1] (0.00ns)   --->   "%K_V_10_load_6_read = read i16 @_ssdm_op_Read.ap_auto.i16, i16 %K_V_10_load_6"   --->   Operation 173 'read' 'K_V_10_load_6_read' <Predicate = true> <Delay = 0.00>
ST_1 : Operation 174 [1/1] (0.00ns)   --->   "%K_V_9_load_7_read = read i16 @_ssdm_op_Read.ap_auto.i16, i16 %K_V_9_load_7"   --->   Operation 174 'read' 'K_V_9_load_7_read' <Predicate = true> <Delay = 0.00>
ST_1 : Operation 175 [1/1] (0.00ns)   --->   "%K_V_8_load_7_read = read i16 @_ssdm_op_Read.ap_auto.i16, i16 %K_V_8_load_7"   --->   Operation 175 'read' 'K_V_8_load_7_read' <Predicate = true> <Delay = 0.00>
ST_1 : Operation 176 [1/1] (0.00ns)   --->   "%K_V_7_load_7_read = read i16 @_ssdm_op_Read.ap_auto.i16, i16 %K_V_7_load_7"   --->   Operation 176 'read' 'K_V_7_load_7_read' <Predicate = true> <Delay = 0.00>
ST_1 : Operation 177 [1/1] (0.00ns)   --->   "%K_V_6_load_7_read = read i16 @_ssdm_op_Read.ap_auto.i16, i16 %K_V_6_load_7"   --->   Operation 177 'read' 'K_V_6_load_7_read' <Predicate = true> <Delay = 0.00>
ST_1 : Operation 178 [1/1] (0.00ns)   --->   "%K_V_5_load_7_read = read i16 @_ssdm_op_Read.ap_auto.i16, i16 %K_V_5_load_7"   --->   Operation 178 'read' 'K_V_5_load_7_read' <Predicate = true> <Delay = 0.00>
ST_1 : Operation 179 [1/1] (0.00ns)   --->   "%K_V_4_load_7_read = read i16 @_ssdm_op_Read.ap_auto.i16, i16 %K_V_4_load_7"   --->   Operation 179 'read' 'K_V_4_load_7_read' <Predicate = true> <Delay = 0.00>
ST_1 : Operation 180 [1/1] (0.00ns)   --->   "%K_V_3_load_7_read = read i16 @_ssdm_op_Read.ap_auto.i16, i16 %K_V_3_load_7"   --->   Operation 180 'read' 'K_V_3_load_7_read' <Predicate = true> <Delay = 0.00>
ST_1 : Operation 181 [1/1] (0.00ns)   --->   "%K_V_2_load_7_read = read i16 @_ssdm_op_Read.ap_auto.i16, i16 %K_V_2_load_7"   --->   Operation 181 'read' 'K_V_2_load_7_read' <Predicate = true> <Delay = 0.00>
ST_1 : Operation 182 [1/1] (0.00ns)   --->   "%K_V_1_load_7_read = read i16 @_ssdm_op_Read.ap_auto.i16, i16 %K_V_1_load_7"   --->   Operation 182 'read' 'K_V_1_load_7_read' <Predicate = true> <Delay = 0.00>
ST_1 : Operation 183 [1/1] (0.00ns)   --->   "%K_V_load_7_read = read i16 @_ssdm_op_Read.ap_auto.i16, i16 %K_V_load_7"   --->   Operation 183 'read' 'K_V_load_7_read' <Predicate = true> <Delay = 0.00>
ST_1 : Operation 184 [1/1] (0.00ns)   --->   "%K_V_15_load_5_read = read i16 @_ssdm_op_Read.ap_auto.i16, i16 %K_V_15_load_5"   --->   Operation 184 'read' 'K_V_15_load_5_read' <Predicate = true> <Delay = 0.00>
ST_1 : Operation 185 [1/1] (0.00ns)   --->   "%K_V_14_load_5_read = read i16 @_ssdm_op_Read.ap_auto.i16, i16 %K_V_14_load_5"   --->   Operation 185 'read' 'K_V_14_load_5_read' <Predicate = true> <Delay = 0.00>
ST_1 : Operation 186 [1/1] (0.00ns)   --->   "%K_V_13_load_5_read = read i16 @_ssdm_op_Read.ap_auto.i16, i16 %K_V_13_load_5"   --->   Operation 186 'read' 'K_V_13_load_5_read' <Predicate = true> <Delay = 0.00>
ST_1 : Operation 187 [1/1] (0.00ns)   --->   "%K_V_12_load_5_read = read i16 @_ssdm_op_Read.ap_auto.i16, i16 %K_V_12_load_5"   --->   Operation 187 'read' 'K_V_12_load_5_read' <Predicate = true> <Delay = 0.00>
ST_1 : Operation 188 [1/1] (0.00ns)   --->   "%K_V_11_load_5_read = read i16 @_ssdm_op_Read.ap_auto.i16, i16 %K_V_11_load_5"   --->   Operation 188 'read' 'K_V_11_load_5_read' <Predicate = true> <Delay = 0.00>
ST_1 : Operation 189 [1/1] (0.00ns)   --->   "%K_V_10_load_5_read = read i16 @_ssdm_op_Read.ap_auto.i16, i16 %K_V_10_load_5"   --->   Operation 189 'read' 'K_V_10_load_5_read' <Predicate = true> <Delay = 0.00>
ST_1 : Operation 190 [1/1] (0.00ns)   --->   "%K_V_9_load_6_read = read i16 @_ssdm_op_Read.ap_auto.i16, i16 %K_V_9_load_6"   --->   Operation 190 'read' 'K_V_9_load_6_read' <Predicate = true> <Delay = 0.00>
ST_1 : Operation 191 [1/1] (0.00ns)   --->   "%K_V_8_load_6_read = read i16 @_ssdm_op_Read.ap_auto.i16, i16 %K_V_8_load_6"   --->   Operation 191 'read' 'K_V_8_load_6_read' <Predicate = true> <Delay = 0.00>
ST_1 : Operation 192 [1/1] (0.00ns)   --->   "%K_V_7_load_6_read = read i16 @_ssdm_op_Read.ap_auto.i16, i16 %K_V_7_load_6"   --->   Operation 192 'read' 'K_V_7_load_6_read' <Predicate = true> <Delay = 0.00>
ST_1 : Operation 193 [1/1] (0.00ns)   --->   "%K_V_6_load_6_read = read i16 @_ssdm_op_Read.ap_auto.i16, i16 %K_V_6_load_6"   --->   Operation 193 'read' 'K_V_6_load_6_read' <Predicate = true> <Delay = 0.00>
ST_1 : Operation 194 [1/1] (0.00ns)   --->   "%K_V_5_load_6_read = read i16 @_ssdm_op_Read.ap_auto.i16, i16 %K_V_5_load_6"   --->   Operation 194 'read' 'K_V_5_load_6_read' <Predicate = true> <Delay = 0.00>
ST_1 : Operation 195 [1/1] (0.00ns)   --->   "%K_V_4_load_6_read = read i16 @_ssdm_op_Read.ap_auto.i16, i16 %K_V_4_load_6"   --->   Operation 195 'read' 'K_V_4_load_6_read' <Predicate = true> <Delay = 0.00>
ST_1 : Operation 196 [1/1] (0.00ns)   --->   "%K_V_3_load_6_read = read i16 @_ssdm_op_Read.ap_auto.i16, i16 %K_V_3_load_6"   --->   Operation 196 'read' 'K_V_3_load_6_read' <Predicate = true> <Delay = 0.00>
ST_1 : Operation 197 [1/1] (0.00ns)   --->   "%K_V_2_load_6_read = read i16 @_ssdm_op_Read.ap_auto.i16, i16 %K_V_2_load_6"   --->   Operation 197 'read' 'K_V_2_load_6_read' <Predicate = true> <Delay = 0.00>
ST_1 : Operation 198 [1/1] (0.00ns)   --->   "%K_V_1_load_6_read = read i16 @_ssdm_op_Read.ap_auto.i16, i16 %K_V_1_load_6"   --->   Operation 198 'read' 'K_V_1_load_6_read' <Predicate = true> <Delay = 0.00>
ST_1 : Operation 199 [1/1] (0.00ns)   --->   "%K_V_load_6_read = read i16 @_ssdm_op_Read.ap_auto.i16, i16 %K_V_load_6"   --->   Operation 199 'read' 'K_V_load_6_read' <Predicate = true> <Delay = 0.00>
ST_1 : Operation 200 [1/1] (0.00ns)   --->   "%K_V_15_load_4_read = read i16 @_ssdm_op_Read.ap_auto.i16, i16 %K_V_15_load_4"   --->   Operation 200 'read' 'K_V_15_load_4_read' <Predicate = true> <Delay = 0.00>
ST_1 : Operation 201 [1/1] (0.00ns)   --->   "%K_V_14_load_4_read = read i16 @_ssdm_op_Read.ap_auto.i16, i16 %K_V_14_load_4"   --->   Operation 201 'read' 'K_V_14_load_4_read' <Predicate = true> <Delay = 0.00>
ST_1 : Operation 202 [1/1] (0.00ns)   --->   "%K_V_13_load_4_read = read i16 @_ssdm_op_Read.ap_auto.i16, i16 %K_V_13_load_4"   --->   Operation 202 'read' 'K_V_13_load_4_read' <Predicate = true> <Delay = 0.00>
ST_1 : Operation 203 [1/1] (0.00ns)   --->   "%K_V_12_load_4_read = read i16 @_ssdm_op_Read.ap_auto.i16, i16 %K_V_12_load_4"   --->   Operation 203 'read' 'K_V_12_load_4_read' <Predicate = true> <Delay = 0.00>
ST_1 : Operation 204 [1/1] (0.00ns)   --->   "%K_V_11_load_4_read = read i16 @_ssdm_op_Read.ap_auto.i16, i16 %K_V_11_load_4"   --->   Operation 204 'read' 'K_V_11_load_4_read' <Predicate = true> <Delay = 0.00>
ST_1 : Operation 205 [1/1] (0.00ns)   --->   "%K_V_10_load_4_read = read i16 @_ssdm_op_Read.ap_auto.i16, i16 %K_V_10_load_4"   --->   Operation 205 'read' 'K_V_10_load_4_read' <Predicate = true> <Delay = 0.00>
ST_1 : Operation 206 [1/1] (0.00ns)   --->   "%K_V_9_load_5_read = read i16 @_ssdm_op_Read.ap_auto.i16, i16 %K_V_9_load_5"   --->   Operation 206 'read' 'K_V_9_load_5_read' <Predicate = true> <Delay = 0.00>
ST_1 : Operation 207 [1/1] (0.00ns)   --->   "%K_V_8_load_5_read = read i16 @_ssdm_op_Read.ap_auto.i16, i16 %K_V_8_load_5"   --->   Operation 207 'read' 'K_V_8_load_5_read' <Predicate = true> <Delay = 0.00>
ST_1 : Operation 208 [1/1] (0.00ns)   --->   "%K_V_7_load_5_read = read i16 @_ssdm_op_Read.ap_auto.i16, i16 %K_V_7_load_5"   --->   Operation 208 'read' 'K_V_7_load_5_read' <Predicate = true> <Delay = 0.00>
ST_1 : Operation 209 [1/1] (0.00ns)   --->   "%K_V_6_load_5_read = read i16 @_ssdm_op_Read.ap_auto.i16, i16 %K_V_6_load_5"   --->   Operation 209 'read' 'K_V_6_load_5_read' <Predicate = true> <Delay = 0.00>
ST_1 : Operation 210 [1/1] (0.00ns)   --->   "%K_V_5_load_5_read = read i16 @_ssdm_op_Read.ap_auto.i16, i16 %K_V_5_load_5"   --->   Operation 210 'read' 'K_V_5_load_5_read' <Predicate = true> <Delay = 0.00>
ST_1 : Operation 211 [1/1] (0.00ns)   --->   "%K_V_4_load_5_read = read i16 @_ssdm_op_Read.ap_auto.i16, i16 %K_V_4_load_5"   --->   Operation 211 'read' 'K_V_4_load_5_read' <Predicate = true> <Delay = 0.00>
ST_1 : Operation 212 [1/1] (0.00ns)   --->   "%K_V_3_load_5_read = read i16 @_ssdm_op_Read.ap_auto.i16, i16 %K_V_3_load_5"   --->   Operation 212 'read' 'K_V_3_load_5_read' <Predicate = true> <Delay = 0.00>
ST_1 : Operation 213 [1/1] (0.00ns)   --->   "%K_V_2_load_5_read = read i16 @_ssdm_op_Read.ap_auto.i16, i16 %K_V_2_load_5"   --->   Operation 213 'read' 'K_V_2_load_5_read' <Predicate = true> <Delay = 0.00>
ST_1 : Operation 214 [1/1] (0.00ns)   --->   "%K_V_1_load_5_read = read i16 @_ssdm_op_Read.ap_auto.i16, i16 %K_V_1_load_5"   --->   Operation 214 'read' 'K_V_1_load_5_read' <Predicate = true> <Delay = 0.00>
ST_1 : Operation 215 [1/1] (0.00ns)   --->   "%K_V_load_5_read = read i16 @_ssdm_op_Read.ap_auto.i16, i16 %K_V_load_5"   --->   Operation 215 'read' 'K_V_load_5_read' <Predicate = true> <Delay = 0.00>
ST_1 : Operation 216 [1/1] (0.00ns)   --->   "%K_V_15_load_3_read = read i16 @_ssdm_op_Read.ap_auto.i16, i16 %K_V_15_load_3"   --->   Operation 216 'read' 'K_V_15_load_3_read' <Predicate = true> <Delay = 0.00>
ST_1 : Operation 217 [1/1] (0.00ns)   --->   "%K_V_14_load_3_read = read i16 @_ssdm_op_Read.ap_auto.i16, i16 %K_V_14_load_3"   --->   Operation 217 'read' 'K_V_14_load_3_read' <Predicate = true> <Delay = 0.00>
ST_1 : Operation 218 [1/1] (0.00ns)   --->   "%K_V_13_load_3_read = read i16 @_ssdm_op_Read.ap_auto.i16, i16 %K_V_13_load_3"   --->   Operation 218 'read' 'K_V_13_load_3_read' <Predicate = true> <Delay = 0.00>
ST_1 : Operation 219 [1/1] (0.00ns)   --->   "%K_V_12_load_3_read = read i16 @_ssdm_op_Read.ap_auto.i16, i16 %K_V_12_load_3"   --->   Operation 219 'read' 'K_V_12_load_3_read' <Predicate = true> <Delay = 0.00>
ST_1 : Operation 220 [1/1] (0.00ns)   --->   "%K_V_11_load_3_read = read i16 @_ssdm_op_Read.ap_auto.i16, i16 %K_V_11_load_3"   --->   Operation 220 'read' 'K_V_11_load_3_read' <Predicate = true> <Delay = 0.00>
ST_1 : Operation 221 [1/1] (0.00ns)   --->   "%K_V_10_load_3_read = read i16 @_ssdm_op_Read.ap_auto.i16, i16 %K_V_10_load_3"   --->   Operation 221 'read' 'K_V_10_load_3_read' <Predicate = true> <Delay = 0.00>
ST_1 : Operation 222 [1/1] (0.00ns)   --->   "%K_V_9_load_4_read = read i16 @_ssdm_op_Read.ap_auto.i16, i16 %K_V_9_load_4"   --->   Operation 222 'read' 'K_V_9_load_4_read' <Predicate = true> <Delay = 0.00>
ST_1 : Operation 223 [1/1] (0.00ns)   --->   "%K_V_8_load_4_read = read i16 @_ssdm_op_Read.ap_auto.i16, i16 %K_V_8_load_4"   --->   Operation 223 'read' 'K_V_8_load_4_read' <Predicate = true> <Delay = 0.00>
ST_1 : Operation 224 [1/1] (0.00ns)   --->   "%K_V_7_load_4_read = read i16 @_ssdm_op_Read.ap_auto.i16, i16 %K_V_7_load_4"   --->   Operation 224 'read' 'K_V_7_load_4_read' <Predicate = true> <Delay = 0.00>
ST_1 : Operation 225 [1/1] (0.00ns)   --->   "%K_V_6_load_4_read = read i16 @_ssdm_op_Read.ap_auto.i16, i16 %K_V_6_load_4"   --->   Operation 225 'read' 'K_V_6_load_4_read' <Predicate = true> <Delay = 0.00>
ST_1 : Operation 226 [1/1] (0.00ns)   --->   "%K_V_5_load_4_read = read i16 @_ssdm_op_Read.ap_auto.i16, i16 %K_V_5_load_4"   --->   Operation 226 'read' 'K_V_5_load_4_read' <Predicate = true> <Delay = 0.00>
ST_1 : Operation 227 [1/1] (0.00ns)   --->   "%K_V_4_load_4_read = read i16 @_ssdm_op_Read.ap_auto.i16, i16 %K_V_4_load_4"   --->   Operation 227 'read' 'K_V_4_load_4_read' <Predicate = true> <Delay = 0.00>
ST_1 : Operation 228 [1/1] (0.00ns)   --->   "%K_V_3_load_4_read = read i16 @_ssdm_op_Read.ap_auto.i16, i16 %K_V_3_load_4"   --->   Operation 228 'read' 'K_V_3_load_4_read' <Predicate = true> <Delay = 0.00>
ST_1 : Operation 229 [1/1] (0.00ns)   --->   "%K_V_2_load_4_read = read i16 @_ssdm_op_Read.ap_auto.i16, i16 %K_V_2_load_4"   --->   Operation 229 'read' 'K_V_2_load_4_read' <Predicate = true> <Delay = 0.00>
ST_1 : Operation 230 [1/1] (0.00ns)   --->   "%K_V_1_load_4_read = read i16 @_ssdm_op_Read.ap_auto.i16, i16 %K_V_1_load_4"   --->   Operation 230 'read' 'K_V_1_load_4_read' <Predicate = true> <Delay = 0.00>
ST_1 : Operation 231 [1/1] (0.00ns)   --->   "%K_V_load_4_read = read i16 @_ssdm_op_Read.ap_auto.i16, i16 %K_V_load_4"   --->   Operation 231 'read' 'K_V_load_4_read' <Predicate = true> <Delay = 0.00>
ST_1 : Operation 232 [1/1] (0.00ns)   --->   "%K_V_15_load_2_read = read i16 @_ssdm_op_Read.ap_auto.i16, i16 %K_V_15_load_2"   --->   Operation 232 'read' 'K_V_15_load_2_read' <Predicate = true> <Delay = 0.00>
ST_1 : Operation 233 [1/1] (0.00ns)   --->   "%K_V_14_load_2_read = read i16 @_ssdm_op_Read.ap_auto.i16, i16 %K_V_14_load_2"   --->   Operation 233 'read' 'K_V_14_load_2_read' <Predicate = true> <Delay = 0.00>
ST_1 : Operation 234 [1/1] (0.00ns)   --->   "%K_V_13_load_2_read = read i16 @_ssdm_op_Read.ap_auto.i16, i16 %K_V_13_load_2"   --->   Operation 234 'read' 'K_V_13_load_2_read' <Predicate = true> <Delay = 0.00>
ST_1 : Operation 235 [1/1] (0.00ns)   --->   "%K_V_12_load_2_read = read i16 @_ssdm_op_Read.ap_auto.i16, i16 %K_V_12_load_2"   --->   Operation 235 'read' 'K_V_12_load_2_read' <Predicate = true> <Delay = 0.00>
ST_1 : Operation 236 [1/1] (0.00ns)   --->   "%K_V_11_load_2_read = read i16 @_ssdm_op_Read.ap_auto.i16, i16 %K_V_11_load_2"   --->   Operation 236 'read' 'K_V_11_load_2_read' <Predicate = true> <Delay = 0.00>
ST_1 : Operation 237 [1/1] (0.00ns)   --->   "%K_V_10_load_2_read = read i16 @_ssdm_op_Read.ap_auto.i16, i16 %K_V_10_load_2"   --->   Operation 237 'read' 'K_V_10_load_2_read' <Predicate = true> <Delay = 0.00>
ST_1 : Operation 238 [1/1] (0.00ns)   --->   "%K_V_9_load_3_read = read i16 @_ssdm_op_Read.ap_auto.i16, i16 %K_V_9_load_3"   --->   Operation 238 'read' 'K_V_9_load_3_read' <Predicate = true> <Delay = 0.00>
ST_1 : Operation 239 [1/1] (0.00ns)   --->   "%K_V_8_load_3_read = read i16 @_ssdm_op_Read.ap_auto.i16, i16 %K_V_8_load_3"   --->   Operation 239 'read' 'K_V_8_load_3_read' <Predicate = true> <Delay = 0.00>
ST_1 : Operation 240 [1/1] (0.00ns)   --->   "%K_V_7_load_3_read = read i16 @_ssdm_op_Read.ap_auto.i16, i16 %K_V_7_load_3"   --->   Operation 240 'read' 'K_V_7_load_3_read' <Predicate = true> <Delay = 0.00>
ST_1 : Operation 241 [1/1] (0.00ns)   --->   "%K_V_6_load_3_read = read i16 @_ssdm_op_Read.ap_auto.i16, i16 %K_V_6_load_3"   --->   Operation 241 'read' 'K_V_6_load_3_read' <Predicate = true> <Delay = 0.00>
ST_1 : Operation 242 [1/1] (0.00ns)   --->   "%K_V_5_load_3_read = read i16 @_ssdm_op_Read.ap_auto.i16, i16 %K_V_5_load_3"   --->   Operation 242 'read' 'K_V_5_load_3_read' <Predicate = true> <Delay = 0.00>
ST_1 : Operation 243 [1/1] (0.00ns)   --->   "%K_V_4_load_3_read = read i16 @_ssdm_op_Read.ap_auto.i16, i16 %K_V_4_load_3"   --->   Operation 243 'read' 'K_V_4_load_3_read' <Predicate = true> <Delay = 0.00>
ST_1 : Operation 244 [1/1] (0.00ns)   --->   "%K_V_3_load_3_read = read i16 @_ssdm_op_Read.ap_auto.i16, i16 %K_V_3_load_3"   --->   Operation 244 'read' 'K_V_3_load_3_read' <Predicate = true> <Delay = 0.00>
ST_1 : Operation 245 [1/1] (0.00ns)   --->   "%K_V_2_load_3_read = read i16 @_ssdm_op_Read.ap_auto.i16, i16 %K_V_2_load_3"   --->   Operation 245 'read' 'K_V_2_load_3_read' <Predicate = true> <Delay = 0.00>
ST_1 : Operation 246 [1/1] (0.00ns)   --->   "%K_V_1_load_3_read = read i16 @_ssdm_op_Read.ap_auto.i16, i16 %K_V_1_load_3"   --->   Operation 246 'read' 'K_V_1_load_3_read' <Predicate = true> <Delay = 0.00>
ST_1 : Operation 247 [1/1] (0.00ns)   --->   "%K_V_load_3_read = read i16 @_ssdm_op_Read.ap_auto.i16, i16 %K_V_load_3"   --->   Operation 247 'read' 'K_V_load_3_read' <Predicate = true> <Delay = 0.00>
ST_1 : Operation 248 [1/1] (0.00ns)   --->   "%K_V_15_load_1_read = read i16 @_ssdm_op_Read.ap_auto.i16, i16 %K_V_15_load_1"   --->   Operation 248 'read' 'K_V_15_load_1_read' <Predicate = true> <Delay = 0.00>
ST_1 : Operation 249 [1/1] (0.00ns)   --->   "%K_V_14_load_1_read = read i16 @_ssdm_op_Read.ap_auto.i16, i16 %K_V_14_load_1"   --->   Operation 249 'read' 'K_V_14_load_1_read' <Predicate = true> <Delay = 0.00>
ST_1 : Operation 250 [1/1] (0.00ns)   --->   "%K_V_13_load_1_read = read i16 @_ssdm_op_Read.ap_auto.i16, i16 %K_V_13_load_1"   --->   Operation 250 'read' 'K_V_13_load_1_read' <Predicate = true> <Delay = 0.00>
ST_1 : Operation 251 [1/1] (0.00ns)   --->   "%K_V_12_load_1_read = read i16 @_ssdm_op_Read.ap_auto.i16, i16 %K_V_12_load_1"   --->   Operation 251 'read' 'K_V_12_load_1_read' <Predicate = true> <Delay = 0.00>
ST_1 : Operation 252 [1/1] (0.00ns)   --->   "%K_V_11_load_1_read = read i16 @_ssdm_op_Read.ap_auto.i16, i16 %K_V_11_load_1"   --->   Operation 252 'read' 'K_V_11_load_1_read' <Predicate = true> <Delay = 0.00>
ST_1 : Operation 253 [1/1] (0.00ns)   --->   "%K_V_10_load_1_read = read i16 @_ssdm_op_Read.ap_auto.i16, i16 %K_V_10_load_1"   --->   Operation 253 'read' 'K_V_10_load_1_read' <Predicate = true> <Delay = 0.00>
ST_1 : Operation 254 [1/1] (0.00ns)   --->   "%K_V_9_load_2_read = read i16 @_ssdm_op_Read.ap_auto.i16, i16 %K_V_9_load_2"   --->   Operation 254 'read' 'K_V_9_load_2_read' <Predicate = true> <Delay = 0.00>
ST_1 : Operation 255 [1/1] (0.00ns)   --->   "%K_V_8_load_2_read = read i16 @_ssdm_op_Read.ap_auto.i16, i16 %K_V_8_load_2"   --->   Operation 255 'read' 'K_V_8_load_2_read' <Predicate = true> <Delay = 0.00>
ST_1 : Operation 256 [1/1] (0.00ns)   --->   "%K_V_7_load_2_read = read i16 @_ssdm_op_Read.ap_auto.i16, i16 %K_V_7_load_2"   --->   Operation 256 'read' 'K_V_7_load_2_read' <Predicate = true> <Delay = 0.00>
ST_1 : Operation 257 [1/1] (0.00ns)   --->   "%K_V_6_load_2_read = read i16 @_ssdm_op_Read.ap_auto.i16, i16 %K_V_6_load_2"   --->   Operation 257 'read' 'K_V_6_load_2_read' <Predicate = true> <Delay = 0.00>
ST_1 : Operation 258 [1/1] (0.00ns)   --->   "%K_V_5_load_2_read = read i16 @_ssdm_op_Read.ap_auto.i16, i16 %K_V_5_load_2"   --->   Operation 258 'read' 'K_V_5_load_2_read' <Predicate = true> <Delay = 0.00>
ST_1 : Operation 259 [1/1] (0.00ns)   --->   "%K_V_4_load_2_read = read i16 @_ssdm_op_Read.ap_auto.i16, i16 %K_V_4_load_2"   --->   Operation 259 'read' 'K_V_4_load_2_read' <Predicate = true> <Delay = 0.00>
ST_1 : Operation 260 [1/1] (0.00ns)   --->   "%K_V_3_load_2_read = read i16 @_ssdm_op_Read.ap_auto.i16, i16 %K_V_3_load_2"   --->   Operation 260 'read' 'K_V_3_load_2_read' <Predicate = true> <Delay = 0.00>
ST_1 : Operation 261 [1/1] (0.00ns)   --->   "%K_V_2_load_2_read = read i16 @_ssdm_op_Read.ap_auto.i16, i16 %K_V_2_load_2"   --->   Operation 261 'read' 'K_V_2_load_2_read' <Predicate = true> <Delay = 0.00>
ST_1 : Operation 262 [1/1] (0.00ns)   --->   "%K_V_1_load_2_read = read i16 @_ssdm_op_Read.ap_auto.i16, i16 %K_V_1_load_2"   --->   Operation 262 'read' 'K_V_1_load_2_read' <Predicate = true> <Delay = 0.00>
ST_1 : Operation 263 [1/1] (0.00ns)   --->   "%K_V_load_2_read = read i16 @_ssdm_op_Read.ap_auto.i16, i16 %K_V_load_2"   --->   Operation 263 'read' 'K_V_load_2_read' <Predicate = true> <Delay = 0.00>
ST_1 : Operation 264 [1/1] (0.00ns)   --->   "%K_V_15_load_read = read i16 @_ssdm_op_Read.ap_auto.i16, i16 %K_V_15_load"   --->   Operation 264 'read' 'K_V_15_load_read' <Predicate = true> <Delay = 0.00>
ST_1 : Operation 265 [1/1] (0.00ns)   --->   "%K_V_14_load_read = read i16 @_ssdm_op_Read.ap_auto.i16, i16 %K_V_14_load"   --->   Operation 265 'read' 'K_V_14_load_read' <Predicate = true> <Delay = 0.00>
ST_1 : Operation 266 [1/1] (0.00ns)   --->   "%K_V_13_load_read = read i16 @_ssdm_op_Read.ap_auto.i16, i16 %K_V_13_load"   --->   Operation 266 'read' 'K_V_13_load_read' <Predicate = true> <Delay = 0.00>
ST_1 : Operation 267 [1/1] (0.00ns)   --->   "%K_V_12_load_read = read i16 @_ssdm_op_Read.ap_auto.i16, i16 %K_V_12_load"   --->   Operation 267 'read' 'K_V_12_load_read' <Predicate = true> <Delay = 0.00>
ST_1 : Operation 268 [1/1] (0.00ns)   --->   "%K_V_11_load_read = read i16 @_ssdm_op_Read.ap_auto.i16, i16 %K_V_11_load"   --->   Operation 268 'read' 'K_V_11_load_read' <Predicate = true> <Delay = 0.00>
ST_1 : Operation 269 [1/1] (0.00ns)   --->   "%K_V_10_load_read = read i16 @_ssdm_op_Read.ap_auto.i16, i16 %K_V_10_load"   --->   Operation 269 'read' 'K_V_10_load_read' <Predicate = true> <Delay = 0.00>
ST_1 : Operation 270 [1/1] (0.00ns)   --->   "%K_V_9_load_read = read i16 @_ssdm_op_Read.ap_auto.i16, i16 %K_V_9_load"   --->   Operation 270 'read' 'K_V_9_load_read' <Predicate = true> <Delay = 0.00>
ST_1 : Operation 271 [1/1] (0.00ns)   --->   "%K_V_8_load_read = read i16 @_ssdm_op_Read.ap_auto.i16, i16 %K_V_8_load"   --->   Operation 271 'read' 'K_V_8_load_read' <Predicate = true> <Delay = 0.00>
ST_1 : Operation 272 [1/1] (0.00ns)   --->   "%K_V_7_load_read = read i16 @_ssdm_op_Read.ap_auto.i16, i16 %K_V_7_load"   --->   Operation 272 'read' 'K_V_7_load_read' <Predicate = true> <Delay = 0.00>
ST_1 : Operation 273 [1/1] (0.00ns)   --->   "%K_V_6_load_read = read i16 @_ssdm_op_Read.ap_auto.i16, i16 %K_V_6_load"   --->   Operation 273 'read' 'K_V_6_load_read' <Predicate = true> <Delay = 0.00>
ST_1 : Operation 274 [1/1] (0.00ns)   --->   "%K_V_5_load_read = read i16 @_ssdm_op_Read.ap_auto.i16, i16 %K_V_5_load"   --->   Operation 274 'read' 'K_V_5_load_read' <Predicate = true> <Delay = 0.00>
ST_1 : Operation 275 [1/1] (0.00ns)   --->   "%K_V_4_load_read = read i16 @_ssdm_op_Read.ap_auto.i16, i16 %K_V_4_load"   --->   Operation 275 'read' 'K_V_4_load_read' <Predicate = true> <Delay = 0.00>
ST_1 : Operation 276 [1/1] (0.00ns)   --->   "%K_V_3_load_read = read i16 @_ssdm_op_Read.ap_auto.i16, i16 %K_V_3_load"   --->   Operation 276 'read' 'K_V_3_load_read' <Predicate = true> <Delay = 0.00>
ST_1 : Operation 277 [1/1] (0.00ns)   --->   "%K_V_2_load_read = read i16 @_ssdm_op_Read.ap_auto.i16, i16 %K_V_2_load"   --->   Operation 277 'read' 'K_V_2_load_read' <Predicate = true> <Delay = 0.00>
ST_1 : Operation 278 [1/1] (0.00ns)   --->   "%K_V_1_load_read = read i16 @_ssdm_op_Read.ap_auto.i16, i16 %K_V_1_load"   --->   Operation 278 'read' 'K_V_1_load_read' <Predicate = true> <Delay = 0.00>
ST_1 : Operation 279 [1/1] (0.00ns)   --->   "%K_V_load_read = read i16 @_ssdm_op_Read.ap_auto.i16, i16 %K_V_load"   --->   Operation 279 'read' 'K_V_load_read' <Predicate = true> <Delay = 0.00>
ST_1 : Operation 280 [1/1] (1.58ns)   --->   "%store_ln0 = store i5 0, i5 %d"   --->   Operation 280 'store' 'store_ln0' <Predicate = true> <Delay = 1.58>
ST_1 : Operation 281 [1/1] (0.00ns)   --->   "%br_ln0 = br void %for.body152"   --->   Operation 281 'br' 'br_ln0' <Predicate = true> <Delay = 0.00>
ST_1 : Operation 282 [1/1] (0.00ns)   --->   "%d_32 = load i5 %d"   --->   Operation 282 'load' 'd_32' <Predicate = true> <Delay = 0.00>
ST_1 : Operation 283 [1/1] (0.00ns)   --->   "%specpipeline_ln0 = specpipeline void @_ssdm_op_SpecPipeline, i32 4294967295, i32 0, i32 1, i32 0, void @p_str"   --->   Operation 283 'specpipeline' 'specpipeline_ln0' <Predicate = true> <Delay = 0.00>
ST_1 : Operation 284 [1/1] (1.36ns)   --->   "%icmp_ln113 = icmp_eq  i5 %d_32, i5 16" [src/imgds_linear_dense_q16.cpp:113]   --->   Operation 284 'icmp' 'icmp_ln113' <Predicate = true> <Delay = 1.36> <CoreInst = "Cmp">   --->   Core 9 'Cmp' <Latency = 0> <II = 1> <Delay = 1.36> <FuncUnit> <Opcode : 'icmp'> <InPorts = 2> <OutPorts = 1>
ST_1 : Operation 285 [1/1] (0.00ns)   --->   "%empty = speclooptripcount i32 @_ssdm_op_SpecLoopTripCount, i64 16, i64 16, i64 16"   --->   Operation 285 'speclooptripcount' 'empty' <Predicate = true> <Delay = 0.00>
ST_1 : Operation 286 [1/1] (1.78ns)   --->   "%add_ln113 = add i5 %d_32, i5 1" [src/imgds_linear_dense_q16.cpp:113]   --->   Operation 286 'add' 'add_ln113' <Predicate = true> <Delay = 1.78> <CoreInst = "Adder">   --->   Core 1 'Adder' <Latency = 0> <II = 1> <Delay = 1.78> <FuncUnit> <Opcode : 'add' 'sub'> <InPorts = 2> <OutPorts = 1>
ST_1 : Operation 287 [1/1] (0.00ns)   --->   "%br_ln113 = br i1 %icmp_ln113, void %for.body152.split, void %for.body177.preheader.exitStub" [src/imgds_linear_dense_q16.cpp:113]   --->   Operation 287 'br' 'br_ln113' <Predicate = true> <Delay = 0.00>
ST_1 : Operation 288 [1/1] (0.00ns)   --->   "%trunc_ln837 = trunc i5 %d_32"   --->   Operation 288 'trunc' 'trunc_ln837' <Predicate = (!icmp_ln113)> <Delay = 0.00>
ST_1 : Operation 289 [1/1] (2.06ns)   --->   "%tmp_2 = mux i16 @_ssdm_op_Mux.ap_auto.16i16.i4, i16 %K_V_load_read, i16 %K_V_1_load_read, i16 %K_V_2_load_read, i16 %K_V_3_load_read, i16 %K_V_4_load_read, i16 %K_V_5_load_read, i16 %K_V_6_load_read, i16 %K_V_7_load_read, i16 %K_V_8_load_read, i16 %K_V_9_load_read, i16 %K_V_10_load_read, i16 %K_V_11_load_read, i16 %K_V_12_load_read, i16 %K_V_13_load_read, i16 %K_V_14_load_read, i16 %K_V_15_load_read, i4 %trunc_ln837"   --->   Operation 289 'mux' 'tmp_2' <Predicate = (!icmp_ln113)> <Delay = 2.06> <CoreInst = "Multiplexer">   --->   Core 76 'Multiplexer' <Latency = 0> <II = 1> <Delay = 2.06> <FuncUnit> <Opcode : 'mux'> <InPorts = 2> <OutPorts = 1>
ST_1 : Operation 290 [1/1] (2.06ns)   --->   "%tmp_2_1 = mux i16 @_ssdm_op_Mux.ap_auto.16i16.i4, i16 %K_V_load_2_read, i16 %K_V_1_load_2_read, i16 %K_V_2_load_2_read, i16 %K_V_3_load_2_read, i16 %K_V_4_load_2_read, i16 %K_V_5_load_2_read, i16 %K_V_6_load_2_read, i16 %K_V_7_load_2_read, i16 %K_V_8_load_2_read, i16 %K_V_9_load_2_read, i16 %K_V_10_load_1_read, i16 %K_V_11_load_1_read, i16 %K_V_12_load_1_read, i16 %K_V_13_load_1_read, i16 %K_V_14_load_1_read, i16 %K_V_15_load_1_read, i4 %trunc_ln837"   --->   Operation 290 'mux' 'tmp_2_1' <Predicate = (!icmp_ln113)> <Delay = 2.06> <CoreInst = "Multiplexer">   --->   Core 76 'Multiplexer' <Latency = 0> <II = 1> <Delay = 2.06> <FuncUnit> <Opcode : 'mux'> <InPorts = 2> <OutPorts = 1>
ST_1 : Operation 291 [1/1] (2.06ns)   --->   "%tmp_2_2 = mux i16 @_ssdm_op_Mux.ap_auto.16i16.i4, i16 %K_V_load_3_read, i16 %K_V_1_load_3_read, i16 %K_V_2_load_3_read, i16 %K_V_3_load_3_read, i16 %K_V_4_load_3_read, i16 %K_V_5_load_3_read, i16 %K_V_6_load_3_read, i16 %K_V_7_load_3_read, i16 %K_V_8_load_3_read, i16 %K_V_9_load_3_read, i16 %K_V_10_load_2_read, i16 %K_V_11_load_2_read, i16 %K_V_12_load_2_read, i16 %K_V_13_load_2_read, i16 %K_V_14_load_2_read, i16 %K_V_15_load_2_read, i4 %trunc_ln837"   --->   Operation 291 'mux' 'tmp_2_2' <Predicate = (!icmp_ln113)> <Delay = 2.06> <CoreInst = "Multiplexer">   --->   Core 76 'Multiplexer' <Latency = 0> <II = 1> <Delay = 2.06> <FuncUnit> <Opcode : 'mux'> <InPorts = 2> <OutPorts = 1>
ST_1 : Operation 292 [1/1] (0.00ns)   --->   "%shl_ln813_2 = bitconcatenate i20 @_ssdm_op_BitConcatenate.i20.i16.i4, i16 %tmp_2_2, i4 0"   --->   Operation 292 'bitconcatenate' 'shl_ln813_2' <Predicate = (!icmp_ln113)> <Delay = 0.00>
ST_1 : Operation 293 [1/1] (2.06ns)   --->   "%tmp_2_3 = mux i16 @_ssdm_op_Mux.ap_auto.16i16.i4, i16 %K_V_load_4_read, i16 %K_V_1_load_4_read, i16 %K_V_2_load_4_read, i16 %K_V_3_load_4_read, i16 %K_V_4_load_4_read, i16 %K_V_5_load_4_read, i16 %K_V_6_load_4_read, i16 %K_V_7_load_4_read, i16 %K_V_8_load_4_read, i16 %K_V_9_load_4_read, i16 %K_V_10_load_3_read, i16 %K_V_11_load_3_read, i16 %K_V_12_load_3_read, i16 %K_V_13_load_3_read, i16 %K_V_14_load_3_read, i16 %K_V_15_load_3_read, i4 %trunc_ln837"   --->   Operation 293 'mux' 'tmp_2_3' <Predicate = (!icmp_ln113)> <Delay = 2.06> <CoreInst = "Multiplexer">   --->   Core 76 'Multiplexer' <Latency = 0> <II = 1> <Delay = 2.06> <FuncUnit> <Opcode : 'mux'> <InPorts = 2> <OutPorts = 1>
ST_1 : Operation 294 [1/1] (0.00ns)   --->   "%shl_ln813_3 = bitconcatenate i20 @_ssdm_op_BitConcatenate.i20.i16.i4, i16 %tmp_2_3, i4 0"   --->   Operation 294 'bitconcatenate' 'shl_ln813_3' <Predicate = (!icmp_ln113)> <Delay = 0.00>
ST_1 : Operation 295 [1/1] (2.06ns)   --->   "%tmp_2_4 = mux i16 @_ssdm_op_Mux.ap_auto.16i16.i4, i16 %K_V_load_5_read, i16 %K_V_1_load_5_read, i16 %K_V_2_load_5_read, i16 %K_V_3_load_5_read, i16 %K_V_4_load_5_read, i16 %K_V_5_load_5_read, i16 %K_V_6_load_5_read, i16 %K_V_7_load_5_read, i16 %K_V_8_load_5_read, i16 %K_V_9_load_5_read, i16 %K_V_10_load_4_read, i16 %K_V_11_load_4_read, i16 %K_V_12_load_4_read, i16 %K_V_13_load_4_read, i16 %K_V_14_load_4_read, i16 %K_V_15_load_4_read, i4 %trunc_ln837"   --->   Operation 295 'mux' 'tmp_2_4' <Predicate = (!icmp_ln113)> <Delay = 2.06> <CoreInst = "Multiplexer">   --->   Core 76 'Multiplexer' <Latency = 0> <II = 1> <Delay = 2.06> <FuncUnit> <Opcode : 'mux'> <InPorts = 2> <OutPorts = 1>
ST_1 : Operation 296 [1/1] (2.06ns)   --->   "%tmp_2_5 = mux i16 @_ssdm_op_Mux.ap_auto.16i16.i4, i16 %K_V_load_6_read, i16 %K_V_1_load_6_read, i16 %K_V_2_load_6_read, i16 %K_V_3_load_6_read, i16 %K_V_4_load_6_read, i16 %K_V_5_load_6_read, i16 %K_V_6_load_6_read, i16 %K_V_7_load_6_read, i16 %K_V_8_load_6_read, i16 %K_V_9_load_6_read, i16 %K_V_10_load_5_read, i16 %K_V_11_load_5_read, i16 %K_V_12_load_5_read, i16 %K_V_13_load_5_read, i16 %K_V_14_load_5_read, i16 %K_V_15_load_5_read, i4 %trunc_ln837"   --->   Operation 296 'mux' 'tmp_2_5' <Predicate = (!icmp_ln113)> <Delay = 2.06> <CoreInst = "Multiplexer">   --->   Core 76 'Multiplexer' <Latency = 0> <II = 1> <Delay = 2.06> <FuncUnit> <Opcode : 'mux'> <InPorts = 2> <OutPorts = 1>
ST_1 : Operation 297 [1/1] (2.06ns)   --->   "%tmp_2_6 = mux i16 @_ssdm_op_Mux.ap_auto.16i16.i4, i16 %K_V_load_7_read, i16 %K_V_1_load_7_read, i16 %K_V_2_load_7_read, i16 %K_V_3_load_7_read, i16 %K_V_4_load_7_read, i16 %K_V_5_load_7_read, i16 %K_V_6_load_7_read, i16 %K_V_7_load_7_read, i16 %K_V_8_load_7_read, i16 %K_V_9_load_7_read, i16 %K_V_10_load_6_read, i16 %K_V_11_load_6_read, i16 %K_V_12_load_6_read, i16 %K_V_13_load_6_read, i16 %K_V_14_load_6_read, i16 %K_V_15_load_6_read, i4 %trunc_ln837"   --->   Operation 297 'mux' 'tmp_2_6' <Predicate = (!icmp_ln113)> <Delay = 2.06> <CoreInst = "Multiplexer">   --->   Core 76 'Multiplexer' <Latency = 0> <II = 1> <Delay = 2.06> <FuncUnit> <Opcode : 'mux'> <InPorts = 2> <OutPorts = 1>
ST_1 : Operation 298 [1/1] (0.00ns)   --->   "%shl_ln813_6 = bitconcatenate i20 @_ssdm_op_BitConcatenate.i20.i16.i4, i16 %tmp_2_6, i4 0"   --->   Operation 298 'bitconcatenate' 'shl_ln813_6' <Predicate = (!icmp_ln113)> <Delay = 0.00>
ST_1 : Operation 299 [1/1] (2.06ns)   --->   "%tmp_2_7 = mux i16 @_ssdm_op_Mux.ap_auto.16i16.i4, i16 %K_V_load_8_read, i16 %K_V_1_load_8_read, i16 %K_V_2_load_8_read, i16 %K_V_3_load_8_read, i16 %K_V_4_load_8_read, i16 %K_V_5_load_8_read, i16 %K_V_6_load_8_read, i16 %K_V_7_load_8_read, i16 %K_V_8_load_8_read, i16 %K_V_9_load_8_read, i16 %K_V_10_load_7_read, i16 %K_V_11_load_7_read, i16 %K_V_12_load_7_read, i16 %K_V_13_load_7_read, i16 %K_V_14_load_7_read, i16 %K_V_15_load_7_read, i4 %trunc_ln837"   --->   Operation 299 'mux' 'tmp_2_7' <Predicate = (!icmp_ln113)> <Delay = 2.06> <CoreInst = "Multiplexer">   --->   Core 76 'Multiplexer' <Latency = 0> <II = 1> <Delay = 2.06> <FuncUnit> <Opcode : 'mux'> <InPorts = 2> <OutPorts = 1>
ST_1 : Operation 300 [1/1] (0.00ns)   --->   "%shl_ln813_7 = bitconcatenate i20 @_ssdm_op_BitConcatenate.i20.i16.i4, i16 %tmp_2_7, i4 0"   --->   Operation 300 'bitconcatenate' 'shl_ln813_7' <Predicate = (!icmp_ln113)> <Delay = 0.00>
ST_1 : Operation 301 [1/1] (2.06ns)   --->   "%tmp_2_8 = mux i16 @_ssdm_op_Mux.ap_auto.16i16.i4, i16 %K_V_load_9_read, i16 %K_V_1_load_9_read, i16 %K_V_2_load_9_read, i16 %K_V_3_load_9_read, i16 %K_V_4_load_9_read, i16 %K_V_5_load_9_read, i16 %K_V_6_load_9_read, i16 %K_V_7_load_9_read, i16 %K_V_8_load_9_read, i16 %K_V_9_load_9_read, i16 %K_V_10_load_8_read, i16 %K_V_11_load_8_read, i16 %K_V_12_load_8_read, i16 %K_V_13_load_8_read, i16 %K_V_14_load_8_read, i16 %K_V_15_load_8_read, i4 %trunc_ln837"   --->   Operation 301 'mux' 'tmp_2_8' <Predicate = (!icmp_ln113)> <Delay = 2.06> <CoreInst = "Multiplexer">   --->   Core 76 'Multiplexer' <Latency = 0> <II = 1> <Delay = 2.06> <FuncUnit> <Opcode : 'mux'> <InPorts = 2> <OutPorts = 1>
ST_1 : Operation 302 [1/1] (0.00ns)   --->   "%shl_ln813_8 = bitconcatenate i20 @_ssdm_op_BitConcatenate.i20.i16.i4, i16 %tmp_2_8, i4 0"   --->   Operation 302 'bitconcatenate' 'shl_ln813_8' <Predicate = (!icmp_ln113)> <Delay = 0.00>
ST_1 : Operation 303 [1/1] (2.06ns)   --->   "%tmp_2_9 = mux i16 @_ssdm_op_Mux.ap_auto.16i16.i4, i16 %K_V_load_10_read, i16 %K_V_1_load_10_read, i16 %K_V_2_load_10_read, i16 %K_V_3_load_10_read, i16 %K_V_4_load_10_read, i16 %K_V_5_load_10_read, i16 %K_V_6_load_10_read, i16 %K_V_7_load_10_read, i16 %K_V_8_load_10_read, i16 %K_V_9_load_10_read, i16 %K_V_10_load_9_read, i16 %K_V_11_load_9_read, i16 %K_V_12_load_9_read, i16 %K_V_13_load_9_read, i16 %K_V_14_load_9_read, i16 %K_V_15_load_9_read, i4 %trunc_ln837"   --->   Operation 303 'mux' 'tmp_2_9' <Predicate = (!icmp_ln113)> <Delay = 2.06> <CoreInst = "Multiplexer">   --->   Core 76 'Multiplexer' <Latency = 0> <II = 1> <Delay = 2.06> <FuncUnit> <Opcode : 'mux'> <InPorts = 2> <OutPorts = 1>
ST_1 : Operation 304 [1/1] (0.00ns)   --->   "%shl_ln813_9 = bitconcatenate i20 @_ssdm_op_BitConcatenate.i20.i16.i4, i16 %tmp_2_9, i4 0"   --->   Operation 304 'bitconcatenate' 'shl_ln813_9' <Predicate = (!icmp_ln113)> <Delay = 0.00>
ST_1 : Operation 305 [1/1] (2.06ns)   --->   "%tmp_2_s = mux i16 @_ssdm_op_Mux.ap_auto.16i16.i4, i16 %K_V_load_11_read, i16 %K_V_1_load_11_read, i16 %K_V_2_load_11_read, i16 %K_V_3_load_11_read, i16 %K_V_4_load_11_read, i16 %K_V_5_load_11_read, i16 %K_V_6_load_11_read, i16 %K_V_7_load_11_read, i16 %K_V_8_load_11_read, i16 %K_V_9_load_11_read, i16 %K_V_10_load_10_read, i16 %K_V_11_load_10_read, i16 %K_V_12_load_10_read, i16 %K_V_13_load_10_read, i16 %K_V_14_load_10_read, i16 %K_V_15_load_10_read, i4 %trunc_ln837"   --->   Operation 305 'mux' 'tmp_2_s' <Predicate = (!icmp_ln113)> <Delay = 2.06> <CoreInst = "Multiplexer">   --->   Core 76 'Multiplexer' <Latency = 0> <II = 1> <Delay = 2.06> <FuncUnit> <Opcode : 'mux'> <InPorts = 2> <OutPorts = 1>
ST_1 : Operation 306 [1/1] (0.00ns)   --->   "%shl_ln813_s = bitconcatenate i20 @_ssdm_op_BitConcatenate.i20.i16.i4, i16 %tmp_2_s, i4 0"   --->   Operation 306 'bitconcatenate' 'shl_ln813_s' <Predicate = (!icmp_ln113)> <Delay = 0.00>
ST_1 : Operation 307 [1/1] (2.06ns)   --->   "%tmp_2_10 = mux i16 @_ssdm_op_Mux.ap_auto.16i16.i4, i16 %K_V_load_12_read, i16 %K_V_1_load_12_read, i16 %K_V_2_load_12_read, i16 %K_V_3_load_12_read, i16 %K_V_4_load_12_read, i16 %K_V_5_load_12_read, i16 %K_V_6_load_12_read, i16 %K_V_7_load_12_read, i16 %K_V_8_load_12_read, i16 %K_V_9_load_12_read, i16 %K_V_10_load_11_read, i16 %K_V_11_load_11_read, i16 %K_V_12_load_11_read, i16 %K_V_13_load_11_read, i16 %K_V_14_load_11_read, i16 %K_V_15_load_11_read, i4 %trunc_ln837"   --->   Operation 307 'mux' 'tmp_2_10' <Predicate = (!icmp_ln113)> <Delay = 2.06> <CoreInst = "Multiplexer">   --->   Core 76 'Multiplexer' <Latency = 0> <II = 1> <Delay = 2.06> <FuncUnit> <Opcode : 'mux'> <InPorts = 2> <OutPorts = 1>
ST_1 : Operation 308 [1/1] (0.00ns)   --->   "%shl_ln813_10 = bitconcatenate i20 @_ssdm_op_BitConcatenate.i20.i16.i4, i16 %tmp_2_10, i4 0"   --->   Operation 308 'bitconcatenate' 'shl_ln813_10' <Predicate = (!icmp_ln113)> <Delay = 0.00>
ST_1 : Operation 309 [1/1] (2.06ns)   --->   "%tmp_2_11 = mux i16 @_ssdm_op_Mux.ap_auto.16i16.i4, i16 %K_V_load_13_read, i16 %K_V_1_load_13_read, i16 %K_V_2_load_13_read, i16 %K_V_3_load_13_read, i16 %K_V_4_load_13_read, i16 %K_V_5_load_13_read, i16 %K_V_6_load_13_read, i16 %K_V_7_load_13_read, i16 %K_V_8_load_13_read, i16 %K_V_9_load_13_read, i16 %K_V_10_load_12_read, i16 %K_V_11_load_12_read, i16 %K_V_12_load_12_read, i16 %K_V_13_load_12_read, i16 %K_V_14_load_12_read, i16 %K_V_15_load_12_read, i4 %trunc_ln837"   --->   Operation 309 'mux' 'tmp_2_11' <Predicate = (!icmp_ln113)> <Delay = 2.06> <CoreInst = "Multiplexer">   --->   Core 76 'Multiplexer' <Latency = 0> <II = 1> <Delay = 2.06> <FuncUnit> <Opcode : 'mux'> <InPorts = 2> <OutPorts = 1>
ST_1 : Operation 310 [1/1] (2.06ns)   --->   "%tmp_2_12 = mux i16 @_ssdm_op_Mux.ap_auto.16i16.i4, i16 %K_V_load_14_read, i16 %K_V_1_load_14_read, i16 %K_V_2_load_14_read, i16 %K_V_3_load_14_read, i16 %K_V_4_load_14_read, i16 %K_V_5_load_14_read, i16 %K_V_6_load_14_read, i16 %K_V_7_load_14_read, i16 %K_V_8_load_14_read, i16 %K_V_9_load_14_read, i16 %K_V_10_load_13_read, i16 %K_V_11_load_13_read, i16 %K_V_12_load_13_read, i16 %K_V_13_load_13_read, i16 %K_V_14_load_13_read, i16 %K_V_15_load_13_read, i4 %trunc_ln837"   --->   Operation 310 'mux' 'tmp_2_12' <Predicate = (!icmp_ln113)> <Delay = 2.06> <CoreInst = "Multiplexer">   --->   Core 76 'Multiplexer' <Latency = 0> <II = 1> <Delay = 2.06> <FuncUnit> <Opcode : 'mux'> <InPorts = 2> <OutPorts = 1>
ST_1 : Operation 311 [1/1] (2.06ns)   --->   "%tmp_2_13 = mux i16 @_ssdm_op_Mux.ap_auto.16i16.i4, i16 %K_V_load_15_read, i16 %K_V_1_load_15_read, i16 %K_V_2_load_15_read, i16 %K_V_3_load_15_read, i16 %K_V_4_load_15_read, i16 %K_V_5_load_15_read, i16 %K_V_6_load_15_read, i16 %K_V_7_load_15_read, i16 %K_V_8_load_15_read, i16 %K_V_9_load_15_read, i16 %K_V_10_load_14_read, i16 %K_V_11_load_14_read, i16 %K_V_12_load_14_read, i16 %K_V_13_load_14_read, i16 %K_V_14_load_14_read, i16 %K_V_15_load_14_read, i4 %trunc_ln837"   --->   Operation 311 'mux' 'tmp_2_13' <Predicate = (!icmp_ln113)> <Delay = 2.06> <CoreInst = "Multiplexer">   --->   Core 76 'Multiplexer' <Latency = 0> <II = 1> <Delay = 2.06> <FuncUnit> <Opcode : 'mux'> <InPorts = 2> <OutPorts = 1>
ST_1 : Operation 312 [1/1] (0.00ns)   --->   "%shl_ln813_13 = bitconcatenate i20 @_ssdm_op_BitConcatenate.i20.i16.i4, i16 %tmp_2_13, i4 0"   --->   Operation 312 'bitconcatenate' 'shl_ln813_13' <Predicate = (!icmp_ln113)> <Delay = 0.00>
ST_1 : Operation 313 [1/1] (2.06ns)   --->   "%tmp_2_14 = mux i16 @_ssdm_op_Mux.ap_auto.16i16.i4, i16 %K_V_load_16_read, i16 %K_V_1_load_16_read, i16 %K_V_2_load_16_read, i16 %K_V_3_load_16_read, i16 %K_V_4_load_16_read, i16 %K_V_5_load_16_read, i16 %K_V_6_load_16_read, i16 %K_V_7_load_16_read, i16 %K_V_8_load_16_read, i16 %K_V_9_load_16_read, i16 %K_V_10_load_15_read, i16 %K_V_11_load_15_read, i16 %K_V_12_load_15_read, i16 %K_V_13_load_15_read, i16 %K_V_14_load_15_read, i16 %K_V_15_load_15_read, i4 %trunc_ln837"   --->   Operation 313 'mux' 'tmp_2_14' <Predicate = (!icmp_ln113)> <Delay = 2.06> <CoreInst = "Multiplexer">   --->   Core 76 'Multiplexer' <Latency = 0> <II = 1> <Delay = 2.06> <FuncUnit> <Opcode : 'mux'> <InPorts = 2> <OutPorts = 1>
ST_1 : Operation 314 [1/1] (0.00ns)   --->   "%shl_ln813_14 = bitconcatenate i20 @_ssdm_op_BitConcatenate.i20.i16.i4, i16 %tmp_2_14, i4 0"   --->   Operation 314 'bitconcatenate' 'shl_ln813_14' <Predicate = (!icmp_ln113)> <Delay = 0.00>
ST_1 : Operation 315 [1/1] (2.19ns)   --->   "%add_ln813_34 = add i20 %shl_ln813_2, i20 %shl_ln813_3"   --->   Operation 315 'add' 'add_ln813_34' <Predicate = (!icmp_ln113)> <Delay = 2.19> <CoreInst = "Adder">   --->   Core 1 'Adder' <Latency = 0> <II = 1> <Delay = 2.19> <FuncUnit> <Opcode : 'add' 'sub'> <InPorts = 2> <OutPorts = 1>
ST_1 : Operation 316 [1/1] (2.19ns)   --->   "%add_ln813_37 = add i20 %shl_ln813_6, i20 %shl_ln813_7"   --->   Operation 316 'add' 'add_ln813_37' <Predicate = (!icmp_ln113)> <Delay = 2.19> <CoreInst = "Adder">   --->   Core 1 'Adder' <Latency = 0> <II = 1> <Delay = 2.19> <FuncUnit> <Opcode : 'add' 'sub'> <InPorts = 2> <OutPorts = 1>
ST_1 : Operation 317 [1/1] (2.19ns)   --->   "%add_ln813_40 = add i20 %shl_ln813_8, i20 %shl_ln813_9"   --->   Operation 317 'add' 'add_ln813_40' <Predicate = (!icmp_ln113)> <Delay = 2.19> <CoreInst = "Adder">   --->   Core 1 'Adder' <Latency = 0> <II = 1> <Delay = 2.19> <FuncUnit> <Opcode : 'add' 'sub'> <InPorts = 2> <OutPorts = 1>
ST_1 : Operation 318 [1/1] (2.19ns)   --->   "%add_ln813_41 = add i20 %shl_ln813_s, i20 %shl_ln813_10"   --->   Operation 318 'add' 'add_ln813_41' <Predicate = (!icmp_ln113)> <Delay = 2.19> <CoreInst = "Adder">   --->   Core 1 'Adder' <Latency = 0> <II = 1> <Delay = 2.19> <FuncUnit> <Opcode : 'add' 'sub'> <InPorts = 2> <OutPorts = 1>
ST_1 : Operation 319 [1/1] (2.19ns)   --->   "%add_ln813_44 = add i20 %shl_ln813_13, i20 %shl_ln813_14"   --->   Operation 319 'add' 'add_ln813_44' <Predicate = (!icmp_ln113)> <Delay = 2.19> <CoreInst = "Adder">   --->   Core 1 'Adder' <Latency = 0> <II = 1> <Delay = 2.19> <FuncUnit> <Opcode : 'add' 'sub'> <InPorts = 2> <OutPorts = 1>
ST_1 : Operation 320 [1/1] (0.95ns)   --->   "%switch_ln118 = switch i4 %trunc_ln837, void %arrayidx169.case.15, i4 0, void %for.body152.split.arrayidx169.exit_crit_edge257, i4 1, void %arrayidx169.case.1, i4 2, void %arrayidx169.case.2, i4 3, void %arrayidx169.case.3, i4 4, void %arrayidx169.case.4, i4 5, void %arrayidx169.case.5, i4 6, void %arrayidx169.case.6, i4 7, void %arrayidx169.case.7, i4 8, void %arrayidx169.case.8, i4 9, void %arrayidx169.case.9, i4 10, void %arrayidx169.case.10, i4 11, void %arrayidx169.case.11, i4 12, void %arrayidx169.case.12, i4 13, void %arrayidx169.case.13, i4 14, void %for.body152.split.arrayidx169.exit_crit_edge" [src/imgds_linear_dense_q16.cpp:118]   --->   Operation 320 'switch' 'switch_ln118' <Predicate = (!icmp_ln113)> <Delay = 0.95>
ST_1 : Operation 321 [1/1] (1.58ns)   --->   "%store_ln113 = store i5 %add_ln113, i5 %d" [src/imgds_linear_dense_q16.cpp:113]   --->   Operation 321 'store' 'store_ln113' <Predicate = (!icmp_ln113)> <Delay = 1.58>
ST_1 : Operation 322 [1/1] (0.00ns)   --->   "%br_ln113 = br void %for.body152" [src/imgds_linear_dense_q16.cpp:113]   --->   Operation 322 'br' 'br_ln113' <Predicate = (!icmp_ln113)> <Delay = 0.00>

State 2 <SV = 1> <Delay = 4.02>
ST_2 : Operation 323 [1/1] (0.00ns)   --->   "%shl_ln1 = bitconcatenate i20 @_ssdm_op_BitConcatenate.i20.i16.i4, i16 %tmp_2, i4 0"   --->   Operation 323 'bitconcatenate' 'shl_ln1' <Predicate = true> <Delay = 0.00>
ST_2 : Operation 324 [1/1] (0.00ns)   --->   "%shl_ln813_1 = bitconcatenate i20 @_ssdm_op_BitConcatenate.i20.i16.i4, i16 %tmp_2_1, i4 0"   --->   Operation 324 'bitconcatenate' 'shl_ln813_1' <Predicate = true> <Delay = 0.00>
ST_2 : Operation 325 [1/1] (0.00ns)   --->   "%shl_ln813_4 = bitconcatenate i20 @_ssdm_op_BitConcatenate.i20.i16.i4, i16 %tmp_2_4, i4 0"   --->   Operation 325 'bitconcatenate' 'shl_ln813_4' <Predicate = true> <Delay = 0.00>
ST_2 : Operation 326 [1/1] (0.00ns)   --->   "%shl_ln813_5 = bitconcatenate i20 @_ssdm_op_BitConcatenate.i20.i16.i4, i16 %tmp_2_5, i4 0"   --->   Operation 326 'bitconcatenate' 'shl_ln813_5' <Predicate = true> <Delay = 0.00>
ST_2 : Operation 327 [1/1] (0.00ns)   --->   "%shl_ln813_11 = bitconcatenate i20 @_ssdm_op_BitConcatenate.i20.i16.i4, i16 %tmp_2_11, i4 0"   --->   Operation 327 'bitconcatenate' 'shl_ln813_11' <Predicate = true> <Delay = 0.00>
ST_2 : Operation 328 [1/1] (0.00ns)   --->   "%shl_ln813_12 = bitconcatenate i20 @_ssdm_op_BitConcatenate.i20.i16.i4, i16 %tmp_2_12, i4 0"   --->   Operation 328 'bitconcatenate' 'shl_ln813_12' <Predicate = true> <Delay = 0.00>
ST_2 : Operation 329 [1/1] (0.00ns) (grouped into TernaryAdder)   --->   "%add_ln813 = add i20 %shl_ln813_1, i20 %shl_ln1"   --->   Operation 329 'add' 'add_ln813' <Predicate = true> <Delay = 0.00> <CoreInst = "TAddSub">   --->   Core 10 'TAddSub' <Latency = 0> <II = 1> <Delay = 2.01> <IPBlock> <Opcode : 'add' 'sub'> <InPorts = 3> <OutPorts = 1> <Sync> <CReg>
ST_2 : Operation 330 [1/1] (4.02ns) (root node of TernaryAdder)   --->   "%add_ln813_35 = add i20 %add_ln813_34, i20 %add_ln813"   --->   Operation 330 'add' 'add_ln813_35' <Predicate = true> <Delay = 4.02> <CoreInst = "TAddSub">   --->   Core 10 'TAddSub' <Latency = 0> <II = 1> <Delay = 2.01> <IPBlock> <Opcode : 'add' 'sub'> <InPorts = 3> <OutPorts = 1> <Sync> <CReg>
ST_2 : Operation 331 [1/1] (0.00ns) (grouped into TernaryAdder)   --->   "%add_ln813_36 = add i20 %shl_ln813_4, i20 %shl_ln813_5"   --->   Operation 331 'add' 'add_ln813_36' <Predicate = true> <Delay = 0.00> <CoreInst = "TAddSub">   --->   Core 10 'TAddSub' <Latency = 0> <II = 1> <Delay = 2.01> <IPBlock> <Opcode : 'add' 'sub'> <InPorts = 3> <OutPorts = 1> <Sync> <CReg>
ST_2 : Operation 332 [1/1] (4.02ns) (root node of TernaryAdder)   --->   "%add_ln813_38 = add i20 %add_ln813_37, i20 %add_ln813_36"   --->   Operation 332 'add' 'add_ln813_38' <Predicate = true> <Delay = 4.02> <CoreInst = "TAddSub">   --->   Core 10 'TAddSub' <Latency = 0> <II = 1> <Delay = 2.01> <IPBlock> <Opcode : 'add' 'sub'> <InPorts = 3> <OutPorts = 1> <Sync> <CReg>
ST_2 : Operation 333 [1/1] (0.00ns) (grouped into TernaryAdder)   --->   "%add_ln813_43 = add i20 %shl_ln813_11, i20 %shl_ln813_12"   --->   Operation 333 'add' 'add_ln813_43' <Predicate = true> <Delay = 0.00> <CoreInst = "TAddSub">   --->   Core 10 'TAddSub' <Latency = 0> <II = 1> <Delay = 2.01> <IPBlock> <Opcode : 'add' 'sub'> <InPorts = 3> <OutPorts = 1> <Sync> <CReg>
ST_2 : Operation 334 [1/1] (4.02ns) (root node of TernaryAdder)   --->   "%add_ln813_45 = add i20 %add_ln813_44, i20 %add_ln813_43"   --->   Operation 334 'add' 'add_ln813_45' <Predicate = true> <Delay = 4.02> <CoreInst = "TAddSub">   --->   Core 10 'TAddSub' <Latency = 0> <II = 1> <Delay = 2.01> <IPBlock> <Opcode : 'add' 'sub'> <InPorts = 3> <OutPorts = 1> <Sync> <CReg>

State 3 <SV = 2> <Delay = 4.02>
ST_3 : Operation 335 [1/1] (0.00ns) (grouped into TernaryAdder)   --->   "%add_ln813_42 = add i20 %add_ln813_41, i20 %add_ln813_40"   --->   Operation 335 'add' 'add_ln813_42' <Predicate = true> <Delay = 0.00> <CoreInst = "TAddSub">   --->   Core 10 'TAddSub' <Latency = 0> <II = 1> <Delay = 2.01> <IPBlock> <Opcode : 'add' 'sub'> <InPorts = 3> <OutPorts = 1> <Sync> <CReg>
ST_3 : Operation 336 [1/1] (4.02ns) (root node of TernaryAdder)   --->   "%add_ln813_46 = add i20 %add_ln813_45, i20 %add_ln813_42"   --->   Operation 336 'add' 'add_ln813_46' <Predicate = true> <Delay = 4.02> <CoreInst = "TAddSub">   --->   Core 10 'TAddSub' <Latency = 0> <II = 1> <Delay = 2.01> <IPBlock> <Opcode : 'add' 'sub'> <InPorts = 3> <OutPorts = 1> <Sync> <CReg>
ST_3 : Operation 373 [1/1] (0.00ns)   --->   "%K_sum_V_load = load i16 %K_sum_V"   --->   Operation 373 'load' 'K_sum_V_load' <Predicate = (icmp_ln113)> <Delay = 0.00>
ST_3 : Operation 374 [1/1] (0.00ns)   --->   "%K_sum_V_1_load = load i16 %K_sum_V_1"   --->   Operation 374 'load' 'K_sum_V_1_load' <Predicate = (icmp_ln113)> <Delay = 0.00>
ST_3 : Operation 375 [1/1] (0.00ns)   --->   "%K_sum_V_2_load = load i16 %K_sum_V_2"   --->   Operation 375 'load' 'K_sum_V_2_load' <Predicate = (icmp_ln113)> <Delay = 0.00>
ST_3 : Operation 376 [1/1] (0.00ns)   --->   "%K_sum_V_3_load = load i16 %K_sum_V_3"   --->   Operation 376 'load' 'K_sum_V_3_load' <Predicate = (icmp_ln113)> <Delay = 0.00>
ST_3 : Operation 377 [1/1] (0.00ns)   --->   "%K_sum_V_4_load = load i16 %K_sum_V_4"   --->   Operation 377 'load' 'K_sum_V_4_load' <Predicate = (icmp_ln113)> <Delay = 0.00>
ST_3 : Operation 378 [1/1] (0.00ns)   --->   "%K_sum_V_5_load = load i16 %K_sum_V_5"   --->   Operation 378 'load' 'K_sum_V_5_load' <Predicate = (icmp_ln113)> <Delay = 0.00>
ST_3 : Operation 379 [1/1] (0.00ns)   --->   "%K_sum_V_6_load = load i16 %K_sum_V_6"   --->   Operation 379 'load' 'K_sum_V_6_load' <Predicate = (icmp_ln113)> <Delay = 0.00>
ST_3 : Operation 380 [1/1] (0.00ns)   --->   "%K_sum_V_7_load = load i16 %K_sum_V_7"   --->   Operation 380 'load' 'K_sum_V_7_load' <Predicate = (icmp_ln113)> <Delay = 0.00>
ST_3 : Operation 381 [1/1] (0.00ns)   --->   "%K_sum_V_8_load = load i16 %K_sum_V_8"   --->   Operation 381 'load' 'K_sum_V_8_load' <Predicate = (icmp_ln113)> <Delay = 0.00>
ST_3 : Operation 382 [1/1] (0.00ns)   --->   "%K_sum_V_9_load = load i16 %K_sum_V_9"   --->   Operation 382 'load' 'K_sum_V_9_load' <Predicate = (icmp_ln113)> <Delay = 0.00>
ST_3 : Operation 383 [1/1] (0.00ns)   --->   "%K_sum_V_10_load = load i16 %K_sum_V_10"   --->   Operation 383 'load' 'K_sum_V_10_load' <Predicate = (icmp_ln113)> <Delay = 0.00>
ST_3 : Operation 384 [1/1] (0.00ns)   --->   "%K_sum_V_11_load = load i16 %K_sum_V_11"   --->   Operation 384 'load' 'K_sum_V_11_load' <Predicate = (icmp_ln113)> <Delay = 0.00>
ST_3 : Operation 385 [1/1] (0.00ns)   --->   "%K_sum_V_12_load = load i16 %K_sum_V_12"   --->   Operation 385 'load' 'K_sum_V_12_load' <Predicate = (icmp_ln113)> <Delay = 0.00>
ST_3 : Operation 386 [1/1] (0.00ns)   --->   "%K_sum_V_13_load = load i16 %K_sum_V_13"   --->   Operation 386 'load' 'K_sum_V_13_load' <Predicate = (icmp_ln113)> <Delay = 0.00>
ST_3 : Operation 387 [1/1] (0.00ns)   --->   "%K_sum_V_14_load = load i16 %K_sum_V_14"   --->   Operation 387 'load' 'K_sum_V_14_load' <Predicate = (icmp_ln113)> <Delay = 0.00>
ST_3 : Operation 388 [1/1] (0.00ns)   --->   "%K_sum_V_15_load = load i16 %K_sum_V_15"   --->   Operation 388 'load' 'K_sum_V_15_load' <Predicate = (icmp_ln113)> <Delay = 0.00>
ST_3 : Operation 389 [1/1] (0.00ns)   --->   "%write_ln0 = write void @_ssdm_op_Write.ap_auto.i16P0A, i16 %K_sum_V_15_out, i16 %K_sum_V_15_load"   --->   Operation 389 'write' 'write_ln0' <Predicate = (icmp_ln113)> <Delay = 0.00>
ST_3 : Operation 390 [1/1] (0.00ns)   --->   "%write_ln0 = write void @_ssdm_op_Write.ap_auto.i16P0A, i16 %K_sum_V_14_out, i16 %K_sum_V_14_load"   --->   Operation 390 'write' 'write_ln0' <Predicate = (icmp_ln113)> <Delay = 0.00>
ST_3 : Operation 391 [1/1] (0.00ns)   --->   "%write_ln0 = write void @_ssdm_op_Write.ap_auto.i16P0A, i16 %K_sum_V_13_out, i16 %K_sum_V_13_load"   --->   Operation 391 'write' 'write_ln0' <Predicate = (icmp_ln113)> <Delay = 0.00>
ST_3 : Operation 392 [1/1] (0.00ns)   --->   "%write_ln0 = write void @_ssdm_op_Write.ap_auto.i16P0A, i16 %K_sum_V_12_out, i16 %K_sum_V_12_load"   --->   Operation 392 'write' 'write_ln0' <Predicate = (icmp_ln113)> <Delay = 0.00>
ST_3 : Operation 393 [1/1] (0.00ns)   --->   "%write_ln0 = write void @_ssdm_op_Write.ap_auto.i16P0A, i16 %K_sum_V_11_out, i16 %K_sum_V_11_load"   --->   Operation 393 'write' 'write_ln0' <Predicate = (icmp_ln113)> <Delay = 0.00>
ST_3 : Operation 394 [1/1] (0.00ns)   --->   "%write_ln0 = write void @_ssdm_op_Write.ap_auto.i16P0A, i16 %K_sum_V_10_out, i16 %K_sum_V_10_load"   --->   Operation 394 'write' 'write_ln0' <Predicate = (icmp_ln113)> <Delay = 0.00>
ST_3 : Operation 395 [1/1] (0.00ns)   --->   "%write_ln0 = write void @_ssdm_op_Write.ap_auto.i16P0A, i16 %K_sum_V_9_out, i16 %K_sum_V_9_load"   --->   Operation 395 'write' 'write_ln0' <Predicate = (icmp_ln113)> <Delay = 0.00>
ST_3 : Operation 396 [1/1] (0.00ns)   --->   "%write_ln0 = write void @_ssdm_op_Write.ap_auto.i16P0A, i16 %K_sum_V_8_out, i16 %K_sum_V_8_load"   --->   Operation 396 'write' 'write_ln0' <Predicate = (icmp_ln113)> <Delay = 0.00>
ST_3 : Operation 397 [1/1] (0.00ns)   --->   "%write_ln0 = write void @_ssdm_op_Write.ap_auto.i16P0A, i16 %K_sum_V_7_out, i16 %K_sum_V_7_load"   --->   Operation 397 'write' 'write_ln0' <Predicate = (icmp_ln113)> <Delay = 0.00>
ST_3 : Operation 398 [1/1] (0.00ns)   --->   "%write_ln0 = write void @_ssdm_op_Write.ap_auto.i16P0A, i16 %K_sum_V_6_out, i16 %K_sum_V_6_load"   --->   Operation 398 'write' 'write_ln0' <Predicate = (icmp_ln113)> <Delay = 0.00>
ST_3 : Operation 399 [1/1] (0.00ns)   --->   "%write_ln0 = write void @_ssdm_op_Write.ap_auto.i16P0A, i16 %K_sum_V_5_out, i16 %K_sum_V_5_load"   --->   Operation 399 'write' 'write_ln0' <Predicate = (icmp_ln113)> <Delay = 0.00>
ST_3 : Operation 400 [1/1] (0.00ns)   --->   "%write_ln0 = write void @_ssdm_op_Write.ap_auto.i16P0A, i16 %K_sum_V_4_out, i16 %K_sum_V_4_load"   --->   Operation 400 'write' 'write_ln0' <Predicate = (icmp_ln113)> <Delay = 0.00>
ST_3 : Operation 401 [1/1] (0.00ns)   --->   "%write_ln0 = write void @_ssdm_op_Write.ap_auto.i16P0A, i16 %K_sum_V_3_out, i16 %K_sum_V_3_load"   --->   Operation 401 'write' 'write_ln0' <Predicate = (icmp_ln113)> <Delay = 0.00>
ST_3 : Operation 402 [1/1] (0.00ns)   --->   "%write_ln0 = write void @_ssdm_op_Write.ap_auto.i16P0A, i16 %K_sum_V_2_out, i16 %K_sum_V_2_load"   --->   Operation 402 'write' 'write_ln0' <Predicate = (icmp_ln113)> <Delay = 0.00>
ST_3 : Operation 403 [1/1] (0.00ns)   --->   "%write_ln0 = write void @_ssdm_op_Write.ap_auto.i16P0A, i16 %K_sum_V_1_out, i16 %K_sum_V_1_load"   --->   Operation 403 'write' 'write_ln0' <Predicate = (icmp_ln113)> <Delay = 0.00>
ST_3 : Operation 404 [1/1] (0.00ns)   --->   "%write_ln0 = write void @_ssdm_op_Write.ap_auto.i16P0A, i16 %K_sum_V_out, i16 %K_sum_V_load"   --->   Operation 404 'write' 'write_ln0' <Predicate = (icmp_ln113)> <Delay = 0.00>
ST_3 : Operation 405 [1/1] (0.00ns)   --->   "%ret_ln0 = ret"   --->   Operation 405 'ret' 'ret_ln0' <Predicate = (icmp_ln113)> <Delay = 0.00>

State 4 <SV = 3> <Delay = 4.02>
ST_4 : Operation 337 [1/1] (0.00ns)   --->   "%specloopname_ln111 = specloopname void @_ssdm_op_SpecLoopName, void @empty_11" [src/imgds_linear_dense_q16.cpp:111]   --->   Operation 337 'specloopname' 'specloopname_ln111' <Predicate = true> <Delay = 0.00>
ST_4 : Operation 338 [1/1] (0.00ns) (grouped into TernaryAdder)   --->   "%add_ln813_39 = add i20 %add_ln813_38, i20 %add_ln813_35"   --->   Operation 338 'add' 'add_ln813_39' <Predicate = true> <Delay = 0.00> <CoreInst = "TAddSub">   --->   Core 10 'TAddSub' <Latency = 0> <II = 1> <Delay = 2.01> <IPBlock> <Opcode : 'add' 'sub'> <InPorts = 3> <OutPorts = 1> <Sync> <CReg>
ST_4 : Operation 339 [1/1] (4.02ns) (root node of TernaryAdder)   --->   "%add_ln813_47 = add i20 %add_ln813_46, i20 %add_ln813_39"   --->   Operation 339 'add' 'add_ln813_47' <Predicate = true> <Delay = 4.02> <CoreInst = "TAddSub">   --->   Core 10 'TAddSub' <Latency = 0> <II = 1> <Delay = 2.01> <IPBlock> <Opcode : 'add' 'sub'> <InPorts = 3> <OutPorts = 1> <Sync> <CReg>
ST_4 : Operation 340 [1/1] (0.00ns)   --->   "%K_sum_V_16 = partselect i16 @_ssdm_op_PartSelect.i16.i20.i32.i32, i20 %add_ln813_47, i32 4, i32 19"   --->   Operation 340 'partselect' 'K_sum_V_16' <Predicate = true> <Delay = 0.00>
ST_4 : Operation 341 [1/1] (0.00ns)   --->   "%store_ln118 = store i16 %K_sum_V_16, i16 %K_sum_V_14" [src/imgds_linear_dense_q16.cpp:118]   --->   Operation 341 'store' 'store_ln118' <Predicate = (trunc_ln837 == 14)> <Delay = 0.00>
ST_4 : Operation 342 [1/1] (0.00ns)   --->   "%br_ln118 = br void %arrayidx169.exit" [src/imgds_linear_dense_q16.cpp:118]   --->   Operation 342 'br' 'br_ln118' <Predicate = (trunc_ln837 == 14)> <Delay = 0.00>
ST_4 : Operation 343 [1/1] (0.00ns)   --->   "%store_ln118 = store i16 %K_sum_V_16, i16 %K_sum_V_13" [src/imgds_linear_dense_q16.cpp:118]   --->   Operation 343 'store' 'store_ln118' <Predicate = (trunc_ln837 == 13)> <Delay = 0.00>
ST_4 : Operation 344 [1/1] (0.00ns)   --->   "%br_ln118 = br void %arrayidx169.exit" [src/imgds_linear_dense_q16.cpp:118]   --->   Operation 344 'br' 'br_ln118' <Predicate = (trunc_ln837 == 13)> <Delay = 0.00>
ST_4 : Operation 345 [1/1] (0.00ns)   --->   "%store_ln118 = store i16 %K_sum_V_16, i16 %K_sum_V_12" [src/imgds_linear_dense_q16.cpp:118]   --->   Operation 345 'store' 'store_ln118' <Predicate = (trunc_ln837 == 12)> <Delay = 0.00>
ST_4 : Operation 346 [1/1] (0.00ns)   --->   "%br_ln118 = br void %arrayidx169.exit" [src/imgds_linear_dense_q16.cpp:118]   --->   Operation 346 'br' 'br_ln118' <Predicate = (trunc_ln837 == 12)> <Delay = 0.00>
ST_4 : Operation 347 [1/1] (0.00ns)   --->   "%store_ln118 = store i16 %K_sum_V_16, i16 %K_sum_V_11" [src/imgds_linear_dense_q16.cpp:118]   --->   Operation 347 'store' 'store_ln118' <Predicate = (trunc_ln837 == 11)> <Delay = 0.00>
ST_4 : Operation 348 [1/1] (0.00ns)   --->   "%br_ln118 = br void %arrayidx169.exit" [src/imgds_linear_dense_q16.cpp:118]   --->   Operation 348 'br' 'br_ln118' <Predicate = (trunc_ln837 == 11)> <Delay = 0.00>
ST_4 : Operation 349 [1/1] (0.00ns)   --->   "%store_ln118 = store i16 %K_sum_V_16, i16 %K_sum_V_10" [src/imgds_linear_dense_q16.cpp:118]   --->   Operation 349 'store' 'store_ln118' <Predicate = (trunc_ln837 == 10)> <Delay = 0.00>
ST_4 : Operation 350 [1/1] (0.00ns)   --->   "%br_ln118 = br void %arrayidx169.exit" [src/imgds_linear_dense_q16.cpp:118]   --->   Operation 350 'br' 'br_ln118' <Predicate = (trunc_ln837 == 10)> <Delay = 0.00>
ST_4 : Operation 351 [1/1] (0.00ns)   --->   "%store_ln118 = store i16 %K_sum_V_16, i16 %K_sum_V_9" [src/imgds_linear_dense_q16.cpp:118]   --->   Operation 351 'store' 'store_ln118' <Predicate = (trunc_ln837 == 9)> <Delay = 0.00>
ST_4 : Operation 352 [1/1] (0.00ns)   --->   "%br_ln118 = br void %arrayidx169.exit" [src/imgds_linear_dense_q16.cpp:118]   --->   Operation 352 'br' 'br_ln118' <Predicate = (trunc_ln837 == 9)> <Delay = 0.00>
ST_4 : Operation 353 [1/1] (0.00ns)   --->   "%store_ln118 = store i16 %K_sum_V_16, i16 %K_sum_V_8" [src/imgds_linear_dense_q16.cpp:118]   --->   Operation 353 'store' 'store_ln118' <Predicate = (trunc_ln837 == 8)> <Delay = 0.00>
ST_4 : Operation 354 [1/1] (0.00ns)   --->   "%br_ln118 = br void %arrayidx169.exit" [src/imgds_linear_dense_q16.cpp:118]   --->   Operation 354 'br' 'br_ln118' <Predicate = (trunc_ln837 == 8)> <Delay = 0.00>
ST_4 : Operation 355 [1/1] (0.00ns)   --->   "%store_ln118 = store i16 %K_sum_V_16, i16 %K_sum_V_7" [src/imgds_linear_dense_q16.cpp:118]   --->   Operation 355 'store' 'store_ln118' <Predicate = (trunc_ln837 == 7)> <Delay = 0.00>
ST_4 : Operation 356 [1/1] (0.00ns)   --->   "%br_ln118 = br void %arrayidx169.exit" [src/imgds_linear_dense_q16.cpp:118]   --->   Operation 356 'br' 'br_ln118' <Predicate = (trunc_ln837 == 7)> <Delay = 0.00>
ST_4 : Operation 357 [1/1] (0.00ns)   --->   "%store_ln118 = store i16 %K_sum_V_16, i16 %K_sum_V_6" [src/imgds_linear_dense_q16.cpp:118]   --->   Operation 357 'store' 'store_ln118' <Predicate = (trunc_ln837 == 6)> <Delay = 0.00>
ST_4 : Operation 358 [1/1] (0.00ns)   --->   "%br_ln118 = br void %arrayidx169.exit" [src/imgds_linear_dense_q16.cpp:118]   --->   Operation 358 'br' 'br_ln118' <Predicate = (trunc_ln837 == 6)> <Delay = 0.00>
ST_4 : Operation 359 [1/1] (0.00ns)   --->   "%store_ln118 = store i16 %K_sum_V_16, i16 %K_sum_V_5" [src/imgds_linear_dense_q16.cpp:118]   --->   Operation 359 'store' 'store_ln118' <Predicate = (trunc_ln837 == 5)> <Delay = 0.00>
ST_4 : Operation 360 [1/1] (0.00ns)   --->   "%br_ln118 = br void %arrayidx169.exit" [src/imgds_linear_dense_q16.cpp:118]   --->   Operation 360 'br' 'br_ln118' <Predicate = (trunc_ln837 == 5)> <Delay = 0.00>
ST_4 : Operation 361 [1/1] (0.00ns)   --->   "%store_ln118 = store i16 %K_sum_V_16, i16 %K_sum_V_4" [src/imgds_linear_dense_q16.cpp:118]   --->   Operation 361 'store' 'store_ln118' <Predicate = (trunc_ln837 == 4)> <Delay = 0.00>
ST_4 : Operation 362 [1/1] (0.00ns)   --->   "%br_ln118 = br void %arrayidx169.exit" [src/imgds_linear_dense_q16.cpp:118]   --->   Operation 362 'br' 'br_ln118' <Predicate = (trunc_ln837 == 4)> <Delay = 0.00>
ST_4 : Operation 363 [1/1] (0.00ns)   --->   "%store_ln118 = store i16 %K_sum_V_16, i16 %K_sum_V_3" [src/imgds_linear_dense_q16.cpp:118]   --->   Operation 363 'store' 'store_ln118' <Predicate = (trunc_ln837 == 3)> <Delay = 0.00>
ST_4 : Operation 364 [1/1] (0.00ns)   --->   "%br_ln118 = br void %arrayidx169.exit" [src/imgds_linear_dense_q16.cpp:118]   --->   Operation 364 'br' 'br_ln118' <Predicate = (trunc_ln837 == 3)> <Delay = 0.00>
ST_4 : Operation 365 [1/1] (0.00ns)   --->   "%store_ln118 = store i16 %K_sum_V_16, i16 %K_sum_V_2" [src/imgds_linear_dense_q16.cpp:118]   --->   Operation 365 'store' 'store_ln118' <Predicate = (trunc_ln837 == 2)> <Delay = 0.00>
ST_4 : Operation 366 [1/1] (0.00ns)   --->   "%br_ln118 = br void %arrayidx169.exit" [src/imgds_linear_dense_q16.cpp:118]   --->   Operation 366 'br' 'br_ln118' <Predicate = (trunc_ln837 == 2)> <Delay = 0.00>
ST_4 : Operation 367 [1/1] (0.00ns)   --->   "%store_ln118 = store i16 %K_sum_V_16, i16 %K_sum_V_1" [src/imgds_linear_dense_q16.cpp:118]   --->   Operation 367 'store' 'store_ln118' <Predicate = (trunc_ln837 == 1)> <Delay = 0.00>
ST_4 : Operation 368 [1/1] (0.00ns)   --->   "%br_ln118 = br void %arrayidx169.exit" [src/imgds_linear_dense_q16.cpp:118]   --->   Operation 368 'br' 'br_ln118' <Predicate = (trunc_ln837 == 1)> <Delay = 0.00>
ST_4 : Operation 369 [1/1] (0.00ns)   --->   "%store_ln118 = store i16 %K_sum_V_16, i16 %K_sum_V" [src/imgds_linear_dense_q16.cpp:118]   --->   Operation 369 'store' 'store_ln118' <Predicate = (trunc_ln837 == 0)> <Delay = 0.00>
ST_4 : Operation 370 [1/1] (0.00ns)   --->   "%br_ln118 = br void %arrayidx169.exit" [src/imgds_linear_dense_q16.cpp:118]   --->   Operation 370 'br' 'br_ln118' <Predicate = (trunc_ln837 == 0)> <Delay = 0.00>
ST_4 : Operation 371 [1/1] (0.00ns)   --->   "%store_ln118 = store i16 %K_sum_V_16, i16 %K_sum_V_15" [src/imgds_linear_dense_q16.cpp:118]   --->   Operation 371 'store' 'store_ln118' <Predicate = (trunc_ln837 == 15)> <Delay = 0.00>
ST_4 : Operation 372 [1/1] (0.00ns)   --->   "%br_ln118 = br void %arrayidx169.exit" [src/imgds_linear_dense_q16.cpp:118]   --->   Operation 372 'br' 'br_ln118' <Predicate = (trunc_ln837 == 15)> <Delay = 0.00>


============================================================
+ Verbose Summary: Timing violations
============================================================
Target clock period: 10ns, clock uncertainty: 2.7ns.

 <State 1>: 4.26ns
The critical path consists of the following:
	'alloca' operation ('d') [273]  (0 ns)
	'load' operation ('d') on local variable 'd' [549]  (0 ns)
	'mux' operation ('tmp_2_2') [562]  (2.06 ns)
	'add' operation ('add_ln813_34') [591]  (2.2 ns)

 <State 2>: 4.02ns
The critical path consists of the following:
	'add' operation ('add_ln813') [590]  (0 ns)
	'add' operation ('add_ln813_35') [592]  (4.02 ns)

 <State 3>: 4.02ns
The critical path consists of the following:
	'add' operation ('add_ln813_42') [599]  (0 ns)
	'add' operation ('add_ln813_46') [603]  (4.02 ns)

 <State 4>: 4.02ns
The critical path consists of the following:
	'add' operation ('add_ln813_39') [596]  (0 ns)
	'add' operation ('add_ln813_47') [604]  (4.02 ns)
	'store' operation ('store_ln118', src/imgds_linear_dense_q16.cpp:118) of variable 'K_sum.V' on local variable 'K_sum.V' [608]  (0 ns)


============================================================
+ Verbose Summary: Binding
============================================================
N/A
* FSMD analyzer results:
  - Output states:
 - Input state : 
  - Chain level:
	State 1
	State 2
	State 3
	State 4


============================================================
+ Verbose Summary: Datapath Resource usage 
============================================================
N/A
