

================================================================
== Vitis HLS Report for 'transformer_for_sample_Pipeline_o_proj_i_o_proj_j'
================================================================
* Date:           Tue May 19 20:30:22 2026

* Version:        2022.2 (Build 3670227 on Oct 13 2022)
* Project:        linear_transformer_hls
* Solution:       solution1 (Vivado IP Flow Target)
* Product family: zynq
* Target device:  xc7z020-clg400-1


================================================================
== Performance Estimates
================================================================
+ Timing: 
    * Summary: 
    +--------+----------+----------+------------+
    |  Clock |  Target  | Estimated| Uncertainty|
    +--------+----------+----------+------------+
    |ap_clk  |  10.00 ns|  7.256 ns|     2.70 ns|
    +--------+----------+----------+------------+

+ Latency: 
    * Summary: 
    +---------+---------+----------+----------+-----+-----+---------+
    |  Latency (cycles) |  Latency (absolute) |  Interval | Pipeline|
    |   min   |   max   |    min   |    max   | min | max |   Type  |
    +---------+---------+----------+----------+-----+-----+---------+
    |      310|      310|  3.100 us|  3.100 us|  310|  310|       no|
    +---------+---------+----------+----------+-----+-----+---------+

    + Detail: 
        * Instance: 
        N/A

        * Loop: 
        +---------------------+---------+---------+----------+-----------+-----------+------+----------+
        |                     |  Latency (cycles) | Iteration|  Initiation Interval  | Trip |          |
        |      Loop Name      |   min   |   max   |  Latency |  achieved |   target  | Count| Pipelined|
        +---------------------+---------+---------+----------+-----------+-----------+------+----------+
        |- o_proj_i_o_proj_j  |      308|      308|        57|          4|          1|    64|       yes|
        +---------------------+---------+---------+----------+-----------+-----------+------+----------+

============================================================
+ Verbose Summary: Synthesis Manager
============================================================
InlineROM: 1
ExposeGlobal: 0
============================================================
+ Verbose Summary: CDFG Model
============================================================
IsTopModel: 0
ResetActiveHigh: 1
IsCombinational: 0
IsDatapathOnly: 0
HasWiredReturn: 1
HasMFsm: 2
HasVarLatency: 1
IsPipeline: 0
IsRtlPipelined: 0
IsInstanceOverlapped: 0
IsDontTouch: 0
HasImplIP: 0
IsGatedGlobalClock: 0

+ Individual pipeline summary: 
  * Pipeline-0: initiation interval (II) = 4, depth = 57


============================================================
+ Verbose Summary: Schedule
============================================================
* Number of FSM states : 57
* Pipeline : 1
  Pipeline-0 : II = 4, D = 57, States = { 1 2 3 4 5 6 7 8 9 10 11 12 13 14 15 16 17 18 19 20 21 22 23 24 25 26 27 28 29 30 31 32 33 34 35 36 37 38 39 40 41 42 43 44 45 46 47 48 49 50 51 52 53 54 55 56 57 }
* Dataflow Pipeline: 0

* FSM state transitions: 
1 --> 2 
2 --> 3 
3 --> 4 
4 --> 5 
5 --> 6 
6 --> 7 
7 --> 8 
8 --> 9 
9 --> 10 
10 --> 11 
11 --> 12 
12 --> 13 
13 --> 14 
14 --> 15 
15 --> 16 
16 --> 17 
17 --> 18 
18 --> 19 
19 --> 20 
20 --> 21 
21 --> 22 
22 --> 23 
23 --> 24 
24 --> 25 
25 --> 26 
26 --> 27 
27 --> 28 
28 --> 29 
29 --> 30 
30 --> 31 
31 --> 32 
32 --> 33 
33 --> 34 
34 --> 35 
35 --> 36 
36 --> 37 
37 --> 38 
38 --> 39 
39 --> 40 
40 --> 41 
41 --> 42 
42 --> 43 
43 --> 44 
44 --> 45 
45 --> 46 
46 --> 47 
47 --> 48 
48 --> 49 
49 --> 50 
50 --> 51 
51 --> 52 
52 --> 53 
53 --> 54 
54 --> 55 
55 --> 56 
56 --> 57 
57 --> 

* FSM state operations: 

State 1 <SV = 0> <Delay = 6.17>
ST_1 : Operation 60 [1/1] (0.00ns)   --->   "%j = alloca i32 1"   --->   Operation 60 'alloca' 'j' <Predicate = true> <Delay = 0.00>
ST_1 : Operation 61 [1/1] (0.00ns)   --->   "%i = alloca i32 1"   --->   Operation 61 'alloca' 'i' <Predicate = true> <Delay = 0.00>
ST_1 : Operation 62 [1/1] (0.00ns)   --->   "%indvar_flatten65 = alloca i32 1"   --->   Operation 62 'alloca' 'indvar_flatten65' <Predicate = true> <Delay = 0.00>
ST_1 : Operation 63 [1/1] (1.58ns)   --->   "%store_ln0 = store i7 0, i7 %indvar_flatten65"   --->   Operation 63 'store' 'store_ln0' <Predicate = true> <Delay = 1.58>
ST_1 : Operation 64 [1/1] (1.58ns)   --->   "%store_ln0 = store i4 0, i4 %i"   --->   Operation 64 'store' 'store_ln0' <Predicate = true> <Delay = 1.58>
ST_1 : Operation 65 [1/1] (1.58ns)   --->   "%store_ln0 = store i4 0, i4 %j"   --->   Operation 65 'store' 'store_ln0' <Predicate = true> <Delay = 1.58>
ST_1 : Operation 66 [1/1] (0.00ns)   --->   "%br_ln0 = br void %o_proj_k"   --->   Operation 66 'br' 'br_ln0' <Predicate = true> <Delay = 0.00>
ST_1 : Operation 67 [1/1] (0.00ns)   --->   "%i_2 = load i4 %i"   --->   Operation 67 'load' 'i_2' <Predicate = true> <Delay = 0.00>
ST_1 : Operation 68 [1/1] (0.00ns)   --->   "%indvar_flatten65_load = load i7 %indvar_flatten65" [linear_transformer.cpp:143]   --->   Operation 68 'load' 'indvar_flatten65_load' <Predicate = true> <Delay = 0.00>
ST_1 : Operation 69 [1/1] (0.00ns)   --->   "%empty = trunc i4 %i_2"   --->   Operation 69 'trunc' 'empty' <Predicate = true> <Delay = 0.00>
ST_1 : Operation 70 [1/1] (0.00ns)   --->   "%tmp_s = bitconcatenate i6 @_ssdm_op_BitConcatenate.i6.i3.i3, i3 %empty, i3 0"   --->   Operation 70 'bitconcatenate' 'tmp_s' <Predicate = true> <Delay = 0.00>
ST_1 : Operation 71 [1/1] (0.00ns)   --->   "%specpipeline_ln0 = specpipeline void @_ssdm_op_SpecPipeline, i32 4294967295, i32 0, i32 1, i32 0, void @p_str"   --->   Operation 71 'specpipeline' 'specpipeline_ln0' <Predicate = true> <Delay = 0.00>
ST_1 : Operation 72 [1/1] (1.48ns)   --->   "%icmp_ln143 = icmp_eq  i7 %indvar_flatten65_load, i7 64" [linear_transformer.cpp:143]   --->   Operation 72 'icmp' 'icmp_ln143' <Predicate = true> <Delay = 1.48> <CoreInst = "Cmp">   --->   Core 9 'Cmp' <Latency = 0> <II = 1> <Delay = 1.48> <FuncUnit> <Opcode : 'icmp'> <InPorts = 2> <OutPorts = 1>
ST_1 : Operation 73 [1/1] (1.87ns)   --->   "%add_ln143 = add i7 %indvar_flatten65_load, i7 1" [linear_transformer.cpp:143]   --->   Operation 73 'add' 'add_ln143' <Predicate = true> <Delay = 1.87> <CoreInst = "Adder">   --->   Core 1 'Adder' <Latency = 0> <II = 1> <Delay = 1.87> <FuncUnit> <Opcode : 'add' 'sub'> <InPorts = 2> <OutPorts = 1>
ST_1 : Operation 74 [1/1] (0.00ns)   --->   "%br_ln143 = br i1 %icmp_ln143, void %for.inc303, void %ff1_k.preheader.exitStub" [linear_transformer.cpp:143]   --->   Operation 74 'br' 'br_ln143' <Predicate = true> <Delay = 0.00>
ST_1 : Operation 75 [1/1] (0.00ns)   --->   "%j_load = load i4 %j" [linear_transformer.cpp:145]   --->   Operation 75 'load' 'j_load' <Predicate = (!icmp_ln143)> <Delay = 0.00>
ST_1 : Operation 76 [1/1] (1.30ns)   --->   "%icmp_ln145 = icmp_eq  i4 %j_load, i4 8" [linear_transformer.cpp:145]   --->   Operation 76 'icmp' 'icmp_ln145' <Predicate = (!icmp_ln143)> <Delay = 1.30> <CoreInst = "Cmp">   --->   Core 9 'Cmp' <Latency = 0> <II = 1> <Delay = 1.30> <FuncUnit> <Opcode : 'icmp'> <InPorts = 2> <OutPorts = 1>
ST_1 : Operation 77 [1/1] (1.02ns)   --->   "%select_ln143 = select i1 %icmp_ln145, i4 0, i4 %j_load" [linear_transformer.cpp:143]   --->   Operation 77 'select' 'select_ln143' <Predicate = (!icmp_ln143)> <Delay = 1.02> <CoreInst = "Sel">   --->   Core 73 'Sel' <Latency = 0> <II = 1> <Delay = 1.02> <FuncUnit> <Opcode : 'select'> <InPorts = 3> <OutPorts = 1>
ST_1 : Operation 78 [1/1] (1.73ns)   --->   "%add_ln143_1 = add i4 %i_2, i4 1" [linear_transformer.cpp:143]   --->   Operation 78 'add' 'add_ln143_1' <Predicate = (!icmp_ln143)> <Delay = 1.73> <CoreInst = "Adder">   --->   Core 1 'Adder' <Latency = 0> <II = 1> <Delay = 1.73> <FuncUnit> <Opcode : 'add' 'sub'> <InPorts = 2> <OutPorts = 1>
ST_1 : Operation 79 [1/1] (0.00ns)   --->   "%empty_32 = trunc i4 %add_ln143_1" [linear_transformer.cpp:143]   --->   Operation 79 'trunc' 'empty_32' <Predicate = (!icmp_ln143)> <Delay = 0.00>
ST_1 : Operation 80 [1/1] (0.00ns)   --->   "%p_mid4 = bitconcatenate i6 @_ssdm_op_BitConcatenate.i6.i3.i3, i3 %empty_32, i3 0" [linear_transformer.cpp:143]   --->   Operation 80 'bitconcatenate' 'p_mid4' <Predicate = (!icmp_ln143)> <Delay = 0.00>
ST_1 : Operation 81 [1/1] (1.18ns)   --->   "%select_ln143_1 = select i1 %icmp_ln145, i6 %p_mid4, i6 %tmp_s" [linear_transformer.cpp:143]   --->   Operation 81 'select' 'select_ln143_1' <Predicate = (!icmp_ln143)> <Delay = 1.18> <CoreInst = "Sel">   --->   Core 73 'Sel' <Latency = 0> <II = 1> <Delay = 1.18> <FuncUnit> <Opcode : 'select'> <InPorts = 3> <OutPorts = 1>
ST_1 : Operation 82 [1/1] (0.00ns)   --->   "%zext_ln143 = zext i6 %select_ln143_1" [linear_transformer.cpp:143]   --->   Operation 82 'zext' 'zext_ln143' <Predicate = (!icmp_ln143)> <Delay = 0.00>
ST_1 : Operation 83 [1/1] (0.00ns)   --->   "%values_new_addr = getelementptr i32 %values_new, i64 0, i64 %zext_ln143" [linear_transformer.cpp:149]   --->   Operation 83 'getelementptr' 'values_new_addr' <Predicate = (!icmp_ln143)> <Delay = 0.00>
ST_1 : Operation 84 [2/2] (3.25ns)   --->   "%values_new_load = load i6 %values_new_addr" [linear_transformer.cpp:143]   --->   Operation 84 'load' 'values_new_load' <Predicate = (!icmp_ln143)> <Delay = 3.25> <CoreInst = "RAM">   --->   Core 82 'RAM' <Latency = 1> <II = 1> <Delay = 3.25> <Storage> <Opcode : 'load' 'store'> <Ports = 2> <Width = 32> <Depth = 64> <RAM>
ST_1 : Operation 85 [1/1] (0.00ns)   --->   "%or_ln143 = or i6 %select_ln143_1, i6 1" [linear_transformer.cpp:143]   --->   Operation 85 'or' 'or_ln143' <Predicate = (!icmp_ln143)> <Delay = 0.00>
ST_1 : Operation 86 [1/1] (0.00ns)   --->   "%zext_ln143_1 = zext i6 %or_ln143" [linear_transformer.cpp:143]   --->   Operation 86 'zext' 'zext_ln143_1' <Predicate = (!icmp_ln143)> <Delay = 0.00>
ST_1 : Operation 87 [1/1] (0.00ns)   --->   "%values_new_addr_1 = getelementptr i32 %values_new, i64 0, i64 %zext_ln143_1" [linear_transformer.cpp:149]   --->   Operation 87 'getelementptr' 'values_new_addr_1' <Predicate = (!icmp_ln143)> <Delay = 0.00>
ST_1 : Operation 88 [2/2] (3.25ns)   --->   "%values_new_load_1 = load i6 %values_new_addr_1" [linear_transformer.cpp:143]   --->   Operation 88 'load' 'values_new_load_1' <Predicate = (!icmp_ln143)> <Delay = 3.25> <CoreInst = "RAM">   --->   Core 82 'RAM' <Latency = 1> <II = 1> <Delay = 3.25> <Storage> <Opcode : 'load' 'store'> <Ports = 2> <Width = 32> <Depth = 64> <RAM>
ST_1 : Operation 89 [1/1] (0.00ns)   --->   "%j_5_cast30 = zext i4 %select_ln143" [linear_transformer.cpp:143]   --->   Operation 89 'zext' 'j_5_cast30' <Predicate = (!icmp_ln143)> <Delay = 0.00>
ST_1 : Operation 90 [1/1] (0.00ns)   --->   "%TRANSFORMER_ENCODER_LAYERS_0_SELF_ATTN_O_PROJ_WEIGHT_0_addr = getelementptr i32 %TRANSFORMER_ENCODER_LAYERS_0_SELF_ATTN_O_PROJ_WEIGHT_0, i64 0, i64 %j_5_cast30" [linear_transformer.cpp:150]   --->   Operation 90 'getelementptr' 'TRANSFORMER_ENCODER_LAYERS_0_SELF_ATTN_O_PROJ_WEIGHT_0_addr' <Predicate = (!icmp_ln143)> <Delay = 0.00>
ST_1 : Operation 91 [2/2] (2.32ns)   --->   "%TRANSFORMER_ENCODER_LAYERS_0_SELF_ATTN_O_PROJ_WEIGHT_0_load = load i3 %TRANSFORMER_ENCODER_LAYERS_0_SELF_ATTN_O_PROJ_WEIGHT_0_addr" [linear_transformer.cpp:150]   --->   Operation 91 'load' 'TRANSFORMER_ENCODER_LAYERS_0_SELF_ATTN_O_PROJ_WEIGHT_0_load' <Predicate = (!icmp_ln143)> <Delay = 2.32> <CoreInst = "ROM">   --->   Core 95 'ROM' <Latency = 1> <II = 1> <Delay = 2.32> <Storage> <Opcode : 'load'> <Ports = 0> <Width = 32> <Depth = 8> <ROM>
ST_1 : Operation 92 [1/1] (0.00ns)   --->   "%TRANSFORMER_ENCODER_LAYERS_0_SELF_ATTN_O_PROJ_WEIGHT_1_addr = getelementptr i32 %TRANSFORMER_ENCODER_LAYERS_0_SELF_ATTN_O_PROJ_WEIGHT_1, i64 0, i64 %j_5_cast30" [linear_transformer.cpp:150]   --->   Operation 92 'getelementptr' 'TRANSFORMER_ENCODER_LAYERS_0_SELF_ATTN_O_PROJ_WEIGHT_1_addr' <Predicate = (!icmp_ln143)> <Delay = 0.00>
ST_1 : Operation 93 [2/2] (2.32ns)   --->   "%TRANSFORMER_ENCODER_LAYERS_0_SELF_ATTN_O_PROJ_WEIGHT_1_load = load i3 %TRANSFORMER_ENCODER_LAYERS_0_SELF_ATTN_O_PROJ_WEIGHT_1_addr" [linear_transformer.cpp:150]   --->   Operation 93 'load' 'TRANSFORMER_ENCODER_LAYERS_0_SELF_ATTN_O_PROJ_WEIGHT_1_load' <Predicate = (!icmp_ln143)> <Delay = 2.32> <CoreInst = "ROM">   --->   Core 95 'ROM' <Latency = 1> <II = 1> <Delay = 2.32> <Storage> <Opcode : 'load'> <Ports = 0> <Width = 32> <Depth = 8> <ROM>
ST_1 : Operation 94 [1/1] (0.00ns)   --->   "%TRANSFORMER_ENCODER_LAYERS_0_SELF_ATTN_O_PROJ_WEIGHT_2_addr = getelementptr i32 %TRANSFORMER_ENCODER_LAYERS_0_SELF_ATTN_O_PROJ_WEIGHT_2, i64 0, i64 %j_5_cast30" [linear_transformer.cpp:150]   --->   Operation 94 'getelementptr' 'TRANSFORMER_ENCODER_LAYERS_0_SELF_ATTN_O_PROJ_WEIGHT_2_addr' <Predicate = (!icmp_ln143)> <Delay = 0.00>
ST_1 : Operation 95 [2/2] (2.32ns)   --->   "%TRANSFORMER_ENCODER_LAYERS_0_SELF_ATTN_O_PROJ_WEIGHT_2_load = load i3 %TRANSFORMER_ENCODER_LAYERS_0_SELF_ATTN_O_PROJ_WEIGHT_2_addr" [linear_transformer.cpp:150]   --->   Operation 95 'load' 'TRANSFORMER_ENCODER_LAYERS_0_SELF_ATTN_O_PROJ_WEIGHT_2_load' <Predicate = (!icmp_ln143)> <Delay = 2.32> <CoreInst = "ROM">   --->   Core 95 'ROM' <Latency = 1> <II = 1> <Delay = 2.32> <Storage> <Opcode : 'load'> <Ports = 0> <Width = 32> <Depth = 8> <ROM>
ST_1 : Operation 96 [1/1] (0.00ns)   --->   "%TRANSFORMER_ENCODER_LAYERS_0_SELF_ATTN_O_PROJ_WEIGHT_3_addr = getelementptr i32 %TRANSFORMER_ENCODER_LAYERS_0_SELF_ATTN_O_PROJ_WEIGHT_3, i64 0, i64 %j_5_cast30" [linear_transformer.cpp:150]   --->   Operation 96 'getelementptr' 'TRANSFORMER_ENCODER_LAYERS_0_SELF_ATTN_O_PROJ_WEIGHT_3_addr' <Predicate = (!icmp_ln143)> <Delay = 0.00>
ST_1 : Operation 97 [2/2] (2.32ns)   --->   "%TRANSFORMER_ENCODER_LAYERS_0_SELF_ATTN_O_PROJ_WEIGHT_3_load = load i3 %TRANSFORMER_ENCODER_LAYERS_0_SELF_ATTN_O_PROJ_WEIGHT_3_addr" [linear_transformer.cpp:150]   --->   Operation 97 'load' 'TRANSFORMER_ENCODER_LAYERS_0_SELF_ATTN_O_PROJ_WEIGHT_3_load' <Predicate = (!icmp_ln143)> <Delay = 2.32> <CoreInst = "ROM">   --->   Core 95 'ROM' <Latency = 1> <II = 1> <Delay = 2.32> <Storage> <Opcode : 'load'> <Ports = 0> <Width = 32> <Depth = 8> <ROM>
ST_1 : Operation 98 [1/1] (0.00ns)   --->   "%TRANSFORMER_ENCODER_LAYERS_0_SELF_ATTN_O_PROJ_WEIGHT_4_addr = getelementptr i32 %TRANSFORMER_ENCODER_LAYERS_0_SELF_ATTN_O_PROJ_WEIGHT_4, i64 0, i64 %j_5_cast30" [linear_transformer.cpp:150]   --->   Operation 98 'getelementptr' 'TRANSFORMER_ENCODER_LAYERS_0_SELF_ATTN_O_PROJ_WEIGHT_4_addr' <Predicate = (!icmp_ln143)> <Delay = 0.00>
ST_1 : Operation 99 [2/2] (2.32ns)   --->   "%TRANSFORMER_ENCODER_LAYERS_0_SELF_ATTN_O_PROJ_WEIGHT_4_load = load i3 %TRANSFORMER_ENCODER_LAYERS_0_SELF_ATTN_O_PROJ_WEIGHT_4_addr" [linear_transformer.cpp:150]   --->   Operation 99 'load' 'TRANSFORMER_ENCODER_LAYERS_0_SELF_ATTN_O_PROJ_WEIGHT_4_load' <Predicate = (!icmp_ln143)> <Delay = 2.32> <CoreInst = "ROM">   --->   Core 95 'ROM' <Latency = 1> <II = 1> <Delay = 2.32> <Storage> <Opcode : 'load'> <Ports = 0> <Width = 32> <Depth = 8> <ROM>
ST_1 : Operation 100 [1/1] (0.00ns)   --->   "%TRANSFORMER_ENCODER_LAYERS_0_SELF_ATTN_O_PROJ_WEIGHT_5_addr = getelementptr i32 %TRANSFORMER_ENCODER_LAYERS_0_SELF_ATTN_O_PROJ_WEIGHT_5, i64 0, i64 %j_5_cast30" [linear_transformer.cpp:150]   --->   Operation 100 'getelementptr' 'TRANSFORMER_ENCODER_LAYERS_0_SELF_ATTN_O_PROJ_WEIGHT_5_addr' <Predicate = (!icmp_ln143)> <Delay = 0.00>
ST_1 : Operation 101 [2/2] (2.32ns)   --->   "%TRANSFORMER_ENCODER_LAYERS_0_SELF_ATTN_O_PROJ_WEIGHT_5_load = load i3 %TRANSFORMER_ENCODER_LAYERS_0_SELF_ATTN_O_PROJ_WEIGHT_5_addr" [linear_transformer.cpp:150]   --->   Operation 101 'load' 'TRANSFORMER_ENCODER_LAYERS_0_SELF_ATTN_O_PROJ_WEIGHT_5_load' <Predicate = (!icmp_ln143)> <Delay = 2.32> <CoreInst = "ROM">   --->   Core 95 'ROM' <Latency = 1> <II = 1> <Delay = 2.32> <Storage> <Opcode : 'load'> <Ports = 0> <Width = 32> <Depth = 8> <ROM>
ST_1 : Operation 102 [1/1] (0.00ns)   --->   "%TRANSFORMER_ENCODER_LAYERS_0_SELF_ATTN_O_PROJ_WEIGHT_6_addr = getelementptr i32 %TRANSFORMER_ENCODER_LAYERS_0_SELF_ATTN_O_PROJ_WEIGHT_6, i64 0, i64 %j_5_cast30" [linear_transformer.cpp:150]   --->   Operation 102 'getelementptr' 'TRANSFORMER_ENCODER_LAYERS_0_SELF_ATTN_O_PROJ_WEIGHT_6_addr' <Predicate = (!icmp_ln143)> <Delay = 0.00>
ST_1 : Operation 103 [2/2] (2.32ns)   --->   "%TRANSFORMER_ENCODER_LAYERS_0_SELF_ATTN_O_PROJ_WEIGHT_6_load = load i3 %TRANSFORMER_ENCODER_LAYERS_0_SELF_ATTN_O_PROJ_WEIGHT_6_addr" [linear_transformer.cpp:150]   --->   Operation 103 'load' 'TRANSFORMER_ENCODER_LAYERS_0_SELF_ATTN_O_PROJ_WEIGHT_6_load' <Predicate = (!icmp_ln143)> <Delay = 2.32> <CoreInst = "ROM">   --->   Core 95 'ROM' <Latency = 1> <II = 1> <Delay = 2.32> <Storage> <Opcode : 'load'> <Ports = 0> <Width = 32> <Depth = 8> <ROM>
ST_1 : Operation 104 [1/1] (0.00ns)   --->   "%TRANSFORMER_ENCODER_LAYERS_0_SELF_ATTN_O_PROJ_WEIGHT_7_addr = getelementptr i32 %TRANSFORMER_ENCODER_LAYERS_0_SELF_ATTN_O_PROJ_WEIGHT_7, i64 0, i64 %j_5_cast30" [linear_transformer.cpp:150]   --->   Operation 104 'getelementptr' 'TRANSFORMER_ENCODER_LAYERS_0_SELF_ATTN_O_PROJ_WEIGHT_7_addr' <Predicate = (!icmp_ln143)> <Delay = 0.00>
ST_1 : Operation 105 [2/2] (2.32ns)   --->   "%TRANSFORMER_ENCODER_LAYERS_0_SELF_ATTN_O_PROJ_WEIGHT_7_load = load i3 %TRANSFORMER_ENCODER_LAYERS_0_SELF_ATTN_O_PROJ_WEIGHT_7_addr" [linear_transformer.cpp:150]   --->   Operation 105 'load' 'TRANSFORMER_ENCODER_LAYERS_0_SELF_ATTN_O_PROJ_WEIGHT_7_load' <Predicate = (!icmp_ln143)> <Delay = 2.32> <CoreInst = "ROM">   --->   Core 95 'ROM' <Latency = 1> <II = 1> <Delay = 2.32> <Storage> <Opcode : 'load'> <Ports = 0> <Width = 32> <Depth = 8> <ROM>
ST_1 : Operation 106 [1/1] (1.58ns)   --->   "%store_ln145 = store i7 %add_ln143, i7 %indvar_flatten65" [linear_transformer.cpp:145]   --->   Operation 106 'store' 'store_ln145' <Predicate = (!icmp_ln143)> <Delay = 1.58>

State 2 <SV = 1> <Delay = 5.07>
ST_2 : Operation 107 [1/2] (3.25ns)   --->   "%values_new_load = load i6 %values_new_addr" [linear_transformer.cpp:143]   --->   Operation 107 'load' 'values_new_load' <Predicate = (!icmp_ln143)> <Delay = 3.25> <CoreInst = "RAM">   --->   Core 82 'RAM' <Latency = 1> <II = 1> <Delay = 3.25> <Storage> <Opcode : 'load' 'store'> <Ports = 2> <Width = 32> <Depth = 64> <RAM>
ST_2 : Operation 108 [1/2] (3.25ns)   --->   "%values_new_load_1 = load i6 %values_new_addr_1" [linear_transformer.cpp:143]   --->   Operation 108 'load' 'values_new_load_1' <Predicate = (!icmp_ln143)> <Delay = 3.25> <CoreInst = "RAM">   --->   Core 82 'RAM' <Latency = 1> <II = 1> <Delay = 3.25> <Storage> <Opcode : 'load' 'store'> <Ports = 2> <Width = 32> <Depth = 64> <RAM>
ST_2 : Operation 109 [1/1] (0.00ns)   --->   "%or_ln143_1 = or i6 %select_ln143_1, i6 2" [linear_transformer.cpp:143]   --->   Operation 109 'or' 'or_ln143_1' <Predicate = (!icmp_ln143)> <Delay = 0.00>
ST_2 : Operation 110 [1/1] (0.00ns)   --->   "%zext_ln143_2 = zext i6 %or_ln143_1" [linear_transformer.cpp:143]   --->   Operation 110 'zext' 'zext_ln143_2' <Predicate = (!icmp_ln143)> <Delay = 0.00>
ST_2 : Operation 111 [1/1] (0.00ns)   --->   "%values_new_addr_2 = getelementptr i32 %values_new, i64 0, i64 %zext_ln143_2" [linear_transformer.cpp:149]   --->   Operation 111 'getelementptr' 'values_new_addr_2' <Predicate = (!icmp_ln143)> <Delay = 0.00>
ST_2 : Operation 112 [2/2] (3.25ns)   --->   "%values_new_load_2 = load i6 %values_new_addr_2" [linear_transformer.cpp:143]   --->   Operation 112 'load' 'values_new_load_2' <Predicate = (!icmp_ln143)> <Delay = 3.25> <CoreInst = "RAM">   --->   Core 82 'RAM' <Latency = 1> <II = 1> <Delay = 3.25> <Storage> <Opcode : 'load' 'store'> <Ports = 2> <Width = 32> <Depth = 64> <RAM>
ST_2 : Operation 113 [1/1] (0.00ns)   --->   "%or_ln143_2 = or i6 %select_ln143_1, i6 3" [linear_transformer.cpp:143]   --->   Operation 113 'or' 'or_ln143_2' <Predicate = (!icmp_ln143)> <Delay = 0.00>
ST_2 : Operation 114 [1/1] (0.00ns)   --->   "%zext_ln143_3 = zext i6 %or_ln143_2" [linear_transformer.cpp:143]   --->   Operation 114 'zext' 'zext_ln143_3' <Predicate = (!icmp_ln143)> <Delay = 0.00>
ST_2 : Operation 115 [1/1] (0.00ns)   --->   "%values_new_addr_3 = getelementptr i32 %values_new, i64 0, i64 %zext_ln143_3" [linear_transformer.cpp:149]   --->   Operation 115 'getelementptr' 'values_new_addr_3' <Predicate = (!icmp_ln143)> <Delay = 0.00>
ST_2 : Operation 116 [2/2] (3.25ns)   --->   "%values_new_load_3 = load i6 %values_new_addr_3" [linear_transformer.cpp:143]   --->   Operation 116 'load' 'values_new_load_3' <Predicate = (!icmp_ln143)> <Delay = 3.25> <CoreInst = "RAM">   --->   Core 82 'RAM' <Latency = 1> <II = 1> <Delay = 3.25> <Storage> <Opcode : 'load' 'store'> <Ports = 2> <Width = 32> <Depth = 64> <RAM>
ST_2 : Operation 117 [1/1] (0.00ns)   --->   "%j_5_cast = zext i4 %select_ln143" [linear_transformer.cpp:143]   --->   Operation 117 'zext' 'j_5_cast' <Predicate = (!icmp_ln143)> <Delay = 0.00>
ST_2 : Operation 118 [1/2] (2.32ns)   --->   "%TRANSFORMER_ENCODER_LAYERS_0_SELF_ATTN_O_PROJ_WEIGHT_0_load = load i3 %TRANSFORMER_ENCODER_LAYERS_0_SELF_ATTN_O_PROJ_WEIGHT_0_addr" [linear_transformer.cpp:150]   --->   Operation 118 'load' 'TRANSFORMER_ENCODER_LAYERS_0_SELF_ATTN_O_PROJ_WEIGHT_0_load' <Predicate = (!icmp_ln143)> <Delay = 2.32> <CoreInst = "ROM">   --->   Core 95 'ROM' <Latency = 1> <II = 1> <Delay = 2.32> <Storage> <Opcode : 'load'> <Ports = 0> <Width = 32> <Depth = 8> <ROM>
ST_2 : Operation 119 [1/2] (2.32ns)   --->   "%TRANSFORMER_ENCODER_LAYERS_0_SELF_ATTN_O_PROJ_WEIGHT_1_load = load i3 %TRANSFORMER_ENCODER_LAYERS_0_SELF_ATTN_O_PROJ_WEIGHT_1_addr" [linear_transformer.cpp:150]   --->   Operation 119 'load' 'TRANSFORMER_ENCODER_LAYERS_0_SELF_ATTN_O_PROJ_WEIGHT_1_load' <Predicate = (!icmp_ln143)> <Delay = 2.32> <CoreInst = "ROM">   --->   Core 95 'ROM' <Latency = 1> <II = 1> <Delay = 2.32> <Storage> <Opcode : 'load'> <Ports = 0> <Width = 32> <Depth = 8> <ROM>
ST_2 : Operation 120 [1/2] (2.32ns)   --->   "%TRANSFORMER_ENCODER_LAYERS_0_SELF_ATTN_O_PROJ_WEIGHT_2_load = load i3 %TRANSFORMER_ENCODER_LAYERS_0_SELF_ATTN_O_PROJ_WEIGHT_2_addr" [linear_transformer.cpp:150]   --->   Operation 120 'load' 'TRANSFORMER_ENCODER_LAYERS_0_SELF_ATTN_O_PROJ_WEIGHT_2_load' <Predicate = (!icmp_ln143)> <Delay = 2.32> <CoreInst = "ROM">   --->   Core 95 'ROM' <Latency = 1> <II = 1> <Delay = 2.32> <Storage> <Opcode : 'load'> <Ports = 0> <Width = 32> <Depth = 8> <ROM>
ST_2 : Operation 121 [1/2] (2.32ns)   --->   "%TRANSFORMER_ENCODER_LAYERS_0_SELF_ATTN_O_PROJ_WEIGHT_3_load = load i3 %TRANSFORMER_ENCODER_LAYERS_0_SELF_ATTN_O_PROJ_WEIGHT_3_addr" [linear_transformer.cpp:150]   --->   Operation 121 'load' 'TRANSFORMER_ENCODER_LAYERS_0_SELF_ATTN_O_PROJ_WEIGHT_3_load' <Predicate = (!icmp_ln143)> <Delay = 2.32> <CoreInst = "ROM">   --->   Core 95 'ROM' <Latency = 1> <II = 1> <Delay = 2.32> <Storage> <Opcode : 'load'> <Ports = 0> <Width = 32> <Depth = 8> <ROM>
ST_2 : Operation 122 [1/2] (2.32ns)   --->   "%TRANSFORMER_ENCODER_LAYERS_0_SELF_ATTN_O_PROJ_WEIGHT_4_load = load i3 %TRANSFORMER_ENCODER_LAYERS_0_SELF_ATTN_O_PROJ_WEIGHT_4_addr" [linear_transformer.cpp:150]   --->   Operation 122 'load' 'TRANSFORMER_ENCODER_LAYERS_0_SELF_ATTN_O_PROJ_WEIGHT_4_load' <Predicate = (!icmp_ln143)> <Delay = 2.32> <CoreInst = "ROM">   --->   Core 95 'ROM' <Latency = 1> <II = 1> <Delay = 2.32> <Storage> <Opcode : 'load'> <Ports = 0> <Width = 32> <Depth = 8> <ROM>
ST_2 : Operation 123 [1/2] (2.32ns)   --->   "%TRANSFORMER_ENCODER_LAYERS_0_SELF_ATTN_O_PROJ_WEIGHT_5_load = load i3 %TRANSFORMER_ENCODER_LAYERS_0_SELF_ATTN_O_PROJ_WEIGHT_5_addr" [linear_transformer.cpp:150]   --->   Operation 123 'load' 'TRANSFORMER_ENCODER_LAYERS_0_SELF_ATTN_O_PROJ_WEIGHT_5_load' <Predicate = (!icmp_ln143)> <Delay = 2.32> <CoreInst = "ROM">   --->   Core 95 'ROM' <Latency = 1> <II = 1> <Delay = 2.32> <Storage> <Opcode : 'load'> <Ports = 0> <Width = 32> <Depth = 8> <ROM>
ST_2 : Operation 124 [1/2] (2.32ns)   --->   "%TRANSFORMER_ENCODER_LAYERS_0_SELF_ATTN_O_PROJ_WEIGHT_6_load = load i3 %TRANSFORMER_ENCODER_LAYERS_0_SELF_ATTN_O_PROJ_WEIGHT_6_addr" [linear_transformer.cpp:150]   --->   Operation 124 'load' 'TRANSFORMER_ENCODER_LAYERS_0_SELF_ATTN_O_PROJ_WEIGHT_6_load' <Predicate = (!icmp_ln143)> <Delay = 2.32> <CoreInst = "ROM">   --->   Core 95 'ROM' <Latency = 1> <II = 1> <Delay = 2.32> <Storage> <Opcode : 'load'> <Ports = 0> <Width = 32> <Depth = 8> <ROM>
ST_2 : Operation 125 [1/2] (2.32ns)   --->   "%TRANSFORMER_ENCODER_LAYERS_0_SELF_ATTN_O_PROJ_WEIGHT_7_load = load i3 %TRANSFORMER_ENCODER_LAYERS_0_SELF_ATTN_O_PROJ_WEIGHT_7_addr" [linear_transformer.cpp:150]   --->   Operation 125 'load' 'TRANSFORMER_ENCODER_LAYERS_0_SELF_ATTN_O_PROJ_WEIGHT_7_load' <Predicate = (!icmp_ln143)> <Delay = 2.32> <CoreInst = "ROM">   --->   Core 95 'ROM' <Latency = 1> <II = 1> <Delay = 2.32> <Storage> <Opcode : 'load'> <Ports = 0> <Width = 32> <Depth = 8> <ROM>
ST_2 : Operation 126 [1/1] (1.82ns)   --->   "%add_ln152 = add i6 %j_5_cast, i6 %select_ln143_1" [linear_transformer.cpp:152]   --->   Operation 126 'add' 'add_ln152' <Predicate = (!icmp_ln143)> <Delay = 1.82> <CoreInst = "Adder">   --->   Core 1 'Adder' <Latency = 0> <II = 1> <Delay = 1.82> <FuncUnit> <Opcode : 'add' 'sub'> <InPorts = 2> <OutPorts = 1>
ST_2 : Operation 127 [1/1] (0.00ns)   --->   "%zext_ln46 = zext i6 %add_ln152" [linear_transformer.cpp:46]   --->   Operation 127 'zext' 'zext_ln46' <Predicate = (!icmp_ln143)> <Delay = 0.00>
ST_2 : Operation 128 [1/1] (0.00ns)   --->   "%front_addr_3 = getelementptr i32 %front, i64 0, i64 %zext_ln46" [linear_transformer.cpp:155]   --->   Operation 128 'getelementptr' 'front_addr_3' <Predicate = (!icmp_ln143)> <Delay = 0.00>
ST_2 : Operation 129 [2/2] (3.25ns)   --->   "%front_load = load i6 %front_addr_3" [linear_transformer.cpp:155]   --->   Operation 129 'load' 'front_load' <Predicate = (!icmp_ln143)> <Delay = 3.25> <CoreInst = "RAM_1WnR">   --->   Core 83 'RAM_1WnR' <Latency = 1> <II = 1> <Delay = 3.25> <Storage> <Opcode : 'load' 'store'> <Ports = 17> <Width = 32> <Depth = 64> <RAM>

State 3 <SV = 2> <Delay = 5.70>
ST_3 : Operation 130 [1/2] (3.25ns)   --->   "%values_new_load_2 = load i6 %values_new_addr_2" [linear_transformer.cpp:143]   --->   Operation 130 'load' 'values_new_load_2' <Predicate = (!icmp_ln143)> <Delay = 3.25> <CoreInst = "RAM">   --->   Core 82 'RAM' <Latency = 1> <II = 1> <Delay = 3.25> <Storage> <Opcode : 'load' 'store'> <Ports = 2> <Width = 32> <Depth = 64> <RAM>
ST_3 : Operation 131 [1/2] (3.25ns)   --->   "%values_new_load_3 = load i6 %values_new_addr_3" [linear_transformer.cpp:143]   --->   Operation 131 'load' 'values_new_load_3' <Predicate = (!icmp_ln143)> <Delay = 3.25> <CoreInst = "RAM">   --->   Core 82 'RAM' <Latency = 1> <II = 1> <Delay = 3.25> <Storage> <Opcode : 'load' 'store'> <Ports = 2> <Width = 32> <Depth = 64> <RAM>
ST_3 : Operation 132 [1/1] (0.00ns)   --->   "%or_ln143_3 = or i6 %select_ln143_1, i6 4" [linear_transformer.cpp:143]   --->   Operation 132 'or' 'or_ln143_3' <Predicate = (!icmp_ln143)> <Delay = 0.00>
ST_3 : Operation 133 [1/1] (0.00ns)   --->   "%zext_ln143_4 = zext i6 %or_ln143_3" [linear_transformer.cpp:143]   --->   Operation 133 'zext' 'zext_ln143_4' <Predicate = (!icmp_ln143)> <Delay = 0.00>
ST_3 : Operation 134 [1/1] (0.00ns)   --->   "%values_new_addr_4 = getelementptr i32 %values_new, i64 0, i64 %zext_ln143_4" [linear_transformer.cpp:149]   --->   Operation 134 'getelementptr' 'values_new_addr_4' <Predicate = (!icmp_ln143)> <Delay = 0.00>
ST_3 : Operation 135 [2/2] (3.25ns)   --->   "%values_new_load_4 = load i6 %values_new_addr_4" [linear_transformer.cpp:143]   --->   Operation 135 'load' 'values_new_load_4' <Predicate = (!icmp_ln143)> <Delay = 3.25> <CoreInst = "RAM">   --->   Core 82 'RAM' <Latency = 1> <II = 1> <Delay = 3.25> <Storage> <Opcode : 'load' 'store'> <Ports = 2> <Width = 32> <Depth = 64> <RAM>
ST_3 : Operation 136 [1/1] (0.00ns)   --->   "%or_ln143_4 = or i6 %select_ln143_1, i6 5" [linear_transformer.cpp:143]   --->   Operation 136 'or' 'or_ln143_4' <Predicate = (!icmp_ln143)> <Delay = 0.00>
ST_3 : Operation 137 [1/1] (0.00ns)   --->   "%zext_ln143_5 = zext i6 %or_ln143_4" [linear_transformer.cpp:143]   --->   Operation 137 'zext' 'zext_ln143_5' <Predicate = (!icmp_ln143)> <Delay = 0.00>
ST_3 : Operation 138 [1/1] (0.00ns)   --->   "%values_new_addr_5 = getelementptr i32 %values_new, i64 0, i64 %zext_ln143_5" [linear_transformer.cpp:149]   --->   Operation 138 'getelementptr' 'values_new_addr_5' <Predicate = (!icmp_ln143)> <Delay = 0.00>
ST_3 : Operation 139 [2/2] (3.25ns)   --->   "%values_new_load_5 = load i6 %values_new_addr_5" [linear_transformer.cpp:143]   --->   Operation 139 'load' 'values_new_load_5' <Predicate = (!icmp_ln143)> <Delay = 3.25> <CoreInst = "RAM">   --->   Core 82 'RAM' <Latency = 1> <II = 1> <Delay = 3.25> <Storage> <Opcode : 'load' 'store'> <Ports = 2> <Width = 32> <Depth = 64> <RAM>
ST_3 : Operation 140 [4/4] (5.70ns)   --->   "%mul8 = fmul i32 %values_new_load, i32 %TRANSFORMER_ENCODER_LAYERS_0_SELF_ATTN_O_PROJ_WEIGHT_0_load" [linear_transformer.cpp:149]   --->   Operation 140 'fmul' 'mul8' <Predicate = (!icmp_ln143)> <Delay = 5.70> <CoreInst = "FMul_maxdsp">   --->   Core 30 'FMul_maxdsp' <Latency = 3> <II = 1> <Delay = 5.70> <FuncUnit> <Opcode : 'fmul'> <InPorts = 2> <OutPorts = 1>
ST_3 : Operation 141 [4/4] (5.70ns)   --->   "%mul8_1 = fmul i32 %values_new_load_1, i32 %TRANSFORMER_ENCODER_LAYERS_0_SELF_ATTN_O_PROJ_WEIGHT_1_load" [linear_transformer.cpp:149]   --->   Operation 141 'fmul' 'mul8_1' <Predicate = (!icmp_ln143)> <Delay = 5.70> <CoreInst = "FMul_maxdsp">   --->   Core 30 'FMul_maxdsp' <Latency = 3> <II = 1> <Delay = 5.70> <FuncUnit> <Opcode : 'fmul'> <InPorts = 2> <OutPorts = 1>
ST_3 : Operation 142 [1/2] (3.25ns)   --->   "%front_load = load i6 %front_addr_3" [linear_transformer.cpp:155]   --->   Operation 142 'load' 'front_load' <Predicate = (!icmp_ln143)> <Delay = 3.25> <CoreInst = "RAM_1WnR">   --->   Core 83 'RAM_1WnR' <Latency = 1> <II = 1> <Delay = 3.25> <Storage> <Opcode : 'load' 'store'> <Ports = 17> <Width = 32> <Depth = 64> <RAM>

State 4 <SV = 3> <Delay = 5.70>
ST_4 : Operation 143 [1/2] (3.25ns)   --->   "%values_new_load_4 = load i6 %values_new_addr_4" [linear_transformer.cpp:143]   --->   Operation 143 'load' 'values_new_load_4' <Predicate = (!icmp_ln143)> <Delay = 3.25> <CoreInst = "RAM">   --->   Core 82 'RAM' <Latency = 1> <II = 1> <Delay = 3.25> <Storage> <Opcode : 'load' 'store'> <Ports = 2> <Width = 32> <Depth = 64> <RAM>
ST_4 : Operation 144 [1/2] (3.25ns)   --->   "%values_new_load_5 = load i6 %values_new_addr_5" [linear_transformer.cpp:143]   --->   Operation 144 'load' 'values_new_load_5' <Predicate = (!icmp_ln143)> <Delay = 3.25> <CoreInst = "RAM">   --->   Core 82 'RAM' <Latency = 1> <II = 1> <Delay = 3.25> <Storage> <Opcode : 'load' 'store'> <Ports = 2> <Width = 32> <Depth = 64> <RAM>
ST_4 : Operation 145 [1/1] (0.00ns)   --->   "%or_ln143_5 = or i6 %select_ln143_1, i6 6" [linear_transformer.cpp:143]   --->   Operation 145 'or' 'or_ln143_5' <Predicate = (!icmp_ln143)> <Delay = 0.00>
ST_4 : Operation 146 [1/1] (0.00ns)   --->   "%zext_ln143_6 = zext i6 %or_ln143_5" [linear_transformer.cpp:143]   --->   Operation 146 'zext' 'zext_ln143_6' <Predicate = (!icmp_ln143)> <Delay = 0.00>
ST_4 : Operation 147 [1/1] (0.00ns)   --->   "%values_new_addr_6 = getelementptr i32 %values_new, i64 0, i64 %zext_ln143_6" [linear_transformer.cpp:149]   --->   Operation 147 'getelementptr' 'values_new_addr_6' <Predicate = (!icmp_ln143)> <Delay = 0.00>
ST_4 : Operation 148 [2/2] (3.25ns)   --->   "%values_new_load_6 = load i6 %values_new_addr_6" [linear_transformer.cpp:143]   --->   Operation 148 'load' 'values_new_load_6' <Predicate = (!icmp_ln143)> <Delay = 3.25> <CoreInst = "RAM">   --->   Core 82 'RAM' <Latency = 1> <II = 1> <Delay = 3.25> <Storage> <Opcode : 'load' 'store'> <Ports = 2> <Width = 32> <Depth = 64> <RAM>
ST_4 : Operation 149 [1/1] (0.00ns)   --->   "%or_ln143_6 = or i6 %select_ln143_1, i6 7" [linear_transformer.cpp:143]   --->   Operation 149 'or' 'or_ln143_6' <Predicate = (!icmp_ln143)> <Delay = 0.00>
ST_4 : Operation 150 [1/1] (0.00ns)   --->   "%zext_ln143_7 = zext i6 %or_ln143_6" [linear_transformer.cpp:143]   --->   Operation 150 'zext' 'zext_ln143_7' <Predicate = (!icmp_ln143)> <Delay = 0.00>
ST_4 : Operation 151 [1/1] (0.00ns)   --->   "%values_new_addr_7 = getelementptr i32 %values_new, i64 0, i64 %zext_ln143_7" [linear_transformer.cpp:149]   --->   Operation 151 'getelementptr' 'values_new_addr_7' <Predicate = (!icmp_ln143)> <Delay = 0.00>
ST_4 : Operation 152 [2/2] (3.25ns)   --->   "%values_new_load_7 = load i6 %values_new_addr_7" [linear_transformer.cpp:143]   --->   Operation 152 'load' 'values_new_load_7' <Predicate = (!icmp_ln143)> <Delay = 3.25> <CoreInst = "RAM">   --->   Core 82 'RAM' <Latency = 1> <II = 1> <Delay = 3.25> <Storage> <Opcode : 'load' 'store'> <Ports = 2> <Width = 32> <Depth = 64> <RAM>
ST_4 : Operation 153 [1/1] (1.02ns)   --->   "%select_ln143_2 = select i1 %icmp_ln145, i4 %add_ln143_1, i4 %i_2" [linear_transformer.cpp:143]   --->   Operation 153 'select' 'select_ln143_2' <Predicate = (!icmp_ln143)> <Delay = 1.02> <CoreInst = "Sel">   --->   Core 73 'Sel' <Latency = 0> <II = 1> <Delay = 1.02> <FuncUnit> <Opcode : 'select'> <InPorts = 3> <OutPorts = 1>
ST_4 : Operation 154 [3/4] (5.70ns)   --->   "%mul8 = fmul i32 %values_new_load, i32 %TRANSFORMER_ENCODER_LAYERS_0_SELF_ATTN_O_PROJ_WEIGHT_0_load" [linear_transformer.cpp:149]   --->   Operation 154 'fmul' 'mul8' <Predicate = (!icmp_ln143)> <Delay = 5.70> <CoreInst = "FMul_maxdsp">   --->   Core 30 'FMul_maxdsp' <Latency = 3> <II = 1> <Delay = 5.70> <FuncUnit> <Opcode : 'fmul'> <InPorts = 2> <OutPorts = 1>
ST_4 : Operation 155 [3/4] (5.70ns)   --->   "%mul8_1 = fmul i32 %values_new_load_1, i32 %TRANSFORMER_ENCODER_LAYERS_0_SELF_ATTN_O_PROJ_WEIGHT_1_load" [linear_transformer.cpp:149]   --->   Operation 155 'fmul' 'mul8_1' <Predicate = (!icmp_ln143)> <Delay = 5.70> <CoreInst = "FMul_maxdsp">   --->   Core 30 'FMul_maxdsp' <Latency = 3> <II = 1> <Delay = 5.70> <FuncUnit> <Opcode : 'fmul'> <InPorts = 2> <OutPorts = 1>
ST_4 : Operation 156 [4/4] (5.70ns)   --->   "%mul8_2 = fmul i32 %values_new_load_2, i32 %TRANSFORMER_ENCODER_LAYERS_0_SELF_ATTN_O_PROJ_WEIGHT_2_load" [linear_transformer.cpp:149]   --->   Operation 156 'fmul' 'mul8_2' <Predicate = (!icmp_ln143)> <Delay = 5.70> <CoreInst = "FMul_maxdsp">   --->   Core 30 'FMul_maxdsp' <Latency = 3> <II = 1> <Delay = 5.70> <FuncUnit> <Opcode : 'fmul'> <InPorts = 2> <OutPorts = 1>
ST_4 : Operation 157 [4/4] (5.70ns)   --->   "%mul8_3 = fmul i32 %values_new_load_3, i32 %TRANSFORMER_ENCODER_LAYERS_0_SELF_ATTN_O_PROJ_WEIGHT_3_load" [linear_transformer.cpp:149]   --->   Operation 157 'fmul' 'mul8_3' <Predicate = (!icmp_ln143)> <Delay = 5.70> <CoreInst = "FMul_maxdsp">   --->   Core 30 'FMul_maxdsp' <Latency = 3> <II = 1> <Delay = 5.70> <FuncUnit> <Opcode : 'fmul'> <InPorts = 2> <OutPorts = 1>
ST_4 : Operation 158 [1/1] (1.73ns)   --->   "%add_ln145 = add i4 %select_ln143, i4 1" [linear_transformer.cpp:145]   --->   Operation 158 'add' 'add_ln145' <Predicate = (!icmp_ln143)> <Delay = 1.73> <CoreInst = "Adder">   --->   Core 1 'Adder' <Latency = 0> <II = 1> <Delay = 1.73> <FuncUnit> <Opcode : 'add' 'sub'> <InPorts = 2> <OutPorts = 1>
ST_4 : Operation 159 [1/1] (1.58ns)   --->   "%store_ln145 = store i4 %select_ln143_2, i4 %i" [linear_transformer.cpp:145]   --->   Operation 159 'store' 'store_ln145' <Predicate = (!icmp_ln143)> <Delay = 1.58>
ST_4 : Operation 160 [1/1] (1.58ns)   --->   "%store_ln145 = store i4 %add_ln145, i4 %j" [linear_transformer.cpp:145]   --->   Operation 160 'store' 'store_ln145' <Predicate = (!icmp_ln143)> <Delay = 1.58>

State 5 <SV = 4> <Delay = 5.70>
ST_5 : Operation 161 [1/2] (3.25ns)   --->   "%values_new_load_6 = load i6 %values_new_addr_6" [linear_transformer.cpp:143]   --->   Operation 161 'load' 'values_new_load_6' <Predicate = true> <Delay = 3.25> <CoreInst = "RAM">   --->   Core 82 'RAM' <Latency = 1> <II = 1> <Delay = 3.25> <Storage> <Opcode : 'load' 'store'> <Ports = 2> <Width = 32> <Depth = 64> <RAM>
ST_5 : Operation 162 [1/2] (3.25ns)   --->   "%values_new_load_7 = load i6 %values_new_addr_7" [linear_transformer.cpp:143]   --->   Operation 162 'load' 'values_new_load_7' <Predicate = true> <Delay = 3.25> <CoreInst = "RAM">   --->   Core 82 'RAM' <Latency = 1> <II = 1> <Delay = 3.25> <Storage> <Opcode : 'load' 'store'> <Ports = 2> <Width = 32> <Depth = 64> <RAM>
ST_5 : Operation 163 [2/4] (5.70ns)   --->   "%mul8 = fmul i32 %values_new_load, i32 %TRANSFORMER_ENCODER_LAYERS_0_SELF_ATTN_O_PROJ_WEIGHT_0_load" [linear_transformer.cpp:149]   --->   Operation 163 'fmul' 'mul8' <Predicate = true> <Delay = 5.70> <CoreInst = "FMul_maxdsp">   --->   Core 30 'FMul_maxdsp' <Latency = 3> <II = 1> <Delay = 5.70> <FuncUnit> <Opcode : 'fmul'> <InPorts = 2> <OutPorts = 1>
ST_5 : Operation 164 [2/4] (5.70ns)   --->   "%mul8_1 = fmul i32 %values_new_load_1, i32 %TRANSFORMER_ENCODER_LAYERS_0_SELF_ATTN_O_PROJ_WEIGHT_1_load" [linear_transformer.cpp:149]   --->   Operation 164 'fmul' 'mul8_1' <Predicate = true> <Delay = 5.70> <CoreInst = "FMul_maxdsp">   --->   Core 30 'FMul_maxdsp' <Latency = 3> <II = 1> <Delay = 5.70> <FuncUnit> <Opcode : 'fmul'> <InPorts = 2> <OutPorts = 1>
ST_5 : Operation 165 [3/4] (5.70ns)   --->   "%mul8_2 = fmul i32 %values_new_load_2, i32 %TRANSFORMER_ENCODER_LAYERS_0_SELF_ATTN_O_PROJ_WEIGHT_2_load" [linear_transformer.cpp:149]   --->   Operation 165 'fmul' 'mul8_2' <Predicate = true> <Delay = 5.70> <CoreInst = "FMul_maxdsp">   --->   Core 30 'FMul_maxdsp' <Latency = 3> <II = 1> <Delay = 5.70> <FuncUnit> <Opcode : 'fmul'> <InPorts = 2> <OutPorts = 1>
ST_5 : Operation 166 [3/4] (5.70ns)   --->   "%mul8_3 = fmul i32 %values_new_load_3, i32 %TRANSFORMER_ENCODER_LAYERS_0_SELF_ATTN_O_PROJ_WEIGHT_3_load" [linear_transformer.cpp:149]   --->   Operation 166 'fmul' 'mul8_3' <Predicate = true> <Delay = 5.70> <CoreInst = "FMul_maxdsp">   --->   Core 30 'FMul_maxdsp' <Latency = 3> <II = 1> <Delay = 5.70> <FuncUnit> <Opcode : 'fmul'> <InPorts = 2> <OutPorts = 1>
ST_5 : Operation 167 [4/4] (5.70ns)   --->   "%mul8_4 = fmul i32 %values_new_load_4, i32 %TRANSFORMER_ENCODER_LAYERS_0_SELF_ATTN_O_PROJ_WEIGHT_4_load" [linear_transformer.cpp:149]   --->   Operation 167 'fmul' 'mul8_4' <Predicate = true> <Delay = 5.70> <CoreInst = "FMul_maxdsp">   --->   Core 30 'FMul_maxdsp' <Latency = 3> <II = 1> <Delay = 5.70> <FuncUnit> <Opcode : 'fmul'> <InPorts = 2> <OutPorts = 1>
ST_5 : Operation 168 [4/4] (5.70ns)   --->   "%mul8_5 = fmul i32 %values_new_load_5, i32 %TRANSFORMER_ENCODER_LAYERS_0_SELF_ATTN_O_PROJ_WEIGHT_5_load" [linear_transformer.cpp:149]   --->   Operation 168 'fmul' 'mul8_5' <Predicate = true> <Delay = 5.70> <CoreInst = "FMul_maxdsp">   --->   Core 30 'FMul_maxdsp' <Latency = 3> <II = 1> <Delay = 5.70> <FuncUnit> <Opcode : 'fmul'> <InPorts = 2> <OutPorts = 1>

State 6 <SV = 5> <Delay = 5.70>
ST_6 : Operation 169 [1/4] (5.70ns)   --->   "%mul8 = fmul i32 %values_new_load, i32 %TRANSFORMER_ENCODER_LAYERS_0_SELF_ATTN_O_PROJ_WEIGHT_0_load" [linear_transformer.cpp:149]   --->   Operation 169 'fmul' 'mul8' <Predicate = true> <Delay = 5.70> <CoreInst = "FMul_maxdsp">   --->   Core 30 'FMul_maxdsp' <Latency = 3> <II = 1> <Delay = 5.70> <FuncUnit> <Opcode : 'fmul'> <InPorts = 2> <OutPorts = 1>
ST_6 : Operation 170 [1/4] (5.70ns)   --->   "%mul8_1 = fmul i32 %values_new_load_1, i32 %TRANSFORMER_ENCODER_LAYERS_0_SELF_ATTN_O_PROJ_WEIGHT_1_load" [linear_transformer.cpp:149]   --->   Operation 170 'fmul' 'mul8_1' <Predicate = true> <Delay = 5.70> <CoreInst = "FMul_maxdsp">   --->   Core 30 'FMul_maxdsp' <Latency = 3> <II = 1> <Delay = 5.70> <FuncUnit> <Opcode : 'fmul'> <InPorts = 2> <OutPorts = 1>
ST_6 : Operation 171 [2/4] (5.70ns)   --->   "%mul8_2 = fmul i32 %values_new_load_2, i32 %TRANSFORMER_ENCODER_LAYERS_0_SELF_ATTN_O_PROJ_WEIGHT_2_load" [linear_transformer.cpp:149]   --->   Operation 171 'fmul' 'mul8_2' <Predicate = true> <Delay = 5.70> <CoreInst = "FMul_maxdsp">   --->   Core 30 'FMul_maxdsp' <Latency = 3> <II = 1> <Delay = 5.70> <FuncUnit> <Opcode : 'fmul'> <InPorts = 2> <OutPorts = 1>
ST_6 : Operation 172 [2/4] (5.70ns)   --->   "%mul8_3 = fmul i32 %values_new_load_3, i32 %TRANSFORMER_ENCODER_LAYERS_0_SELF_ATTN_O_PROJ_WEIGHT_3_load" [linear_transformer.cpp:149]   --->   Operation 172 'fmul' 'mul8_3' <Predicate = true> <Delay = 5.70> <CoreInst = "FMul_maxdsp">   --->   Core 30 'FMul_maxdsp' <Latency = 3> <II = 1> <Delay = 5.70> <FuncUnit> <Opcode : 'fmul'> <InPorts = 2> <OutPorts = 1>
ST_6 : Operation 173 [3/4] (5.70ns)   --->   "%mul8_4 = fmul i32 %values_new_load_4, i32 %TRANSFORMER_ENCODER_LAYERS_0_SELF_ATTN_O_PROJ_WEIGHT_4_load" [linear_transformer.cpp:149]   --->   Operation 173 'fmul' 'mul8_4' <Predicate = true> <Delay = 5.70> <CoreInst = "FMul_maxdsp">   --->   Core 30 'FMul_maxdsp' <Latency = 3> <II = 1> <Delay = 5.70> <FuncUnit> <Opcode : 'fmul'> <InPorts = 2> <OutPorts = 1>
ST_6 : Operation 174 [3/4] (5.70ns)   --->   "%mul8_5 = fmul i32 %values_new_load_5, i32 %TRANSFORMER_ENCODER_LAYERS_0_SELF_ATTN_O_PROJ_WEIGHT_5_load" [linear_transformer.cpp:149]   --->   Operation 174 'fmul' 'mul8_5' <Predicate = true> <Delay = 5.70> <CoreInst = "FMul_maxdsp">   --->   Core 30 'FMul_maxdsp' <Latency = 3> <II = 1> <Delay = 5.70> <FuncUnit> <Opcode : 'fmul'> <InPorts = 2> <OutPorts = 1>
ST_6 : Operation 175 [4/4] (5.70ns)   --->   "%mul8_6 = fmul i32 %values_new_load_6, i32 %TRANSFORMER_ENCODER_LAYERS_0_SELF_ATTN_O_PROJ_WEIGHT_6_load" [linear_transformer.cpp:149]   --->   Operation 175 'fmul' 'mul8_6' <Predicate = true> <Delay = 5.70> <CoreInst = "FMul_maxdsp">   --->   Core 30 'FMul_maxdsp' <Latency = 3> <II = 1> <Delay = 5.70> <FuncUnit> <Opcode : 'fmul'> <InPorts = 2> <OutPorts = 1>
ST_6 : Operation 176 [4/4] (5.70ns)   --->   "%mul8_7 = fmul i32 %values_new_load_7, i32 %TRANSFORMER_ENCODER_LAYERS_0_SELF_ATTN_O_PROJ_WEIGHT_7_load" [linear_transformer.cpp:149]   --->   Operation 176 'fmul' 'mul8_7' <Predicate = true> <Delay = 5.70> <CoreInst = "FMul_maxdsp">   --->   Core 30 'FMul_maxdsp' <Latency = 3> <II = 1> <Delay = 5.70> <FuncUnit> <Opcode : 'fmul'> <InPorts = 2> <OutPorts = 1>

State 7 <SV = 6> <Delay = 7.25>
ST_7 : Operation 177 [5/5] (7.25ns)   --->   "%sum_s = fadd i32 %mul8, i32 0" [linear_transformer.cpp:149]   --->   Operation 177 'fadd' 'sum_s' <Predicate = true> <Delay = 7.25> <CoreInst = "FAddSub_fulldsp">   --->   Core 18 'FAddSub_fulldsp' <Latency = 4> <II = 1> <Delay = 7.25> <FuncUnit> <Opcode : 'fadd' 'fsub'> <InPorts = 2> <OutPorts = 1>
ST_7 : Operation 178 [1/4] (5.70ns)   --->   "%mul8_2 = fmul i32 %values_new_load_2, i32 %TRANSFORMER_ENCODER_LAYERS_0_SELF_ATTN_O_PROJ_WEIGHT_2_load" [linear_transformer.cpp:149]   --->   Operation 178 'fmul' 'mul8_2' <Predicate = true> <Delay = 5.70> <CoreInst = "FMul_maxdsp">   --->   Core 30 'FMul_maxdsp' <Latency = 3> <II = 1> <Delay = 5.70> <FuncUnit> <Opcode : 'fmul'> <InPorts = 2> <OutPorts = 1>
ST_7 : Operation 179 [1/4] (5.70ns)   --->   "%mul8_3 = fmul i32 %values_new_load_3, i32 %TRANSFORMER_ENCODER_LAYERS_0_SELF_ATTN_O_PROJ_WEIGHT_3_load" [linear_transformer.cpp:149]   --->   Operation 179 'fmul' 'mul8_3' <Predicate = true> <Delay = 5.70> <CoreInst = "FMul_maxdsp">   --->   Core 30 'FMul_maxdsp' <Latency = 3> <II = 1> <Delay = 5.70> <FuncUnit> <Opcode : 'fmul'> <InPorts = 2> <OutPorts = 1>
ST_7 : Operation 180 [2/4] (5.70ns)   --->   "%mul8_4 = fmul i32 %values_new_load_4, i32 %TRANSFORMER_ENCODER_LAYERS_0_SELF_ATTN_O_PROJ_WEIGHT_4_load" [linear_transformer.cpp:149]   --->   Operation 180 'fmul' 'mul8_4' <Predicate = true> <Delay = 5.70> <CoreInst = "FMul_maxdsp">   --->   Core 30 'FMul_maxdsp' <Latency = 3> <II = 1> <Delay = 5.70> <FuncUnit> <Opcode : 'fmul'> <InPorts = 2> <OutPorts = 1>
ST_7 : Operation 181 [2/4] (5.70ns)   --->   "%mul8_5 = fmul i32 %values_new_load_5, i32 %TRANSFORMER_ENCODER_LAYERS_0_SELF_ATTN_O_PROJ_WEIGHT_5_load" [linear_transformer.cpp:149]   --->   Operation 181 'fmul' 'mul8_5' <Predicate = true> <Delay = 5.70> <CoreInst = "FMul_maxdsp">   --->   Core 30 'FMul_maxdsp' <Latency = 3> <II = 1> <Delay = 5.70> <FuncUnit> <Opcode : 'fmul'> <InPorts = 2> <OutPorts = 1>
ST_7 : Operation 182 [3/4] (5.70ns)   --->   "%mul8_6 = fmul i32 %values_new_load_6, i32 %TRANSFORMER_ENCODER_LAYERS_0_SELF_ATTN_O_PROJ_WEIGHT_6_load" [linear_transformer.cpp:149]   --->   Operation 182 'fmul' 'mul8_6' <Predicate = true> <Delay = 5.70> <CoreInst = "FMul_maxdsp">   --->   Core 30 'FMul_maxdsp' <Latency = 3> <II = 1> <Delay = 5.70> <FuncUnit> <Opcode : 'fmul'> <InPorts = 2> <OutPorts = 1>
ST_7 : Operation 183 [3/4] (5.70ns)   --->   "%mul8_7 = fmul i32 %values_new_load_7, i32 %TRANSFORMER_ENCODER_LAYERS_0_SELF_ATTN_O_PROJ_WEIGHT_7_load" [linear_transformer.cpp:149]   --->   Operation 183 'fmul' 'mul8_7' <Predicate = true> <Delay = 5.70> <CoreInst = "FMul_maxdsp">   --->   Core 30 'FMul_maxdsp' <Latency = 3> <II = 1> <Delay = 5.70> <FuncUnit> <Opcode : 'fmul'> <InPorts = 2> <OutPorts = 1>

State 8 <SV = 7> <Delay = 7.25>
ST_8 : Operation 184 [4/5] (7.25ns)   --->   "%sum_s = fadd i32 %mul8, i32 0" [linear_transformer.cpp:149]   --->   Operation 184 'fadd' 'sum_s' <Predicate = true> <Delay = 7.25> <CoreInst = "FAddSub_fulldsp">   --->   Core 18 'FAddSub_fulldsp' <Latency = 4> <II = 1> <Delay = 7.25> <FuncUnit> <Opcode : 'fadd' 'fsub'> <InPorts = 2> <OutPorts = 1>
ST_8 : Operation 185 [1/4] (5.70ns)   --->   "%mul8_4 = fmul i32 %values_new_load_4, i32 %TRANSFORMER_ENCODER_LAYERS_0_SELF_ATTN_O_PROJ_WEIGHT_4_load" [linear_transformer.cpp:149]   --->   Operation 185 'fmul' 'mul8_4' <Predicate = true> <Delay = 5.70> <CoreInst = "FMul_maxdsp">   --->   Core 30 'FMul_maxdsp' <Latency = 3> <II = 1> <Delay = 5.70> <FuncUnit> <Opcode : 'fmul'> <InPorts = 2> <OutPorts = 1>
ST_8 : Operation 186 [1/4] (5.70ns)   --->   "%mul8_5 = fmul i32 %values_new_load_5, i32 %TRANSFORMER_ENCODER_LAYERS_0_SELF_ATTN_O_PROJ_WEIGHT_5_load" [linear_transformer.cpp:149]   --->   Operation 186 'fmul' 'mul8_5' <Predicate = true> <Delay = 5.70> <CoreInst = "FMul_maxdsp">   --->   Core 30 'FMul_maxdsp' <Latency = 3> <II = 1> <Delay = 5.70> <FuncUnit> <Opcode : 'fmul'> <InPorts = 2> <OutPorts = 1>
ST_8 : Operation 187 [2/4] (5.70ns)   --->   "%mul8_6 = fmul i32 %values_new_load_6, i32 %TRANSFORMER_ENCODER_LAYERS_0_SELF_ATTN_O_PROJ_WEIGHT_6_load" [linear_transformer.cpp:149]   --->   Operation 187 'fmul' 'mul8_6' <Predicate = true> <Delay = 5.70> <CoreInst = "FMul_maxdsp">   --->   Core 30 'FMul_maxdsp' <Latency = 3> <II = 1> <Delay = 5.70> <FuncUnit> <Opcode : 'fmul'> <InPorts = 2> <OutPorts = 1>
ST_8 : Operation 188 [2/4] (5.70ns)   --->   "%mul8_7 = fmul i32 %values_new_load_7, i32 %TRANSFORMER_ENCODER_LAYERS_0_SELF_ATTN_O_PROJ_WEIGHT_7_load" [linear_transformer.cpp:149]   --->   Operation 188 'fmul' 'mul8_7' <Predicate = true> <Delay = 5.70> <CoreInst = "FMul_maxdsp">   --->   Core 30 'FMul_maxdsp' <Latency = 3> <II = 1> <Delay = 5.70> <FuncUnit> <Opcode : 'fmul'> <InPorts = 2> <OutPorts = 1>

State 9 <SV = 8> <Delay = 7.25>
ST_9 : Operation 189 [3/5] (7.25ns)   --->   "%sum_s = fadd i32 %mul8, i32 0" [linear_transformer.cpp:149]   --->   Operation 189 'fadd' 'sum_s' <Predicate = true> <Delay = 7.25> <CoreInst = "FAddSub_fulldsp">   --->   Core 18 'FAddSub_fulldsp' <Latency = 4> <II = 1> <Delay = 7.25> <FuncUnit> <Opcode : 'fadd' 'fsub'> <InPorts = 2> <OutPorts = 1>
ST_9 : Operation 190 [1/4] (5.70ns)   --->   "%mul8_6 = fmul i32 %values_new_load_6, i32 %TRANSFORMER_ENCODER_LAYERS_0_SELF_ATTN_O_PROJ_WEIGHT_6_load" [linear_transformer.cpp:149]   --->   Operation 190 'fmul' 'mul8_6' <Predicate = true> <Delay = 5.70> <CoreInst = "FMul_maxdsp">   --->   Core 30 'FMul_maxdsp' <Latency = 3> <II = 1> <Delay = 5.70> <FuncUnit> <Opcode : 'fmul'> <InPorts = 2> <OutPorts = 1>
ST_9 : Operation 191 [1/4] (5.70ns)   --->   "%mul8_7 = fmul i32 %values_new_load_7, i32 %TRANSFORMER_ENCODER_LAYERS_0_SELF_ATTN_O_PROJ_WEIGHT_7_load" [linear_transformer.cpp:149]   --->   Operation 191 'fmul' 'mul8_7' <Predicate = true> <Delay = 5.70> <CoreInst = "FMul_maxdsp">   --->   Core 30 'FMul_maxdsp' <Latency = 3> <II = 1> <Delay = 5.70> <FuncUnit> <Opcode : 'fmul'> <InPorts = 2> <OutPorts = 1>

State 10 <SV = 9> <Delay = 7.25>
ST_10 : Operation 192 [2/5] (7.25ns)   --->   "%sum_s = fadd i32 %mul8, i32 0" [linear_transformer.cpp:149]   --->   Operation 192 'fadd' 'sum_s' <Predicate = true> <Delay = 7.25> <CoreInst = "FAddSub_fulldsp">   --->   Core 18 'FAddSub_fulldsp' <Latency = 4> <II = 1> <Delay = 7.25> <FuncUnit> <Opcode : 'fadd' 'fsub'> <InPorts = 2> <OutPorts = 1>

State 11 <SV = 10> <Delay = 7.25>
ST_11 : Operation 193 [1/5] (7.25ns)   --->   "%sum_s = fadd i32 %mul8, i32 0" [linear_transformer.cpp:149]   --->   Operation 193 'fadd' 'sum_s' <Predicate = true> <Delay = 7.25> <CoreInst = "FAddSub_fulldsp">   --->   Core 18 'FAddSub_fulldsp' <Latency = 4> <II = 1> <Delay = 7.25> <FuncUnit> <Opcode : 'fadd' 'fsub'> <InPorts = 2> <OutPorts = 1>

State 12 <SV = 11> <Delay = 7.25>
ST_12 : Operation 194 [5/5] (7.25ns)   --->   "%sum_11_1 = fadd i32 %sum_s, i32 %mul8_1" [linear_transformer.cpp:149]   --->   Operation 194 'fadd' 'sum_11_1' <Predicate = true> <Delay = 7.25> <CoreInst = "FAddSub_fulldsp">   --->   Core 18 'FAddSub_fulldsp' <Latency = 4> <II = 1> <Delay = 7.25> <FuncUnit> <Opcode : 'fadd' 'fsub'> <InPorts = 2> <OutPorts = 1>

State 13 <SV = 12> <Delay = 7.25>
ST_13 : Operation 195 [4/5] (7.25ns)   --->   "%sum_11_1 = fadd i32 %sum_s, i32 %mul8_1" [linear_transformer.cpp:149]   --->   Operation 195 'fadd' 'sum_11_1' <Predicate = true> <Delay = 7.25> <CoreInst = "FAddSub_fulldsp">   --->   Core 18 'FAddSub_fulldsp' <Latency = 4> <II = 1> <Delay = 7.25> <FuncUnit> <Opcode : 'fadd' 'fsub'> <InPorts = 2> <OutPorts = 1>

State 14 <SV = 13> <Delay = 7.25>
ST_14 : Operation 196 [3/5] (7.25ns)   --->   "%sum_11_1 = fadd i32 %sum_s, i32 %mul8_1" [linear_transformer.cpp:149]   --->   Operation 196 'fadd' 'sum_11_1' <Predicate = true> <Delay = 7.25> <CoreInst = "FAddSub_fulldsp">   --->   Core 18 'FAddSub_fulldsp' <Latency = 4> <II = 1> <Delay = 7.25> <FuncUnit> <Opcode : 'fadd' 'fsub'> <InPorts = 2> <OutPorts = 1>

State 15 <SV = 14> <Delay = 7.25>
ST_15 : Operation 197 [2/5] (7.25ns)   --->   "%sum_11_1 = fadd i32 %sum_s, i32 %mul8_1" [linear_transformer.cpp:149]   --->   Operation 197 'fadd' 'sum_11_1' <Predicate = true> <Delay = 7.25> <CoreInst = "FAddSub_fulldsp">   --->   Core 18 'FAddSub_fulldsp' <Latency = 4> <II = 1> <Delay = 7.25> <FuncUnit> <Opcode : 'fadd' 'fsub'> <InPorts = 2> <OutPorts = 1>

State 16 <SV = 15> <Delay = 7.25>
ST_16 : Operation 198 [1/5] (7.25ns)   --->   "%sum_11_1 = fadd i32 %sum_s, i32 %mul8_1" [linear_transformer.cpp:149]   --->   Operation 198 'fadd' 'sum_11_1' <Predicate = true> <Delay = 7.25> <CoreInst = "FAddSub_fulldsp">   --->   Core 18 'FAddSub_fulldsp' <Latency = 4> <II = 1> <Delay = 7.25> <FuncUnit> <Opcode : 'fadd' 'fsub'> <InPorts = 2> <OutPorts = 1>

State 17 <SV = 16> <Delay = 7.25>
ST_17 : Operation 199 [5/5] (7.25ns)   --->   "%sum_11_2 = fadd i32 %sum_11_1, i32 %mul8_2" [linear_transformer.cpp:149]   --->   Operation 199 'fadd' 'sum_11_2' <Predicate = true> <Delay = 7.25> <CoreInst = "FAddSub_fulldsp">   --->   Core 18 'FAddSub_fulldsp' <Latency = 4> <II = 1> <Delay = 7.25> <FuncUnit> <Opcode : 'fadd' 'fsub'> <InPorts = 2> <OutPorts = 1>

State 18 <SV = 17> <Delay = 7.25>
ST_18 : Operation 200 [4/5] (7.25ns)   --->   "%sum_11_2 = fadd i32 %sum_11_1, i32 %mul8_2" [linear_transformer.cpp:149]   --->   Operation 200 'fadd' 'sum_11_2' <Predicate = true> <Delay = 7.25> <CoreInst = "FAddSub_fulldsp">   --->   Core 18 'FAddSub_fulldsp' <Latency = 4> <II = 1> <Delay = 7.25> <FuncUnit> <Opcode : 'fadd' 'fsub'> <InPorts = 2> <OutPorts = 1>

State 19 <SV = 18> <Delay = 7.25>
ST_19 : Operation 201 [3/5] (7.25ns)   --->   "%sum_11_2 = fadd i32 %sum_11_1, i32 %mul8_2" [linear_transformer.cpp:149]   --->   Operation 201 'fadd' 'sum_11_2' <Predicate = true> <Delay = 7.25> <CoreInst = "FAddSub_fulldsp">   --->   Core 18 'FAddSub_fulldsp' <Latency = 4> <II = 1> <Delay = 7.25> <FuncUnit> <Opcode : 'fadd' 'fsub'> <InPorts = 2> <OutPorts = 1>

State 20 <SV = 19> <Delay = 7.25>
ST_20 : Operation 202 [2/5] (7.25ns)   --->   "%sum_11_2 = fadd i32 %sum_11_1, i32 %mul8_2" [linear_transformer.cpp:149]   --->   Operation 202 'fadd' 'sum_11_2' <Predicate = true> <Delay = 7.25> <CoreInst = "FAddSub_fulldsp">   --->   Core 18 'FAddSub_fulldsp' <Latency = 4> <II = 1> <Delay = 7.25> <FuncUnit> <Opcode : 'fadd' 'fsub'> <InPorts = 2> <OutPorts = 1>

State 21 <SV = 20> <Delay = 7.25>
ST_21 : Operation 203 [1/5] (7.25ns)   --->   "%sum_11_2 = fadd i32 %sum_11_1, i32 %mul8_2" [linear_transformer.cpp:149]   --->   Operation 203 'fadd' 'sum_11_2' <Predicate = true> <Delay = 7.25> <CoreInst = "FAddSub_fulldsp">   --->   Core 18 'FAddSub_fulldsp' <Latency = 4> <II = 1> <Delay = 7.25> <FuncUnit> <Opcode : 'fadd' 'fsub'> <InPorts = 2> <OutPorts = 1>

State 22 <SV = 21> <Delay = 7.25>
ST_22 : Operation 204 [5/5] (7.25ns)   --->   "%sum_11_3 = fadd i32 %sum_11_2, i32 %mul8_3" [linear_transformer.cpp:149]   --->   Operation 204 'fadd' 'sum_11_3' <Predicate = true> <Delay = 7.25> <CoreInst = "FAddSub_fulldsp">   --->   Core 18 'FAddSub_fulldsp' <Latency = 4> <II = 1> <Delay = 7.25> <FuncUnit> <Opcode : 'fadd' 'fsub'> <InPorts = 2> <OutPorts = 1>

State 23 <SV = 22> <Delay = 7.25>
ST_23 : Operation 205 [4/5] (7.25ns)   --->   "%sum_11_3 = fadd i32 %sum_11_2, i32 %mul8_3" [linear_transformer.cpp:149]   --->   Operation 205 'fadd' 'sum_11_3' <Predicate = true> <Delay = 7.25> <CoreInst = "FAddSub_fulldsp">   --->   Core 18 'FAddSub_fulldsp' <Latency = 4> <II = 1> <Delay = 7.25> <FuncUnit> <Opcode : 'fadd' 'fsub'> <InPorts = 2> <OutPorts = 1>

State 24 <SV = 23> <Delay = 7.25>
ST_24 : Operation 206 [3/5] (7.25ns)   --->   "%sum_11_3 = fadd i32 %sum_11_2, i32 %mul8_3" [linear_transformer.cpp:149]   --->   Operation 206 'fadd' 'sum_11_3' <Predicate = true> <Delay = 7.25> <CoreInst = "FAddSub_fulldsp">   --->   Core 18 'FAddSub_fulldsp' <Latency = 4> <II = 1> <Delay = 7.25> <FuncUnit> <Opcode : 'fadd' 'fsub'> <InPorts = 2> <OutPorts = 1>

State 25 <SV = 24> <Delay = 7.25>
ST_25 : Operation 207 [2/5] (7.25ns)   --->   "%sum_11_3 = fadd i32 %sum_11_2, i32 %mul8_3" [linear_transformer.cpp:149]   --->   Operation 207 'fadd' 'sum_11_3' <Predicate = true> <Delay = 7.25> <CoreInst = "FAddSub_fulldsp">   --->   Core 18 'FAddSub_fulldsp' <Latency = 4> <II = 1> <Delay = 7.25> <FuncUnit> <Opcode : 'fadd' 'fsub'> <InPorts = 2> <OutPorts = 1>

State 26 <SV = 25> <Delay = 7.25>
ST_26 : Operation 208 [1/5] (7.25ns)   --->   "%sum_11_3 = fadd i32 %sum_11_2, i32 %mul8_3" [linear_transformer.cpp:149]   --->   Operation 208 'fadd' 'sum_11_3' <Predicate = true> <Delay = 7.25> <CoreInst = "FAddSub_fulldsp">   --->   Core 18 'FAddSub_fulldsp' <Latency = 4> <II = 1> <Delay = 7.25> <FuncUnit> <Opcode : 'fadd' 'fsub'> <InPorts = 2> <OutPorts = 1>

State 27 <SV = 26> <Delay = 7.25>
ST_27 : Operation 209 [5/5] (7.25ns)   --->   "%sum_11_4 = fadd i32 %sum_11_3, i32 %mul8_4" [linear_transformer.cpp:149]   --->   Operation 209 'fadd' 'sum_11_4' <Predicate = true> <Delay = 7.25> <CoreInst = "FAddSub_fulldsp">   --->   Core 18 'FAddSub_fulldsp' <Latency = 4> <II = 1> <Delay = 7.25> <FuncUnit> <Opcode : 'fadd' 'fsub'> <InPorts = 2> <OutPorts = 1>

State 28 <SV = 27> <Delay = 7.25>
ST_28 : Operation 210 [4/5] (7.25ns)   --->   "%sum_11_4 = fadd i32 %sum_11_3, i32 %mul8_4" [linear_transformer.cpp:149]   --->   Operation 210 'fadd' 'sum_11_4' <Predicate = true> <Delay = 7.25> <CoreInst = "FAddSub_fulldsp">   --->   Core 18 'FAddSub_fulldsp' <Latency = 4> <II = 1> <Delay = 7.25> <FuncUnit> <Opcode : 'fadd' 'fsub'> <InPorts = 2> <OutPorts = 1>

State 29 <SV = 28> <Delay = 7.25>
ST_29 : Operation 211 [3/5] (7.25ns)   --->   "%sum_11_4 = fadd i32 %sum_11_3, i32 %mul8_4" [linear_transformer.cpp:149]   --->   Operation 211 'fadd' 'sum_11_4' <Predicate = true> <Delay = 7.25> <CoreInst = "FAddSub_fulldsp">   --->   Core 18 'FAddSub_fulldsp' <Latency = 4> <II = 1> <Delay = 7.25> <FuncUnit> <Opcode : 'fadd' 'fsub'> <InPorts = 2> <OutPorts = 1>

State 30 <SV = 29> <Delay = 7.25>
ST_30 : Operation 212 [2/5] (7.25ns)   --->   "%sum_11_4 = fadd i32 %sum_11_3, i32 %mul8_4" [linear_transformer.cpp:149]   --->   Operation 212 'fadd' 'sum_11_4' <Predicate = true> <Delay = 7.25> <CoreInst = "FAddSub_fulldsp">   --->   Core 18 'FAddSub_fulldsp' <Latency = 4> <II = 1> <Delay = 7.25> <FuncUnit> <Opcode : 'fadd' 'fsub'> <InPorts = 2> <OutPorts = 1>

State 31 <SV = 30> <Delay = 7.25>
ST_31 : Operation 213 [1/5] (7.25ns)   --->   "%sum_11_4 = fadd i32 %sum_11_3, i32 %mul8_4" [linear_transformer.cpp:149]   --->   Operation 213 'fadd' 'sum_11_4' <Predicate = true> <Delay = 7.25> <CoreInst = "FAddSub_fulldsp">   --->   Core 18 'FAddSub_fulldsp' <Latency = 4> <II = 1> <Delay = 7.25> <FuncUnit> <Opcode : 'fadd' 'fsub'> <InPorts = 2> <OutPorts = 1>

State 32 <SV = 31> <Delay = 7.25>
ST_32 : Operation 214 [5/5] (7.25ns)   --->   "%sum_11_5 = fadd i32 %sum_11_4, i32 %mul8_5" [linear_transformer.cpp:149]   --->   Operation 214 'fadd' 'sum_11_5' <Predicate = true> <Delay = 7.25> <CoreInst = "FAddSub_fulldsp">   --->   Core 18 'FAddSub_fulldsp' <Latency = 4> <II = 1> <Delay = 7.25> <FuncUnit> <Opcode : 'fadd' 'fsub'> <InPorts = 2> <OutPorts = 1>

State 33 <SV = 32> <Delay = 7.25>
ST_33 : Operation 215 [4/5] (7.25ns)   --->   "%sum_11_5 = fadd i32 %sum_11_4, i32 %mul8_5" [linear_transformer.cpp:149]   --->   Operation 215 'fadd' 'sum_11_5' <Predicate = true> <Delay = 7.25> <CoreInst = "FAddSub_fulldsp">   --->   Core 18 'FAddSub_fulldsp' <Latency = 4> <II = 1> <Delay = 7.25> <FuncUnit> <Opcode : 'fadd' 'fsub'> <InPorts = 2> <OutPorts = 1>

State 34 <SV = 33> <Delay = 7.25>
ST_34 : Operation 216 [3/5] (7.25ns)   --->   "%sum_11_5 = fadd i32 %sum_11_4, i32 %mul8_5" [linear_transformer.cpp:149]   --->   Operation 216 'fadd' 'sum_11_5' <Predicate = true> <Delay = 7.25> <CoreInst = "FAddSub_fulldsp">   --->   Core 18 'FAddSub_fulldsp' <Latency = 4> <II = 1> <Delay = 7.25> <FuncUnit> <Opcode : 'fadd' 'fsub'> <InPorts = 2> <OutPorts = 1>

State 35 <SV = 34> <Delay = 7.25>
ST_35 : Operation 217 [2/5] (7.25ns)   --->   "%sum_11_5 = fadd i32 %sum_11_4, i32 %mul8_5" [linear_transformer.cpp:149]   --->   Operation 217 'fadd' 'sum_11_5' <Predicate = true> <Delay = 7.25> <CoreInst = "FAddSub_fulldsp">   --->   Core 18 'FAddSub_fulldsp' <Latency = 4> <II = 1> <Delay = 7.25> <FuncUnit> <Opcode : 'fadd' 'fsub'> <InPorts = 2> <OutPorts = 1>

State 36 <SV = 35> <Delay = 7.25>
ST_36 : Operation 218 [1/5] (7.25ns)   --->   "%sum_11_5 = fadd i32 %sum_11_4, i32 %mul8_5" [linear_transformer.cpp:149]   --->   Operation 218 'fadd' 'sum_11_5' <Predicate = true> <Delay = 7.25> <CoreInst = "FAddSub_fulldsp">   --->   Core 18 'FAddSub_fulldsp' <Latency = 4> <II = 1> <Delay = 7.25> <FuncUnit> <Opcode : 'fadd' 'fsub'> <InPorts = 2> <OutPorts = 1>

State 37 <SV = 36> <Delay = 7.25>
ST_37 : Operation 219 [5/5] (7.25ns)   --->   "%sum_11_6 = fadd i32 %sum_11_5, i32 %mul8_6" [linear_transformer.cpp:149]   --->   Operation 219 'fadd' 'sum_11_6' <Predicate = true> <Delay = 7.25> <CoreInst = "FAddSub_fulldsp">   --->   Core 18 'FAddSub_fulldsp' <Latency = 4> <II = 1> <Delay = 7.25> <FuncUnit> <Opcode : 'fadd' 'fsub'> <InPorts = 2> <OutPorts = 1>

State 38 <SV = 37> <Delay = 7.25>
ST_38 : Operation 220 [4/5] (7.25ns)   --->   "%sum_11_6 = fadd i32 %sum_11_5, i32 %mul8_6" [linear_transformer.cpp:149]   --->   Operation 220 'fadd' 'sum_11_6' <Predicate = true> <Delay = 7.25> <CoreInst = "FAddSub_fulldsp">   --->   Core 18 'FAddSub_fulldsp' <Latency = 4> <II = 1> <Delay = 7.25> <FuncUnit> <Opcode : 'fadd' 'fsub'> <InPorts = 2> <OutPorts = 1>

State 39 <SV = 38> <Delay = 7.25>
ST_39 : Operation 221 [3/5] (7.25ns)   --->   "%sum_11_6 = fadd i32 %sum_11_5, i32 %mul8_6" [linear_transformer.cpp:149]   --->   Operation 221 'fadd' 'sum_11_6' <Predicate = true> <Delay = 7.25> <CoreInst = "FAddSub_fulldsp">   --->   Core 18 'FAddSub_fulldsp' <Latency = 4> <II = 1> <Delay = 7.25> <FuncUnit> <Opcode : 'fadd' 'fsub'> <InPorts = 2> <OutPorts = 1>

State 40 <SV = 39> <Delay = 7.25>
ST_40 : Operation 222 [2/5] (7.25ns)   --->   "%sum_11_6 = fadd i32 %sum_11_5, i32 %mul8_6" [linear_transformer.cpp:149]   --->   Operation 222 'fadd' 'sum_11_6' <Predicate = true> <Delay = 7.25> <CoreInst = "FAddSub_fulldsp">   --->   Core 18 'FAddSub_fulldsp' <Latency = 4> <II = 1> <Delay = 7.25> <FuncUnit> <Opcode : 'fadd' 'fsub'> <InPorts = 2> <OutPorts = 1>

State 41 <SV = 40> <Delay = 7.25>
ST_41 : Operation 223 [1/5] (7.25ns)   --->   "%sum_11_6 = fadd i32 %sum_11_5, i32 %mul8_6" [linear_transformer.cpp:149]   --->   Operation 223 'fadd' 'sum_11_6' <Predicate = true> <Delay = 7.25> <CoreInst = "FAddSub_fulldsp">   --->   Core 18 'FAddSub_fulldsp' <Latency = 4> <II = 1> <Delay = 7.25> <FuncUnit> <Opcode : 'fadd' 'fsub'> <InPorts = 2> <OutPorts = 1>

State 42 <SV = 41> <Delay = 7.25>
ST_42 : Operation 224 [5/5] (7.25ns)   --->   "%sum_11_7 = fadd i32 %sum_11_6, i32 %mul8_7" [linear_transformer.cpp:149]   --->   Operation 224 'fadd' 'sum_11_7' <Predicate = true> <Delay = 7.25> <CoreInst = "FAddSub_fulldsp">   --->   Core 18 'FAddSub_fulldsp' <Latency = 4> <II = 1> <Delay = 7.25> <FuncUnit> <Opcode : 'fadd' 'fsub'> <InPorts = 2> <OutPorts = 1>

State 43 <SV = 42> <Delay = 7.25>
ST_43 : Operation 225 [4/5] (7.25ns)   --->   "%sum_11_7 = fadd i32 %sum_11_6, i32 %mul8_7" [linear_transformer.cpp:149]   --->   Operation 225 'fadd' 'sum_11_7' <Predicate = true> <Delay = 7.25> <CoreInst = "FAddSub_fulldsp">   --->   Core 18 'FAddSub_fulldsp' <Latency = 4> <II = 1> <Delay = 7.25> <FuncUnit> <Opcode : 'fadd' 'fsub'> <InPorts = 2> <OutPorts = 1>

State 44 <SV = 43> <Delay = 7.25>
ST_44 : Operation 226 [3/5] (7.25ns)   --->   "%sum_11_7 = fadd i32 %sum_11_6, i32 %mul8_7" [linear_transformer.cpp:149]   --->   Operation 226 'fadd' 'sum_11_7' <Predicate = true> <Delay = 7.25> <CoreInst = "FAddSub_fulldsp">   --->   Core 18 'FAddSub_fulldsp' <Latency = 4> <II = 1> <Delay = 7.25> <FuncUnit> <Opcode : 'fadd' 'fsub'> <InPorts = 2> <OutPorts = 1>

State 45 <SV = 44> <Delay = 7.25>
ST_45 : Operation 227 [2/5] (7.25ns)   --->   "%sum_11_7 = fadd i32 %sum_11_6, i32 %mul8_7" [linear_transformer.cpp:149]   --->   Operation 227 'fadd' 'sum_11_7' <Predicate = true> <Delay = 7.25> <CoreInst = "FAddSub_fulldsp">   --->   Core 18 'FAddSub_fulldsp' <Latency = 4> <II = 1> <Delay = 7.25> <FuncUnit> <Opcode : 'fadd' 'fsub'> <InPorts = 2> <OutPorts = 1>
ST_45 : Operation 228 [1/1] (0.00ns)   --->   "%TRANSFORMER_ENCODER_LAYERS_0_SELF_ATTN_O_PROJ_BIAS_addr = getelementptr i32 %TRANSFORMER_ENCODER_LAYERS_0_SELF_ATTN_O_PROJ_BIAS, i64 0, i64 %j_5_cast30" [linear_transformer.cpp:153]   --->   Operation 228 'getelementptr' 'TRANSFORMER_ENCODER_LAYERS_0_SELF_ATTN_O_PROJ_BIAS_addr' <Predicate = true> <Delay = 0.00>
ST_45 : Operation 229 [2/2] (2.32ns)   --->   "%TRANSFORMER_ENCODER_LAYERS_0_SELF_ATTN_O_PROJ_BIAS_load = load i3 %TRANSFORMER_ENCODER_LAYERS_0_SELF_ATTN_O_PROJ_BIAS_addr" [linear_transformer.cpp:153]   --->   Operation 229 'load' 'TRANSFORMER_ENCODER_LAYERS_0_SELF_ATTN_O_PROJ_BIAS_load' <Predicate = true> <Delay = 2.32> <CoreInst = "ROM">   --->   Core 95 'ROM' <Latency = 1> <II = 1> <Delay = 2.32> <Storage> <Opcode : 'load'> <Ports = 0> <Width = 32> <Depth = 8> <ROM>

State 46 <SV = 45> <Delay = 7.25>
ST_46 : Operation 230 [1/5] (7.25ns)   --->   "%sum_11_7 = fadd i32 %sum_11_6, i32 %mul8_7" [linear_transformer.cpp:149]   --->   Operation 230 'fadd' 'sum_11_7' <Predicate = true> <Delay = 7.25> <CoreInst = "FAddSub_fulldsp">   --->   Core 18 'FAddSub_fulldsp' <Latency = 4> <II = 1> <Delay = 7.25> <FuncUnit> <Opcode : 'fadd' 'fsub'> <InPorts = 2> <OutPorts = 1>
ST_46 : Operation 231 [1/2] (2.32ns)   --->   "%TRANSFORMER_ENCODER_LAYERS_0_SELF_ATTN_O_PROJ_BIAS_load = load i3 %TRANSFORMER_ENCODER_LAYERS_0_SELF_ATTN_O_PROJ_BIAS_addr" [linear_transformer.cpp:153]   --->   Operation 231 'load' 'TRANSFORMER_ENCODER_LAYERS_0_SELF_ATTN_O_PROJ_BIAS_load' <Predicate = true> <Delay = 2.32> <CoreInst = "ROM">   --->   Core 95 'ROM' <Latency = 1> <II = 1> <Delay = 2.32> <Storage> <Opcode : 'load'> <Ports = 0> <Width = 32> <Depth = 8> <ROM>

State 47 <SV = 46> <Delay = 7.25>
ST_47 : Operation 232 [5/5] (7.25ns)   --->   "%o_proj = fadd i32 %sum_11_7, i32 %TRANSFORMER_ENCODER_LAYERS_0_SELF_ATTN_O_PROJ_BIAS_load" [linear_transformer.cpp:153]   --->   Operation 232 'fadd' 'o_proj' <Predicate = true> <Delay = 7.25> <CoreInst = "FAddSub_fulldsp">   --->   Core 18 'FAddSub_fulldsp' <Latency = 4> <II = 1> <Delay = 7.25> <FuncUnit> <Opcode : 'fadd' 'fsub'> <InPorts = 2> <OutPorts = 1>

State 48 <SV = 47> <Delay = 7.25>
ST_48 : Operation 233 [4/5] (7.25ns)   --->   "%o_proj = fadd i32 %sum_11_7, i32 %TRANSFORMER_ENCODER_LAYERS_0_SELF_ATTN_O_PROJ_BIAS_load" [linear_transformer.cpp:153]   --->   Operation 233 'fadd' 'o_proj' <Predicate = true> <Delay = 7.25> <CoreInst = "FAddSub_fulldsp">   --->   Core 18 'FAddSub_fulldsp' <Latency = 4> <II = 1> <Delay = 7.25> <FuncUnit> <Opcode : 'fadd' 'fsub'> <InPorts = 2> <OutPorts = 1>

State 49 <SV = 48> <Delay = 7.25>
ST_49 : Operation 234 [3/5] (7.25ns)   --->   "%o_proj = fadd i32 %sum_11_7, i32 %TRANSFORMER_ENCODER_LAYERS_0_SELF_ATTN_O_PROJ_BIAS_load" [linear_transformer.cpp:153]   --->   Operation 234 'fadd' 'o_proj' <Predicate = true> <Delay = 7.25> <CoreInst = "FAddSub_fulldsp">   --->   Core 18 'FAddSub_fulldsp' <Latency = 4> <II = 1> <Delay = 7.25> <FuncUnit> <Opcode : 'fadd' 'fsub'> <InPorts = 2> <OutPorts = 1>

State 50 <SV = 49> <Delay = 7.25>
ST_50 : Operation 235 [2/5] (7.25ns)   --->   "%o_proj = fadd i32 %sum_11_7, i32 %TRANSFORMER_ENCODER_LAYERS_0_SELF_ATTN_O_PROJ_BIAS_load" [linear_transformer.cpp:153]   --->   Operation 235 'fadd' 'o_proj' <Predicate = true> <Delay = 7.25> <CoreInst = "FAddSub_fulldsp">   --->   Core 18 'FAddSub_fulldsp' <Latency = 4> <II = 1> <Delay = 7.25> <FuncUnit> <Opcode : 'fadd' 'fsub'> <InPorts = 2> <OutPorts = 1>

State 51 <SV = 50> <Delay = 7.25>
ST_51 : Operation 236 [1/5] (7.25ns)   --->   "%o_proj = fadd i32 %sum_11_7, i32 %TRANSFORMER_ENCODER_LAYERS_0_SELF_ATTN_O_PROJ_BIAS_load" [linear_transformer.cpp:153]   --->   Operation 236 'fadd' 'o_proj' <Predicate = true> <Delay = 7.25> <CoreInst = "FAddSub_fulldsp">   --->   Core 18 'FAddSub_fulldsp' <Latency = 4> <II = 1> <Delay = 7.25> <FuncUnit> <Opcode : 'fadd' 'fsub'> <InPorts = 2> <OutPorts = 1>

State 52 <SV = 51> <Delay = 7.25>
ST_52 : Operation 237 [5/5] (7.25ns)   --->   "%add1 = fadd i32 %front_load, i32 %o_proj" [linear_transformer.cpp:155]   --->   Operation 237 'fadd' 'add1' <Predicate = true> <Delay = 7.25> <CoreInst = "FAddSub_fulldsp">   --->   Core 18 'FAddSub_fulldsp' <Latency = 4> <II = 1> <Delay = 7.25> <FuncUnit> <Opcode : 'fadd' 'fsub'> <InPorts = 2> <OutPorts = 1>

State 53 <SV = 52> <Delay = 7.25>
ST_53 : Operation 238 [4/5] (7.25ns)   --->   "%add1 = fadd i32 %front_load, i32 %o_proj" [linear_transformer.cpp:155]   --->   Operation 238 'fadd' 'add1' <Predicate = true> <Delay = 7.25> <CoreInst = "FAddSub_fulldsp">   --->   Core 18 'FAddSub_fulldsp' <Latency = 4> <II = 1> <Delay = 7.25> <FuncUnit> <Opcode : 'fadd' 'fsub'> <InPorts = 2> <OutPorts = 1>
ST_53 : Operation 249 [1/1] (0.00ns)   --->   "%ret_ln0 = ret"   --->   Operation 249 'ret' 'ret_ln0' <Predicate = (icmp_ln143)> <Delay = 0.00>

State 54 <SV = 53> <Delay = 7.25>
ST_54 : Operation 239 [3/5] (7.25ns)   --->   "%add1 = fadd i32 %front_load, i32 %o_proj" [linear_transformer.cpp:155]   --->   Operation 239 'fadd' 'add1' <Predicate = true> <Delay = 7.25> <CoreInst = "FAddSub_fulldsp">   --->   Core 18 'FAddSub_fulldsp' <Latency = 4> <II = 1> <Delay = 7.25> <FuncUnit> <Opcode : 'fadd' 'fsub'> <InPorts = 2> <OutPorts = 1>

State 55 <SV = 54> <Delay = 7.25>
ST_55 : Operation 240 [2/5] (7.25ns)   --->   "%add1 = fadd i32 %front_load, i32 %o_proj" [linear_transformer.cpp:155]   --->   Operation 240 'fadd' 'add1' <Predicate = true> <Delay = 7.25> <CoreInst = "FAddSub_fulldsp">   --->   Core 18 'FAddSub_fulldsp' <Latency = 4> <II = 1> <Delay = 7.25> <FuncUnit> <Opcode : 'fadd' 'fsub'> <InPorts = 2> <OutPorts = 1>

State 56 <SV = 55> <Delay = 7.25>
ST_56 : Operation 241 [1/5] (7.25ns)   --->   "%add1 = fadd i32 %front_load, i32 %o_proj" [linear_transformer.cpp:155]   --->   Operation 241 'fadd' 'add1' <Predicate = true> <Delay = 7.25> <CoreInst = "FAddSub_fulldsp">   --->   Core 18 'FAddSub_fulldsp' <Latency = 4> <II = 1> <Delay = 7.25> <FuncUnit> <Opcode : 'fadd' 'fsub'> <InPorts = 2> <OutPorts = 1>

State 57 <SV = 56> <Delay = 3.25>
ST_57 : Operation 242 [1/1] (0.00ns)   --->   "%specloopname_ln0 = specloopname void @_ssdm_op_SpecLoopName, void @o_proj_i_o_proj_j_str"   --->   Operation 242 'specloopname' 'specloopname_ln0' <Predicate = true> <Delay = 0.00>
ST_57 : Operation 243 [1/1] (0.00ns)   --->   "%empty_31 = speclooptripcount i32 @_ssdm_op_SpecLoopTripCount, i64 64, i64 64, i64 64"   --->   Operation 243 'speclooptripcount' 'empty_31' <Predicate = true> <Delay = 0.00>
ST_57 : Operation 244 [1/1] (0.00ns)   --->   "%specpipeline_ln0 = specpipeline void @_ssdm_op_SpecPipeline, i32 4294967295, i32 0, i32 1, i32 0, void @p_str"   --->   Operation 244 'specpipeline' 'specpipeline_ln0' <Predicate = true> <Delay = 0.00>
ST_57 : Operation 245 [1/1] (0.00ns)   --->   "%specloopname_ln146 = specloopname void @_ssdm_op_SpecLoopName, void @empty_11" [linear_transformer.cpp:146]   --->   Operation 245 'specloopname' 'specloopname_ln146' <Predicate = true> <Delay = 0.00>
ST_57 : Operation 246 [1/1] (0.00ns)   --->   "%attn_residual_addr = getelementptr i32 %attn_residual, i64 0, i64 %zext_ln46" [linear_transformer.cpp:154]   --->   Operation 246 'getelementptr' 'attn_residual_addr' <Predicate = true> <Delay = 0.00>
ST_57 : Operation 247 [1/1] (3.25ns)   --->   "%store_ln154 = store i32 %add1, i6 %attn_residual_addr" [linear_transformer.cpp:154]   --->   Operation 247 'store' 'store_ln154' <Predicate = true> <Delay = 3.25> <CoreInst = "RAM_1WnR">   --->   Core 83 'RAM_1WnR' <Latency = 1> <II = 1> <Delay = 3.25> <Storage> <Opcode : 'load' 'store'> <Ports = 17> <Width = 32> <Depth = 64> <RAM>
ST_57 : Operation 248 [1/1] (0.00ns)   --->   "%br_ln145 = br void %o_proj_k" [linear_transformer.cpp:145]   --->   Operation 248 'br' 'br_ln145' <Predicate = true> <Delay = 0.00>


============================================================
+ Verbose Summary: Timing violations
============================================================
Target clock period: 10ns, clock uncertainty: 2.7ns.

 <State 1>: 6.18ns
The critical path consists of the following:
	'alloca' operation ('i') [14]  (0 ns)
	'load' operation ('i') on local variable 'i' [21]  (0 ns)
	'add' operation ('add_ln143_1', linear_transformer.cpp:143) [35]  (1.74 ns)
	'select' operation ('select_ln143_1', linear_transformer.cpp:143) [38]  (1.19 ns)
	'getelementptr' operation ('values_new_addr', linear_transformer.cpp:149) [40]  (0 ns)
	'load' operation ('values_new_load', linear_transformer.cpp:143) on array 'values_new' [41]  (3.25 ns)

 <State 2>: 5.08ns
The critical path consists of the following:
	'add' operation ('add_ln152', linear_transformer.cpp:152) [110]  (1.83 ns)
	'getelementptr' operation ('front_addr_3', linear_transformer.cpp:155) [112]  (0 ns)
	'load' operation ('front_load', linear_transformer.cpp:155) on array 'front' [113]  (3.25 ns)

 <State 3>: 5.7ns
The critical path consists of the following:
	'fmul' operation ('mul8', linear_transformer.cpp:149) [77]  (5.7 ns)

 <State 4>: 5.7ns
The critical path consists of the following:
	'fmul' operation ('mul8', linear_transformer.cpp:149) [77]  (5.7 ns)

 <State 5>: 5.7ns
The critical path consists of the following:
	'fmul' operation ('mul8', linear_transformer.cpp:149) [77]  (5.7 ns)

 <State 6>: 5.7ns
The critical path consists of the following:
	'fmul' operation ('mul8', linear_transformer.cpp:149) [77]  (5.7 ns)

 <State 7>: 7.26ns
The critical path consists of the following:
	'fadd' operation ('sum_s', linear_transformer.cpp:149) [78]  (7.26 ns)

 <State 8>: 7.26ns
The critical path consists of the following:
	'fadd' operation ('sum_s', linear_transformer.cpp:149) [78]  (7.26 ns)

 <State 9>: 7.26ns
The critical path consists of the following:
	'fadd' operation ('sum_s', linear_transformer.cpp:149) [78]  (7.26 ns)

 <State 10>: 7.26ns
The critical path consists of the following:
	'fadd' operation ('sum_s', linear_transformer.cpp:149) [78]  (7.26 ns)

 <State 11>: 7.26ns
The critical path consists of the following:
	'fadd' operation ('sum_s', linear_transformer.cpp:149) [78]  (7.26 ns)

 <State 12>: 7.26ns
The critical path consists of the following:
	'fadd' operation ('sum_11_1', linear_transformer.cpp:149) [82]  (7.26 ns)

 <State 13>: 7.26ns
The critical path consists of the following:
	'fadd' operation ('sum_11_1', linear_transformer.cpp:149) [82]  (7.26 ns)

 <State 14>: 7.26ns
The critical path consists of the following:
	'fadd' operation ('sum_11_1', linear_transformer.cpp:149) [82]  (7.26 ns)

 <State 15>: 7.26ns
The critical path consists of the following:
	'fadd' operation ('sum_11_1', linear_transformer.cpp:149) [82]  (7.26 ns)

 <State 16>: 7.26ns
The critical path consists of the following:
	'fadd' operation ('sum_11_1', linear_transformer.cpp:149) [82]  (7.26 ns)

 <State 17>: 7.26ns
The critical path consists of the following:
	'fadd' operation ('sum_11_2', linear_transformer.cpp:149) [86]  (7.26 ns)

 <State 18>: 7.26ns
The critical path consists of the following:
	'fadd' operation ('sum_11_2', linear_transformer.cpp:149) [86]  (7.26 ns)

 <State 19>: 7.26ns
The critical path consists of the following:
	'fadd' operation ('sum_11_2', linear_transformer.cpp:149) [86]  (7.26 ns)

 <State 20>: 7.26ns
The critical path consists of the following:
	'fadd' operation ('sum_11_2', linear_transformer.cpp:149) [86]  (7.26 ns)

 <State 21>: 7.26ns
The critical path consists of the following:
	'fadd' operation ('sum_11_2', linear_transformer.cpp:149) [86]  (7.26 ns)

 <State 22>: 7.26ns
The critical path consists of the following:
	'fadd' operation ('sum_11_3', linear_transformer.cpp:149) [90]  (7.26 ns)

 <State 23>: 7.26ns
The critical path consists of the following:
	'fadd' operation ('sum_11_3', linear_transformer.cpp:149) [90]  (7.26 ns)

 <State 24>: 7.26ns
The critical path consists of the following:
	'fadd' operation ('sum_11_3', linear_transformer.cpp:149) [90]  (7.26 ns)

 <State 25>: 7.26ns
The critical path consists of the following:
	'fadd' operation ('sum_11_3', linear_transformer.cpp:149) [90]  (7.26 ns)

 <State 26>: 7.26ns
The critical path consists of the following:
	'fadd' operation ('sum_11_3', linear_transformer.cpp:149) [90]  (7.26 ns)

 <State 27>: 7.26ns
The critical path consists of the following:
	'fadd' operation ('sum_11_4', linear_transformer.cpp:149) [94]  (7.26 ns)

 <State 28>: 7.26ns
The critical path consists of the following:
	'fadd' operation ('sum_11_4', linear_transformer.cpp:149) [94]  (7.26 ns)

 <State 29>: 7.26ns
The critical path consists of the following:
	'fadd' operation ('sum_11_4', linear_transformer.cpp:149) [94]  (7.26 ns)

 <State 30>: 7.26ns
The critical path consists of the following:
	'fadd' operation ('sum_11_4', linear_transformer.cpp:149) [94]  (7.26 ns)

 <State 31>: 7.26ns
The critical path consists of the following:
	'fadd' operation ('sum_11_4', linear_transformer.cpp:149) [94]  (7.26 ns)

 <State 32>: 7.26ns
The critical path consists of the following:
	'fadd' operation ('sum_11_5', linear_transformer.cpp:149) [98]  (7.26 ns)

 <State 33>: 7.26ns
The critical path consists of the following:
	'fadd' operation ('sum_11_5', linear_transformer.cpp:149) [98]  (7.26 ns)

 <State 34>: 7.26ns
The critical path consists of the following:
	'fadd' operation ('sum_11_5', linear_transformer.cpp:149) [98]  (7.26 ns)

 <State 35>: 7.26ns
The critical path consists of the following:
	'fadd' operation ('sum_11_5', linear_transformer.cpp:149) [98]  (7.26 ns)

 <State 36>: 7.26ns
The critical path consists of the following:
	'fadd' operation ('sum_11_5', linear_transformer.cpp:149) [98]  (7.26 ns)

 <State 37>: 7.26ns
The critical path consists of the following:
	'fadd' operation ('sum_11_6', linear_transformer.cpp:149) [102]  (7.26 ns)

 <State 38>: 7.26ns
The critical path consists of the following:
	'fadd' operation ('sum_11_6', linear_transformer.cpp:149) [102]  (7.26 ns)

 <State 39>: 7.26ns
The critical path consists of the following:
	'fadd' operation ('sum_11_6', linear_transformer.cpp:149) [102]  (7.26 ns)

 <State 40>: 7.26ns
The critical path consists of the following:
	'fadd' operation ('sum_11_6', linear_transformer.cpp:149) [102]  (7.26 ns)

 <State 41>: 7.26ns
The critical path consists of the following:
	'fadd' operation ('sum_11_6', linear_transformer.cpp:149) [102]  (7.26 ns)

 <State 42>: 7.26ns
The critical path consists of the following:
	'fadd' operation ('sum_11_7', linear_transformer.cpp:149) [106]  (7.26 ns)

 <State 43>: 7.26ns
The critical path consists of the following:
	'fadd' operation ('sum_11_7', linear_transformer.cpp:149) [106]  (7.26 ns)

 <State 44>: 7.26ns
The critical path consists of the following:
	'fadd' operation ('sum_11_7', linear_transformer.cpp:149) [106]  (7.26 ns)

 <State 45>: 7.26ns
The critical path consists of the following:
	'fadd' operation ('sum_11_7', linear_transformer.cpp:149) [106]  (7.26 ns)

 <State 46>: 7.26ns
The critical path consists of the following:
	'fadd' operation ('sum_11_7', linear_transformer.cpp:149) [106]  (7.26 ns)

 <State 47>: 7.26ns
The critical path consists of the following:
	'fadd' operation ('o_proj', linear_transformer.cpp:153) [109]  (7.26 ns)

 <State 48>: 7.26ns
The critical path consists of the following:
	'fadd' operation ('o_proj', linear_transformer.cpp:153) [109]  (7.26 ns)

 <State 49>: 7.26ns
The critical path consists of the following:
	'fadd' operation ('o_proj', linear_transformer.cpp:153) [109]  (7.26 ns)

 <State 50>: 7.26ns
The critical path consists of the following:
	'fadd' operation ('o_proj', linear_transformer.cpp:153) [109]  (7.26 ns)

 <State 51>: 7.26ns
The critical path consists of the following:
	'fadd' operation ('o_proj', linear_transformer.cpp:153) [109]  (7.26 ns)

 <State 52>: 7.26ns
The critical path consists of the following:
	'fadd' operation ('add1', linear_transformer.cpp:155) [114]  (7.26 ns)

 <State 53>: 7.26ns
The critical path consists of the following:
	'fadd' operation ('add1', linear_transformer.cpp:155) [114]  (7.26 ns)

 <State 54>: 7.26ns
The critical path consists of the following:
	'fadd' operation ('add1', linear_transformer.cpp:155) [114]  (7.26 ns)

 <State 55>: 7.26ns
The critical path consists of the following:
	'fadd' operation ('add1', linear_transformer.cpp:155) [114]  (7.26 ns)

 <State 56>: 7.26ns
The critical path consists of the following:
	'fadd' operation ('add1', linear_transformer.cpp:155) [114]  (7.26 ns)

 <State 57>: 3.25ns
The critical path consists of the following:
	'getelementptr' operation ('attn_residual_addr', linear_transformer.cpp:154) [115]  (0 ns)
	'store' operation ('store_ln154', linear_transformer.cpp:154) of variable 'add1', linear_transformer.cpp:155 on array 'attn_residual' [116]  (3.25 ns)


============================================================
+ Verbose Summary: Binding
============================================================
N/A
* FSMD analyzer results:
  - Output states:
 - Input state : 
  - Chain level:
	State 1
	State 2
	State 3
	State 4
	State 5
	State 6
	State 7
	State 8
	State 9
	State 10
	State 11
	State 12
	State 13
	State 14
	State 15
	State 16
	State 17
	State 18
	State 19
	State 20
	State 21
	State 22
	State 23
	State 24
	State 25
	State 26
	State 27
	State 28
	State 29
	State 30
	State 31
	State 32
	State 33
	State 34
	State 35
	State 36
	State 37
	State 38
	State 39
	State 40
	State 41
	State 42
	State 43
	State 44
	State 45
	State 46
	State 47
	State 48
	State 49
	State 50
	State 51
	State 52
	State 53
	State 54
	State 55
	State 56
	State 57


============================================================
+ Verbose Summary: Datapath Resource usage 
============================================================
N/A
