

================================================================
== Vitis HLS Report for 'transformer'
================================================================
* Date:           Tue May 19 20:30:26 2026

* Version:        2022.2 (Build 3670227 on Oct 13 2022)
* Project:        linear_transformer_hls
* Solution:       solution1 (Vivado IP Flow Target)
* Product family: zynq
* Target device:  xc7z020-clg400-1


================================================================
== Performance Estimates
================================================================
+ Timing: 
    * Summary: 
    +--------+----------+----------+------------+
    |  Clock |  Target  | Estimated| Uncertainty|
    +--------+----------+----------+------------+
    |ap_clk  |  10.00 ns|  7.300 ns|     2.70 ns|
    +--------+----------+----------+------------+

+ Latency: 
    * Summary: 
    +---------+---------+-----------+-----------+------+------+---------+
    |  Latency (cycles) |   Latency (absolute)  |   Interval  | Pipeline|
    |   min   |   max   |    min    |    max    |  min |  max |   Type  |
    +---------+---------+-----------+-----------+------+------+---------+
    |     1568|     1568|  15.680 us|  15.680 us|  1569|  1569|       no|
    +---------+---------+-----------+-----------+------+------+---------+

    + Detail: 
        * Instance: 
        N/A

        * Loop: 
        N/A

============================================================
+ Verbose Summary: Synthesis Manager
============================================================
InlineROM: 1
ExposeGlobal: 0
============================================================
+ Verbose Summary: CDFG Model
============================================================
IsTopModel: 1
ResetActiveHigh: 1
IsCombinational: 0
IsDatapathOnly: 0
HasWiredReturn: 1
HasMFsm: 0
HasVarLatency: 1
IsPipeline: 0
IsRtlPipelined: 0
IsInstanceOverlapped: 0
IsDontTouch: 0
HasImplIP: 0
IsGatedGlobalClock: 0


============================================================
+ Verbose Summary: Schedule
============================================================
* Number of FSM states : 8
* Pipeline : 0
* Dataflow Pipeline: 0

* FSM state transitions: 
1 --> 2 
2 --> 3 
3 --> 4 
4 --> 5 
5 --> 6 
6 --> 7 
7 --> 8 
8 --> 

* FSM state operations: 

State 1 <SV = 0> <Delay = 4.52>
ST_1 : Operation 9 [1/1] (1.00ns)   --->   "%val_r_read = read i64 @_ssdm_op_Read.s_axilite.i64, i64 %val_r" [linear_transformer.cpp:23]   --->   Operation 9 'read' 'val_r_read' <Predicate = true> <Delay = 1.00> <CoreInst = "s_axilite">   --->   Core 114 's_axilite' <Latency = 0> <II = 1> <Delay = 1.00> <Adapter> <Opcode : 'read' 'write'>
ST_1 : Operation 10 [1/1] (1.00ns)   --->   "%input_array_read = read i64 @_ssdm_op_Read.s_axilite.i64, i64 %input_array" [linear_transformer.cpp:23]   --->   Operation 10 'read' 'input_array_read' <Predicate = true> <Delay = 1.00> <CoreInst = "s_axilite">   --->   Core 114 's_axilite' <Latency = 0> <II = 1> <Delay = 1.00> <Adapter> <Opcode : 'read' 'write'>
ST_1 : Operation 11 [2/2] (3.52ns)   --->   "%result = call i32 @transformer_for_sample, i32 %gmem0, i64 %input_array_read, i32 %FRONT_LINEAR_WEIGHT_0, i32 %FRONT_LINEAR_WEIGHT_1, i32 %FRONT_LINEAR_BIAS, i32 %TRANSFORMER_ENCODER_LAYERS_0_SELF_ATTN_QUERY_MAT_WEIGHT_0, i32 %TRANSFORMER_ENCODER_LAYERS_0_SELF_ATTN_KEY_MAT_WEIGHT_0, i32 %TRANSFORMER_ENCODER_LAYERS_0_SELF_ATTN_VALUE_MAT_WEIGHT_0, i32 %TRANSFORMER_ENCODER_LAYERS_0_SELF_ATTN_QUERY_MAT_WEIGHT_1, i32 %TRANSFORMER_ENCODER_LAYERS_0_SELF_ATTN_KEY_MAT_WEIGHT_1, i32 %TRANSFORMER_ENCODER_LAYERS_0_SELF_ATTN_VALUE_MAT_WEIGHT_1, i32 %TRANSFORMER_ENCODER_LAYERS_0_SELF_ATTN_QUERY_MAT_WEIGHT_2, i32 %TRANSFORMER_ENCODER_LAYERS_0_SELF_ATTN_KEY_MAT_WEIGHT_2, i32 %TRANSFORMER_ENCODER_LAYERS_0_SELF_ATTN_VALUE_MAT_WEIGHT_2, i32 %TRANSFORMER_ENCODER_LAYERS_0_SELF_ATTN_QUERY_MAT_WEIGHT_3, i32 %TRANSFORMER_ENCODER_LAYERS_0_SELF_ATTN_KEY_MAT_WEIGHT_3, i32 %TRANSFORMER_ENCODER_LAYERS_0_SELF_ATTN_VALUE_MAT_WEIGHT_3, i32 %TRANSFORMER_ENCODER_LAYERS_0_SELF_ATTN_QUERY_MAT_WEIGHT_4, i32 %TRANSFORMER_ENCODER_LAYERS_0_SELF_ATTN_KEY_MAT_WEIGHT_4, i32 %TRANSFORMER_ENCODER_LAYERS_0_SELF_ATTN_VALUE_MAT_WEIGHT_4, i32 %TRANSFORMER_ENCODER_LAYERS_0_SELF_ATTN_QUERY_MAT_WEIGHT_5, i32 %TRANSFORMER_ENCODER_LAYERS_0_SELF_ATTN_KEY_MAT_WEIGHT_5, i32 %TRANSFORMER_ENCODER_LAYERS_0_SELF_ATTN_VALUE_MAT_WEIGHT_5, i32 %TRANSFORMER_ENCODER_LAYERS_0_SELF_ATTN_QUERY_MAT_WEIGHT_6, i32 %TRANSFORMER_ENCODER_LAYERS_0_SELF_ATTN_KEY_MAT_WEIGHT_6, i32 %TRANSFORMER_ENCODER_LAYERS_0_SELF_ATTN_VALUE_MAT_WEIGHT_6, i32 %TRANSFORMER_ENCODER_LAYERS_0_SELF_ATTN_QUERY_MAT_WEIGHT_7, i32 %TRANSFORMER_ENCODER_LAYERS_0_SELF_ATTN_KEY_MAT_WEIGHT_7, i32 %TRANSFORMER_ENCODER_LAYERS_0_SELF_ATTN_VALUE_MAT_WEIGHT_7, i32 %TRANSFORMER_ENCODER_LAYERS_0_SELF_ATTN_O_PROJ_WEIGHT_0, i32 %TRANSFORMER_ENCODER_LAYERS_0_SELF_ATTN_O_PROJ_WEIGHT_1, i32 %TRANSFORMER_ENCODER_LAYERS_0_SELF_ATTN_O_PROJ_WEIGHT_2, i32 %TRANSFORMER_ENCODER_LAYERS_0_SELF_ATTN_O_PROJ_WEIGHT_3, i32 %TRANSFORMER_ENCODER_LAYERS_0_SELF_ATTN_O_PROJ_WEIGHT_4, i32 %TRANSFORMER_ENCODER_LAYERS_0_SELF_ATTN_O_PROJ_WEIGHT_5, i32 %TRANSFORMER_ENCODER_LAYERS_0_SELF_ATTN_O_PROJ_WEIGHT_6, i32 %TRANSFORMER_ENCODER_LAYERS_0_SELF_ATTN_O_PROJ_WEIGHT_7, i32 %TRANSFORMER_ENCODER_LAYERS_0_SELF_ATTN_O_PROJ_BIAS, i32 %TRANSFORMER_ENCODER_LAYERS_0_LINEAR_NET_0_WEIGHT_0, i32 %TRANSFORMER_ENCODER_LAYERS_0_LINEAR_NET_0_WEIGHT_1, i32 %TRANSFORMER_ENCODER_LAYERS_0_LINEAR_NET_0_WEIGHT_2, i32 %TRANSFORMER_ENCODER_LAYERS_0_LINEAR_NET_0_WEIGHT_3, i32 %TRANSFORMER_ENCODER_LAYERS_0_LINEAR_NET_0_WEIGHT_4, i32 %TRANSFORMER_ENCODER_LAYERS_0_LINEAR_NET_0_WEIGHT_5, i32 %TRANSFORMER_ENCODER_LAYERS_0_LINEAR_NET_0_WEIGHT_6, i32 %TRANSFORMER_ENCODER_LAYERS_0_LINEAR_NET_0_WEIGHT_7, i32 %TRANSFORMER_ENCODER_LAYERS_0_LINEAR_NET_0_BIAS, i32 %TRANSFORMER_ENCODER_LAYERS_0_LINEAR_NET_3_WEIGHT_0, i32 %TRANSFORMER_ENCODER_LAYERS_0_LINEAR_NET_3_WEIGHT_1, i32 %TRANSFORMER_ENCODER_LAYERS_0_LINEAR_NET_3_WEIGHT_2, i32 %TRANSFORMER_ENCODER_LAYERS_0_LINEAR_NET_3_WEIGHT_3, i32 %TRANSFORMER_ENCODER_LAYERS_0_LINEAR_NET_3_WEIGHT_4, i32 %TRANSFORMER_ENCODER_LAYERS_0_LINEAR_NET_3_WEIGHT_5, i32 %TRANSFORMER_ENCODER_LAYERS_0_LINEAR_NET_3_WEIGHT_6, i32 %TRANSFORMER_ENCODER_LAYERS_0_LINEAR_NET_3_WEIGHT_7, i32 %TRANSFORMER_ENCODER_LAYERS_0_LINEAR_NET_3_WEIGHT_8, i32 %TRANSFORMER_ENCODER_LAYERS_0_LINEAR_NET_3_WEIGHT_9, i32 %TRANSFORMER_ENCODER_LAYERS_0_LINEAR_NET_3_WEIGHT_10, i32 %TRANSFORMER_ENCODER_LAYERS_0_LINEAR_NET_3_WEIGHT_11, i32 %TRANSFORMER_ENCODER_LAYERS_0_LINEAR_NET_3_WEIGHT_12, i32 %TRANSFORMER_ENCODER_LAYERS_0_LINEAR_NET_3_WEIGHT_13, i32 %TRANSFORMER_ENCODER_LAYERS_0_LINEAR_NET_3_WEIGHT_14, i32 %TRANSFORMER_ENCODER_LAYERS_0_LINEAR_NET_3_WEIGHT_15, i32 %TRANSFORMER_ENCODER_LAYERS_0_LINEAR_NET_3_BIAS" [linear_transformer.cpp:31]   --->   Operation 11 'call' 'result' <Predicate = true> <Delay = 3.52> <CoreType = "Generic">   --->   Core 0 '' <Latency = 0> <II = 1> <Delay = 1.00> <Generic> <Opcode : >
ST_1 : Operation 12 [1/1] (0.00ns)   --->   "%trunc_ln = partselect i62 @_ssdm_op_PartSelect.i62.i64.i32.i32, i64 %val_r_read, i32 2, i32 63" [linear_transformer.cpp:32]   --->   Operation 12 'partselect' 'trunc_ln' <Predicate = true> <Delay = 0.00>
ST_1 : Operation 13 [1/1] (0.00ns)   --->   "%sext_ln32 = sext i62 %trunc_ln" [linear_transformer.cpp:32]   --->   Operation 13 'sext' 'sext_ln32' <Predicate = true> <Delay = 0.00>
ST_1 : Operation 14 [1/1] (0.00ns)   --->   "%gmem1_addr = getelementptr i32 %gmem1, i64 %sext_ln32" [linear_transformer.cpp:32]   --->   Operation 14 'getelementptr' 'gmem1_addr' <Predicate = true> <Delay = 0.00>

State 2 <SV = 1> <Delay = 7.30>
ST_2 : Operation 15 [1/2] (2.32ns)   --->   "%result = call i32 @transformer_for_sample, i32 %gmem0, i64 %input_array_read, i32 %FRONT_LINEAR_WEIGHT_0, i32 %FRONT_LINEAR_WEIGHT_1, i32 %FRONT_LINEAR_BIAS, i32 %TRANSFORMER_ENCODER_LAYERS_0_SELF_ATTN_QUERY_MAT_WEIGHT_0, i32 %TRANSFORMER_ENCODER_LAYERS_0_SELF_ATTN_KEY_MAT_WEIGHT_0, i32 %TRANSFORMER_ENCODER_LAYERS_0_SELF_ATTN_VALUE_MAT_WEIGHT_0, i32 %TRANSFORMER_ENCODER_LAYERS_0_SELF_ATTN_QUERY_MAT_WEIGHT_1, i32 %TRANSFORMER_ENCODER_LAYERS_0_SELF_ATTN_KEY_MAT_WEIGHT_1, i32 %TRANSFORMER_ENCODER_LAYERS_0_SELF_ATTN_VALUE_MAT_WEIGHT_1, i32 %TRANSFORMER_ENCODER_LAYERS_0_SELF_ATTN_QUERY_MAT_WEIGHT_2, i32 %TRANSFORMER_ENCODER_LAYERS_0_SELF_ATTN_KEY_MAT_WEIGHT_2, i32 %TRANSFORMER_ENCODER_LAYERS_0_SELF_ATTN_VALUE_MAT_WEIGHT_2, i32 %TRANSFORMER_ENCODER_LAYERS_0_SELF_ATTN_QUERY_MAT_WEIGHT_3, i32 %TRANSFORMER_ENCODER_LAYERS_0_SELF_ATTN_KEY_MAT_WEIGHT_3, i32 %TRANSFORMER_ENCODER_LAYERS_0_SELF_ATTN_VALUE_MAT_WEIGHT_3, i32 %TRANSFORMER_ENCODER_LAYERS_0_SELF_ATTN_QUERY_MAT_WEIGHT_4, i32 %TRANSFORMER_ENCODER_LAYERS_0_SELF_ATTN_KEY_MAT_WEIGHT_4, i32 %TRANSFORMER_ENCODER_LAYERS_0_SELF_ATTN_VALUE_MAT_WEIGHT_4, i32 %TRANSFORMER_ENCODER_LAYERS_0_SELF_ATTN_QUERY_MAT_WEIGHT_5, i32 %TRANSFORMER_ENCODER_LAYERS_0_SELF_ATTN_KEY_MAT_WEIGHT_5, i32 %TRANSFORMER_ENCODER_LAYERS_0_SELF_ATTN_VALUE_MAT_WEIGHT_5, i32 %TRANSFORMER_ENCODER_LAYERS_0_SELF_ATTN_QUERY_MAT_WEIGHT_6, i32 %TRANSFORMER_ENCODER_LAYERS_0_SELF_ATTN_KEY_MAT_WEIGHT_6, i32 %TRANSFORMER_ENCODER_LAYERS_0_SELF_ATTN_VALUE_MAT_WEIGHT_6, i32 %TRANSFORMER_ENCODER_LAYERS_0_SELF_ATTN_QUERY_MAT_WEIGHT_7, i32 %TRANSFORMER_ENCODER_LAYERS_0_SELF_ATTN_KEY_MAT_WEIGHT_7, i32 %TRANSFORMER_ENCODER_LAYERS_0_SELF_ATTN_VALUE_MAT_WEIGHT_7, i32 %TRANSFORMER_ENCODER_LAYERS_0_SELF_ATTN_O_PROJ_WEIGHT_0, i32 %TRANSFORMER_ENCODER_LAYERS_0_SELF_ATTN_O_PROJ_WEIGHT_1, i32 %TRANSFORMER_ENCODER_LAYERS_0_SELF_ATTN_O_PROJ_WEIGHT_2, i32 %TRANSFORMER_ENCODER_LAYERS_0_SELF_ATTN_O_PROJ_WEIGHT_3, i32 %TRANSFORMER_ENCODER_LAYERS_0_SELF_ATTN_O_PROJ_WEIGHT_4, i32 %TRANSFORMER_ENCODER_LAYERS_0_SELF_ATTN_O_PROJ_WEIGHT_5, i32 %TRANSFORMER_ENCODER_LAYERS_0_SELF_ATTN_O_PROJ_WEIGHT_6, i32 %TRANSFORMER_ENCODER_LAYERS_0_SELF_ATTN_O_PROJ_WEIGHT_7, i32 %TRANSFORMER_ENCODER_LAYERS_0_SELF_ATTN_O_PROJ_BIAS, i32 %TRANSFORMER_ENCODER_LAYERS_0_LINEAR_NET_0_WEIGHT_0, i32 %TRANSFORMER_ENCODER_LAYERS_0_LINEAR_NET_0_WEIGHT_1, i32 %TRANSFORMER_ENCODER_LAYERS_0_LINEAR_NET_0_WEIGHT_2, i32 %TRANSFORMER_ENCODER_LAYERS_0_LINEAR_NET_0_WEIGHT_3, i32 %TRANSFORMER_ENCODER_LAYERS_0_LINEAR_NET_0_WEIGHT_4, i32 %TRANSFORMER_ENCODER_LAYERS_0_LINEAR_NET_0_WEIGHT_5, i32 %TRANSFORMER_ENCODER_LAYERS_0_LINEAR_NET_0_WEIGHT_6, i32 %TRANSFORMER_ENCODER_LAYERS_0_LINEAR_NET_0_WEIGHT_7, i32 %TRANSFORMER_ENCODER_LAYERS_0_LINEAR_NET_0_BIAS, i32 %TRANSFORMER_ENCODER_LAYERS_0_LINEAR_NET_3_WEIGHT_0, i32 %TRANSFORMER_ENCODER_LAYERS_0_LINEAR_NET_3_WEIGHT_1, i32 %TRANSFORMER_ENCODER_LAYERS_0_LINEAR_NET_3_WEIGHT_2, i32 %TRANSFORMER_ENCODER_LAYERS_0_LINEAR_NET_3_WEIGHT_3, i32 %TRANSFORMER_ENCODER_LAYERS_0_LINEAR_NET_3_WEIGHT_4, i32 %TRANSFORMER_ENCODER_LAYERS_0_LINEAR_NET_3_WEIGHT_5, i32 %TRANSFORMER_ENCODER_LAYERS_0_LINEAR_NET_3_WEIGHT_6, i32 %TRANSFORMER_ENCODER_LAYERS_0_LINEAR_NET_3_WEIGHT_7, i32 %TRANSFORMER_ENCODER_LAYERS_0_LINEAR_NET_3_WEIGHT_8, i32 %TRANSFORMER_ENCODER_LAYERS_0_LINEAR_NET_3_WEIGHT_9, i32 %TRANSFORMER_ENCODER_LAYERS_0_LINEAR_NET_3_WEIGHT_10, i32 %TRANSFORMER_ENCODER_LAYERS_0_LINEAR_NET_3_WEIGHT_11, i32 %TRANSFORMER_ENCODER_LAYERS_0_LINEAR_NET_3_WEIGHT_12, i32 %TRANSFORMER_ENCODER_LAYERS_0_LINEAR_NET_3_WEIGHT_13, i32 %TRANSFORMER_ENCODER_LAYERS_0_LINEAR_NET_3_WEIGHT_14, i32 %TRANSFORMER_ENCODER_LAYERS_0_LINEAR_NET_3_WEIGHT_15, i32 %TRANSFORMER_ENCODER_LAYERS_0_LINEAR_NET_3_BIAS" [linear_transformer.cpp:31]   --->   Operation 15 'call' 'result' <Predicate = true> <Delay = 2.32> <CoreType = "Generic">   --->   Core 0 '' <Latency = 0> <II = 1> <Delay = 1.00> <Generic> <Opcode : >
ST_2 : Operation 16 [1/1] (7.30ns)   --->   "%gmem1_addr_req = writereq i1 @_ssdm_op_WriteReq.m_axi.i32P1A, i32 %gmem1_addr, i32 1" [linear_transformer.cpp:32]   --->   Operation 16 'writereq' 'gmem1_addr_req' <Predicate = true> <Delay = 7.30> <CoreInst = "m_axi">   --->   Core 113 'm_axi' <Latency = 0> <II = 1> <Delay = 1.00> <Adapter> <Opcode : 'read' 'write' 'readreq' 'writereq' 'writeresp'>

State 3 <SV = 2> <Delay = 7.30>
ST_3 : Operation 17 [1/1] (0.00ns)   --->   "%bitcast_ln32 = bitcast i32 %result" [linear_transformer.cpp:32]   --->   Operation 17 'bitcast' 'bitcast_ln32' <Predicate = true> <Delay = 0.00>
ST_3 : Operation 18 [1/1] (7.30ns)   --->   "%write_ln32 = write void @_ssdm_op_Write.m_axi.volatile.i32P1A, i32 %gmem1_addr, i32 %bitcast_ln32, i4 15" [linear_transformer.cpp:32]   --->   Operation 18 'write' 'write_ln32' <Predicate = true> <Delay = 7.30> <CoreInst = "m_axi">   --->   Core 113 'm_axi' <Latency = 0> <II = 1> <Delay = 1.00> <Adapter> <Opcode : 'read' 'write' 'readreq' 'writereq' 'writeresp'>

State 4 <SV = 3> <Delay = 7.30>
ST_4 : Operation 19 [5/5] (7.30ns)   --->   "%gmem1_addr_resp = writeresp i1 @_ssdm_op_WriteResp.m_axi.i32P1A, i32 %gmem1_addr" [linear_transformer.cpp:32]   --->   Operation 19 'writeresp' 'gmem1_addr_resp' <Predicate = true> <Delay = 7.30> <CoreInst = "m_axi">   --->   Core 113 'm_axi' <Latency = 0> <II = 1> <Delay = 1.00> <Adapter> <Opcode : 'read' 'write' 'readreq' 'writereq' 'writeresp'>

State 5 <SV = 4> <Delay = 7.30>
ST_5 : Operation 20 [4/5] (7.30ns)   --->   "%gmem1_addr_resp = writeresp i1 @_ssdm_op_WriteResp.m_axi.i32P1A, i32 %gmem1_addr" [linear_transformer.cpp:32]   --->   Operation 20 'writeresp' 'gmem1_addr_resp' <Predicate = true> <Delay = 7.30> <CoreInst = "m_axi">   --->   Core 113 'm_axi' <Latency = 0> <II = 1> <Delay = 1.00> <Adapter> <Opcode : 'read' 'write' 'readreq' 'writereq' 'writeresp'>

State 6 <SV = 5> <Delay = 7.30>
ST_6 : Operation 21 [3/5] (7.30ns)   --->   "%gmem1_addr_resp = writeresp i1 @_ssdm_op_WriteResp.m_axi.i32P1A, i32 %gmem1_addr" [linear_transformer.cpp:32]   --->   Operation 21 'writeresp' 'gmem1_addr_resp' <Predicate = true> <Delay = 7.30> <CoreInst = "m_axi">   --->   Core 113 'm_axi' <Latency = 0> <II = 1> <Delay = 1.00> <Adapter> <Opcode : 'read' 'write' 'readreq' 'writereq' 'writeresp'>

State 7 <SV = 6> <Delay = 7.30>
ST_7 : Operation 22 [2/5] (7.30ns)   --->   "%gmem1_addr_resp = writeresp i1 @_ssdm_op_WriteResp.m_axi.i32P1A, i32 %gmem1_addr" [linear_transformer.cpp:32]   --->   Operation 22 'writeresp' 'gmem1_addr_resp' <Predicate = true> <Delay = 7.30> <CoreInst = "m_axi">   --->   Core 113 'm_axi' <Latency = 0> <II = 1> <Delay = 1.00> <Adapter> <Opcode : 'read' 'write' 'readreq' 'writereq' 'writeresp'>

State 8 <SV = 7> <Delay = 7.30>
ST_8 : Operation 23 [1/1] (0.00ns)   --->   "%spectopmodule_ln23 = spectopmodule void @_ssdm_op_SpecTopModule, void @empty_9" [linear_transformer.cpp:23]   --->   Operation 23 'spectopmodule' 'spectopmodule_ln23' <Predicate = true> <Delay = 0.00>
ST_8 : Operation 24 [1/1] (0.00ns)   --->   "%specinterface_ln0 = specinterface void @_ssdm_op_SpecInterface, i32 %gmem0, void @empty_2, i32 0, i32 0, void @empty_3, i32 0, i32 16, void @empty_4, void @empty_5, void @empty_3, i32 16, i32 16, i32 16, i32 16, void @empty_3, void @empty_3, i32 4294967295, i32 0"   --->   Operation 24 'specinterface' 'specinterface_ln0' <Predicate = true> <Delay = 0.00>
ST_8 : Operation 25 [1/1] (0.00ns)   --->   "%specbitsmap_ln0 = specbitsmap void @_ssdm_op_SpecBitsMap, i32 %gmem0"   --->   Operation 25 'specbitsmap' 'specbitsmap_ln0' <Predicate = true> <Delay = 0.00>
ST_8 : Operation 26 [1/1] (0.00ns)   --->   "%specinterface_ln0 = specinterface void @_ssdm_op_SpecInterface, i32 %gmem1, void @empty_2, i32 0, i32 0, void @empty_3, i32 0, i32 1, void @empty_12, void @empty_5, void @empty_3, i32 16, i32 16, i32 16, i32 16, void @empty_3, void @empty_3, i32 4294967295, i32 0"   --->   Operation 26 'specinterface' 'specinterface_ln0' <Predicate = true> <Delay = 0.00>
ST_8 : Operation 27 [1/1] (0.00ns)   --->   "%specbitsmap_ln0 = specbitsmap void @_ssdm_op_SpecBitsMap, i32 %gmem1"   --->   Operation 27 'specbitsmap' 'specbitsmap_ln0' <Predicate = true> <Delay = 0.00>
ST_8 : Operation 28 [1/1] (0.00ns)   --->   "%specinterface_ln0 = specinterface void @_ssdm_op_SpecInterface, i64 %input_array, void @empty_1, i32 0, i32 0, void @empty_3, i32 0, i32 0, void @empty_6, void @empty_21, void @empty_3, i32 0, i32 0, i32 0, i32 0, void @empty_3, void @empty_10, i32 4294967295, i32 0"   --->   Operation 28 'specinterface' 'specinterface_ln0' <Predicate = true> <Delay = 0.00>
ST_8 : Operation 29 [1/1] (0.00ns)   --->   "%specinterface_ln0 = specinterface void @_ssdm_op_SpecInterface, i64 %input_array, void @empty_7, i32 0, i32 0, void @empty_3, i32 0, i32 0, void @empty_3, void @empty_3, void @empty_3, i32 0, i32 0, i32 0, i32 0, void @empty_3, void @empty_10, i32 4294967295, i32 0"   --->   Operation 29 'specinterface' 'specinterface_ln0' <Predicate = true> <Delay = 0.00>
ST_8 : Operation 30 [1/1] (0.00ns)   --->   "%specinterface_ln0 = specinterface void @_ssdm_op_SpecInterface, i64 %val_r, void @empty_1, i32 0, i32 0, void @empty_3, i32 0, i32 0, void @empty_6, void @empty_8, void @empty_3, i32 0, i32 0, i32 0, i32 0, void @empty_3, void @empty_10, i32 4294967295, i32 0"   --->   Operation 30 'specinterface' 'specinterface_ln0' <Predicate = true> <Delay = 0.00>
ST_8 : Operation 31 [1/1] (0.00ns)   --->   "%specinterface_ln0 = specinterface void @_ssdm_op_SpecInterface, i64 %val_r, void @empty_7, i32 0, i32 0, void @empty_3, i32 0, i32 0, void @empty_3, void @empty_3, void @empty_3, i32 0, i32 0, i32 0, i32 0, void @empty_3, void @empty_10, i32 4294967295, i32 0"   --->   Operation 31 'specinterface' 'specinterface_ln0' <Predicate = true> <Delay = 0.00>
ST_8 : Operation 32 [1/1] (0.00ns)   --->   "%specinterface_ln0 = specinterface void @_ssdm_op_SpecInterface, i32 0, void @empty_1, i32 0, i32 0, void @empty_3, i32 0, i32 0, void @empty_6, void @empty_3, void @empty_3, i32 0, i32 0, i32 0, i32 0, void @empty_3, void @empty_3, i32 4294967295, i32 0"   --->   Operation 32 'specinterface' 'specinterface_ln0' <Predicate = true> <Delay = 0.00>
ST_8 : Operation 33 [1/5] (7.30ns)   --->   "%gmem1_addr_resp = writeresp i1 @_ssdm_op_WriteResp.m_axi.i32P1A, i32 %gmem1_addr" [linear_transformer.cpp:32]   --->   Operation 33 'writeresp' 'gmem1_addr_resp' <Predicate = true> <Delay = 7.30> <CoreInst = "m_axi">   --->   Core 113 'm_axi' <Latency = 0> <II = 1> <Delay = 1.00> <Adapter> <Opcode : 'read' 'write' 'readreq' 'writereq' 'writeresp'>
ST_8 : Operation 34 [1/1] (0.00ns)   --->   "%ret_ln33 = ret" [linear_transformer.cpp:33]   --->   Operation 34 'ret' 'ret_ln33' <Predicate = true> <Delay = 0.00>


============================================================
+ Verbose Summary: Timing violations
============================================================
Target clock period: 10ns, clock uncertainty: 2.7ns.

 <State 1>: 4.52ns
The critical path consists of the following:
	s_axi read operation ('input_array', linear_transformer.cpp:23) on port 'input_array' (linear_transformer.cpp:23) [78]  (1 ns)
	'call' operation ('result', linear_transformer.cpp:31) to 'transformer_for_sample' [79]  (3.52 ns)

 <State 2>: 7.3ns
The critical path consists of the following:
	bus request operation ('gmem1_addr_req', linear_transformer.cpp:32) on port 'gmem1' (linear_transformer.cpp:32) [84]  (7.3 ns)

 <State 3>: 7.3ns
The critical path consists of the following:
	bus write operation ('write_ln32', linear_transformer.cpp:32) on port 'gmem1' (linear_transformer.cpp:32) [85]  (7.3 ns)

 <State 4>: 7.3ns
The critical path consists of the following:
	bus response operation ('gmem1_addr_resp', linear_transformer.cpp:32) on port 'gmem1' (linear_transformer.cpp:32) [86]  (7.3 ns)

 <State 5>: 7.3ns
The critical path consists of the following:
	bus response operation ('gmem1_addr_resp', linear_transformer.cpp:32) on port 'gmem1' (linear_transformer.cpp:32) [86]  (7.3 ns)

 <State 6>: 7.3ns
The critical path consists of the following:
	bus response operation ('gmem1_addr_resp', linear_transformer.cpp:32) on port 'gmem1' (linear_transformer.cpp:32) [86]  (7.3 ns)

 <State 7>: 7.3ns
The critical path consists of the following:
	bus response operation ('gmem1_addr_resp', linear_transformer.cpp:32) on port 'gmem1' (linear_transformer.cpp:32) [86]  (7.3 ns)

 <State 8>: 7.3ns
The critical path consists of the following:
	bus response operation ('gmem1_addr_resp', linear_transformer.cpp:32) on port 'gmem1' (linear_transformer.cpp:32) [86]  (7.3 ns)


============================================================
+ Verbose Summary: Binding
============================================================
N/A
* FSMD analyzer results:
  - Output states:
 - Input state : 
  - Chain level:
	State 1
	State 2
	State 3
	State 4
	State 5
	State 6
	State 7
	State 8


============================================================
+ Verbose Summary: Datapath Resource usage 
============================================================
N/A
