

================================================================
== Vitis HLS Report for 'transformer_for_sample_Pipeline_front_linear_i_front_linear_j'
================================================================
* Date:           Tue May 19 20:30:17 2026

* Version:        2022.2 (Build 3670227 on Oct 13 2022)
* Project:        linear_transformer_hls
* Solution:       solution1 (Vivado IP Flow Target)
* Product family: zynq
* Target device:  xc7z020-clg400-1


================================================================
== Performance Estimates
================================================================
+ Timing: 
    * Summary: 
    +--------+----------+----------+------------+
    |  Clock |  Target  | Estimated| Uncertainty|
    +--------+----------+----------+------------+
    |ap_clk  |  10.00 ns|  7.300 ns|     2.70 ns|
    +--------+----------+----------+------------+

+ Latency: 
    * Summary: 
    +---------+---------+----------+----------+-----+-----+---------+
    |  Latency (cycles) |  Latency (absolute) |  Interval | Pipeline|
    |   min   |   max   |    min   |    max   | min | max |   Type  |
    +---------+---------+----------+----------+-----+-----+---------+
    |      156|      156|  1.560 us|  1.560 us|  156|  156|       no|
    +---------+---------+----------+----------+-----+-----+---------+

    + Detail: 
        * Instance: 
        N/A

        * Loop: 
        +---------------------------------+---------+---------+----------+-----------+-----------+------+----------+
        |                                 |  Latency (cycles) | Iteration|  Initiation Interval  | Trip |          |
        |            Loop Name            |   min   |   max   |  Latency |  achieved |   target  | Count| Pipelined|
        +---------------------------------+---------+---------+----------+-----------+-----------+------+----------+
        |- front_linear_i_front_linear_j  |      154|      154|        29|          2|          1|    64|       yes|
        +---------------------------------+---------+---------+----------+-----------+-----------+------+----------+

============================================================
+ Verbose Summary: Synthesis Manager
============================================================
InlineROM: 1
ExposeGlobal: 0
============================================================
+ Verbose Summary: CDFG Model
============================================================
IsTopModel: 0
ResetActiveHigh: 1
IsCombinational: 0
IsDatapathOnly: 0
HasWiredReturn: 1
HasMFsm: 2
HasVarLatency: 1
IsPipeline: 0
IsRtlPipelined: 0
IsInstanceOverlapped: 0
IsDontTouch: 0
HasImplIP: 0
IsGatedGlobalClock: 0

+ Individual pipeline summary: 
  * Pipeline-0: initiation interval (II) = 2, depth = 29


============================================================
+ Verbose Summary: Schedule
============================================================
* Number of FSM states : 29
* Pipeline : 1
  Pipeline-0 : II = 2, D = 29, States = { 1 2 3 4 5 6 7 8 9 10 11 12 13 14 15 16 17 18 19 20 21 22 23 24 25 26 27 28 29 }
* Dataflow Pipeline: 0

* FSM state transitions: 
1 --> 2 
2 --> 3 
3 --> 4 
4 --> 5 
5 --> 6 
6 --> 7 
7 --> 8 
8 --> 9 
9 --> 10 
10 --> 11 
11 --> 12 
12 --> 13 
13 --> 14 
14 --> 15 
15 --> 16 
16 --> 17 
17 --> 18 
18 --> 19 
19 --> 20 
20 --> 21 
21 --> 22 
22 --> 23 
23 --> 24 
24 --> 25 
25 --> 26 
26 --> 27 
27 --> 28 
28 --> 29 
29 --> 

* FSM state operations: 

State 1 <SV = 0> <Delay = 6.27>
ST_1 : Operation 32 [1/1] (0.00ns)   --->   "%j = alloca i32 1"   --->   Operation 32 'alloca' 'j' <Predicate = true> <Delay = 0.00>
ST_1 : Operation 33 [1/1] (0.00ns)   --->   "%i = alloca i32 1"   --->   Operation 33 'alloca' 'i' <Predicate = true> <Delay = 0.00>
ST_1 : Operation 34 [1/1] (0.00ns)   --->   "%indvar_flatten = alloca i32 1"   --->   Operation 34 'alloca' 'indvar_flatten' <Predicate = true> <Delay = 0.00>
ST_1 : Operation 35 [1/1] (0.00ns)   --->   "%specinterface_ln0 = specinterface void @_ssdm_op_SpecInterface, i32 %gmem0, void @empty_2, i32 0, i32 0, void @empty_3, i32 0, i32 16, void @empty_4, void @empty_5, void @empty_3, i32 16, i32 16, i32 16, i32 16, void @empty_3, void @empty_3, i32 4294967295, i32 0"   --->   Operation 35 'specinterface' 'specinterface_ln0' <Predicate = true> <Delay = 0.00>
ST_1 : Operation 36 [1/1] (0.00ns)   --->   "%input_array_read = read i64 @_ssdm_op_Read.ap_auto.i64, i64 %input_array"   --->   Operation 36 'read' 'input_array_read' <Predicate = true> <Delay = 0.00>
ST_1 : Operation 37 [1/1] (1.58ns)   --->   "%store_ln0 = store i7 0, i7 %indvar_flatten"   --->   Operation 37 'store' 'store_ln0' <Predicate = true> <Delay = 1.58>
ST_1 : Operation 38 [1/1] (1.58ns)   --->   "%store_ln0 = store i4 0, i4 %i"   --->   Operation 38 'store' 'store_ln0' <Predicate = true> <Delay = 1.58>
ST_1 : Operation 39 [1/1] (1.58ns)   --->   "%store_ln0 = store i4 0, i4 %j"   --->   Operation 39 'store' 'store_ln0' <Predicate = true> <Delay = 1.58>
ST_1 : Operation 40 [1/1] (0.00ns)   --->   "%br_ln0 = br void %front_linear_k"   --->   Operation 40 'br' 'br_ln0' <Predicate = true> <Delay = 0.00>
ST_1 : Operation 41 [1/1] (0.00ns)   --->   "%indvar_flatten_load = load i7 %indvar_flatten" [linear_transformer.cpp:54]   --->   Operation 41 'load' 'indvar_flatten_load' <Predicate = true> <Delay = 0.00>
ST_1 : Operation 42 [1/1] (0.00ns)   --->   "%specpipeline_ln0 = specpipeline void @_ssdm_op_SpecPipeline, i32 4294967295, i32 0, i32 1, i32 0, void @p_str"   --->   Operation 42 'specpipeline' 'specpipeline_ln0' <Predicate = true> <Delay = 0.00>
ST_1 : Operation 43 [1/1] (1.48ns)   --->   "%icmp_ln54 = icmp_eq  i7 %indvar_flatten_load, i7 64" [linear_transformer.cpp:54]   --->   Operation 43 'icmp' 'icmp_ln54' <Predicate = true> <Delay = 1.48> <CoreInst = "Cmp">   --->   Core 9 'Cmp' <Latency = 0> <II = 1> <Delay = 1.48> <FuncUnit> <Opcode : 'icmp'> <InPorts = 2> <OutPorts = 1>
ST_1 : Operation 44 [1/1] (1.87ns)   --->   "%add_ln54 = add i7 %indvar_flatten_load, i7 1" [linear_transformer.cpp:54]   --->   Operation 44 'add' 'add_ln54' <Predicate = true> <Delay = 1.87> <CoreInst = "Adder">   --->   Core 1 'Adder' <Latency = 0> <II = 1> <Delay = 1.87> <FuncUnit> <Opcode : 'add' 'sub'> <InPorts = 2> <OutPorts = 1>
ST_1 : Operation 45 [1/1] (0.00ns)   --->   "%br_ln54 = br i1 %icmp_ln54, void %for.inc25, void %qkv_k.preheader.exitStub" [linear_transformer.cpp:54]   --->   Operation 45 'br' 'br_ln54' <Predicate = true> <Delay = 0.00>
ST_1 : Operation 46 [1/1] (0.00ns)   --->   "%j_load = load i4 %j" [linear_transformer.cpp:56]   --->   Operation 46 'load' 'j_load' <Predicate = (!icmp_ln54)> <Delay = 0.00>
ST_1 : Operation 47 [1/1] (0.00ns)   --->   "%i_load = load i4 %i" [linear_transformer.cpp:54]   --->   Operation 47 'load' 'i_load' <Predicate = (!icmp_ln54)> <Delay = 0.00>
ST_1 : Operation 48 [1/1] (1.30ns)   --->   "%icmp_ln56 = icmp_eq  i4 %j_load, i4 8" [linear_transformer.cpp:56]   --->   Operation 48 'icmp' 'icmp_ln56' <Predicate = (!icmp_ln54)> <Delay = 1.30> <CoreInst = "Cmp">   --->   Core 9 'Cmp' <Latency = 0> <II = 1> <Delay = 1.30> <FuncUnit> <Opcode : 'icmp'> <InPorts = 2> <OutPorts = 1>
ST_1 : Operation 49 [1/1] (1.73ns)   --->   "%add_ln54_3 = add i4 %i_load, i4 1" [linear_transformer.cpp:54]   --->   Operation 49 'add' 'add_ln54_3' <Predicate = (!icmp_ln54)> <Delay = 1.73> <CoreInst = "Adder">   --->   Core 1 'Adder' <Latency = 0> <II = 1> <Delay = 1.73> <FuncUnit> <Opcode : 'add' 'sub'> <InPorts = 2> <OutPorts = 1>
ST_1 : Operation 50 [1/1] (1.02ns)   --->   "%select_ln54_1 = select i1 %icmp_ln56, i4 %add_ln54_3, i4 %i_load" [linear_transformer.cpp:54]   --->   Operation 50 'select' 'select_ln54_1' <Predicate = (!icmp_ln54)> <Delay = 1.02> <CoreInst = "Sel">   --->   Core 73 'Sel' <Latency = 0> <II = 1> <Delay = 1.02> <FuncUnit> <Opcode : 'select'> <InPorts = 3> <OutPorts = 1>
ST_1 : Operation 51 [1/1] (0.00ns)   --->   "%trunc_ln54 = trunc i4 %select_ln54_1" [linear_transformer.cpp:54]   --->   Operation 51 'trunc' 'trunc_ln54' <Predicate = (!icmp_ln54)> <Delay = 0.00>
ST_1 : Operation 52 [1/1] (0.00ns)   --->   "%p_mid2 = bitconcatenate i6 @_ssdm_op_BitConcatenate.i6.i3.i3, i3 %trunc_ln54, i3 0" [linear_transformer.cpp:54]   --->   Operation 52 'bitconcatenate' 'p_mid2' <Predicate = (!icmp_ln54)> <Delay = 0.00>
ST_1 : Operation 53 [1/1] (0.00ns)   --->   "%zext_ln54 = zext i6 %p_mid2" [linear_transformer.cpp:54]   --->   Operation 53 'zext' 'zext_ln54' <Predicate = (!icmp_ln54)> <Delay = 0.00>
ST_1 : Operation 54 [1/1] (3.52ns)   --->   "%add_ln54_1 = add i64 %zext_ln54, i64 %input_array_read" [linear_transformer.cpp:54]   --->   Operation 54 'add' 'add_ln54_1' <Predicate = (!icmp_ln54)> <Delay = 3.52> <CoreInst = "Adder">   --->   Core 1 'Adder' <Latency = 0> <II = 1> <Delay = 3.52> <FuncUnit> <Opcode : 'add' 'sub'> <InPorts = 2> <OutPorts = 1>
ST_1 : Operation 55 [1/1] (0.00ns)   --->   "%sext_ln60_mid2_v = partselect i62 @_ssdm_op_PartSelect.i62.i64.i32.i32, i64 %add_ln54_1, i32 2, i32 63" [linear_transformer.cpp:54]   --->   Operation 55 'partselect' 'sext_ln60_mid2_v' <Predicate = (!icmp_ln54)> <Delay = 0.00>
ST_1 : Operation 56 [1/1] (0.00ns)   --->   "%sext_ln54 = sext i62 %sext_ln60_mid2_v" [linear_transformer.cpp:54]   --->   Operation 56 'sext' 'sext_ln54' <Predicate = (!icmp_ln54)> <Delay = 0.00>
ST_1 : Operation 57 [1/1] (0.00ns)   --->   "%gmem0_addr = getelementptr i32 %gmem0, i64 %sext_ln54" [linear_transformer.cpp:60]   --->   Operation 57 'getelementptr' 'gmem0_addr' <Predicate = (!icmp_ln54)> <Delay = 0.00>
ST_1 : Operation 58 [1/1] (1.58ns)   --->   "%store_ln56 = store i7 %add_ln54, i7 %indvar_flatten" [linear_transformer.cpp:56]   --->   Operation 58 'store' 'store_ln56' <Predicate = (!icmp_ln54)> <Delay = 1.58>
ST_1 : Operation 59 [1/1] (1.58ns)   --->   "%store_ln56 = store i4 %select_ln54_1, i4 %i" [linear_transformer.cpp:56]   --->   Operation 59 'store' 'store_ln56' <Predicate = (!icmp_ln54)> <Delay = 1.58>

State 2 <SV = 1> <Delay = 7.30>
ST_2 : Operation 60 [1/1] (1.02ns)   --->   "%select_ln54 = select i1 %icmp_ln56, i4 0, i4 %j_load" [linear_transformer.cpp:54]   --->   Operation 60 'select' 'select_ln54' <Predicate = (!icmp_ln54)> <Delay = 1.02> <CoreInst = "Sel">   --->   Core 73 'Sel' <Latency = 0> <II = 1> <Delay = 1.02> <FuncUnit> <Opcode : 'select'> <InPorts = 3> <OutPorts = 1>
ST_2 : Operation 61 [1/1] (0.00ns) (grouped into LUT with out node add_ln54_2)   --->   "%shl_ln54 = shl i4 %select_ln54_1, i4 1" [linear_transformer.cpp:54]   --->   Operation 61 'shl' 'shl_ln54' <Predicate = (!icmp_ln54)> <Delay = 0.00>
ST_2 : Operation 62 [1/1] (0.00ns) (grouped into LUT with out node add_ln54_2)   --->   "%or_ln54 = or i4 %shl_ln54, i4 1" [linear_transformer.cpp:54]   --->   Operation 62 'or' 'or_ln54' <Predicate = (!icmp_ln54)> <Delay = 0.00>
ST_2 : Operation 63 [1/1] (0.00ns) (grouped into LUT with out node add_ln54_2)   --->   "%sext_ln60_1_mid2_v_v_v_v_v = bitconcatenate i6 @_ssdm_op_BitConcatenate.i6.i4.i2, i4 %or_ln54, i2 0" [linear_transformer.cpp:54]   --->   Operation 63 'bitconcatenate' 'sext_ln60_1_mid2_v_v_v_v_v' <Predicate = (!icmp_ln54)> <Delay = 0.00>
ST_2 : Operation 64 [1/1] (0.00ns) (grouped into LUT with out node add_ln54_2)   --->   "%zext_ln54_1 = zext i6 %sext_ln60_1_mid2_v_v_v_v_v" [linear_transformer.cpp:54]   --->   Operation 64 'zext' 'zext_ln54_1' <Predicate = (!icmp_ln54)> <Delay = 0.00>
ST_2 : Operation 65 [1/1] (3.52ns) (out node of the LUT)   --->   "%add_ln54_2 = add i64 %zext_ln54_1, i64 %input_array_read" [linear_transformer.cpp:54]   --->   Operation 65 'add' 'add_ln54_2' <Predicate = (!icmp_ln54)> <Delay = 3.52> <CoreInst = "Adder">   --->   Core 1 'Adder' <Latency = 0> <II = 1> <Delay = 3.52> <FuncUnit> <Opcode : 'add' 'sub'> <InPorts = 2> <OutPorts = 1>
ST_2 : Operation 66 [1/1] (0.00ns)   --->   "%sext_ln60_1_mid2_v = partselect i62 @_ssdm_op_PartSelect.i62.i64.i32.i32, i64 %add_ln54_2, i32 2, i32 63" [linear_transformer.cpp:54]   --->   Operation 66 'partselect' 'sext_ln60_1_mid2_v' <Predicate = (!icmp_ln54)> <Delay = 0.00>
ST_2 : Operation 67 [1/1] (0.00ns)   --->   "%sext_ln54_1 = sext i62 %sext_ln60_1_mid2_v" [linear_transformer.cpp:54]   --->   Operation 67 'sext' 'sext_ln54_1' <Predicate = (!icmp_ln54)> <Delay = 0.00>
ST_2 : Operation 68 [7/7] (7.30ns)   --->   "%gmem0_load_req = readreq i1 @_ssdm_op_ReadReq.m_axi.i32P1A, i32 %gmem0_addr, i32 1" [linear_transformer.cpp:60]   --->   Operation 68 'readreq' 'gmem0_load_req' <Predicate = (!icmp_ln54)> <Delay = 7.30> <CoreInst = "m_axi">   --->   Core 113 'm_axi' <Latency = 0> <II = 1> <Delay = 1.00> <Adapter> <Opcode : 'read' 'write' 'readreq' 'writereq' 'writeresp'>
ST_2 : Operation 69 [1/1] (0.00ns)   --->   "%gmem0_addr_1 = getelementptr i32 %gmem0, i64 %sext_ln54_1" [linear_transformer.cpp:60]   --->   Operation 69 'getelementptr' 'gmem0_addr_1' <Predicate = (!icmp_ln54)> <Delay = 0.00>
ST_2 : Operation 70 [1/1] (1.73ns)   --->   "%add_ln56 = add i4 %select_ln54, i4 1" [linear_transformer.cpp:56]   --->   Operation 70 'add' 'add_ln56' <Predicate = (!icmp_ln54)> <Delay = 1.73> <CoreInst = "Adder">   --->   Core 1 'Adder' <Latency = 0> <II = 1> <Delay = 1.73> <FuncUnit> <Opcode : 'add' 'sub'> <InPorts = 2> <OutPorts = 1>
ST_2 : Operation 71 [1/1] (1.58ns)   --->   "%store_ln56 = store i4 %add_ln56, i4 %j" [linear_transformer.cpp:56]   --->   Operation 71 'store' 'store_ln56' <Predicate = (!icmp_ln54)> <Delay = 1.58>

State 3 <SV = 2> <Delay = 7.30>
ST_3 : Operation 72 [6/7] (7.30ns)   --->   "%gmem0_load_req = readreq i1 @_ssdm_op_ReadReq.m_axi.i32P1A, i32 %gmem0_addr, i32 1" [linear_transformer.cpp:60]   --->   Operation 72 'readreq' 'gmem0_load_req' <Predicate = true> <Delay = 7.30> <CoreInst = "m_axi">   --->   Core 113 'm_axi' <Latency = 0> <II = 1> <Delay = 1.00> <Adapter> <Opcode : 'read' 'write' 'readreq' 'writereq' 'writeresp'>
ST_3 : Operation 73 [7/7] (7.30ns)   --->   "%gmem0_load_1_req = readreq i1 @_ssdm_op_ReadReq.m_axi.i32P1A, i32 %gmem0_addr_1, i32 1" [linear_transformer.cpp:60]   --->   Operation 73 'readreq' 'gmem0_load_1_req' <Predicate = true> <Delay = 7.30> <CoreInst = "m_axi">   --->   Core 113 'm_axi' <Latency = 0> <II = 1> <Delay = 1.00> <Adapter> <Opcode : 'read' 'write' 'readreq' 'writereq' 'writeresp'>

State 4 <SV = 3> <Delay = 7.30>
ST_4 : Operation 74 [5/7] (7.30ns)   --->   "%gmem0_load_req = readreq i1 @_ssdm_op_ReadReq.m_axi.i32P1A, i32 %gmem0_addr, i32 1" [linear_transformer.cpp:60]   --->   Operation 74 'readreq' 'gmem0_load_req' <Predicate = true> <Delay = 7.30> <CoreInst = "m_axi">   --->   Core 113 'm_axi' <Latency = 0> <II = 1> <Delay = 1.00> <Adapter> <Opcode : 'read' 'write' 'readreq' 'writereq' 'writeresp'>
ST_4 : Operation 75 [6/7] (7.30ns)   --->   "%gmem0_load_1_req = readreq i1 @_ssdm_op_ReadReq.m_axi.i32P1A, i32 %gmem0_addr_1, i32 1" [linear_transformer.cpp:60]   --->   Operation 75 'readreq' 'gmem0_load_1_req' <Predicate = true> <Delay = 7.30> <CoreInst = "m_axi">   --->   Core 113 'm_axi' <Latency = 0> <II = 1> <Delay = 1.00> <Adapter> <Opcode : 'read' 'write' 'readreq' 'writereq' 'writeresp'>

State 5 <SV = 4> <Delay = 7.30>
ST_5 : Operation 76 [4/7] (7.30ns)   --->   "%gmem0_load_req = readreq i1 @_ssdm_op_ReadReq.m_axi.i32P1A, i32 %gmem0_addr, i32 1" [linear_transformer.cpp:60]   --->   Operation 76 'readreq' 'gmem0_load_req' <Predicate = true> <Delay = 7.30> <CoreInst = "m_axi">   --->   Core 113 'm_axi' <Latency = 0> <II = 1> <Delay = 1.00> <Adapter> <Opcode : 'read' 'write' 'readreq' 'writereq' 'writeresp'>
ST_5 : Operation 77 [5/7] (7.30ns)   --->   "%gmem0_load_1_req = readreq i1 @_ssdm_op_ReadReq.m_axi.i32P1A, i32 %gmem0_addr_1, i32 1" [linear_transformer.cpp:60]   --->   Operation 77 'readreq' 'gmem0_load_1_req' <Predicate = true> <Delay = 7.30> <CoreInst = "m_axi">   --->   Core 113 'm_axi' <Latency = 0> <II = 1> <Delay = 1.00> <Adapter> <Opcode : 'read' 'write' 'readreq' 'writereq' 'writeresp'>

State 6 <SV = 5> <Delay = 7.30>
ST_6 : Operation 78 [3/7] (7.30ns)   --->   "%gmem0_load_req = readreq i1 @_ssdm_op_ReadReq.m_axi.i32P1A, i32 %gmem0_addr, i32 1" [linear_transformer.cpp:60]   --->   Operation 78 'readreq' 'gmem0_load_req' <Predicate = true> <Delay = 7.30> <CoreInst = "m_axi">   --->   Core 113 'm_axi' <Latency = 0> <II = 1> <Delay = 1.00> <Adapter> <Opcode : 'read' 'write' 'readreq' 'writereq' 'writeresp'>
ST_6 : Operation 79 [4/7] (7.30ns)   --->   "%gmem0_load_1_req = readreq i1 @_ssdm_op_ReadReq.m_axi.i32P1A, i32 %gmem0_addr_1, i32 1" [linear_transformer.cpp:60]   --->   Operation 79 'readreq' 'gmem0_load_1_req' <Predicate = true> <Delay = 7.30> <CoreInst = "m_axi">   --->   Core 113 'm_axi' <Latency = 0> <II = 1> <Delay = 1.00> <Adapter> <Opcode : 'read' 'write' 'readreq' 'writereq' 'writeresp'>

State 7 <SV = 6> <Delay = 7.30>
ST_7 : Operation 80 [1/1] (0.00ns)   --->   "%j_cast20 = zext i4 %select_ln54" [linear_transformer.cpp:54]   --->   Operation 80 'zext' 'j_cast20' <Predicate = true> <Delay = 0.00>
ST_7 : Operation 81 [2/7] (7.30ns)   --->   "%gmem0_load_req = readreq i1 @_ssdm_op_ReadReq.m_axi.i32P1A, i32 %gmem0_addr, i32 1" [linear_transformer.cpp:60]   --->   Operation 81 'readreq' 'gmem0_load_req' <Predicate = true> <Delay = 7.30> <CoreInst = "m_axi">   --->   Core 113 'm_axi' <Latency = 0> <II = 1> <Delay = 1.00> <Adapter> <Opcode : 'read' 'write' 'readreq' 'writereq' 'writeresp'>
ST_7 : Operation 82 [1/1] (0.00ns)   --->   "%FRONT_LINEAR_WEIGHT_0_addr = getelementptr i32 %FRONT_LINEAR_WEIGHT_0, i64 0, i64 %j_cast20" [linear_transformer.cpp:60]   --->   Operation 82 'getelementptr' 'FRONT_LINEAR_WEIGHT_0_addr' <Predicate = true> <Delay = 0.00>
ST_7 : Operation 83 [2/2] (2.32ns)   --->   "%FRONT_LINEAR_WEIGHT_0_load = load i3 %FRONT_LINEAR_WEIGHT_0_addr" [linear_transformer.cpp:60]   --->   Operation 83 'load' 'FRONT_LINEAR_WEIGHT_0_load' <Predicate = true> <Delay = 2.32> <CoreInst = "ROM">   --->   Core 95 'ROM' <Latency = 1> <II = 1> <Delay = 2.32> <Storage> <Opcode : 'load'> <Ports = 0> <Width = 32> <Depth = 8> <ROM>
ST_7 : Operation 84 [3/7] (7.30ns)   --->   "%gmem0_load_1_req = readreq i1 @_ssdm_op_ReadReq.m_axi.i32P1A, i32 %gmem0_addr_1, i32 1" [linear_transformer.cpp:60]   --->   Operation 84 'readreq' 'gmem0_load_1_req' <Predicate = true> <Delay = 7.30> <CoreInst = "m_axi">   --->   Core 113 'm_axi' <Latency = 0> <II = 1> <Delay = 1.00> <Adapter> <Opcode : 'read' 'write' 'readreq' 'writereq' 'writeresp'>

State 8 <SV = 7> <Delay = 7.30>
ST_8 : Operation 85 [1/7] (7.30ns)   --->   "%gmem0_load_req = readreq i1 @_ssdm_op_ReadReq.m_axi.i32P1A, i32 %gmem0_addr, i32 1" [linear_transformer.cpp:60]   --->   Operation 85 'readreq' 'gmem0_load_req' <Predicate = true> <Delay = 7.30> <CoreInst = "m_axi">   --->   Core 113 'm_axi' <Latency = 0> <II = 1> <Delay = 1.00> <Adapter> <Opcode : 'read' 'write' 'readreq' 'writereq' 'writeresp'>
ST_8 : Operation 86 [1/2] (2.32ns)   --->   "%FRONT_LINEAR_WEIGHT_0_load = load i3 %FRONT_LINEAR_WEIGHT_0_addr" [linear_transformer.cpp:60]   --->   Operation 86 'load' 'FRONT_LINEAR_WEIGHT_0_load' <Predicate = true> <Delay = 2.32> <CoreInst = "ROM">   --->   Core 95 'ROM' <Latency = 1> <II = 1> <Delay = 2.32> <Storage> <Opcode : 'load'> <Ports = 0> <Width = 32> <Depth = 8> <ROM>
ST_8 : Operation 87 [2/7] (7.30ns)   --->   "%gmem0_load_1_req = readreq i1 @_ssdm_op_ReadReq.m_axi.i32P1A, i32 %gmem0_addr_1, i32 1" [linear_transformer.cpp:60]   --->   Operation 87 'readreq' 'gmem0_load_1_req' <Predicate = true> <Delay = 7.30> <CoreInst = "m_axi">   --->   Core 113 'm_axi' <Latency = 0> <II = 1> <Delay = 1.00> <Adapter> <Opcode : 'read' 'write' 'readreq' 'writereq' 'writeresp'>

State 9 <SV = 8> <Delay = 7.30>
ST_9 : Operation 88 [1/1] (7.30ns)   --->   "%gmem0_addr_read = read i32 @_ssdm_op_Read.m_axi.volatile.i32P1A, i32 %gmem0_addr" [linear_transformer.cpp:60]   --->   Operation 88 'read' 'gmem0_addr_read' <Predicate = true> <Delay = 7.30> <CoreInst = "m_axi">   --->   Core 113 'm_axi' <Latency = 0> <II = 1> <Delay = 1.00> <Adapter> <Opcode : 'read' 'write' 'readreq' 'writereq' 'writeresp'>
ST_9 : Operation 89 [1/7] (7.30ns)   --->   "%gmem0_load_1_req = readreq i1 @_ssdm_op_ReadReq.m_axi.i32P1A, i32 %gmem0_addr_1, i32 1" [linear_transformer.cpp:60]   --->   Operation 89 'readreq' 'gmem0_load_1_req' <Predicate = true> <Delay = 7.30> <CoreInst = "m_axi">   --->   Core 113 'm_axi' <Latency = 0> <II = 1> <Delay = 1.00> <Adapter> <Opcode : 'read' 'write' 'readreq' 'writereq' 'writeresp'>
ST_9 : Operation 90 [1/1] (0.00ns)   --->   "%FRONT_LINEAR_WEIGHT_1_addr = getelementptr i32 %FRONT_LINEAR_WEIGHT_1, i64 0, i64 %j_cast20" [linear_transformer.cpp:60]   --->   Operation 90 'getelementptr' 'FRONT_LINEAR_WEIGHT_1_addr' <Predicate = true> <Delay = 0.00>
ST_9 : Operation 91 [2/2] (2.32ns)   --->   "%FRONT_LINEAR_WEIGHT_1_load = load i3 %FRONT_LINEAR_WEIGHT_1_addr" [linear_transformer.cpp:60]   --->   Operation 91 'load' 'FRONT_LINEAR_WEIGHT_1_load' <Predicate = true> <Delay = 2.32> <CoreInst = "ROM">   --->   Core 95 'ROM' <Latency = 1> <II = 1> <Delay = 2.32> <Storage> <Opcode : 'load'> <Ports = 0> <Width = 32> <Depth = 8> <ROM>

State 10 <SV = 9> <Delay = 7.30>
ST_10 : Operation 92 [1/1] (0.00ns)   --->   "%bitcast_ln60 = bitcast i32 %gmem0_addr_read" [linear_transformer.cpp:60]   --->   Operation 92 'bitcast' 'bitcast_ln60' <Predicate = true> <Delay = 0.00>
ST_10 : Operation 93 [4/4] (5.70ns)   --->   "%mul = fmul i32 %bitcast_ln60, i32 %FRONT_LINEAR_WEIGHT_0_load" [linear_transformer.cpp:60]   --->   Operation 93 'fmul' 'mul' <Predicate = true> <Delay = 5.70> <CoreInst = "FMul_maxdsp">   --->   Core 30 'FMul_maxdsp' <Latency = 3> <II = 1> <Delay = 5.70> <FuncUnit> <Opcode : 'fmul'> <InPorts = 2> <OutPorts = 1>
ST_10 : Operation 94 [1/1] (7.30ns)   --->   "%gmem0_addr_1_read = read i32 @_ssdm_op_Read.m_axi.volatile.i32P1A, i32 %gmem0_addr_1" [linear_transformer.cpp:60]   --->   Operation 94 'read' 'gmem0_addr_1_read' <Predicate = true> <Delay = 7.30> <CoreInst = "m_axi">   --->   Core 113 'm_axi' <Latency = 0> <II = 1> <Delay = 1.00> <Adapter> <Opcode : 'read' 'write' 'readreq' 'writereq' 'writeresp'>
ST_10 : Operation 95 [1/2] (2.32ns)   --->   "%FRONT_LINEAR_WEIGHT_1_load = load i3 %FRONT_LINEAR_WEIGHT_1_addr" [linear_transformer.cpp:60]   --->   Operation 95 'load' 'FRONT_LINEAR_WEIGHT_1_load' <Predicate = true> <Delay = 2.32> <CoreInst = "ROM">   --->   Core 95 'ROM' <Latency = 1> <II = 1> <Delay = 2.32> <Storage> <Opcode : 'load'> <Ports = 0> <Width = 32> <Depth = 8> <ROM>

State 11 <SV = 10> <Delay = 5.70>
ST_11 : Operation 96 [1/1] (0.00ns)   --->   "%j_cast = zext i4 %select_ln54" [linear_transformer.cpp:54]   --->   Operation 96 'zext' 'j_cast' <Predicate = true> <Delay = 0.00>
ST_11 : Operation 97 [3/4] (5.70ns)   --->   "%mul = fmul i32 %bitcast_ln60, i32 %FRONT_LINEAR_WEIGHT_0_load" [linear_transformer.cpp:60]   --->   Operation 97 'fmul' 'mul' <Predicate = true> <Delay = 5.70> <CoreInst = "FMul_maxdsp">   --->   Core 30 'FMul_maxdsp' <Latency = 3> <II = 1> <Delay = 5.70> <FuncUnit> <Opcode : 'fmul'> <InPorts = 2> <OutPorts = 1>
ST_11 : Operation 98 [1/1] (0.00ns)   --->   "%bitcast_ln60_1 = bitcast i32 %gmem0_addr_1_read" [linear_transformer.cpp:60]   --->   Operation 98 'bitcast' 'bitcast_ln60_1' <Predicate = true> <Delay = 0.00>
ST_11 : Operation 99 [4/4] (5.70ns)   --->   "%mul_1 = fmul i32 %bitcast_ln60_1, i32 %FRONT_LINEAR_WEIGHT_1_load" [linear_transformer.cpp:60]   --->   Operation 99 'fmul' 'mul_1' <Predicate = true> <Delay = 5.70> <CoreInst = "FMul_maxdsp">   --->   Core 30 'FMul_maxdsp' <Latency = 3> <II = 1> <Delay = 5.70> <FuncUnit> <Opcode : 'fmul'> <InPorts = 2> <OutPorts = 1>
ST_11 : Operation 100 [1/1] (1.82ns)   --->   "%add_ln62 = add i6 %j_cast, i6 %p_mid2" [linear_transformer.cpp:62]   --->   Operation 100 'add' 'add_ln62' <Predicate = true> <Delay = 1.82> <CoreInst = "Adder">   --->   Core 1 'Adder' <Latency = 0> <II = 1> <Delay = 1.82> <FuncUnit> <Opcode : 'add' 'sub'> <InPorts = 2> <OutPorts = 1>

State 12 <SV = 11> <Delay = 5.70>
ST_12 : Operation 101 [2/4] (5.70ns)   --->   "%mul = fmul i32 %bitcast_ln60, i32 %FRONT_LINEAR_WEIGHT_0_load" [linear_transformer.cpp:60]   --->   Operation 101 'fmul' 'mul' <Predicate = true> <Delay = 5.70> <CoreInst = "FMul_maxdsp">   --->   Core 30 'FMul_maxdsp' <Latency = 3> <II = 1> <Delay = 5.70> <FuncUnit> <Opcode : 'fmul'> <InPorts = 2> <OutPorts = 1>
ST_12 : Operation 102 [3/4] (5.70ns)   --->   "%mul_1 = fmul i32 %bitcast_ln60_1, i32 %FRONT_LINEAR_WEIGHT_1_load" [linear_transformer.cpp:60]   --->   Operation 102 'fmul' 'mul_1' <Predicate = true> <Delay = 5.70> <CoreInst = "FMul_maxdsp">   --->   Core 30 'FMul_maxdsp' <Latency = 3> <II = 1> <Delay = 5.70> <FuncUnit> <Opcode : 'fmul'> <InPorts = 2> <OutPorts = 1>

State 13 <SV = 12> <Delay = 5.70>
ST_13 : Operation 103 [1/4] (5.70ns)   --->   "%mul = fmul i32 %bitcast_ln60, i32 %FRONT_LINEAR_WEIGHT_0_load" [linear_transformer.cpp:60]   --->   Operation 103 'fmul' 'mul' <Predicate = true> <Delay = 5.70> <CoreInst = "FMul_maxdsp">   --->   Core 30 'FMul_maxdsp' <Latency = 3> <II = 1> <Delay = 5.70> <FuncUnit> <Opcode : 'fmul'> <InPorts = 2> <OutPorts = 1>
ST_13 : Operation 104 [2/4] (5.70ns)   --->   "%mul_1 = fmul i32 %bitcast_ln60_1, i32 %FRONT_LINEAR_WEIGHT_1_load" [linear_transformer.cpp:60]   --->   Operation 104 'fmul' 'mul_1' <Predicate = true> <Delay = 5.70> <CoreInst = "FMul_maxdsp">   --->   Core 30 'FMul_maxdsp' <Latency = 3> <II = 1> <Delay = 5.70> <FuncUnit> <Opcode : 'fmul'> <InPorts = 2> <OutPorts = 1>

State 14 <SV = 13> <Delay = 7.25>
ST_14 : Operation 105 [5/5] (7.25ns)   --->   "%sum_1 = fadd i32 %mul, i32 0" [linear_transformer.cpp:60]   --->   Operation 105 'fadd' 'sum_1' <Predicate = true> <Delay = 7.25> <CoreInst = "FAddSub_fulldsp">   --->   Core 18 'FAddSub_fulldsp' <Latency = 4> <II = 1> <Delay = 7.25> <FuncUnit> <Opcode : 'fadd' 'fsub'> <InPorts = 2> <OutPorts = 1>
ST_14 : Operation 106 [1/4] (5.70ns)   --->   "%mul_1 = fmul i32 %bitcast_ln60_1, i32 %FRONT_LINEAR_WEIGHT_1_load" [linear_transformer.cpp:60]   --->   Operation 106 'fmul' 'mul_1' <Predicate = true> <Delay = 5.70> <CoreInst = "FMul_maxdsp">   --->   Core 30 'FMul_maxdsp' <Latency = 3> <II = 1> <Delay = 5.70> <FuncUnit> <Opcode : 'fmul'> <InPorts = 2> <OutPorts = 1>

State 15 <SV = 14> <Delay = 7.25>
ST_15 : Operation 107 [4/5] (7.25ns)   --->   "%sum_1 = fadd i32 %mul, i32 0" [linear_transformer.cpp:60]   --->   Operation 107 'fadd' 'sum_1' <Predicate = true> <Delay = 7.25> <CoreInst = "FAddSub_fulldsp">   --->   Core 18 'FAddSub_fulldsp' <Latency = 4> <II = 1> <Delay = 7.25> <FuncUnit> <Opcode : 'fadd' 'fsub'> <InPorts = 2> <OutPorts = 1>

State 16 <SV = 15> <Delay = 7.25>
ST_16 : Operation 108 [3/5] (7.25ns)   --->   "%sum_1 = fadd i32 %mul, i32 0" [linear_transformer.cpp:60]   --->   Operation 108 'fadd' 'sum_1' <Predicate = true> <Delay = 7.25> <CoreInst = "FAddSub_fulldsp">   --->   Core 18 'FAddSub_fulldsp' <Latency = 4> <II = 1> <Delay = 7.25> <FuncUnit> <Opcode : 'fadd' 'fsub'> <InPorts = 2> <OutPorts = 1>

State 17 <SV = 16> <Delay = 7.25>
ST_17 : Operation 109 [2/5] (7.25ns)   --->   "%sum_1 = fadd i32 %mul, i32 0" [linear_transformer.cpp:60]   --->   Operation 109 'fadd' 'sum_1' <Predicate = true> <Delay = 7.25> <CoreInst = "FAddSub_fulldsp">   --->   Core 18 'FAddSub_fulldsp' <Latency = 4> <II = 1> <Delay = 7.25> <FuncUnit> <Opcode : 'fadd' 'fsub'> <InPorts = 2> <OutPorts = 1>

State 18 <SV = 17> <Delay = 7.25>
ST_18 : Operation 110 [1/5] (7.25ns)   --->   "%sum_1 = fadd i32 %mul, i32 0" [linear_transformer.cpp:60]   --->   Operation 110 'fadd' 'sum_1' <Predicate = true> <Delay = 7.25> <CoreInst = "FAddSub_fulldsp">   --->   Core 18 'FAddSub_fulldsp' <Latency = 4> <II = 1> <Delay = 7.25> <FuncUnit> <Opcode : 'fadd' 'fsub'> <InPorts = 2> <OutPorts = 1>

State 19 <SV = 18> <Delay = 7.25>
ST_19 : Operation 111 [5/5] (7.25ns)   --->   "%sum_1_1 = fadd i32 %sum_1, i32 %mul_1" [linear_transformer.cpp:60]   --->   Operation 111 'fadd' 'sum_1_1' <Predicate = true> <Delay = 7.25> <CoreInst = "FAddSub_fulldsp">   --->   Core 18 'FAddSub_fulldsp' <Latency = 4> <II = 1> <Delay = 7.25> <FuncUnit> <Opcode : 'fadd' 'fsub'> <InPorts = 2> <OutPorts = 1>

State 20 <SV = 19> <Delay = 7.25>
ST_20 : Operation 112 [4/5] (7.25ns)   --->   "%sum_1_1 = fadd i32 %sum_1, i32 %mul_1" [linear_transformer.cpp:60]   --->   Operation 112 'fadd' 'sum_1_1' <Predicate = true> <Delay = 7.25> <CoreInst = "FAddSub_fulldsp">   --->   Core 18 'FAddSub_fulldsp' <Latency = 4> <II = 1> <Delay = 7.25> <FuncUnit> <Opcode : 'fadd' 'fsub'> <InPorts = 2> <OutPorts = 1>

State 21 <SV = 20> <Delay = 7.25>
ST_21 : Operation 113 [3/5] (7.25ns)   --->   "%sum_1_1 = fadd i32 %sum_1, i32 %mul_1" [linear_transformer.cpp:60]   --->   Operation 113 'fadd' 'sum_1_1' <Predicate = true> <Delay = 7.25> <CoreInst = "FAddSub_fulldsp">   --->   Core 18 'FAddSub_fulldsp' <Latency = 4> <II = 1> <Delay = 7.25> <FuncUnit> <Opcode : 'fadd' 'fsub'> <InPorts = 2> <OutPorts = 1>
ST_21 : Operation 114 [1/1] (0.00ns)   --->   "%FRONT_LINEAR_BIAS_addr = getelementptr i32 %FRONT_LINEAR_BIAS, i64 0, i64 %j_cast20" [linear_transformer.cpp:62]   --->   Operation 114 'getelementptr' 'FRONT_LINEAR_BIAS_addr' <Predicate = true> <Delay = 0.00>
ST_21 : Operation 115 [2/2] (2.32ns)   --->   "%FRONT_LINEAR_BIAS_load = load i3 %FRONT_LINEAR_BIAS_addr" [linear_transformer.cpp:62]   --->   Operation 115 'load' 'FRONT_LINEAR_BIAS_load' <Predicate = true> <Delay = 2.32> <CoreInst = "ROM">   --->   Core 95 'ROM' <Latency = 1> <II = 1> <Delay = 2.32> <Storage> <Opcode : 'load'> <Ports = 0> <Width = 32> <Depth = 8> <ROM>

State 22 <SV = 21> <Delay = 7.25>
ST_22 : Operation 116 [2/5] (7.25ns)   --->   "%sum_1_1 = fadd i32 %sum_1, i32 %mul_1" [linear_transformer.cpp:60]   --->   Operation 116 'fadd' 'sum_1_1' <Predicate = true> <Delay = 7.25> <CoreInst = "FAddSub_fulldsp">   --->   Core 18 'FAddSub_fulldsp' <Latency = 4> <II = 1> <Delay = 7.25> <FuncUnit> <Opcode : 'fadd' 'fsub'> <InPorts = 2> <OutPorts = 1>
ST_22 : Operation 117 [1/2] (2.32ns)   --->   "%FRONT_LINEAR_BIAS_load = load i3 %FRONT_LINEAR_BIAS_addr" [linear_transformer.cpp:62]   --->   Operation 117 'load' 'FRONT_LINEAR_BIAS_load' <Predicate = true> <Delay = 2.32> <CoreInst = "ROM">   --->   Core 95 'ROM' <Latency = 1> <II = 1> <Delay = 2.32> <Storage> <Opcode : 'load'> <Ports = 0> <Width = 32> <Depth = 8> <ROM>

State 23 <SV = 22> <Delay = 7.25>
ST_23 : Operation 118 [1/5] (7.25ns)   --->   "%sum_1_1 = fadd i32 %sum_1, i32 %mul_1" [linear_transformer.cpp:60]   --->   Operation 118 'fadd' 'sum_1_1' <Predicate = true> <Delay = 7.25> <CoreInst = "FAddSub_fulldsp">   --->   Core 18 'FAddSub_fulldsp' <Latency = 4> <II = 1> <Delay = 7.25> <FuncUnit> <Opcode : 'fadd' 'fsub'> <InPorts = 2> <OutPorts = 1>

State 24 <SV = 23> <Delay = 7.25>
ST_24 : Operation 119 [5/5] (7.25ns)   --->   "%add = fadd i32 %sum_1_1, i32 %FRONT_LINEAR_BIAS_load" [linear_transformer.cpp:62]   --->   Operation 119 'fadd' 'add' <Predicate = true> <Delay = 7.25> <CoreInst = "FAddSub_fulldsp">   --->   Core 18 'FAddSub_fulldsp' <Latency = 4> <II = 1> <Delay = 7.25> <FuncUnit> <Opcode : 'fadd' 'fsub'> <InPorts = 2> <OutPorts = 1>

State 25 <SV = 24> <Delay = 7.25>
ST_25 : Operation 120 [4/5] (7.25ns)   --->   "%add = fadd i32 %sum_1_1, i32 %FRONT_LINEAR_BIAS_load" [linear_transformer.cpp:62]   --->   Operation 120 'fadd' 'add' <Predicate = true> <Delay = 7.25> <CoreInst = "FAddSub_fulldsp">   --->   Core 18 'FAddSub_fulldsp' <Latency = 4> <II = 1> <Delay = 7.25> <FuncUnit> <Opcode : 'fadd' 'fsub'> <InPorts = 2> <OutPorts = 1>

State 26 <SV = 25> <Delay = 7.25>
ST_26 : Operation 121 [3/5] (7.25ns)   --->   "%add = fadd i32 %sum_1_1, i32 %FRONT_LINEAR_BIAS_load" [linear_transformer.cpp:62]   --->   Operation 121 'fadd' 'add' <Predicate = true> <Delay = 7.25> <CoreInst = "FAddSub_fulldsp">   --->   Core 18 'FAddSub_fulldsp' <Latency = 4> <II = 1> <Delay = 7.25> <FuncUnit> <Opcode : 'fadd' 'fsub'> <InPorts = 2> <OutPorts = 1>

State 27 <SV = 26> <Delay = 7.25>
ST_27 : Operation 122 [2/5] (7.25ns)   --->   "%add = fadd i32 %sum_1_1, i32 %FRONT_LINEAR_BIAS_load" [linear_transformer.cpp:62]   --->   Operation 122 'fadd' 'add' <Predicate = true> <Delay = 7.25> <CoreInst = "FAddSub_fulldsp">   --->   Core 18 'FAddSub_fulldsp' <Latency = 4> <II = 1> <Delay = 7.25> <FuncUnit> <Opcode : 'fadd' 'fsub'> <InPorts = 2> <OutPorts = 1>
ST_27 : Operation 132 [1/1] (0.00ns)   --->   "%ret_ln0 = ret"   --->   Operation 132 'ret' 'ret_ln0' <Predicate = (icmp_ln54)> <Delay = 0.00>

State 28 <SV = 27> <Delay = 7.25>
ST_28 : Operation 123 [1/5] (7.25ns)   --->   "%add = fadd i32 %sum_1_1, i32 %FRONT_LINEAR_BIAS_load" [linear_transformer.cpp:62]   --->   Operation 123 'fadd' 'add' <Predicate = true> <Delay = 7.25> <CoreInst = "FAddSub_fulldsp">   --->   Core 18 'FAddSub_fulldsp' <Latency = 4> <II = 1> <Delay = 7.25> <FuncUnit> <Opcode : 'fadd' 'fsub'> <InPorts = 2> <OutPorts = 1>

State 29 <SV = 28> <Delay = 3.25>
ST_29 : Operation 124 [1/1] (0.00ns)   --->   "%specloopname_ln0 = specloopname void @_ssdm_op_SpecLoopName, void @front_linear_i_front_linear_j_str"   --->   Operation 124 'specloopname' 'specloopname_ln0' <Predicate = true> <Delay = 0.00>
ST_29 : Operation 125 [1/1] (0.00ns)   --->   "%empty = speclooptripcount i32 @_ssdm_op_SpecLoopTripCount, i64 64, i64 64, i64 64"   --->   Operation 125 'speclooptripcount' 'empty' <Predicate = true> <Delay = 0.00>
ST_29 : Operation 126 [1/1] (0.00ns)   --->   "%specpipeline_ln0 = specpipeline void @_ssdm_op_SpecPipeline, i32 4294967295, i32 0, i32 1, i32 0, void @p_str"   --->   Operation 126 'specpipeline' 'specpipeline_ln0' <Predicate = true> <Delay = 0.00>
ST_29 : Operation 127 [1/1] (0.00ns)   --->   "%specloopname_ln57 = specloopname void @_ssdm_op_SpecLoopName, void @empty_13" [linear_transformer.cpp:57]   --->   Operation 127 'specloopname' 'specloopname_ln57' <Predicate = true> <Delay = 0.00>
ST_29 : Operation 128 [1/1] (0.00ns)   --->   "%zext_ln62 = zext i6 %add_ln62" [linear_transformer.cpp:62]   --->   Operation 128 'zext' 'zext_ln62' <Predicate = true> <Delay = 0.00>
ST_29 : Operation 129 [1/1] (0.00ns)   --->   "%front_addr_1 = getelementptr i32 %front, i64 0, i64 %zext_ln62" [linear_transformer.cpp:62]   --->   Operation 129 'getelementptr' 'front_addr_1' <Predicate = true> <Delay = 0.00>
ST_29 : Operation 130 [1/1] (3.25ns)   --->   "%store_ln62 = store i32 %add, i6 %front_addr_1" [linear_transformer.cpp:62]   --->   Operation 130 'store' 'store_ln62' <Predicate = true> <Delay = 3.25> <CoreInst = "RAM_1WnR">   --->   Core 83 'RAM_1WnR' <Latency = 1> <II = 1> <Delay = 3.25> <Storage> <Opcode : 'load' 'store'> <Ports = 17> <Width = 32> <Depth = 64> <RAM>
ST_29 : Operation 131 [1/1] (0.00ns)   --->   "%br_ln56 = br void %front_linear_k" [linear_transformer.cpp:56]   --->   Operation 131 'br' 'br_ln56' <Predicate = true> <Delay = 0.00>


============================================================
+ Verbose Summary: Timing violations
============================================================
Target clock period: 10ns, clock uncertainty: 2.7ns.

 <State 1>: 6.28ns
The critical path consists of the following:
	'alloca' operation ('i') [8]  (0 ns)
	'load' operation ('i_load', linear_transformer.cpp:54) on local variable 'i' [24]  (0 ns)
	'add' operation ('add_ln54_3', linear_transformer.cpp:54) [29]  (1.74 ns)
	'select' operation ('select_ln54_1', linear_transformer.cpp:54) [30]  (1.02 ns)
	'add' operation ('add_ln54_1', linear_transformer.cpp:54) [35]  (3.52 ns)

 <State 2>: 7.3ns
The critical path consists of the following:
	bus request operation ('gmem0_load_req', linear_transformer.cpp:60) on port 'gmem0' (linear_transformer.cpp:60) [49]  (7.3 ns)

 <State 3>: 7.3ns
The critical path consists of the following:
	bus request operation ('gmem0_load_req', linear_transformer.cpp:60) on port 'gmem0' (linear_transformer.cpp:60) [49]  (7.3 ns)

 <State 4>: 7.3ns
The critical path consists of the following:
	bus request operation ('gmem0_load_req', linear_transformer.cpp:60) on port 'gmem0' (linear_transformer.cpp:60) [49]  (7.3 ns)

 <State 5>: 7.3ns
The critical path consists of the following:
	bus request operation ('gmem0_load_req', linear_transformer.cpp:60) on port 'gmem0' (linear_transformer.cpp:60) [49]  (7.3 ns)

 <State 6>: 7.3ns
The critical path consists of the following:
	bus request operation ('gmem0_load_req', linear_transformer.cpp:60) on port 'gmem0' (linear_transformer.cpp:60) [49]  (7.3 ns)

 <State 7>: 7.3ns
The critical path consists of the following:
	bus request operation ('gmem0_load_req', linear_transformer.cpp:60) on port 'gmem0' (linear_transformer.cpp:60) [49]  (7.3 ns)

 <State 8>: 7.3ns
The critical path consists of the following:
	bus request operation ('gmem0_load_req', linear_transformer.cpp:60) on port 'gmem0' (linear_transformer.cpp:60) [49]  (7.3 ns)

 <State 9>: 7.3ns
The critical path consists of the following:
	bus read operation ('gmem0_addr_read', linear_transformer.cpp:60) on port 'gmem0' (linear_transformer.cpp:60) [50]  (7.3 ns)

 <State 10>: 7.3ns
The critical path consists of the following:
	bus read operation ('gmem0_addr_1_read', linear_transformer.cpp:60) on port 'gmem0' (linear_transformer.cpp:60) [58]  (7.3 ns)

 <State 11>: 5.7ns
The critical path consists of the following:
	'fmul' operation ('mul', linear_transformer.cpp:60) [54]  (5.7 ns)

 <State 12>: 5.7ns
The critical path consists of the following:
	'fmul' operation ('mul', linear_transformer.cpp:60) [54]  (5.7 ns)

 <State 13>: 5.7ns
The critical path consists of the following:
	'fmul' operation ('mul', linear_transformer.cpp:60) [54]  (5.7 ns)

 <State 14>: 7.26ns
The critical path consists of the following:
	'fadd' operation ('sum_1', linear_transformer.cpp:60) [55]  (7.26 ns)

 <State 15>: 7.26ns
The critical path consists of the following:
	'fadd' operation ('sum_1', linear_transformer.cpp:60) [55]  (7.26 ns)

 <State 16>: 7.26ns
The critical path consists of the following:
	'fadd' operation ('sum_1', linear_transformer.cpp:60) [55]  (7.26 ns)

 <State 17>: 7.26ns
The critical path consists of the following:
	'fadd' operation ('sum_1', linear_transformer.cpp:60) [55]  (7.26 ns)

 <State 18>: 7.26ns
The critical path consists of the following:
	'fadd' operation ('sum_1', linear_transformer.cpp:60) [55]  (7.26 ns)

 <State 19>: 7.26ns
The critical path consists of the following:
	'fadd' operation ('sum_1_1', linear_transformer.cpp:60) [63]  (7.26 ns)

 <State 20>: 7.26ns
The critical path consists of the following:
	'fadd' operation ('sum_1_1', linear_transformer.cpp:60) [63]  (7.26 ns)

 <State 21>: 7.26ns
The critical path consists of the following:
	'fadd' operation ('sum_1_1', linear_transformer.cpp:60) [63]  (7.26 ns)

 <State 22>: 7.26ns
The critical path consists of the following:
	'fadd' operation ('sum_1_1', linear_transformer.cpp:60) [63]  (7.26 ns)

 <State 23>: 7.26ns
The critical path consists of the following:
	'fadd' operation ('sum_1_1', linear_transformer.cpp:60) [63]  (7.26 ns)

 <State 24>: 7.26ns
The critical path consists of the following:
	'fadd' operation ('add', linear_transformer.cpp:62) [66]  (7.26 ns)

 <State 25>: 7.26ns
The critical path consists of the following:
	'fadd' operation ('add', linear_transformer.cpp:62) [66]  (7.26 ns)

 <State 26>: 7.26ns
The critical path consists of the following:
	'fadd' operation ('add', linear_transformer.cpp:62) [66]  (7.26 ns)

 <State 27>: 7.26ns
The critical path consists of the following:
	'fadd' operation ('add', linear_transformer.cpp:62) [66]  (7.26 ns)

 <State 28>: 7.26ns
The critical path consists of the following:
	'fadd' operation ('add', linear_transformer.cpp:62) [66]  (7.26 ns)

 <State 29>: 3.25ns
The critical path consists of the following:
	'getelementptr' operation ('front_addr_1', linear_transformer.cpp:62) [69]  (0 ns)
	'store' operation ('store_ln62', linear_transformer.cpp:62) of variable 'add', linear_transformer.cpp:62 on array 'front' [70]  (3.25 ns)


============================================================
+ Verbose Summary: Binding
============================================================
N/A
* FSMD analyzer results:
  - Output states:
 - Input state : 
  - Chain level:
	State 1
	State 2
	State 3
	State 4
	State 5
	State 6
	State 7
	State 8
	State 9
	State 10
	State 11
	State 12
	State 13
	State 14
	State 15
	State 16
	State 17
	State 18
	State 19
	State 20
	State 21
	State 22
	State 23
	State 24
	State 25
	State 26
	State 27
	State 28
	State 29


============================================================
+ Verbose Summary: Datapath Resource usage 
============================================================
N/A
