

================================================================
== Vitis HLS Report for 'linear_attention_q16_sparse_Pipeline_VITIS_LOOP_140_10'
================================================================
* Date:           Thu Jul  2 17:15:00 2026

* Version:        2022.2 (Build 3670227 on Oct 13 2022)
* Project:        q16_s20_attn_sparse
* Solution:       solution1 (Vivado IP Flow Target)
* Product family: zynq
* Target device:  xc7z020-clg400-1


================================================================
== Performance Estimates
================================================================
+ Timing: 
    * Summary: 
    +--------+----------+----------+------------+
    |  Clock |  Target  | Estimated| Uncertainty|
    +--------+----------+----------+------------+
    |ap_clk  |  10.00 ns|  7.157 ns|     2.70 ns|
    +--------+----------+----------+------------+

+ Latency: 
    * Summary: 
    +---------+---------+----------+----------+-----+-----+---------+
    |  Latency (cycles) |  Latency (absolute) |  Interval | Pipeline|
    |   min   |   max   |    min   |    max   | min | max |   Type  |
    +---------+---------+----------+----------+-----+-----+---------+
    |       19|       19|  0.190 us|  0.190 us|   19|   19|       no|
    +---------+---------+----------+----------+-----+-----+---------+

    + Detail: 
        * Instance: 
        N/A

        * Loop: 
        +---------------------+---------+---------+----------+-----------+-----------+------+----------+
        |                     |  Latency (cycles) | Iteration|  Initiation Interval  | Trip |          |
        |      Loop Name      |   min   |   max   |  Latency |  achieved |   target  | Count| Pipelined|
        +---------------------+---------+---------+----------+-----------+-----------+------+----------+
        |- VITIS_LOOP_140_10  |       17|       17|         2|          1|          1|    16|       yes|
        +---------------------+---------+---------+----------+-----------+-----------+------+----------+



================================================================
== Utilization Estimates
================================================================
* Summary: 
+-----------------+---------+-----+--------+-------+-----+
|       Name      | BRAM_18K| DSP |   FF   |  LUT  | URAM|
+-----------------+---------+-----+--------+-------+-----+
|DSP              |        -|    -|       -|      -|    -|
|Expression       |        -|    -|       0|     56|    -|
|FIFO             |        -|    -|       -|      -|    -|
|Instance         |        -|    -|       -|      -|    -|
|Memory           |        -|    -|       -|      -|    -|
|Multiplexer      |        -|    -|       -|     45|    -|
|Register         |        -|    -|      34|      -|    -|
+-----------------+---------+-----+--------+-------+-----+
|Total            |        0|    0|      34|    101|    0|
+-----------------+---------+-----+--------+-------+-----+
|Available        |      280|  220|  106400|  53200|    0|
+-----------------+---------+-----+--------+-------+-----+
|Utilization (%)  |        0|    0|      ~0|     ~0|    0|
+-----------------+---------+-----+--------+-------+-----+

+ Detail: 
    * Instance: 
    N/A

    * DSP: 
    N/A

    * Memory: 
    N/A

    * FIFO: 
    N/A

    * Expression: 
    +---------------------+----------+----+---+----+------------+------------+
    |    Variable Name    | Operation| DSP| FF| LUT| Bitwidth P0| Bitwidth P1|
    +---------------------+----------+----+---+----+------------+------------+
    |add_ln140_fu_99_p2   |         +|   0|  0|  13|           5|           1|
    |s_V_2_fu_143_p2      |         +|   0|  0|  31|          24|          24|
    |icmp_ln140_fu_93_p2  |      icmp|   0|  0|  10|           5|           6|
    |ap_enable_pp0        |       xor|   0|  0|   2|           1|           2|
    +---------------------+----------+----+---+----+------------+------------+
    |Total                |          |   0|  0|  56|          35|          33|
    +---------------------+----------+----+---+----+------------+------------+

    * Multiplexer: 
    +----------------------------------+----+-----------+-----+-----------+
    |               Name               | LUT| Input Size| Bits| Total Bits|
    +----------------------------------+----+-----------+-----+-----------+
    |ap_done_int                       |   9|          2|    1|          2|
    |ap_loop_exit_ready_pp0_iter1_reg  |   9|          2|    1|          2|
    |ap_sig_allocacmp_pos_1            |   9|          2|    5|         10|
    |pos_fu_46                         |   9|          2|    5|         10|
    |s_V_fu_42                         |   9|          2|   24|         48|
    +----------------------------------+----+-----------+-----+-----------+
    |Total                             |  45|         10|   36|         72|
    +----------------------------------+----+-----------+-----+-----------+

    * Register: 
    +----------------------------------+----+----+-----+-----------+
    |               Name               | FF | LUT| Bits| Const Bits|
    +----------------------------------+----+----+-----+-----------+
    |ap_CS_fsm                         |   1|   0|    1|          0|
    |ap_done_reg                       |   1|   0|    1|          0|
    |ap_enable_reg_pp0_iter1           |   1|   0|    1|          0|
    |ap_loop_exit_ready_pp0_iter1_reg  |   1|   0|    1|          0|
    |icmp_ln140_reg_168                |   1|   0|    1|          0|
    |pos_fu_46                         |   5|   0|    5|          0|
    |s_V_fu_42                         |  24|   0|   24|          0|
    +----------------------------------+----+----+-----+-----------+
    |Total                             |  34|   0|   34|          0|
    +----------------------------------+----+----+-----+-----------+



================================================================
== Interface
================================================================
* Summary: 
+----------------+-----+-----+------------+--------------------------------------------------------+--------------+
|    RTL Ports   | Dir | Bits|  Protocol  |                      Source Object                     |    C Type    |
+----------------+-----+-----+------------+--------------------------------------------------------+--------------+
|ap_clk          |   in|    1|  ap_ctrl_hs|  linear_attention_q16_sparse_Pipeline_VITIS_LOOP_140_10|  return value|
|ap_rst          |   in|    1|  ap_ctrl_hs|  linear_attention_q16_sparse_Pipeline_VITIS_LOOP_140_10|  return value|
|ap_start        |   in|    1|  ap_ctrl_hs|  linear_attention_q16_sparse_Pipeline_VITIS_LOOP_140_10|  return value|
|ap_done         |  out|    1|  ap_ctrl_hs|  linear_attention_q16_sparse_Pipeline_VITIS_LOOP_140_10|  return value|
|ap_idle         |  out|    1|  ap_ctrl_hs|  linear_attention_q16_sparse_Pipeline_VITIS_LOOP_140_10|  return value|
|ap_ready        |  out|    1|  ap_ctrl_hs|  linear_attention_q16_sparse_Pipeline_VITIS_LOOP_140_10|  return value|
|d_1             |   in|    4|     ap_none|                                                     d_1|        scalar|
|K_V_address0    |  out|    8|   ap_memory|                                                     K_V|         array|
|K_V_ce0         |  out|    1|   ap_memory|                                                     K_V|         array|
|K_V_q0          |   in|   16|   ap_memory|                                                     K_V|         array|
|s_V_out         |  out|   20|      ap_vld|                                                 s_V_out|       pointer|
|s_V_out_ap_vld  |  out|    1|      ap_vld|                                                 s_V_out|       pointer|
+----------------+-----+-----+------------+--------------------------------------------------------+--------------+

