

================================================================
== Vitis HLS Report for 'linear_attention_q8_sparse_Pipeline_VITIS_LOOP_94_5'
================================================================
* Date:           Thu Jul  2 17:14:48 2026

* Version:        2022.2 (Build 3670227 on Oct 13 2022)
* Project:        q8_s30_attn_sparse
* Solution:       solution1 (Vivado IP Flow Target)
* Product family: zynq
* Target device:  xc7z020-clg400-1


================================================================
== Performance Estimates
================================================================
+ Timing: 
    * Summary: 
    +--------+----------+----------+------------+
    |  Clock |  Target  | Estimated| Uncertainty|
    +--------+----------+----------+------------+
    |ap_clk  |  10.00 ns|  5.169 ns|     2.70 ns|
    +--------+----------+----------+------------+

+ Latency: 
    * Summary: 
    +---------+---------+----------+----------+-----+-----+---------+
    |  Latency (cycles) |  Latency (absolute) |  Interval | Pipeline|
    |   min   |   max   |    min   |    max   | min | max |   Type  |
    +---------+---------+----------+----------+-----+-----+---------+
    |       21|       21|  0.210 us|  0.210 us|   21|   21|       no|
    +---------+---------+----------+----------+-----+-----+---------+

    + Detail: 
        * Instance: 
        N/A

        * Loop: 
        +-------------------+---------+---------+----------+-----------+-----------+------+----------+
        |                   |  Latency (cycles) | Iteration|  Initiation Interval  | Trip |          |
        |     Loop Name     |   min   |   max   |  Latency |  achieved |   target  | Count| Pipelined|
        +-------------------+---------+---------+----------+-----------+-----------+------+----------+
        |- VITIS_LOOP_94_5  |       19|       19|         5|          1|          1|    16|       yes|
        +-------------------+---------+---------+----------+-----------+-----------+------+----------+

============================================================
+ Verbose Summary: Synthesis Manager
============================================================
InlineROM: 1
ExposeGlobal: 0
============================================================
+ Verbose Summary: CDFG Model
============================================================
IsTopModel: 0
ResetActiveHigh: 1
IsCombinational: 0
IsDatapathOnly: 0
HasWiredReturn: 1
HasMFsm: 2
HasVarLatency: 1
IsPipeline: 0
IsRtlPipelined: 0
IsInstanceOverlapped: 0
IsDontTouch: 0
HasImplIP: 0
IsGatedGlobalClock: 0

+ Individual pipeline summary: 
  * Pipeline-0: initiation interval (II) = 1, depth = 5


============================================================
+ Verbose Summary: Schedule
============================================================
* Number of FSM states : 5
* Pipeline : 1
  Pipeline-0 : II = 1, D = 5, States = { 1 2 3 4 5 }
* Dataflow Pipeline: 0

* FSM state transitions: 
1 --> 2 
2 --> 3 
3 --> 4 
4 --> 5 
5 --> 

* FSM state operations: 

State 1 <SV = 0> <Delay = 5.16>
ST_1 : Operation 8 [1/1] (0.00ns)   --->   "%sk_V = alloca i32 1"   --->   Operation 8 'alloca' 'sk_V' <Predicate = true> <Delay = 0.00>
ST_1 : Operation 9 [1/1] (0.00ns)   --->   "%sq_V = alloca i32 1"   --->   Operation 9 'alloca' 'sq_V' <Predicate = true> <Delay = 0.00>
ST_1 : Operation 10 [1/1] (0.00ns)   --->   "%i = alloca i32 1"   --->   Operation 10 'alloca' 'i' <Predicate = true> <Delay = 0.00>
ST_1 : Operation 11 [1/1] (0.00ns)   --->   "%mul_read = read i8 @_ssdm_op_Read.ap_auto.i8, i8 %mul"   --->   Operation 11 'read' 'mul_read' <Predicate = true> <Delay = 0.00>
ST_1 : Operation 12 [1/1] (0.00ns)   --->   "%zext_ln1271_2_read = read i8 @_ssdm_op_Read.ap_auto.i8, i8 %zext_ln1271_2"   --->   Operation 12 'read' 'zext_ln1271_2_read' <Predicate = true> <Delay = 0.00>
ST_1 : Operation 13 [1/1] (1.58ns)   --->   "%store_ln0 = store i5 0, i5 %i"   --->   Operation 13 'store' 'store_ln0' <Predicate = true> <Delay = 1.58>
ST_1 : Operation 14 [1/1] (1.58ns)   --->   "%store_ln0 = store i24 0, i24 %sq_V"   --->   Operation 14 'store' 'store_ln0' <Predicate = true> <Delay = 1.58>
ST_1 : Operation 15 [1/1] (1.58ns)   --->   "%store_ln0 = store i24 0, i24 %sk_V"   --->   Operation 15 'store' 'store_ln0' <Predicate = true> <Delay = 1.58>
ST_1 : Operation 16 [1/1] (0.00ns)   --->   "%br_ln0 = br void %for.body66"   --->   Operation 16 'br' 'br_ln0' <Predicate = true> <Delay = 0.00>
ST_1 : Operation 17 [1/1] (0.00ns)   --->   "%i_1 = load i5 %i" [src/imgds_linear_dense_q8.cpp:94]   --->   Operation 17 'load' 'i_1' <Predicate = true> <Delay = 0.00>
ST_1 : Operation 18 [1/1] (1.36ns)   --->   "%icmp_ln94 = icmp_eq  i5 %i_1, i5 16" [src/imgds_linear_dense_q8.cpp:94]   --->   Operation 18 'icmp' 'icmp_ln94' <Predicate = true> <Delay = 1.36> <CoreInst = "Cmp">   --->   Core 9 'Cmp' <Latency = 0> <II = 1> <Delay = 1.36> <FuncUnit> <Opcode : 'icmp'> <InPorts = 2> <OutPorts = 1>
ST_1 : Operation 19 [1/1] (1.78ns)   --->   "%add_ln94 = add i5 %i_1, i5 1" [src/imgds_linear_dense_q8.cpp:94]   --->   Operation 19 'add' 'add_ln94' <Predicate = true> <Delay = 1.78> <CoreInst = "Adder">   --->   Core 1 'Adder' <Latency = 0> <II = 1> <Delay = 1.78> <FuncUnit> <Opcode : 'add' 'sub'> <InPorts = 2> <OutPorts = 1>
ST_1 : Operation 20 [1/1] (0.00ns)   --->   "%br_ln94 = br i1 %icmp_ln94, void %for.body66.split, void %for.end85_ifconv.exitStub" [src/imgds_linear_dense_q8.cpp:94]   --->   Operation 20 'br' 'br_ln94' <Predicate = true> <Delay = 0.00>
ST_1 : Operation 21 [1/1] (0.00ns)   --->   "%zext_ln96 = zext i5 %i_1" [src/imgds_linear_dense_q8.cpp:96]   --->   Operation 21 'zext' 'zext_ln96' <Predicate = (!icmp_ln94)> <Delay = 0.00>
ST_1 : Operation 22 [1/1] (1.91ns)   --->   "%add_ln96 = add i8 %zext_ln1271_2_read, i8 %zext_ln96" [src/imgds_linear_dense_q8.cpp:96]   --->   Operation 22 'add' 'add_ln96' <Predicate = (!icmp_ln94)> <Delay = 1.91> <CoreInst = "Adder">   --->   Core 1 'Adder' <Latency = 0> <II = 1> <Delay = 1.91> <FuncUnit> <Opcode : 'add' 'sub'> <InPorts = 2> <OutPorts = 1>
ST_1 : Operation 23 [1/1] (0.00ns)   --->   "%zext_ln96_1 = zext i8 %add_ln96" [src/imgds_linear_dense_q8.cpp:96]   --->   Operation 23 'zext' 'zext_ln96_1' <Predicate = (!icmp_ln94)> <Delay = 0.00>
ST_1 : Operation 24 [1/1] (0.00ns)   --->   "%x_addr = getelementptr i16 %x, i64 0, i64 %zext_ln96_1" [src/imgds_linear_dense_q8.cpp:96]   --->   Operation 24 'getelementptr' 'x_addr' <Predicate = (!icmp_ln94)> <Delay = 0.00>
ST_1 : Operation 25 [2/2] (3.25ns)   --->   "%xi_V = load i8 %x_addr" [src/imgds_linear_dense_q8.cpp:96]   --->   Operation 25 'load' 'xi_V' <Predicate = (!icmp_ln94)> <Delay = 3.25> <CoreInst = "RAM">   --->   Core 82 'RAM' <Latency = 1> <II = 1> <Delay = 3.25> <Storage> <Opcode : 'load' 'store'> <Ports = 2> <Width = 16> <Depth = 256> <RAM>
ST_1 : Operation 26 [1/1] (1.91ns)   --->   "%add_ln97 = add i8 %zext_ln96, i8 %mul_read" [src/imgds_linear_dense_q8.cpp:97]   --->   Operation 26 'add' 'add_ln97' <Predicate = (!icmp_ln94)> <Delay = 1.91> <CoreInst = "Adder">   --->   Core 1 'Adder' <Latency = 0> <II = 1> <Delay = 1.91> <FuncUnit> <Opcode : 'add' 'sub'> <InPorts = 2> <OutPorts = 1>
ST_1 : Operation 27 [1/1] (0.00ns)   --->   "%zext_ln1273 = zext i8 %add_ln97"   --->   Operation 27 'zext' 'zext_ln1273' <Predicate = (!icmp_ln94)> <Delay = 0.00>
ST_1 : Operation 28 [1/1] (0.00ns)   --->   "%layers_0_attention_query_weight_V_addr = getelementptr i6 %layers_0_attention_query_weight_V, i64 0, i64 %zext_ln1273"   --->   Operation 28 'getelementptr' 'layers_0_attention_query_weight_V_addr' <Predicate = (!icmp_ln94)> <Delay = 0.00>
ST_1 : Operation 29 [2/2] (3.25ns)   --->   "%layers_0_attention_query_weight_V_load = load i8 %layers_0_attention_query_weight_V_addr"   --->   Operation 29 'load' 'layers_0_attention_query_weight_V_load' <Predicate = (!icmp_ln94)> <Delay = 3.25> <CoreInst = "ROM">   --->   Core 95 'ROM' <Latency = 1> <II = 1> <Delay = 3.25> <Storage> <Opcode : 'load'> <Ports = 0> <Width = 6> <Depth = 256> <ROM>
ST_1 : Operation 30 [1/1] (0.00ns)   --->   "%layers_0_attention_key_weight_V_addr = getelementptr i5 %layers_0_attention_key_weight_V, i64 0, i64 %zext_ln1273"   --->   Operation 30 'getelementptr' 'layers_0_attention_key_weight_V_addr' <Predicate = (!icmp_ln94)> <Delay = 0.00>
ST_1 : Operation 31 [2/2] (3.25ns)   --->   "%layers_0_attention_key_weight_V_load = load i8 %layers_0_attention_key_weight_V_addr"   --->   Operation 31 'load' 'layers_0_attention_key_weight_V_load' <Predicate = (!icmp_ln94)> <Delay = 3.25> <CoreInst = "ROM">   --->   Core 95 'ROM' <Latency = 1> <II = 1> <Delay = 3.25> <Storage> <Opcode : 'load'> <Ports = 0> <Width = 5> <Depth = 256> <ROM>
ST_1 : Operation 32 [1/1] (1.58ns)   --->   "%store_ln94 = store i5 %add_ln94, i5 %i" [src/imgds_linear_dense_q8.cpp:94]   --->   Operation 32 'store' 'store_ln94' <Predicate = (!icmp_ln94)> <Delay = 1.58>

State 2 <SV = 1> <Delay = 4.30>
ST_2 : Operation 33 [1/2] (3.25ns)   --->   "%xi_V = load i8 %x_addr" [src/imgds_linear_dense_q8.cpp:96]   --->   Operation 33 'load' 'xi_V' <Predicate = (!icmp_ln94)> <Delay = 3.25> <CoreInst = "RAM">   --->   Core 82 'RAM' <Latency = 1> <II = 1> <Delay = 3.25> <Storage> <Opcode : 'load' 'store'> <Ports = 2> <Width = 16> <Depth = 256> <RAM>
ST_2 : Operation 34 [1/2] (3.25ns)   --->   "%layers_0_attention_query_weight_V_load = load i8 %layers_0_attention_query_weight_V_addr"   --->   Operation 34 'load' 'layers_0_attention_query_weight_V_load' <Predicate = (!icmp_ln94)> <Delay = 3.25> <CoreInst = "ROM">   --->   Core 95 'ROM' <Latency = 1> <II = 1> <Delay = 3.25> <Storage> <Opcode : 'load'> <Ports = 0> <Width = 6> <Depth = 256> <ROM>
ST_2 : Operation 35 [1/1] (0.00ns)   --->   "%sext_ln1273 = sext i16 %xi_V"   --->   Operation 35 'sext' 'sext_ln1273' <Predicate = (!icmp_ln94)> <Delay = 0.00>
ST_2 : Operation 36 [1/1] (0.00ns)   --->   "%sext_ln1273_1 = sext i16 %xi_V"   --->   Operation 36 'sext' 'sext_ln1273_1' <Predicate = (!icmp_ln94)> <Delay = 0.00>
ST_2 : Operation 37 [1/1] (0.00ns)   --->   "%sext_ln1273_2 = sext i6 %layers_0_attention_query_weight_V_load"   --->   Operation 37 'sext' 'sext_ln1273_2' <Predicate = (!icmp_ln94)> <Delay = 0.00>
ST_2 : Operation 38 [3/3] (1.05ns) (grouped into DSP with root node sq_V_3)   --->   "%r_V = mul i22 %sext_ln1273_1, i22 %sext_ln1273_2"   --->   Operation 38 'mul' 'r_V' <Predicate = (!icmp_ln94)> <Delay = 1.05> <CoreInst = "DSP48">   --->   Core 119 'DSP48' <Latency = 3> <II = 1> <Delay = 2.15> <IPBlock> <Opcode : 'mul' 'add' 'sub' 'select'> <InPorts = 0> <OutPorts = 1> <Sync> <CReg>
ST_2 : Operation 39 [1/2] (3.25ns)   --->   "%layers_0_attention_key_weight_V_load = load i8 %layers_0_attention_key_weight_V_addr"   --->   Operation 39 'load' 'layers_0_attention_key_weight_V_load' <Predicate = (!icmp_ln94)> <Delay = 3.25> <CoreInst = "ROM">   --->   Core 95 'ROM' <Latency = 1> <II = 1> <Delay = 3.25> <Storage> <Opcode : 'load'> <Ports = 0> <Width = 5> <Depth = 256> <ROM>
ST_2 : Operation 40 [1/1] (0.00ns)   --->   "%sext_ln1273_3 = sext i5 %layers_0_attention_key_weight_V_load"   --->   Operation 40 'sext' 'sext_ln1273_3' <Predicate = (!icmp_ln94)> <Delay = 0.00>
ST_2 : Operation 41 [3/3] (1.05ns) (grouped into DSP with root node sk_V_3)   --->   "%r_V_1 = mul i21 %sext_ln1273, i21 %sext_ln1273_3"   --->   Operation 41 'mul' 'r_V_1' <Predicate = (!icmp_ln94)> <Delay = 1.05> <CoreInst = "DSP48">   --->   Core 119 'DSP48' <Latency = 3> <II = 1> <Delay = 2.15> <IPBlock> <Opcode : 'mul' 'add' 'sub' 'select'> <InPorts = 0> <OutPorts = 1> <Sync> <CReg>

State 3 <SV = 2> <Delay = 1.05>
ST_3 : Operation 42 [2/3] (1.05ns) (grouped into DSP with root node sq_V_3)   --->   "%r_V = mul i22 %sext_ln1273_1, i22 %sext_ln1273_2"   --->   Operation 42 'mul' 'r_V' <Predicate = (!icmp_ln94)> <Delay = 1.05> <CoreInst = "DSP48">   --->   Core 119 'DSP48' <Latency = 3> <II = 1> <Delay = 2.15> <IPBlock> <Opcode : 'mul' 'add' 'sub' 'select'> <InPorts = 0> <OutPorts = 1> <Sync> <CReg>
ST_3 : Operation 43 [2/3] (1.05ns) (grouped into DSP with root node sk_V_3)   --->   "%r_V_1 = mul i21 %sext_ln1273, i21 %sext_ln1273_3"   --->   Operation 43 'mul' 'r_V_1' <Predicate = (!icmp_ln94)> <Delay = 1.05> <CoreInst = "DSP48">   --->   Core 119 'DSP48' <Latency = 3> <II = 1> <Delay = 2.15> <IPBlock> <Opcode : 'mul' 'add' 'sub' 'select'> <InPorts = 0> <OutPorts = 1> <Sync> <CReg>

State 4 <SV = 3> <Delay = 2.10>
ST_4 : Operation 44 [1/1] (0.00ns)   --->   "%sk_V_2 = load i24 %sk_V" [src/imgds_linear_dense_q8.cpp:94]   --->   Operation 44 'load' 'sk_V_2' <Predicate = true> <Delay = 0.00>
ST_4 : Operation 45 [1/1] (0.00ns)   --->   "%sq_V_2 = load i24 %sq_V" [src/imgds_linear_dense_q8.cpp:94]   --->   Operation 45 'load' 'sq_V_2' <Predicate = true> <Delay = 0.00>
ST_4 : Operation 46 [1/1] (0.00ns)   --->   "%trunc_ln94 = trunc i24 %sk_V_2" [src/imgds_linear_dense_q8.cpp:94]   --->   Operation 46 'trunc' 'trunc_ln94' <Predicate = true> <Delay = 0.00>
ST_4 : Operation 47 [1/1] (0.00ns)   --->   "%trunc_ln94_1 = trunc i24 %sq_V_2" [src/imgds_linear_dense_q8.cpp:94]   --->   Operation 47 'trunc' 'trunc_ln94_1' <Predicate = true> <Delay = 0.00>
ST_4 : Operation 48 [1/1] (0.00ns)   --->   "%empty = speclooptripcount i32 @_ssdm_op_SpecLoopTripCount, i64 16, i64 16, i64 16"   --->   Operation 48 'speclooptripcount' 'empty' <Predicate = true> <Delay = 0.00>
ST_4 : Operation 49 [1/3] (0.00ns) (grouped into DSP with root node sq_V_3)   --->   "%r_V = mul i22 %sext_ln1273_1, i22 %sext_ln1273_2"   --->   Operation 49 'mul' 'r_V' <Predicate = (!icmp_ln94)> <Delay = 0.00> <CoreInst = "DSP48">   --->   Core 119 'DSP48' <Latency = 3> <II = 1> <Delay = 2.15> <IPBlock> <Opcode : 'mul' 'add' 'sub' 'select'> <InPorts = 0> <OutPorts = 1> <Sync> <CReg>
ST_4 : Operation 50 [1/1] (0.00ns) (grouped into DSP with root node sq_V_3)   --->   "%sext_ln1270 = sext i22 %r_V"   --->   Operation 50 'sext' 'sext_ln1270' <Predicate = (!icmp_ln94)> <Delay = 0.00>
ST_4 : Operation 51 [2/2] (2.10ns) (root node of the DSP)   --->   "%sq_V_3 = add i24 %sext_ln1270, i24 %sq_V_2"   --->   Operation 51 'add' 'sq_V_3' <Predicate = (!icmp_ln94)> <Delay = 2.10> <CoreInst = "DSP48">   --->   Core 119 'DSP48' <Latency = 3> <II = 1> <Delay = 2.15> <IPBlock> <Opcode : 'mul' 'add' 'sub' 'select'> <InPorts = 0> <OutPorts = 1> <Sync> <CReg>
ST_4 : Operation 52 [1/3] (0.00ns) (grouped into DSP with root node sk_V_3)   --->   "%r_V_1 = mul i21 %sext_ln1273, i21 %sext_ln1273_3"   --->   Operation 52 'mul' 'r_V_1' <Predicate = (!icmp_ln94)> <Delay = 0.00> <CoreInst = "DSP48">   --->   Core 119 'DSP48' <Latency = 3> <II = 1> <Delay = 2.15> <IPBlock> <Opcode : 'mul' 'add' 'sub' 'select'> <InPorts = 0> <OutPorts = 1> <Sync> <CReg>
ST_4 : Operation 53 [1/1] (0.00ns) (grouped into DSP with root node sk_V_3)   --->   "%sext_ln1270_1 = sext i21 %r_V_1"   --->   Operation 53 'sext' 'sext_ln1270_1' <Predicate = (!icmp_ln94)> <Delay = 0.00>
ST_4 : Operation 54 [2/2] (2.10ns) (root node of the DSP)   --->   "%sk_V_3 = add i24 %sext_ln1270_1, i24 %sk_V_2"   --->   Operation 54 'add' 'sk_V_3' <Predicate = (!icmp_ln94)> <Delay = 2.10> <CoreInst = "DSP48">   --->   Core 119 'DSP48' <Latency = 3> <II = 1> <Delay = 2.15> <IPBlock> <Opcode : 'mul' 'add' 'sub' 'select'> <InPorts = 0> <OutPorts = 1> <Sync> <CReg>
ST_4 : Operation 62 [1/1] (0.00ns)   --->   "%write_ln94 = write void @_ssdm_op_Write.ap_auto.i20P0A, i20 %sq_V_out, i20 %trunc_ln94_1" [src/imgds_linear_dense_q8.cpp:94]   --->   Operation 62 'write' 'write_ln94' <Predicate = (icmp_ln94)> <Delay = 0.00>
ST_4 : Operation 63 [1/1] (0.00ns)   --->   "%write_ln94 = write void @_ssdm_op_Write.ap_auto.i20P0A, i20 %sk_V_out, i20 %trunc_ln94" [src/imgds_linear_dense_q8.cpp:94]   --->   Operation 63 'write' 'write_ln94' <Predicate = (icmp_ln94)> <Delay = 0.00>
ST_4 : Operation 64 [1/1] (0.00ns)   --->   "%ret_ln0 = ret"   --->   Operation 64 'ret' 'ret_ln0' <Predicate = (icmp_ln94)> <Delay = 0.00>

State 5 <SV = 4> <Delay = 3.68>
ST_5 : Operation 55 [1/1] (0.00ns)   --->   "%specpipeline_ln95 = specpipeline void @_ssdm_op_SpecPipeline, i32 1, i32 0, i32 0, i32 0, void @empty_3" [src/imgds_linear_dense_q8.cpp:95]   --->   Operation 55 'specpipeline' 'specpipeline_ln95' <Predicate = true> <Delay = 0.00>
ST_5 : Operation 56 [1/1] (0.00ns)   --->   "%specloopname_ln93 = specloopname void @_ssdm_op_SpecLoopName, void @empty_30" [src/imgds_linear_dense_q8.cpp:93]   --->   Operation 56 'specloopname' 'specloopname_ln93' <Predicate = true> <Delay = 0.00>
ST_5 : Operation 57 [1/2] (2.10ns) (root node of the DSP)   --->   "%sq_V_3 = add i24 %sext_ln1270, i24 %sq_V_2"   --->   Operation 57 'add' 'sq_V_3' <Predicate = true> <Delay = 2.10> <CoreInst = "DSP48">   --->   Core 119 'DSP48' <Latency = 3> <II = 1> <Delay = 2.15> <IPBlock> <Opcode : 'mul' 'add' 'sub' 'select'> <InPorts = 0> <OutPorts = 1> <Sync> <CReg>
ST_5 : Operation 58 [1/2] (2.10ns) (root node of the DSP)   --->   "%sk_V_3 = add i24 %sext_ln1270_1, i24 %sk_V_2"   --->   Operation 58 'add' 'sk_V_3' <Predicate = true> <Delay = 2.10> <CoreInst = "DSP48">   --->   Core 119 'DSP48' <Latency = 3> <II = 1> <Delay = 2.15> <IPBlock> <Opcode : 'mul' 'add' 'sub' 'select'> <InPorts = 0> <OutPorts = 1> <Sync> <CReg>
ST_5 : Operation 59 [1/1] (1.58ns)   --->   "%store_ln94 = store i24 %sq_V_3, i24 %sq_V" [src/imgds_linear_dense_q8.cpp:94]   --->   Operation 59 'store' 'store_ln94' <Predicate = true> <Delay = 1.58>
ST_5 : Operation 60 [1/1] (1.58ns)   --->   "%store_ln94 = store i24 %sk_V_3, i24 %sk_V" [src/imgds_linear_dense_q8.cpp:94]   --->   Operation 60 'store' 'store_ln94' <Predicate = true> <Delay = 1.58>
ST_5 : Operation 61 [1/1] (0.00ns)   --->   "%br_ln94 = br void %for.body66" [src/imgds_linear_dense_q8.cpp:94]   --->   Operation 61 'br' 'br_ln94' <Predicate = true> <Delay = 0.00>


============================================================
+ Verbose Summary: Timing violations
============================================================
Target clock period: 10ns, clock uncertainty: 2.7ns.

 <State 1>: 5.17ns
The critical path consists of the following:
	'alloca' operation ('i') [10]  (0 ns)
	'load' operation ('i', src/imgds_linear_dense_q8.cpp:94) on local variable 'i' [20]  (0 ns)
	'add' operation ('add_ln96', src/imgds_linear_dense_q8.cpp:96) [29]  (1.92 ns)
	'getelementptr' operation ('x_addr', src/imgds_linear_dense_q8.cpp:96) [31]  (0 ns)
	'load' operation ('xi.V', src/imgds_linear_dense_q8.cpp:96) on array 'x' [34]  (3.25 ns)

 <State 2>: 4.3ns
The critical path consists of the following:
	'load' operation ('xi.V', src/imgds_linear_dense_q8.cpp:96) on array 'x' [34]  (3.25 ns)
	'mul' operation of DSP[44] ('r.V') [42]  (1.05 ns)

 <State 3>: 1.05ns
The critical path consists of the following:
	'mul' operation of DSP[44] ('r.V') [42]  (1.05 ns)

 <State 4>: 2.1ns
The critical path consists of the following:
	'load' operation ('sq.V', src/imgds_linear_dense_q8.cpp:94) on local variable 'sq.V' [19]  (0 ns)
	'add' operation of DSP[44] ('sq.V') [44]  (2.1 ns)

 <State 5>: 3.69ns
The critical path consists of the following:
	'add' operation of DSP[44] ('sq.V') [44]  (2.1 ns)
	'store' operation ('store_ln94', src/imgds_linear_dense_q8.cpp:94) of variable 'sq.V' on local variable 'sq.V' [52]  (1.59 ns)


============================================================
+ Verbose Summary: Binding
============================================================
N/A
* FSMD analyzer results:
  - Output states:
 - Input state : 
  - Chain level:
	State 1
	State 2
	State 3
	State 4
	State 5


============================================================
+ Verbose Summary: Datapath Resource usage 
============================================================
N/A
