

================================================================
== Vitis HLS Report for 'unsw_linear_transformer'
================================================================
* Date:           Sat Jun 27 20:17:38 2026

* Version:        2022.2 (Build 3670227 on Oct 13 2022)
* Project:        unsw_linear_transformer_prj
* Solution:       solution1 (Vivado IP Flow Target)
* Product family: zynq
* Target device:  xc7z020-clg400-1


================================================================
== Performance Estimates
================================================================
+ Timing: 
    * Summary: 
    +--------+----------+----------+------------+
    |  Clock |  Target  | Estimated| Uncertainty|
    +--------+----------+----------+------------+
    |ap_clk  |  10.00 ns|  8.567 ns|     2.70 ns|
    +--------+----------+----------+------------+

+ Latency: 
    * Summary: 
    +---------+---------+-----------+-----------+------+------+---------+
    |  Latency (cycles) |   Latency (absolute)  |   Interval  | Pipeline|
    |   min   |   max   |    min    |    max    |  min |  max |   Type  |
    +---------+---------+-----------+-----------+------+------+---------+
    |     6948|     6948|  69.480 us|  69.480 us|  6949|  6949|       no|
    +---------+---------+-----------+-----------+------+------+---------+

    + Detail: 
        * Instance: 
        +----------------------------------------------------------------------------------+----------------------------------------------------------------------+---------+---------+-----------+-----------+------+------+---------+
        |                                                                                  |                                                                      |  Latency (cycles) |   Latency (absolute)  |   Interval  | Pipeline|
        |                                     Instance                                     |                                Module                                |   min   |   max   |    min    |    max    |  min |  max |   Type  |
        +----------------------------------------------------------------------------------+----------------------------------------------------------------------+---------+---------+-----------+-----------+------+------+---------+
        |grp_unsw_linear_transformer_Pipeline_VITIS_LOOP_75_1_VITIS_LOOP_76_2_fu_762       |unsw_linear_transformer_Pipeline_VITIS_LOOP_75_1_VITIS_LOOP_76_2      |     1658|     1658|  16.580 us|  16.580 us|  1658|  1658|       no|
        |grp_unsw_linear_transformer_Pipeline_VITIS_LOOP_90_4_VITIS_LOOP_91_5_fu_822       |unsw_linear_transformer_Pipeline_VITIS_LOOP_90_4_VITIS_LOOP_91_5      |      225|      225|   2.250 us|   2.250 us|   225|   225|       no|
        |grp_unsw_linear_transformer_Pipeline_VITIS_LOOP_115_7_VITIS_LOOP_116_8_fu_926     |unsw_linear_transformer_Pipeline_VITIS_LOOP_115_7_VITIS_LOOP_116_8    |      121|      121|   1.210 us|   1.210 us|   121|   121|       no|
        |grp_unsw_linear_transformer_Pipeline_VITIS_LOOP_125_9_VITIS_LOOP_126_10_fu_938    |unsw_linear_transformer_Pipeline_VITIS_LOOP_125_9_VITIS_LOOP_126_10   |      237|      237|   2.370 us|   2.370 us|   237|   237|       no|
        |grp_unsw_linear_transformer_Pipeline_VITIS_LOOP_137_12_fu_945                     |unsw_linear_transformer_Pipeline_VITIS_LOOP_137_12                    |       17|       17|   0.170 us|   0.170 us|    17|    17|       no|
        |grp_unsw_linear_transformer_Pipeline_VITIS_LOOP_148_15_fu_951                     |unsw_linear_transformer_Pipeline_VITIS_LOOP_148_15                    |       18|       18|   0.180 us|   0.180 us|    18|    18|       no|
        |grp_unsw_linear_transformer_Pipeline_VITIS_LOOP_167_18_VITIS_LOOP_168_19_fu_959   |unsw_linear_transformer_Pipeline_VITIS_LOOP_167_18_VITIS_LOOP_168_19  |      220|      220|   2.200 us|   2.200 us|   220|   220|       no|
        |grp_unsw_linear_transformer_Pipeline_VITIS_LOOP_155_16_fu_1000                    |unsw_linear_transformer_Pipeline_VITIS_LOOP_155_16                    |       73|       73|   0.730 us|   0.730 us|    73|    73|       no|
        |grp_unsw_linear_transformer_Pipeline_VITIS_LOOP_21_1_fu_1022                      |unsw_linear_transformer_Pipeline_VITIS_LOOP_21_1                      |      303|      303|   3.030 us|   3.030 us|   303|   303|       no|
        |grp_unsw_linear_transformer_Pipeline_VITIS_LOOP_188_21_VITIS_LOOP_189_22_fu_1028  |unsw_linear_transformer_Pipeline_VITIS_LOOP_188_21_VITIS_LOOP_189_22  |     2130|     2130|  21.300 us|  21.300 us|  2130|  2130|       no|
        |grp_unsw_linear_transformer_Pipeline_VITIS_LOOP_200_24_VITIS_LOOP_201_25_fu_1068  |unsw_linear_transformer_Pipeline_VITIS_LOOP_200_24_VITIS_LOOP_201_25  |      427|      427|   4.270 us|   4.270 us|   427|   427|       no|
        |grp_unsw_linear_transformer_Pipeline_VITIS_LOOP_21_11_fu_1141                     |unsw_linear_transformer_Pipeline_VITIS_LOOP_21_11                     |      303|      303|   3.030 us|   3.030 us|   303|   303|       no|
        |grp_unsw_linear_transformer_Pipeline_VITIS_LOOP_220_27_fu_1147                    |unsw_linear_transformer_Pipeline_VITIS_LOOP_220_27                    |      108|      108|   1.080 us|   1.080 us|   108|   108|       no|
        |grp_unsw_linear_transformer_Pipeline_VITIS_LOOP_51_1_fu_1153                      |unsw_linear_transformer_Pipeline_VITIS_LOOP_51_1                      |       84|       84|   0.840 us|   0.840 us|    84|    84|       no|
        |grp_unsw_linear_transformer_Pipeline_VITIS_LOOP_57_2_fu_1159                      |unsw_linear_transformer_Pipeline_VITIS_LOOP_57_2                      |       93|       93|   0.930 us|   0.930 us|    93|    93|       no|
        |grp_unsw_linear_transformer_Pipeline_VITIS_LOOP_64_3_fu_1166                      |unsw_linear_transformer_Pipeline_VITIS_LOOP_64_3                      |       37|       37|   0.370 us|   0.370 us|    37|    37|       no|
        |grp_unsw_linear_transformer_Pipeline_VITIS_LOOP_231_29_fu_1178                    |unsw_linear_transformer_Pipeline_VITIS_LOOP_231_29                    |       87|       87|   0.870 us|   0.870 us|    87|    87|       no|
        +----------------------------------------------------------------------------------+----------------------------------------------------------------------+---------+---------+-----------+-----------+------+------+---------+

        * Loop: 
        +---------------------+---------+---------+----------+-----------+-----------+------+----------+
        |                     |  Latency (cycles) | Iteration|  Initiation Interval  | Trip |          |
        |      Loop Name      |   min   |   max   |  Latency |  achieved |   target  | Count| Pipelined|
        +---------------------+---------+---------+----------+-----------+-----------+------+----------+
        |- VITIS_LOOP_146_14  |      816|      816|       102|          -|          -|     8|        no|
        +---------------------+---------+---------+----------+-----------+-----------+------+----------+



================================================================
== Utilization Estimates
================================================================
* Summary: 
+-----------------+---------+-----+--------+-------+-----+
|       Name      | BRAM_18K| DSP |   FF   |  LUT  | URAM|
+-----------------+---------+-----+--------+-------+-----+
|DSP              |        -|    -|       -|      -|    -|
|Expression       |        -|    -|       0|    234|    -|
|FIFO             |        -|    -|       -|      -|    -|
|Instance         |       18|  281|   77033|  70295|    -|
|Memory           |      148|    -|     119|     22|    0|
|Multiplexer      |        -|    -|       -|   6016|    -|
|Register         |        -|    -|    1234|      -|    -|
+-----------------+---------+-----+--------+-------+-----+
|Total            |      166|  281|   78386|  76567|    0|
+-----------------+---------+-----+--------+-------+-----+
|Available        |      280|  220|  106400|  53200|    0|
+-----------------+---------+-----+--------+-------+-----+
|Utilization (%)  |       59|  127|      73|    143|    0|
+-----------------+---------+-----+--------+-------+-----+

+ Detail: 
    * Instance: 
    +----------------------------------------------------------------------------------+----------------------------------------------------------------------+---------+-----+-------+-------+-----+
    |                                     Instance                                     |                                Module                                | BRAM_18K| DSP |   FF  |  LUT  | URAM|
    +----------------------------------------------------------------------------------+----------------------------------------------------------------------+---------+-----+-------+-------+-----+
    |fadd_32ns_32ns_32_5_full_dsp_1_U523                                               |fadd_32ns_32ns_32_5_full_dsp_1                                        |        0|    2|    205|    390|    0|
    |fadd_32ns_32ns_32_5_full_dsp_1_U531                                               |fadd_32ns_32ns_32_5_full_dsp_1                                        |        0|    2|    205|    390|    0|
    |fadd_32ns_32ns_32_5_full_dsp_1_U532                                               |fadd_32ns_32ns_32_5_full_dsp_1                                        |        0|    2|    205|    390|    0|
    |fadd_32ns_32ns_32_5_full_dsp_1_U533                                               |fadd_32ns_32ns_32_5_full_dsp_1                                        |        0|    2|    205|    390|    0|
    |fadd_32ns_32ns_32_5_full_dsp_1_U534                                               |fadd_32ns_32ns_32_5_full_dsp_1                                        |        0|    2|    205|    390|    0|
    |fadd_32ns_32ns_32_5_full_dsp_1_U535                                               |fadd_32ns_32ns_32_5_full_dsp_1                                        |        0|    2|    205|    390|    0|
    |fadd_32ns_32ns_32_5_full_dsp_1_U536                                               |fadd_32ns_32ns_32_5_full_dsp_1                                        |        0|    2|    205|    390|    0|
    |fadd_32ns_32ns_32_5_full_dsp_1_U537                                               |fadd_32ns_32ns_32_5_full_dsp_1                                        |        0|    2|    205|    390|    0|
    |fadd_32ns_32ns_32_5_full_dsp_1_U538                                               |fadd_32ns_32ns_32_5_full_dsp_1                                        |        0|    2|    205|    390|    0|
    |fadd_32ns_32ns_32_5_full_dsp_1_U539                                               |fadd_32ns_32ns_32_5_full_dsp_1                                        |        0|    2|    205|    390|    0|
    |faddfsub_32ns_32ns_32_5_full_dsp_1_U519                                           |faddfsub_32ns_32ns_32_5_full_dsp_1                                    |        0|    2|    205|    390|    0|
    |faddfsub_32ns_32ns_32_5_full_dsp_1_U524                                           |faddfsub_32ns_32ns_32_5_full_dsp_1                                    |        0|    2|    205|    390|    0|
    |faddfsub_32ns_32ns_32_5_full_dsp_1_U526                                           |faddfsub_32ns_32ns_32_5_full_dsp_1                                    |        0|    2|    205|    390|    0|
    |faddfsub_32ns_32ns_32_5_full_dsp_1_U527                                           |faddfsub_32ns_32ns_32_5_full_dsp_1                                    |        0|    2|    205|    390|    0|
    |faddfsub_32ns_32ns_32_5_full_dsp_1_U528                                           |faddfsub_32ns_32ns_32_5_full_dsp_1                                    |        0|    2|    205|    390|    0|
    |faddfsub_32ns_32ns_32_5_full_dsp_1_U529                                           |faddfsub_32ns_32ns_32_5_full_dsp_1                                    |        0|    2|    205|    390|    0|
    |faddfsub_32ns_32ns_32_5_full_dsp_1_U530                                           |faddfsub_32ns_32ns_32_5_full_dsp_1                                    |        0|    2|    205|    390|    0|
    |fcmp_32ns_32ns_1_2_no_dsp_1_U554                                                  |fcmp_32ns_32ns_1_2_no_dsp_1                                           |        0|    0|      0|      0|    0|
    |fdiv_32ns_32ns_32_16_no_dsp_1_U521                                                |fdiv_32ns_32ns_32_16_no_dsp_1                                         |        0|    0|      0|      0|    0|
    |fmul_32ns_32ns_32_4_max_dsp_1_U520                                                |fmul_32ns_32ns_32_4_max_dsp_1                                         |        0|    3|    143|    321|    0|
    |fmul_32ns_32ns_32_4_max_dsp_1_U525                                                |fmul_32ns_32ns_32_4_max_dsp_1                                         |        0|    3|    143|    321|    0|
    |fmul_32ns_32ns_32_4_max_dsp_1_U540                                                |fmul_32ns_32ns_32_4_max_dsp_1                                         |        0|    3|    143|    321|    0|
    |fmul_32ns_32ns_32_4_max_dsp_1_U541                                                |fmul_32ns_32ns_32_4_max_dsp_1                                         |        0|    3|    143|    321|    0|
    |fmul_32ns_32ns_32_4_max_dsp_1_U542                                                |fmul_32ns_32ns_32_4_max_dsp_1                                         |        0|    3|    143|    321|    0|
    |fmul_32ns_32ns_32_4_max_dsp_1_U543                                                |fmul_32ns_32ns_32_4_max_dsp_1                                         |        0|    3|    143|    321|    0|
    |fmul_32ns_32ns_32_4_max_dsp_1_U544                                                |fmul_32ns_32ns_32_4_max_dsp_1                                         |        0|    3|    143|    321|    0|
    |fmul_32ns_32ns_32_4_max_dsp_1_U545                                                |fmul_32ns_32ns_32_4_max_dsp_1                                         |        0|    3|    143|    321|    0|
    |fmul_32ns_32ns_32_4_max_dsp_1_U546                                                |fmul_32ns_32ns_32_4_max_dsp_1                                         |        0|    3|    143|    321|    0|
    |fmul_32ns_32ns_32_4_max_dsp_1_U547                                                |fmul_32ns_32ns_32_4_max_dsp_1                                         |        0|    3|    143|    321|    0|
    |fmul_32ns_32ns_32_4_max_dsp_1_U548                                                |fmul_32ns_32ns_32_4_max_dsp_1                                         |        0|    3|    143|    321|    0|
    |fmul_32ns_32ns_32_4_max_dsp_1_U549                                                |fmul_32ns_32ns_32_4_max_dsp_1                                         |        0|    3|    143|    321|    0|
    |fmul_32ns_32ns_32_4_max_dsp_1_U550                                                |fmul_32ns_32ns_32_4_max_dsp_1                                         |        0|    3|    143|    321|    0|
    |fmul_32ns_32ns_32_4_max_dsp_1_U551                                                |fmul_32ns_32ns_32_4_max_dsp_1                                         |        0|    3|    143|    321|    0|
    |fmul_32ns_32ns_32_4_max_dsp_1_U552                                                |fmul_32ns_32ns_32_4_max_dsp_1                                         |        0|    3|    143|    321|    0|
    |fmul_32ns_32ns_32_4_max_dsp_1_U553                                                |fmul_32ns_32ns_32_4_max_dsp_1                                         |        0|    3|    143|    321|    0|
    |fpext_32ns_64_2_no_dsp_1_U555                                                     |fpext_32ns_64_2_no_dsp_1                                              |        0|    0|      0|      0|    0|
    |fpext_32ns_64_2_no_dsp_1_U556                                                     |fpext_32ns_64_2_no_dsp_1                                              |        0|    0|      0|      0|    0|
    |fsqrt_32ns_32ns_32_16_no_dsp_1_U522                                               |fsqrt_32ns_32ns_32_16_no_dsp_1                                        |        0|    0|      0|      0|    0|
    |grp_unsw_linear_transformer_Pipeline_VITIS_LOOP_115_7_VITIS_LOOP_116_8_fu_926     |unsw_linear_transformer_Pipeline_VITIS_LOOP_115_7_VITIS_LOOP_116_8    |        0|    0|   1038|   1398|    0|
    |grp_unsw_linear_transformer_Pipeline_VITIS_LOOP_125_9_VITIS_LOOP_126_10_fu_938    |unsw_linear_transformer_Pipeline_VITIS_LOOP_125_9_VITIS_LOOP_126_10   |        0|    8|   5161|   6676|    0|
    |grp_unsw_linear_transformer_Pipeline_VITIS_LOOP_137_12_fu_945                     |unsw_linear_transformer_Pipeline_VITIS_LOOP_137_12                    |        0|    0|     85|    357|    0|
    |grp_unsw_linear_transformer_Pipeline_VITIS_LOOP_148_15_fu_951                     |unsw_linear_transformer_Pipeline_VITIS_LOOP_148_15                    |        0|    1|    114|    159|    0|
    |grp_unsw_linear_transformer_Pipeline_VITIS_LOOP_155_16_fu_1000                    |unsw_linear_transformer_Pipeline_VITIS_LOOP_155_16                    |        0|   14|   6041|   4994|    0|
    |grp_unsw_linear_transformer_Pipeline_VITIS_LOOP_167_18_VITIS_LOOP_168_19_fu_959   |unsw_linear_transformer_Pipeline_VITIS_LOOP_167_18_VITIS_LOOP_168_19  |        0|    0|   4054|   1088|    0|
    |grp_unsw_linear_transformer_Pipeline_VITIS_LOOP_188_21_VITIS_LOOP_189_22_fu_1028  |unsw_linear_transformer_Pipeline_VITIS_LOOP_188_21_VITIS_LOOP_189_22  |       17|    0|   2896|   1496|    0|
    |grp_unsw_linear_transformer_Pipeline_VITIS_LOOP_200_24_VITIS_LOOP_201_25_fu_1068  |unsw_linear_transformer_Pipeline_VITIS_LOOP_200_24_VITIS_LOOP_201_25  |        0|    0|   7595|   3670|    0|
    |grp_unsw_linear_transformer_Pipeline_VITIS_LOOP_21_1_fu_1022                      |unsw_linear_transformer_Pipeline_VITIS_LOOP_21_1                      |        0|    0|   8125|   4107|    0|
    |grp_unsw_linear_transformer_Pipeline_VITIS_LOOP_21_11_fu_1141                     |unsw_linear_transformer_Pipeline_VITIS_LOOP_21_11                     |        0|    0|   8125|   4107|    0|
    |grp_unsw_linear_transformer_Pipeline_VITIS_LOOP_220_27_fu_1147                    |unsw_linear_transformer_Pipeline_VITIS_LOOP_220_27                    |        0|    0|    917|    524|    0|
    |grp_unsw_linear_transformer_Pipeline_VITIS_LOOP_231_29_fu_1178                    |unsw_linear_transformer_Pipeline_VITIS_LOOP_231_29                    |        0|    0|   1340|    660|    0|
    |grp_unsw_linear_transformer_Pipeline_VITIS_LOOP_51_1_fu_1153                      |unsw_linear_transformer_Pipeline_VITIS_LOOP_51_1                      |        0|    0|    110|    128|    0|
    |grp_unsw_linear_transformer_Pipeline_VITIS_LOOP_57_2_fu_1159                      |unsw_linear_transformer_Pipeline_VITIS_LOOP_57_2                      |        0|    0|    210|    220|    0|
    |grp_unsw_linear_transformer_Pipeline_VITIS_LOOP_64_3_fu_1166                      |unsw_linear_transformer_Pipeline_VITIS_LOOP_64_3                      |        0|    0|    403|    109|    0|
    |grp_unsw_linear_transformer_Pipeline_VITIS_LOOP_75_1_VITIS_LOOP_76_2_fu_762       |unsw_linear_transformer_Pipeline_VITIS_LOOP_75_1_VITIS_LOOP_76_2      |        1|    0|   4388|   2142|    0|
    |grp_unsw_linear_transformer_Pipeline_VITIS_LOOP_90_4_VITIS_LOOP_91_5_fu_822       |unsw_linear_transformer_Pipeline_VITIS_LOOP_90_4_VITIS_LOOP_91_5      |        0|  176|  20658|  26694|    0|
    +----------------------------------------------------------------------------------+----------------------------------------------------------------------+---------+-----+-------+-------+-----+
    |Total                                                                             |                                                                      |       18|  281|  77033|  70295|    0|
    +----------------------------------------------------------------------------------+----------------------------------------------------------------------+---------+-----+-------+-------+-----+

    * DSP: 
    N/A

    * Memory: 
    +----------------------+---------------------------------------+---------+----+----+-----+------+-----+------+-------------+
    |        Memory        |                 Module                | BRAM_18K| FF | LUT| URAM| Words| Bits| Banks| W*Bits*Banks|
    +----------------------+---------------------------------------+---------+----+----+-----+------+-----+------+-------------+
    |embedded_U            |embedded_RAM_1WNR_AUTO_1R1W            |       30|   0|   0|    0|   128|   32|     1|         4096|
    |attention_U           |embedded_RAM_1WNR_AUTO_1R1W            |       30|   0|   0|    0|   128|   32|     1|         4096|
    |feedforward_hidden_U  |feedforward_hidden_RAM_1WNR_AUTO_1R1W  |       30|   0|   0|    0|   256|   32|     1|         8192|
    |key_sum_V_U           |key_sum_V_RAM_AUTO_1R1W                |        0|  23|   6|    0|    14|   23|     1|          322|
    |key_value_V_U         |key_value_V_RAM_1WNR_AUTO_1R1W         |       26|   0|   0|    0|   224|   24|     1|         5376|
    |norm1_U               |norm1_RAM_AUTO_1R1W                    |        2|   0|   0|    0|   128|   32|     1|         4096|
    |norm2_U               |norm1_RAM_AUTO_1R1W                    |        2|   0|   0|    0|   128|   32|     1|         4096|
    |normalized_output_U   |normalized_output_RAM_AUTO_1R1W        |        0|  64|   8|    0|    16|   32|     1|          512|
    |pooled_U              |pooled_RAM_AUTO_1R1W                   |        0|  32|   8|    0|    16|   32|     1|          512|
    |query_U               |query_RAM_AUTO_1R1W                    |        1|   0|   0|    0|   128|   32|     1|         4096|
    |key_U                 |query_RAM_AUTO_1R1W                    |        1|   0|   0|    0|   128|   32|     1|         4096|
    |residual1_U           |residual1_RAM_1WNR_AUTO_1R1W           |        2|   0|   0|    0|   128|   32|     1|         4096|
    |residual2_U           |residual1_RAM_1WNR_AUTO_1R1W           |        2|   0|   0|    0|   128|   32|     1|         4096|
    |sparse_key_V_U        |sparse_key_V_RAM_1WNR_AUTO_1R1W        |        7|   0|   0|    0|   112|   16|     1|         1792|
    |sparse_query_V_U      |sparse_query_V_RAM_AUTO_1R1W           |        1|   0|   0|    0|   112|   16|     1|         1792|
    |value_U               |value_RAM_1WNR_AUTO_1R1W               |       14|   0|   0|    0|   128|   32|     1|         4096|
    +----------------------+---------------------------------------+---------+----+----+-----+------+-----+------+-------------+
    |Total                 |                                       |      148| 119|  22|    0|  1902|  463|    16|        55362|
    +----------------------+---------------------------------------+---------+----+----+-----+------+-----+------+-------------+

    * FIFO: 
    N/A

    * Expression: 
    +--------------------------+----------+----+---+----+------------+------------+
    |       Variable Name      | Operation| DSP| FF| LUT| Bitwidth P0| Bitwidth P1|
    +--------------------------+----------+----+---+----+------------+------------+
    |add_ln146_fu_1239_p2      |         +|   0|  0|  13|           4|           1|
    |add_ln837_10_fu_1331_p2   |         +|   0|  0|  14|           7|           3|
    |add_ln837_11_fu_1341_p2   |         +|   0|  0|  14|           7|           3|
    |add_ln837_12_fu_1351_p2   |         +|   0|  0|  14|           7|           4|
    |add_ln837_13_fu_1361_p2   |         +|   0|  0|  14|           7|           4|
    |add_ln837_14_fu_1371_p2   |         +|   0|  0|  14|           7|           4|
    |add_ln837_15_fu_1381_p2   |         +|   0|  0|  14|           7|           4|
    |add_ln837_16_fu_1391_p2   |         +|   0|  0|  14|           7|           4|
    |add_ln837_17_fu_1401_p2   |         +|   0|  0|  14|           7|           4|
    |add_ln837_7_fu_1301_p2    |         +|   0|  0|  14|           7|           2|
    |add_ln837_8_fu_1311_p2    |         +|   0|  0|  14|           7|           3|
    |add_ln837_9_fu_1321_p2    |         +|   0|  0|  14|           7|           3|
    |add_ln837_fu_1291_p2      |         +|   0|  0|  14|           7|           2|
    |sub_ln837_fu_1265_p2      |         -|   0|  0|  14|           7|           7|
    |icmp_ln146_fu_1233_p2     |      icmp|   0|  0|   9|           4|           5|
    |or_ln837_fu_1281_p2       |        or|   0|  0|   7|           7|           1|
    |denominator_V_fu_1426_p3  |    select|   0|  0|  23|           1|           1|
    +--------------------------+----------+----+---+----+------------+------------+
    |Total                     |          |   0|  0| 234|         107|          55|
    +--------------------------+----------+----+---+----+------------+------------+

    * Multiplexer: 
    +-----------------------------+-----+-----------+-----+-----------+
    |             Name            | LUT | Input Size| Bits| Total Bits|
    +-----------------------------+-----+-----------+-----+-----------+
    |ap_NS_fsm                    |  471|         94|    1|         94|
    |attention_address0           |   14|          3|    7|         21|
    |attention_ce0                |   14|          3|    1|          3|
    |attention_ce1                |    9|          2|    1|          2|
    |attention_ce10               |    9|          2|    1|          2|
    |attention_ce11               |    9|          2|    1|          2|
    |attention_ce12               |    9|          2|    1|          2|
    |attention_ce13               |    9|          2|    1|          2|
    |attention_ce14               |    9|          2|    1|          2|
    |attention_ce15               |    9|          2|    1|          2|
    |attention_ce2                |    9|          2|    1|          2|
    |attention_ce3                |    9|          2|    1|          2|
    |attention_ce4                |    9|          2|    1|          2|
    |attention_ce5                |    9|          2|    1|          2|
    |attention_ce6                |    9|          2|    1|          2|
    |attention_ce7                |    9|          2|    1|          2|
    |attention_ce8                |    9|          2|    1|          2|
    |attention_ce9                |    9|          2|    1|          2|
    |attention_we0                |    9|          2|    1|          2|
    |embedded_address0            |   20|          4|    7|         28|
    |embedded_ce0                 |   20|          4|    1|          4|
    |embedded_ce1                 |    9|          2|    1|          2|
    |embedded_ce10                |    9|          2|    1|          2|
    |embedded_ce11                |    9|          2|    1|          2|
    |embedded_ce12                |    9|          2|    1|          2|
    |embedded_ce13                |    9|          2|    1|          2|
    |embedded_ce14                |    9|          2|    1|          2|
    |embedded_ce15                |    9|          2|    1|          2|
    |embedded_ce2                 |    9|          2|    1|          2|
    |embedded_ce3                 |    9|          2|    1|          2|
    |embedded_ce4                 |    9|          2|    1|          2|
    |embedded_ce5                 |    9|          2|    1|          2|
    |embedded_ce6                 |    9|          2|    1|          2|
    |embedded_ce7                 |    9|          2|    1|          2|
    |embedded_ce8                 |    9|          2|    1|          2|
    |embedded_ce9                 |    9|          2|    1|          2|
    |embedded_we0                 |    9|          2|    1|          2|
    |feedforward_hidden_address0  |   14|          3|    8|         24|
    |feedforward_hidden_ce0       |   14|          3|    1|          3|
    |feedforward_hidden_ce1       |    9|          2|    1|          2|
    |feedforward_hidden_ce10      |    9|          2|    1|          2|
    |feedforward_hidden_ce11      |    9|          2|    1|          2|
    |feedforward_hidden_ce12      |    9|          2|    1|          2|
    |feedforward_hidden_ce13      |    9|          2|    1|          2|
    |feedforward_hidden_ce14      |    9|          2|    1|          2|
    |feedforward_hidden_ce15      |    9|          2|    1|          2|
    |feedforward_hidden_ce2       |    9|          2|    1|          2|
    |feedforward_hidden_ce3       |    9|          2|    1|          2|
    |feedforward_hidden_ce4       |    9|          2|    1|          2|
    |feedforward_hidden_ce5       |    9|          2|    1|          2|
    |feedforward_hidden_ce6       |    9|          2|    1|          2|
    |feedforward_hidden_ce7       |    9|          2|    1|          2|
    |feedforward_hidden_ce8       |    9|          2|    1|          2|
    |feedforward_hidden_ce9       |    9|          2|    1|          2|
    |feedforward_hidden_we0       |    9|          2|    1|          2|
    |grp_fu_1200_ce               |   65|         13|    1|         13|
    |grp_fu_1200_opcode           |   65|         14|    2|         28|
    |grp_fu_1200_p0               |   65|         14|   32|        448|
    |grp_fu_1200_p1               |   65|         14|   32|        448|
    |grp_fu_1205_ce               |   65|         12|    1|         12|
    |grp_fu_1205_p0               |   65|         14|   32|        448|
    |grp_fu_1205_p1               |   65|         13|   32|        416|
    |grp_fu_1210_ce               |   14|          3|    1|          3|
    |grp_fu_1210_p0               |   20|          4|   32|        128|
    |grp_fu_1210_p1               |   20|          4|   32|        128|
    |grp_fu_1216_ce               |   14|          3|    1|          3|
    |grp_fu_1216_p0               |   14|          3|   32|         96|
    |grp_fu_1216_p1               |   20|          4|   32|        128|
    |grp_fu_2006_ce               |   59|         11|    1|         11|
    |grp_fu_2006_p0               |   59|         11|   32|        352|
    |grp_fu_2006_p1               |   59|         11|   32|        352|
    |grp_fu_2010_ce               |   42|          8|    1|          8|
    |grp_fu_2010_opcode           |   42|          8|    2|         16|
    |grp_fu_2010_p0               |   42|          8|   32|        256|
    |grp_fu_2010_p1               |   42|          8|   32|        256|
    |grp_fu_2014_ce               |   53|         10|    1|         10|
    |grp_fu_2014_p0               |   53|         10|   32|        320|
    |grp_fu_2014_p1               |   53|         10|   32|        320|
    |grp_fu_2018_ce               |   37|          7|    1|          7|
    |grp_fu_2018_opcode           |   37|          7|    2|         14|
    |grp_fu_2018_p0               |   37|          7|   32|        224|
    |grp_fu_2018_p1               |   37|          7|   32|        224|
    |grp_fu_2022_ce               |   37|          7|    1|          7|
    |grp_fu_2022_opcode           |   37|          7|    2|         14|
    |grp_fu_2022_p0               |   37|          7|   32|        224|
    |grp_fu_2022_p1               |   37|          7|   32|        224|
    |grp_fu_2026_ce               |   37|          7|    1|          7|
    |grp_fu_2026_opcode           |   37|          7|    2|         14|
    |grp_fu_2026_p0               |   37|          7|   32|        224|
    |grp_fu_2026_p1               |   37|          7|   32|        224|
    |grp_fu_2030_ce               |   37|          7|    1|          7|
    |grp_fu_2030_opcode           |   37|          7|    2|         14|
    |grp_fu_2030_p0               |   37|          7|   32|        224|
    |grp_fu_2030_p1               |   37|          7|   32|        224|
    |grp_fu_2034_ce               |   37|          7|    1|          7|
    |grp_fu_2034_opcode           |   37|          7|    2|         14|
    |grp_fu_2034_p0               |   37|          7|   32|        224|
    |grp_fu_2034_p1               |   37|          7|   32|        224|
    |grp_fu_2038_ce               |   37|          7|    1|          7|
    |grp_fu_2038_p0               |   37|          7|   32|        224|
    |grp_fu_2038_p1               |   37|          7|   32|        224|
    |grp_fu_2042_ce               |   25|          5|    1|          5|
    |grp_fu_2042_p0               |   25|          5|   32|        160|
    |grp_fu_2042_p1               |   25|          5|   32|        160|
    |grp_fu_2046_ce               |   25|          5|    1|          5|
    |grp_fu_2046_p0               |   25|          5|   32|        160|
    |grp_fu_2046_p1               |   25|          5|   32|        160|
    |grp_fu_2050_ce               |   25|          5|    1|          5|
    |grp_fu_2050_p0               |   25|          5|   32|        160|
    |grp_fu_2050_p1               |   25|          5|   32|        160|
    |grp_fu_2054_ce               |   25|          5|    1|          5|
    |grp_fu_2054_p0               |   25|          5|   32|        160|
    |grp_fu_2054_p1               |   25|          5|   32|        160|
    |grp_fu_2058_ce               |   25|          5|    1|          5|
    |grp_fu_2058_p0               |   25|          5|   32|        160|
    |grp_fu_2058_p1               |   25|          5|   32|        160|
    |grp_fu_2062_ce               |   25|          5|    1|          5|
    |grp_fu_2062_p0               |   25|          5|   32|        160|
    |grp_fu_2062_p1               |   25|          5|   32|        160|
    |grp_fu_2066_ce               |   25|          5|    1|          5|
    |grp_fu_2066_p0               |   25|          5|   32|        160|
    |grp_fu_2066_p1               |   25|          5|   32|        160|
    |grp_fu_2070_ce               |   20|          4|    1|          4|
    |grp_fu_2070_p0               |   20|          4|   32|        128|
    |grp_fu_2070_p1               |   20|          4|   32|        128|
    |grp_fu_2074_ce               |   37|          7|    1|          7|
    |grp_fu_2074_p0               |   37|          7|   32|        224|
    |grp_fu_2074_p1               |   37|          7|   32|        224|
    |grp_fu_2078_ce               |   37|          7|    1|          7|
    |grp_fu_2078_p0               |   37|          7|   32|        224|
    |grp_fu_2078_p1               |   37|          7|   32|        224|
    |grp_fu_2082_ce               |   37|          7|    1|          7|
    |grp_fu_2082_p0               |   37|          7|   32|        224|
    |grp_fu_2082_p1               |   37|          7|   32|        224|
    |grp_fu_2086_ce               |   37|          7|    1|          7|
    |grp_fu_2086_p0               |   37|          7|   32|        224|
    |grp_fu_2086_p1               |   37|          7|   32|        224|
    |grp_fu_2090_ce               |   37|          7|    1|          7|
    |grp_fu_2090_p0               |   37|          7|   32|        224|
    |grp_fu_2090_p1               |   37|          7|   32|        224|
    |grp_fu_2094_ce               |   25|          5|    1|          5|
    |grp_fu_2094_p0               |   25|          5|   32|        160|
    |grp_fu_2094_p1               |   25|          5|   32|        160|
    |grp_fu_2098_ce               |   25|          5|    1|          5|
    |grp_fu_2098_p0               |   25|          5|   32|        160|
    |grp_fu_2098_p1               |   25|          5|   32|        160|
    |grp_fu_2102_ce               |   25|          5|    1|          5|
    |grp_fu_2102_p0               |   25|          5|   32|        160|
    |grp_fu_2102_p1               |   25|          5|   32|        160|
    |grp_fu_2106_ce               |   25|          5|    1|          5|
    |grp_fu_2106_p0               |   25|          5|   32|        160|
    |grp_fu_2106_p1               |   25|          5|   32|        160|
    |grp_fu_2110_ce               |   25|          5|    1|          5|
    |grp_fu_2110_p0               |   25|          5|   32|        160|
    |grp_fu_2110_p1               |   25|          5|   32|        160|
    |grp_fu_2114_ce               |   25|          5|    1|          5|
    |grp_fu_2114_p0               |   25|          5|   32|        160|
    |grp_fu_2114_p1               |   25|          5|   32|        160|
    |grp_fu_2118_ce               |   25|          5|    1|          5|
    |grp_fu_2118_p0               |   25|          5|   32|        160|
    |grp_fu_2118_p1               |   25|          5|   32|        160|
    |grp_fu_2122_ce               |   25|          5|    1|          5|
    |grp_fu_2122_p0               |   25|          5|   32|        160|
    |grp_fu_2122_p1               |   25|          5|   32|        160|
    |grp_fu_2126_ce               |   25|          5|    1|          5|
    |grp_fu_2126_p0               |   25|          5|   32|        160|
    |grp_fu_2126_p1               |   25|          5|   32|        160|
    |grp_fu_2130_ce               |   14|          3|    1|          3|
    |grp_fu_2130_opcode           |   14|          3|    5|         15|
    |grp_fu_2130_p0               |   14|          3|   32|         96|
    |grp_fu_2130_p1               |   14|          3|   32|         96|
    |grp_fu_2134_ce               |   14|          3|    1|          3|
    |grp_fu_2134_p0               |   14|          3|   32|         96|
    |grp_fu_2137_ce               |   14|          3|    1|          3|
    |grp_fu_2137_p0               |   14|          3|   32|         96|
    |key_address0                 |   14|          3|    7|         21|
    |key_ce0                      |   14|          3|    1|          3|
    |key_sum_V_address0           |   14|          3|    4|         12|
    |key_sum_V_ce0                |   14|          3|    1|          3|
    |key_sum_V_we0                |    9|          2|    1|          2|
    |key_value_V_address0         |   14|          3|    8|         24|
    |key_value_V_ce0              |   14|          3|    1|          3|
    |key_value_V_ce1              |    9|          2|    1|          2|
    |key_value_V_ce10             |    9|          2|    1|          2|
    |key_value_V_ce11             |    9|          2|    1|          2|
    |key_value_V_ce12             |    9|          2|    1|          2|
    |key_value_V_ce13             |    9|          2|    1|          2|
    |key_value_V_ce2              |    9|          2|    1|          2|
    |key_value_V_ce3              |    9|          2|    1|          2|
    |key_value_V_ce4              |    9|          2|    1|          2|
    |key_value_V_ce5              |    9|          2|    1|          2|
    |key_value_V_ce6              |    9|          2|    1|          2|
    |key_value_V_ce7              |    9|          2|    1|          2|
    |key_value_V_ce8              |    9|          2|    1|          2|
    |key_value_V_ce9              |    9|          2|    1|          2|
    |key_value_V_we0              |    9|          2|    1|          2|
    |key_we0                      |    9|          2|    1|          2|
    |norm1_address0               |   20|          4|    7|         28|
    |norm1_address1               |   14|          3|    7|         21|
    |norm1_ce0                    |   20|          4|    1|          4|
    |norm1_ce1                    |   14|          3|    1|          3|
    |norm1_we0                    |    9|          2|    1|          2|
    |norm1_we1                    |    9|          2|    1|          2|
    |norm2_address0               |   14|          3|    7|         21|
    |norm2_address1               |   14|          3|    7|         21|
    |norm2_ce0                    |   14|          3|    1|          3|
    |norm2_ce1                    |   14|          3|    1|          3|
    |norm2_we0                    |    9|          2|    1|          2|
    |norm2_we1                    |    9|          2|    1|          2|
    |normalized_output_address0   |   53|         10|    4|         40|
    |normalized_output_address1   |   48|          9|    4|         36|
    |normalized_output_ce0        |   14|          3|    1|          3|
    |normalized_output_we0        |    9|          2|    1|          2|
    |pooled_address0              |   25|          5|    4|         20|
    |pooled_ce0                   |   25|          5|    1|          5|
    |pooled_we0                   |    9|          2|    1|          2|
    |query_address0               |   14|          3|    7|         21|
    |query_ce0                    |   14|          3|    1|          3|
    |query_we0                    |    9|          2|    1|          2|
    |residual1_address0           |   14|          3|    7|         21|
    |residual1_ce0                |   14|          3|    1|          3|
    |residual1_ce1                |    9|          2|    1|          2|
    |residual1_we0                |    9|          2|    1|          2|
    |residual2_address0           |   14|          3|    7|         21|
    |residual2_ce0                |   14|          3|    1|          3|
    |residual2_ce1                |    9|          2|    1|          2|
    |residual2_we0                |    9|          2|    1|          2|
    |sequence_3_fu_438            |    9|          2|    4|          8|
    |sparse_key_V_address0        |   20|          4|    7|         28|
    |sparse_key_V_address1        |   14|          3|    7|         21|
    |sparse_key_V_address2        |   14|          3|    7|         21|
    |sparse_key_V_address3        |   14|          3|    7|         21|
    |sparse_key_V_address4        |   14|          3|    7|         21|
    |sparse_key_V_address5        |   14|          3|    7|         21|
    |sparse_key_V_address6        |   14|          3|    7|         21|
    |sparse_key_V_address7        |   14|          3|    7|         21|
    |sparse_key_V_ce0             |   20|          4|    1|          4|
    |sparse_key_V_ce1             |   14|          3|    1|          3|
    |sparse_key_V_ce2             |   14|          3|    1|          3|
    |sparse_key_V_ce3             |   14|          3|    1|          3|
    |sparse_key_V_ce4             |   14|          3|    1|          3|
    |sparse_key_V_ce5             |   14|          3|    1|          3|
    |sparse_key_V_ce6             |   14|          3|    1|          3|
    |sparse_key_V_ce7             |   14|          3|    1|          3|
    |sparse_key_V_we0             |    9|          2|    1|          2|
    |sparse_query_V_address0      |   53|         10|    7|         70|
    |sparse_query_V_address1      |   42|          8|    7|         56|
    |sparse_query_V_ce0           |   20|          4|    1|          4|
    |sparse_query_V_we0           |    9|          2|    1|          2|
    |value_address0               |   14|          3|    7|         21|
    |value_ce0                    |   14|          3|    1|          3|
    |value_ce1                    |    9|          2|    1|          2|
    |value_ce2                    |    9|          2|    1|          2|
    |value_ce3                    |    9|          2|    1|          2|
    |value_ce4                    |    9|          2|    1|          2|
    |value_ce5                    |    9|          2|    1|          2|
    |value_ce6                    |    9|          2|    1|          2|
    |value_ce7                    |    9|          2|    1|          2|
    |value_we0                    |    9|          2|    1|          2|
    +-----------------------------+-----+-----------+-----+-----------+
    |Total                        | 6016|       1210| 2719|      16198|
    +-----------------------------+-----+-----------+-----+-----------+

    * Register: 
    +-----------------------------------------------------------------------------------------------+----+----+-----+-----------+
    |                                              Name                                             | FF | LUT| Bits| Const Bits|
    +-----------------------------------------------------------------------------------------------+----+----+-----+-----------+
    |ap_CS_fsm                                                                                      |  93|   0|   93|          0|
    |denominator_V_reg_1739                                                                         |  23|   0|   23|          0|
    |grp_unsw_linear_transformer_Pipeline_VITIS_LOOP_115_7_VITIS_LOOP_116_8_fu_926_ap_start_reg     |   1|   0|    1|          0|
    |grp_unsw_linear_transformer_Pipeline_VITIS_LOOP_125_9_VITIS_LOOP_126_10_fu_938_ap_start_reg    |   1|   0|    1|          0|
    |grp_unsw_linear_transformer_Pipeline_VITIS_LOOP_137_12_fu_945_ap_start_reg                     |   1|   0|    1|          0|
    |grp_unsw_linear_transformer_Pipeline_VITIS_LOOP_148_15_fu_951_ap_start_reg                     |   1|   0|    1|          0|
    |grp_unsw_linear_transformer_Pipeline_VITIS_LOOP_155_16_fu_1000_ap_start_reg                    |   1|   0|    1|          0|
    |grp_unsw_linear_transformer_Pipeline_VITIS_LOOP_167_18_VITIS_LOOP_168_19_fu_959_ap_start_reg   |   1|   0|    1|          0|
    |grp_unsw_linear_transformer_Pipeline_VITIS_LOOP_188_21_VITIS_LOOP_189_22_fu_1028_ap_start_reg  |   1|   0|    1|          0|
    |grp_unsw_linear_transformer_Pipeline_VITIS_LOOP_200_24_VITIS_LOOP_201_25_fu_1068_ap_start_reg  |   1|   0|    1|          0|
    |grp_unsw_linear_transformer_Pipeline_VITIS_LOOP_21_11_fu_1141_ap_start_reg                     |   1|   0|    1|          0|
    |grp_unsw_linear_transformer_Pipeline_VITIS_LOOP_21_1_fu_1022_ap_start_reg                      |   1|   0|    1|          0|
    |grp_unsw_linear_transformer_Pipeline_VITIS_LOOP_220_27_fu_1147_ap_start_reg                    |   1|   0|    1|          0|
    |grp_unsw_linear_transformer_Pipeline_VITIS_LOOP_231_29_fu_1178_ap_start_reg                    |   1|   0|    1|          0|
    |grp_unsw_linear_transformer_Pipeline_VITIS_LOOP_51_1_fu_1153_ap_start_reg                      |   1|   0|    1|          0|
    |grp_unsw_linear_transformer_Pipeline_VITIS_LOOP_57_2_fu_1159_ap_start_reg                      |   1|   0|    1|          0|
    |grp_unsw_linear_transformer_Pipeline_VITIS_LOOP_64_3_fu_1166_ap_start_reg                      |   1|   0|    1|          0|
    |grp_unsw_linear_transformer_Pipeline_VITIS_LOOP_75_1_VITIS_LOOP_76_2_fu_762_ap_start_reg       |   1|   0|    1|          0|
    |grp_unsw_linear_transformer_Pipeline_VITIS_LOOP_90_4_VITIS_LOOP_91_5_fu_822_ap_start_reg       |   1|   0|    1|          0|
    |inverse_std_reg_1841                                                                           |  32|   0|   32|          0|
    |mean_reg_1817                                                                                  |  32|   0|   32|          0|
    |normalized_output_load_10_reg_1956                                                             |  32|   0|   32|          0|
    |normalized_output_load_11_reg_1961                                                             |  32|   0|   32|          0|
    |normalized_output_load_12_reg_1976                                                             |  32|   0|   32|          0|
    |normalized_output_load_13_reg_1981                                                             |  32|   0|   32|          0|
    |normalized_output_load_14_reg_1996                                                             |  32|   0|   32|          0|
    |normalized_output_load_15_reg_2001                                                             |  32|   0|   32|          0|
    |normalized_output_load_1_reg_1861                                                              |  32|   0|   32|          0|
    |normalized_output_load_2_reg_1876                                                              |  32|   0|   32|          0|
    |normalized_output_load_3_reg_1881                                                              |  32|   0|   32|          0|
    |normalized_output_load_4_reg_1896                                                              |  32|   0|   32|          0|
    |normalized_output_load_5_reg_1901                                                              |  32|   0|   32|          0|
    |normalized_output_load_6_reg_1916                                                              |  32|   0|   32|          0|
    |normalized_output_load_7_reg_1921                                                              |  32|   0|   32|          0|
    |normalized_output_load_8_reg_1936                                                              |  32|   0|   32|          0|
    |normalized_output_load_9_reg_1941                                                              |  32|   0|   32|          0|
    |normalized_output_load_reg_1856                                                                |  32|   0|   32|          0|
    |p_x_assign_2_reg_1831                                                                          |  32|   0|   32|          0|
    |sequence_3_fu_438                                                                              |   4|   0|    4|          0|
    |shl_ln838_13_reg_1749                                                                          |  16|   0|   20|          4|
    |shl_ln838_14_reg_1754                                                                          |  16|   0|   20|          4|
    |shl_ln838_15_reg_1759                                                                          |  16|   0|   20|          4|
    |shl_ln838_16_reg_1764                                                                          |  16|   0|   20|          4|
    |shl_ln838_17_reg_1769                                                                          |  16|   0|   20|          4|
    |shl_ln838_18_reg_1774                                                                          |  16|   0|   20|          4|
    |shl_ln838_19_reg_1779                                                                          |  16|   0|   20|          4|
    |shl_ln838_20_reg_1784                                                                          |  16|   0|   20|          4|
    |shl_ln838_21_reg_1789                                                                          |  16|   0|   20|          4|
    |shl_ln838_22_reg_1794                                                                          |  16|   0|   20|          4|
    |shl_ln838_23_reg_1799                                                                          |  16|   0|   20|          4|
    |shl_ln838_24_reg_1804                                                                          |  16|   0|   20|          4|
    |shl_ln838_25_reg_1809                                                                          |  16|   0|   20|          4|
    |shl_ln838_s_reg_1744                                                                           |  16|   0|   20|          4|
    |sparse_query_V_load_10_reg_1729                                                                |  16|   0|   16|          0|
    |sparse_query_V_load_11_reg_1734                                                                |  16|   0|   16|          0|
    |sparse_query_V_load_1_reg_1634                                                                 |  16|   0|   16|          0|
    |sparse_query_V_load_2_reg_1649                                                                 |  16|   0|   16|          0|
    |sparse_query_V_load_3_reg_1654                                                                 |  16|   0|   16|          0|
    |sparse_query_V_load_4_reg_1669                                                                 |  16|   0|   16|          0|
    |sparse_query_V_load_5_reg_1674                                                                 |  16|   0|   16|          0|
    |sparse_query_V_load_6_reg_1689                                                                 |  16|   0|   16|          0|
    |sparse_query_V_load_7_reg_1694                                                                 |  16|   0|   16|          0|
    |sparse_query_V_load_8_reg_1709                                                                 |  16|   0|   16|          0|
    |sparse_query_V_load_9_reg_1714                                                                 |  16|   0|   16|          0|
    |sparse_query_V_load_reg_1629                                                                   |  16|   0|   16|          0|
    |sub_ln837_reg_1590                                                                             |   6|   0|    7|          1|
    |tmp_6_reg_1836                                                                                 |  32|   0|   32|          0|
    |tmp_s_reg_1585                                                                                 |   3|   0|    7|          4|
    |variance_reg_1826                                                                              |  32|   0|   32|          0|
    +-----------------------------------------------------------------------------------------------+----+----+-----+-----------+
    |Total                                                                                          |1234|   0| 1295|         61|
    +-----------------------------------------------------------------------------------------------+----+----+-----+-----------+



================================================================
== Interface
================================================================
* Summary: 
+------------------+-----+-----+------------+-------------------------+--------------+
|     RTL Ports    | Dir | Bits|  Protocol  |      Source Object      |    C Type    |
+------------------+-----+-----+------------+-------------------------+--------------+
|ap_clk            |   in|    1|  ap_ctrl_hs|  unsw_linear_transformer|  return value|
|ap_rst            |   in|    1|  ap_ctrl_hs|  unsw_linear_transformer|  return value|
|ap_start          |   in|    1|  ap_ctrl_hs|  unsw_linear_transformer|  return value|
|ap_done           |  out|    1|  ap_ctrl_hs|  unsw_linear_transformer|  return value|
|ap_idle           |  out|    1|  ap_ctrl_hs|  unsw_linear_transformer|  return value|
|ap_ready          |  out|    1|  ap_ctrl_hs|  unsw_linear_transformer|  return value|
|input_r_address0  |  out|    8|   ap_memory|                  input_r|         array|
|input_r_ce0       |  out|    1|   ap_memory|                  input_r|         array|
|input_r_q0        |   in|   32|   ap_memory|                  input_r|         array|
|input_r_address1  |  out|    8|   ap_memory|                  input_r|         array|
|input_r_ce1       |  out|    1|   ap_memory|                  input_r|         array|
|input_r_q1        |   in|   32|   ap_memory|                  input_r|         array|
|logits_address0   |  out|    1|   ap_memory|                   logits|         array|
|logits_ce0        |  out|    1|   ap_memory|                   logits|         array|
|logits_we0        |  out|    1|   ap_memory|                   logits|         array|
|logits_d0         |  out|   32|   ap_memory|                   logits|         array|
+------------------+-----+-----+------------+-------------------------+--------------+

