

================================================================
== Vitis HLS Report for 'unsw_linear_transformer'
================================================================
* Date:           Sat Jun 27 20:18:29 2026

* Version:        2022.2 (Build 3670227 on Oct 13 2022)
* Project:        unsw_linear_transformer_prj
* Solution:       solution1 (Vivado IP Flow Target)
* Product family: zynq
* Target device:  xc7z020-clg400-1


================================================================
== Performance Estimates
================================================================
+ Timing: 
    * Summary: 
    +--------+----------+----------+------------+
    |  Clock |  Target  | Estimated| Uncertainty|
    +--------+----------+----------+------------+
    |ap_clk  |  10.00 ns|  8.567 ns|     2.70 ns|
    +--------+----------+----------+------------+

+ Latency: 
    * Summary: 
    +---------+---------+-----------+-----------+------+------+---------+
    |  Latency (cycles) |   Latency (absolute)  |   Interval  | Pipeline|
    |   min   |   max   |    min    |    max    |  min |  max |   Type  |
    +---------+---------+-----------+-----------+------+------+---------+
    |     7059|     7059|  70.590 us|  70.590 us|  7060|  7060|       no|
    +---------+---------+-----------+-----------+------+------+---------+

    + Detail: 
        * Instance: 
        +----------------------------------------------------------------------------------+----------------------------------------------------------------------+---------+---------+-----------+-----------+------+------+---------+
        |                                                                                  |                                                                      |  Latency (cycles) |   Latency (absolute)  |   Interval  | Pipeline|
        |                                     Instance                                     |                                Module                                |   min   |   max   |    min    |    max    |  min |  max |   Type  |
        +----------------------------------------------------------------------------------+----------------------------------------------------------------------+---------+---------+-----------+-----------+------+------+---------+
        |grp_unsw_linear_transformer_Pipeline_VITIS_LOOP_84_1_VITIS_LOOP_85_2_fu_2342      |unsw_linear_transformer_Pipeline_VITIS_LOOP_84_1_VITIS_LOOP_85_2      |     1658|     1658|  16.580 us|  16.580 us|  1658|  1658|       no|
        |grp_unsw_linear_transformer_Pipeline_VITIS_LOOP_99_4_VITIS_LOOP_100_5_fu_2402     |unsw_linear_transformer_Pipeline_VITIS_LOOP_99_4_VITIS_LOOP_100_5     |      224|      224|   2.240 us|   2.240 us|   224|   224|       no|
        |grp_unsw_linear_transformer_Pipeline_VITIS_LOOP_128_7_VITIS_LOOP_129_8_fu_2506    |unsw_linear_transformer_Pipeline_VITIS_LOOP_128_7_VITIS_LOOP_129_8    |      233|      233|   2.330 us|   2.330 us|   233|   233|       no|
        |grp_unsw_linear_transformer_Pipeline_VITIS_LOOP_141_9_VITIS_LOOP_142_10_fu_2518   |unsw_linear_transformer_Pipeline_VITIS_LOOP_141_9_VITIS_LOOP_142_10   |      237|      237|   2.370 us|   2.370 us|   237|   237|       no|
        |grp_unsw_linear_transformer_Pipeline_VITIS_LOOP_153_12_fu_2525                    |unsw_linear_transformer_Pipeline_VITIS_LOOP_153_12                    |       17|       17|   0.170 us|   0.170 us|    17|    17|       no|
        |grp_unsw_linear_transformer_Pipeline_VITIS_LOOP_164_15_fu_2531                    |unsw_linear_transformer_Pipeline_VITIS_LOOP_164_15                    |       18|       18|   0.180 us|   0.180 us|    18|    18|       no|
        |grp_unsw_linear_transformer_Pipeline_VITIS_LOOP_183_18_VITIS_LOOP_184_19_fu_2539  |unsw_linear_transformer_Pipeline_VITIS_LOOP_183_18_VITIS_LOOP_184_19  |      220|      220|   2.200 us|   2.200 us|   220|   220|       no|
        |grp_unsw_linear_transformer_Pipeline_VITIS_LOOP_171_16_fu_2580                    |unsw_linear_transformer_Pipeline_VITIS_LOOP_171_16                    |       73|       73|   0.730 us|   0.730 us|    73|    73|       no|
        |grp_unsw_linear_transformer_Pipeline_VITIS_LOOP_30_1_fu_2602                      |unsw_linear_transformer_Pipeline_VITIS_LOOP_30_1                      |      303|      303|   3.030 us|   3.030 us|   303|   303|       no|
        |grp_unsw_linear_transformer_Pipeline_VITIS_LOOP_204_21_VITIS_LOOP_205_22_fu_2608  |unsw_linear_transformer_Pipeline_VITIS_LOOP_204_21_VITIS_LOOP_205_22  |     2130|     2130|  21.300 us|  21.300 us|  2130|  2130|       no|
        |grp_unsw_linear_transformer_Pipeline_VITIS_LOOP_216_24_VITIS_LOOP_217_25_fu_2648  |unsw_linear_transformer_Pipeline_VITIS_LOOP_216_24_VITIS_LOOP_217_25  |      427|      427|   4.270 us|   4.270 us|   427|   427|       no|
        |grp_unsw_linear_transformer_Pipeline_VITIS_LOOP_30_11_fu_2721                     |unsw_linear_transformer_Pipeline_VITIS_LOOP_30_11                     |      303|      303|   3.030 us|   3.030 us|   303|   303|       no|
        |grp_unsw_linear_transformer_Pipeline_VITIS_LOOP_236_27_fu_2727                    |unsw_linear_transformer_Pipeline_VITIS_LOOP_236_27                    |      108|      108|   1.080 us|   1.080 us|   108|   108|       no|
        |grp_unsw_linear_transformer_Pipeline_VITIS_LOOP_60_1_fu_2733                      |unsw_linear_transformer_Pipeline_VITIS_LOOP_60_1                      |       84|       84|   0.840 us|   0.840 us|    84|    84|       no|
        |grp_unsw_linear_transformer_Pipeline_VITIS_LOOP_66_2_fu_2739                      |unsw_linear_transformer_Pipeline_VITIS_LOOP_66_2                      |       93|       93|   0.930 us|   0.930 us|    93|    93|       no|
        |grp_unsw_linear_transformer_Pipeline_VITIS_LOOP_73_3_fu_2746                      |unsw_linear_transformer_Pipeline_VITIS_LOOP_73_3                      |       37|       37|   0.370 us|   0.370 us|    37|    37|       no|
        |grp_unsw_linear_transformer_Pipeline_VITIS_LOOP_247_29_fu_2758                    |unsw_linear_transformer_Pipeline_VITIS_LOOP_247_29                    |       87|       87|   0.870 us|   0.870 us|    87|    87|       no|
        +----------------------------------------------------------------------------------+----------------------------------------------------------------------+---------+---------+-----------+-----------+------+------+---------+

        * Loop: 
        +---------------------+---------+---------+----------+-----------+-----------+------+----------+
        |                     |  Latency (cycles) | Iteration|  Initiation Interval  | Trip |          |
        |      Loop Name      |   min   |   max   |  Latency |  achieved |   target  | Count| Pipelined|
        +---------------------+---------+---------+----------+-----------+-----------+------+----------+
        |- VITIS_LOOP_162_14  |      816|      816|       102|          -|          -|     8|        no|
        +---------------------+---------+---------+----------+-----------+-----------+------+----------+



================================================================
== Utilization Estimates
================================================================
* Summary: 
+-----------------+---------+-----+--------+-------+-----+
|       Name      | BRAM_18K| DSP |   FF   |  LUT  | URAM|
+-----------------+---------+-----+--------+-------+-----+
|DSP              |        -|    -|       -|      -|    -|
|Expression       |        -|    -|       0|    234|    -|
|FIFO             |        -|    -|       -|      -|    -|
|Instance         |       18|  283|   77352|  70744|    -|
|Memory           |      148|    -|     119|     22|    0|
|Multiplexer      |        -|    -|       -|   5988|    -|
|Register         |        -|    -|    1234|      -|    -|
+-----------------+---------+-----+--------+-------+-----+
|Total            |      166|  283|   78705|  76988|    0|
+-----------------+---------+-----+--------+-------+-----+
|Available        |      280|  220|  106400|  53200|    0|
+-----------------+---------+-----+--------+-------+-----+
|Utilization (%)  |       59|  128|      73|    144|    0|
+-----------------+---------+-----+--------+-------+-----+

+ Detail: 
    * Instance: 
    +----------------------------------------------------------------------------------+----------------------------------------------------------------------+---------+-----+-------+-------+-----+
    |                                     Instance                                     |                                Module                                | BRAM_18K| DSP |   FF  |  LUT  | URAM|
    +----------------------------------------------------------------------------------+----------------------------------------------------------------------+---------+-----+-------+-------+-----+
    |fadd_32ns_32ns_32_5_full_dsp_1_U529                                               |fadd_32ns_32ns_32_5_full_dsp_1                                        |        0|    2|    205|    390|    0|
    |fadd_32ns_32ns_32_5_full_dsp_1_U537                                               |fadd_32ns_32ns_32_5_full_dsp_1                                        |        0|    2|    205|    390|    0|
    |fadd_32ns_32ns_32_5_full_dsp_1_U538                                               |fadd_32ns_32ns_32_5_full_dsp_1                                        |        0|    2|    205|    390|    0|
    |fadd_32ns_32ns_32_5_full_dsp_1_U539                                               |fadd_32ns_32ns_32_5_full_dsp_1                                        |        0|    2|    205|    390|    0|
    |fadd_32ns_32ns_32_5_full_dsp_1_U540                                               |fadd_32ns_32ns_32_5_full_dsp_1                                        |        0|    2|    205|    390|    0|
    |fadd_32ns_32ns_32_5_full_dsp_1_U541                                               |fadd_32ns_32ns_32_5_full_dsp_1                                        |        0|    2|    205|    390|    0|
    |fadd_32ns_32ns_32_5_full_dsp_1_U542                                               |fadd_32ns_32ns_32_5_full_dsp_1                                        |        0|    2|    205|    390|    0|
    |fadd_32ns_32ns_32_5_full_dsp_1_U543                                               |fadd_32ns_32ns_32_5_full_dsp_1                                        |        0|    2|    205|    390|    0|
    |fadd_32ns_32ns_32_5_full_dsp_1_U544                                               |fadd_32ns_32ns_32_5_full_dsp_1                                        |        0|    2|    205|    390|    0|
    |fadd_32ns_32ns_32_5_full_dsp_1_U545                                               |fadd_32ns_32ns_32_5_full_dsp_1                                        |        0|    2|    205|    390|    0|
    |faddfsub_32ns_32ns_32_5_full_dsp_1_U525                                           |faddfsub_32ns_32ns_32_5_full_dsp_1                                    |        0|    2|    205|    390|    0|
    |faddfsub_32ns_32ns_32_5_full_dsp_1_U530                                           |faddfsub_32ns_32ns_32_5_full_dsp_1                                    |        0|    2|    205|    390|    0|
    |faddfsub_32ns_32ns_32_5_full_dsp_1_U532                                           |faddfsub_32ns_32ns_32_5_full_dsp_1                                    |        0|    2|    205|    390|    0|
    |faddfsub_32ns_32ns_32_5_full_dsp_1_U533                                           |faddfsub_32ns_32ns_32_5_full_dsp_1                                    |        0|    2|    205|    390|    0|
    |faddfsub_32ns_32ns_32_5_full_dsp_1_U534                                           |faddfsub_32ns_32ns_32_5_full_dsp_1                                    |        0|    2|    205|    390|    0|
    |faddfsub_32ns_32ns_32_5_full_dsp_1_U535                                           |faddfsub_32ns_32ns_32_5_full_dsp_1                                    |        0|    2|    205|    390|    0|
    |faddfsub_32ns_32ns_32_5_full_dsp_1_U536                                           |faddfsub_32ns_32ns_32_5_full_dsp_1                                    |        0|    2|    205|    390|    0|
    |fcmp_32ns_32ns_1_2_no_dsp_1_U560                                                  |fcmp_32ns_32ns_1_2_no_dsp_1                                           |        0|    0|      0|      0|    0|
    |fdiv_32ns_32ns_32_16_no_dsp_1_U527                                                |fdiv_32ns_32ns_32_16_no_dsp_1                                         |        0|    0|      0|      0|    0|
    |fmul_32ns_32ns_32_4_max_dsp_1_U526                                                |fmul_32ns_32ns_32_4_max_dsp_1                                         |        0|    3|    143|    321|    0|
    |fmul_32ns_32ns_32_4_max_dsp_1_U531                                                |fmul_32ns_32ns_32_4_max_dsp_1                                         |        0|    3|    143|    321|    0|
    |fmul_32ns_32ns_32_4_max_dsp_1_U546                                                |fmul_32ns_32ns_32_4_max_dsp_1                                         |        0|    3|    143|    321|    0|
    |fmul_32ns_32ns_32_4_max_dsp_1_U547                                                |fmul_32ns_32ns_32_4_max_dsp_1                                         |        0|    3|    143|    321|    0|
    |fmul_32ns_32ns_32_4_max_dsp_1_U548                                                |fmul_32ns_32ns_32_4_max_dsp_1                                         |        0|    3|    143|    321|    0|
    |fmul_32ns_32ns_32_4_max_dsp_1_U549                                                |fmul_32ns_32ns_32_4_max_dsp_1                                         |        0|    3|    143|    321|    0|
    |fmul_32ns_32ns_32_4_max_dsp_1_U550                                                |fmul_32ns_32ns_32_4_max_dsp_1                                         |        0|    3|    143|    321|    0|
    |fmul_32ns_32ns_32_4_max_dsp_1_U551                                                |fmul_32ns_32ns_32_4_max_dsp_1                                         |        0|    3|    143|    321|    0|
    |fmul_32ns_32ns_32_4_max_dsp_1_U552                                                |fmul_32ns_32ns_32_4_max_dsp_1                                         |        0|    3|    143|    321|    0|
    |fmul_32ns_32ns_32_4_max_dsp_1_U553                                                |fmul_32ns_32ns_32_4_max_dsp_1                                         |        0|    3|    143|    321|    0|
    |fmul_32ns_32ns_32_4_max_dsp_1_U554                                                |fmul_32ns_32ns_32_4_max_dsp_1                                         |        0|    3|    143|    321|    0|
    |fmul_32ns_32ns_32_4_max_dsp_1_U555                                                |fmul_32ns_32ns_32_4_max_dsp_1                                         |        0|    3|    143|    321|    0|
    |fmul_32ns_32ns_32_4_max_dsp_1_U556                                                |fmul_32ns_32ns_32_4_max_dsp_1                                         |        0|    3|    143|    321|    0|
    |fmul_32ns_32ns_32_4_max_dsp_1_U557                                                |fmul_32ns_32ns_32_4_max_dsp_1                                         |        0|    3|    143|    321|    0|
    |fmul_32ns_32ns_32_4_max_dsp_1_U558                                                |fmul_32ns_32ns_32_4_max_dsp_1                                         |        0|    3|    143|    321|    0|
    |fmul_32ns_32ns_32_4_max_dsp_1_U559                                                |fmul_32ns_32ns_32_4_max_dsp_1                                         |        0|    3|    143|    321|    0|
    |fpext_32ns_64_2_no_dsp_1_U561                                                     |fpext_32ns_64_2_no_dsp_1                                              |        0|    0|      0|      0|    0|
    |fsqrt_32ns_32ns_32_16_no_dsp_1_U528                                               |fsqrt_32ns_32ns_32_16_no_dsp_1                                        |        0|    0|      0|      0|    0|
    |grp_unsw_linear_transformer_Pipeline_VITIS_LOOP_128_7_VITIS_LOOP_129_8_fu_2506    |unsw_linear_transformer_Pipeline_VITIS_LOOP_128_7_VITIS_LOOP_129_8    |        0|    0|    749|   1339|    0|
    |grp_unsw_linear_transformer_Pipeline_VITIS_LOOP_141_9_VITIS_LOOP_142_10_fu_2518   |unsw_linear_transformer_Pipeline_VITIS_LOOP_141_9_VITIS_LOOP_142_10   |        0|    8|   5161|   6676|    0|
    |grp_unsw_linear_transformer_Pipeline_VITIS_LOOP_153_12_fu_2525                    |unsw_linear_transformer_Pipeline_VITIS_LOOP_153_12                    |        0|    0|     85|    357|    0|
    |grp_unsw_linear_transformer_Pipeline_VITIS_LOOP_164_15_fu_2531                    |unsw_linear_transformer_Pipeline_VITIS_LOOP_164_15                    |        0|    1|    114|    159|    0|
    |grp_unsw_linear_transformer_Pipeline_VITIS_LOOP_171_16_fu_2580                    |unsw_linear_transformer_Pipeline_VITIS_LOOP_171_16                    |        0|   14|   6041|   4994|    0|
    |grp_unsw_linear_transformer_Pipeline_VITIS_LOOP_183_18_VITIS_LOOP_184_19_fu_2539  |unsw_linear_transformer_Pipeline_VITIS_LOOP_183_18_VITIS_LOOP_184_19  |        0|    0|   4054|   1088|    0|
    |grp_unsw_linear_transformer_Pipeline_VITIS_LOOP_204_21_VITIS_LOOP_205_22_fu_2608  |unsw_linear_transformer_Pipeline_VITIS_LOOP_204_21_VITIS_LOOP_205_22  |       17|    0|   2896|   1496|    0|
    |grp_unsw_linear_transformer_Pipeline_VITIS_LOOP_216_24_VITIS_LOOP_217_25_fu_2648  |unsw_linear_transformer_Pipeline_VITIS_LOOP_216_24_VITIS_LOOP_217_25  |        0|    0|   7595|   3670|    0|
    |grp_unsw_linear_transformer_Pipeline_VITIS_LOOP_236_27_fu_2727                    |unsw_linear_transformer_Pipeline_VITIS_LOOP_236_27                    |        0|    0|    917|    524|    0|
    |grp_unsw_linear_transformer_Pipeline_VITIS_LOOP_247_29_fu_2758                    |unsw_linear_transformer_Pipeline_VITIS_LOOP_247_29                    |        0|    0|   1340|    660|    0|
    |grp_unsw_linear_transformer_Pipeline_VITIS_LOOP_30_1_fu_2602                      |unsw_linear_transformer_Pipeline_VITIS_LOOP_30_1                      |        0|    0|   8125|   4107|    0|
    |grp_unsw_linear_transformer_Pipeline_VITIS_LOOP_30_11_fu_2721                     |unsw_linear_transformer_Pipeline_VITIS_LOOP_30_11                     |        0|    0|   8125|   4107|    0|
    |grp_unsw_linear_transformer_Pipeline_VITIS_LOOP_60_1_fu_2733                      |unsw_linear_transformer_Pipeline_VITIS_LOOP_60_1                      |        0|    0|    110|    128|    0|
    |grp_unsw_linear_transformer_Pipeline_VITIS_LOOP_66_2_fu_2739                      |unsw_linear_transformer_Pipeline_VITIS_LOOP_66_2                      |        0|    0|    210|    220|    0|
    |grp_unsw_linear_transformer_Pipeline_VITIS_LOOP_73_3_fu_2746                      |unsw_linear_transformer_Pipeline_VITIS_LOOP_73_3                      |        0|    0|    403|    109|    0|
    |grp_unsw_linear_transformer_Pipeline_VITIS_LOOP_84_1_VITIS_LOOP_85_2_fu_2342      |unsw_linear_transformer_Pipeline_VITIS_LOOP_84_1_VITIS_LOOP_85_2      |        1|    0|   4388|   2142|    0|
    |grp_unsw_linear_transformer_Pipeline_VITIS_LOOP_99_4_VITIS_LOOP_100_5_fu_2402     |unsw_linear_transformer_Pipeline_VITIS_LOOP_99_4_VITIS_LOOP_100_5     |        0|  178|  21266|  27202|    0|
    +----------------------------------------------------------------------------------+----------------------------------------------------------------------+---------+-----+-------+-------+-----+
    |Total                                                                             |                                                                      |       18|  283|  77352|  70744|    0|
    +----------------------------------------------------------------------------------+----------------------------------------------------------------------+---------+-----+-------+-------+-----+

    * DSP: 
    N/A

    * Memory: 
    +----------------------+---------------------------------------+---------+----+----+-----+------+-----+------+-------------+
    |        Memory        |                 Module                | BRAM_18K| FF | LUT| URAM| Words| Bits| Banks| W*Bits*Banks|
    +----------------------+---------------------------------------+---------+----+----+-----+------+-----+------+-------------+
    |embedded_U            |embedded_RAM_1WNR_AUTO_1R1W            |       30|   0|   0|    0|   128|   32|     1|         4096|
    |attention_U           |embedded_RAM_1WNR_AUTO_1R1W            |       30|   0|   0|    0|   128|   32|     1|         4096|
    |feedforward_hidden_U  |feedforward_hidden_RAM_1WNR_AUTO_1R1W  |       30|   0|   0|    0|   256|   32|     1|         8192|
    |key_sum_V_U           |key_sum_V_RAM_AUTO_1R1W                |        0|  23|   6|    0|    14|   23|     1|          322|
    |key_value_V_U         |key_value_V_RAM_1WNR_AUTO_1R1W         |       26|   0|   0|    0|   224|   24|     1|         5376|
    |norm1_U               |norm1_RAM_AUTO_1R1W                    |        2|   0|   0|    0|   128|   32|     1|         4096|
    |norm2_U               |norm1_RAM_AUTO_1R1W                    |        2|   0|   0|    0|   128|   32|     1|         4096|
    |normalized_output_U   |normalized_output_RAM_AUTO_1R1W        |        0|  64|   8|    0|    16|   32|     1|          512|
    |pooled_U              |pooled_RAM_AUTO_1R1W                   |        0|  32|   8|    0|    16|   32|     1|          512|
    |query_U               |query_RAM_AUTO_1R1W                    |        1|   0|   0|    0|   128|   32|     1|         4096|
    |key_U                 |query_RAM_AUTO_1R1W                    |        1|   0|   0|    0|   128|   32|     1|         4096|
    |residual1_U           |residual1_RAM_1WNR_AUTO_1R1W           |        2|   0|   0|    0|   128|   32|     1|         4096|
    |residual2_U           |residual1_RAM_1WNR_AUTO_1R1W           |        2|   0|   0|    0|   128|   32|     1|         4096|
    |sparse_key_V_U        |sparse_key_V_RAM_1WNR_AUTO_1R1W        |        7|   0|   0|    0|   112|   16|     1|         1792|
    |sparse_query_V_U      |sparse_query_V_RAM_AUTO_1R1W           |        1|   0|   0|    0|   112|   16|     1|         1792|
    |value_U               |value_RAM_1WNR_AUTO_1R1W               |       14|   0|   0|    0|   128|   32|     1|         4096|
    +----------------------+---------------------------------------+---------+----+----+-----+------+-----+------+-------------+
    |Total                 |                                       |      148| 119|  22|    0|  1902|  463|    16|        55362|
    +----------------------+---------------------------------------+---------+----+----+-----+------+-----+------+-------------+

    * FIFO: 
    N/A

    * Expression: 
    +--------------------------+----------+----+---+----+------------+------------+
    |       Variable Name      | Operation| DSP| FF| LUT| Bitwidth P0| Bitwidth P1|
    +--------------------------+----------+----+---+----+------------+------------+
    |add_ln162_fu_783_p2       |         +|   0|  0|  13|           4|           1|
    |add_ln837_10_fu_774_p2    |         +|   0|  0|  14|           7|           3|
    |add_ln837_11_fu_776_p2    |         +|   0|  0|  14|           7|           3|
    |add_ln837_12_fu_782_p2    |         +|   0|  0|  14|           7|           4|
    |add_ln837_13_fu_777_p2    |         +|   0|  0|  14|           7|           4|
    |add_ln837_14_fu_771_p2    |         +|   0|  0|  14|           7|           4|
    |add_ln837_15_fu_790_p2    |         +|   0|  0|  14|           7|           4|
    |add_ln837_16_fu_770_p2    |         +|   0|  0|  14|           7|           4|
    |add_ln837_17_fu_773_p2    |         +|   0|  0|  14|           7|           4|
    |add_ln837_7_fu_799_p2     |         +|   0|  0|  14|           7|           2|
    |add_ln837_8_fu_787_p2     |         +|   0|  0|  14|           7|           3|
    |add_ln837_9_fu_798_p2     |         +|   0|  0|  14|           7|           3|
    |add_ln837_fu_801_p2       |         +|   0|  0|  14|           7|           2|
    |sub_ln837_fu_2840_p2      |         -|   0|  0|  14|           7|           7|
    |icmp_ln162_fu_2814_p2     |      icmp|   0|  0|   9|           4|           5|
    |or_ln837_fu_2856_p2       |        or|   0|  0|   7|           7|           1|
    |denominator_V_fu_2941_p3  |    select|   0|  0|  23|           1|           1|
    +--------------------------+----------+----+---+----+------------+------------+
    |Total                     |          |   0|  0| 234|         107|          55|
    +--------------------------+----------+----+---+----+------------+------------+

    * Multiplexer: 
    +-----------------------------+-----+-----------+-----+-----------+
    |             Name            | LUT | Input Size| Bits| Total Bits|
    +-----------------------------+-----+-----------+-----+-----------+
    |ap_NS_fsm                    |  471|         94|    1|         94|
    |attention_address0           |   14|          3|    7|         21|
    |attention_ce0                |   14|          3|    1|          3|
    |attention_ce1                |    9|          2|    1|          2|
    |attention_ce10               |    9|          2|    1|          2|
    |attention_ce11               |    9|          2|    1|          2|
    |attention_ce12               |    9|          2|    1|          2|
    |attention_ce13               |    9|          2|    1|          2|
    |attention_ce14               |    9|          2|    1|          2|
    |attention_ce15               |    9|          2|    1|          2|
    |attention_ce2                |    9|          2|    1|          2|
    |attention_ce3                |    9|          2|    1|          2|
    |attention_ce4                |    9|          2|    1|          2|
    |attention_ce5                |    9|          2|    1|          2|
    |attention_ce6                |    9|          2|    1|          2|
    |attention_ce7                |    9|          2|    1|          2|
    |attention_ce8                |    9|          2|    1|          2|
    |attention_ce9                |    9|          2|    1|          2|
    |attention_we0                |    9|          2|    1|          2|
    |embedded_address0            |   20|          4|    7|         28|
    |embedded_ce0                 |   20|          4|    1|          4|
    |embedded_ce1                 |    9|          2|    1|          2|
    |embedded_ce10                |    9|          2|    1|          2|
    |embedded_ce11                |    9|          2|    1|          2|
    |embedded_ce12                |    9|          2|    1|          2|
    |embedded_ce13                |    9|          2|    1|          2|
    |embedded_ce14                |    9|          2|    1|          2|
    |embedded_ce15                |    9|          2|    1|          2|
    |embedded_ce2                 |    9|          2|    1|          2|
    |embedded_ce3                 |    9|          2|    1|          2|
    |embedded_ce4                 |    9|          2|    1|          2|
    |embedded_ce5                 |    9|          2|    1|          2|
    |embedded_ce6                 |    9|          2|    1|          2|
    |embedded_ce7                 |    9|          2|    1|          2|
    |embedded_ce8                 |    9|          2|    1|          2|
    |embedded_ce9                 |    9|          2|    1|          2|
    |embedded_we0                 |    9|          2|    1|          2|
    |feedforward_hidden_address0  |   14|          3|    8|         24|
    |feedforward_hidden_ce0       |   14|          3|    1|          3|
    |feedforward_hidden_ce1       |    9|          2|    1|          2|
    |feedforward_hidden_ce10      |    9|          2|    1|          2|
    |feedforward_hidden_ce11      |    9|          2|    1|          2|
    |feedforward_hidden_ce12      |    9|          2|    1|          2|
    |feedforward_hidden_ce13      |    9|          2|    1|          2|
    |feedforward_hidden_ce14      |    9|          2|    1|          2|
    |feedforward_hidden_ce15      |    9|          2|    1|          2|
    |feedforward_hidden_ce2       |    9|          2|    1|          2|
    |feedforward_hidden_ce3       |    9|          2|    1|          2|
    |feedforward_hidden_ce4       |    9|          2|    1|          2|
    |feedforward_hidden_ce5       |    9|          2|    1|          2|
    |feedforward_hidden_ce6       |    9|          2|    1|          2|
    |feedforward_hidden_ce7       |    9|          2|    1|          2|
    |feedforward_hidden_ce8       |    9|          2|    1|          2|
    |feedforward_hidden_ce9       |    9|          2|    1|          2|
    |feedforward_hidden_we0       |    9|          2|    1|          2|
    |grp_fu_2780_ce               |   65|         13|    1|         13|
    |grp_fu_2780_opcode           |   65|         14|    2|         28|
    |grp_fu_2780_p0               |   65|         14|   32|        448|
    |grp_fu_2780_p1               |   65|         14|   32|        448|
    |grp_fu_2785_ce               |   65|         12|    1|         12|
    |grp_fu_2785_p0               |   65|         14|   32|        448|
    |grp_fu_2785_p1               |   65|         13|   32|        416|
    |grp_fu_2790_ce               |   14|          3|    1|          3|
    |grp_fu_2790_p0               |   20|          4|   32|        128|
    |grp_fu_2790_p1               |   20|          4|   32|        128|
    |grp_fu_2796_ce               |   14|          3|    1|          3|
    |grp_fu_2796_p0               |   14|          3|   32|         96|
    |grp_fu_2796_p1               |   20|          4|   32|        128|
    |grp_fu_3521_ce               |   59|         11|    1|         11|
    |grp_fu_3521_p0               |   59|         11|   32|        352|
    |grp_fu_3521_p1               |   59|         11|   32|        352|
    |grp_fu_3525_ce               |   42|          8|    1|          8|
    |grp_fu_3525_opcode           |   42|          8|    2|         16|
    |grp_fu_3525_p0               |   42|          8|   32|        256|
    |grp_fu_3525_p1               |   42|          8|   32|        256|
    |grp_fu_3529_ce               |   53|         10|    1|         10|
    |grp_fu_3529_p0               |   53|         10|   32|        320|
    |grp_fu_3529_p1               |   53|         10|   32|        320|
    |grp_fu_3533_ce               |   37|          7|    1|          7|
    |grp_fu_3533_opcode           |   37|          7|    2|         14|
    |grp_fu_3533_p0               |   37|          7|   32|        224|
    |grp_fu_3533_p1               |   37|          7|   32|        224|
    |grp_fu_3537_ce               |   37|          7|    1|          7|
    |grp_fu_3537_opcode           |   37|          7|    2|         14|
    |grp_fu_3537_p0               |   37|          7|   32|        224|
    |grp_fu_3537_p1               |   37|          7|   32|        224|
    |grp_fu_3541_ce               |   37|          7|    1|          7|
    |grp_fu_3541_opcode           |   37|          7|    2|         14|
    |grp_fu_3541_p0               |   37|          7|   32|        224|
    |grp_fu_3541_p1               |   37|          7|   32|        224|
    |grp_fu_3545_ce               |   37|          7|    1|          7|
    |grp_fu_3545_opcode           |   37|          7|    2|         14|
    |grp_fu_3545_p0               |   37|          7|   32|        224|
    |grp_fu_3545_p1               |   37|          7|   32|        224|
    |grp_fu_3549_ce               |   37|          7|    1|          7|
    |grp_fu_3549_opcode           |   37|          7|    2|         14|
    |grp_fu_3549_p0               |   37|          7|   32|        224|
    |grp_fu_3549_p1               |   37|          7|   32|        224|
    |grp_fu_3553_ce               |   37|          7|    1|          7|
    |grp_fu_3553_p0               |   37|          7|   32|        224|
    |grp_fu_3553_p1               |   37|          7|   32|        224|
    |grp_fu_3557_ce               |   25|          5|    1|          5|
    |grp_fu_3557_p0               |   25|          5|   32|        160|
    |grp_fu_3557_p1               |   25|          5|   32|        160|
    |grp_fu_3561_ce               |   25|          5|    1|          5|
    |grp_fu_3561_p0               |   25|          5|   32|        160|
    |grp_fu_3561_p1               |   25|          5|   32|        160|
    |grp_fu_3565_ce               |   25|          5|    1|          5|
    |grp_fu_3565_p0               |   25|          5|   32|        160|
    |grp_fu_3565_p1               |   25|          5|   32|        160|
    |grp_fu_3569_ce               |   25|          5|    1|          5|
    |grp_fu_3569_p0               |   25|          5|   32|        160|
    |grp_fu_3569_p1               |   25|          5|   32|        160|
    |grp_fu_3573_ce               |   25|          5|    1|          5|
    |grp_fu_3573_p0               |   25|          5|   32|        160|
    |grp_fu_3573_p1               |   25|          5|   32|        160|
    |grp_fu_3577_ce               |   25|          5|    1|          5|
    |grp_fu_3577_p0               |   25|          5|   32|        160|
    |grp_fu_3577_p1               |   25|          5|   32|        160|
    |grp_fu_3581_ce               |   25|          5|    1|          5|
    |grp_fu_3581_p0               |   25|          5|   32|        160|
    |grp_fu_3581_p1               |   25|          5|   32|        160|
    |grp_fu_3585_ce               |   20|          4|    1|          4|
    |grp_fu_3585_p0               |   20|          4|   32|        128|
    |grp_fu_3585_p1               |   20|          4|   32|        128|
    |grp_fu_3589_ce               |   37|          7|    1|          7|
    |grp_fu_3589_p0               |   37|          7|   32|        224|
    |grp_fu_3589_p1               |   37|          7|   32|        224|
    |grp_fu_3593_ce               |   37|          7|    1|          7|
    |grp_fu_3593_p0               |   37|          7|   32|        224|
    |grp_fu_3593_p1               |   37|          7|   32|        224|
    |grp_fu_3597_ce               |   37|          7|    1|          7|
    |grp_fu_3597_p0               |   37|          7|   32|        224|
    |grp_fu_3597_p1               |   37|          7|   32|        224|
    |grp_fu_3601_ce               |   37|          7|    1|          7|
    |grp_fu_3601_p0               |   37|          7|   32|        224|
    |grp_fu_3601_p1               |   37|          7|   32|        224|
    |grp_fu_3605_ce               |   37|          7|    1|          7|
    |grp_fu_3605_p0               |   37|          7|   32|        224|
    |grp_fu_3605_p1               |   37|          7|   32|        224|
    |grp_fu_3609_ce               |   25|          5|    1|          5|
    |grp_fu_3609_p0               |   25|          5|   32|        160|
    |grp_fu_3609_p1               |   25|          5|   32|        160|
    |grp_fu_3613_ce               |   25|          5|    1|          5|
    |grp_fu_3613_p0               |   25|          5|   32|        160|
    |grp_fu_3613_p1               |   25|          5|   32|        160|
    |grp_fu_3617_ce               |   25|          5|    1|          5|
    |grp_fu_3617_p0               |   25|          5|   32|        160|
    |grp_fu_3617_p1               |   25|          5|   32|        160|
    |grp_fu_3621_ce               |   25|          5|    1|          5|
    |grp_fu_3621_p0               |   25|          5|   32|        160|
    |grp_fu_3621_p1               |   25|          5|   32|        160|
    |grp_fu_3625_ce               |   25|          5|    1|          5|
    |grp_fu_3625_p0               |   25|          5|   32|        160|
    |grp_fu_3625_p1               |   25|          5|   32|        160|
    |grp_fu_3629_ce               |   25|          5|    1|          5|
    |grp_fu_3629_p0               |   25|          5|   32|        160|
    |grp_fu_3629_p1               |   25|          5|   32|        160|
    |grp_fu_3633_ce               |   25|          5|    1|          5|
    |grp_fu_3633_p0               |   25|          5|   32|        160|
    |grp_fu_3633_p1               |   25|          5|   32|        160|
    |grp_fu_3637_ce               |   25|          5|    1|          5|
    |grp_fu_3637_p0               |   25|          5|   32|        160|
    |grp_fu_3637_p1               |   25|          5|   32|        160|
    |grp_fu_3641_ce               |   25|          5|    1|          5|
    |grp_fu_3641_p0               |   25|          5|   32|        160|
    |grp_fu_3641_p1               |   25|          5|   32|        160|
    |grp_fu_3645_ce               |   14|          3|    1|          3|
    |grp_fu_3645_opcode           |   14|          3|    5|         15|
    |grp_fu_3645_p0               |   14|          3|   32|         96|
    |grp_fu_3645_p1               |   14|          3|   32|         96|
    |grp_fu_3649_ce               |   14|          3|    1|          3|
    |grp_fu_3649_p0               |   14|          3|   32|         96|
    |key_address0                 |   14|          3|    7|         21|
    |key_ce0                      |   14|          3|    1|          3|
    |key_sum_V_address0           |   14|          3|    4|         12|
    |key_sum_V_ce0                |   14|          3|    1|          3|
    |key_sum_V_we0                |    9|          2|    1|          2|
    |key_value_V_address0         |   14|          3|    8|         24|
    |key_value_V_ce0              |   14|          3|    1|          3|
    |key_value_V_ce1              |    9|          2|    1|          2|
    |key_value_V_ce10             |    9|          2|    1|          2|
    |key_value_V_ce11             |    9|          2|    1|          2|
    |key_value_V_ce12             |    9|          2|    1|          2|
    |key_value_V_ce13             |    9|          2|    1|          2|
    |key_value_V_ce2              |    9|          2|    1|          2|
    |key_value_V_ce3              |    9|          2|    1|          2|
    |key_value_V_ce4              |    9|          2|    1|          2|
    |key_value_V_ce5              |    9|          2|    1|          2|
    |key_value_V_ce6              |    9|          2|    1|          2|
    |key_value_V_ce7              |    9|          2|    1|          2|
    |key_value_V_ce8              |    9|          2|    1|          2|
    |key_value_V_ce9              |    9|          2|    1|          2|
    |key_value_V_we0              |    9|          2|    1|          2|
    |key_we0                      |    9|          2|    1|          2|
    |norm1_address0               |   20|          4|    7|         28|
    |norm1_address1               |   14|          3|    7|         21|
    |norm1_ce0                    |   20|          4|    1|          4|
    |norm1_ce1                    |   14|          3|    1|          3|
    |norm1_we0                    |    9|          2|    1|          2|
    |norm1_we1                    |    9|          2|    1|          2|
    |norm2_address0               |   14|          3|    7|         21|
    |norm2_address1               |   14|          3|    7|         21|
    |norm2_ce0                    |   14|          3|    1|          3|
    |norm2_ce1                    |   14|          3|    1|          3|
    |norm2_we0                    |    9|          2|    1|          2|
    |norm2_we1                    |    9|          2|    1|          2|
    |normalized_output_address0   |   53|         10|    4|         40|
    |normalized_output_address1   |   48|          9|    4|         36|
    |normalized_output_ce0        |   14|          3|    1|          3|
    |normalized_output_we0        |    9|          2|    1|          2|
    |pooled_address0              |   25|          5|    4|         20|
    |pooled_ce0                   |   25|          5|    1|          5|
    |pooled_we0                   |    9|          2|    1|          2|
    |query_address0               |   14|          3|    7|         21|
    |query_ce0                    |   14|          3|    1|          3|
    |query_we0                    |    9|          2|    1|          2|
    |residual1_address0           |   14|          3|    7|         21|
    |residual1_ce0                |   14|          3|    1|          3|
    |residual1_ce1                |    9|          2|    1|          2|
    |residual1_we0                |    9|          2|    1|          2|
    |residual2_address0           |   14|          3|    7|         21|
    |residual2_ce0                |   14|          3|    1|          3|
    |residual2_ce1                |    9|          2|    1|          2|
    |residual2_we0                |    9|          2|    1|          2|
    |sequence_3_fu_446            |    9|          2|    4|          8|
    |sparse_key_V_address0        |   20|          4|    7|         28|
    |sparse_key_V_address1        |   14|          3|    7|         21|
    |sparse_key_V_address2        |   14|          3|    7|         21|
    |sparse_key_V_address3        |   14|          3|    7|         21|
    |sparse_key_V_address4        |   14|          3|    7|         21|
    |sparse_key_V_address5        |   14|          3|    7|         21|
    |sparse_key_V_address6        |   14|          3|    7|         21|
    |sparse_key_V_address7        |   14|          3|    7|         21|
    |sparse_key_V_ce0             |   20|          4|    1|          4|
    |sparse_key_V_ce1             |   14|          3|    1|          3|
    |sparse_key_V_ce2             |   14|          3|    1|          3|
    |sparse_key_V_ce3             |   14|          3|    1|          3|
    |sparse_key_V_ce4             |   14|          3|    1|          3|
    |sparse_key_V_ce5             |   14|          3|    1|          3|
    |sparse_key_V_ce6             |   14|          3|    1|          3|
    |sparse_key_V_ce7             |   14|          3|    1|          3|
    |sparse_key_V_we0             |    9|          2|    1|          2|
    |sparse_query_V_address0      |   53|         10|    7|         70|
    |sparse_query_V_address1      |   42|          8|    7|         56|
    |sparse_query_V_ce0           |   20|          4|    1|          4|
    |sparse_query_V_we0           |    9|          2|    1|          2|
    |value_address0               |   14|          3|    7|         21|
    |value_ce0                    |   14|          3|    1|          3|
    |value_ce1                    |    9|          2|    1|          2|
    |value_ce2                    |    9|          2|    1|          2|
    |value_ce3                    |    9|          2|    1|          2|
    |value_ce4                    |    9|          2|    1|          2|
    |value_ce5                    |    9|          2|    1|          2|
    |value_ce6                    |    9|          2|    1|          2|
    |value_ce7                    |    9|          2|    1|          2|
    |value_we0                    |    9|          2|    1|          2|
    +-----------------------------+-----+-----------+-----+-----------+
    |Total                        | 5988|       1204| 2686|      16099|
    +-----------------------------+-----+-----------+-----+-----------+

    * Register: 
    +-----------------------------------------------------------------------------------------------+----+----+-----+-----------+
    |                                              Name                                             | FF | LUT| Bits| Const Bits|
    +-----------------------------------------------------------------------------------------------+----+----+-----+-----------+
    |ap_CS_fsm                                                                                      |  93|   0|   93|          0|
    |denominator_V_reg_3254                                                                         |  23|   0|   23|          0|
    |grp_unsw_linear_transformer_Pipeline_VITIS_LOOP_128_7_VITIS_LOOP_129_8_fu_2506_ap_start_reg    |   1|   0|    1|          0|
    |grp_unsw_linear_transformer_Pipeline_VITIS_LOOP_141_9_VITIS_LOOP_142_10_fu_2518_ap_start_reg   |   1|   0|    1|          0|
    |grp_unsw_linear_transformer_Pipeline_VITIS_LOOP_153_12_fu_2525_ap_start_reg                    |   1|   0|    1|          0|
    |grp_unsw_linear_transformer_Pipeline_VITIS_LOOP_164_15_fu_2531_ap_start_reg                    |   1|   0|    1|          0|
    |grp_unsw_linear_transformer_Pipeline_VITIS_LOOP_171_16_fu_2580_ap_start_reg                    |   1|   0|    1|          0|
    |grp_unsw_linear_transformer_Pipeline_VITIS_LOOP_183_18_VITIS_LOOP_184_19_fu_2539_ap_start_reg  |   1|   0|    1|          0|
    |grp_unsw_linear_transformer_Pipeline_VITIS_LOOP_204_21_VITIS_LOOP_205_22_fu_2608_ap_start_reg  |   1|   0|    1|          0|
    |grp_unsw_linear_transformer_Pipeline_VITIS_LOOP_216_24_VITIS_LOOP_217_25_fu_2648_ap_start_reg  |   1|   0|    1|          0|
    |grp_unsw_linear_transformer_Pipeline_VITIS_LOOP_236_27_fu_2727_ap_start_reg                    |   1|   0|    1|          0|
    |grp_unsw_linear_transformer_Pipeline_VITIS_LOOP_247_29_fu_2758_ap_start_reg                    |   1|   0|    1|          0|
    |grp_unsw_linear_transformer_Pipeline_VITIS_LOOP_30_11_fu_2721_ap_start_reg                     |   1|   0|    1|          0|
    |grp_unsw_linear_transformer_Pipeline_VITIS_LOOP_30_1_fu_2602_ap_start_reg                      |   1|   0|    1|          0|
    |grp_unsw_linear_transformer_Pipeline_VITIS_LOOP_60_1_fu_2733_ap_start_reg                      |   1|   0|    1|          0|
    |grp_unsw_linear_transformer_Pipeline_VITIS_LOOP_66_2_fu_2739_ap_start_reg                      |   1|   0|    1|          0|
    |grp_unsw_linear_transformer_Pipeline_VITIS_LOOP_73_3_fu_2746_ap_start_reg                      |   1|   0|    1|          0|
    |grp_unsw_linear_transformer_Pipeline_VITIS_LOOP_84_1_VITIS_LOOP_85_2_fu_2342_ap_start_reg      |   1|   0|    1|          0|
    |grp_unsw_linear_transformer_Pipeline_VITIS_LOOP_99_4_VITIS_LOOP_100_5_fu_2402_ap_start_reg     |   1|   0|    1|          0|
    |inverse_std_reg_3356                                                                           |  32|   0|   32|          0|
    |mean_reg_3332                                                                                  |  32|   0|   32|          0|
    |normalized_output_load_10_reg_3471                                                             |  32|   0|   32|          0|
    |normalized_output_load_11_reg_3476                                                             |  32|   0|   32|          0|
    |normalized_output_load_12_reg_3491                                                             |  32|   0|   32|          0|
    |normalized_output_load_13_reg_3496                                                             |  32|   0|   32|          0|
    |normalized_output_load_14_reg_3511                                                             |  32|   0|   32|          0|
    |normalized_output_load_15_reg_3516                                                             |  32|   0|   32|          0|
    |normalized_output_load_1_reg_3376                                                              |  32|   0|   32|          0|
    |normalized_output_load_2_reg_3391                                                              |  32|   0|   32|          0|
    |normalized_output_load_3_reg_3396                                                              |  32|   0|   32|          0|
    |normalized_output_load_4_reg_3411                                                              |  32|   0|   32|          0|
    |normalized_output_load_5_reg_3416                                                              |  32|   0|   32|          0|
    |normalized_output_load_6_reg_3431                                                              |  32|   0|   32|          0|
    |normalized_output_load_7_reg_3436                                                              |  32|   0|   32|          0|
    |normalized_output_load_8_reg_3451                                                              |  32|   0|   32|          0|
    |normalized_output_load_9_reg_3456                                                              |  32|   0|   32|          0|
    |normalized_output_load_reg_3371                                                                |  32|   0|   32|          0|
    |p_x_assign_2_reg_3346                                                                          |  32|   0|   32|          0|
    |sequence_3_fu_446                                                                              |   4|   0|    4|          0|
    |shl_ln838_13_reg_3264                                                                          |  16|   0|   20|          4|
    |shl_ln838_14_reg_3269                                                                          |  16|   0|   20|          4|
    |shl_ln838_15_reg_3274                                                                          |  16|   0|   20|          4|
    |shl_ln838_16_reg_3279                                                                          |  16|   0|   20|          4|
    |shl_ln838_17_reg_3284                                                                          |  16|   0|   20|          4|
    |shl_ln838_18_reg_3289                                                                          |  16|   0|   20|          4|
    |shl_ln838_19_reg_3294                                                                          |  16|   0|   20|          4|
    |shl_ln838_20_reg_3299                                                                          |  16|   0|   20|          4|
    |shl_ln838_21_reg_3304                                                                          |  16|   0|   20|          4|
    |shl_ln838_22_reg_3309                                                                          |  16|   0|   20|          4|
    |shl_ln838_23_reg_3314                                                                          |  16|   0|   20|          4|
    |shl_ln838_24_reg_3319                                                                          |  16|   0|   20|          4|
    |shl_ln838_25_reg_3324                                                                          |  16|   0|   20|          4|
    |shl_ln838_s_reg_3259                                                                           |  16|   0|   20|          4|
    |sparse_query_V_load_10_reg_3244                                                                |  16|   0|   16|          0|
    |sparse_query_V_load_11_reg_3249                                                                |  16|   0|   16|          0|
    |sparse_query_V_load_1_reg_3149                                                                 |  16|   0|   16|          0|
    |sparse_query_V_load_2_reg_3164                                                                 |  16|   0|   16|          0|
    |sparse_query_V_load_3_reg_3169                                                                 |  16|   0|   16|          0|
    |sparse_query_V_load_4_reg_3184                                                                 |  16|   0|   16|          0|
    |sparse_query_V_load_5_reg_3189                                                                 |  16|   0|   16|          0|
    |sparse_query_V_load_6_reg_3204                                                                 |  16|   0|   16|          0|
    |sparse_query_V_load_7_reg_3209                                                                 |  16|   0|   16|          0|
    |sparse_query_V_load_8_reg_3224                                                                 |  16|   0|   16|          0|
    |sparse_query_V_load_9_reg_3229                                                                 |  16|   0|   16|          0|
    |sparse_query_V_load_reg_3144                                                                   |  16|   0|   16|          0|
    |sub_ln837_reg_3105                                                                             |   6|   0|    7|          1|
    |tmp_4_reg_3351                                                                                 |  32|   0|   32|          0|
    |tmp_s_reg_3100                                                                                 |   3|   0|    7|          4|
    |variance_reg_3341                                                                              |  32|   0|   32|          0|
    +-----------------------------------------------------------------------------------------------+----+----+-----+-----------+
    |Total                                                                                          |1234|   0| 1295|         61|
    +-----------------------------------------------------------------------------------------------+----+----+-----+-----------+



================================================================
== Interface
================================================================
* Summary: 
+------------------+-----+-----+------------+-------------------------+--------------+
|     RTL Ports    | Dir | Bits|  Protocol  |      Source Object      |    C Type    |
+------------------+-----+-----+------------+-------------------------+--------------+
|ap_clk            |   in|    1|  ap_ctrl_hs|  unsw_linear_transformer|  return value|
|ap_rst            |   in|    1|  ap_ctrl_hs|  unsw_linear_transformer|  return value|
|ap_start          |   in|    1|  ap_ctrl_hs|  unsw_linear_transformer|  return value|
|ap_done           |  out|    1|  ap_ctrl_hs|  unsw_linear_transformer|  return value|
|ap_idle           |  out|    1|  ap_ctrl_hs|  unsw_linear_transformer|  return value|
|ap_ready          |  out|    1|  ap_ctrl_hs|  unsw_linear_transformer|  return value|
|input_r_address0  |  out|    8|   ap_memory|                  input_r|         array|
|input_r_ce0       |  out|    1|   ap_memory|                  input_r|         array|
|input_r_q0        |   in|   32|   ap_memory|                  input_r|         array|
|input_r_address1  |  out|    8|   ap_memory|                  input_r|         array|
|input_r_ce1       |  out|    1|   ap_memory|                  input_r|         array|
|input_r_q1        |   in|   32|   ap_memory|                  input_r|         array|
|logits_address0   |  out|    1|   ap_memory|                   logits|         array|
|logits_ce0        |  out|    1|   ap_memory|                   logits|         array|
|logits_we0        |  out|    1|   ap_memory|                   logits|         array|
|logits_d0         |  out|   32|   ap_memory|                   logits|         array|
+------------------+-----+-----+------------+-------------------------+--------------+

