

================================================================
== Vitis HLS Report for 'layer_norm_q16_Pipeline_VITIS_LOOP_53_2'
================================================================
* Date:           Thu Jul  2 17:15:03 2026

* Version:        2022.2 (Build 3670227 on Oct 13 2022)
* Project:        q16_s20_attn_sparse
* Solution:       solution1 (Vivado IP Flow Target)
* Product family: zynq
* Target device:  xc7z020-clg400-1


================================================================
== Performance Estimates
================================================================
+ Timing: 
    * Summary: 
    +--------+----------+----------+------------+
    |  Clock |  Target  | Estimated| Uncertainty|
    +--------+----------+----------+------------+
    |ap_clk  |  10.00 ns|  5.449 ns|     2.70 ns|
    +--------+----------+----------+------------+

+ Latency: 
    * Summary: 
    +---------+---------+----------+----------+-----+-----+---------+
    |  Latency (cycles) |  Latency (absolute) |  Interval | Pipeline|
    |   min   |   max   |    min   |    max   | min | max |   Type  |
    +---------+---------+----------+----------+-----+-----+---------+
    |       21|       21|  0.210 us|  0.210 us|   21|   21|       no|
    +---------+---------+----------+----------+-----+-----+---------+

    + Detail: 
        * Instance: 
        N/A

        * Loop: 
        +-------------------+---------+---------+----------+-----------+-----------+------+----------+
        |                   |  Latency (cycles) | Iteration|  Initiation Interval  | Trip |          |
        |     Loop Name     |   min   |   max   |  Latency |  achieved |   target  | Count| Pipelined|
        +-------------------+---------+---------+----------+-----------+-----------+------+----------+
        |- VITIS_LOOP_53_2  |       19|       19|         5|          1|          1|    16|       yes|
        +-------------------+---------+---------+----------+-----------+-----------+------+----------+



================================================================
== Utilization Estimates
================================================================
* Summary: 
+-----------------+---------+-----+--------+-------+-----+
|       Name      | BRAM_18K| DSP |   FF   |  LUT  | URAM|
+-----------------+---------+-----+--------+-------+-----+
|DSP              |        -|    1|       -|      -|    -|
|Expression       |        -|    -|       0|     48|    -|
|FIFO             |        -|    -|       -|      -|    -|
|Instance         |        -|    -|       -|      -|    -|
|Memory           |        -|    -|       -|      -|    -|
|Multiplexer      |        -|    -|       -|     54|    -|
|Register         |        -|    -|     103|     32|    -|
+-----------------+---------+-----+--------+-------+-----+
|Total            |        0|    1|     103|    134|    0|
+-----------------+---------+-----+--------+-------+-----+
|Available        |      280|  220|  106400|  53200|    0|
+-----------------+---------+-----+--------+-------+-----+
|Utilization (%)  |        0|   ~0|      ~0|     ~0|    0|
+-----------------+---------+-----+--------+-------+-----+

+ Detail: 
    * Instance: 
    N/A

    * DSP: 
    +-------------------------------------+--------------------------------+--------------+
    |               Instance              |             Module             |  Expression  |
    +-------------------------------------+--------------------------------+--------------+
    |mac_muladd_16s_16s_30ns_30_4_1_U194  |mac_muladd_16s_16s_30ns_30_4_1  |  i0 + i1 * i1|
    +-------------------------------------+--------------------------------+--------------+

    * Memory: 
    N/A

    * FIFO: 
    N/A

    * Expression: 
    +--------------------+----------+----+---+----+------------+------------+
    |    Variable Name   | Operation| DSP| FF| LUT| Bitwidth P0| Bitwidth P1|
    +--------------------+----------+----+---+----+------------+------------+
    |add_ln53_fu_101_p2  |         +|   0|  0|  13|           5|           1|
    |diff_fu_117_p2      |         -|   0|  0|  23|          16|          16|
    |icmp_ln53_fu_95_p2  |      icmp|   0|  0|  10|           5|           6|
    |ap_enable_pp0       |       xor|   0|  0|   2|           1|           2|
    +--------------------+----------+----+---+----+------------+------------+
    |Total               |          |   0|  0|  48|          27|          25|
    +--------------------+----------+----+---+----+------------+------------+

    * Multiplexer: 
    +-----------------------------+----+-----------+-----+-----------+
    |             Name            | LUT| Input Size| Bits| Total Bits|
    +-----------------------------+----+-----------+-----+-----------+
    |ap_done_int                  |   9|          2|    1|          2|
    |ap_enable_reg_pp0_iter1      |   9|          2|    1|          2|
    |ap_sig_allocacmp_i_3         |   9|          2|    5|         10|
    |ap_sig_allocacmp_lhs_load_2  |   9|          2|   24|         48|
    |i_fu_52                      |   9|          2|    5|         10|
    |lhs_fu_48                    |   9|          2|   24|         48|
    +-----------------------------+----+-----------+-----+-----------+
    |Total                        |  54|         12|   60|        120|
    +-----------------------------+----+-----------+-----+-----------+

    * Register: 
    +----------------------------------+----+----+-----+-----------+
    |               Name               | FF | LUT| Bits| Const Bits|
    +----------------------------------+----+----+-----+-----------+
    |ap_CS_fsm                         |   1|   0|    1|          0|
    |ap_done_reg                       |   1|   0|    1|          0|
    |ap_enable_reg_pp0_iter1           |   1|   0|    1|          0|
    |ap_enable_reg_pp0_iter2           |   1|   0|    1|          0|
    |ap_enable_reg_pp0_iter3           |   1|   0|    1|          0|
    |ap_enable_reg_pp0_iter4           |   1|   0|    1|          0|
    |ap_loop_exit_ready_pp0_iter1_reg  |   1|   0|    1|          0|
    |ap_loop_exit_ready_pp0_iter2_reg  |   1|   0|    1|          0|
    |ap_loop_exit_ready_pp0_iter3_reg  |   1|   0|    1|          0|
    |i_fu_52                           |   5|   0|    5|          0|
    |icmp_ln53_reg_184                 |   1|   0|    1|          0|
    |lhs_fu_48                         |  24|   0|   24|          0|
    |icmp_ln53_reg_184                 |  64|  32|    1|          0|
    +----------------------------------+----+----+-----+-----------+
    |Total                             | 103|  32|   40|          0|
    +----------------------------------+----+----+-----+-----------+



================================================================
== Interface
================================================================
* Summary: 
+------------------------+-----+-----+------------+-----------------------------------------+--------------+
|        RTL Ports       | Dir | Bits|  Protocol  |              Source Object              |    C Type    |
+------------------------+-----+-----+------------+-----------------------------------------+--------------+
|ap_clk                  |   in|    1|  ap_ctrl_hs|  layer_norm_q16_Pipeline_VITIS_LOOP_53_2|  return value|
|ap_rst                  |   in|    1|  ap_ctrl_hs|  layer_norm_q16_Pipeline_VITIS_LOOP_53_2|  return value|
|ap_start                |   in|    1|  ap_ctrl_hs|  layer_norm_q16_Pipeline_VITIS_LOOP_53_2|  return value|
|ap_done                 |  out|    1|  ap_ctrl_hs|  layer_norm_q16_Pipeline_VITIS_LOOP_53_2|  return value|
|ap_idle                 |  out|    1|  ap_ctrl_hs|  layer_norm_q16_Pipeline_VITIS_LOOP_53_2|  return value|
|ap_ready                |  out|    1|  ap_ctrl_hs|  layer_norm_q16_Pipeline_VITIS_LOOP_53_2|  return value|
|x_address0              |  out|    4|   ap_memory|                                        x|         array|
|x_ce0                   |  out|    1|   ap_memory|                                        x|         array|
|x_q0                    |   in|   16|   ap_memory|                                        x|         array|
|mean                    |   in|   16|     ap_none|                                     mean|        scalar|
|var_sum_V_2_out         |  out|   24|      ap_vld|                          var_sum_V_2_out|       pointer|
|var_sum_V_2_out_ap_vld  |  out|    1|      ap_vld|                          var_sum_V_2_out|       pointer|
+------------------------+-----+-----+------------+-----------------------------------------+--------------+

