
*** Running vivado
    with args -log q16_qksv2_d11_design_processing_system7_0_0.vds -m64 -product Vivado -mode batch -messageDb vivado.pb -notrace -source q16_qksv2_d11_design_processing_system7_0_0.tcl


****** Vivado v2022.2 (64-bit)
  **** SW Build 3671981 on Fri Oct 14 04:59:54 MDT 2022
  **** IP Build 3669848 on Fri Oct 14 08:30:02 MDT 2022
    ** Copyright 1986-2022 Xilinx, Inc. All Rights Reserved.

source q16_qksv2_d11_design_processing_system7_0_0.tcl -notrace
INFO: [IP_Flow 19-234] Refreshing IP repositories
INFO: [IP_Flow 19-1700] Loaded user IP repository '/home/cym/prj2/finn/notebooks/icl_thesis-master/experiments/imgds_linear_sparse/final_paper_experiments/experiment1_qks_v2_physical_prune/hls_projects/q16_qksv2_d11/q16_qksv2_d11_csynth/solution1/impl/ip'.
INFO: [IP_Flow 19-2313] Loaded Vivado IP repository '/tools/Xilinx/Vivado/2022.2/data/ip'.
Command: synth_design -top q16_qksv2_d11_design_processing_system7_0_0 -part xc7z020clg400-1 -incremental_mode off -mode out_of_context
Starting synth_design
Attempting to get a license for feature 'Synthesis' and/or device 'xc7z020'
INFO: [Common 17-349] Got license for feature 'Synthesis' and/or device 'xc7z020'
INFO: [Device 21-403] Loading part xc7z020clg400-1
INFO: [Synth 8-7079] Multithreading enabled for synth_design using a maximum of 4 processes.
INFO: [Synth 8-7078] Launching helper process for spawning children vivado processes
INFO: [Synth 8-7075] Helper process launched with PID 621532
INFO: [Synth 8-11241] undeclared symbol 'REGCCE', assumed default net type 'wire' [/tools/Xilinx/Vivado/2022.2/data/verilog/src/unimacro/BRAM_SINGLE_MACRO.v:2170]
---------------------------------------------------------------------------------
Starting RTL Elaboration : Time (s): cpu = 00:00:02 ; elapsed = 00:00:03 . Memory (MB): peak = 2117.125 ; gain = 371.738 ; free physical = 736 ; free virtual = 16480
Synthesis current peak Physical Memory [PSS] (MB): peak = 1373.523; parent = 1229.598; children = 143.926
Synthesis current peak Virtual Memory [VSS] (MB): peak = 3094.645; parent = 2120.098; children = 974.547
---------------------------------------------------------------------------------
INFO: [Synth 8-6157] synthesizing module 'q16_qksv2_d11_design_processing_system7_0_0' [/home/cym/prj2/finn/notebooks/icl_thesis-master/experiments/imgds_linear_sparse/final_paper_experiments/experiment1_qks_v2_physical_prune/hls_projects/q16_qksv2_d11/vivado/q16_qksv2_d11_vivado/q16_qksv2_d11_vivado.gen/sources_1/bd/q16_qksv2_d11_design/ip/q16_qksv2_d11_design_processing_system7_0_0/synth/q16_qksv2_d11_design_processing_system7_0_0.v:53]
INFO: [Synth 8-6157] synthesizing module 'processing_system7_v5_5_processing_system7' [/home/cym/prj2/finn/notebooks/icl_thesis-master/experiments/imgds_linear_sparse/final_paper_experiments/experiment1_qks_v2_physical_prune/hls_projects/q16_qksv2_d11/vivado/q16_qksv2_d11_vivado/q16_qksv2_d11_vivado.gen/sources_1/bd/q16_qksv2_d11_design/ip/q16_qksv2_d11_design_processing_system7_0_0/hdl/verilog/processing_system7_v5_5_processing_system7.v:152]
INFO: [Synth 8-6157] synthesizing module 'BUFG' [/tools/Xilinx/Vivado/2022.2/scripts/rt/data/unisim_comp.v:1082]
INFO: [Synth 8-6155] done synthesizing module 'BUFG' (0#1) [/tools/Xilinx/Vivado/2022.2/scripts/rt/data/unisim_comp.v:1082]
INFO: [Synth 8-6157] synthesizing module 'BIBUF' [/tools/Xilinx/Vivado/2022.2/scripts/rt/data/unisim_comp.v:729]
INFO: [Synth 8-6155] done synthesizing module 'BIBUF' (0#1) [/tools/Xilinx/Vivado/2022.2/scripts/rt/data/unisim_comp.v:729]
INFO: [Synth 8-6157] synthesizing module 'PS7' [/tools/Xilinx/Vivado/2022.2/scripts/rt/data/unisim_comp.v:109424]
INFO: [Synth 8-6155] done synthesizing module 'PS7' (0#1) [/tools/Xilinx/Vivado/2022.2/scripts/rt/data/unisim_comp.v:109424]
INFO: [Synth 8-6155] done synthesizing module 'processing_system7_v5_5_processing_system7' (0#1) [/home/cym/prj2/finn/notebooks/icl_thesis-master/experiments/imgds_linear_sparse/final_paper_experiments/experiment1_qks_v2_physical_prune/hls_projects/q16_qksv2_d11/vivado/q16_qksv2_d11_vivado/q16_qksv2_d11_vivado.gen/sources_1/bd/q16_qksv2_d11_design/ip/q16_qksv2_d11_design_processing_system7_0_0/hdl/verilog/processing_system7_v5_5_processing_system7.v:152]
WARNING: [Synth 8-7071] port 'M_AXI_GP0_ARESETN' of module 'processing_system7_v5_5_processing_system7' is unconnected for instance 'inst' [/home/cym/prj2/finn/notebooks/icl_thesis-master/experiments/imgds_linear_sparse/final_paper_experiments/experiment1_qks_v2_physical_prune/hls_projects/q16_qksv2_d11/vivado/q16_qksv2_d11_vivado/q16_qksv2_d11_vivado.gen/sources_1/bd/q16_qksv2_d11_design/ip/q16_qksv2_d11_design_processing_system7_0_0/synth/q16_qksv2_d11_design_processing_system7_0_0.v:461]
WARNING: [Synth 8-7071] port 'M_AXI_GP1_ARESETN' of module 'processing_system7_v5_5_processing_system7' is unconnected for instance 'inst' [/home/cym/prj2/finn/notebooks/icl_thesis-master/experiments/imgds_linear_sparse/final_paper_experiments/experiment1_qks_v2_physical_prune/hls_projects/q16_qksv2_d11/vivado/q16_qksv2_d11_vivado/q16_qksv2_d11_vivado.gen/sources_1/bd/q16_qksv2_d11_design/ip/q16_qksv2_d11_design_processing_system7_0_0/synth/q16_qksv2_d11_design_processing_system7_0_0.v:461]
WARNING: [Synth 8-7071] port 'S_AXI_GP0_ARESETN' of module 'processing_system7_v5_5_processing_system7' is unconnected for instance 'inst' [/home/cym/prj2/finn/notebooks/icl_thesis-master/experiments/imgds_linear_sparse/final_paper_experiments/experiment1_qks_v2_physical_prune/hls_projects/q16_qksv2_d11/vivado/q16_qksv2_d11_vivado/q16_qksv2_d11_vivado.gen/sources_1/bd/q16_qksv2_d11_design/ip/q16_qksv2_d11_design_processing_system7_0_0/synth/q16_qksv2_d11_design_processing_system7_0_0.v:461]
WARNING: [Synth 8-7071] port 'S_AXI_GP1_ARESETN' of module 'processing_system7_v5_5_processing_system7' is unconnected for instance 'inst' [/home/cym/prj2/finn/notebooks/icl_thesis-master/experiments/imgds_linear_sparse/final_paper_experiments/experiment1_qks_v2_physical_prune/hls_projects/q16_qksv2_d11/vivado/q16_qksv2_d11_vivado/q16_qksv2_d11_vivado.gen/sources_1/bd/q16_qksv2_d11_design/ip/q16_qksv2_d11_design_processing_system7_0_0/synth/q16_qksv2_d11_design_processing_system7_0_0.v:461]
WARNING: [Synth 8-7071] port 'S_AXI_ACP_ARESETN' of module 'processing_system7_v5_5_processing_system7' is unconnected for instance 'inst' [/home/cym/prj2/finn/notebooks/icl_thesis-master/experiments/imgds_linear_sparse/final_paper_experiments/experiment1_qks_v2_physical_prune/hls_projects/q16_qksv2_d11/vivado/q16_qksv2_d11_vivado/q16_qksv2_d11_vivado.gen/sources_1/bd/q16_qksv2_d11_design/ip/q16_qksv2_d11_design_processing_system7_0_0/synth/q16_qksv2_d11_design_processing_system7_0_0.v:461]
WARNING: [Synth 8-7071] port 'S_AXI_HP0_ARESETN' of module 'processing_system7_v5_5_processing_system7' is unconnected for instance 'inst' [/home/cym/prj2/finn/notebooks/icl_thesis-master/experiments/imgds_linear_sparse/final_paper_experiments/experiment1_qks_v2_physical_prune/hls_projects/q16_qksv2_d11/vivado/q16_qksv2_d11_vivado/q16_qksv2_d11_vivado.gen/sources_1/bd/q16_qksv2_d11_design/ip/q16_qksv2_d11_design_processing_system7_0_0/synth/q16_qksv2_d11_design_processing_system7_0_0.v:461]
WARNING: [Synth 8-7071] port 'S_AXI_HP1_ARESETN' of module 'processing_system7_v5_5_processing_system7' is unconnected for instance 'inst' [/home/cym/prj2/finn/notebooks/icl_thesis-master/experiments/imgds_linear_sparse/final_paper_experiments/experiment1_qks_v2_physical_prune/hls_projects/q16_qksv2_d11/vivado/q16_qksv2_d11_vivado/q16_qksv2_d11_vivado.gen/sources_1/bd/q16_qksv2_d11_design/ip/q16_qksv2_d11_design_processing_system7_0_0/synth/q16_qksv2_d11_design_processing_system7_0_0.v:461]
WARNING: [Synth 8-7071] port 'S_AXI_HP2_ARESETN' of module 'processing_system7_v5_5_processing_system7' is unconnected for instance 'inst' [/home/cym/prj2/finn/notebooks/icl_thesis-master/experiments/imgds_linear_sparse/final_paper_experiments/experiment1_qks_v2_physical_prune/hls_projects/q16_qksv2_d11/vivado/q16_qksv2_d11_vivado/q16_qksv2_d11_vivado.gen/sources_1/bd/q16_qksv2_d11_design/ip/q16_qksv2_d11_design_processing_system7_0_0/synth/q16_qksv2_d11_design_processing_system7_0_0.v:461]
WARNING: [Synth 8-7071] port 'S_AXI_HP3_ARESETN' of module 'processing_system7_v5_5_processing_system7' is unconnected for instance 'inst' [/home/cym/prj2/finn/notebooks/icl_thesis-master/experiments/imgds_linear_sparse/final_paper_experiments/experiment1_qks_v2_physical_prune/hls_projects/q16_qksv2_d11/vivado/q16_qksv2_d11_vivado/q16_qksv2_d11_vivado.gen/sources_1/bd/q16_qksv2_d11_design/ip/q16_qksv2_d11_design_processing_system7_0_0/synth/q16_qksv2_d11_design_processing_system7_0_0.v:461]
WARNING: [Synth 8-7071] port 'DMA0_RSTN' of module 'processing_system7_v5_5_processing_system7' is unconnected for instance 'inst' [/home/cym/prj2/finn/notebooks/icl_thesis-master/experiments/imgds_linear_sparse/final_paper_experiments/experiment1_qks_v2_physical_prune/hls_projects/q16_qksv2_d11/vivado/q16_qksv2_d11_vivado/q16_qksv2_d11_vivado.gen/sources_1/bd/q16_qksv2_d11_design/ip/q16_qksv2_d11_design_processing_system7_0_0/synth/q16_qksv2_d11_design_processing_system7_0_0.v:461]
WARNING: [Synth 8-7071] port 'DMA1_RSTN' of module 'processing_system7_v5_5_processing_system7' is unconnected for instance 'inst' [/home/cym/prj2/finn/notebooks/icl_thesis-master/experiments/imgds_linear_sparse/final_paper_experiments/experiment1_qks_v2_physical_prune/hls_projects/q16_qksv2_d11/vivado/q16_qksv2_d11_vivado/q16_qksv2_d11_vivado.gen/sources_1/bd/q16_qksv2_d11_design/ip/q16_qksv2_d11_design_processing_system7_0_0/synth/q16_qksv2_d11_design_processing_system7_0_0.v:461]
WARNING: [Synth 8-7071] port 'DMA2_RSTN' of module 'processing_system7_v5_5_processing_system7' is unconnected for instance 'inst' [/home/cym/prj2/finn/notebooks/icl_thesis-master/experiments/imgds_linear_sparse/final_paper_experiments/experiment1_qks_v2_physical_prune/hls_projects/q16_qksv2_d11/vivado/q16_qksv2_d11_vivado/q16_qksv2_d11_vivado.gen/sources_1/bd/q16_qksv2_d11_design/ip/q16_qksv2_d11_design_processing_system7_0_0/synth/q16_qksv2_d11_design_processing_system7_0_0.v:461]
WARNING: [Synth 8-7071] port 'DMA3_RSTN' of module 'processing_system7_v5_5_processing_system7' is unconnected for instance 'inst' [/home/cym/prj2/finn/notebooks/icl_thesis-master/experiments/imgds_linear_sparse/final_paper_experiments/experiment1_qks_v2_physical_prune/hls_projects/q16_qksv2_d11/vivado/q16_qksv2_d11_vivado/q16_qksv2_d11_vivado.gen/sources_1/bd/q16_qksv2_d11_design/ip/q16_qksv2_d11_design_processing_system7_0_0/synth/q16_qksv2_d11_design_processing_system7_0_0.v:461]
WARNING: [Synth 8-7023] instance 'inst' of module 'processing_system7_v5_5_processing_system7' has 685 connections declared, but only 672 given [/home/cym/prj2/finn/notebooks/icl_thesis-master/experiments/imgds_linear_sparse/final_paper_experiments/experiment1_qks_v2_physical_prune/hls_projects/q16_qksv2_d11/vivado/q16_qksv2_d11_vivado/q16_qksv2_d11_vivado.gen/sources_1/bd/q16_qksv2_d11_design/ip/q16_qksv2_d11_design_processing_system7_0_0/synth/q16_qksv2_d11_design_processing_system7_0_0.v:461]
INFO: [Synth 8-6155] done synthesizing module 'q16_qksv2_d11_design_processing_system7_0_0' (0#1) [/home/cym/prj2/finn/notebooks/icl_thesis-master/experiments/imgds_linear_sparse/final_paper_experiments/experiment1_qks_v2_physical_prune/hls_projects/q16_qksv2_d11/vivado/q16_qksv2_d11_vivado/q16_qksv2_d11_vivado.gen/sources_1/bd/q16_qksv2_d11_design/ip/q16_qksv2_d11_design_processing_system7_0_0/synth/q16_qksv2_d11_design_processing_system7_0_0.v:53]
WARNING: [Synth 8-7129] Port ENET0_GMII_COL in module processing_system7_v5_5_processing_system7 is either unconnected or has no load
WARNING: [Synth 8-7129] Port ENET0_GMII_CRS in module processing_system7_v5_5_processing_system7 is either unconnected or has no load
WARNING: [Synth 8-7129] Port ENET0_GMII_RX_DV in module processing_system7_v5_5_processing_system7 is either unconnected or has no load
WARNING: [Synth 8-7129] Port ENET0_GMII_RX_ER in module processing_system7_v5_5_processing_system7 is either unconnected or has no load
WARNING: [Synth 8-7129] Port ENET0_GMII_RXD[7] in module processing_system7_v5_5_processing_system7 is either unconnected or has no load
WARNING: [Synth 8-7129] Port ENET0_GMII_RXD[6] in module processing_system7_v5_5_processing_system7 is either unconnected or has no load
WARNING: [Synth 8-7129] Port ENET0_GMII_RXD[5] in module processing_system7_v5_5_processing_system7 is either unconnected or has no load
WARNING: [Synth 8-7129] Port ENET0_GMII_RXD[4] in module processing_system7_v5_5_processing_system7 is either unconnected or has no load
WARNING: [Synth 8-7129] Port ENET0_GMII_RXD[3] in module processing_system7_v5_5_processing_system7 is either unconnected or has no load
WARNING: [Synth 8-7129] Port ENET0_GMII_RXD[2] in module processing_system7_v5_5_processing_system7 is either unconnected or has no load
WARNING: [Synth 8-7129] Port ENET0_GMII_RXD[1] in module processing_system7_v5_5_processing_system7 is either unconnected or has no load
WARNING: [Synth 8-7129] Port ENET0_GMII_RXD[0] in module processing_system7_v5_5_processing_system7 is either unconnected or has no load
WARNING: [Synth 8-7129] Port ENET1_GMII_COL in module processing_system7_v5_5_processing_system7 is either unconnected or has no load
WARNING: [Synth 8-7129] Port ENET1_GMII_CRS in module processing_system7_v5_5_processing_system7 is either unconnected or has no load
WARNING: [Synth 8-7129] Port ENET1_GMII_RX_DV in module processing_system7_v5_5_processing_system7 is either unconnected or has no load
WARNING: [Synth 8-7129] Port ENET1_GMII_RX_ER in module processing_system7_v5_5_processing_system7 is either unconnected or has no load
WARNING: [Synth 8-7129] Port ENET1_GMII_RXD[7] in module processing_system7_v5_5_processing_system7 is either unconnected or has no load
WARNING: [Synth 8-7129] Port ENET1_GMII_RXD[6] in module processing_system7_v5_5_processing_system7 is either unconnected or has no load
WARNING: [Synth 8-7129] Port ENET1_GMII_RXD[5] in module processing_system7_v5_5_processing_system7 is either unconnected or has no load
WARNING: [Synth 8-7129] Port ENET1_GMII_RXD[4] in module processing_system7_v5_5_processing_system7 is either unconnected or has no load
WARNING: [Synth 8-7129] Port ENET1_GMII_RXD[3] in module processing_system7_v5_5_processing_system7 is either unconnected or has no load
WARNING: [Synth 8-7129] Port ENET1_GMII_RXD[2] in module processing_system7_v5_5_processing_system7 is either unconnected or has no load
WARNING: [Synth 8-7129] Port ENET1_GMII_RXD[1] in module processing_system7_v5_5_processing_system7 is either unconnected or has no load
WARNING: [Synth 8-7129] Port ENET1_GMII_RXD[0] in module processing_system7_v5_5_processing_system7 is either unconnected or has no load
WARNING: [Synth 8-7129] Port S_AXI_GP0_ARSIZE[2] in module processing_system7_v5_5_processing_system7 is either unconnected or has no load
WARNING: [Synth 8-7129] Port S_AXI_GP0_AWSIZE[2] in module processing_system7_v5_5_processing_system7 is either unconnected or has no load
WARNING: [Synth 8-7129] Port S_AXI_GP1_ARSIZE[2] in module processing_system7_v5_5_processing_system7 is either unconnected or has no load
WARNING: [Synth 8-7129] Port S_AXI_GP1_AWSIZE[2] in module processing_system7_v5_5_processing_system7 is either unconnected or has no load
WARNING: [Synth 8-7129] Port S_AXI_ACP_ARSIZE[2] in module processing_system7_v5_5_processing_system7 is either unconnected or has no load
WARNING: [Synth 8-7129] Port S_AXI_ACP_AWSIZE[2] in module processing_system7_v5_5_processing_system7 is either unconnected or has no load
WARNING: [Synth 8-7129] Port S_AXI_HP0_ARSIZE[2] in module processing_system7_v5_5_processing_system7 is either unconnected or has no load
WARNING: [Synth 8-7129] Port S_AXI_HP0_AWSIZE[2] in module processing_system7_v5_5_processing_system7 is either unconnected or has no load
WARNING: [Synth 8-7129] Port S_AXI_HP1_ARSIZE[2] in module processing_system7_v5_5_processing_system7 is either unconnected or has no load
WARNING: [Synth 8-7129] Port S_AXI_HP1_AWSIZE[2] in module processing_system7_v5_5_processing_system7 is either unconnected or has no load
WARNING: [Synth 8-7129] Port S_AXI_HP2_ARSIZE[2] in module processing_system7_v5_5_processing_system7 is either unconnected or has no load
WARNING: [Synth 8-7129] Port S_AXI_HP2_AWSIZE[2] in module processing_system7_v5_5_processing_system7 is either unconnected or has no load
WARNING: [Synth 8-7129] Port S_AXI_HP3_ARSIZE[2] in module processing_system7_v5_5_processing_system7 is either unconnected or has no load
WARNING: [Synth 8-7129] Port S_AXI_HP3_AWSIZE[2] in module processing_system7_v5_5_processing_system7 is either unconnected or has no load
WARNING: [Synth 8-7129] Port FCLK_CLKTRIG3_N in module processing_system7_v5_5_processing_system7 is either unconnected or has no load
WARNING: [Synth 8-7129] Port FCLK_CLKTRIG2_N in module processing_system7_v5_5_processing_system7 is either unconnected or has no load
WARNING: [Synth 8-7129] Port FCLK_CLKTRIG1_N in module processing_system7_v5_5_processing_system7 is either unconnected or has no load
WARNING: [Synth 8-7129] Port FCLK_CLKTRIG0_N in module processing_system7_v5_5_processing_system7 is either unconnected or has no load
WARNING: [Synth 8-7129] Port FTMD_TRACEIN_DATA[31] in module processing_system7_v5_5_processing_system7 is either unconnected or has no load
WARNING: [Synth 8-7129] Port FTMD_TRACEIN_DATA[30] in module processing_system7_v5_5_processing_system7 is either unconnected or has no load
WARNING: [Synth 8-7129] Port FTMD_TRACEIN_DATA[29] in module processing_system7_v5_5_processing_system7 is either unconnected or has no load
WARNING: [Synth 8-7129] Port FTMD_TRACEIN_DATA[28] in module processing_system7_v5_5_processing_system7 is either unconnected or has no load
WARNING: [Synth 8-7129] Port FTMD_TRACEIN_DATA[27] in module processing_system7_v5_5_processing_system7 is either unconnected or has no load
WARNING: [Synth 8-7129] Port FTMD_TRACEIN_DATA[26] in module processing_system7_v5_5_processing_system7 is either unconnected or has no load
WARNING: [Synth 8-7129] Port FTMD_TRACEIN_DATA[25] in module processing_system7_v5_5_processing_system7 is either unconnected or has no load
WARNING: [Synth 8-7129] Port FTMD_TRACEIN_DATA[24] in module processing_system7_v5_5_processing_system7 is either unconnected or has no load
WARNING: [Synth 8-7129] Port FTMD_TRACEIN_DATA[23] in module processing_system7_v5_5_processing_system7 is either unconnected or has no load
WARNING: [Synth 8-7129] Port FTMD_TRACEIN_DATA[22] in module processing_system7_v5_5_processing_system7 is either unconnected or has no load
WARNING: [Synth 8-7129] Port FTMD_TRACEIN_DATA[21] in module processing_system7_v5_5_processing_system7 is either unconnected or has no load
WARNING: [Synth 8-7129] Port FTMD_TRACEIN_DATA[20] in module processing_system7_v5_5_processing_system7 is either unconnected or has no load
WARNING: [Synth 8-7129] Port FTMD_TRACEIN_DATA[19] in module processing_system7_v5_5_processing_system7 is either unconnected or has no load
WARNING: [Synth 8-7129] Port FTMD_TRACEIN_DATA[18] in module processing_system7_v5_5_processing_system7 is either unconnected or has no load
WARNING: [Synth 8-7129] Port FTMD_TRACEIN_DATA[17] in module processing_system7_v5_5_processing_system7 is either unconnected or has no load
WARNING: [Synth 8-7129] Port FTMD_TRACEIN_DATA[16] in module processing_system7_v5_5_processing_system7 is either unconnected or has no load
WARNING: [Synth 8-7129] Port FTMD_TRACEIN_DATA[15] in module processing_system7_v5_5_processing_system7 is either unconnected or has no load
WARNING: [Synth 8-7129] Port FTMD_TRACEIN_DATA[14] in module processing_system7_v5_5_processing_system7 is either unconnected or has no load
WARNING: [Synth 8-7129] Port FTMD_TRACEIN_DATA[13] in module processing_system7_v5_5_processing_system7 is either unconnected or has no load
WARNING: [Synth 8-7129] Port FTMD_TRACEIN_DATA[12] in module processing_system7_v5_5_processing_system7 is either unconnected or has no load
WARNING: [Synth 8-7129] Port FTMD_TRACEIN_DATA[11] in module processing_system7_v5_5_processing_system7 is either unconnected or has no load
WARNING: [Synth 8-7129] Port FTMD_TRACEIN_DATA[10] in module processing_system7_v5_5_processing_system7 is either unconnected or has no load
WARNING: [Synth 8-7129] Port FTMD_TRACEIN_DATA[9] in module processing_system7_v5_5_processing_system7 is either unconnected or has no load
WARNING: [Synth 8-7129] Port FTMD_TRACEIN_DATA[8] in module processing_system7_v5_5_processing_system7 is either unconnected or has no load
WARNING: [Synth 8-7129] Port FTMD_TRACEIN_DATA[7] in module processing_system7_v5_5_processing_system7 is either unconnected or has no load
WARNING: [Synth 8-7129] Port FTMD_TRACEIN_DATA[6] in module processing_system7_v5_5_processing_system7 is either unconnected or has no load
WARNING: [Synth 8-7129] Port FTMD_TRACEIN_DATA[5] in module processing_system7_v5_5_processing_system7 is either unconnected or has no load
WARNING: [Synth 8-7129] Port FTMD_TRACEIN_DATA[4] in module processing_system7_v5_5_processing_system7 is either unconnected or has no load
WARNING: [Synth 8-7129] Port FTMD_TRACEIN_DATA[3] in module processing_system7_v5_5_processing_system7 is either unconnected or has no load
WARNING: [Synth 8-7129] Port FTMD_TRACEIN_DATA[2] in module processing_system7_v5_5_processing_system7 is either unconnected or has no load
WARNING: [Synth 8-7129] Port FTMD_TRACEIN_DATA[1] in module processing_system7_v5_5_processing_system7 is either unconnected or has no load
WARNING: [Synth 8-7129] Port FTMD_TRACEIN_DATA[0] in module processing_system7_v5_5_processing_system7 is either unconnected or has no load
WARNING: [Synth 8-7129] Port FTMD_TRACEIN_VALID in module processing_system7_v5_5_processing_system7 is either unconnected or has no load
WARNING: [Synth 8-7129] Port FTMD_TRACEIN_ATID[3] in module processing_system7_v5_5_processing_system7 is either unconnected or has no load
WARNING: [Synth 8-7129] Port FTMD_TRACEIN_ATID[2] in module processing_system7_v5_5_processing_system7 is either unconnected or has no load
WARNING: [Synth 8-7129] Port FTMD_TRACEIN_ATID[1] in module processing_system7_v5_5_processing_system7 is either unconnected or has no load
WARNING: [Synth 8-7129] Port FTMD_TRACEIN_ATID[0] in module processing_system7_v5_5_processing_system7 is either unconnected or has no load
---------------------------------------------------------------------------------
Finished RTL Elaboration : Time (s): cpu = 00:00:03 ; elapsed = 00:00:04 . Memory (MB): peak = 2193.062 ; gain = 447.676 ; free physical = 800 ; free virtual = 16546
Synthesis current peak Physical Memory [PSS] (MB): peak = 1373.523; parent = 1229.598; children = 143.926
Synthesis current peak Virtual Memory [VSS] (MB): peak = 3167.613; parent = 2193.066; children = 974.547
---------------------------------------------------------------------------------
---------------------------------------------------------------------------------
Start Handling Custom Attributes
---------------------------------------------------------------------------------
---------------------------------------------------------------------------------
Finished Handling Custom Attributes : Time (s): cpu = 00:00:03 ; elapsed = 00:00:04 . Memory (MB): peak = 2210.875 ; gain = 465.488 ; free physical = 797 ; free virtual = 16542
Synthesis current peak Physical Memory [PSS] (MB): peak = 1373.523; parent = 1229.598; children = 143.926
Synthesis current peak Virtual Memory [VSS] (MB): peak = 3185.426; parent = 2210.879; children = 974.547
---------------------------------------------------------------------------------
---------------------------------------------------------------------------------
Finished RTL Optimization Phase 1 : Time (s): cpu = 00:00:03 ; elapsed = 00:00:04 . Memory (MB): peak = 2210.875 ; gain = 465.488 ; free physical = 796 ; free virtual = 16541
Synthesis current peak Physical Memory [PSS] (MB): peak = 1373.523; parent = 1229.598; children = 143.926
Synthesis current peak Virtual Memory [VSS] (MB): peak = 3185.426; parent = 2210.879; children = 974.547
---------------------------------------------------------------------------------
Netlist sorting complete. Time (s): cpu = 00:00:00.01 ; elapsed = 00:00:00.01 . Memory (MB): peak = 2216.812 ; gain = 0.000 ; free physical = 763 ; free virtual = 16508
INFO: [Project 1-570] Preparing netlist for logic optimization

Processing XDC Constraints
Initializing timing engine
Parsing XDC File [/home/cym/prj2/finn/notebooks/icl_thesis-master/experiments/imgds_linear_sparse/final_paper_experiments/experiment1_qks_v2_physical_prune/hls_projects/q16_qksv2_d11/vivado/q16_qksv2_d11_vivado/q16_qksv2_d11_vivado.gen/sources_1/bd/q16_qksv2_d11_design/ip/q16_qksv2_d11_design_processing_system7_0_0/q16_qksv2_d11_design_processing_system7_0_0.xdc] for cell 'inst'
Finished Parsing XDC File [/home/cym/prj2/finn/notebooks/icl_thesis-master/experiments/imgds_linear_sparse/final_paper_experiments/experiment1_qks_v2_physical_prune/hls_projects/q16_qksv2_d11/vivado/q16_qksv2_d11_vivado/q16_qksv2_d11_vivado.gen/sources_1/bd/q16_qksv2_d11_design/ip/q16_qksv2_d11_design_processing_system7_0_0/q16_qksv2_d11_design_processing_system7_0_0.xdc] for cell 'inst'
INFO: [Project 1-236] Implementation specific constraints were found while reading constraint file [/home/cym/prj2/finn/notebooks/icl_thesis-master/experiments/imgds_linear_sparse/final_paper_experiments/experiment1_qks_v2_physical_prune/hls_projects/q16_qksv2_d11/vivado/q16_qksv2_d11_vivado/q16_qksv2_d11_vivado.gen/sources_1/bd/q16_qksv2_d11_design/ip/q16_qksv2_d11_design_processing_system7_0_0/q16_qksv2_d11_design_processing_system7_0_0.xdc]. These constraints will be ignored for synthesis but will be used in implementation. Impacted constraints are listed in the file [.Xil/q16_qksv2_d11_design_processing_system7_0_0_propImpl.xdc].
Resolution: To avoid this warning, move constraints listed in [.Xil/q16_qksv2_d11_design_processing_system7_0_0_propImpl.xdc] to another XDC file and exclude this new file from synthesis with the used_in_synthesis property (File Properties dialog in GUI) and re-run elaboration/synthesis.
Parsing XDC File [/home/cym/prj2/finn/notebooks/icl_thesis-master/experiments/imgds_linear_sparse/final_paper_experiments/experiment1_qks_v2_physical_prune/hls_projects/q16_qksv2_d11/vivado/q16_qksv2_d11_vivado/q16_qksv2_d11_vivado.runs/q16_qksv2_d11_design_processing_system7_0_0_synth_1/dont_touch.xdc]
Finished Parsing XDC File [/home/cym/prj2/finn/notebooks/icl_thesis-master/experiments/imgds_linear_sparse/final_paper_experiments/experiment1_qks_v2_physical_prune/hls_projects/q16_qksv2_d11/vivado/q16_qksv2_d11_vivado/q16_qksv2_d11_vivado.runs/q16_qksv2_d11_design_processing_system7_0_0_synth_1/dont_touch.xdc]
Completed Processing XDC Constraints

Netlist sorting complete. Time (s): cpu = 00:00:00 ; elapsed = 00:00:00 . Memory (MB): peak = 2289.750 ; gain = 0.000 ; free physical = 620 ; free virtual = 16364
INFO: [Project 1-111] Unisim Transformation Summary:
No Unisim elements were transformed.

Constraint Validation Runtime : Time (s): cpu = 00:00:00.02 ; elapsed = 00:00:00.01 . Memory (MB): peak = 2289.750 ; gain = 0.000 ; free physical = 642 ; free virtual = 16385
INFO: [Designutils 20-5008] Incremental synthesis strategy off
INFO: [Synth 8-11241] undeclared symbol 'REGCCE', assumed default net type 'wire' [/tools/Xilinx/Vivado/2022.2/data/verilog/src/unimacro/BRAM_SINGLE_MACRO.v:2170]
---------------------------------------------------------------------------------
Finished Constraint Validation : Time (s): cpu = 00:00:08 ; elapsed = 00:00:08 . Memory (MB): peak = 2289.750 ; gain = 544.363 ; free physical = 766 ; free virtual = 16505
Synthesis current peak Physical Memory [PSS] (MB): peak = 1373.523; parent = 1229.598; children = 143.926
Synthesis current peak Virtual Memory [VSS] (MB): peak = 3232.285; parent = 2257.738; children = 974.547
---------------------------------------------------------------------------------
---------------------------------------------------------------------------------
Start Loading Part and Timing Information
---------------------------------------------------------------------------------
Loading part: xc7z020clg400-1
---------------------------------------------------------------------------------
Finished Loading Part and Timing Information : Time (s): cpu = 00:00:08 ; elapsed = 00:00:08 . Memory (MB): peak = 2289.750 ; gain = 544.363 ; free physical = 766 ; free virtual = 16505
Synthesis current peak Physical Memory [PSS] (MB): peak = 1373.523; parent = 1229.598; children = 143.926
Synthesis current peak Virtual Memory [VSS] (MB): peak = 3232.285; parent = 2257.738; children = 974.547
---------------------------------------------------------------------------------
---------------------------------------------------------------------------------
Start Applying 'set_property' XDC Constraints
---------------------------------------------------------------------------------
Applied set_property KEEP_HIERARCHY = SOFT for inst. (constraint file  /home/cym/prj2/finn/notebooks/icl_thesis-master/experiments/imgds_linear_sparse/final_paper_experiments/experiment1_qks_v2_physical_prune/hls_projects/q16_qksv2_d11/vivado/q16_qksv2_d11_vivado/q16_qksv2_d11_vivado.runs/q16_qksv2_d11_design_processing_system7_0_0_synth_1/dont_touch.xdc, line 9).
---------------------------------------------------------------------------------
Finished applying 'set_property' XDC Constraints : Time (s): cpu = 00:00:08 ; elapsed = 00:00:09 . Memory (MB): peak = 2289.750 ; gain = 544.363 ; free physical = 770 ; free virtual = 16509
Synthesis current peak Physical Memory [PSS] (MB): peak = 1373.523; parent = 1229.598; children = 143.926
Synthesis current peak Virtual Memory [VSS] (MB): peak = 3232.285; parent = 2257.738; children = 974.547
---------------------------------------------------------------------------------
---------------------------------------------------------------------------------
Finished RTL Optimization Phase 2 : Time (s): cpu = 00:00:08 ; elapsed = 00:00:09 . Memory (MB): peak = 2289.750 ; gain = 544.363 ; free physical = 768 ; free virtual = 16508
Synthesis current peak Physical Memory [PSS] (MB): peak = 1373.523; parent = 1229.598; children = 143.926
Synthesis current peak Virtual Memory [VSS] (MB): peak = 3232.285; parent = 2257.738; children = 974.547
---------------------------------------------------------------------------------
---------------------------------------------------------------------------------
Start RTL Component Statistics 
---------------------------------------------------------------------------------
Detailed RTL Component Info : 
---------------------------------------------------------------------------------
Finished RTL Component Statistics 
---------------------------------------------------------------------------------
---------------------------------------------------------------------------------
Start Part Resource Summary
---------------------------------------------------------------------------------
Part Resources:
DSPs: 220 (col length:60)
BRAMs: 280 (col length: RAMB18 60 RAMB36 30)
---------------------------------------------------------------------------------
Finished Part Resource Summary
---------------------------------------------------------------------------------
---------------------------------------------------------------------------------
Start Cross Boundary and Area Optimization
---------------------------------------------------------------------------------
WARNING: [Synth 8-7080] Parallel synthesis criteria is not met
WARNING: [Synth 8-7129] Port ENET0_GMII_COL in module processing_system7_v5_5_processing_system7 is either unconnected or has no load
WARNING: [Synth 8-7129] Port ENET0_GMII_CRS in module processing_system7_v5_5_processing_system7 is either unconnected or has no load
WARNING: [Synth 8-7129] Port ENET0_GMII_RX_DV in module processing_system7_v5_5_processing_system7 is either unconnected or has no load
WARNING: [Synth 8-7129] Port ENET0_GMII_RX_ER in module processing_system7_v5_5_processing_system7 is either unconnected or has no load
WARNING: [Synth 8-7129] Port ENET0_GMII_RXD[7] in module processing_system7_v5_5_processing_system7 is either unconnected or has no load
WARNING: [Synth 8-7129] Port ENET0_GMII_RXD[6] in module processing_system7_v5_5_processing_system7 is either unconnected or has no load
WARNING: [Synth 8-7129] Port ENET0_GMII_RXD[5] in module processing_system7_v5_5_processing_system7 is either unconnected or has no load
WARNING: [Synth 8-7129] Port ENET0_GMII_RXD[4] in module processing_system7_v5_5_processing_system7 is either unconnected or has no load
WARNING: [Synth 8-7129] Port ENET0_GMII_RXD[3] in module processing_system7_v5_5_processing_system7 is either unconnected or has no load
WARNING: [Synth 8-7129] Port ENET0_GMII_RXD[2] in module processing_system7_v5_5_processing_system7 is either unconnected or has no load
WARNING: [Synth 8-7129] Port ENET0_GMII_RXD[1] in module processing_system7_v5_5_processing_system7 is either unconnected or has no load
WARNING: [Synth 8-7129] Port ENET0_GMII_RXD[0] in module processing_system7_v5_5_processing_system7 is either unconnected or has no load
WARNING: [Synth 8-7129] Port ENET1_GMII_COL in module processing_system7_v5_5_processing_system7 is either unconnected or has no load
WARNING: [Synth 8-7129] Port ENET1_GMII_CRS in module processing_system7_v5_5_processing_system7 is either unconnected or has no load
WARNING: [Synth 8-7129] Port ENET1_GMII_RX_DV in module processing_system7_v5_5_processing_system7 is either unconnected or has no load
WARNING: [Synth 8-7129] Port ENET1_GMII_RX_ER in module processing_system7_v5_5_processing_system7 is either unconnected or has no load
WARNING: [Synth 8-7129] Port ENET1_GMII_RXD[7] in module processing_system7_v5_5_processing_system7 is either unconnected or has no load
WARNING: [Synth 8-7129] Port ENET1_GMII_RXD[6] in module processing_system7_v5_5_processing_system7 is either unconnected or has no load
WARNING: [Synth 8-7129] Port ENET1_GMII_RXD[5] in module processing_system7_v5_5_processing_system7 is either unconnected or has no load
WARNING: [Synth 8-7129] Port ENET1_GMII_RXD[4] in module processing_system7_v5_5_processing_system7 is either unconnected or has no load
WARNING: [Synth 8-7129] Port ENET1_GMII_RXD[3] in module processing_system7_v5_5_processing_system7 is either unconnected or has no load
INFO: [Common 17-14] Message 'Synth 8-7129' appears 100 times and further instances of the messages will be disabled. Use the Tcl command set_msg_config to change the current settings.
---------------------------------------------------------------------------------
Finished Cross Boundary and Area Optimization : Time (s): cpu = 00:00:09 ; elapsed = 00:00:09 . Memory (MB): peak = 2289.750 ; gain = 544.363 ; free physical = 800 ; free virtual = 16543
Synthesis current peak Physical Memory [PSS] (MB): peak = 1373.523; parent = 1229.598; children = 143.926
Synthesis current peak Virtual Memory [VSS] (MB): peak = 3232.285; parent = 2257.738; children = 974.547
---------------------------------------------------------------------------------
---------------------------------------------------------------------------------
Start Applying XDC Timing Constraints
---------------------------------------------------------------------------------
---------------------------------------------------------------------------------
Finished Applying XDC Timing Constraints : Time (s): cpu = 00:00:12 ; elapsed = 00:00:13 . Memory (MB): peak = 2341.734 ; gain = 596.348 ; free physical = 478 ; free virtual = 16233
Synthesis current peak Physical Memory [PSS] (MB): peak = 1583.952; parent = 1440.037; children = 143.926
Synthesis current peak Virtual Memory [VSS] (MB): peak = 3316.285; parent = 2341.738; children = 974.547
---------------------------------------------------------------------------------
---------------------------------------------------------------------------------
Start Timing Optimization
---------------------------------------------------------------------------------
---------------------------------------------------------------------------------
Finished Timing Optimization : Time (s): cpu = 00:00:12 ; elapsed = 00:00:13 . Memory (MB): peak = 2360.742 ; gain = 615.355 ; free physical = 462 ; free virtual = 16217
Synthesis current peak Physical Memory [PSS] (MB): peak = 1595.763; parent = 1451.848; children = 143.926
Synthesis current peak Virtual Memory [VSS] (MB): peak = 3335.293; parent = 2360.746; children = 974.547
---------------------------------------------------------------------------------
---------------------------------------------------------------------------------
Start Technology Mapping
---------------------------------------------------------------------------------
---------------------------------------------------------------------------------
Finished Technology Mapping : Time (s): cpu = 00:00:12 ; elapsed = 00:00:13 . Memory (MB): peak = 2376.758 ; gain = 631.371 ; free physical = 450 ; free virtual = 16205
Synthesis current peak Physical Memory [PSS] (MB): peak = 1596.189; parent = 1452.274; children = 143.926
Synthesis current peak Virtual Memory [VSS] (MB): peak = 3351.309; parent = 2376.762; children = 974.547
---------------------------------------------------------------------------------
---------------------------------------------------------------------------------
Start IO Insertion
---------------------------------------------------------------------------------
---------------------------------------------------------------------------------
Start Flattening Before IO Insertion
---------------------------------------------------------------------------------
---------------------------------------------------------------------------------
Finished Flattening Before IO Insertion
---------------------------------------------------------------------------------
---------------------------------------------------------------------------------
Start Final Netlist Cleanup
---------------------------------------------------------------------------------
---------------------------------------------------------------------------------
Finished Final Netlist Cleanup
---------------------------------------------------------------------------------
---------------------------------------------------------------------------------
Finished IO Insertion : Time (s): cpu = 00:00:15 ; elapsed = 00:00:15 . Memory (MB): peak = 2379.727 ; gain = 634.340 ; free physical = 459 ; free virtual = 16215
Synthesis current peak Physical Memory [PSS] (MB): peak = 1596.241; parent = 1452.326; children = 143.926
Synthesis current peak Virtual Memory [VSS] (MB): peak = 3354.277; parent = 2379.730; children = 974.547
---------------------------------------------------------------------------------
---------------------------------------------------------------------------------
Start Renaming Generated Instances
---------------------------------------------------------------------------------
---------------------------------------------------------------------------------
Finished Renaming Generated Instances : Time (s): cpu = 00:00:15 ; elapsed = 00:00:15 . Memory (MB): peak = 2379.727 ; gain = 634.340 ; free physical = 459 ; free virtual = 16215
Synthesis current peak Physical Memory [PSS] (MB): peak = 1596.257; parent = 1452.342; children = 143.926
Synthesis current peak Virtual Memory [VSS] (MB): peak = 3354.277; parent = 2379.730; children = 974.547
---------------------------------------------------------------------------------
---------------------------------------------------------------------------------
Start Rebuilding User Hierarchy
---------------------------------------------------------------------------------
---------------------------------------------------------------------------------
Finished Rebuilding User Hierarchy : Time (s): cpu = 00:00:15 ; elapsed = 00:00:15 . Memory (MB): peak = 2379.727 ; gain = 634.340 ; free physical = 459 ; free virtual = 16215
Synthesis current peak Physical Memory [PSS] (MB): peak = 1596.288; parent = 1452.373; children = 143.926
Synthesis current peak Virtual Memory [VSS] (MB): peak = 3354.277; parent = 2379.730; children = 974.547
---------------------------------------------------------------------------------
---------------------------------------------------------------------------------
Start Renaming Generated Ports
---------------------------------------------------------------------------------
---------------------------------------------------------------------------------
Finished Renaming Generated Ports : Time (s): cpu = 00:00:15 ; elapsed = 00:00:15 . Memory (MB): peak = 2379.727 ; gain = 634.340 ; free physical = 459 ; free virtual = 16215
Synthesis current peak Physical Memory [PSS] (MB): peak = 1596.351; parent = 1452.436; children = 143.926
Synthesis current peak Virtual Memory [VSS] (MB): peak = 3354.277; parent = 2379.730; children = 974.547
---------------------------------------------------------------------------------
---------------------------------------------------------------------------------
Start Handling Custom Attributes
---------------------------------------------------------------------------------
---------------------------------------------------------------------------------
Finished Handling Custom Attributes : Time (s): cpu = 00:00:15 ; elapsed = 00:00:15 . Memory (MB): peak = 2379.727 ; gain = 634.340 ; free physical = 459 ; free virtual = 16215
Synthesis current peak Physical Memory [PSS] (MB): peak = 1596.351; parent = 1452.436; children = 143.926
Synthesis current peak Virtual Memory [VSS] (MB): peak = 3354.277; parent = 2379.730; children = 974.547
---------------------------------------------------------------------------------
---------------------------------------------------------------------------------
Start Renaming Generated Nets
---------------------------------------------------------------------------------
---------------------------------------------------------------------------------
Finished Renaming Generated Nets : Time (s): cpu = 00:00:15 ; elapsed = 00:00:15 . Memory (MB): peak = 2379.727 ; gain = 634.340 ; free physical = 459 ; free virtual = 16215
Synthesis current peak Physical Memory [PSS] (MB): peak = 1596.366; parent = 1452.451; children = 143.926
Synthesis current peak Virtual Memory [VSS] (MB): peak = 3354.277; parent = 2379.730; children = 974.547
---------------------------------------------------------------------------------
---------------------------------------------------------------------------------
Start Writing Synthesis Report
---------------------------------------------------------------------------------

Report BlackBoxes: 
+-+--------------+----------+
| |BlackBox name |Instances |
+-+--------------+----------+
+-+--------------+----------+

Report Cell Usage: 
+------+------+------+
|      |Cell  |Count |
+------+------+------+
|1     |BIBUF |   130|
|2     |BUFG  |     1|
|3     |LUT1  |    24|
|4     |PS7   |     1|
+------+------+------+
---------------------------------------------------------------------------------
Finished Writing Synthesis Report : Time (s): cpu = 00:00:15 ; elapsed = 00:00:15 . Memory (MB): peak = 2379.727 ; gain = 634.340 ; free physical = 459 ; free virtual = 16215
Synthesis current peak Physical Memory [PSS] (MB): peak = 1596.382; parent = 1452.467; children = 143.926
Synthesis current peak Virtual Memory [VSS] (MB): peak = 3354.277; parent = 2379.730; children = 974.547
---------------------------------------------------------------------------------
Synthesis finished with 0 errors, 0 critical warnings and 80 warnings.
Synthesis Optimization Runtime : Time (s): cpu = 00:00:13 ; elapsed = 00:00:14 . Memory (MB): peak = 2379.727 ; gain = 555.465 ; free physical = 497 ; free virtual = 16253
Synthesis Optimization Complete : Time (s): cpu = 00:00:15 ; elapsed = 00:00:16 . Memory (MB): peak = 2379.734 ; gain = 634.340 ; free physical = 497 ; free virtual = 16253
INFO: [Project 1-571] Translating synthesized netlist
Netlist sorting complete. Time (s): cpu = 00:00:00.01 ; elapsed = 00:00:00.01 . Memory (MB): peak = 2379.734 ; gain = 0.000 ; free physical = 497 ; free virtual = 16253
INFO: [Project 1-570] Preparing netlist for logic optimization
INFO: [Opt 31-138] Pushed 0 inverter(s) to 0 load pin(s).
Netlist sorting complete. Time (s): cpu = 00:00:00 ; elapsed = 00:00:00 . Memory (MB): peak = 2397.570 ; gain = 0.000 ; free physical = 442 ; free virtual = 16198
INFO: [Project 1-111] Unisim Transformation Summary:
No Unisim elements were transformed.

Synth Design complete, checksum: f293a79f
INFO: [Common 17-83] Releasing license: Synthesis
30 Infos, 115 Warnings, 0 Critical Warnings and 0 Errors encountered.
synth_design completed successfully
synth_design: Time (s): cpu = 00:00:20 ; elapsed = 00:00:19 . Memory (MB): peak = 2397.570 ; gain = 984.777 ; free physical = 757 ; free virtual = 16513
INFO: [Common 17-1381] The checkpoint '/home/cym/prj2/finn/notebooks/icl_thesis-master/experiments/imgds_linear_sparse/final_paper_experiments/experiment1_qks_v2_physical_prune/hls_projects/q16_qksv2_d11/vivado/q16_qksv2_d11_vivado/q16_qksv2_d11_vivado.runs/q16_qksv2_d11_design_processing_system7_0_0_synth_1/q16_qksv2_d11_design_processing_system7_0_0.dcp' has been generated.
INFO: [runtcl-4] Executing : report_utilization -file q16_qksv2_d11_design_processing_system7_0_0_utilization_synth.rpt -pb q16_qksv2_d11_design_processing_system7_0_0_utilization_synth.pb
INFO: [Common 17-206] Exiting Vivado at Fri Jul  3 15:10:09 2026...
