

================================================================
== Vitis HLS Report for 'unsw_linear_transformer_Pipeline_VITIS_LOOP_172_15_VITIS_LOOP_173_16_VITIS_LOOP_s'
================================================================
* Date:           Mon Jun 29 22:28:35 2026

* Version:        2022.2 (Build 3670227 on Oct 13 2022)
* Project:        unsw_linear_transformer_fixed16_v3b_hotspot_ii1_prj
* Solution:       solution1 (Vivado IP Flow Target)
* Product family: zynq
* Target device:  xc7z020-clg400-1


================================================================
== Performance Estimates
================================================================
+ Timing: 
    * Summary: 
    +--------+----------+-----------+------------+
    |  Clock |  Target  | Estimated | Uncertainty|
    +--------+----------+-----------+------------+
    |ap_clk  |  10.00 ns|  11.623 ns|     2.70 ns|
    +--------+----------+-----------+------------+

+ Latency: 
    * Summary: 
    +---------+---------+-----------+-----------+------+------+---------+
    |  Latency (cycles) |   Latency (absolute)  |   Interval  | Pipeline|
    |   min   |   max   |    min    |    max    |  min |  max |   Type  |
    +---------+---------+-----------+-----------+------+------+---------+
    |     2052|     2052|  23.850 us|  23.850 us|  2052|  2052|       no|
    +---------+---------+-----------+-----------+------+------+---------+

    + Detail: 
        * Instance: 
        N/A

        * Loop: 
        +---------------------------------------------------------+---------+---------+----------+-----------+-----------+------+----------+
        |                                                         |  Latency (cycles) | Iteration|  Initiation Interval  | Trip |          |
        |                        Loop Name                        |   min   |   max   |  Latency |  achieved |   target  | Count| Pipelined|
        +---------------------------------------------------------+---------+---------+----------+-----------+-----------+------+----------+
        |- VITIS_LOOP_172_15_VITIS_LOOP_173_16_VITIS_LOOP_175_17  |     2050|     2050|         4|          1|          1|  2048|       yes|
        +---------------------------------------------------------+---------+---------+----------+-----------+-----------+------+----------+

============================================================
+ Verbose Summary: Synthesis Manager
============================================================
InlineROM: 1
ExposeGlobal: 0
============================================================
+ Verbose Summary: CDFG Model
============================================================
IsTopModel: 0
ResetActiveHigh: 1
IsCombinational: 0
IsDatapathOnly: 0
HasWiredReturn: 1
HasMFsm: 2
HasVarLatency: 1
IsPipeline: 0
IsRtlPipelined: 0
IsInstanceOverlapped: 0
IsDontTouch: 0
HasImplIP: 0
IsGatedGlobalClock: 0

+ Individual pipeline summary: 
  * Pipeline-0: initiation interval (II) = 1, depth = 5


============================================================
+ Verbose Summary: Schedule
============================================================
* Number of FSM states : 5
* Pipeline : 1
  Pipeline-0 : II = 1, D = 5, States = { 1 2 3 4 5 }
* Dataflow Pipeline: 0

* FSM state transitions: 
1 --> 2 
2 --> 3 
3 --> 4 
4 --> 5 
5 --> 

* FSM state operations: 

State 1 <SV = 0> <Delay = 1.58>
ST_1 : Operation 7 [1/1] (0.00ns)   --->   "%lhs = alloca i32 1"   --->   Operation 7 'alloca' 'lhs' <Predicate = true> <Delay = 0.00>
ST_1 : Operation 8 [1/1] (0.00ns)   --->   "%sequence = alloca i32 1"   --->   Operation 8 'alloca' 'sequence' <Predicate = true> <Delay = 0.00>
ST_1 : Operation 9 [1/1] (0.00ns)   --->   "%value_feature = alloca i32 1"   --->   Operation 9 'alloca' 'value_feature' <Predicate = true> <Delay = 0.00>
ST_1 : Operation 10 [1/1] (0.00ns)   --->   "%indvar_flatten38 = alloca i32 1"   --->   Operation 10 'alloca' 'indvar_flatten38' <Predicate = true> <Delay = 0.00>
ST_1 : Operation 11 [1/1] (0.00ns)   --->   "%key_feature = alloca i32 1"   --->   Operation 11 'alloca' 'key_feature' <Predicate = true> <Delay = 0.00>
ST_1 : Operation 12 [1/1] (0.00ns)   --->   "%indvar_flatten53 = alloca i32 1"   --->   Operation 12 'alloca' 'indvar_flatten53' <Predicate = true> <Delay = 0.00>
ST_1 : Operation 13 [1/1] (1.58ns)   --->   "%store_ln0 = store i12 0, i12 %indvar_flatten53"   --->   Operation 13 'store' 'store_ln0' <Predicate = true> <Delay = 1.58>
ST_1 : Operation 14 [1/1] (1.58ns)   --->   "%store_ln0 = store i5 0, i5 %key_feature"   --->   Operation 14 'store' 'store_ln0' <Predicate = true> <Delay = 1.58>
ST_1 : Operation 15 [1/1] (1.58ns)   --->   "%store_ln0 = store i9 0, i9 %indvar_flatten38"   --->   Operation 15 'store' 'store_ln0' <Predicate = true> <Delay = 1.58>
ST_1 : Operation 16 [1/1] (1.58ns)   --->   "%store_ln0 = store i5 0, i5 %value_feature"   --->   Operation 16 'store' 'store_ln0' <Predicate = true> <Delay = 1.58>
ST_1 : Operation 17 [1/1] (1.58ns)   --->   "%store_ln0 = store i4 0, i4 %sequence"   --->   Operation 17 'store' 'store_ln0' <Predicate = true> <Delay = 1.58>
ST_1 : Operation 18 [1/1] (1.58ns)   --->   "%store_ln0 = store i28 0, i28 %lhs"   --->   Operation 18 'store' 'store_ln0' <Predicate = true> <Delay = 1.58>
ST_1 : Operation 19 [1/1] (0.00ns)   --->   "%br_ln0 = br void %for.body292"   --->   Operation 19 'br' 'br_ln0' <Predicate = true> <Delay = 0.00>

State 2 <SV = 1> <Delay = 10.9>
ST_2 : Operation 20 [1/1] (0.00ns)   --->   "%indvar_flatten38_load = load i9 %indvar_flatten38" [src/unsw_linear_transformer.cpp:173]   --->   Operation 20 'load' 'indvar_flatten38_load' <Predicate = true> <Delay = 0.00>
ST_2 : Operation 21 [1/1] (0.00ns)   --->   "%indvar_flatten53_load = load i12 %indvar_flatten53" [src/unsw_linear_transformer.cpp:172]   --->   Operation 21 'load' 'indvar_flatten53_load' <Predicate = true> <Delay = 0.00>
ST_2 : Operation 22 [1/1] (1.99ns)   --->   "%icmp_ln172 = icmp_eq  i12 %indvar_flatten53_load, i12 2048" [src/unsw_linear_transformer.cpp:172]   --->   Operation 22 'icmp' 'icmp_ln172' <Predicate = true> <Delay = 1.99> <CoreInst = "Cmp">   --->   Core 9 'Cmp' <Latency = 0> <II = 1> <Delay = 1.99> <FuncUnit> <Opcode : 'icmp'> <InPorts = 2> <OutPorts = 1>
ST_2 : Operation 23 [1/1] (1.54ns)   --->   "%add_ln172_1 = add i12 %indvar_flatten53_load, i12 1" [src/unsw_linear_transformer.cpp:172]   --->   Operation 23 'add' 'add_ln172_1' <Predicate = true> <Delay = 1.54> <CoreInst = "Adder">   --->   Core 1 'Adder' <Latency = 0> <II = 1> <Delay = 1.54> <FuncUnit> <Opcode : 'add' 'sub'> <InPorts = 2> <OutPorts = 1>
ST_2 : Operation 24 [1/1] (0.00ns)   --->   "%br_ln172 = br i1 %icmp_ln172, void %for.inc315, void %for.body328.preheader.exitStub" [src/unsw_linear_transformer.cpp:172]   --->   Operation 24 'br' 'br_ln172' <Predicate = true> <Delay = 0.00>
ST_2 : Operation 25 [1/1] (0.00ns)   --->   "%sequence_load = load i4 %sequence" [src/unsw_linear_transformer.cpp:175]   --->   Operation 25 'load' 'sequence_load' <Predicate = (!icmp_ln172)> <Delay = 0.00>
ST_2 : Operation 26 [1/1] (0.00ns)   --->   "%value_feature_load = load i5 %value_feature" [src/unsw_linear_transformer.cpp:172]   --->   Operation 26 'load' 'value_feature_load' <Predicate = (!icmp_ln172)> <Delay = 0.00>
ST_2 : Operation 27 [1/1] (0.00ns)   --->   "%key_feature_load = load i5 %key_feature" [src/unsw_linear_transformer.cpp:172]   --->   Operation 27 'load' 'key_feature_load' <Predicate = (!icmp_ln172)> <Delay = 0.00>
ST_2 : Operation 28 [1/1] (1.78ns)   --->   "%add_ln172 = add i5 %key_feature_load, i5 1" [src/unsw_linear_transformer.cpp:172]   --->   Operation 28 'add' 'add_ln172' <Predicate = (!icmp_ln172)> <Delay = 1.78> <CoreInst = "Adder">   --->   Core 1 'Adder' <Latency = 0> <II = 1> <Delay = 1.78> <FuncUnit> <Opcode : 'add' 'sub'> <InPorts = 2> <OutPorts = 1>
ST_2 : Operation 29 [1/1] (1.66ns)   --->   "%icmp_ln173 = icmp_eq  i9 %indvar_flatten38_load, i9 128" [src/unsw_linear_transformer.cpp:173]   --->   Operation 29 'icmp' 'icmp_ln173' <Predicate = (!icmp_ln172)> <Delay = 1.66> <CoreInst = "Cmp">   --->   Core 9 'Cmp' <Latency = 0> <II = 1> <Delay = 1.66> <FuncUnit> <Opcode : 'icmp'> <InPorts = 2> <OutPorts = 1>
ST_2 : Operation 30 [1/1] (1.21ns)   --->   "%select_ln172 = select i1 %icmp_ln173, i5 0, i5 %value_feature_load" [src/unsw_linear_transformer.cpp:172]   --->   Operation 30 'select' 'select_ln172' <Predicate = (!icmp_ln172)> <Delay = 1.21> <CoreInst = "Sel">   --->   Core 73 'Sel' <Latency = 0> <II = 1> <Delay = 1.21> <FuncUnit> <Opcode : 'select'> <InPorts = 3> <OutPorts = 1>
ST_2 : Operation 31 [1/1] (1.21ns)   --->   "%select_ln172_1 = select i1 %icmp_ln173, i5 %add_ln172, i5 %key_feature_load" [src/unsw_linear_transformer.cpp:172]   --->   Operation 31 'select' 'select_ln172_1' <Predicate = (!icmp_ln172)> <Delay = 1.21> <CoreInst = "Sel">   --->   Core 73 'Sel' <Latency = 0> <II = 1> <Delay = 1.21> <FuncUnit> <Opcode : 'select'> <InPorts = 3> <OutPorts = 1>
ST_2 : Operation 32 [1/1] (0.00ns)   --->   "%trunc_ln172 = trunc i5 %select_ln172_1" [src/unsw_linear_transformer.cpp:172]   --->   Operation 32 'trunc' 'trunc_ln172' <Predicate = (!icmp_ln172)> <Delay = 0.00>
ST_2 : Operation 33 [1/1] (0.00ns)   --->   "%zext_ln180 = zext i5 %select_ln172_1" [src/unsw_linear_transformer.cpp:180]   --->   Operation 33 'zext' 'zext_ln180' <Predicate = (!icmp_ln172)> <Delay = 0.00>
ST_2 : Operation 34 [1/1] (0.00ns) (grouped into LUT with out node and_ln172)   --->   "%xor_ln172 = xor i1 %icmp_ln173, i1 1" [src/unsw_linear_transformer.cpp:172]   --->   Operation 34 'xor' 'xor_ln172' <Predicate = (!icmp_ln172)> <Delay = 0.00> <CoreInst = "LogicGate">   --->   Core 74 'LogicGate' <Latency = 0> <II = 1> <Delay = 0.97> <FuncUnit> <Opcode : 'and' 'or' 'xor'> <InPorts = 2> <OutPorts = 1>
ST_2 : Operation 35 [1/1] (1.30ns)   --->   "%icmp_ln175 = icmp_eq  i4 %sequence_load, i4 8" [src/unsw_linear_transformer.cpp:175]   --->   Operation 35 'icmp' 'icmp_ln175' <Predicate = (!icmp_ln172)> <Delay = 1.30> <CoreInst = "Cmp">   --->   Core 9 'Cmp' <Latency = 0> <II = 1> <Delay = 1.30> <FuncUnit> <Opcode : 'icmp'> <InPorts = 2> <OutPorts = 1>
ST_2 : Operation 36 [1/1] (0.97ns) (out node of the LUT)   --->   "%and_ln172 = and i1 %icmp_ln175, i1 %xor_ln172" [src/unsw_linear_transformer.cpp:172]   --->   Operation 36 'and' 'and_ln172' <Predicate = (!icmp_ln172)> <Delay = 0.97> <CoreInst = "LogicGate">   --->   Core 74 'LogicGate' <Latency = 0> <II = 1> <Delay = 0.97> <FuncUnit> <Opcode : 'and' 'or' 'xor'> <InPorts = 2> <OutPorts = 1>
ST_2 : Operation 37 [1/1] (1.78ns)   --->   "%add_ln173 = add i5 %select_ln172, i5 1" [src/unsw_linear_transformer.cpp:173]   --->   Operation 37 'add' 'add_ln173' <Predicate = (!icmp_ln172)> <Delay = 1.78> <CoreInst = "Adder">   --->   Core 1 'Adder' <Latency = 0> <II = 1> <Delay = 1.78> <FuncUnit> <Opcode : 'add' 'sub'> <InPorts = 2> <OutPorts = 1>
ST_2 : Operation 38 [1/1] (0.97ns)   --->   "%or_ln173 = or i1 %and_ln172, i1 %icmp_ln173" [src/unsw_linear_transformer.cpp:173]   --->   Operation 38 'or' 'or_ln173' <Predicate = (!icmp_ln172)> <Delay = 0.97> <CoreInst = "LogicGate">   --->   Core 74 'LogicGate' <Latency = 0> <II = 1> <Delay = 0.97> <FuncUnit> <Opcode : 'and' 'or' 'xor'> <InPorts = 2> <OutPorts = 1>
ST_2 : Operation 39 [1/1] (1.02ns)   --->   "%select_ln173 = select i1 %or_ln173, i4 0, i4 %sequence_load" [src/unsw_linear_transformer.cpp:173]   --->   Operation 39 'select' 'select_ln173' <Predicate = (!icmp_ln172)> <Delay = 1.02> <CoreInst = "Sel">   --->   Core 73 'Sel' <Latency = 0> <II = 1> <Delay = 1.02> <FuncUnit> <Opcode : 'select'> <InPorts = 3> <OutPorts = 1>
ST_2 : Operation 40 [1/1] (0.00ns)   --->   "%trunc_ln173 = trunc i4 %select_ln173" [src/unsw_linear_transformer.cpp:173]   --->   Operation 40 'trunc' 'trunc_ln173' <Predicate = (!icmp_ln172)> <Delay = 0.00>
ST_2 : Operation 41 [1/1] (1.21ns)   --->   "%select_ln173_1 = select i1 %and_ln172, i5 %add_ln173, i5 %select_ln172" [src/unsw_linear_transformer.cpp:173]   --->   Operation 41 'select' 'select_ln173_1' <Predicate = (!icmp_ln172)> <Delay = 1.21> <CoreInst = "Sel">   --->   Core 73 'Sel' <Latency = 0> <II = 1> <Delay = 1.21> <FuncUnit> <Opcode : 'select'> <InPorts = 3> <OutPorts = 1>
ST_2 : Operation 42 [1/1] (0.00ns)   --->   "%zext_ln180_1 = zext i5 %select_ln173_1" [src/unsw_linear_transformer.cpp:180]   --->   Operation 42 'zext' 'zext_ln180_1' <Predicate = (!icmp_ln172)> <Delay = 0.00>
ST_2 : Operation 43 [1/1] (0.00ns)   --->   "%tmp_8 = bitconcatenate i7 @_ssdm_op_BitConcatenate.i7.i3.i4, i3 %trunc_ln173, i4 0"   --->   Operation 43 'bitconcatenate' 'tmp_8' <Predicate = (!icmp_ln172)> <Delay = 0.00>
ST_2 : Operation 44 [1/1] (1.87ns)   --->   "%add_ln837 = add i7 %tmp_8, i7 %zext_ln180"   --->   Operation 44 'add' 'add_ln837' <Predicate = (!icmp_ln172)> <Delay = 1.87> <CoreInst = "Adder">   --->   Core 1 'Adder' <Latency = 0> <II = 1> <Delay = 1.87> <FuncUnit> <Opcode : 'add' 'sub'> <InPorts = 2> <OutPorts = 1>
ST_2 : Operation 45 [1/1] (0.00ns)   --->   "%zext_ln837 = zext i7 %add_ln837"   --->   Operation 45 'zext' 'zext_ln837' <Predicate = (!icmp_ln172)> <Delay = 0.00>
ST_2 : Operation 46 [1/1] (0.00ns)   --->   "%key_V_addr = getelementptr i16 %key_V, i64 0, i64 %zext_ln837"   --->   Operation 46 'getelementptr' 'key_V_addr' <Predicate = (!icmp_ln172)> <Delay = 0.00>
ST_2 : Operation 47 [1/1] (1.87ns)   --->   "%add_ln837_4 = add i7 %tmp_8, i7 %zext_ln180_1"   --->   Operation 47 'add' 'add_ln837_4' <Predicate = (!icmp_ln172)> <Delay = 1.87> <CoreInst = "Adder">   --->   Core 1 'Adder' <Latency = 0> <II = 1> <Delay = 1.87> <FuncUnit> <Opcode : 'add' 'sub'> <InPorts = 2> <OutPorts = 1>
ST_2 : Operation 48 [1/1] (0.00ns)   --->   "%zext_ln837_13 = zext i7 %add_ln837_4"   --->   Operation 48 'zext' 'zext_ln837_13' <Predicate = (!icmp_ln172)> <Delay = 0.00>
ST_2 : Operation 49 [1/1] (0.00ns)   --->   "%value_V_addr = getelementptr i16 %value_V, i64 0, i64 %zext_ln837_13"   --->   Operation 49 'getelementptr' 'value_V_addr' <Predicate = (!icmp_ln172)> <Delay = 0.00>
ST_2 : Operation 50 [2/2] (3.25ns)   --->   "%key_V_load = load i7 %key_V_addr"   --->   Operation 50 'load' 'key_V_load' <Predicate = (!icmp_ln172)> <Delay = 3.25> <CoreInst = "RAM">   --->   Core 82 'RAM' <Latency = 1> <II = 1> <Delay = 3.25> <Storage> <Opcode : 'load' 'store'> <Ports = 2> <Width = 16> <Depth = 128> <RAM>
ST_2 : Operation 51 [2/2] (3.25ns)   --->   "%value_V_load = load i7 %value_V_addr"   --->   Operation 51 'load' 'value_V_load' <Predicate = (!icmp_ln172)> <Delay = 3.25> <CoreInst = "RAM">   --->   Core 82 'RAM' <Latency = 1> <II = 1> <Delay = 3.25> <Storage> <Opcode : 'load' 'store'> <Ports = 2> <Width = 16> <Depth = 128> <RAM>
ST_2 : Operation 52 [1/1] (1.73ns)   --->   "%add_ln175 = add i4 %select_ln173, i4 1" [src/unsw_linear_transformer.cpp:175]   --->   Operation 52 'add' 'add_ln175' <Predicate = (!icmp_ln172)> <Delay = 1.73> <CoreInst = "Adder">   --->   Core 1 'Adder' <Latency = 0> <II = 1> <Delay = 1.73> <FuncUnit> <Opcode : 'add' 'sub'> <InPorts = 2> <OutPorts = 1>
ST_2 : Operation 53 [1/1] (1.82ns)   --->   "%add_ln173_1 = add i9 %indvar_flatten38_load, i9 1" [src/unsw_linear_transformer.cpp:173]   --->   Operation 53 'add' 'add_ln173_1' <Predicate = (!icmp_ln172)> <Delay = 1.82> <CoreInst = "Adder">   --->   Core 1 'Adder' <Latency = 0> <II = 1> <Delay = 1.82> <FuncUnit> <Opcode : 'add' 'sub'> <InPorts = 2> <OutPorts = 1>
ST_2 : Operation 54 [1/1] (0.96ns)   --->   "%select_ln173_3 = select i1 %icmp_ln173, i9 1, i9 %add_ln173_1" [src/unsw_linear_transformer.cpp:173]   --->   Operation 54 'select' 'select_ln173_3' <Predicate = (!icmp_ln172)> <Delay = 0.96> <CoreInst = "Sel">   --->   Core 73 'Sel' <Latency = 0> <II = 1> <Delay = 0.96> <FuncUnit> <Opcode : 'select'> <InPorts = 3> <OutPorts = 1>
ST_2 : Operation 55 [1/1] (1.58ns)   --->   "%store_ln172 = store i12 %add_ln172_1, i12 %indvar_flatten53" [src/unsw_linear_transformer.cpp:172]   --->   Operation 55 'store' 'store_ln172' <Predicate = (!icmp_ln172)> <Delay = 1.58>
ST_2 : Operation 56 [1/1] (1.58ns)   --->   "%store_ln172 = store i5 %select_ln172_1, i5 %key_feature" [src/unsw_linear_transformer.cpp:172]   --->   Operation 56 'store' 'store_ln172' <Predicate = (!icmp_ln172)> <Delay = 1.58>
ST_2 : Operation 57 [1/1] (1.58ns)   --->   "%store_ln173 = store i9 %select_ln173_3, i9 %indvar_flatten38" [src/unsw_linear_transformer.cpp:173]   --->   Operation 57 'store' 'store_ln173' <Predicate = (!icmp_ln172)> <Delay = 1.58>
ST_2 : Operation 58 [1/1] (1.58ns)   --->   "%store_ln173 = store i5 %select_ln173_1, i5 %value_feature" [src/unsw_linear_transformer.cpp:173]   --->   Operation 58 'store' 'store_ln173' <Predicate = (!icmp_ln172)> <Delay = 1.58>
ST_2 : Operation 59 [1/1] (1.58ns)   --->   "%store_ln175 = store i4 %add_ln175, i4 %sequence" [src/unsw_linear_transformer.cpp:175]   --->   Operation 59 'store' 'store_ln175' <Predicate = (!icmp_ln172)> <Delay = 1.58>

State 3 <SV = 2> <Delay = 9.57>
ST_3 : Operation 60 [1/1] (0.00ns)   --->   "%tmp_s = bitconcatenate i8 @_ssdm_op_BitConcatenate.i8.i4.i4, i4 %trunc_ln172, i4 0" [src/unsw_linear_transformer.cpp:180]   --->   Operation 60 'bitconcatenate' 'tmp_s' <Predicate = true> <Delay = 0.00>
ST_3 : Operation 61 [1/1] (0.00ns)   --->   "%zext_ln180_2 = zext i5 %select_ln173_1" [src/unsw_linear_transformer.cpp:180]   --->   Operation 61 'zext' 'zext_ln180_2' <Predicate = true> <Delay = 0.00>
ST_3 : Operation 62 [1/1] (1.91ns)   --->   "%add_ln180 = add i8 %tmp_s, i8 %zext_ln180_2" [src/unsw_linear_transformer.cpp:180]   --->   Operation 62 'add' 'add_ln180' <Predicate = true> <Delay = 1.91> <CoreInst = "Adder">   --->   Core 1 'Adder' <Latency = 0> <II = 1> <Delay = 1.91> <FuncUnit> <Opcode : 'add' 'sub'> <InPorts = 2> <OutPorts = 1>
ST_3 : Operation 63 [1/2] (3.25ns)   --->   "%key_V_load = load i7 %key_V_addr"   --->   Operation 63 'load' 'key_V_load' <Predicate = true> <Delay = 3.25> <CoreInst = "RAM">   --->   Core 82 'RAM' <Latency = 1> <II = 1> <Delay = 3.25> <Storage> <Opcode : 'load' 'store'> <Ports = 2> <Width = 16> <Depth = 128> <RAM>
ST_3 : Operation 64 [1/1] (0.00ns)   --->   "%r_V_9 = bitconcatenate i22 @_ssdm_op_BitConcatenate.i22.i16.i6, i16 %key_V_load, i6 0"   --->   Operation 64 'bitconcatenate' 'r_V_9' <Predicate = true> <Delay = 0.00>
ST_3 : Operation 65 [1/2] (3.25ns)   --->   "%value_V_load = load i7 %value_V_addr"   --->   Operation 65 'load' 'value_V_load' <Predicate = true> <Delay = 3.25> <CoreInst = "RAM">   --->   Core 82 'RAM' <Latency = 1> <II = 1> <Delay = 3.25> <Storage> <Opcode : 'load' 'store'> <Ports = 2> <Width = 16> <Depth = 128> <RAM>
ST_3 : Operation 66 [1/1] (0.00ns)   --->   "%shl_ln838_7 = bitconcatenate i22 @_ssdm_op_BitConcatenate.i22.i16.i6, i16 %value_V_load, i6 0"   --->   Operation 66 'bitconcatenate' 'shl_ln838_7' <Predicate = true> <Delay = 0.00>
ST_3 : Operation 67 [1/1] (0.00ns)   --->   "%sext_ln1270 = sext i22 %r_V_9"   --->   Operation 67 'sext' 'sext_ln1270' <Predicate = true> <Delay = 0.00>
ST_3 : Operation 68 [1/1] (0.00ns)   --->   "%sext_ln1273 = sext i22 %shl_ln838_7"   --->   Operation 68 'sext' 'sext_ln1273' <Predicate = true> <Delay = 0.00>
ST_3 : Operation 69 [1/1] (6.32ns)   --->   "%r_V = mul i44 %sext_ln1273, i44 %sext_ln1270"   --->   Operation 69 'mul' 'r_V' <Predicate = true> <Delay = 6.32> <CoreInst = "Multiplier">   --->   Core 3 'Multiplier' <Latency = 0> <II = 1> <Delay = 6.32> <FuncUnit> <Opcode : 'mul'> <InPorts = 2> <OutPorts = 1>
ST_3 : Operation 70 [1/1] (0.00ns)   --->   "%tmp = bitselect i1 @_ssdm_op_BitSelect.i1.i44.i32, i44 %r_V, i32 15"   --->   Operation 70 'bitselect' 'tmp' <Predicate = true> <Delay = 0.00>
ST_3 : Operation 71 [1/1] (1.30ns)   --->   "%icmp_ln175_1 = icmp_eq  i4 %add_ln175, i4 8" [src/unsw_linear_transformer.cpp:175]   --->   Operation 71 'icmp' 'icmp_ln175_1' <Predicate = true> <Delay = 1.30> <CoreInst = "Cmp">   --->   Core 9 'Cmp' <Latency = 0> <II = 1> <Delay = 1.30> <FuncUnit> <Opcode : 'icmp'> <InPorts = 2> <OutPorts = 1>
ST_3 : Operation 72 [1/1] (0.00ns)   --->   "%br_ln175 = br i1 %icmp_ln175_1, void %ifFalse32, void %ifTrue31" [src/unsw_linear_transformer.cpp:175]   --->   Operation 72 'br' 'br_ln175' <Predicate = true> <Delay = 0.00>

State 4 <SV = 3> <Delay = 11.6>
ST_4 : Operation 73 [1/1] (0.00ns)   --->   "%lhs_load = load i28 %lhs" [src/unsw_linear_transformer.cpp:173]   --->   Operation 73 'load' 'lhs_load' <Predicate = (!or_ln173)> <Delay = 0.00>
ST_4 : Operation 74 [1/1] (0.00ns)   --->   "%specloopname_ln0 = specloopname void @_ssdm_op_SpecLoopName, void @VITIS_LOOP_172_15_VITIS_LOOP_173_16_VITIS_LOOP_175_17_str"   --->   Operation 74 'specloopname' 'specloopname_ln0' <Predicate = true> <Delay = 0.00>
ST_4 : Operation 75 [1/1] (0.00ns)   --->   "%empty = speclooptripcount i32 @_ssdm_op_SpecLoopTripCount, i64 2048, i64 2048, i64 2048"   --->   Operation 75 'speclooptripcount' 'empty' <Predicate = true> <Delay = 0.00>
ST_4 : Operation 76 [1/1] (0.00ns)   --->   "%specloopname_ln0 = specloopname void @_ssdm_op_SpecLoopName, void @VITIS_LOOP_173_16_VITIS_LOOP_175_17_str"   --->   Operation 76 'specloopname' 'specloopname_ln0' <Predicate = true> <Delay = 0.00>
ST_4 : Operation 77 [1/1] (0.00ns)   --->   "%zext_ln180_3 = zext i8 %add_ln180" [src/unsw_linear_transformer.cpp:180]   --->   Operation 77 'zext' 'zext_ln180_3' <Predicate = true> <Delay = 0.00>
ST_4 : Operation 78 [1/1] (0.00ns)   --->   "%key_value_V_addr = getelementptr i28 %key_value_V, i64 0, i64 %zext_ln180_3" [src/unsw_linear_transformer.cpp:180]   --->   Operation 78 'getelementptr' 'key_value_V_addr' <Predicate = true> <Delay = 0.00>
ST_4 : Operation 79 [1/1] (0.00ns)   --->   "%specpipeline_ln176 = specpipeline void @_ssdm_op_SpecPipeline, i32 1, i32 0, i32 0, i32 0, void @empty_9" [src/unsw_linear_transformer.cpp:176]   --->   Operation 79 'specpipeline' 'specpipeline_ln176' <Predicate = true> <Delay = 0.00>
ST_4 : Operation 80 [1/1] (0.00ns)   --->   "%specloopname_ln174 = specloopname void @_ssdm_op_SpecLoopName, void @empty_21" [src/unsw_linear_transformer.cpp:174]   --->   Operation 80 'specloopname' 'specloopname_ln174' <Predicate = true> <Delay = 0.00>
ST_4 : Operation 81 [1/1] (0.83ns)   --->   "%select_ln173_2 = select i1 %or_ln173, i28 0, i28 %lhs_load" [src/unsw_linear_transformer.cpp:173]   --->   Operation 81 'select' 'select_ln173_2' <Predicate = true> <Delay = 0.83> <CoreInst = "Sel">   --->   Core 73 'Sel' <Latency = 0> <II = 1> <Delay = 0.83> <FuncUnit> <Opcode : 'select'> <InPorts = 3> <OutPorts = 1>
ST_4 : Operation 82 [1/1] (0.00ns)   --->   "%lhs_5 = bitconcatenate i44 @_ssdm_op_BitConcatenate.i44.i28.i16, i28 %select_ln173_2, i16 0"   --->   Operation 82 'bitconcatenate' 'lhs_5' <Predicate = true> <Delay = 0.00>
ST_4 : Operation 83 [1/1] (0.00ns)   --->   "%sext_ln1347 = sext i44 %lhs_5"   --->   Operation 83 'sext' 'sext_ln1347' <Predicate = true> <Delay = 0.00>
ST_4 : Operation 84 [1/1] (0.00ns)   --->   "%sext_ln1347_12 = sext i44 %r_V"   --->   Operation 84 'sext' 'sext_ln1347_12' <Predicate = true> <Delay = 0.00>
ST_4 : Operation 85 [1/1] (2.98ns)   --->   "%ret_V = add i45 %sext_ln1347, i45 %sext_ln1347_12"   --->   Operation 85 'add' 'ret_V' <Predicate = true> <Delay = 2.98> <CoreInst = "Adder">   --->   Core 1 'Adder' <Latency = 0> <II = 1> <Delay = 2.98> <FuncUnit> <Opcode : 'add' 'sub'> <InPorts = 2> <OutPorts = 1>
ST_4 : Operation 86 [1/1] (2.98ns)   --->   "%add_ln1347_8 = add i44 %lhs_5, i44 %r_V"   --->   Operation 86 'add' 'add_ln1347_8' <Predicate = true> <Delay = 2.98> <CoreInst = "Adder">   --->   Core 1 'Adder' <Latency = 0> <II = 1> <Delay = 2.98> <FuncUnit> <Opcode : 'add' 'sub'> <InPorts = 2> <OutPorts = 1>
ST_4 : Operation 87 [1/1] (0.00ns)   --->   "%p_Result_s = bitselect i1 @_ssdm_op_BitSelect.i1.i45.i32, i45 %ret_V, i32 44"   --->   Operation 87 'bitselect' 'p_Result_s' <Predicate = true> <Delay = 0.00>
ST_4 : Operation 88 [1/1] (0.00ns)   --->   "%sum_V_11 = partselect i28 @_ssdm_op_PartSelect.i28.i44.i32.i32, i44 %add_ln1347_8, i32 16, i32 43"   --->   Operation 88 'partselect' 'sum_V_11' <Predicate = true> <Delay = 0.00>
ST_4 : Operation 89 [1/1] (0.00ns)   --->   "%p_Result_32 = bitselect i1 @_ssdm_op_BitSelect.i1.i44.i32, i44 %add_ln1347_8, i32 43"   --->   Operation 89 'bitselect' 'p_Result_32' <Predicate = true> <Delay = 0.00>
ST_4 : Operation 90 [1/1] (0.00ns)   --->   "%zext_ln377 = zext i1 %tmp"   --->   Operation 90 'zext' 'zext_ln377' <Predicate = true> <Delay = 0.00>
ST_4 : Operation 91 [1/1] (2.43ns)   --->   "%sum_V_12 = add i28 %zext_ln377, i28 %sum_V_11"   --->   Operation 91 'add' 'sum_V_12' <Predicate = true> <Delay = 2.43> <CoreInst = "Adder">   --->   Core 1 'Adder' <Latency = 0> <II = 1> <Delay = 2.43> <FuncUnit> <Opcode : 'add' 'sub'> <InPorts = 2> <OutPorts = 1>
ST_4 : Operation 92 [1/1] (0.00ns)   --->   "%p_Result_33 = bitselect i1 @_ssdm_op_BitSelect.i1.i28.i32, i28 %sum_V_12, i32 27"   --->   Operation 92 'bitselect' 'p_Result_33' <Predicate = true> <Delay = 0.00>
ST_4 : Operation 93 [1/1] (0.97ns)   --->   "%xor_ln896_19 = xor i1 %p_Result_33, i1 1"   --->   Operation 93 'xor' 'xor_ln896_19' <Predicate = true> <Delay = 0.97> <CoreInst = "LogicGate">   --->   Core 74 'LogicGate' <Latency = 0> <II = 1> <Delay = 0.97> <FuncUnit> <Opcode : 'and' 'or' 'xor'> <InPorts = 2> <OutPorts = 1>
ST_4 : Operation 94 [1/1] (0.00ns) (grouped into LUT with out node or_ln346)   --->   "%carry_13 = and i1 %p_Result_32, i1 %xor_ln896_19"   --->   Operation 94 'and' 'carry_13' <Predicate = true> <Delay = 0.00> <CoreInst = "LogicGate">   --->   Core 74 'LogicGate' <Latency = 0> <II = 1> <Delay = 0.97> <FuncUnit> <Opcode : 'and' 'or' 'xor'> <InPorts = 2> <OutPorts = 1>
ST_4 : Operation 95 [1/1] (0.00ns)   --->   "%Range2_all_ones = bitselect i1 @_ssdm_op_BitSelect.i1.i45.i32, i45 %ret_V, i32 44"   --->   Operation 95 'bitselect' 'Range2_all_ones' <Predicate = true> <Delay = 0.00>
ST_4 : Operation 96 [1/1] (0.00ns) (grouped into LUT with out node or_ln888)   --->   "%xor_ln888 = xor i1 %p_Result_32, i1 1"   --->   Operation 96 'xor' 'xor_ln888' <Predicate = true> <Delay = 0.00> <CoreInst = "LogicGate">   --->   Core 74 'LogicGate' <Latency = 0> <II = 1> <Delay = 0.97> <FuncUnit> <Opcode : 'and' 'or' 'xor'> <InPorts = 2> <OutPorts = 1>
ST_4 : Operation 97 [1/1] (0.97ns) (out node of the LUT)   --->   "%or_ln888 = or i1 %p_Result_33, i1 %xor_ln888"   --->   Operation 97 'or' 'or_ln888' <Predicate = true> <Delay = 0.97> <CoreInst = "LogicGate">   --->   Core 74 'LogicGate' <Latency = 0> <II = 1> <Delay = 0.97> <FuncUnit> <Opcode : 'and' 'or' 'xor'> <InPorts = 2> <OutPorts = 1>
ST_4 : Operation 98 [1/1] (0.00ns) (grouped into LUT with out node overflow)   --->   "%deleted_zeros = xor i1 %Range2_all_ones, i1 %or_ln888"   --->   Operation 98 'xor' 'deleted_zeros' <Predicate = true> <Delay = 0.00> <CoreInst = "LogicGate">   --->   Core 74 'LogicGate' <Latency = 0> <II = 1> <Delay = 0.97> <FuncUnit> <Opcode : 'and' 'or' 'xor'> <InPorts = 2> <OutPorts = 1>
ST_4 : Operation 99 [1/1] (0.00ns) (grouped into LUT with out node or_ln896)   --->   "%tmp_43 = bitselect i1 @_ssdm_op_BitSelect.i1.i45.i32, i45 %ret_V, i32 44"   --->   Operation 99 'bitselect' 'tmp_43' <Predicate = true> <Delay = 0.00>
ST_4 : Operation 100 [1/1] (0.00ns) (grouped into LUT with out node or_ln896)   --->   "%xor_ln890 = xor i1 %tmp_43, i1 1"   --->   Operation 100 'xor' 'xor_ln890' <Predicate = true> <Delay = 0.00> <CoreInst = "LogicGate">   --->   Core 74 'LogicGate' <Latency = 0> <II = 1> <Delay = 0.97> <FuncUnit> <Opcode : 'and' 'or' 'xor'> <InPorts = 2> <OutPorts = 1>
ST_4 : Operation 101 [1/1] (0.00ns) (grouped into LUT with out node or_ln896)   --->   "%or_ln890 = or i1 %or_ln888, i1 %xor_ln890"   --->   Operation 101 'or' 'or_ln890' <Predicate = true> <Delay = 0.00> <CoreInst = "LogicGate">   --->   Core 74 'LogicGate' <Latency = 0> <II = 1> <Delay = 0.97> <FuncUnit> <Opcode : 'and' 'or' 'xor'> <InPorts = 2> <OutPorts = 1>
ST_4 : Operation 102 [1/1] (0.00ns) (grouped into LUT with out node or_ln896)   --->   "%deleted_ones = and i1 %Range2_all_ones, i1 %or_ln890"   --->   Operation 102 'and' 'deleted_ones' <Predicate = true> <Delay = 0.00> <CoreInst = "LogicGate">   --->   Core 74 'LogicGate' <Latency = 0> <II = 1> <Delay = 0.97> <FuncUnit> <Opcode : 'and' 'or' 'xor'> <InPorts = 2> <OutPorts = 1>
ST_4 : Operation 103 [1/1] (0.00ns) (grouped into LUT with out node or_ln346)   --->   "%and_ln891 = and i1 %carry_13, i1 %Range2_all_ones"   --->   Operation 103 'and' 'and_ln891' <Predicate = true> <Delay = 0.00> <CoreInst = "LogicGate">   --->   Core 74 'LogicGate' <Latency = 0> <II = 1> <Delay = 0.97> <FuncUnit> <Opcode : 'and' 'or' 'xor'> <InPorts = 2> <OutPorts = 1>
ST_4 : Operation 104 [1/1] (0.00ns) (grouped into LUT with out node overflow)   --->   "%xor_ln895 = xor i1 %deleted_zeros, i1 1"   --->   Operation 104 'xor' 'xor_ln895' <Predicate = true> <Delay = 0.00> <CoreInst = "LogicGate">   --->   Core 74 'LogicGate' <Latency = 0> <II = 1> <Delay = 0.97> <FuncUnit> <Opcode : 'and' 'or' 'xor'> <InPorts = 2> <OutPorts = 1>
ST_4 : Operation 105 [1/1] (0.00ns) (grouped into LUT with out node overflow)   --->   "%or_ln895 = or i1 %p_Result_33, i1 %xor_ln895"   --->   Operation 105 'or' 'or_ln895' <Predicate = true> <Delay = 0.00> <CoreInst = "LogicGate">   --->   Core 74 'LogicGate' <Latency = 0> <II = 1> <Delay = 0.97> <FuncUnit> <Opcode : 'and' 'or' 'xor'> <InPorts = 2> <OutPorts = 1>
ST_4 : Operation 106 [1/1] (0.00ns) (grouped into LUT with out node overflow)   --->   "%xor_ln895_13 = xor i1 %p_Result_s, i1 1"   --->   Operation 106 'xor' 'xor_ln895_13' <Predicate = true> <Delay = 0.00> <CoreInst = "LogicGate">   --->   Core 74 'LogicGate' <Latency = 0> <II = 1> <Delay = 0.97> <FuncUnit> <Opcode : 'and' 'or' 'xor'> <InPorts = 2> <OutPorts = 1>
ST_4 : Operation 107 [1/1] (0.97ns) (out node of the LUT)   --->   "%overflow = and i1 %or_ln895, i1 %xor_ln895_13"   --->   Operation 107 'and' 'overflow' <Predicate = true> <Delay = 0.97> <CoreInst = "LogicGate">   --->   Core 74 'LogicGate' <Latency = 0> <II = 1> <Delay = 0.97> <FuncUnit> <Opcode : 'and' 'or' 'xor'> <InPorts = 2> <OutPorts = 1>
ST_4 : Operation 108 [1/1] (0.00ns) (grouped into LUT with out node or_ln896)   --->   "%xor_ln896 = xor i1 %deleted_ones, i1 1"   --->   Operation 108 'xor' 'xor_ln896' <Predicate = true> <Delay = 0.00> <CoreInst = "LogicGate">   --->   Core 74 'LogicGate' <Latency = 0> <II = 1> <Delay = 0.97> <FuncUnit> <Opcode : 'and' 'or' 'xor'> <InPorts = 2> <OutPorts = 1>
ST_4 : Operation 109 [1/1] (0.97ns) (out node of the LUT)   --->   "%or_ln896 = or i1 %xor_ln896_19, i1 %xor_ln896"   --->   Operation 109 'or' 'or_ln896' <Predicate = true> <Delay = 0.97> <CoreInst = "LogicGate">   --->   Core 74 'LogicGate' <Latency = 0> <II = 1> <Delay = 0.97> <FuncUnit> <Opcode : 'and' 'or' 'xor'> <InPorts = 2> <OutPorts = 1>
ST_4 : Operation 110 [1/1] (0.00ns) (grouped into LUT with out node or_ln346)   --->   "%xor_ln896_20 = xor i1 %and_ln891, i1 %or_ln896"   --->   Operation 110 'xor' 'xor_ln896_20' <Predicate = true> <Delay = 0.00> <CoreInst = "LogicGate">   --->   Core 74 'LogicGate' <Latency = 0> <II = 1> <Delay = 0.97> <FuncUnit> <Opcode : 'and' 'or' 'xor'> <InPorts = 2> <OutPorts = 1>
ST_4 : Operation 111 [1/1] (0.00ns) (grouped into LUT with out node or_ln346)   --->   "%underflow = and i1 %xor_ln896_20, i1 %p_Result_s"   --->   Operation 111 'and' 'underflow' <Predicate = true> <Delay = 0.00> <CoreInst = "LogicGate">   --->   Core 74 'LogicGate' <Latency = 0> <II = 1> <Delay = 0.97> <FuncUnit> <Opcode : 'and' 'or' 'xor'> <InPorts = 2> <OutPorts = 1>
ST_4 : Operation 112 [1/1] (0.00ns) (grouped into LUT with out node sum_V)   --->   "%select_ln346 = select i1 %overflow, i28 134217727, i28 134217728"   --->   Operation 112 'select' 'select_ln346' <Predicate = true> <Delay = 0.00> <CoreInst = "Sel">   --->   Core 73 'Sel' <Latency = 0> <II = 1> <Delay = 0.83> <FuncUnit> <Opcode : 'select'> <InPorts = 3> <OutPorts = 1>
ST_4 : Operation 113 [1/1] (0.97ns) (out node of the LUT)   --->   "%or_ln346 = or i1 %overflow, i1 %underflow"   --->   Operation 113 'or' 'or_ln346' <Predicate = true> <Delay = 0.97> <CoreInst = "LogicGate">   --->   Core 74 'LogicGate' <Latency = 0> <II = 1> <Delay = 0.97> <FuncUnit> <Opcode : 'and' 'or' 'xor'> <InPorts = 2> <OutPorts = 1>
ST_4 : Operation 114 [1/1] (0.83ns) (out node of the LUT)   --->   "%sum_V = select i1 %or_ln346, i28 %select_ln346, i28 %sum_V_12"   --->   Operation 114 'select' 'sum_V' <Predicate = true> <Delay = 0.83> <CoreInst = "Sel">   --->   Core 73 'Sel' <Latency = 0> <II = 1> <Delay = 0.83> <FuncUnit> <Opcode : 'select'> <InPorts = 3> <OutPorts = 1>
ST_4 : Operation 115 [1/1] (1.58ns)   --->   "%store_ln346 = store i28 %sum_V, i28 %lhs"   --->   Operation 115 'store' 'store_ln346' <Predicate = true> <Delay = 1.58>
ST_4 : Operation 116 [1/1] (0.00ns)   --->   "%br_ln0 = br void %for.body292"   --->   Operation 116 'br' 'br_ln0' <Predicate = true> <Delay = 0.00>
ST_4 : Operation 119 [1/1] (0.00ns)   --->   "%ret_ln0 = ret"   --->   Operation 119 'ret' 'ret_ln0' <Predicate = (icmp_ln172)> <Delay = 0.00>

State 5 <SV = 4> <Delay = 3.25>
ST_5 : Operation 117 [1/1] (3.25ns)   --->   "%store_ln180 = store i28 %sum_V, i8 %key_value_V_addr" [src/unsw_linear_transformer.cpp:180]   --->   Operation 117 'store' 'store_ln180' <Predicate = (icmp_ln175_1)> <Delay = 3.25> <CoreInst = "RAM">   --->   Core 82 'RAM' <Latency = 1> <II = 1> <Delay = 3.25> <Storage> <Opcode : 'load' 'store'> <Ports = 2> <Width = 28> <Depth = 256> <RAM>
ST_5 : Operation 118 [1/1] (0.00ns)   --->   "%br_ln0 = br void %ifFalse32"   --->   Operation 118 'br' 'br_ln0' <Predicate = (icmp_ln175_1)> <Delay = 0.00>


============================================================
+ Verbose Summary: Timing violations
============================================================
Target clock period: 10ns, clock uncertainty: 2.7ns.

 <State 1>: 1.59ns
The critical path consists of the following:
	'alloca' operation ('indvar_flatten53') [9]  (0 ns)
	'store' operation ('store_ln0') of constant 0 on local variable 'indvar_flatten53' [10]  (1.59 ns)

 <State 2>: 11ns
The critical path consists of the following:
	'load' operation ('indvar_flatten38_load', src/unsw_linear_transformer.cpp:173) on local variable 'indvar_flatten38' [18]  (0 ns)
	'icmp' operation ('icmp_ln173', src/unsw_linear_transformer.cpp:173) [31]  (1.66 ns)
	'select' operation ('select_ln172', src/unsw_linear_transformer.cpp:172) [32]  (1.22 ns)
	'add' operation ('add_ln173', src/unsw_linear_transformer.cpp:173) [40]  (1.78 ns)
	'select' operation ('select_ln173_1', src/unsw_linear_transformer.cpp:173) [45]  (1.22 ns)
	'add' operation ('add_ln837_4') [55]  (1.87 ns)
	'getelementptr' operation ('value_V_addr') [57]  (0 ns)
	'load' operation ('value_V_load') on array 'value_V' [62]  (3.25 ns)

 <State 3>: 9.57ns
The critical path consists of the following:
	'load' operation ('key_V_load') on array 'key_V' [60]  (3.25 ns)
	'mul' operation ('r.V') [66]  (6.32 ns)

 <State 4>: 11.6ns
The critical path consists of the following:
	'load' operation ('lhs_load', src/unsw_linear_transformer.cpp:173) on local variable 'lhs' [24]  (0 ns)
	'select' operation ('select_ln173_2', src/unsw_linear_transformer.cpp:173) [67]  (0.839 ns)
	'add' operation ('add_ln1347_8') [72]  (2.99 ns)
	'add' operation ('sum.V') [78]  (2.43 ns)
	'or' operation ('or_ln888') [84]  (0.978 ns)
	'xor' operation ('deleted_zeros') [85]  (0 ns)
	'xor' operation ('xor_ln895') [91]  (0 ns)
	'or' operation ('or_ln895') [92]  (0 ns)
	'and' operation ('overflow') [94]  (0.978 ns)
	'or' operation ('or_ln346') [100]  (0.978 ns)
	'select' operation ('sum.V') [101]  (0.839 ns)
	'store' operation ('store_ln346') of variable 'sum.V' on local variable 'lhs' [116]  (1.59 ns)

 <State 5>: 3.25ns
The critical path consists of the following:
	'store' operation ('store_ln180', src/unsw_linear_transformer.cpp:180) of variable 'sum.V' on array 'key_value_V' [106]  (3.25 ns)


============================================================
+ Verbose Summary: Binding
============================================================
N/A
* FSMD analyzer results:
  - Output states:
 - Input state : 
  - Chain level:
	State 1
	State 2
	State 3
	State 4
	State 5


============================================================
+ Verbose Summary: Datapath Resource usage 
============================================================
N/A
