

================================================================
== Vitis HLS Report for 'unsw_linear_transformer_Pipeline_VITIS_LOOP_224_26'
================================================================
* Date:           Mon Jun 29 22:28:36 2026

* Version:        2022.2 (Build 3670227 on Oct 13 2022)
* Project:        unsw_linear_transformer_fixed16_v3b_hotspot_ii1_prj
* Solution:       solution1 (Vivado IP Flow Target)
* Product family: zynq
* Target device:  xc7z020-clg400-1


================================================================
== Performance Estimates
================================================================
+ Timing: 
    * Summary: 
    +--------+----------+-----------+------------+
    |  Clock |  Target  | Estimated | Uncertainty|
    +--------+----------+-----------+------------+
    |ap_clk  |  10.00 ns|  10.326 ns|     2.70 ns|
    +--------+----------+-----------+------------+

+ Latency: 
    * Summary: 
    +---------+---------+----------+----------+-----+-----+---------+
    |  Latency (cycles) |  Latency (absolute) |  Interval | Pipeline|
    |   min   |   max   |    min   |    max   | min | max |   Type  |
    +---------+---------+----------+----------+-----+-----+---------+
    |       22|       22|  0.227 us|  0.227 us|   22|   22|       no|
    +---------+---------+----------+----------+-----+-----+---------+

    + Detail: 
        * Instance: 
        N/A

        * Loop: 
        +---------------------+---------+---------+----------+-----------+-----------+------+----------+
        |                     |  Latency (cycles) | Iteration|  Initiation Interval  | Trip |          |
        |      Loop Name      |   min   |   max   |  Latency |  achieved |   target  | Count| Pipelined|
        +---------------------+---------+---------+----------+-----------+-----------+------+----------+
        |- VITIS_LOOP_224_26  |       20|       20|         6|          1|          1|    16|       yes|
        +---------------------+---------+---------+----------+-----------+-----------+------+----------+

============================================================
+ Verbose Summary: Synthesis Manager
============================================================
InlineROM: 1
ExposeGlobal: 0
============================================================
+ Verbose Summary: CDFG Model
============================================================
IsTopModel: 0
ResetActiveHigh: 1
IsCombinational: 0
IsDatapathOnly: 0
HasWiredReturn: 1
HasMFsm: 2
HasVarLatency: 1
IsPipeline: 0
IsRtlPipelined: 0
IsInstanceOverlapped: 0
IsDontTouch: 0
HasImplIP: 0
IsGatedGlobalClock: 0

+ Individual pipeline summary: 
  * Pipeline-0: initiation interval (II) = 1, depth = 6


============================================================
+ Verbose Summary: Schedule
============================================================
* Number of FSM states : 6
* Pipeline : 1
  Pipeline-0 : II = 1, D = 6, States = { 1 2 3 4 5 6 }
* Dataflow Pipeline: 0

* FSM state transitions: 
1 --> 2 
2 --> 3 
3 --> 4 
4 --> 5 
5 --> 6 
6 --> 

* FSM state operations: 

State 1 <SV = 0> <Delay = 5.16>
ST_1 : Operation 9 [1/1] (0.00ns)   --->   "%lhs = alloca i32 1"   --->   Operation 9 'alloca' 'lhs' <Predicate = true> <Delay = 0.00>
ST_1 : Operation 10 [1/1] (0.00ns)   --->   "%input_feature = alloca i32 1"   --->   Operation 10 'alloca' 'input_feature' <Predicate = true> <Delay = 0.00>
ST_1 : Operation 11 [1/1] (0.00ns)   --->   "%zext_ln837_11_read = read i7 @_ssdm_op_Read.ap_auto.i7, i7 %zext_ln837_11"   --->   Operation 11 'read' 'zext_ln837_11_read' <Predicate = true> <Delay = 0.00>
ST_1 : Operation 12 [1/1] (0.00ns)   --->   "%zext_ln837_12_read = read i8 @_ssdm_op_Read.ap_auto.i8, i8 %zext_ln837_12"   --->   Operation 12 'read' 'zext_ln837_12_read' <Predicate = true> <Delay = 0.00>
ST_1 : Operation 13 [1/1] (0.00ns)   --->   "%sext_ln223_read = read i12 @_ssdm_op_Read.ap_auto.i12, i12 %sext_ln223"   --->   Operation 13 'read' 'sext_ln223_read' <Predicate = true> <Delay = 0.00>
ST_1 : Operation 14 [1/1] (0.00ns)   --->   "%sext_ln223_cast = sext i12 %sext_ln223_read"   --->   Operation 14 'sext' 'sext_ln223_cast' <Predicate = true> <Delay = 0.00>
ST_1 : Operation 15 [1/1] (1.58ns)   --->   "%store_ln0 = store i5 0, i5 %input_feature"   --->   Operation 15 'store' 'store_ln0' <Predicate = true> <Delay = 1.58>
ST_1 : Operation 16 [1/1] (1.58ns)   --->   "%store_ln0 = store i24 %sext_ln223_cast, i24 %lhs"   --->   Operation 16 'store' 'store_ln0' <Predicate = true> <Delay = 1.58>
ST_1 : Operation 17 [1/1] (0.00ns)   --->   "%br_ln0 = br void %for.body469"   --->   Operation 17 'br' 'br_ln0' <Predicate = true> <Delay = 0.00>
ST_1 : Operation 18 [1/1] (0.00ns)   --->   "%input_feature_3 = load i5 %input_feature" [src/unsw_linear_transformer.cpp:224]   --->   Operation 18 'load' 'input_feature_3' <Predicate = true> <Delay = 0.00>
ST_1 : Operation 19 [1/1] (1.36ns)   --->   "%icmp_ln224 = icmp_eq  i5 %input_feature_3, i5 16" [src/unsw_linear_transformer.cpp:224]   --->   Operation 19 'icmp' 'icmp_ln224' <Predicate = true> <Delay = 1.36> <CoreInst = "Cmp">   --->   Core 9 'Cmp' <Latency = 0> <II = 1> <Delay = 1.36> <FuncUnit> <Opcode : 'icmp'> <InPorts = 2> <OutPorts = 1>
ST_1 : Operation 20 [1/1] (0.00ns)   --->   "%empty = speclooptripcount i32 @_ssdm_op_SpecLoopTripCount, i64 16, i64 16, i64 16"   --->   Operation 20 'speclooptripcount' 'empty' <Predicate = true> <Delay = 0.00>
ST_1 : Operation 21 [1/1] (1.78ns)   --->   "%add_ln224 = add i5 %input_feature_3, i5 1" [src/unsw_linear_transformer.cpp:224]   --->   Operation 21 'add' 'add_ln224' <Predicate = true> <Delay = 1.78> <CoreInst = "Adder">   --->   Core 1 'Adder' <Latency = 0> <II = 1> <Delay = 1.78> <FuncUnit> <Opcode : 'add' 'sub'> <InPorts = 2> <OutPorts = 1>
ST_1 : Operation 22 [1/1] (0.00ns)   --->   "%br_ln224 = br i1 %icmp_ln224, void %for.body469.split_ifconv, void %for.end484_ifconv.exitStub" [src/unsw_linear_transformer.cpp:224]   --->   Operation 22 'br' 'br_ln224' <Predicate = true> <Delay = 0.00>
ST_1 : Operation 23 [1/1] (0.00ns)   --->   "%zext_ln837 = zext i5 %input_feature_3"   --->   Operation 23 'zext' 'zext_ln837' <Predicate = (!icmp_ln224)> <Delay = 0.00>
ST_1 : Operation 24 [1/1] (0.00ns)   --->   "%zext_ln837_8 = zext i5 %input_feature_3"   --->   Operation 24 'zext' 'zext_ln837_8' <Predicate = (!icmp_ln224)> <Delay = 0.00>
ST_1 : Operation 25 [1/1] (1.91ns)   --->   "%add_ln837 = add i8 %zext_ln837_12_read, i8 %zext_ln837_8"   --->   Operation 25 'add' 'add_ln837' <Predicate = (!icmp_ln224)> <Delay = 1.91> <CoreInst = "Adder">   --->   Core 1 'Adder' <Latency = 0> <II = 1> <Delay = 1.91> <FuncUnit> <Opcode : 'add' 'sub'> <InPorts = 2> <OutPorts = 1>
ST_1 : Operation 26 [1/1] (0.00ns)   --->   "%zext_ln837_9 = zext i8 %add_ln837"   --->   Operation 26 'zext' 'zext_ln837_9' <Predicate = (!icmp_ln224)> <Delay = 0.00>
ST_1 : Operation 27 [1/1] (0.00ns)   --->   "%LAYERS_0_ATTENTION_OUTPUT_WEIGHT_V_addr = getelementptr i10 %LAYERS_0_ATTENTION_OUTPUT_WEIGHT_V, i64 0, i64 %zext_ln837_9"   --->   Operation 27 'getelementptr' 'LAYERS_0_ATTENTION_OUTPUT_WEIGHT_V_addr' <Predicate = (!icmp_ln224)> <Delay = 0.00>
ST_1 : Operation 28 [1/1] (1.87ns)   --->   "%add_ln837_3 = add i7 %zext_ln837_11_read, i7 %zext_ln837"   --->   Operation 28 'add' 'add_ln837_3' <Predicate = (!icmp_ln224)> <Delay = 1.87> <CoreInst = "Adder">   --->   Core 1 'Adder' <Latency = 0> <II = 1> <Delay = 1.87> <FuncUnit> <Opcode : 'add' 'sub'> <InPorts = 2> <OutPorts = 1>
ST_1 : Operation 29 [1/1] (0.00ns)   --->   "%zext_ln837_10 = zext i7 %add_ln837_3"   --->   Operation 29 'zext' 'zext_ln837_10' <Predicate = (!icmp_ln224)> <Delay = 0.00>
ST_1 : Operation 30 [1/1] (0.00ns)   --->   "%attention_V_addr = getelementptr i16 %attention_V, i64 0, i64 %zext_ln837_10"   --->   Operation 30 'getelementptr' 'attention_V_addr' <Predicate = (!icmp_ln224)> <Delay = 0.00>
ST_1 : Operation 31 [2/2] (3.25ns)   --->   "%attention_V_load = load i7 %attention_V_addr"   --->   Operation 31 'load' 'attention_V_load' <Predicate = (!icmp_ln224)> <Delay = 3.25> <CoreInst = "RAM">   --->   Core 82 'RAM' <Latency = 1> <II = 1> <Delay = 3.25> <Storage> <Opcode : 'load' 'store'> <Ports = 2> <Width = 16> <Depth = 128> <RAM>
ST_1 : Operation 32 [2/2] (3.25ns)   --->   "%LAYERS_0_ATTENTION_OUTPUT_WEIGHT_V_load = load i8 %LAYERS_0_ATTENTION_OUTPUT_WEIGHT_V_addr"   --->   Operation 32 'load' 'LAYERS_0_ATTENTION_OUTPUT_WEIGHT_V_load' <Predicate = (!icmp_ln224)> <Delay = 3.25> <CoreInst = "ROM">   --->   Core 95 'ROM' <Latency = 1> <II = 1> <Delay = 3.25> <Storage> <Opcode : 'load'> <Ports = 0> <Width = 10> <Depth = 256> <ROM>
ST_1 : Operation 33 [1/1] (1.58ns)   --->   "%store_ln224 = store i5 %add_ln224, i5 %input_feature" [src/unsw_linear_transformer.cpp:224]   --->   Operation 33 'store' 'store_ln224' <Predicate = (!icmp_ln224)> <Delay = 1.58>

State 2 <SV = 1> <Delay = 5.40>
ST_2 : Operation 34 [1/2] (3.25ns)   --->   "%attention_V_load = load i7 %attention_V_addr"   --->   Operation 34 'load' 'attention_V_load' <Predicate = true> <Delay = 3.25> <CoreInst = "RAM">   --->   Core 82 'RAM' <Latency = 1> <II = 1> <Delay = 3.25> <Storage> <Opcode : 'load' 'store'> <Ports = 2> <Width = 16> <Depth = 128> <RAM>
ST_2 : Operation 35 [1/1] (0.00ns)   --->   "%r_V = bitconcatenate i20 @_ssdm_op_BitConcatenate.i20.i16.i4, i16 %attention_V_load, i4 0"   --->   Operation 35 'bitconcatenate' 'r_V' <Predicate = true> <Delay = 0.00>
ST_2 : Operation 36 [1/2] (3.25ns)   --->   "%LAYERS_0_ATTENTION_OUTPUT_WEIGHT_V_load = load i8 %LAYERS_0_ATTENTION_OUTPUT_WEIGHT_V_addr"   --->   Operation 36 'load' 'LAYERS_0_ATTENTION_OUTPUT_WEIGHT_V_load' <Predicate = true> <Delay = 3.25> <CoreInst = "ROM">   --->   Core 95 'ROM' <Latency = 1> <II = 1> <Delay = 3.25> <Storage> <Opcode : 'load'> <Ports = 0> <Width = 10> <Depth = 256> <ROM>
ST_2 : Operation 37 [1/1] (0.00ns)   --->   "%shl_ln838_s = bitconcatenate i14 @_ssdm_op_BitConcatenate.i14.i10.i4, i10 %LAYERS_0_ATTENTION_OUTPUT_WEIGHT_V_load, i4 0"   --->   Operation 37 'bitconcatenate' 'shl_ln838_s' <Predicate = true> <Delay = 0.00>
ST_2 : Operation 38 [1/1] (0.00ns)   --->   "%sext_ln1270 = sext i20 %r_V"   --->   Operation 38 'sext' 'sext_ln1270' <Predicate = true> <Delay = 0.00>
ST_2 : Operation 39 [1/1] (0.00ns)   --->   "%sext_ln1273 = sext i14 %shl_ln838_s"   --->   Operation 39 'sext' 'sext_ln1273' <Predicate = true> <Delay = 0.00>
ST_2 : Operation 40 [4/4] (2.15ns) (root node of the DSP)   --->   "%r_V_8 = mul i34 %sext_ln1273, i34 %sext_ln1270"   --->   Operation 40 'mul' 'r_V_8' <Predicate = true> <Delay = 2.15> <CoreInst = "DSP48">   --->   Core 119 'DSP48' <Latency = 3> <II = 1> <Delay = 2.15> <IPBlock> <Opcode : 'mul' 'add' 'sub' 'select'> <InPorts = 0> <OutPorts = 1> <Sync> <CReg>

State 3 <SV = 2> <Delay = 2.15>
ST_3 : Operation 41 [3/4] (2.15ns) (root node of the DSP)   --->   "%r_V_8 = mul i34 %sext_ln1273, i34 %sext_ln1270"   --->   Operation 41 'mul' 'r_V_8' <Predicate = true> <Delay = 2.15> <CoreInst = "DSP48">   --->   Core 119 'DSP48' <Latency = 3> <II = 1> <Delay = 2.15> <IPBlock> <Opcode : 'mul' 'add' 'sub' 'select'> <InPorts = 0> <OutPorts = 1> <Sync> <CReg>

State 4 <SV = 3> <Delay = 2.15>
ST_4 : Operation 42 [2/4] (2.15ns) (root node of the DSP)   --->   "%r_V_8 = mul i34 %sext_ln1273, i34 %sext_ln1270"   --->   Operation 42 'mul' 'r_V_8' <Predicate = true> <Delay = 2.15> <CoreInst = "DSP48">   --->   Core 119 'DSP48' <Latency = 3> <II = 1> <Delay = 2.15> <IPBlock> <Opcode : 'mul' 'add' 'sub' 'select'> <InPorts = 0> <OutPorts = 1> <Sync> <CReg>

State 5 <SV = 4> <Delay = 0.00>
ST_5 : Operation 43 [1/4] (0.00ns) (root node of the DSP)   --->   "%r_V_8 = mul i34 %sext_ln1273, i34 %sext_ln1270"   --->   Operation 43 'mul' 'r_V_8' <Predicate = true> <Delay = 0.00> <CoreInst = "DSP48">   --->   Core 119 'DSP48' <Latency = 3> <II = 1> <Delay = 2.15> <IPBlock> <Opcode : 'mul' 'add' 'sub' 'select'> <InPorts = 0> <OutPorts = 1> <Sync> <CReg>
ST_5 : Operation 44 [1/1] (0.00ns)   --->   "%tmp = bitselect i1 @_ssdm_op_BitSelect.i1.i34.i32, i34 %r_V_8, i32 13"   --->   Operation 44 'bitselect' 'tmp' <Predicate = true> <Delay = 0.00>
ST_5 : Operation 84 [1/1] (0.00ns)   --->   "%lhs_load = load i24 %lhs"   --->   Operation 84 'load' 'lhs_load' <Predicate = (icmp_ln224)> <Delay = 0.00>
ST_5 : Operation 85 [1/1] (0.00ns)   --->   "%write_ln0 = write void @_ssdm_op_Write.ap_auto.i24P0A, i24 %sum_V_62_out, i24 %lhs_load"   --->   Operation 85 'write' 'write_ln0' <Predicate = (icmp_ln224)> <Delay = 0.00>
ST_5 : Operation 86 [1/1] (0.00ns)   --->   "%ret_ln0 = ret"   --->   Operation 86 'ret' 'ret_ln0' <Predicate = (icmp_ln224)> <Delay = 0.00>

State 6 <SV = 5> <Delay = 10.3>
ST_6 : Operation 45 [1/1] (0.00ns)   --->   "%lhs_load_3 = load i24 %lhs"   --->   Operation 45 'load' 'lhs_load_3' <Predicate = true> <Delay = 0.00>
ST_6 : Operation 46 [1/1] (0.00ns)   --->   "%specpipeline_ln225 = specpipeline void @_ssdm_op_SpecPipeline, i32 1, i32 0, i32 0, i32 0, void @empty_9" [src/unsw_linear_transformer.cpp:225]   --->   Operation 46 'specpipeline' 'specpipeline_ln225' <Predicate = true> <Delay = 0.00>
ST_6 : Operation 47 [1/1] (0.00ns)   --->   "%specloopname_ln223 = specloopname void @_ssdm_op_SpecLoopName, void @empty_33" [src/unsw_linear_transformer.cpp:223]   --->   Operation 47 'specloopname' 'specloopname_ln223' <Predicate = true> <Delay = 0.00>
ST_6 : Operation 48 [1/1] (0.00ns)   --->   "%lhs_3 = bitconcatenate i38 @_ssdm_op_BitConcatenate.i38.i24.i14, i24 %lhs_load_3, i14 0"   --->   Operation 48 'bitconcatenate' 'lhs_3' <Predicate = true> <Delay = 0.00>
ST_6 : Operation 49 [1/1] (0.00ns)   --->   "%sext_ln1347 = sext i38 %lhs_3"   --->   Operation 49 'sext' 'sext_ln1347' <Predicate = true> <Delay = 0.00>
ST_6 : Operation 50 [1/1] (0.00ns)   --->   "%sext_ln1347_8 = sext i34 %r_V_8"   --->   Operation 50 'sext' 'sext_ln1347_8' <Predicate = true> <Delay = 0.00>
ST_6 : Operation 51 [1/1] (0.00ns)   --->   "%sext_ln1347_9 = sext i34 %r_V_8"   --->   Operation 51 'sext' 'sext_ln1347_9' <Predicate = true> <Delay = 0.00>
ST_6 : Operation 52 [1/1] (2.79ns)   --->   "%ret_V = add i39 %sext_ln1347, i39 %sext_ln1347_8"   --->   Operation 52 'add' 'ret_V' <Predicate = true> <Delay = 2.79> <CoreInst = "Adder">   --->   Core 1 'Adder' <Latency = 0> <II = 1> <Delay = 2.79> <FuncUnit> <Opcode : 'add' 'sub'> <InPorts = 2> <OutPorts = 1>
ST_6 : Operation 53 [1/1] (2.79ns)   --->   "%add_ln1347_6 = add i38 %lhs_3, i38 %sext_ln1347_9"   --->   Operation 53 'add' 'add_ln1347_6' <Predicate = true> <Delay = 2.79> <CoreInst = "Adder">   --->   Core 1 'Adder' <Latency = 0> <II = 1> <Delay = 2.79> <FuncUnit> <Opcode : 'add' 'sub'> <InPorts = 2> <OutPorts = 1>
ST_6 : Operation 54 [1/1] (0.00ns)   --->   "%p_Result_s = bitselect i1 @_ssdm_op_BitSelect.i1.i39.i32, i39 %ret_V, i32 38"   --->   Operation 54 'bitselect' 'p_Result_s' <Predicate = true> <Delay = 0.00>
ST_6 : Operation 55 [1/1] (0.00ns)   --->   "%sum_V_8 = partselect i24 @_ssdm_op_PartSelect.i24.i38.i32.i32, i38 %add_ln1347_6, i32 14, i32 37"   --->   Operation 55 'partselect' 'sum_V_8' <Predicate = true> <Delay = 0.00>
ST_6 : Operation 56 [1/1] (0.00ns)   --->   "%p_Result_22 = bitselect i1 @_ssdm_op_BitSelect.i1.i38.i32, i38 %add_ln1347_6, i32 37"   --->   Operation 56 'bitselect' 'p_Result_22' <Predicate = true> <Delay = 0.00>
ST_6 : Operation 57 [1/1] (0.00ns)   --->   "%zext_ln377 = zext i1 %tmp"   --->   Operation 57 'zext' 'zext_ln377' <Predicate = true> <Delay = 0.00>
ST_6 : Operation 58 [1/1] (2.31ns)   --->   "%sum_V_9 = add i24 %zext_ln377, i24 %sum_V_8"   --->   Operation 58 'add' 'sum_V_9' <Predicate = true> <Delay = 2.31> <CoreInst = "Adder">   --->   Core 1 'Adder' <Latency = 0> <II = 1> <Delay = 2.31> <FuncUnit> <Opcode : 'add' 'sub'> <InPorts = 2> <OutPorts = 1>
ST_6 : Operation 59 [1/1] (0.00ns)   --->   "%p_Result_23 = bitselect i1 @_ssdm_op_BitSelect.i1.i24.i32, i24 %sum_V_9, i32 23"   --->   Operation 59 'bitselect' 'p_Result_23' <Predicate = true> <Delay = 0.00>
ST_6 : Operation 60 [1/1] (0.97ns)   --->   "%xor_ln896 = xor i1 %p_Result_23, i1 1"   --->   Operation 60 'xor' 'xor_ln896' <Predicate = true> <Delay = 0.97> <CoreInst = "LogicGate">   --->   Core 74 'LogicGate' <Latency = 0> <II = 1> <Delay = 0.97> <FuncUnit> <Opcode : 'and' 'or' 'xor'> <InPorts = 2> <OutPorts = 1>
ST_6 : Operation 61 [1/1] (0.00ns) (grouped into LUT with out node or_ln346)   --->   "%carry_8 = and i1 %p_Result_22, i1 %xor_ln896"   --->   Operation 61 'and' 'carry_8' <Predicate = true> <Delay = 0.00> <CoreInst = "LogicGate">   --->   Core 74 'LogicGate' <Latency = 0> <II = 1> <Delay = 0.97> <FuncUnit> <Opcode : 'and' 'or' 'xor'> <InPorts = 2> <OutPorts = 1>
ST_6 : Operation 62 [1/1] (0.00ns)   --->   "%Range2_all_ones = bitselect i1 @_ssdm_op_BitSelect.i1.i39.i32, i39 %ret_V, i32 38"   --->   Operation 62 'bitselect' 'Range2_all_ones' <Predicate = true> <Delay = 0.00>
ST_6 : Operation 63 [1/1] (0.00ns) (grouped into LUT with out node or_ln888)   --->   "%xor_ln888 = xor i1 %p_Result_22, i1 1"   --->   Operation 63 'xor' 'xor_ln888' <Predicate = true> <Delay = 0.00> <CoreInst = "LogicGate">   --->   Core 74 'LogicGate' <Latency = 0> <II = 1> <Delay = 0.97> <FuncUnit> <Opcode : 'and' 'or' 'xor'> <InPorts = 2> <OutPorts = 1>
ST_6 : Operation 64 [1/1] (0.97ns) (out node of the LUT)   --->   "%or_ln888 = or i1 %p_Result_23, i1 %xor_ln888"   --->   Operation 64 'or' 'or_ln888' <Predicate = true> <Delay = 0.97> <CoreInst = "LogicGate">   --->   Core 74 'LogicGate' <Latency = 0> <II = 1> <Delay = 0.97> <FuncUnit> <Opcode : 'and' 'or' 'xor'> <InPorts = 2> <OutPorts = 1>
ST_6 : Operation 65 [1/1] (0.00ns) (grouped into LUT with out node overflow)   --->   "%deleted_zeros = xor i1 %Range2_all_ones, i1 %or_ln888"   --->   Operation 65 'xor' 'deleted_zeros' <Predicate = true> <Delay = 0.00> <CoreInst = "LogicGate">   --->   Core 74 'LogicGate' <Latency = 0> <II = 1> <Delay = 0.97> <FuncUnit> <Opcode : 'and' 'or' 'xor'> <InPorts = 2> <OutPorts = 1>
ST_6 : Operation 66 [1/1] (0.00ns) (grouped into LUT with out node or_ln896)   --->   "%tmp_30 = bitselect i1 @_ssdm_op_BitSelect.i1.i39.i32, i39 %ret_V, i32 38"   --->   Operation 66 'bitselect' 'tmp_30' <Predicate = true> <Delay = 0.00>
ST_6 : Operation 67 [1/1] (0.00ns) (grouped into LUT with out node or_ln896)   --->   "%xor_ln890 = xor i1 %tmp_30, i1 1"   --->   Operation 67 'xor' 'xor_ln890' <Predicate = true> <Delay = 0.00> <CoreInst = "LogicGate">   --->   Core 74 'LogicGate' <Latency = 0> <II = 1> <Delay = 0.97> <FuncUnit> <Opcode : 'and' 'or' 'xor'> <InPorts = 2> <OutPorts = 1>
ST_6 : Operation 68 [1/1] (0.00ns) (grouped into LUT with out node or_ln896)   --->   "%or_ln890 = or i1 %or_ln888, i1 %xor_ln890"   --->   Operation 68 'or' 'or_ln890' <Predicate = true> <Delay = 0.00> <CoreInst = "LogicGate">   --->   Core 74 'LogicGate' <Latency = 0> <II = 1> <Delay = 0.97> <FuncUnit> <Opcode : 'and' 'or' 'xor'> <InPorts = 2> <OutPorts = 1>
ST_6 : Operation 69 [1/1] (0.00ns) (grouped into LUT with out node or_ln896)   --->   "%deleted_ones = and i1 %Range2_all_ones, i1 %or_ln890"   --->   Operation 69 'and' 'deleted_ones' <Predicate = true> <Delay = 0.00> <CoreInst = "LogicGate">   --->   Core 74 'LogicGate' <Latency = 0> <II = 1> <Delay = 0.97> <FuncUnit> <Opcode : 'and' 'or' 'xor'> <InPorts = 2> <OutPorts = 1>
ST_6 : Operation 70 [1/1] (0.00ns) (grouped into LUT with out node or_ln346)   --->   "%and_ln891 = and i1 %carry_8, i1 %Range2_all_ones"   --->   Operation 70 'and' 'and_ln891' <Predicate = true> <Delay = 0.00> <CoreInst = "LogicGate">   --->   Core 74 'LogicGate' <Latency = 0> <II = 1> <Delay = 0.97> <FuncUnit> <Opcode : 'and' 'or' 'xor'> <InPorts = 2> <OutPorts = 1>
ST_6 : Operation 71 [1/1] (0.00ns) (grouped into LUT with out node overflow)   --->   "%xor_ln895 = xor i1 %deleted_zeros, i1 1"   --->   Operation 71 'xor' 'xor_ln895' <Predicate = true> <Delay = 0.00> <CoreInst = "LogicGate">   --->   Core 74 'LogicGate' <Latency = 0> <II = 1> <Delay = 0.97> <FuncUnit> <Opcode : 'and' 'or' 'xor'> <InPorts = 2> <OutPorts = 1>
ST_6 : Operation 72 [1/1] (0.00ns) (grouped into LUT with out node overflow)   --->   "%or_ln895 = or i1 %p_Result_23, i1 %xor_ln895"   --->   Operation 72 'or' 'or_ln895' <Predicate = true> <Delay = 0.00> <CoreInst = "LogicGate">   --->   Core 74 'LogicGate' <Latency = 0> <II = 1> <Delay = 0.97> <FuncUnit> <Opcode : 'and' 'or' 'xor'> <InPorts = 2> <OutPorts = 1>
ST_6 : Operation 73 [1/1] (0.00ns) (grouped into LUT with out node overflow)   --->   "%xor_ln895_8 = xor i1 %p_Result_s, i1 1"   --->   Operation 73 'xor' 'xor_ln895_8' <Predicate = true> <Delay = 0.00> <CoreInst = "LogicGate">   --->   Core 74 'LogicGate' <Latency = 0> <II = 1> <Delay = 0.97> <FuncUnit> <Opcode : 'and' 'or' 'xor'> <InPorts = 2> <OutPorts = 1>
ST_6 : Operation 74 [1/1] (0.97ns) (out node of the LUT)   --->   "%overflow = and i1 %or_ln895, i1 %xor_ln895_8"   --->   Operation 74 'and' 'overflow' <Predicate = true> <Delay = 0.97> <CoreInst = "LogicGate">   --->   Core 74 'LogicGate' <Latency = 0> <II = 1> <Delay = 0.97> <FuncUnit> <Opcode : 'and' 'or' 'xor'> <InPorts = 2> <OutPorts = 1>
ST_6 : Operation 75 [1/1] (0.00ns) (grouped into LUT with out node or_ln896)   --->   "%xor_ln896_12 = xor i1 %deleted_ones, i1 1"   --->   Operation 75 'xor' 'xor_ln896_12' <Predicate = true> <Delay = 0.00> <CoreInst = "LogicGate">   --->   Core 74 'LogicGate' <Latency = 0> <II = 1> <Delay = 0.97> <FuncUnit> <Opcode : 'and' 'or' 'xor'> <InPorts = 2> <OutPorts = 1>
ST_6 : Operation 76 [1/1] (0.97ns) (out node of the LUT)   --->   "%or_ln896 = or i1 %xor_ln896, i1 %xor_ln896_12"   --->   Operation 76 'or' 'or_ln896' <Predicate = true> <Delay = 0.97> <CoreInst = "LogicGate">   --->   Core 74 'LogicGate' <Latency = 0> <II = 1> <Delay = 0.97> <FuncUnit> <Opcode : 'and' 'or' 'xor'> <InPorts = 2> <OutPorts = 1>
ST_6 : Operation 77 [1/1] (0.00ns) (grouped into LUT with out node or_ln346)   --->   "%xor_ln896_13 = xor i1 %and_ln891, i1 %or_ln896"   --->   Operation 77 'xor' 'xor_ln896_13' <Predicate = true> <Delay = 0.00> <CoreInst = "LogicGate">   --->   Core 74 'LogicGate' <Latency = 0> <II = 1> <Delay = 0.97> <FuncUnit> <Opcode : 'and' 'or' 'xor'> <InPorts = 2> <OutPorts = 1>
ST_6 : Operation 78 [1/1] (0.00ns) (grouped into LUT with out node or_ln346)   --->   "%underflow = and i1 %xor_ln896_13, i1 %p_Result_s"   --->   Operation 78 'and' 'underflow' <Predicate = true> <Delay = 0.00> <CoreInst = "LogicGate">   --->   Core 74 'LogicGate' <Latency = 0> <II = 1> <Delay = 0.97> <FuncUnit> <Opcode : 'and' 'or' 'xor'> <InPorts = 2> <OutPorts = 1>
ST_6 : Operation 79 [1/1] (0.00ns) (grouped into LUT with out node sum_V)   --->   "%select_ln346 = select i1 %overflow, i24 8388607, i24 8388608"   --->   Operation 79 'select' 'select_ln346' <Predicate = true> <Delay = 0.00> <CoreInst = "Sel">   --->   Core 73 'Sel' <Latency = 0> <II = 1> <Delay = 0.69> <FuncUnit> <Opcode : 'select'> <InPorts = 3> <OutPorts = 1>
ST_6 : Operation 80 [1/1] (0.97ns) (out node of the LUT)   --->   "%or_ln346 = or i1 %overflow, i1 %underflow"   --->   Operation 80 'or' 'or_ln346' <Predicate = true> <Delay = 0.97> <CoreInst = "LogicGate">   --->   Core 74 'LogicGate' <Latency = 0> <II = 1> <Delay = 0.97> <FuncUnit> <Opcode : 'and' 'or' 'xor'> <InPorts = 2> <OutPorts = 1>
ST_6 : Operation 81 [1/1] (0.69ns) (out node of the LUT)   --->   "%sum_V = select i1 %or_ln346, i24 %select_ln346, i24 %sum_V_9"   --->   Operation 81 'select' 'sum_V' <Predicate = true> <Delay = 0.69> <CoreInst = "Sel">   --->   Core 73 'Sel' <Latency = 0> <II = 1> <Delay = 0.69> <FuncUnit> <Opcode : 'select'> <InPorts = 3> <OutPorts = 1>
ST_6 : Operation 82 [1/1] (1.58ns)   --->   "%store_ln224 = store i24 %sum_V, i24 %lhs" [src/unsw_linear_transformer.cpp:224]   --->   Operation 82 'store' 'store_ln224' <Predicate = true> <Delay = 1.58>
ST_6 : Operation 83 [1/1] (0.00ns)   --->   "%br_ln224 = br void %for.body469" [src/unsw_linear_transformer.cpp:224]   --->   Operation 83 'br' 'br_ln224' <Predicate = true> <Delay = 0.00>


============================================================
+ Verbose Summary: Binding
============================================================
STG Binding: 
---------------- STG Properties BEGIN ----------------
- Is combinational: 0
- Is one-state seq: 0
- Is datapath-only: 0
- Is pipelined: 0
- Is top level: 0
Port [ Return ] is wired: 1; IO mode=ap_ctrl_hs:ce=0
Port [ sext_ln223]:  wired=1; compound=0; hidden=0; nouse=0; global=0; static=0; extern=0; dir=0; type=0; pingpong=0; private_global=0; IO mode=ap_none:ce=0
Port [ zext_ln837_12]:  wired=1; compound=0; hidden=0; nouse=0; global=0; static=0; extern=0; dir=0; type=0; pingpong=0; private_global=0; IO mode=ap_none:ce=0
Port [ zext_ln837_11]:  wired=1; compound=0; hidden=0; nouse=0; global=0; static=0; extern=0; dir=0; type=0; pingpong=0; private_global=0; IO mode=ap_none:ce=0
Port [ attention_V]:  wired=1; compound=1; hidden=0; nouse=0; global=0; static=0; extern=0; dir=0; type=1; pingpong=0; private_global=0; MemPort=[13]; IO mode=ap_memory:ce=0
Port [ sum_V_62_out]:  wired=1; compound=0; hidden=0; nouse=0; global=0; static=0; extern=0; dir=1; type=0; pingpong=0; private_global=0; IO mode=ap_vld:ce=0
Port [ LAYERS_0_ATTENTION_OUTPUT_WEIGHT_V]:  wired=0; compound=1; hidden=1; nouse=0; global=1; static=1; extern=0; dir=0; type=1; pingpong=0; private_global=1; MemPort=[1]; IO mode=ap_memory:ce=0
---------------- STG Properties END ------------------

---------------- Datapath Model BEGIN ----------------

<LifeTime>
<method=bitvector/>
lhs                                     (alloca           ) [ 0111111]
input_feature                           (alloca           ) [ 0100000]
zext_ln837_11_read                      (read             ) [ 0000000]
zext_ln837_12_read                      (read             ) [ 0000000]
sext_ln223_read                         (read             ) [ 0000000]
sext_ln223_cast                         (sext             ) [ 0000000]
store_ln0                               (store            ) [ 0000000]
store_ln0                               (store            ) [ 0000000]
br_ln0                                  (br               ) [ 0000000]
input_feature_3                         (load             ) [ 0000000]
icmp_ln224                              (icmp             ) [ 0111110]
empty                                   (speclooptripcount) [ 0000000]
add_ln224                               (add              ) [ 0000000]
br_ln224                                (br               ) [ 0000000]
zext_ln837                              (zext             ) [ 0000000]
zext_ln837_8                            (zext             ) [ 0000000]
add_ln837                               (add              ) [ 0000000]
zext_ln837_9                            (zext             ) [ 0000000]
LAYERS_0_ATTENTION_OUTPUT_WEIGHT_V_addr (getelementptr    ) [ 0110000]
add_ln837_3                             (add              ) [ 0000000]
zext_ln837_10                           (zext             ) [ 0000000]
attention_V_addr                        (getelementptr    ) [ 0110000]
store_ln224                             (store            ) [ 0000000]
attention_V_load                        (load             ) [ 0000000]
r_V                                     (bitconcatenate   ) [ 0000000]
LAYERS_0_ATTENTION_OUTPUT_WEIGHT_V_load (load             ) [ 0000000]
shl_ln838_s                             (bitconcatenate   ) [ 0000000]
sext_ln1270                             (sext             ) [ 0101110]
sext_ln1273                             (sext             ) [ 0101110]
r_V_8                                   (mul              ) [ 0100001]
tmp                                     (bitselect        ) [ 0100001]
lhs_load_3                              (load             ) [ 0000000]
specpipeline_ln225                      (specpipeline     ) [ 0000000]
specloopname_ln223                      (specloopname     ) [ 0000000]
lhs_3                                   (bitconcatenate   ) [ 0000000]
sext_ln1347                             (sext             ) [ 0000000]
sext_ln1347_8                           (sext             ) [ 0000000]
sext_ln1347_9                           (sext             ) [ 0000000]
ret_V                                   (add              ) [ 0000000]
add_ln1347_6                            (add              ) [ 0000000]
p_Result_s                              (bitselect        ) [ 0000000]
sum_V_8                                 (partselect       ) [ 0000000]
p_Result_22                             (bitselect        ) [ 0000000]
zext_ln377                              (zext             ) [ 0000000]
sum_V_9                                 (add              ) [ 0000000]
p_Result_23                             (bitselect        ) [ 0000000]
xor_ln896                               (xor              ) [ 0000000]
carry_8                                 (and              ) [ 0000000]
Range2_all_ones                         (bitselect        ) [ 0000000]
xor_ln888                               (xor              ) [ 0000000]
or_ln888                                (or               ) [ 0000000]
deleted_zeros                           (xor              ) [ 0000000]
tmp_30                                  (bitselect        ) [ 0000000]
xor_ln890                               (xor              ) [ 0000000]
or_ln890                                (or               ) [ 0000000]
deleted_ones                            (and              ) [ 0000000]
and_ln891                               (and              ) [ 0000000]
xor_ln895                               (xor              ) [ 0000000]
or_ln895                                (or               ) [ 0000000]
xor_ln895_8                             (xor              ) [ 0000000]
overflow                                (and              ) [ 0000000]
xor_ln896_12                            (xor              ) [ 0000000]
or_ln896                                (or               ) [ 0000000]
xor_ln896_13                            (xor              ) [ 0000000]
underflow                               (and              ) [ 0000000]
select_ln346                            (select           ) [ 0000000]
or_ln346                                (or               ) [ 0000000]
sum_V                                   (select           ) [ 0000000]
store_ln224                             (store            ) [ 0000000]
br_ln224                                (br               ) [ 0000000]
lhs_load                                (load             ) [ 0000000]
write_ln0                               (write            ) [ 0000000]
ret_ln0                                 (ret              ) [ 0000000]
</LifeTime>

<model>

<comp_list>
<comp id="0" class="1000" name="sext_ln223">
<pin_list>
<pin id="1" dir="1" index="0" bw="1" slack="0"/>
</pin_list>
<bind>
<StgValue><ssdm name="sext_ln223"/></StgValue>
</bind>
</comp>

<comp id="2" class="1000" name="zext_ln837_12">
<pin_list>
<pin id="3" dir="1" index="0" bw="1" slack="0"/>
</pin_list>
<bind>
<StgValue><ssdm name="zext_ln837_12"/></StgValue>
</bind>
</comp>

<comp id="4" class="1000" name="zext_ln837_11">
<pin_list>
<pin id="5" dir="1" index="0" bw="1" slack="0"/>
</pin_list>
<bind>
<StgValue><ssdm name="zext_ln837_11"/></StgValue>
</bind>
</comp>

<comp id="6" class="1000" name="attention_V">
<pin_list>
<pin id="7" dir="1" index="0" bw="1" slack="0"/>
</pin_list>
<bind>
<StgValue><ssdm name="attention_V"/><MemPortTyVec>1 3 </MemPortTyVec>
</StgValue>
</bind>
</comp>

<comp id="8" class="1000" name="sum_V_62_out">
<pin_list>
<pin id="9" dir="1" index="0" bw="1" slack="0"/>
</pin_list>
<bind>
<StgValue><ssdm name="sum_V_62_out"/></StgValue>
</bind>
</comp>

<comp id="10" class="1000" name="LAYERS_0_ATTENTION_OUTPUT_WEIGHT_V">
<pin_list>
<pin id="11" dir="1" index="0" bw="1" slack="0"/>
</pin_list>
<bind>
<StgValue><ssdm name="LAYERS_0_ATTENTION_OUTPUT_WEIGHT_V"/><MemPortTyVec>1 </MemPortTyVec>
</StgValue>
</bind>
</comp>

<comp id="12" class="1001" name="const_12">
<pin_list>
<pin id="13" dir="1" index="0" bw="1" slack="0"/>
</pin_list>
<bind>
<StgValue><ssdm name=""/></StgValue>
</bind>
</comp>

<comp id="14" class="1001" name="const_14">
<pin_list>
<pin id="15" dir="1" index="0" bw="1" slack="0"/>
</pin_list>
<bind>
<StgValue><ssdm name="_ssdm_op_Read.ap_auto.i7"/></StgValue>
</bind>
</comp>

<comp id="16" class="1001" name="const_16">
<pin_list>
<pin id="17" dir="1" index="0" bw="1" slack="0"/>
</pin_list>
<bind>
<StgValue><ssdm name="_ssdm_op_Read.ap_auto.i8"/></StgValue>
</bind>
</comp>

<comp id="18" class="1001" name="const_18">
<pin_list>
<pin id="19" dir="1" index="0" bw="1" slack="0"/>
</pin_list>
<bind>
<StgValue><ssdm name="_ssdm_op_Read.ap_auto.i12"/></StgValue>
</bind>
</comp>

<comp id="20" class="1001" name="const_20">
<pin_list>
<pin id="21" dir="1" index="0" bw="1" slack="0"/>
</pin_list>
<bind>
<StgValue><ssdm name=""/></StgValue>
</bind>
</comp>

<comp id="22" class="1001" name="const_22">
<pin_list>
<pin id="23" dir="1" index="0" bw="1" slack="0"/>
</pin_list>
<bind>
<StgValue><ssdm name=""/></StgValue>
</bind>
</comp>

<comp id="24" class="1001" name="const_24">
<pin_list>
<pin id="25" dir="1" index="0" bw="1" slack="2147483647"/>
</pin_list>
<bind>
<StgValue><ssdm name="_ssdm_op_SpecLoopTripCount"/></StgValue>
</bind>
</comp>

<comp id="26" class="1001" name="const_26">
<pin_list>
<pin id="27" dir="1" index="0" bw="1" slack="2147483647"/>
</pin_list>
<bind>
<StgValue><ssdm name=""/></StgValue>
</bind>
</comp>

<comp id="28" class="1001" name="const_28">
<pin_list>
<pin id="29" dir="1" index="0" bw="1" slack="0"/>
</pin_list>
<bind>
<StgValue><ssdm name=""/></StgValue>
</bind>
</comp>

<comp id="30" class="1001" name="const_30">
<pin_list>
<pin id="31" dir="1" index="0" bw="1" slack="0"/>
</pin_list>
<bind>
<StgValue><ssdm name=""/></StgValue>
</bind>
</comp>

<comp id="32" class="1001" name="const_32">
<pin_list>
<pin id="33" dir="1" index="0" bw="1" slack="0"/>
</pin_list>
<bind>
<StgValue><ssdm name="_ssdm_op_BitConcatenate.i20.i16.i4"/></StgValue>
</bind>
</comp>

<comp id="34" class="1001" name="const_34">
<pin_list>
<pin id="35" dir="1" index="0" bw="1" slack="0"/>
</pin_list>
<bind>
<StgValue><ssdm name=""/></StgValue>
</bind>
</comp>

<comp id="36" class="1001" name="const_36">
<pin_list>
<pin id="37" dir="1" index="0" bw="1" slack="0"/>
</pin_list>
<bind>
<StgValue><ssdm name="_ssdm_op_BitConcatenate.i14.i10.i4"/></StgValue>
</bind>
</comp>

<comp id="38" class="1001" name="const_38">
<pin_list>
<pin id="39" dir="1" index="0" bw="1" slack="0"/>
</pin_list>
<bind>
<StgValue><ssdm name="_ssdm_op_BitSelect.i1.i34.i32"/></StgValue>
</bind>
</comp>

<comp id="40" class="1001" name="const_40">
<pin_list>
<pin id="41" dir="1" index="0" bw="1" slack="0"/>
</pin_list>
<bind>
<StgValue><ssdm name=""/></StgValue>
</bind>
</comp>

<comp id="42" class="1001" name="const_42">
<pin_list>
<pin id="43" dir="1" index="0" bw="1" slack="2147483647"/>
</pin_list>
<bind>
<StgValue><ssdm name="_ssdm_op_SpecPipeline"/></StgValue>
</bind>
</comp>

<comp id="44" class="1001" name="const_44">
<pin_list>
<pin id="45" dir="1" index="0" bw="1" slack="2147483647"/>
</pin_list>
<bind>
<StgValue><ssdm name=""/></StgValue>
</bind>
</comp>

<comp id="46" class="1001" name="const_46">
<pin_list>
<pin id="47" dir="1" index="0" bw="1" slack="2147483647"/>
</pin_list>
<bind>
<StgValue><ssdm name="empty_9"/></StgValue>
</bind>
</comp>

<comp id="48" class="1001" name="const_48">
<pin_list>
<pin id="49" dir="1" index="0" bw="1" slack="2147483647"/>
</pin_list>
<bind>
<StgValue><ssdm name="_ssdm_op_SpecLoopName"/></StgValue>
</bind>
</comp>

<comp id="50" class="1001" name="const_50">
<pin_list>
<pin id="51" dir="1" index="0" bw="1" slack="2147483647"/>
</pin_list>
<bind>
<StgValue><ssdm name="empty_33"/></StgValue>
</bind>
</comp>

<comp id="52" class="1001" name="const_52">
<pin_list>
<pin id="53" dir="1" index="0" bw="1" slack="0"/>
</pin_list>
<bind>
<StgValue><ssdm name="_ssdm_op_BitConcatenate.i38.i24.i14"/></StgValue>
</bind>
</comp>

<comp id="54" class="1001" name="const_54">
<pin_list>
<pin id="55" dir="1" index="0" bw="1" slack="0"/>
</pin_list>
<bind>
<StgValue><ssdm name=""/></StgValue>
</bind>
</comp>

<comp id="56" class="1001" name="const_56">
<pin_list>
<pin id="57" dir="1" index="0" bw="1" slack="0"/>
</pin_list>
<bind>
<StgValue><ssdm name="_ssdm_op_BitSelect.i1.i39.i32"/></StgValue>
</bind>
</comp>

<comp id="58" class="1001" name="const_58">
<pin_list>
<pin id="59" dir="1" index="0" bw="1" slack="0"/>
</pin_list>
<bind>
<StgValue><ssdm name=""/></StgValue>
</bind>
</comp>

<comp id="60" class="1001" name="const_60">
<pin_list>
<pin id="61" dir="1" index="0" bw="1" slack="0"/>
</pin_list>
<bind>
<StgValue><ssdm name="_ssdm_op_PartSelect.i24.i38.i32.i32"/></StgValue>
</bind>
</comp>

<comp id="62" class="1001" name="const_62">
<pin_list>
<pin id="63" dir="1" index="0" bw="1" slack="0"/>
</pin_list>
<bind>
<StgValue><ssdm name=""/></StgValue>
</bind>
</comp>

<comp id="64" class="1001" name="const_64">
<pin_list>
<pin id="65" dir="1" index="0" bw="1" slack="0"/>
</pin_list>
<bind>
<StgValue><ssdm name=""/></StgValue>
</bind>
</comp>

<comp id="66" class="1001" name="const_66">
<pin_list>
<pin id="67" dir="1" index="0" bw="1" slack="0"/>
</pin_list>
<bind>
<StgValue><ssdm name="_ssdm_op_BitSelect.i1.i38.i32"/></StgValue>
</bind>
</comp>

<comp id="68" class="1001" name="const_68">
<pin_list>
<pin id="69" dir="1" index="0" bw="1" slack="0"/>
</pin_list>
<bind>
<StgValue><ssdm name="_ssdm_op_BitSelect.i1.i24.i32"/></StgValue>
</bind>
</comp>

<comp id="70" class="1001" name="const_70">
<pin_list>
<pin id="71" dir="1" index="0" bw="1" slack="0"/>
</pin_list>
<bind>
<StgValue><ssdm name=""/></StgValue>
</bind>
</comp>

<comp id="72" class="1001" name="const_72">
<pin_list>
<pin id="73" dir="1" index="0" bw="1" slack="0"/>
</pin_list>
<bind>
<StgValue><ssdm name=""/></StgValue>
</bind>
</comp>

<comp id="74" class="1001" name="const_74">
<pin_list>
<pin id="75" dir="1" index="0" bw="1" slack="0"/>
</pin_list>
<bind>
<StgValue><ssdm name=""/></StgValue>
</bind>
</comp>

<comp id="76" class="1001" name="const_76">
<pin_list>
<pin id="77" dir="1" index="0" bw="1" slack="0"/>
</pin_list>
<bind>
<StgValue><ssdm name=""/></StgValue>
</bind>
</comp>

<comp id="78" class="1001" name="const_78">
<pin_list>
<pin id="79" dir="1" index="0" bw="1" slack="0"/>
</pin_list>
<bind>
<StgValue><ssdm name="_ssdm_op_Write.ap_auto.i24P0A"/></StgValue>
</bind>
</comp>

<comp id="80" class="1004" name="lhs_fu_80">
<pin_list>
<pin id="81" dir="0" index="0" bw="1" slack="0"/>
<pin id="82" dir="1" index="1" bw="24" slack="0"/>
</pin_list>
<bind>
<opcode="alloca(26) " fcode="alloca"/>
<opset="lhs/1 "/>
</bind>
</comp>

<comp id="84" class="1004" name="input_feature_fu_84">
<pin_list>
<pin id="85" dir="0" index="0" bw="1" slack="0"/>
<pin id="86" dir="1" index="1" bw="5" slack="0"/>
</pin_list>
<bind>
<opcode="alloca(26) " fcode="alloca"/>
<opset="input_feature/1 "/>
</bind>
</comp>

<comp id="88" class="1004" name="zext_ln837_11_read_read_fu_88">
<pin_list>
<pin id="89" dir="0" index="0" bw="7" slack="0"/>
<pin id="90" dir="0" index="1" bw="7" slack="0"/>
<pin id="91" dir="1" index="2" bw="7" slack="0"/>
</pin_list>
<bind>
<opcode="read(1150) " fcode="read"/>
<opset="zext_ln837_11_read/1 "/>
</bind>
</comp>

<comp id="94" class="1004" name="zext_ln837_12_read_read_fu_94">
<pin_list>
<pin id="95" dir="0" index="0" bw="8" slack="0"/>
<pin id="96" dir="0" index="1" bw="8" slack="0"/>
<pin id="97" dir="1" index="2" bw="8" slack="0"/>
</pin_list>
<bind>
<opcode="read(1150) " fcode="read"/>
<opset="zext_ln837_12_read/1 "/>
</bind>
</comp>

<comp id="100" class="1004" name="sext_ln223_read_read_fu_100">
<pin_list>
<pin id="101" dir="0" index="0" bw="12" slack="0"/>
<pin id="102" dir="0" index="1" bw="12" slack="0"/>
<pin id="103" dir="1" index="2" bw="12" slack="0"/>
</pin_list>
<bind>
<opcode="read(1150) " fcode="read"/>
<opset="sext_ln223_read/1 "/>
</bind>
</comp>

<comp id="106" class="1004" name="write_ln0_write_fu_106">
<pin_list>
<pin id="107" dir="0" index="0" bw="0" slack="0"/>
<pin id="108" dir="0" index="1" bw="24" slack="0"/>
<pin id="109" dir="0" index="2" bw="24" slack="0"/>
<pin id="110" dir="1" index="3" bw="0" slack="2147483647"/>
</pin_list>
<bind>
<opcode="write(1151) " fcode="write"/>
<opset="write_ln0/5 "/>
</bind>
</comp>

<comp id="113" class="1004" name="LAYERS_0_ATTENTION_OUTPUT_WEIGHT_V_addr_gep_fu_113">
<pin_list>
<pin id="114" dir="0" index="0" bw="10" slack="0"/>
<pin id="115" dir="0" index="1" bw="1" slack="0"/>
<pin id="116" dir="0" index="2" bw="8" slack="0"/>
<pin id="117" dir="1" index="3" bw="8" slack="0"/>
</pin_list>
<bind>
<opcode="getelementptr(29) " fcode="getelementptr"/>
<opset="LAYERS_0_ATTENTION_OUTPUT_WEIGHT_V_addr/1 "/>
</bind>
</comp>

<comp id="120" class="1004" name="attention_V_addr_gep_fu_120">
<pin_list>
<pin id="121" dir="0" index="0" bw="16" slack="0"/>
<pin id="122" dir="0" index="1" bw="1" slack="0"/>
<pin id="123" dir="0" index="2" bw="7" slack="0"/>
<pin id="124" dir="1" index="3" bw="7" slack="0"/>
</pin_list>
<bind>
<opcode="getelementptr(29) " fcode="getelementptr"/>
<opset="attention_V_addr/1 "/>
</bind>
</comp>

<comp id="127" class="1004" name="grp_access_fu_127">
<pin_list>
<pin id="128" dir="0" index="0" bw="7" slack="0"/>
<pin id="129" dir="0" index="1" bw="16" slack="2147483647"/>
<pin id="130" dir="0" index="2" bw="0" slack="2147483647"/>
<pin id="131" dir="1" index="3" bw="16" slack="0"/>
</pin_list>
<bind>
<opcode="load(27) " fcode="load"/>
<opset="attention_V_load/1 "/>
</bind>
</comp>

<comp id="133" class="1004" name="grp_access_fu_133">
<pin_list>
<pin id="134" dir="0" index="0" bw="8" slack="0"/>
<pin id="135" dir="0" index="1" bw="10" slack="2147483647"/>
<pin id="136" dir="0" index="2" bw="0" slack="2147483647"/>
<pin id="137" dir="1" index="3" bw="10" slack="0"/>
</pin_list>
<bind>
<opcode="load(27) " fcode="load"/>
<opset="LAYERS_0_ATTENTION_OUTPUT_WEIGHT_V_load/1 "/>
</bind>
</comp>

<comp id="139" class="1004" name="sext_ln223_cast_fu_139">
<pin_list>
<pin id="140" dir="0" index="0" bw="12" slack="0"/>
<pin id="141" dir="1" index="1" bw="24" slack="0"/>
</pin_list>
<bind>
<opcode="sext(35) " fcode="sext"/>
<opset="sext_ln223_cast/1 "/>
</bind>
</comp>

<comp id="143" class="1004" name="store_ln0_store_fu_143">
<pin_list>
<pin id="144" dir="0" index="0" bw="1" slack="0"/>
<pin id="145" dir="0" index="1" bw="5" slack="0"/>
<pin id="146" dir="1" index="2" bw="0" slack="2147483647"/>
</pin_list>
<bind>
<opcode="store(28) " fcode="store"/>
<opset="store_ln0/1 "/>
</bind>
</comp>

<comp id="148" class="1004" name="store_ln0_store_fu_148">
<pin_list>
<pin id="149" dir="0" index="0" bw="12" slack="0"/>
<pin id="150" dir="0" index="1" bw="24" slack="0"/>
<pin id="151" dir="1" index="2" bw="0" slack="2147483647"/>
</pin_list>
<bind>
<opcode="store(28) " fcode="store"/>
<opset="store_ln0/1 "/>
</bind>
</comp>

<comp id="153" class="1004" name="input_feature_3_load_fu_153">
<pin_list>
<pin id="154" dir="0" index="0" bw="5" slack="0"/>
<pin id="155" dir="1" index="1" bw="5" slack="0"/>
</pin_list>
<bind>
<opcode="load(27) " fcode="load"/>
<opset="input_feature_3/1 "/>
</bind>
</comp>

<comp id="156" class="1004" name="icmp_ln224_fu_156">
<pin_list>
<pin id="157" dir="0" index="0" bw="5" slack="0"/>
<pin id="158" dir="0" index="1" bw="5" slack="0"/>
<pin id="159" dir="1" index="2" bw="1" slack="4"/>
</pin_list>
<bind>
<opcode="icmp(45) " fcode="icmp"/>
<opset="icmp_ln224/1 "/>
</bind>
</comp>

<comp id="162" class="1004" name="add_ln224_fu_162">
<pin_list>
<pin id="163" dir="0" index="0" bw="5" slack="0"/>
<pin id="164" dir="0" index="1" bw="1" slack="0"/>
<pin id="165" dir="1" index="2" bw="5" slack="0"/>
</pin_list>
<bind>
<opcode="add(8) " fcode="add"/>
<opset="add_ln224/1 "/>
</bind>
</comp>

<comp id="168" class="1004" name="zext_ln837_fu_168">
<pin_list>
<pin id="169" dir="0" index="0" bw="5" slack="0"/>
<pin id="170" dir="1" index="1" bw="7" slack="0"/>
</pin_list>
<bind>
<opcode="zext(34) " fcode="zext"/>
<opset="zext_ln837/1 "/>
</bind>
</comp>

<comp id="172" class="1004" name="zext_ln837_8_fu_172">
<pin_list>
<pin id="173" dir="0" index="0" bw="5" slack="0"/>
<pin id="174" dir="1" index="1" bw="8" slack="0"/>
</pin_list>
<bind>
<opcode="zext(34) " fcode="zext"/>
<opset="zext_ln837_8/1 "/>
</bind>
</comp>

<comp id="176" class="1004" name="add_ln837_fu_176">
<pin_list>
<pin id="177" dir="0" index="0" bw="8" slack="0"/>
<pin id="178" dir="0" index="1" bw="5" slack="0"/>
<pin id="179" dir="1" index="2" bw="8" slack="0"/>
</pin_list>
<bind>
<opcode="add(8) " fcode="add"/>
<opset="add_ln837/1 "/>
</bind>
</comp>

<comp id="182" class="1004" name="zext_ln837_9_fu_182">
<pin_list>
<pin id="183" dir="0" index="0" bw="8" slack="0"/>
<pin id="184" dir="1" index="1" bw="64" slack="0"/>
</pin_list>
<bind>
<opcode="zext(34) " fcode="zext"/>
<opset="zext_ln837_9/1 "/>
</bind>
</comp>

<comp id="187" class="1004" name="add_ln837_3_fu_187">
<pin_list>
<pin id="188" dir="0" index="0" bw="7" slack="0"/>
<pin id="189" dir="0" index="1" bw="5" slack="0"/>
<pin id="190" dir="1" index="2" bw="7" slack="0"/>
</pin_list>
<bind>
<opcode="add(8) " fcode="add"/>
<opset="add_ln837_3/1 "/>
</bind>
</comp>

<comp id="193" class="1004" name="zext_ln837_10_fu_193">
<pin_list>
<pin id="194" dir="0" index="0" bw="7" slack="0"/>
<pin id="195" dir="1" index="1" bw="64" slack="0"/>
</pin_list>
<bind>
<opcode="zext(34) " fcode="zext"/>
<opset="zext_ln837_10/1 "/>
</bind>
</comp>

<comp id="198" class="1004" name="store_ln224_store_fu_198">
<pin_list>
<pin id="199" dir="0" index="0" bw="5" slack="0"/>
<pin id="200" dir="0" index="1" bw="5" slack="0"/>
<pin id="201" dir="1" index="2" bw="0" slack="2147483647"/>
</pin_list>
<bind>
<opcode="store(28) " fcode="store"/>
<opset="store_ln224/1 "/>
</bind>
</comp>

<comp id="203" class="1004" name="r_V_fu_203">
<pin_list>
<pin id="204" dir="0" index="0" bw="20" slack="0"/>
<pin id="205" dir="0" index="1" bw="16" slack="0"/>
<pin id="206" dir="0" index="2" bw="1" slack="0"/>
<pin id="207" dir="1" index="3" bw="20" slack="0"/>
</pin_list>
<bind>
<opcode="bitconcatenate(1004) " fcode="bitconcatenate"/>
<opset="r_V/2 "/>
</bind>
</comp>

<comp id="211" class="1004" name="shl_ln838_s_fu_211">
<pin_list>
<pin id="212" dir="0" index="0" bw="14" slack="0"/>
<pin id="213" dir="0" index="1" bw="10" slack="0"/>
<pin id="214" dir="0" index="2" bw="1" slack="0"/>
<pin id="215" dir="1" index="3" bw="14" slack="0"/>
</pin_list>
<bind>
<opcode="bitconcatenate(1004) " fcode="bitconcatenate"/>
<opset="shl_ln838_s/2 "/>
</bind>
</comp>

<comp id="219" class="1004" name="sext_ln1270_fu_219">
<pin_list>
<pin id="220" dir="0" index="0" bw="20" slack="0"/>
<pin id="221" dir="1" index="1" bw="34" slack="0"/>
</pin_list>
<bind>
<opcode="sext(35) " fcode="sext"/>
<opset="sext_ln1270/2 "/>
</bind>
</comp>

<comp id="223" class="1004" name="sext_ln1273_fu_223">
<pin_list>
<pin id="224" dir="0" index="0" bw="14" slack="0"/>
<pin id="225" dir="1" index="1" bw="34" slack="0"/>
</pin_list>
<bind>
<opcode="sext(35) " fcode="sext"/>
<opset="sext_ln1273/2 "/>
</bind>
</comp>

<comp id="227" class="1004" name="tmp_fu_227">
<pin_list>
<pin id="228" dir="0" index="0" bw="1" slack="0"/>
<pin id="229" dir="0" index="1" bw="34" slack="0"/>
<pin id="230" dir="0" index="2" bw="5" slack="0"/>
<pin id="231" dir="1" index="3" bw="1" slack="1"/>
</pin_list>
<bind>
<opcode="bitselect(1000) " fcode="bitselect"/>
<opset="tmp/5 "/>
</bind>
</comp>

<comp id="234" class="1004" name="lhs_load_3_load_fu_234">
<pin_list>
<pin id="235" dir="0" index="0" bw="24" slack="5"/>
<pin id="236" dir="1" index="1" bw="24" slack="0"/>
</pin_list>
<bind>
<opcode="load(27) " fcode="load"/>
<opset="lhs_load_3/6 "/>
</bind>
</comp>

<comp id="237" class="1004" name="lhs_3_fu_237">
<pin_list>
<pin id="238" dir="0" index="0" bw="38" slack="0"/>
<pin id="239" dir="0" index="1" bw="24" slack="0"/>
<pin id="240" dir="0" index="2" bw="1" slack="0"/>
<pin id="241" dir="1" index="3" bw="38" slack="0"/>
</pin_list>
<bind>
<opcode="bitconcatenate(1004) " fcode="bitconcatenate"/>
<opset="lhs_3/6 "/>
</bind>
</comp>

<comp id="245" class="1004" name="sext_ln1347_fu_245">
<pin_list>
<pin id="246" dir="0" index="0" bw="38" slack="0"/>
<pin id="247" dir="1" index="1" bw="39" slack="0"/>
</pin_list>
<bind>
<opcode="sext(35) " fcode="sext"/>
<opset="sext_ln1347/6 "/>
</bind>
</comp>

<comp id="249" class="1004" name="sext_ln1347_8_fu_249">
<pin_list>
<pin id="250" dir="0" index="0" bw="34" slack="1"/>
<pin id="251" dir="1" index="1" bw="39" slack="0"/>
</pin_list>
<bind>
<opcode="sext(35) " fcode="sext"/>
<opset="sext_ln1347_8/6 "/>
</bind>
</comp>

<comp id="252" class="1004" name="sext_ln1347_9_fu_252">
<pin_list>
<pin id="253" dir="0" index="0" bw="34" slack="1"/>
<pin id="254" dir="1" index="1" bw="38" slack="0"/>
</pin_list>
<bind>
<opcode="sext(35) " fcode="sext"/>
<opset="sext_ln1347_9/6 "/>
</bind>
</comp>

<comp id="255" class="1004" name="ret_V_fu_255">
<pin_list>
<pin id="256" dir="0" index="0" bw="38" slack="0"/>
<pin id="257" dir="0" index="1" bw="34" slack="0"/>
<pin id="258" dir="1" index="2" bw="39" slack="0"/>
</pin_list>
<bind>
<opcode="add(8) " fcode="add"/>
<opset="ret_V/6 "/>
</bind>
</comp>

<comp id="261" class="1004" name="add_ln1347_6_fu_261">
<pin_list>
<pin id="262" dir="0" index="0" bw="38" slack="0"/>
<pin id="263" dir="0" index="1" bw="34" slack="0"/>
<pin id="264" dir="1" index="2" bw="38" slack="0"/>
</pin_list>
<bind>
<opcode="add(8) " fcode="add"/>
<opset="add_ln1347_6/6 "/>
</bind>
</comp>

<comp id="267" class="1004" name="p_Result_s_fu_267">
<pin_list>
<pin id="268" dir="0" index="0" bw="1" slack="0"/>
<pin id="269" dir="0" index="1" bw="39" slack="0"/>
<pin id="270" dir="0" index="2" bw="7" slack="0"/>
<pin id="271" dir="1" index="3" bw="1" slack="0"/>
</pin_list>
<bind>
<opcode="bitselect(1000) " fcode="bitselect"/>
<opset="p_Result_s/6 "/>
</bind>
</comp>

<comp id="275" class="1004" name="sum_V_8_fu_275">
<pin_list>
<pin id="276" dir="0" index="0" bw="24" slack="0"/>
<pin id="277" dir="0" index="1" bw="38" slack="0"/>
<pin id="278" dir="0" index="2" bw="5" slack="0"/>
<pin id="279" dir="0" index="3" bw="7" slack="0"/>
<pin id="280" dir="1" index="4" bw="24" slack="0"/>
</pin_list>
<bind>
<opcode="partselect(1002) " fcode="partselect"/>
<opset="sum_V_8/6 "/>
</bind>
</comp>

<comp id="285" class="1004" name="p_Result_22_fu_285">
<pin_list>
<pin id="286" dir="0" index="0" bw="1" slack="0"/>
<pin id="287" dir="0" index="1" bw="38" slack="0"/>
<pin id="288" dir="0" index="2" bw="7" slack="0"/>
<pin id="289" dir="1" index="3" bw="1" slack="0"/>
</pin_list>
<bind>
<opcode="bitselect(1000) " fcode="bitselect"/>
<opset="p_Result_22/6 "/>
</bind>
</comp>

<comp id="293" class="1004" name="zext_ln377_fu_293">
<pin_list>
<pin id="294" dir="0" index="0" bw="1" slack="1"/>
<pin id="295" dir="1" index="1" bw="24" slack="0"/>
</pin_list>
<bind>
<opcode="zext(34) " fcode="zext"/>
<opset="zext_ln377/6 "/>
</bind>
</comp>

<comp id="296" class="1004" name="sum_V_9_fu_296">
<pin_list>
<pin id="297" dir="0" index="0" bw="1" slack="0"/>
<pin id="298" dir="0" index="1" bw="24" slack="0"/>
<pin id="299" dir="1" index="2" bw="24" slack="0"/>
</pin_list>
<bind>
<opcode="add(8) " fcode="add"/>
<opset="sum_V_9/6 "/>
</bind>
</comp>

<comp id="302" class="1004" name="p_Result_23_fu_302">
<pin_list>
<pin id="303" dir="0" index="0" bw="1" slack="0"/>
<pin id="304" dir="0" index="1" bw="24" slack="0"/>
<pin id="305" dir="0" index="2" bw="6" slack="0"/>
<pin id="306" dir="1" index="3" bw="1" slack="0"/>
</pin_list>
<bind>
<opcode="bitselect(1000) " fcode="bitselect"/>
<opset="p_Result_23/6 "/>
</bind>
</comp>

<comp id="310" class="1004" name="xor_ln896_fu_310">
<pin_list>
<pin id="311" dir="0" index="0" bw="1" slack="0"/>
<pin id="312" dir="0" index="1" bw="1" slack="0"/>
<pin id="313" dir="1" index="2" bw="1" slack="0"/>
</pin_list>
<bind>
<opcode="xor(25) " fcode="xor"/>
<opset="xor_ln896/6 "/>
</bind>
</comp>

<comp id="316" class="1004" name="carry_8_fu_316">
<pin_list>
<pin id="317" dir="0" index="0" bw="1" slack="0"/>
<pin id="318" dir="0" index="1" bw="1" slack="0"/>
<pin id="319" dir="1" index="2" bw="1" slack="0"/>
</pin_list>
<bind>
<opcode="and(23) " fcode="and"/>
<opset="carry_8/6 "/>
</bind>
</comp>

<comp id="322" class="1004" name="Range2_all_ones_fu_322">
<pin_list>
<pin id="323" dir="0" index="0" bw="1" slack="0"/>
<pin id="324" dir="0" index="1" bw="39" slack="0"/>
<pin id="325" dir="0" index="2" bw="7" slack="0"/>
<pin id="326" dir="1" index="3" bw="1" slack="0"/>
</pin_list>
<bind>
<opcode="bitselect(1000) " fcode="bitselect"/>
<opset="Range2_all_ones/6 "/>
</bind>
</comp>

<comp id="330" class="1004" name="xor_ln888_fu_330">
<pin_list>
<pin id="331" dir="0" index="0" bw="1" slack="0"/>
<pin id="332" dir="0" index="1" bw="1" slack="0"/>
<pin id="333" dir="1" index="2" bw="1" slack="0"/>
</pin_list>
<bind>
<opcode="xor(25) " fcode="xor"/>
<opset="xor_ln888/6 "/>
</bind>
</comp>

<comp id="336" class="1004" name="or_ln888_fu_336">
<pin_list>
<pin id="337" dir="0" index="0" bw="1" slack="0"/>
<pin id="338" dir="0" index="1" bw="1" slack="0"/>
<pin id="339" dir="1" index="2" bw="1" slack="0"/>
</pin_list>
<bind>
<opcode="or(24) " fcode="or"/>
<opset="or_ln888/6 "/>
</bind>
</comp>

<comp id="342" class="1004" name="deleted_zeros_fu_342">
<pin_list>
<pin id="343" dir="0" index="0" bw="1" slack="0"/>
<pin id="344" dir="0" index="1" bw="1" slack="0"/>
<pin id="345" dir="1" index="2" bw="1" slack="0"/>
</pin_list>
<bind>
<opcode="xor(25) " fcode="xor"/>
<opset="deleted_zeros/6 "/>
</bind>
</comp>

<comp id="348" class="1004" name="tmp_30_fu_348">
<pin_list>
<pin id="349" dir="0" index="0" bw="1" slack="0"/>
<pin id="350" dir="0" index="1" bw="39" slack="0"/>
<pin id="351" dir="0" index="2" bw="7" slack="0"/>
<pin id="352" dir="1" index="3" bw="1" slack="0"/>
</pin_list>
<bind>
<opcode="bitselect(1000) " fcode="bitselect"/>
<opset="tmp_30/6 "/>
</bind>
</comp>

<comp id="356" class="1004" name="xor_ln890_fu_356">
<pin_list>
<pin id="357" dir="0" index="0" bw="1" slack="0"/>
<pin id="358" dir="0" index="1" bw="1" slack="0"/>
<pin id="359" dir="1" index="2" bw="1" slack="0"/>
</pin_list>
<bind>
<opcode="xor(25) " fcode="xor"/>
<opset="xor_ln890/6 "/>
</bind>
</comp>

<comp id="362" class="1004" name="or_ln890_fu_362">
<pin_list>
<pin id="363" dir="0" index="0" bw="1" slack="0"/>
<pin id="364" dir="0" index="1" bw="1" slack="0"/>
<pin id="365" dir="1" index="2" bw="1" slack="0"/>
</pin_list>
<bind>
<opcode="or(24) " fcode="or"/>
<opset="or_ln890/6 "/>
</bind>
</comp>

<comp id="368" class="1004" name="deleted_ones_fu_368">
<pin_list>
<pin id="369" dir="0" index="0" bw="1" slack="0"/>
<pin id="370" dir="0" index="1" bw="1" slack="0"/>
<pin id="371" dir="1" index="2" bw="1" slack="0"/>
</pin_list>
<bind>
<opcode="and(23) " fcode="and"/>
<opset="deleted_ones/6 "/>
</bind>
</comp>

<comp id="374" class="1004" name="and_ln891_fu_374">
<pin_list>
<pin id="375" dir="0" index="0" bw="1" slack="0"/>
<pin id="376" dir="0" index="1" bw="1" slack="0"/>
<pin id="377" dir="1" index="2" bw="1" slack="0"/>
</pin_list>
<bind>
<opcode="and(23) " fcode="and"/>
<opset="and_ln891/6 "/>
</bind>
</comp>

<comp id="380" class="1004" name="xor_ln895_fu_380">
<pin_list>
<pin id="381" dir="0" index="0" bw="1" slack="0"/>
<pin id="382" dir="0" index="1" bw="1" slack="0"/>
<pin id="383" dir="1" index="2" bw="1" slack="0"/>
</pin_list>
<bind>
<opcode="xor(25) " fcode="xor"/>
<opset="xor_ln895/6 "/>
</bind>
</comp>

<comp id="386" class="1004" name="or_ln895_fu_386">
<pin_list>
<pin id="387" dir="0" index="0" bw="1" slack="0"/>
<pin id="388" dir="0" index="1" bw="1" slack="0"/>
<pin id="389" dir="1" index="2" bw="1" slack="0"/>
</pin_list>
<bind>
<opcode="or(24) " fcode="or"/>
<opset="or_ln895/6 "/>
</bind>
</comp>

<comp id="392" class="1004" name="xor_ln895_8_fu_392">
<pin_list>
<pin id="393" dir="0" index="0" bw="1" slack="0"/>
<pin id="394" dir="0" index="1" bw="1" slack="0"/>
<pin id="395" dir="1" index="2" bw="1" slack="0"/>
</pin_list>
<bind>
<opcode="xor(25) " fcode="xor"/>
<opset="xor_ln895_8/6 "/>
</bind>
</comp>

<comp id="398" class="1004" name="overflow_fu_398">
<pin_list>
<pin id="399" dir="0" index="0" bw="1" slack="0"/>
<pin id="400" dir="0" index="1" bw="1" slack="0"/>
<pin id="401" dir="1" index="2" bw="1" slack="0"/>
</pin_list>
<bind>
<opcode="and(23) " fcode="and"/>
<opset="overflow/6 "/>
</bind>
</comp>

<comp id="404" class="1004" name="xor_ln896_12_fu_404">
<pin_list>
<pin id="405" dir="0" index="0" bw="1" slack="0"/>
<pin id="406" dir="0" index="1" bw="1" slack="0"/>
<pin id="407" dir="1" index="2" bw="1" slack="0"/>
</pin_list>
<bind>
<opcode="xor(25) " fcode="xor"/>
<opset="xor_ln896_12/6 "/>
</bind>
</comp>

<comp id="410" class="1004" name="or_ln896_fu_410">
<pin_list>
<pin id="411" dir="0" index="0" bw="1" slack="0"/>
<pin id="412" dir="0" index="1" bw="1" slack="0"/>
<pin id="413" dir="1" index="2" bw="1" slack="0"/>
</pin_list>
<bind>
<opcode="or(24) " fcode="or"/>
<opset="or_ln896/6 "/>
</bind>
</comp>

<comp id="416" class="1004" name="xor_ln896_13_fu_416">
<pin_list>
<pin id="417" dir="0" index="0" bw="1" slack="0"/>
<pin id="418" dir="0" index="1" bw="1" slack="0"/>
<pin id="419" dir="1" index="2" bw="1" slack="0"/>
</pin_list>
<bind>
<opcode="xor(25) " fcode="xor"/>
<opset="xor_ln896_13/6 "/>
</bind>
</comp>

<comp id="422" class="1004" name="underflow_fu_422">
<pin_list>
<pin id="423" dir="0" index="0" bw="1" slack="0"/>
<pin id="424" dir="0" index="1" bw="1" slack="0"/>
<pin id="425" dir="1" index="2" bw="1" slack="0"/>
</pin_list>
<bind>
<opcode="and(23) " fcode="and"/>
<opset="underflow/6 "/>
</bind>
</comp>

<comp id="428" class="1004" name="select_ln346_fu_428">
<pin_list>
<pin id="429" dir="0" index="0" bw="1" slack="0"/>
<pin id="430" dir="0" index="1" bw="24" slack="0"/>
<pin id="431" dir="0" index="2" bw="24" slack="0"/>
<pin id="432" dir="1" index="3" bw="24" slack="0"/>
</pin_list>
<bind>
<opcode="select(49) " fcode="select"/>
<opset="select_ln346/6 "/>
</bind>
</comp>

<comp id="436" class="1004" name="or_ln346_fu_436">
<pin_list>
<pin id="437" dir="0" index="0" bw="1" slack="0"/>
<pin id="438" dir="0" index="1" bw="1" slack="0"/>
<pin id="439" dir="1" index="2" bw="1" slack="0"/>
</pin_list>
<bind>
<opcode="or(24) " fcode="or"/>
<opset="or_ln346/6 "/>
</bind>
</comp>

<comp id="442" class="1004" name="sum_V_fu_442">
<pin_list>
<pin id="443" dir="0" index="0" bw="1" slack="0"/>
<pin id="444" dir="0" index="1" bw="24" slack="0"/>
<pin id="445" dir="0" index="2" bw="24" slack="0"/>
<pin id="446" dir="1" index="3" bw="24" slack="0"/>
</pin_list>
<bind>
<opcode="select(49) " fcode="select"/>
<opset="sum_V/6 "/>
</bind>
</comp>

<comp id="450" class="1004" name="store_ln224_store_fu_450">
<pin_list>
<pin id="451" dir="0" index="0" bw="24" slack="0"/>
<pin id="452" dir="0" index="1" bw="24" slack="5"/>
<pin id="453" dir="1" index="2" bw="0" slack="2147483647"/>
</pin_list>
<bind>
<opcode="store(28) " fcode="store"/>
<opset="store_ln224/6 "/>
</bind>
</comp>

<comp id="455" class="1004" name="lhs_load_load_fu_455">
<pin_list>
<pin id="456" dir="0" index="0" bw="24" slack="4"/>
<pin id="457" dir="1" index="1" bw="24" slack="0"/>
</pin_list>
<bind>
<opcode="load(27) " fcode="load"/>
<opset="lhs_load/5 "/>
</bind>
</comp>

<comp id="459" class="1007" name="grp_fu_459">
<pin_list>
<pin id="460" dir="0" index="0" bw="14" slack="0"/>
<pin id="461" dir="0" index="1" bw="20" slack="0"/>
<pin id="462" dir="1" index="2" bw="34" slack="0"/>
</pin_list>
<bind>
<opcode="mul(12) " fcode="mul"/>
<opset="r_V_8/2 "/>
</bind>
</comp>

<comp id="466" class="1005" name="lhs_reg_466">
<pin_list>
<pin id="467" dir="0" index="0" bw="24" slack="0"/>
<pin id="468" dir="1" index="1" bw="24" slack="0"/>
</pin_list>
<bind>
<opset="lhs "/>
</bind>
</comp>

<comp id="474" class="1005" name="input_feature_reg_474">
<pin_list>
<pin id="475" dir="0" index="0" bw="5" slack="0"/>
<pin id="476" dir="1" index="1" bw="5" slack="0"/>
</pin_list>
<bind>
<opset="input_feature "/>
</bind>
</comp>

<comp id="481" class="1005" name="icmp_ln224_reg_481">
<pin_list>
<pin id="482" dir="0" index="0" bw="1" slack="4"/>
<pin id="483" dir="1" index="1" bw="1" slack="2147483647"/>
</pin_list>
<bind>
<opset="icmp_ln224 "/>
</bind>
</comp>

<comp id="485" class="1005" name="LAYERS_0_ATTENTION_OUTPUT_WEIGHT_V_addr_reg_485">
<pin_list>
<pin id="486" dir="0" index="0" bw="8" slack="1"/>
<pin id="487" dir="1" index="1" bw="8" slack="1"/>
</pin_list>
<bind>
<opset="LAYERS_0_ATTENTION_OUTPUT_WEIGHT_V_addr "/>
</bind>
</comp>

<comp id="490" class="1005" name="attention_V_addr_reg_490">
<pin_list>
<pin id="491" dir="0" index="0" bw="7" slack="1"/>
<pin id="492" dir="1" index="1" bw="7" slack="1"/>
</pin_list>
<bind>
<opset="attention_V_addr "/>
</bind>
</comp>

<comp id="495" class="1005" name="sext_ln1270_reg_495">
<pin_list>
<pin id="496" dir="0" index="0" bw="34" slack="1"/>
<pin id="497" dir="1" index="1" bw="34" slack="1"/>
</pin_list>
<bind>
<opset="sext_ln1270 "/>
</bind>
</comp>

<comp id="500" class="1005" name="sext_ln1273_reg_500">
<pin_list>
<pin id="501" dir="0" index="0" bw="34" slack="1"/>
<pin id="502" dir="1" index="1" bw="34" slack="1"/>
</pin_list>
<bind>
<opset="sext_ln1273 "/>
</bind>
</comp>

<comp id="505" class="1005" name="r_V_8_reg_505">
<pin_list>
<pin id="506" dir="0" index="0" bw="34" slack="1"/>
<pin id="507" dir="1" index="1" bw="34" slack="1"/>
</pin_list>
<bind>
<opset="r_V_8 "/>
</bind>
</comp>

<comp id="511" class="1005" name="tmp_reg_511">
<pin_list>
<pin id="512" dir="0" index="0" bw="1" slack="1"/>
<pin id="513" dir="1" index="1" bw="1" slack="1"/>
</pin_list>
<bind>
<opset="tmp "/>
</bind>
</comp>

</comp_list>

<net_list>
<net id="83"><net_src comp="12" pin="0"/><net_sink comp="80" pin=0"/></net>

<net id="87"><net_src comp="12" pin="0"/><net_sink comp="84" pin=0"/></net>

<net id="92"><net_src comp="14" pin="0"/><net_sink comp="88" pin=0"/></net>

<net id="93"><net_src comp="4" pin="0"/><net_sink comp="88" pin=1"/></net>

<net id="98"><net_src comp="16" pin="0"/><net_sink comp="94" pin=0"/></net>

<net id="99"><net_src comp="2" pin="0"/><net_sink comp="94" pin=1"/></net>

<net id="104"><net_src comp="18" pin="0"/><net_sink comp="100" pin=0"/></net>

<net id="105"><net_src comp="0" pin="0"/><net_sink comp="100" pin=1"/></net>

<net id="111"><net_src comp="78" pin="0"/><net_sink comp="106" pin=0"/></net>

<net id="112"><net_src comp="8" pin="0"/><net_sink comp="106" pin=1"/></net>

<net id="118"><net_src comp="10" pin="0"/><net_sink comp="113" pin=0"/></net>

<net id="119"><net_src comp="30" pin="0"/><net_sink comp="113" pin=1"/></net>

<net id="125"><net_src comp="6" pin="0"/><net_sink comp="120" pin=0"/></net>

<net id="126"><net_src comp="30" pin="0"/><net_sink comp="120" pin=1"/></net>

<net id="132"><net_src comp="120" pin="3"/><net_sink comp="127" pin=0"/></net>

<net id="138"><net_src comp="113" pin="3"/><net_sink comp="133" pin=0"/></net>

<net id="142"><net_src comp="100" pin="2"/><net_sink comp="139" pin=0"/></net>

<net id="147"><net_src comp="20" pin="0"/><net_sink comp="143" pin=0"/></net>

<net id="152"><net_src comp="139" pin="1"/><net_sink comp="148" pin=0"/></net>

<net id="160"><net_src comp="153" pin="1"/><net_sink comp="156" pin=0"/></net>

<net id="161"><net_src comp="22" pin="0"/><net_sink comp="156" pin=1"/></net>

<net id="166"><net_src comp="153" pin="1"/><net_sink comp="162" pin=0"/></net>

<net id="167"><net_src comp="28" pin="0"/><net_sink comp="162" pin=1"/></net>

<net id="171"><net_src comp="153" pin="1"/><net_sink comp="168" pin=0"/></net>

<net id="175"><net_src comp="153" pin="1"/><net_sink comp="172" pin=0"/></net>

<net id="180"><net_src comp="94" pin="2"/><net_sink comp="176" pin=0"/></net>

<net id="181"><net_src comp="172" pin="1"/><net_sink comp="176" pin=1"/></net>

<net id="185"><net_src comp="176" pin="2"/><net_sink comp="182" pin=0"/></net>

<net id="186"><net_src comp="182" pin="1"/><net_sink comp="113" pin=2"/></net>

<net id="191"><net_src comp="88" pin="2"/><net_sink comp="187" pin=0"/></net>

<net id="192"><net_src comp="168" pin="1"/><net_sink comp="187" pin=1"/></net>

<net id="196"><net_src comp="187" pin="2"/><net_sink comp="193" pin=0"/></net>

<net id="197"><net_src comp="193" pin="1"/><net_sink comp="120" pin=2"/></net>

<net id="202"><net_src comp="162" pin="2"/><net_sink comp="198" pin=0"/></net>

<net id="208"><net_src comp="32" pin="0"/><net_sink comp="203" pin=0"/></net>

<net id="209"><net_src comp="127" pin="3"/><net_sink comp="203" pin=1"/></net>

<net id="210"><net_src comp="34" pin="0"/><net_sink comp="203" pin=2"/></net>

<net id="216"><net_src comp="36" pin="0"/><net_sink comp="211" pin=0"/></net>

<net id="217"><net_src comp="133" pin="3"/><net_sink comp="211" pin=1"/></net>

<net id="218"><net_src comp="34" pin="0"/><net_sink comp="211" pin=2"/></net>

<net id="222"><net_src comp="203" pin="3"/><net_sink comp="219" pin=0"/></net>

<net id="226"><net_src comp="211" pin="3"/><net_sink comp="223" pin=0"/></net>

<net id="232"><net_src comp="38" pin="0"/><net_sink comp="227" pin=0"/></net>

<net id="233"><net_src comp="40" pin="0"/><net_sink comp="227" pin=2"/></net>

<net id="242"><net_src comp="52" pin="0"/><net_sink comp="237" pin=0"/></net>

<net id="243"><net_src comp="234" pin="1"/><net_sink comp="237" pin=1"/></net>

<net id="244"><net_src comp="54" pin="0"/><net_sink comp="237" pin=2"/></net>

<net id="248"><net_src comp="237" pin="3"/><net_sink comp="245" pin=0"/></net>

<net id="259"><net_src comp="245" pin="1"/><net_sink comp="255" pin=0"/></net>

<net id="260"><net_src comp="249" pin="1"/><net_sink comp="255" pin=1"/></net>

<net id="265"><net_src comp="237" pin="3"/><net_sink comp="261" pin=0"/></net>

<net id="266"><net_src comp="252" pin="1"/><net_sink comp="261" pin=1"/></net>

<net id="272"><net_src comp="56" pin="0"/><net_sink comp="267" pin=0"/></net>

<net id="273"><net_src comp="255" pin="2"/><net_sink comp="267" pin=1"/></net>

<net id="274"><net_src comp="58" pin="0"/><net_sink comp="267" pin=2"/></net>

<net id="281"><net_src comp="60" pin="0"/><net_sink comp="275" pin=0"/></net>

<net id="282"><net_src comp="261" pin="2"/><net_sink comp="275" pin=1"/></net>

<net id="283"><net_src comp="62" pin="0"/><net_sink comp="275" pin=2"/></net>

<net id="284"><net_src comp="64" pin="0"/><net_sink comp="275" pin=3"/></net>

<net id="290"><net_src comp="66" pin="0"/><net_sink comp="285" pin=0"/></net>

<net id="291"><net_src comp="261" pin="2"/><net_sink comp="285" pin=1"/></net>

<net id="292"><net_src comp="64" pin="0"/><net_sink comp="285" pin=2"/></net>

<net id="300"><net_src comp="293" pin="1"/><net_sink comp="296" pin=0"/></net>

<net id="301"><net_src comp="275" pin="4"/><net_sink comp="296" pin=1"/></net>

<net id="307"><net_src comp="68" pin="0"/><net_sink comp="302" pin=0"/></net>

<net id="308"><net_src comp="296" pin="2"/><net_sink comp="302" pin=1"/></net>

<net id="309"><net_src comp="70" pin="0"/><net_sink comp="302" pin=2"/></net>

<net id="314"><net_src comp="302" pin="3"/><net_sink comp="310" pin=0"/></net>

<net id="315"><net_src comp="72" pin="0"/><net_sink comp="310" pin=1"/></net>

<net id="320"><net_src comp="285" pin="3"/><net_sink comp="316" pin=0"/></net>

<net id="321"><net_src comp="310" pin="2"/><net_sink comp="316" pin=1"/></net>

<net id="327"><net_src comp="56" pin="0"/><net_sink comp="322" pin=0"/></net>

<net id="328"><net_src comp="255" pin="2"/><net_sink comp="322" pin=1"/></net>

<net id="329"><net_src comp="58" pin="0"/><net_sink comp="322" pin=2"/></net>

<net id="334"><net_src comp="285" pin="3"/><net_sink comp="330" pin=0"/></net>

<net id="335"><net_src comp="72" pin="0"/><net_sink comp="330" pin=1"/></net>

<net id="340"><net_src comp="302" pin="3"/><net_sink comp="336" pin=0"/></net>

<net id="341"><net_src comp="330" pin="2"/><net_sink comp="336" pin=1"/></net>

<net id="346"><net_src comp="322" pin="3"/><net_sink comp="342" pin=0"/></net>

<net id="347"><net_src comp="336" pin="2"/><net_sink comp="342" pin=1"/></net>

<net id="353"><net_src comp="56" pin="0"/><net_sink comp="348" pin=0"/></net>

<net id="354"><net_src comp="255" pin="2"/><net_sink comp="348" pin=1"/></net>

<net id="355"><net_src comp="58" pin="0"/><net_sink comp="348" pin=2"/></net>

<net id="360"><net_src comp="348" pin="3"/><net_sink comp="356" pin=0"/></net>

<net id="361"><net_src comp="72" pin="0"/><net_sink comp="356" pin=1"/></net>

<net id="366"><net_src comp="336" pin="2"/><net_sink comp="362" pin=0"/></net>

<net id="367"><net_src comp="356" pin="2"/><net_sink comp="362" pin=1"/></net>

<net id="372"><net_src comp="322" pin="3"/><net_sink comp="368" pin=0"/></net>

<net id="373"><net_src comp="362" pin="2"/><net_sink comp="368" pin=1"/></net>

<net id="378"><net_src comp="316" pin="2"/><net_sink comp="374" pin=0"/></net>

<net id="379"><net_src comp="322" pin="3"/><net_sink comp="374" pin=1"/></net>

<net id="384"><net_src comp="342" pin="2"/><net_sink comp="380" pin=0"/></net>

<net id="385"><net_src comp="72" pin="0"/><net_sink comp="380" pin=1"/></net>

<net id="390"><net_src comp="302" pin="3"/><net_sink comp="386" pin=0"/></net>

<net id="391"><net_src comp="380" pin="2"/><net_sink comp="386" pin=1"/></net>

<net id="396"><net_src comp="267" pin="3"/><net_sink comp="392" pin=0"/></net>

<net id="397"><net_src comp="72" pin="0"/><net_sink comp="392" pin=1"/></net>

<net id="402"><net_src comp="386" pin="2"/><net_sink comp="398" pin=0"/></net>

<net id="403"><net_src comp="392" pin="2"/><net_sink comp="398" pin=1"/></net>

<net id="408"><net_src comp="368" pin="2"/><net_sink comp="404" pin=0"/></net>

<net id="409"><net_src comp="72" pin="0"/><net_sink comp="404" pin=1"/></net>

<net id="414"><net_src comp="310" pin="2"/><net_sink comp="410" pin=0"/></net>

<net id="415"><net_src comp="404" pin="2"/><net_sink comp="410" pin=1"/></net>

<net id="420"><net_src comp="374" pin="2"/><net_sink comp="416" pin=0"/></net>

<net id="421"><net_src comp="410" pin="2"/><net_sink comp="416" pin=1"/></net>

<net id="426"><net_src comp="416" pin="2"/><net_sink comp="422" pin=0"/></net>

<net id="427"><net_src comp="267" pin="3"/><net_sink comp="422" pin=1"/></net>

<net id="433"><net_src comp="398" pin="2"/><net_sink comp="428" pin=0"/></net>

<net id="434"><net_src comp="74" pin="0"/><net_sink comp="428" pin=1"/></net>

<net id="435"><net_src comp="76" pin="0"/><net_sink comp="428" pin=2"/></net>

<net id="440"><net_src comp="398" pin="2"/><net_sink comp="436" pin=0"/></net>

<net id="441"><net_src comp="422" pin="2"/><net_sink comp="436" pin=1"/></net>

<net id="447"><net_src comp="436" pin="2"/><net_sink comp="442" pin=0"/></net>

<net id="448"><net_src comp="428" pin="3"/><net_sink comp="442" pin=1"/></net>

<net id="449"><net_src comp="296" pin="2"/><net_sink comp="442" pin=2"/></net>

<net id="454"><net_src comp="442" pin="3"/><net_sink comp="450" pin=0"/></net>

<net id="458"><net_src comp="455" pin="1"/><net_sink comp="106" pin=2"/></net>

<net id="463"><net_src comp="223" pin="1"/><net_sink comp="459" pin=0"/></net>

<net id="464"><net_src comp="219" pin="1"/><net_sink comp="459" pin=1"/></net>

<net id="465"><net_src comp="459" pin="2"/><net_sink comp="227" pin=1"/></net>

<net id="469"><net_src comp="80" pin="1"/><net_sink comp="466" pin=0"/></net>

<net id="470"><net_src comp="466" pin="1"/><net_sink comp="148" pin=1"/></net>

<net id="471"><net_src comp="466" pin="1"/><net_sink comp="234" pin=0"/></net>

<net id="472"><net_src comp="466" pin="1"/><net_sink comp="450" pin=1"/></net>

<net id="473"><net_src comp="466" pin="1"/><net_sink comp="455" pin=0"/></net>

<net id="477"><net_src comp="84" pin="1"/><net_sink comp="474" pin=0"/></net>

<net id="478"><net_src comp="474" pin="1"/><net_sink comp="143" pin=1"/></net>

<net id="479"><net_src comp="474" pin="1"/><net_sink comp="153" pin=0"/></net>

<net id="480"><net_src comp="474" pin="1"/><net_sink comp="198" pin=1"/></net>

<net id="484"><net_src comp="156" pin="2"/><net_sink comp="481" pin=0"/></net>

<net id="488"><net_src comp="113" pin="3"/><net_sink comp="485" pin=0"/></net>

<net id="489"><net_src comp="485" pin="1"/><net_sink comp="133" pin=0"/></net>

<net id="493"><net_src comp="120" pin="3"/><net_sink comp="490" pin=0"/></net>

<net id="494"><net_src comp="490" pin="1"/><net_sink comp="127" pin=0"/></net>

<net id="498"><net_src comp="219" pin="1"/><net_sink comp="495" pin=0"/></net>

<net id="499"><net_src comp="495" pin="1"/><net_sink comp="459" pin=1"/></net>

<net id="503"><net_src comp="223" pin="1"/><net_sink comp="500" pin=0"/></net>

<net id="504"><net_src comp="500" pin="1"/><net_sink comp="459" pin=0"/></net>

<net id="508"><net_src comp="459" pin="2"/><net_sink comp="505" pin=0"/></net>

<net id="509"><net_src comp="505" pin="1"/><net_sink comp="249" pin=0"/></net>

<net id="510"><net_src comp="505" pin="1"/><net_sink comp="252" pin=0"/></net>

<net id="514"><net_src comp="227" pin="3"/><net_sink comp="511" pin=0"/></net>

<net id="515"><net_src comp="511" pin="1"/><net_sink comp="293" pin=0"/></net>

</net_list>

</model> 
---------------- Datapath Model END ------------------

* FSMD analyzer results:
  - Output states:
	Port: sum_V_62_out | {5 }
 - Input state : 
	Port: unsw_linear_transformer_Pipeline_VITIS_LOOP_224_26 : sext_ln223 | {1 }
	Port: unsw_linear_transformer_Pipeline_VITIS_LOOP_224_26 : zext_ln837_12 | {1 }
	Port: unsw_linear_transformer_Pipeline_VITIS_LOOP_224_26 : zext_ln837_11 | {1 }
	Port: unsw_linear_transformer_Pipeline_VITIS_LOOP_224_26 : attention_V | {1 2 }
	Port: unsw_linear_transformer_Pipeline_VITIS_LOOP_224_26 : LAYERS_0_ATTENTION_OUTPUT_WEIGHT_V | {1 2 }
  - Chain level:
	State 1
		store_ln0 : 1
		store_ln0 : 1
		input_feature_3 : 1
		icmp_ln224 : 2
		add_ln224 : 2
		br_ln224 : 3
		zext_ln837 : 2
		zext_ln837_8 : 2
		add_ln837 : 3
		zext_ln837_9 : 4
		LAYERS_0_ATTENTION_OUTPUT_WEIGHT_V_addr : 5
		add_ln837_3 : 3
		zext_ln837_10 : 4
		attention_V_addr : 5
		attention_V_load : 6
		LAYERS_0_ATTENTION_OUTPUT_WEIGHT_V_load : 6
		store_ln224 : 3
	State 2
		r_V : 1
		shl_ln838_s : 1
		sext_ln1270 : 2
		sext_ln1273 : 2
		r_V_8 : 3
	State 3
	State 4
	State 5
		tmp : 1
		write_ln0 : 1
	State 6
		lhs_3 : 1
		sext_ln1347 : 2
		ret_V : 3
		add_ln1347_6 : 2
		p_Result_s : 4
		sum_V_8 : 3
		p_Result_22 : 3
		sum_V_9 : 4
		p_Result_23 : 5
		xor_ln896 : 6
		carry_8 : 6
		Range2_all_ones : 4
		xor_ln888 : 4
		or_ln888 : 6
		deleted_zeros : 6
		tmp_30 : 4
		xor_ln890 : 5
		or_ln890 : 6
		deleted_ones : 6
		and_ln891 : 6
		xor_ln895 : 6
		or_ln895 : 6
		xor_ln895_8 : 5
		overflow : 6
		xor_ln896_12 : 6
		or_ln896 : 6
		xor_ln896_13 : 6
		underflow : 6
		select_ln346 : 6
		or_ln346 : 6
		sum_V : 6
		store_ln224 : 7


============================================================
+ Verbose Summary: Datapath Resource usage 
============================================================

* Functional unit list:
|----------|-------------------------------|---------|---------|---------|
| Operation|        Functional Unit        |   DSP   |    FF   |   LUT   |
|----------|-------------------------------|---------|---------|---------|
|          |        add_ln224_fu_162       |    0    |    0    |    13   |
|          |        add_ln837_fu_176       |    0    |    0    |    15   |
|    add   |       add_ln837_3_fu_187      |    0    |    0    |    14   |
|          |          ret_V_fu_255         |    0    |    0    |    45   |
|          |      add_ln1347_6_fu_261      |    0    |    0    |    45   |
|          |         sum_V_9_fu_296        |    0    |    0    |    31   |
|----------|-------------------------------|---------|---------|---------|
|  select  |      select_ln346_fu_428      |    0    |    0    |    24   |
|          |          sum_V_fu_442         |    0    |    0    |    24   |
|----------|-------------------------------|---------|---------|---------|
|          |        xor_ln896_fu_310       |    0    |    0    |    2    |
|          |        xor_ln888_fu_330       |    0    |    0    |    2    |
|          |      deleted_zeros_fu_342     |    0    |    0    |    2    |
|    xor   |        xor_ln890_fu_356       |    0    |    0    |    2    |
|          |        xor_ln895_fu_380       |    0    |    0    |    2    |
|          |       xor_ln895_8_fu_392      |    0    |    0    |    2    |
|          |      xor_ln896_12_fu_404      |    0    |    0    |    2    |
|          |      xor_ln896_13_fu_416      |    0    |    0    |    2    |
|----------|-------------------------------|---------|---------|---------|
|          |         carry_8_fu_316        |    0    |    0    |    2    |
|          |      deleted_ones_fu_368      |    0    |    0    |    2    |
|    and   |        and_ln891_fu_374       |    0    |    0    |    2    |
|          |        overflow_fu_398        |    0    |    0    |    2    |
|          |        underflow_fu_422       |    0    |    0    |    2    |
|----------|-------------------------------|---------|---------|---------|
|          |        or_ln888_fu_336        |    0    |    0    |    2    |
|          |        or_ln890_fu_362        |    0    |    0    |    2    |
|    or    |        or_ln895_fu_386        |    0    |    0    |    2    |
|          |        or_ln896_fu_410        |    0    |    0    |    2    |
|          |        or_ln346_fu_436        |    0    |    0    |    2    |
|----------|-------------------------------|---------|---------|---------|
|   icmp   |       icmp_ln224_fu_156       |    0    |    0    |    9    |
|----------|-------------------------------|---------|---------|---------|
|    mul   |           grp_fu_459          |    1    |    0    |    0    |
|----------|-------------------------------|---------|---------|---------|
|          | zext_ln837_11_read_read_fu_88 |    0    |    0    |    0    |
|   read   | zext_ln837_12_read_read_fu_94 |    0    |    0    |    0    |
|          |  sext_ln223_read_read_fu_100  |    0    |    0    |    0    |
|----------|-------------------------------|---------|---------|---------|
|   write  |     write_ln0_write_fu_106    |    0    |    0    |    0    |
|----------|-------------------------------|---------|---------|---------|
|          |     sext_ln223_cast_fu_139    |    0    |    0    |    0    |
|          |       sext_ln1270_fu_219      |    0    |    0    |    0    |
|   sext   |       sext_ln1273_fu_223      |    0    |    0    |    0    |
|          |       sext_ln1347_fu_245      |    0    |    0    |    0    |
|          |      sext_ln1347_8_fu_249     |    0    |    0    |    0    |
|          |      sext_ln1347_9_fu_252     |    0    |    0    |    0    |
|----------|-------------------------------|---------|---------|---------|
|          |       zext_ln837_fu_168       |    0    |    0    |    0    |
|          |      zext_ln837_8_fu_172      |    0    |    0    |    0    |
|   zext   |      zext_ln837_9_fu_182      |    0    |    0    |    0    |
|          |      zext_ln837_10_fu_193     |    0    |    0    |    0    |
|          |       zext_ln377_fu_293       |    0    |    0    |    0    |
|----------|-------------------------------|---------|---------|---------|
|          |           r_V_fu_203          |    0    |    0    |    0    |
|bitconcatenate|       shl_ln838_s_fu_211      |    0    |    0    |    0    |
|          |          lhs_3_fu_237         |    0    |    0    |    0    |
|----------|-------------------------------|---------|---------|---------|
|          |           tmp_fu_227          |    0    |    0    |    0    |
|          |       p_Result_s_fu_267       |    0    |    0    |    0    |
| bitselect|       p_Result_22_fu_285      |    0    |    0    |    0    |
|          |       p_Result_23_fu_302      |    0    |    0    |    0    |
|          |     Range2_all_ones_fu_322    |    0    |    0    |    0    |
|          |         tmp_30_fu_348         |    0    |    0    |    0    |
|----------|-------------------------------|---------|---------|---------|
|partselect|         sum_V_8_fu_275        |    0    |    0    |    0    |
|----------|-------------------------------|---------|---------|---------|
|   Total  |                               |    1    |    0    |   256   |
|----------|-------------------------------|---------|---------|---------|

Memories:
N/A

* Register list:
+-----------------------------------------------+--------+
|                                               |   FF   |
+-----------------------------------------------+--------+
|LAYERS_0_ATTENTION_OUTPUT_WEIGHT_V_addr_reg_485|    8   |
|            attention_V_addr_reg_490           |    7   |
|               icmp_ln224_reg_481              |    1   |
|             input_feature_reg_474             |    5   |
|                  lhs_reg_466                  |   24   |
|                 r_V_8_reg_505                 |   34   |
|              sext_ln1270_reg_495              |   34   |
|              sext_ln1273_reg_500              |   34   |
|                  tmp_reg_511                  |    1   |
+-----------------------------------------------+--------+
|                     Total                     |   148  |
+-----------------------------------------------+--------+

* Multiplexer (MUX) list: 
|-------------------|------|------|------|--------||---------||---------|
|        Comp       |  Pin | Size |  BW  | S x BW ||  Delay  ||   LUT   |
|-------------------|------|------|------|--------||---------||---------|
| grp_access_fu_127 |  p0  |   2  |   7  |   14   ||    9    |
| grp_access_fu_133 |  p0  |   2  |   8  |   16   ||    9    |
|     grp_fu_459    |  p0  |   2  |  14  |   28   ||    9    |
|     grp_fu_459    |  p1  |   2  |  20  |   40   ||    9    |
|-------------------|------|------|------|--------||---------||---------|
|       Total       |      |      |      |   98   ||  6.352  ||    36   |
|-------------------|------|------|------|--------||---------||---------|



* Summary:
+-----------+--------+--------+--------+--------+
|           |   DSP  |  Delay |   FF   |   LUT  |
+-----------+--------+--------+--------+--------+
|  Function |    1   |    -   |    0   |   256  |
|   Memory  |    -   |    -   |    -   |    -   |
|Multiplexer|    -   |    6   |    -   |   36   |
|  Register |    -   |    -   |   148  |    -   |
+-----------+--------+--------+--------+--------+
|   Total   |    1   |    6   |   148  |   292  |
+-----------+--------+--------+--------+--------+
