

================================================================
== Vitis HLS Report for 'unsw_linear_transformer_Pipeline_VITIS_LOOP_199_21'
================================================================
* Date:           Mon Jun 29 22:28:35 2026

* Version:        2022.2 (Build 3670227 on Oct 13 2022)
* Project:        unsw_linear_transformer_fixed16_v3b_hotspot_ii1_prj
* Solution:       solution1 (Vivado IP Flow Target)
* Product family: zynq
* Target device:  xc7z020-clg400-1


================================================================
== Performance Estimates
================================================================
+ Timing: 
    * Summary: 
    +--------+----------+----------+------------+
    |  Clock |  Target  | Estimated| Uncertainty|
    +--------+----------+----------+------------+
    |ap_clk  |  10.00 ns|  6.320 ns|     2.70 ns|
    +--------+----------+----------+------------+

+ Latency: 
    * Summary: 
    +---------+---------+----------+----------+-----+-----+---------+
    |  Latency (cycles) |  Latency (absolute) |  Interval | Pipeline|
    |   min   |   max   |    min   |    max   | min | max |   Type  |
    +---------+---------+----------+----------+-----+-----+---------+
    |       36|       36|  0.360 us|  0.360 us|   36|   36|       no|
    +---------+---------+----------+----------+-----+-----+---------+

    + Detail: 
        * Instance: 
        N/A

        * Loop: 
        +---------------------+---------+---------+----------+-----------+-----------+------+----------+
        |                     |  Latency (cycles) | Iteration|  Initiation Interval  | Trip |          |
        |      Loop Name      |   min   |   max   |  Latency |  achieved |   target  | Count| Pipelined|
        +---------------------+---------+---------+----------+-----------+-----------+------+----------+
        |- VITIS_LOOP_199_21  |       34|       34|         5|          2|          2|    16|       yes|
        +---------------------+---------+---------+----------+-----------+-----------+------+----------+

============================================================
+ Verbose Summary: Synthesis Manager
============================================================
InlineROM: 1
ExposeGlobal: 0
============================================================
+ Verbose Summary: CDFG Model
============================================================
IsTopModel: 0
ResetActiveHigh: 1
IsCombinational: 0
IsDatapathOnly: 0
HasWiredReturn: 1
HasMFsm: 2
HasVarLatency: 1
IsPipeline: 0
IsRtlPipelined: 0
IsInstanceOverlapped: 0
IsDontTouch: 0
HasImplIP: 0
IsGatedGlobalClock: 0

+ Individual pipeline summary: 
  * Pipeline-0: initiation interval (II) = 2, depth = 5


============================================================
+ Verbose Summary: Schedule
============================================================
* Number of FSM states : 5
* Pipeline : 1
  Pipeline-0 : II = 2, D = 5, States = { 1 2 3 4 5 }
* Dataflow Pipeline: 0

* FSM state transitions: 
1 --> 2 
2 --> 3 
3 --> 4 
4 --> 5 
5 --> 

* FSM state operations: 

State 1 <SV = 0> <Delay = 5.12>
ST_1 : Operation 8 [1/1] (0.00ns)   --->   "%lhs = alloca i32 1"   --->   Operation 8 'alloca' 'lhs' <Predicate = true> <Delay = 0.00>
ST_1 : Operation 9 [1/1] (0.00ns)   --->   "%feature_1 = alloca i32 1"   --->   Operation 9 'alloca' 'feature_1' <Predicate = true> <Delay = 0.00>
ST_1 : Operation 10 [1/1] (0.00ns)   --->   "%zext_ln837_9_read = read i7 @_ssdm_op_Read.ap_auto.i7, i7 %zext_ln837_9"   --->   Operation 10 'read' 'zext_ln837_9_read' <Predicate = true> <Delay = 0.00>
ST_1 : Operation 11 [1/1] (1.58ns)   --->   "%store_ln0 = store i5 0, i5 %feature_1"   --->   Operation 11 'store' 'store_ln0' <Predicate = true> <Delay = 1.58>
ST_1 : Operation 12 [1/1] (1.58ns)   --->   "%store_ln0 = store i28 0, i28 %lhs"   --->   Operation 12 'store' 'store_ln0' <Predicate = true> <Delay = 1.58>
ST_1 : Operation 13 [1/1] (0.00ns)   --->   "%br_ln0 = br void %for.body371"   --->   Operation 13 'br' 'br_ln0' <Predicate = true> <Delay = 0.00>
ST_1 : Operation 14 [1/1] (0.00ns)   --->   "%feature = load i5 %feature_1" [src/unsw_linear_transformer.cpp:199]   --->   Operation 14 'load' 'feature' <Predicate = true> <Delay = 0.00>
ST_1 : Operation 15 [1/1] (1.36ns)   --->   "%icmp_ln199 = icmp_eq  i5 %feature, i5 16" [src/unsw_linear_transformer.cpp:199]   --->   Operation 15 'icmp' 'icmp_ln199' <Predicate = true> <Delay = 1.36> <CoreInst = "Cmp">   --->   Core 9 'Cmp' <Latency = 0> <II = 1> <Delay = 1.36> <FuncUnit> <Opcode : 'icmp'> <InPorts = 2> <OutPorts = 1>
ST_1 : Operation 16 [1/1] (0.00ns)   --->   "%empty = speclooptripcount i32 @_ssdm_op_SpecLoopTripCount, i64 16, i64 16, i64 16"   --->   Operation 16 'speclooptripcount' 'empty' <Predicate = true> <Delay = 0.00>
ST_1 : Operation 17 [1/1] (1.78ns)   --->   "%add_ln199 = add i5 %feature, i5 1" [src/unsw_linear_transformer.cpp:199]   --->   Operation 17 'add' 'add_ln199' <Predicate = true> <Delay = 1.78> <CoreInst = "Adder">   --->   Core 1 'Adder' <Latency = 0> <II = 1> <Delay = 1.78> <FuncUnit> <Opcode : 'add' 'sub'> <InPorts = 2> <OutPorts = 1>
ST_1 : Operation 18 [1/1] (0.00ns)   --->   "%br_ln199 = br i1 %icmp_ln199, void %for.body371.split_ifconv, void %for.end384.exitStub" [src/unsw_linear_transformer.cpp:199]   --->   Operation 18 'br' 'br_ln199' <Predicate = true> <Delay = 0.00>
ST_1 : Operation 19 [1/1] (0.00ns)   --->   "%zext_ln199 = zext i5 %feature" [src/unsw_linear_transformer.cpp:199]   --->   Operation 19 'zext' 'zext_ln199' <Predicate = (!icmp_ln199)> <Delay = 0.00>
ST_1 : Operation 20 [1/1] (0.00ns)   --->   "%zext_ln837 = zext i5 %feature"   --->   Operation 20 'zext' 'zext_ln837' <Predicate = (!icmp_ln199)> <Delay = 0.00>
ST_1 : Operation 21 [1/1] (1.87ns)   --->   "%add_ln837 = add i7 %zext_ln837_9_read, i7 %zext_ln837"   --->   Operation 21 'add' 'add_ln837' <Predicate = (!icmp_ln199)> <Delay = 1.87> <CoreInst = "Adder">   --->   Core 1 'Adder' <Latency = 0> <II = 1> <Delay = 1.87> <FuncUnit> <Opcode : 'add' 'sub'> <InPorts = 2> <OutPorts = 1>
ST_1 : Operation 22 [1/1] (0.00ns)   --->   "%zext_ln837_12 = zext i7 %add_ln837"   --->   Operation 22 'zext' 'zext_ln837_12' <Predicate = (!icmp_ln199)> <Delay = 0.00>
ST_1 : Operation 23 [1/1] (0.00ns)   --->   "%query_V_addr = getelementptr i16 %query_V, i64 0, i64 %zext_ln837_12"   --->   Operation 23 'getelementptr' 'query_V_addr' <Predicate = (!icmp_ln199)> <Delay = 0.00>
ST_1 : Operation 24 [2/2] (3.25ns)   --->   "%query_V_load = load i7 %query_V_addr"   --->   Operation 24 'load' 'query_V_load' <Predicate = (!icmp_ln199)> <Delay = 3.25> <CoreInst = "RAM">   --->   Core 82 'RAM' <Latency = 1> <II = 1> <Delay = 3.25> <Storage> <Opcode : 'load' 'store'> <Ports = 2> <Width = 16> <Depth = 128> <RAM>
ST_1 : Operation 25 [1/1] (0.00ns)   --->   "%key_sum_arr_V_addr = getelementptr i16 %key_sum_arr_V, i64 0, i64 %zext_ln199"   --->   Operation 25 'getelementptr' 'key_sum_arr_V_addr' <Predicate = (!icmp_ln199)> <Delay = 0.00>
ST_1 : Operation 26 [2/2] (2.32ns)   --->   "%key_sum_arr_V_load = load i4 %key_sum_arr_V_addr"   --->   Operation 26 'load' 'key_sum_arr_V_load' <Predicate = (!icmp_ln199)> <Delay = 2.32> <CoreInst = "RAM">   --->   Core 82 'RAM' <Latency = 1> <II = 1> <Delay = 2.32> <Storage> <Opcode : 'load' 'store'> <Ports = 2> <Width = 16> <Depth = 16> <RAM>
ST_1 : Operation 27 [1/1] (1.58ns)   --->   "%store_ln199 = store i5 %add_ln199, i5 %feature_1" [src/unsw_linear_transformer.cpp:199]   --->   Operation 27 'store' 'store_ln199' <Predicate = (!icmp_ln199)> <Delay = 1.58>

State 2 <SV = 1> <Delay = 3.25>
ST_2 : Operation 28 [1/2] (3.25ns)   --->   "%query_V_load = load i7 %query_V_addr"   --->   Operation 28 'load' 'query_V_load' <Predicate = (!icmp_ln199)> <Delay = 3.25> <CoreInst = "RAM">   --->   Core 82 'RAM' <Latency = 1> <II = 1> <Delay = 3.25> <Storage> <Opcode : 'load' 'store'> <Ports = 2> <Width = 16> <Depth = 128> <RAM>
ST_2 : Operation 29 [1/2] (2.32ns)   --->   "%key_sum_arr_V_load = load i4 %key_sum_arr_V_addr"   --->   Operation 29 'load' 'key_sum_arr_V_load' <Predicate = (!icmp_ln199)> <Delay = 2.32> <CoreInst = "RAM">   --->   Core 82 'RAM' <Latency = 1> <II = 1> <Delay = 2.32> <Storage> <Opcode : 'load' 'store'> <Ports = 2> <Width = 16> <Depth = 16> <RAM>

State 3 <SV = 2> <Delay = 6.32>
ST_3 : Operation 30 [1/1] (0.00ns)   --->   "%r_V = bitconcatenate i22 @_ssdm_op_BitConcatenate.i22.i16.i6, i16 %query_V_load, i6 0"   --->   Operation 30 'bitconcatenate' 'r_V' <Predicate = true> <Delay = 0.00>
ST_3 : Operation 31 [1/1] (0.00ns)   --->   "%shl_ln838_8 = bitconcatenate i22 @_ssdm_op_BitConcatenate.i22.i16.i6, i16 %key_sum_arr_V_load, i6 0"   --->   Operation 31 'bitconcatenate' 'shl_ln838_8' <Predicate = true> <Delay = 0.00>
ST_3 : Operation 32 [1/1] (0.00ns)   --->   "%sext_ln1270 = sext i22 %r_V"   --->   Operation 32 'sext' 'sext_ln1270' <Predicate = true> <Delay = 0.00>
ST_3 : Operation 33 [1/1] (0.00ns)   --->   "%sext_ln1273 = sext i22 %shl_ln838_8"   --->   Operation 33 'sext' 'sext_ln1273' <Predicate = true> <Delay = 0.00>
ST_3 : Operation 34 [1/1] (6.32ns)   --->   "%r_V_12 = mul i44 %sext_ln1273, i44 %sext_ln1270"   --->   Operation 34 'mul' 'r_V_12' <Predicate = true> <Delay = 6.32> <CoreInst = "Multiplier">   --->   Core 3 'Multiplier' <Latency = 0> <II = 1> <Delay = 6.32> <FuncUnit> <Opcode : 'mul'> <InPorts = 2> <OutPorts = 1>
ST_3 : Operation 35 [1/1] (0.00ns)   --->   "%tmp = bitselect i1 @_ssdm_op_BitSelect.i1.i44.i32, i44 %r_V_12, i32 15"   --->   Operation 35 'bitselect' 'tmp' <Predicate = true> <Delay = 0.00>
ST_3 : Operation 74 [1/1] (0.00ns)   --->   "%lhs_load = load i28 %lhs"   --->   Operation 74 'load' 'lhs_load' <Predicate = (icmp_ln199)> <Delay = 0.00>
ST_3 : Operation 75 [1/1] (0.00ns)   --->   "%write_ln0 = write void @_ssdm_op_Write.ap_auto.i28P0A, i28 %denominator_V_5_out, i28 %lhs_load"   --->   Operation 75 'write' 'write_ln0' <Predicate = (icmp_ln199)> <Delay = 0.00>
ST_3 : Operation 76 [1/1] (0.00ns)   --->   "%ret_ln0 = ret"   --->   Operation 76 'ret' 'ret_ln0' <Predicate = (icmp_ln199)> <Delay = 0.00>

State 4 <SV = 3> <Delay = 5.42>
ST_4 : Operation 36 [1/1] (0.00ns)   --->   "%lhs_load_4 = load i28 %lhs"   --->   Operation 36 'load' 'lhs_load_4' <Predicate = true> <Delay = 0.00>
ST_4 : Operation 37 [1/1] (0.00ns)   --->   "%lhs_4 = bitconcatenate i44 @_ssdm_op_BitConcatenate.i44.i28.i16, i28 %lhs_load_4, i16 0"   --->   Operation 37 'bitconcatenate' 'lhs_4' <Predicate = true> <Delay = 0.00>
ST_4 : Operation 38 [1/1] (0.00ns)   --->   "%sext_ln1347 = sext i44 %lhs_4"   --->   Operation 38 'sext' 'sext_ln1347' <Predicate = true> <Delay = 0.00>
ST_4 : Operation 39 [1/1] (0.00ns)   --->   "%sext_ln1347_10 = sext i44 %r_V_12"   --->   Operation 39 'sext' 'sext_ln1347_10' <Predicate = true> <Delay = 0.00>
ST_4 : Operation 40 [1/1] (2.98ns)   --->   "%ret_V = add i45 %sext_ln1347, i45 %sext_ln1347_10"   --->   Operation 40 'add' 'ret_V' <Predicate = true> <Delay = 2.98> <CoreInst = "Adder">   --->   Core 1 'Adder' <Latency = 0> <II = 1> <Delay = 2.98> <FuncUnit> <Opcode : 'add' 'sub'> <InPorts = 2> <OutPorts = 1>
ST_4 : Operation 41 [1/1] (2.98ns)   --->   "%add_ln1347_7 = add i44 %lhs_4, i44 %r_V_12"   --->   Operation 41 'add' 'add_ln1347_7' <Predicate = true> <Delay = 2.98> <CoreInst = "Adder">   --->   Core 1 'Adder' <Latency = 0> <II = 1> <Delay = 2.98> <FuncUnit> <Opcode : 'add' 'sub'> <InPorts = 2> <OutPorts = 1>
ST_4 : Operation 42 [1/1] (0.00ns)   --->   "%p_Result_s = bitselect i1 @_ssdm_op_BitSelect.i1.i45.i32, i45 %ret_V, i32 44"   --->   Operation 42 'bitselect' 'p_Result_s' <Predicate = true> <Delay = 0.00>
ST_4 : Operation 43 [1/1] (0.00ns)   --->   "%denominator_V_1 = partselect i28 @_ssdm_op_PartSelect.i28.i44.i32.i32, i44 %add_ln1347_7, i32 16, i32 43"   --->   Operation 43 'partselect' 'denominator_V_1' <Predicate = true> <Delay = 0.00>
ST_4 : Operation 44 [1/1] (0.00ns)   --->   "%p_Result_29 = bitselect i1 @_ssdm_op_BitSelect.i1.i44.i32, i44 %add_ln1347_7, i32 43"   --->   Operation 44 'bitselect' 'p_Result_29' <Predicate = true> <Delay = 0.00>
ST_4 : Operation 45 [1/1] (0.00ns)   --->   "%zext_ln377 = zext i1 %tmp"   --->   Operation 45 'zext' 'zext_ln377' <Predicate = true> <Delay = 0.00>
ST_4 : Operation 46 [1/1] (2.43ns)   --->   "%denominator_V_2 = add i28 %zext_ln377, i28 %denominator_V_1"   --->   Operation 46 'add' 'denominator_V_2' <Predicate = true> <Delay = 2.43> <CoreInst = "Adder">   --->   Core 1 'Adder' <Latency = 0> <II = 1> <Delay = 2.43> <FuncUnit> <Opcode : 'add' 'sub'> <InPorts = 2> <OutPorts = 1>
ST_4 : Operation 47 [1/1] (0.00ns)   --->   "%p_Result_30 = bitselect i1 @_ssdm_op_BitSelect.i1.i28.i32, i28 %denominator_V_2, i32 27"   --->   Operation 47 'bitselect' 'p_Result_30' <Predicate = true> <Delay = 0.00>
ST_4 : Operation 48 [1/1] (0.00ns)   --->   "%Range2_all_ones = bitselect i1 @_ssdm_op_BitSelect.i1.i45.i32, i45 %ret_V, i32 44"   --->   Operation 48 'bitselect' 'Range2_all_ones' <Predicate = true> <Delay = 0.00>

State 5 <SV = 4> <Delay = 5.36>
ST_5 : Operation 49 [1/1] (0.00ns)   --->   "%specpipeline_ln200 = specpipeline void @_ssdm_op_SpecPipeline, i32 2, i32 0, i32 0, i32 0, void @empty_9" [src/unsw_linear_transformer.cpp:200]   --->   Operation 49 'specpipeline' 'specpipeline_ln200' <Predicate = true> <Delay = 0.00>
ST_5 : Operation 50 [1/1] (0.00ns)   --->   "%specloopname_ln198 = specloopname void @_ssdm_op_SpecLoopName, void @empty_7" [src/unsw_linear_transformer.cpp:198]   --->   Operation 50 'specloopname' 'specloopname_ln198' <Predicate = true> <Delay = 0.00>
ST_5 : Operation 51 [1/1] (0.97ns)   --->   "%xor_ln896_14 = xor i1 %p_Result_30, i1 1"   --->   Operation 51 'xor' 'xor_ln896_14' <Predicate = true> <Delay = 0.97> <CoreInst = "LogicGate">   --->   Core 74 'LogicGate' <Latency = 0> <II = 1> <Delay = 0.97> <FuncUnit> <Opcode : 'and' 'or' 'xor'> <InPorts = 2> <OutPorts = 1>
ST_5 : Operation 52 [1/1] (0.00ns) (grouped into LUT with out node or_ln346)   --->   "%carry_12 = and i1 %p_Result_29, i1 %xor_ln896_14"   --->   Operation 52 'and' 'carry_12' <Predicate = true> <Delay = 0.00> <CoreInst = "LogicGate">   --->   Core 74 'LogicGate' <Latency = 0> <II = 1> <Delay = 0.97> <FuncUnit> <Opcode : 'and' 'or' 'xor'> <InPorts = 2> <OutPorts = 1>
ST_5 : Operation 53 [1/1] (0.00ns) (grouped into LUT with out node or_ln888)   --->   "%xor_ln888 = xor i1 %p_Result_29, i1 1"   --->   Operation 53 'xor' 'xor_ln888' <Predicate = true> <Delay = 0.00> <CoreInst = "LogicGate">   --->   Core 74 'LogicGate' <Latency = 0> <II = 1> <Delay = 0.97> <FuncUnit> <Opcode : 'and' 'or' 'xor'> <InPorts = 2> <OutPorts = 1>
ST_5 : Operation 54 [1/1] (0.97ns) (out node of the LUT)   --->   "%or_ln888 = or i1 %p_Result_30, i1 %xor_ln888"   --->   Operation 54 'or' 'or_ln888' <Predicate = true> <Delay = 0.97> <CoreInst = "LogicGate">   --->   Core 74 'LogicGate' <Latency = 0> <II = 1> <Delay = 0.97> <FuncUnit> <Opcode : 'and' 'or' 'xor'> <InPorts = 2> <OutPorts = 1>
ST_5 : Operation 55 [1/1] (0.00ns) (grouped into LUT with out node overflow)   --->   "%deleted_zeros = xor i1 %Range2_all_ones, i1 %or_ln888"   --->   Operation 55 'xor' 'deleted_zeros' <Predicate = true> <Delay = 0.00> <CoreInst = "LogicGate">   --->   Core 74 'LogicGate' <Latency = 0> <II = 1> <Delay = 0.97> <FuncUnit> <Opcode : 'and' 'or' 'xor'> <InPorts = 2> <OutPorts = 1>
ST_5 : Operation 56 [1/1] (0.00ns) (grouped into LUT with out node or_ln896)   --->   "%tmp_40 = bitselect i1 @_ssdm_op_BitSelect.i1.i45.i32, i45 %ret_V, i32 44"   --->   Operation 56 'bitselect' 'tmp_40' <Predicate = true> <Delay = 0.00>
ST_5 : Operation 57 [1/1] (0.00ns) (grouped into LUT with out node or_ln896)   --->   "%xor_ln890 = xor i1 %tmp_40, i1 1"   --->   Operation 57 'xor' 'xor_ln890' <Predicate = true> <Delay = 0.00> <CoreInst = "LogicGate">   --->   Core 74 'LogicGate' <Latency = 0> <II = 1> <Delay = 0.97> <FuncUnit> <Opcode : 'and' 'or' 'xor'> <InPorts = 2> <OutPorts = 1>
ST_5 : Operation 58 [1/1] (0.00ns) (grouped into LUT with out node or_ln896)   --->   "%or_ln890 = or i1 %or_ln888, i1 %xor_ln890"   --->   Operation 58 'or' 'or_ln890' <Predicate = true> <Delay = 0.00> <CoreInst = "LogicGate">   --->   Core 74 'LogicGate' <Latency = 0> <II = 1> <Delay = 0.97> <FuncUnit> <Opcode : 'and' 'or' 'xor'> <InPorts = 2> <OutPorts = 1>
ST_5 : Operation 59 [1/1] (0.00ns) (grouped into LUT with out node or_ln896)   --->   "%deleted_ones = and i1 %Range2_all_ones, i1 %or_ln890"   --->   Operation 59 'and' 'deleted_ones' <Predicate = true> <Delay = 0.00> <CoreInst = "LogicGate">   --->   Core 74 'LogicGate' <Latency = 0> <II = 1> <Delay = 0.97> <FuncUnit> <Opcode : 'and' 'or' 'xor'> <InPorts = 2> <OutPorts = 1>
ST_5 : Operation 60 [1/1] (0.00ns) (grouped into LUT with out node or_ln346)   --->   "%and_ln891 = and i1 %carry_12, i1 %Range2_all_ones"   --->   Operation 60 'and' 'and_ln891' <Predicate = true> <Delay = 0.00> <CoreInst = "LogicGate">   --->   Core 74 'LogicGate' <Latency = 0> <II = 1> <Delay = 0.97> <FuncUnit> <Opcode : 'and' 'or' 'xor'> <InPorts = 2> <OutPorts = 1>
ST_5 : Operation 61 [1/1] (0.00ns) (grouped into LUT with out node overflow)   --->   "%xor_ln895 = xor i1 %deleted_zeros, i1 1"   --->   Operation 61 'xor' 'xor_ln895' <Predicate = true> <Delay = 0.00> <CoreInst = "LogicGate">   --->   Core 74 'LogicGate' <Latency = 0> <II = 1> <Delay = 0.97> <FuncUnit> <Opcode : 'and' 'or' 'xor'> <InPorts = 2> <OutPorts = 1>
ST_5 : Operation 62 [1/1] (0.00ns) (grouped into LUT with out node overflow)   --->   "%or_ln895 = or i1 %p_Result_30, i1 %xor_ln895"   --->   Operation 62 'or' 'or_ln895' <Predicate = true> <Delay = 0.00> <CoreInst = "LogicGate">   --->   Core 74 'LogicGate' <Latency = 0> <II = 1> <Delay = 0.97> <FuncUnit> <Opcode : 'and' 'or' 'xor'> <InPorts = 2> <OutPorts = 1>
ST_5 : Operation 63 [1/1] (0.00ns) (grouped into LUT with out node overflow)   --->   "%xor_ln895_12 = xor i1 %p_Result_s, i1 1"   --->   Operation 63 'xor' 'xor_ln895_12' <Predicate = true> <Delay = 0.00> <CoreInst = "LogicGate">   --->   Core 74 'LogicGate' <Latency = 0> <II = 1> <Delay = 0.97> <FuncUnit> <Opcode : 'and' 'or' 'xor'> <InPorts = 2> <OutPorts = 1>
ST_5 : Operation 64 [1/1] (0.97ns) (out node of the LUT)   --->   "%overflow = and i1 %or_ln895, i1 %xor_ln895_12"   --->   Operation 64 'and' 'overflow' <Predicate = true> <Delay = 0.97> <CoreInst = "LogicGate">   --->   Core 74 'LogicGate' <Latency = 0> <II = 1> <Delay = 0.97> <FuncUnit> <Opcode : 'and' 'or' 'xor'> <InPorts = 2> <OutPorts = 1>
ST_5 : Operation 65 [1/1] (0.00ns) (grouped into LUT with out node or_ln896)   --->   "%xor_ln896 = xor i1 %deleted_ones, i1 1"   --->   Operation 65 'xor' 'xor_ln896' <Predicate = true> <Delay = 0.00> <CoreInst = "LogicGate">   --->   Core 74 'LogicGate' <Latency = 0> <II = 1> <Delay = 0.97> <FuncUnit> <Opcode : 'and' 'or' 'xor'> <InPorts = 2> <OutPorts = 1>
ST_5 : Operation 66 [1/1] (0.97ns) (out node of the LUT)   --->   "%or_ln896 = or i1 %xor_ln896_14, i1 %xor_ln896"   --->   Operation 66 'or' 'or_ln896' <Predicate = true> <Delay = 0.97> <CoreInst = "LogicGate">   --->   Core 74 'LogicGate' <Latency = 0> <II = 1> <Delay = 0.97> <FuncUnit> <Opcode : 'and' 'or' 'xor'> <InPorts = 2> <OutPorts = 1>
ST_5 : Operation 67 [1/1] (0.00ns) (grouped into LUT with out node or_ln346)   --->   "%xor_ln896_19 = xor i1 %and_ln891, i1 %or_ln896"   --->   Operation 67 'xor' 'xor_ln896_19' <Predicate = true> <Delay = 0.00> <CoreInst = "LogicGate">   --->   Core 74 'LogicGate' <Latency = 0> <II = 1> <Delay = 0.97> <FuncUnit> <Opcode : 'and' 'or' 'xor'> <InPorts = 2> <OutPorts = 1>
ST_5 : Operation 68 [1/1] (0.00ns) (grouped into LUT with out node or_ln346)   --->   "%underflow = and i1 %xor_ln896_19, i1 %p_Result_s"   --->   Operation 68 'and' 'underflow' <Predicate = true> <Delay = 0.00> <CoreInst = "LogicGate">   --->   Core 74 'LogicGate' <Latency = 0> <II = 1> <Delay = 0.97> <FuncUnit> <Opcode : 'and' 'or' 'xor'> <InPorts = 2> <OutPorts = 1>
ST_5 : Operation 69 [1/1] (0.00ns) (grouped into LUT with out node denominator_V)   --->   "%select_ln346 = select i1 %overflow, i28 134217727, i28 134217728"   --->   Operation 69 'select' 'select_ln346' <Predicate = true> <Delay = 0.00> <CoreInst = "Sel">   --->   Core 73 'Sel' <Latency = 0> <II = 1> <Delay = 0.83> <FuncUnit> <Opcode : 'select'> <InPorts = 3> <OutPorts = 1>
ST_5 : Operation 70 [1/1] (0.97ns) (out node of the LUT)   --->   "%or_ln346 = or i1 %overflow, i1 %underflow"   --->   Operation 70 'or' 'or_ln346' <Predicate = true> <Delay = 0.97> <CoreInst = "LogicGate">   --->   Core 74 'LogicGate' <Latency = 0> <II = 1> <Delay = 0.97> <FuncUnit> <Opcode : 'and' 'or' 'xor'> <InPorts = 2> <OutPorts = 1>
ST_5 : Operation 71 [1/1] (0.83ns) (out node of the LUT)   --->   "%denominator_V = select i1 %or_ln346, i28 %select_ln346, i28 %denominator_V_2"   --->   Operation 71 'select' 'denominator_V' <Predicate = true> <Delay = 0.83> <CoreInst = "Sel">   --->   Core 73 'Sel' <Latency = 0> <II = 1> <Delay = 0.83> <FuncUnit> <Opcode : 'select'> <InPorts = 3> <OutPorts = 1>
ST_5 : Operation 72 [1/1] (1.58ns)   --->   "%store_ln199 = store i28 %denominator_V, i28 %lhs" [src/unsw_linear_transformer.cpp:199]   --->   Operation 72 'store' 'store_ln199' <Predicate = true> <Delay = 1.58>
ST_5 : Operation 73 [1/1] (0.00ns)   --->   "%br_ln199 = br void %for.body371" [src/unsw_linear_transformer.cpp:199]   --->   Operation 73 'br' 'br_ln199' <Predicate = true> <Delay = 0.00>


============================================================
+ Verbose Summary: Timing violations
============================================================
Target clock period: 10ns, clock uncertainty: 2.7ns.

 <State 1>: 5.12ns
The critical path consists of the following:
	'alloca' operation ('feature') [6]  (0 ns)
	'load' operation ('feature', src/unsw_linear_transformer.cpp:199) on local variable 'feature' [12]  (0 ns)
	'add' operation ('add_ln837') [21]  (1.87 ns)
	'getelementptr' operation ('query_V_addr') [23]  (0 ns)
	'load' operation ('query_V_load') on array 'query_V' [26]  (3.25 ns)

 <State 2>: 3.25ns
The critical path consists of the following:
	'load' operation ('query_V_load') on array 'query_V' [26]  (3.25 ns)

 <State 3>: 6.32ns
The critical path consists of the following:
	'mul' operation ('r.V') [33]  (6.32 ns)

 <State 4>: 5.42ns
The critical path consists of the following:
	'load' operation ('lhs_load_4') on local variable 'lhs' [18]  (0 ns)
	'add' operation ('add_ln1347_7') [38]  (2.99 ns)
	'add' operation ('denominator.V') [44]  (2.43 ns)

 <State 5>: 5.36ns
The critical path consists of the following:
	'xor' operation ('xor_ln896_14') [46]  (0.978 ns)
	'or' operation ('or_ln896') [62]  (0.978 ns)
	'xor' operation ('xor_ln896_19') [63]  (0 ns)
	'and' operation ('underflow') [64]  (0 ns)
	'or' operation ('or_ln346') [66]  (0.978 ns)
	'select' operation ('denominator.V') [67]  (0.839 ns)
	'store' operation ('store_ln199', src/unsw_linear_transformer.cpp:199) of variable 'denominator.V' on local variable 'lhs' [69]  (1.59 ns)


============================================================
+ Verbose Summary: Binding
============================================================
N/A
* FSMD analyzer results:
  - Output states:
 - Input state : 
  - Chain level:
	State 1
	State 2
	State 3
	State 4
	State 5


============================================================
+ Verbose Summary: Datapath Resource usage 
============================================================
N/A
