Fri Jul  3 14:48:26 2026: Running xcd server. This server was built by gradle.
Fri Jul  3 14:48:26 2026: Server was asked to start on port: '44961'
Fri Jul  3 14:48:26 2026: Server is using token UUID: '1eee69cb-7bda-4e64-b077-5996c286cf81'
Fri Jul  3 14:48:26 2026: SESSION_MGR: creating session with session uuid: '6d04a3e9-ade5-4ab9-8d63-1f78fcd2ec76' and name 'default'
Fri Jul  3 14:48:26 2026: Attempting to start server on port '44961'
Fri Jul  3 14:48:26 2026: XCD main fifo: created main fifo '/tmp/xcdmain1eee69cb-7bda-4e64-b077-5996c286cf81', fd read = 13
Fri Jul  3 14:48:26 2026: Running Dispatch Server
Fri Jul  3 14:48:26 2026: Version 2.2.0
Fri Jul  3 14:48:35 2026: Dispatch Server: Accepted socket connection from client
Fri Jul  3 14:48:35 2026: Starting Socket connection
Fri Jul  3 14:48:35 2026: EXCHANGE_TOKEN received, server token: 1eee69cb-7bda-4e64-b077-5996c286cf81, passed token: 1eee69cb-7bda-4e64-b077-5996c286cf81
Fri Jul  3 14:48:35 2026: SESSION_MGR: creating session with session uuid: '998ac44c-893e-414f-bd55-6629b0fbcae3' and name 'vitis_hls'
Fri Jul  3 14:48:35 2026: KERNEL_SVC: creating session with uuid: '998ac44c-893e-414f-bd55-6629b0fbcae3' and name 'vitis_hls'
Fri Jul  3 14:48:35 2026: GUIDANCE_SMGR: creating guidance session with uuid: '998ac44c-893e-414f-bd55-6629b0fbcae3' and name 'vitis_hls'
Fri Jul  3 14:49:44 2026: STOP_SERVER received, server token: 1eee69cb-7bda-4e64-b077-5996c286cf81, passed token: 1eee69cb-7bda-4e64-b077-5996c286cf81
Fri Jul  3 14:49:44 2026: Socket received request to stop server.
Fri Jul  3 14:49:44 2026: Dispatch Server: do_await_stop
Fri Jul  3 14:49:44 2026: Dispatch Server: stopping mainFifo_
Fri Jul  3 14:49:44 2026: XCD main fifo: Stopping
Fri Jul  3 14:49:44 2026: XCD main fifo: do_read error code: Operation canceled
Fri Jul  3 14:49:44 2026: XCD main fifo: bytes_transferred: 0
Fri Jul  3 14:49:44 2026: SERVER: destructor for server bound to port 44961
Fri Jul  3 14:49:44 2026: XCD main fifo: Good unlink of /tmp/xcdmain1eee69cb-7bda-4e64-b077-5996c286cf81
Fri Jul  3 14:49:44 2026: Server exiting with status 0.
Fri Jul  3 14:49:44 2026: Closing log file.
