Tue May 19 20:30:02 2026: Running xcd server. This server was built by gradle.
Tue May 19 20:30:02 2026: Server was asked to start on port: '40429'
Tue May 19 20:30:02 2026: Server is using token UUID: '10a2a059-7528-4872-8403-30ea385fa77b'
Tue May 19 20:30:02 2026: SESSION_MGR: creating session with session uuid: '6d04a3e9-ade5-4ab9-8d63-1f78fcd2ec76' and name 'default'
Tue May 19 20:30:02 2026: Attempting to start server on port '40429'
Tue May 19 20:30:02 2026: XCD main fifo: created main fifo '/tmp/xcdmain10a2a059-7528-4872-8403-30ea385fa77b', fd read = 13
Tue May 19 20:30:02 2026: Running Dispatch Server
Tue May 19 20:30:02 2026: Version 2.2.0
Tue May 19 20:30:11 2026: Dispatch Server: Accepted socket connection from client
Tue May 19 20:30:11 2026: Starting Socket connection
Tue May 19 20:30:11 2026: EXCHANGE_TOKEN received, server token: 10a2a059-7528-4872-8403-30ea385fa77b, passed token: 10a2a059-7528-4872-8403-30ea385fa77b
Tue May 19 20:30:11 2026: SESSION_MGR: creating session with session uuid: 'ac31cfa7-9dfd-49bf-b6cf-87c01beebf69' and name 'vitis_hls'
Tue May 19 20:30:11 2026: KERNEL_SVC: creating session with uuid: 'ac31cfa7-9dfd-49bf-b6cf-87c01beebf69' and name 'vitis_hls'
Tue May 19 20:30:11 2026: GUIDANCE_SMGR: creating guidance session with uuid: 'ac31cfa7-9dfd-49bf-b6cf-87c01beebf69' and name 'vitis_hls'
Tue May 19 20:30:36 2026: STOP_SERVER received, server token: 10a2a059-7528-4872-8403-30ea385fa77b, passed token: 10a2a059-7528-4872-8403-30ea385fa77b
Tue May 19 20:30:36 2026: Socket received request to stop server.
Tue May 19 20:30:36 2026: Dispatch Server: do_await_stop
Tue May 19 20:30:36 2026: Dispatch Server: stopping mainFifo_
Tue May 19 20:30:36 2026: XCD main fifo: Stopping
Tue May 19 20:30:36 2026: XCD main fifo: do_read error code: Operation canceled
Tue May 19 20:30:36 2026: XCD main fifo: bytes_transferred: 0
Tue May 19 20:30:36 2026: SERVER: destructor for server bound to port 40429
Tue May 19 20:30:36 2026: XCD main fifo: Good unlink of /tmp/xcdmain10a2a059-7528-4872-8403-30ea385fa77b
Tue May 19 20:30:36 2026: Server exiting with status 0.
Tue May 19 20:30:36 2026: Closing log file.
Tue May 19 20:30:50 2026: Running xcd server. This server was built by gradle.
Tue May 19 20:30:50 2026: Server was asked to start on port: '0'
Tue May 19 20:30:50 2026: Server is using token UUID: '81023585-7354-4e1e-a61b-03f423f860e3'
Tue May 19 20:30:50 2026: SESSION_MGR: creating session with session uuid: '6d04a3e9-ade5-4ab9-8d63-1f78fcd2ec76' and name 'default'
Tue May 19 20:30:50 2026: Attempting to start server on port '0'
Tue May 19 20:30:50 2026: Failed to create acceptor endpoint [::1]:0, exception: open: Operation not permitted
Tue May 19 20:30:50 2026: Failed to create acceptor endpoint 127.0.0.1:0, exception: open: Operation not permitted
Tue May 19 20:30:50 2026: Failed to create any socket acceptors. Will use FIFOs instead.
Tue May 19 20:30:50 2026: XCD main fifo: created main fifo '/tmp/xcdmain81023585-7354-4e1e-a61b-03f423f860e3', fd read = 11
Tue May 19 20:30:50 2026: Running Dispatch Server
Tue May 19 20:30:50 2026: Version 2.2.0
Tue May 19 20:34:30 2026: Running xcd server. This server was built by gradle.
Tue May 19 20:34:30 2026: Server was asked to start on port: '0'
Tue May 19 20:34:30 2026: Server is using token UUID: 'd0819e1e-e3dc-498b-b23f-5f1a3ebf5f57'
Tue May 19 20:34:30 2026: SESSION_MGR: creating session with session uuid: '6d04a3e9-ade5-4ab9-8d63-1f78fcd2ec76' and name 'default'
Tue May 19 20:34:30 2026: Attempting to start server on port '0'
Tue May 19 20:34:30 2026: Failed to create acceptor endpoint [::1]:0, exception: open: Operation not permitted
Tue May 19 20:34:30 2026: Failed to create acceptor endpoint 127.0.0.1:0, exception: open: Operation not permitted
Tue May 19 20:34:30 2026: Failed to create any socket acceptors. Will use FIFOs instead.
Tue May 19 20:34:30 2026: XCD main fifo: created main fifo '/tmp/xcdmaind0819e1e-e3dc-498b-b23f-5f1a3ebf5f57', fd read = 11
Tue May 19 20:34:30 2026: Running Dispatch Server
Tue May 19 20:34:30 2026: Version 2.2.0
Wed May 20 09:26:06 2026: Running xcd server. This server was built by gradle.
Wed May 20 09:26:06 2026: Server was asked to start on port: '41893'
Wed May 20 09:26:06 2026: Server is using token UUID: 'd13c54d7-1c3a-42b2-8ab1-59e7a80c391f'
Wed May 20 09:26:06 2026: SESSION_MGR: creating session with session uuid: '6d04a3e9-ade5-4ab9-8d63-1f78fcd2ec76' and name 'default'
Wed May 20 09:26:06 2026: Attempting to start server on port '41893'
Wed May 20 09:26:06 2026: XCD main fifo: created main fifo '/tmp/xcdmaind13c54d7-1c3a-42b2-8ab1-59e7a80c391f', fd read = 13
Wed May 20 09:26:06 2026: Running Dispatch Server
Wed May 20 09:26:06 2026: Version 2.2.0
Wed May 20 09:26:15 2026: Dispatch Server: Accepted socket connection from client
Wed May 20 09:26:15 2026: Starting Socket connection
Wed May 20 09:26:15 2026: EXCHANGE_TOKEN received, server token: d13c54d7-1c3a-42b2-8ab1-59e7a80c391f, passed token: d13c54d7-1c3a-42b2-8ab1-59e7a80c391f
Wed May 20 09:26:15 2026: SESSION_MGR: creating session with session uuid: '21d372e4-886e-47c3-9e52-6a8b02539452' and name 'vitis_hls'
Wed May 20 09:26:15 2026: KERNEL_SVC: creating session with uuid: '21d372e4-886e-47c3-9e52-6a8b02539452' and name 'vitis_hls'
Wed May 20 09:26:15 2026: GUIDANCE_SMGR: creating guidance session with uuid: '21d372e4-886e-47c3-9e52-6a8b02539452' and name 'vitis_hls'
Wed May 20 09:27:14 2026: STOP_SERVER received, server token: d13c54d7-1c3a-42b2-8ab1-59e7a80c391f, passed token: d13c54d7-1c3a-42b2-8ab1-59e7a80c391f
Wed May 20 09:27:14 2026: Socket received request to stop server.
Wed May 20 09:27:14 2026: Dispatch Server: do_await_stop
Wed May 20 09:27:14 2026: Dispatch Server: stopping mainFifo_
Wed May 20 09:27:14 2026: XCD main fifo: Stopping
Wed May 20 09:27:14 2026: XCD main fifo: do_read error code: Operation canceled
Wed May 20 09:27:14 2026: XCD main fifo: bytes_transferred: 0
Wed May 20 09:27:14 2026: SERVER: destructor for server bound to port 41893
Wed May 20 09:27:14 2026: XCD main fifo: Good unlink of /tmp/xcdmaind13c54d7-1c3a-42b2-8ab1-59e7a80c391f
Wed May 20 09:27:14 2026: Server exiting with status 0.
Wed May 20 09:27:14 2026: Closing log file.
Wed May 20 09:27:27 2026: Running xcd server. This server was built by gradle.
Wed May 20 09:27:27 2026: Server was asked to start on port: '0'
Wed May 20 09:27:27 2026: Server is using token UUID: '6c9aad0d-0fb3-4a97-9158-22fc1c462c32'
Wed May 20 09:27:27 2026: SESSION_MGR: creating session with session uuid: '6d04a3e9-ade5-4ab9-8d63-1f78fcd2ec76' and name 'default'
Wed May 20 09:27:27 2026: Attempting to start server on port '0'
Wed May 20 09:27:27 2026: Failed to create acceptor endpoint [::1]:0, exception: open: Operation not permitted
Wed May 20 09:27:27 2026: Failed to create acceptor endpoint 127.0.0.1:0, exception: open: Operation not permitted
Wed May 20 09:27:27 2026: Failed to create any socket acceptors. Will use FIFOs instead.
Wed May 20 09:27:27 2026: XCD main fifo: created main fifo '/tmp/xcdmain6c9aad0d-0fb3-4a97-9158-22fc1c462c32', fd read = 11
Wed May 20 09:27:27 2026: Running Dispatch Server
Wed May 20 09:27:27 2026: Version 2.2.0
Wed May 20 09:28:02 2026: Running xcd server. This server was built by gradle.
Wed May 20 09:28:02 2026: Server was asked to start on port: '46447'
Wed May 20 09:28:02 2026: Server is using token UUID: 'ef4750af-8670-4151-9f73-307fc1223efc'
Wed May 20 09:28:02 2026: SESSION_MGR: creating session with session uuid: '6d04a3e9-ade5-4ab9-8d63-1f78fcd2ec76' and name 'default'
Wed May 20 09:28:02 2026: Attempting to start server on port '46447'
Wed May 20 09:28:02 2026: XCD main fifo: created main fifo '/tmp/xcdmainef4750af-8670-4151-9f73-307fc1223efc', fd read = 13
Wed May 20 09:28:02 2026: Running Dispatch Server
Wed May 20 09:28:02 2026: Version 2.2.0
Wed May 20 09:28:12 2026: Dispatch Server: Accepted socket connection from client
Wed May 20 09:28:12 2026: Starting Socket connection
Wed May 20 09:28:12 2026: EXCHANGE_TOKEN received, server token: ef4750af-8670-4151-9f73-307fc1223efc, passed token: ef4750af-8670-4151-9f73-307fc1223efc
Wed May 20 09:28:12 2026: SESSION_MGR: creating session with session uuid: 'ed706deb-89bb-4c09-ba3e-2056964fad3c' and name 'vitis_hls'
Wed May 20 09:28:12 2026: KERNEL_SVC: creating session with uuid: 'ed706deb-89bb-4c09-ba3e-2056964fad3c' and name 'vitis_hls'
Wed May 20 09:28:12 2026: GUIDANCE_SMGR: creating guidance session with uuid: 'ed706deb-89bb-4c09-ba3e-2056964fad3c' and name 'vitis_hls'
Wed May 20 09:28:33 2026: STOP_SERVER received, server token: ef4750af-8670-4151-9f73-307fc1223efc, passed token: ef4750af-8670-4151-9f73-307fc1223efc
Wed May 20 09:28:33 2026: Socket received request to stop server.
Wed May 20 09:28:33 2026: Dispatch Server: do_await_stop
Wed May 20 09:28:33 2026: Dispatch Server: stopping mainFifo_
Wed May 20 09:28:33 2026: XCD main fifo: Stopping
Wed May 20 09:28:33 2026: XCD main fifo: do_read error code: Operation canceled
Wed May 20 09:28:33 2026: XCD main fifo: bytes_transferred: 0
Wed May 20 09:28:33 2026: SERVER: destructor for server bound to port 46447
Wed May 20 09:28:33 2026: XCD main fifo: Good unlink of /tmp/xcdmainef4750af-8670-4151-9f73-307fc1223efc
Wed May 20 09:28:33 2026: Server exiting with status 0.
Wed May 20 09:28:33 2026: Closing log file.
Wed May 20 09:31:07 2026: Running xcd server. This server was built by gradle.
Wed May 20 09:31:07 2026: Server was asked to start on port: '0'
Wed May 20 09:31:07 2026: Server is using token UUID: 'ab0d02b5-0e58-4103-a5ef-3651aea05853'
Wed May 20 09:31:07 2026: SESSION_MGR: creating session with session uuid: '6d04a3e9-ade5-4ab9-8d63-1f78fcd2ec76' and name 'default'
Wed May 20 09:31:07 2026: Attempting to start server on port '0'
Wed May 20 09:31:07 2026: Failed to create acceptor endpoint [::1]:0, exception: open: Operation not permitted
Wed May 20 09:31:07 2026: Failed to create acceptor endpoint 127.0.0.1:0, exception: open: Operation not permitted
Wed May 20 09:31:07 2026: Failed to create any socket acceptors. Will use FIFOs instead.
Wed May 20 09:31:07 2026: XCD main fifo: created main fifo '/tmp/xcdmainab0d02b5-0e58-4103-a5ef-3651aea05853', fd read = 11
Wed May 20 09:31:07 2026: Running Dispatch Server
Wed May 20 09:31:07 2026: Version 2.2.0
Wed May 20 09:34:47 2026: Running xcd server. This server was built by gradle.
Wed May 20 09:34:47 2026: Server was asked to start on port: '0'
Wed May 20 09:34:47 2026: Server is using token UUID: 'e670a2f6-3c5b-42b9-a3c8-50b95f927c9f'
Wed May 20 09:34:47 2026: SESSION_MGR: creating session with session uuid: '6d04a3e9-ade5-4ab9-8d63-1f78fcd2ec76' and name 'default'
Wed May 20 09:34:47 2026: Attempting to start server on port '0'
Wed May 20 09:34:47 2026: Failed to create acceptor endpoint [::1]:0, exception: open: Operation not permitted
Wed May 20 09:34:47 2026: Failed to create acceptor endpoint 127.0.0.1:0, exception: open: Operation not permitted
Wed May 20 09:34:47 2026: Failed to create any socket acceptors. Will use FIFOs instead.
Wed May 20 09:34:47 2026: XCD main fifo: created main fifo '/tmp/xcdmaine670a2f6-3c5b-42b9-a3c8-50b95f927c9f', fd read = 11
Wed May 20 09:34:47 2026: Running Dispatch Server
Wed May 20 09:34:47 2026: Version 2.2.0
