

================================================================
== Vitis HLS Report for 'unsw_linear_transformer_Pipeline_VITIS_LOOP_95_3_VITIS_LOOP_96_4'
================================================================
* Date:           Mon Jun 29 21:38:14 2026

* Version:        2022.2 (Build 3670227 on Oct 13 2022)
* Project:        unsw_linear_transformer_fixed16_v1_prj
* Solution:       solution1 (Vivado IP Flow Target)
* Product family: zynq
* Target device:  xc7z020-clg400-1


================================================================
== Performance Estimates
================================================================
+ Timing: 
    * Summary: 
    +--------+----------+----------+------------+
    |  Clock |  Target  | Estimated| Uncertainty|
    +--------+----------+----------+------------+
    |ap_clk  |  10.00 ns|  7.066 ns|     2.70 ns|
    +--------+----------+----------+------------+

+ Latency: 
    * Summary: 
    +---------+---------+----------+----------+-----+-----+---------+
    |  Latency (cycles) |  Latency (absolute) |  Interval | Pipeline|
    |   min   |   max   |    min   |    max   | min | max |   Type  |
    +---------+---------+----------+----------+-----+-----+---------+
    |      295|      295|  2.950 us|  2.950 us|  295|  295|       no|
    +---------+---------+----------+----------+-----+-----+---------+

    + Detail: 
        * Instance: 
        N/A

        * Loop: 
        +-----------------------------------+---------+---------+----------+-----------+-----------+------+----------+
        |                                   |  Latency (cycles) | Iteration|  Initiation Interval  | Trip |          |
        |             Loop Name             |   min   |   max   |  Latency |  achieved |   target  | Count| Pipelined|
        +-----------------------------------+---------+---------+----------+-----------+-----------+------+----------+
        |- VITIS_LOOP_95_3_VITIS_LOOP_96_4  |      293|      293|        40|          2|          1|   128|       yes|
        +-----------------------------------+---------+---------+----------+-----------+-----------+------+----------+



================================================================
== Utilization Estimates
================================================================
* Summary: 
+-----------------+---------+-----+--------+-------+-----+
|       Name      | BRAM_18K| DSP |   FF   |  LUT  | URAM|
+-----------------+---------+-----+--------+-------+-----+
|DSP              |        -|   24|       -|      -|    -|
|Expression       |        -|    -|       0|   5566|    -|
|FIFO             |        -|    -|       -|      -|    -|
|Instance         |        -|    -|       -|      -|    -|
|Memory           |        1|    -|     245|     74|    -|
|Multiplexer      |        -|    -|       -|    263|    -|
|Register         |        -|    -|    5276|   1376|    -|
+-----------------+---------+-----+--------+-------+-----+
|Total            |        1|   24|    5521|   7279|    0|
+-----------------+---------+-----+--------+-------+-----+
|Available        |      280|  220|  106400|  53200|    0|
+-----------------+---------+-----+--------+-------+-----+
|Utilization (%)  |       ~0|   10|       5|     13|    0|
+-----------------+---------+-----+--------+-------+-----+

+ Detail: 
    * Instance: 
    N/A

    * DSP: 
    +----------------------------+------------------------+-----------+
    |          Instance          |         Module         | Expression|
    +----------------------------+------------------------+-----------+
    |mul_mul_13s_20s_33_4_1_U8   |mul_mul_13s_20s_33_4_1  |    i0 * i1|
    |mul_mul_13s_20s_33_4_1_U15  |mul_mul_13s_20s_33_4_1  |    i0 * i1|
    |mul_mul_13s_20s_33_4_1_U16  |mul_mul_13s_20s_33_4_1  |    i0 * i1|
    |mul_mul_13s_20s_33_4_1_U21  |mul_mul_13s_20s_33_4_1  |    i0 * i1|
    |mul_mul_13s_20s_33_4_1_U22  |mul_mul_13s_20s_33_4_1  |    i0 * i1|
    |mul_mul_13s_20s_33_4_1_U23  |mul_mul_13s_20s_33_4_1  |    i0 * i1|
    |mul_mul_13s_20s_33_4_1_U26  |mul_mul_13s_20s_33_4_1  |    i0 * i1|
    |mul_mul_14s_20s_34_4_1_U4   |mul_mul_14s_20s_34_4_1  |    i0 * i1|
    |mul_mul_14s_20s_34_4_1_U5   |mul_mul_14s_20s_34_4_1  |    i0 * i1|
    |mul_mul_14s_20s_34_4_1_U6   |mul_mul_14s_20s_34_4_1  |    i0 * i1|
    |mul_mul_14s_20s_34_4_1_U7   |mul_mul_14s_20s_34_4_1  |    i0 * i1|
    |mul_mul_14s_20s_34_4_1_U9   |mul_mul_14s_20s_34_4_1  |    i0 * i1|
    |mul_mul_14s_20s_34_4_1_U10  |mul_mul_14s_20s_34_4_1  |    i0 * i1|
    |mul_mul_14s_20s_34_4_1_U13  |mul_mul_14s_20s_34_4_1  |    i0 * i1|
    |mul_mul_14s_20s_34_4_1_U14  |mul_mul_14s_20s_34_4_1  |    i0 * i1|
    |mul_mul_14s_20s_34_4_1_U17  |mul_mul_14s_20s_34_4_1  |    i0 * i1|
    |mul_mul_14s_20s_34_4_1_U18  |mul_mul_14s_20s_34_4_1  |    i0 * i1|
    |mul_mul_14s_20s_34_4_1_U20  |mul_mul_14s_20s_34_4_1  |    i0 * i1|
    |mul_mul_14s_20s_34_4_1_U24  |mul_mul_14s_20s_34_4_1  |    i0 * i1|
    |mul_mul_14s_20s_34_4_1_U25  |mul_mul_14s_20s_34_4_1  |    i0 * i1|
    |mul_mul_15s_20s_35_4_1_U11  |mul_mul_15s_20s_35_4_1  |    i0 * i1|
    |mul_mul_15s_20s_35_4_1_U12  |mul_mul_15s_20s_35_4_1  |    i0 * i1|
    |mul_mul_15s_20s_35_4_1_U19  |mul_mul_15s_20s_35_4_1  |    i0 * i1|
    |mul_mul_15s_20s_35_4_1_U27  |mul_mul_15s_20s_35_4_1  |    i0 * i1|
    +----------------------------+------------------------+-----------+

    * Memory: 
    +--------------------------------+----------------------------------------------------------------------------------+---------+----+----+-----+------+-----+------+-------------+
    |             Memory             |                                      Module                                      | BRAM_18K| FF | LUT| URAM| Words| Bits| Banks| W*Bits*Banks|
    +--------------------------------+----------------------------------------------------------------------------------+---------+----+----+-----+------+-----+------+-------------+
    |INPUT_PROJECTION_BIAS_V_U       |unsw_linear_transformer_Pipeline_VITIS_LOOP_95_3_VITIS_LOOP_96_4_INPUT_PROJECbkb  |        0|   8|   2|    0|    16|    8|     1|          128|
    |INPUT_PROJECTION_WEIGHT_V_0_U   |unsw_linear_transformer_Pipeline_VITIS_LOOP_95_3_VITIS_LOOP_96_4_INPUT_PROJECcud  |        0|  10|   3|    0|    16|   10|     1|          160|
    |INPUT_PROJECTION_WEIGHT_V_1_U   |unsw_linear_transformer_Pipeline_VITIS_LOOP_95_3_VITIS_LOOP_96_4_INPUT_PROJECdEe  |        0|  10|   3|    0|    16|   10|     1|          160|
    |INPUT_PROJECTION_WEIGHT_V_2_U   |unsw_linear_transformer_Pipeline_VITIS_LOOP_95_3_VITIS_LOOP_96_4_INPUT_PROJECeOg  |        0|  10|   3|    0|    16|   10|     1|          160|
    |INPUT_PROJECTION_WEIGHT_V_3_U   |unsw_linear_transformer_Pipeline_VITIS_LOOP_95_3_VITIS_LOOP_96_4_INPUT_PROJECfYi  |        0|  10|   3|    0|    16|   10|     1|          160|
    |INPUT_PROJECTION_WEIGHT_V_4_U   |unsw_linear_transformer_Pipeline_VITIS_LOOP_95_3_VITIS_LOOP_96_4_INPUT_PROJECg8j  |        0|   9|   3|    0|    16|    9|     1|          144|
    |INPUT_PROJECTION_WEIGHT_V_5_U   |unsw_linear_transformer_Pipeline_VITIS_LOOP_95_3_VITIS_LOOP_96_4_INPUT_PROJEChbi  |        0|  10|   3|    0|    16|   10|     1|          160|
    |INPUT_PROJECTION_WEIGHT_V_6_U   |unsw_linear_transformer_Pipeline_VITIS_LOOP_95_3_VITIS_LOOP_96_4_INPUT_PROJECibs  |        0|  10|   3|    0|    16|   10|     1|          160|
    |INPUT_PROJECTION_WEIGHT_V_7_U   |unsw_linear_transformer_Pipeline_VITIS_LOOP_95_3_VITIS_LOOP_96_4_INPUT_PROJECjbC  |        0|  11|   3|    0|    16|   11|     1|          176|
    |INPUT_PROJECTION_WEIGHT_V_8_U   |unsw_linear_transformer_Pipeline_VITIS_LOOP_95_3_VITIS_LOOP_96_4_INPUT_PROJECkbM  |        0|  11|   3|    0|    16|   11|     1|          176|
    |INPUT_PROJECTION_WEIGHT_V_9_U   |unsw_linear_transformer_Pipeline_VITIS_LOOP_95_3_VITIS_LOOP_96_4_INPUT_PROJEClbW  |        0|  10|   3|    0|    16|   10|     1|          160|
    |INPUT_PROJECTION_WEIGHT_V_10_U  |unsw_linear_transformer_Pipeline_VITIS_LOOP_95_3_VITIS_LOOP_96_4_INPUT_PROJECmb6  |        0|  10|   3|    0|    16|   10|     1|          160|
    |INPUT_PROJECTION_WEIGHT_V_11_U  |unsw_linear_transformer_Pipeline_VITIS_LOOP_95_3_VITIS_LOOP_96_4_INPUT_PROJECncg  |        0|   9|   3|    0|    16|    9|     1|          144|
    |INPUT_PROJECTION_WEIGHT_V_12_U  |unsw_linear_transformer_Pipeline_VITIS_LOOP_95_3_VITIS_LOOP_96_4_INPUT_PROJECocq  |        0|   9|   3|    0|    16|    9|     1|          144|
    |INPUT_PROJECTION_WEIGHT_V_13_U  |unsw_linear_transformer_Pipeline_VITIS_LOOP_95_3_VITIS_LOOP_96_4_INPUT_PROJECpcA  |        0|  10|   3|    0|    16|   10|     1|          160|
    |INPUT_PROJECTION_WEIGHT_V_14_U  |unsw_linear_transformer_Pipeline_VITIS_LOOP_95_3_VITIS_LOOP_96_4_INPUT_PROJECqcK  |        0|  10|   3|    0|    16|   10|     1|          160|
    |INPUT_PROJECTION_WEIGHT_V_15_U  |unsw_linear_transformer_Pipeline_VITIS_LOOP_95_3_VITIS_LOOP_96_4_INPUT_PROJECrcU  |        0|  11|   3|    0|    16|   11|     1|          176|
    |INPUT_PROJECTION_WEIGHT_V_16_U  |unsw_linear_transformer_Pipeline_VITIS_LOOP_95_3_VITIS_LOOP_96_4_INPUT_PROJECsc4  |        0|  10|   3|    0|    16|   10|     1|          160|
    |INPUT_PROJECTION_WEIGHT_V_17_U  |unsw_linear_transformer_Pipeline_VITIS_LOOP_95_3_VITIS_LOOP_96_4_INPUT_PROJECtde  |        0|   9|   3|    0|    16|    9|     1|          144|
    |INPUT_PROJECTION_WEIGHT_V_18_U  |unsw_linear_transformer_Pipeline_VITIS_LOOP_95_3_VITIS_LOOP_96_4_INPUT_PROJECudo  |        0|   9|   3|    0|    16|    9|     1|          144|
    |INPUT_PROJECTION_WEIGHT_V_19_U  |unsw_linear_transformer_Pipeline_VITIS_LOOP_95_3_VITIS_LOOP_96_4_INPUT_PROJECvdy  |        0|   9|   3|    0|    16|    9|     1|          144|
    |INPUT_PROJECTION_WEIGHT_V_20_U  |unsw_linear_transformer_Pipeline_VITIS_LOOP_95_3_VITIS_LOOP_96_4_INPUT_PROJECwdI  |        0|  10|   3|    0|    16|   10|     1|          160|
    |INPUT_PROJECTION_WEIGHT_V_21_U  |unsw_linear_transformer_Pipeline_VITIS_LOOP_95_3_VITIS_LOOP_96_4_INPUT_PROJECxdS  |        0|  10|   3|    0|    16|   10|     1|          160|
    |INPUT_PROJECTION_WEIGHT_V_22_U  |unsw_linear_transformer_Pipeline_VITIS_LOOP_95_3_VITIS_LOOP_96_4_INPUT_PROJECyd2  |        0|   9|   3|    0|    16|    9|     1|          144|
    |INPUT_PROJECTION_WEIGHT_V_23_U  |unsw_linear_transformer_Pipeline_VITIS_LOOP_95_3_VITIS_LOOP_96_4_INPUT_PROJECzec  |        0|  11|   3|    0|    16|   11|     1|          176|
    |POSITION_EMBEDDING_V_0_U        |unsw_linear_transformer_Pipeline_VITIS_LOOP_95_3_VITIS_LOOP_96_4_POSITION_EMBAem  |        1|   0|   0|    0|   128|   10|     1|         1280|
    +--------------------------------+----------------------------------------------------------------------------------+---------+----+----+-----+------+-----+------+-------------+
    |Total                           |                                                                                  |        1| 245|  74|    0|   528|  255|    26|         5200|
    +--------------------------------+----------------------------------------------------------------------------------+---------+----+----+-----+------+-----+------+-------------+

    * FIFO: 
    N/A

    * Expression: 
    +-----------------------------+----------+----+---+----+------------+------------+
    |        Variable Name        | Operation| DSP| FF| LUT| Bitwidth P0| Bitwidth P1|
    +-----------------------------+----------+----+---+----+------------+------------+
    |add_ln1347_10_fu_4047_p2     |         +|   0|  0|  46|          39|          39|
    |add_ln1347_11_fu_4271_p2     |         +|   0|  0|  46|          39|          39|
    |add_ln1347_12_fu_4456_p2     |         +|   0|  0|  46|          39|          39|
    |add_ln1347_13_fu_4661_p2     |         +|   0|  0|  46|          39|          39|
    |add_ln1347_14_fu_4885_p2     |         +|   0|  0|  46|          39|          39|
    |add_ln1347_15_fu_5070_p2     |         +|   0|  0|  46|          39|          39|
    |add_ln1347_16_fu_5275_p2     |         +|   0|  0|  46|          39|          39|
    |add_ln1347_17_fu_5499_p2     |         +|   0|  0|  46|          39|          39|
    |add_ln1347_18_fu_5684_p2     |         +|   0|  0|  46|          39|          39|
    |add_ln1347_19_fu_5889_p2     |         +|   0|  0|  46|          39|          39|
    |add_ln1347_1_fu_2205_p2      |         +|   0|  0|  46|          39|          39|
    |add_ln1347_20_fu_6113_p2     |         +|   0|  0|  46|          39|          39|
    |add_ln1347_21_fu_6298_p2     |         +|   0|  0|  46|          39|          39|
    |add_ln1347_22_fu_6507_p2     |         +|   0|  0|  46|          39|          39|
    |add_ln1347_23_fu_6731_p2     |         +|   0|  0|  46|          39|          39|
    |add_ln1347_2_fu_2429_p2      |         +|   0|  0|  46|          39|          39|
    |add_ln1347_3_fu_2614_p2      |         +|   0|  0|  46|          39|          39|
    |add_ln1347_4_fu_2819_p2      |         +|   0|  0|  46|          39|          39|
    |add_ln1347_5_fu_3043_p2      |         +|   0|  0|  46|          39|          39|
    |add_ln1347_6_fu_3228_p2      |         +|   0|  0|  46|          39|          39|
    |add_ln1347_7_fu_3433_p2      |         +|   0|  0|  46|          39|          39|
    |add_ln1347_8_fu_3657_p2      |         +|   0|  0|  46|          39|          39|
    |add_ln1347_9_fu_3842_p2      |         +|   0|  0|  46|          39|          39|
    |add_ln1347_fu_1915_p2        |         +|   0|  0|  40|          33|          33|
    |add_ln377_10_fu_4088_p2      |         +|   0|  0|  31|          24|          24|
    |add_ln377_11_fu_4288_p2      |         +|   0|  0|  31|          24|          24|
    |add_ln377_12_fu_4497_p2      |         +|   0|  0|  31|          24|          24|
    |add_ln377_13_fu_4702_p2      |         +|   0|  0|  31|          24|          24|
    |add_ln377_14_fu_4902_p2      |         +|   0|  0|  31|          24|          24|
    |add_ln377_15_fu_5111_p2      |         +|   0|  0|  31|          24|          24|
    |add_ln377_16_fu_5316_p2      |         +|   0|  0|  31|          24|          24|
    |add_ln377_17_fu_5516_p2      |         +|   0|  0|  31|          24|          24|
    |add_ln377_18_fu_5725_p2      |         +|   0|  0|  31|          24|          24|
    |add_ln377_19_fu_5930_p2      |         +|   0|  0|  31|          24|          24|
    |add_ln377_1_fu_2246_p2       |         +|   0|  0|  31|          24|          24|
    |add_ln377_20_fu_6130_p2      |         +|   0|  0|  31|          24|          24|
    |add_ln377_21_fu_6339_p2      |         +|   0|  0|  31|          24|          24|
    |add_ln377_22_fu_6548_p2      |         +|   0|  0|  31|          24|          24|
    |add_ln377_23_fu_6748_p2      |         +|   0|  0|  31|          24|          24|
    |add_ln377_2_fu_2446_p2       |         +|   0|  0|  31|          24|          24|
    |add_ln377_3_fu_2655_p2       |         +|   0|  0|  31|          24|          24|
    |add_ln377_4_fu_2860_p2       |         +|   0|  0|  31|          24|          24|
    |add_ln377_5_fu_3060_p2       |         +|   0|  0|  31|          24|          24|
    |add_ln377_6_fu_3269_p2       |         +|   0|  0|  31|          24|          24|
    |add_ln377_7_fu_3474_p2       |         +|   0|  0|  31|          24|          24|
    |add_ln377_8_fu_3674_p2       |         +|   0|  0|  31|          24|          24|
    |add_ln377_9_fu_3883_p2       |         +|   0|  0|  31|          24|          24|
    |add_ln377_fu_1953_p2         |         +|   0|  0|  27|          20|          20|
    |add_ln810_10_fu_4241_p2      |         +|   0|  0|  45|          38|          38|
    |add_ln810_11_fu_4462_p2      |         +|   0|  0|  45|          38|          38|
    |add_ln810_12_fu_4667_p2      |         +|   0|  0|  45|          38|          38|
    |add_ln810_13_fu_4855_p2      |         +|   0|  0|  45|          38|          38|
    |add_ln810_14_fu_5076_p2      |         +|   0|  0|  45|          38|          38|
    |add_ln810_15_fu_5281_p2      |         +|   0|  0|  45|          38|          38|
    |add_ln810_16_fu_5469_p2      |         +|   0|  0|  45|          38|          38|
    |add_ln810_17_fu_5690_p2      |         +|   0|  0|  45|          38|          38|
    |add_ln810_18_fu_5895_p2      |         +|   0|  0|  45|          38|          38|
    |add_ln810_19_fu_6083_p2      |         +|   0|  0|  45|          38|          38|
    |add_ln810_1_fu_2399_p2       |         +|   0|  0|  45|          38|          38|
    |add_ln810_20_fu_6304_p2      |         +|   0|  0|  45|          38|          38|
    |add_ln810_21_fu_6513_p2      |         +|   0|  0|  45|          38|          38|
    |add_ln810_22_fu_6701_p2      |         +|   0|  0|  45|          38|          38|
    |add_ln810_2_fu_2620_p2       |         +|   0|  0|  45|          38|          38|
    |add_ln810_3_fu_2825_p2       |         +|   0|  0|  45|          38|          38|
    |add_ln810_4_fu_3013_p2       |         +|   0|  0|  45|          38|          38|
    |add_ln810_5_fu_3234_p2       |         +|   0|  0|  45|          38|          38|
    |add_ln810_6_fu_3439_p2       |         +|   0|  0|  45|          38|          38|
    |add_ln810_7_fu_3627_p2       |         +|   0|  0|  45|          38|          38|
    |add_ln810_8_fu_3848_p2       |         +|   0|  0|  45|          38|          38|
    |add_ln810_9_fu_4053_p2       |         +|   0|  0|  45|          38|          38|
    |add_ln810_fu_2211_p2         |         +|   0|  0|  45|          38|          38|
    |add_ln837_fu_1391_p2         |         +|   0|  0|  14|           7|           7|
    |add_ln95_10_fu_1318_p2       |         +|   0|  0|  15|           8|           5|
    |add_ln95_11_fu_1328_p2       |         +|   0|  0|  15|           8|           5|
    |add_ln95_12_fu_1338_p2       |         +|   0|  0|  15|           8|           5|
    |add_ln95_13_fu_1348_p2       |         +|   0|  0|  15|           8|           5|
    |add_ln95_14_fu_1358_p2       |         +|   0|  0|  15|           8|           5|
    |add_ln95_15_fu_1368_p2       |         +|   0|  0|  15|           8|           5|
    |add_ln95_16_fu_1378_p2       |         +|   0|  0|  15|           8|           5|
    |add_ln95_17_fu_891_p2        |         +|   0|  0|  15|           8|           1|
    |add_ln95_1_fu_1062_p2        |         +|   0|  0|  15|           8|           4|
    |add_ln95_2_fu_1072_p2        |         +|   0|  0|  15|           8|           4|
    |add_ln95_3_fu_1082_p2        |         +|   0|  0|  15|           8|           4|
    |add_ln95_4_fu_1092_p2        |         +|   0|  0|  15|           8|           4|
    |add_ln95_5_fu_1268_p2        |         +|   0|  0|  15|           8|           4|
    |add_ln95_6_fu_1278_p2        |         +|   0|  0|  15|           8|           4|
    |add_ln95_7_fu_1288_p2        |         +|   0|  0|  15|           8|           4|
    |add_ln95_8_fu_1298_p2        |         +|   0|  0|  15|           8|           4|
    |add_ln95_9_fu_1308_p2        |         +|   0|  0|  15|           8|           5|
    |add_ln95_fu_900_p2           |         +|   0|  0|  13|           4|           1|
    |add_ln96_fu_1102_p2          |         +|   0|  0|  13|           5|           1|
    |p_Val2_4_fu_7016_p2          |         +|   0|  0|  23|          16|          16|
    |ret_V_fu_6917_p2             |         +|   0|  0|  32|          25|          25|
    |sum_V_3_fu_6931_p2           |         +|   0|  0|  31|          24|          24|
    |sub_ln837_1_fu_944_p2        |         -|   0|  0|  15|           8|           8|
    |sub_ln837_fu_879_p2          |         -|   0|  0|  15|           8|           8|
    |and_ln378_10_fu_4115_p2      |       and|   0|  0|   2|           1|           1|
    |and_ln378_11_fu_4307_p2      |       and|   0|  0|   2|           1|           1|
    |and_ln378_12_fu_4605_p2      |       and|   0|  0|   2|           1|           1|
    |and_ln378_13_fu_4729_p2      |       and|   0|  0|   2|           1|           1|
    |and_ln378_14_fu_4921_p2      |       and|   0|  0|   2|           1|           1|
    |and_ln378_15_fu_5219_p2      |       and|   0|  0|   2|           1|           1|
    |and_ln378_16_fu_5343_p2      |       and|   0|  0|   2|           1|           1|
    |and_ln378_17_fu_5535_p2      |       and|   0|  0|   2|           1|           1|
    |and_ln378_18_fu_5833_p2      |       and|   0|  0|   2|           1|           1|
    |and_ln378_19_fu_5957_p2      |       and|   0|  0|   2|           1|           1|
    |and_ln378_1_fu_2273_p2       |       and|   0|  0|   2|           1|           1|
    |and_ln378_20_fu_6149_p2      |       and|   0|  0|   2|           1|           1|
    |and_ln378_21_fu_6451_p2      |       and|   0|  0|   2|           1|           1|
    |and_ln378_22_fu_6575_p2      |       and|   0|  0|   2|           1|           1|
    |and_ln378_23_fu_6767_p2      |       and|   0|  0|   2|           1|           1|
    |and_ln378_2_fu_2465_p2       |       and|   0|  0|   2|           1|           1|
    |and_ln378_3_fu_2763_p2       |       and|   0|  0|   2|           1|           1|
    |and_ln378_4_fu_2887_p2       |       and|   0|  0|   2|           1|           1|
    |and_ln378_5_fu_3079_p2       |       and|   0|  0|   2|           1|           1|
    |and_ln378_6_fu_3377_p2       |       and|   0|  0|   2|           1|           1|
    |and_ln378_7_fu_3501_p2       |       and|   0|  0|   2|           1|           1|
    |and_ln378_8_fu_3693_p2       |       and|   0|  0|   2|           1|           1|
    |and_ln378_9_fu_3991_p2       |       and|   0|  0|   2|           1|           1|
    |and_ln378_fu_2148_p2         |       and|   0|  0|   2|           1|           1|
    |and_ln890_10_fu_3949_p2      |       and|   0|  0|   2|           1|           1|
    |and_ln890_11_fu_4154_p2      |       and|   0|  0|   2|           1|           1|
    |and_ln890_12_fu_4357_p2      |       and|   0|  0|   2|           1|           1|
    |and_ln890_13_fu_4563_p2      |       and|   0|  0|   2|           1|           1|
    |and_ln890_14_fu_4768_p2      |       and|   0|  0|   2|           1|           1|
    |and_ln890_15_fu_4971_p2      |       and|   0|  0|   2|           1|           1|
    |and_ln890_16_fu_5177_p2      |       and|   0|  0|   2|           1|           1|
    |and_ln890_17_fu_5382_p2      |       and|   0|  0|   2|           1|           1|
    |and_ln890_18_fu_5585_p2      |       and|   0|  0|   2|           1|           1|
    |and_ln890_19_fu_5791_p2      |       and|   0|  0|   2|           1|           1|
    |and_ln890_1_fu_2019_p2       |       and|   0|  0|   2|           1|           1|
    |and_ln890_20_fu_5996_p2      |       and|   0|  0|   2|           1|           1|
    |and_ln890_21_fu_6199_p2      |       and|   0|  0|   2|           1|           1|
    |and_ln890_22_fu_6405_p2      |       and|   0|  0|   2|           1|           1|
    |and_ln890_23_fu_6614_p2      |       and|   0|  0|   2|           1|           1|
    |and_ln890_24_fu_6817_p2      |       and|   0|  0|   2|           1|           1|
    |and_ln890_2_fu_2312_p2       |       and|   0|  0|   2|           1|           1|
    |and_ln890_3_fu_2515_p2       |       and|   0|  0|   2|           1|           1|
    |and_ln890_4_fu_2721_p2       |       and|   0|  0|   2|           1|           1|
    |and_ln890_5_fu_2926_p2       |       and|   0|  0|   2|           1|           1|
    |and_ln890_6_fu_3129_p2       |       and|   0|  0|   2|           1|           1|
    |and_ln890_7_fu_3335_p2       |       and|   0|  0|   2|           1|           1|
    |and_ln890_8_fu_3540_p2       |       and|   0|  0|   2|           1|           1|
    |and_ln890_9_fu_3743_p2       |       and|   0|  0|   2|           1|           1|
    |and_ln890_fu_7097_p2         |       and|   0|  0|   2|           1|           1|
    |and_ln891_10_fu_3995_p2      |       and|   0|  0|   2|           1|           1|
    |and_ln891_11_fu_4159_p2      |       and|   0|  0|   2|           1|           1|
    |and_ln891_12_fu_4363_p2      |       and|   0|  0|   2|           1|           1|
    |and_ln891_13_fu_4609_p2      |       and|   0|  0|   2|           1|           1|
    |and_ln891_14_fu_4773_p2      |       and|   0|  0|   2|           1|           1|
    |and_ln891_15_fu_4977_p2      |       and|   0|  0|   2|           1|           1|
    |and_ln891_16_fu_5223_p2      |       and|   0|  0|   2|           1|           1|
    |and_ln891_17_fu_5387_p2      |       and|   0|  0|   2|           1|           1|
    |and_ln891_18_fu_5591_p2      |       and|   0|  0|   2|           1|           1|
    |and_ln891_19_fu_5837_p2      |       and|   0|  0|   2|           1|           1|
    |and_ln891_1_fu_2152_p2       |       and|   0|  0|   2|           1|           1|
    |and_ln891_20_fu_6001_p2      |       and|   0|  0|   2|           1|           1|
    |and_ln891_21_fu_6205_p2      |       and|   0|  0|   2|           1|           1|
    |and_ln891_22_fu_6455_p2      |       and|   0|  0|   2|           1|           1|
    |and_ln891_23_fu_6619_p2      |       and|   0|  0|   2|           1|           1|
    |and_ln891_24_fu_6823_p2      |       and|   0|  0|   2|           1|           1|
    |and_ln891_2_fu_2317_p2       |       and|   0|  0|   2|           1|           1|
    |and_ln891_3_fu_2521_p2       |       and|   0|  0|   2|           1|           1|
    |and_ln891_4_fu_2767_p2       |       and|   0|  0|   2|           1|           1|
    |and_ln891_5_fu_2931_p2       |       and|   0|  0|   2|           1|           1|
    |and_ln891_6_fu_3135_p2       |       and|   0|  0|   2|           1|           1|
    |and_ln891_7_fu_3381_p2       |       and|   0|  0|   2|           1|           1|
    |and_ln891_8_fu_3545_p2       |       and|   0|  0|   2|           1|           1|
    |and_ln891_9_fu_3749_p2       |       and|   0|  0|   2|           1|           1|
    |and_ln891_fu_7109_p2         |       and|   0|  0|   2|           1|           1|
    |and_ln895_10_fu_4180_p2      |       and|   0|  0|   2|           1|           1|
    |and_ln895_11_fu_4387_p2      |       and|   0|  0|   2|           1|           1|
    |and_ln895_12_fu_4587_p2      |       and|   0|  0|   2|           1|           1|
    |and_ln895_13_fu_4794_p2      |       and|   0|  0|   2|           1|           1|
    |and_ln895_14_fu_5001_p2      |       and|   0|  0|   2|           1|           1|
    |and_ln895_15_fu_5201_p2      |       and|   0|  0|   2|           1|           1|
    |and_ln895_16_fu_5408_p2      |       and|   0|  0|   2|           1|           1|
    |and_ln895_17_fu_5615_p2      |       and|   0|  0|   2|           1|           1|
    |and_ln895_18_fu_5815_p2      |       and|   0|  0|   2|           1|           1|
    |and_ln895_19_fu_6022_p2      |       and|   0|  0|   2|           1|           1|
    |and_ln895_1_fu_2338_p2       |       and|   0|  0|   2|           1|           1|
    |and_ln895_20_fu_6229_p2      |       and|   0|  0|   2|           1|           1|
    |and_ln895_21_fu_6429_p2      |       and|   0|  0|   2|           1|           1|
    |and_ln895_22_fu_6640_p2      |       and|   0|  0|   2|           1|           1|
    |and_ln895_23_fu_6847_p2      |       and|   0|  0|   2|           1|           1|
    |and_ln895_2_fu_2545_p2       |       and|   0|  0|   2|           1|           1|
    |and_ln895_3_fu_2745_p2       |       and|   0|  0|   2|           1|           1|
    |and_ln895_4_fu_2952_p2       |       and|   0|  0|   2|           1|           1|
    |and_ln895_5_fu_3159_p2       |       and|   0|  0|   2|           1|           1|
    |and_ln895_6_fu_3359_p2       |       and|   0|  0|   2|           1|           1|
    |and_ln895_7_fu_3566_p2       |       and|   0|  0|   2|           1|           1|
    |and_ln895_8_fu_3773_p2       |       and|   0|  0|   2|           1|           1|
    |and_ln895_9_fu_3973_p2       |       and|   0|  0|   2|           1|           1|
    |and_ln895_fu_2043_p2         |       and|   0|  0|   2|           1|           1|
    |and_ln896_10_fu_4204_p2      |       and|   0|  0|   2|           1|           1|
    |and_ln896_11_fu_4411_p2      |       and|   0|  0|   2|           1|           1|
    |and_ln896_12_fu_4619_p2      |       and|   0|  0|   2|           1|           1|
    |and_ln896_13_fu_4818_p2      |       and|   0|  0|   2|           1|           1|
    |and_ln896_14_fu_5025_p2      |       and|   0|  0|   2|           1|           1|
    |and_ln896_15_fu_5233_p2      |       and|   0|  0|   2|           1|           1|
    |and_ln896_16_fu_5432_p2      |       and|   0|  0|   2|           1|           1|
    |and_ln896_17_fu_5639_p2      |       and|   0|  0|   2|           1|           1|
    |and_ln896_18_fu_5847_p2      |       and|   0|  0|   2|           1|           1|
    |and_ln896_19_fu_6046_p2      |       and|   0|  0|   2|           1|           1|
    |and_ln896_1_fu_2362_p2       |       and|   0|  0|   2|           1|           1|
    |and_ln896_20_fu_6253_p2      |       and|   0|  0|   2|           1|           1|
    |and_ln896_21_fu_6465_p2      |       and|   0|  0|   2|           1|           1|
    |and_ln896_22_fu_6664_p2      |       and|   0|  0|   2|           1|           1|
    |and_ln896_23_fu_6871_p2      |       and|   0|  0|   2|           1|           1|
    |and_ln896_2_fu_2569_p2       |       and|   0|  0|   2|           1|           1|
    |and_ln896_3_fu_2777_p2       |       and|   0|  0|   2|           1|           1|
    |and_ln896_4_fu_2976_p2       |       and|   0|  0|   2|           1|           1|
    |and_ln896_5_fu_3183_p2       |       and|   0|  0|   2|           1|           1|
    |and_ln896_6_fu_3391_p2       |       and|   0|  0|   2|           1|           1|
    |and_ln896_7_fu_3590_p2       |       and|   0|  0|   2|           1|           1|
    |and_ln896_8_fu_3797_p2       |       and|   0|  0|   2|           1|           1|
    |and_ln896_9_fu_4005_p2       |       and|   0|  0|   2|           1|           1|
    |and_ln896_fu_2162_p2         |       and|   0|  0|   2|           1|           1|
    |carry_1_fu_7074_p2           |       and|   0|  0|   2|           1|           1|
    |overflow_1_fu_7130_p2        |       and|   0|  0|   2|           1|           1|
    |overflow_fu_6950_p2          |       and|   0|  0|   2|           1|           1|
    |underflow_fu_7153_p2         |       and|   0|  0|   2|           1|           1|
    |Range1_all_ones_fu_7062_p2   |      icmp|   0|  0|   9|           4|           2|
    |Range1_all_zeros_fu_7068_p2  |      icmp|   0|  0|   9|           4|           1|
    |Range2_all_ones_fu_7046_p2   |      icmp|   0|  0|   8|           3|           2|
    |icmp_ln95_fu_885_p2          |      icmp|   0|  0|  11|           8|           9|
    |icmp_ln96_fu_910_p2          |      icmp|   0|  0|  10|           5|           6|
    |or_ln346_10_fu_4209_p2       |        or|   0|  0|   2|           1|           1|
    |or_ln346_11_fu_4417_p2       |        or|   0|  0|   2|           1|           1|
    |or_ln346_12_fu_4624_p2       |        or|   0|  0|   2|           1|           1|
    |or_ln346_13_fu_4823_p2       |        or|   0|  0|   2|           1|           1|
    |or_ln346_14_fu_5031_p2       |        or|   0|  0|   2|           1|           1|
    |or_ln346_15_fu_5238_p2       |        or|   0|  0|   2|           1|           1|
    |or_ln346_16_fu_5437_p2       |        or|   0|  0|   2|           1|           1|
    |or_ln346_17_fu_5645_p2       |        or|   0|  0|   2|           1|           1|
    |or_ln346_18_fu_5852_p2       |        or|   0|  0|   2|           1|           1|
    |or_ln346_19_fu_6051_p2       |        or|   0|  0|   2|           1|           1|
    |or_ln346_1_fu_2367_p2        |        or|   0|  0|   2|           1|           1|
    |or_ln346_20_fu_6259_p2       |        or|   0|  0|   2|           1|           1|
    |or_ln346_21_fu_6470_p2       |        or|   0|  0|   2|           1|           1|
    |or_ln346_22_fu_6669_p2       |        or|   0|  0|   2|           1|           1|
    |or_ln346_23_fu_6885_p2       |        or|   0|  0|   2|           1|           1|
    |or_ln346_24_fu_7166_p2       |        or|   0|  0|   2|           1|           1|
    |or_ln346_2_fu_2575_p2        |        or|   0|  0|   2|           1|           1|
    |or_ln346_3_fu_2782_p2        |        or|   0|  0|   2|           1|           1|
    |or_ln346_4_fu_2981_p2        |        or|   0|  0|   2|           1|           1|
    |or_ln346_5_fu_3189_p2        |        or|   0|  0|   2|           1|           1|
    |or_ln346_6_fu_3396_p2        |        or|   0|  0|   2|           1|           1|
    |or_ln346_7_fu_3595_p2        |        or|   0|  0|   2|           1|           1|
    |or_ln346_8_fu_3803_p2        |        or|   0|  0|   2|           1|           1|
    |or_ln346_9_fu_4010_p2        |        or|   0|  0|   2|           1|           1|
    |or_ln346_fu_2167_p2          |        or|   0|  0|   2|           1|           1|
    |or_ln888_10_fu_4125_p2       |        or|   0|  0|   2|           1|           1|
    |or_ln888_11_fu_4325_p2       |        or|   0|  0|   2|           1|           1|
    |or_ln888_12_fu_4531_p2       |        or|   0|  0|   2|           1|           1|
    |or_ln888_13_fu_4739_p2       |        or|   0|  0|   2|           1|           1|
    |or_ln888_14_fu_4939_p2       |        or|   0|  0|   2|           1|           1|
    |or_ln888_15_fu_5145_p2       |        or|   0|  0|   2|           1|           1|
    |or_ln888_16_fu_5353_p2       |        or|   0|  0|   2|           1|           1|
    |or_ln888_17_fu_5553_p2       |        or|   0|  0|   2|           1|           1|
    |or_ln888_18_fu_5759_p2       |        or|   0|  0|   2|           1|           1|
    |or_ln888_19_fu_5967_p2       |        or|   0|  0|   2|           1|           1|
    |or_ln888_1_fu_2283_p2        |        or|   0|  0|   2|           1|           1|
    |or_ln888_20_fu_6167_p2       |        or|   0|  0|   2|           1|           1|
    |or_ln888_21_fu_6373_p2       |        or|   0|  0|   2|           1|           1|
    |or_ln888_22_fu_6585_p2       |        or|   0|  0|   2|           1|           1|
    |or_ln888_23_fu_6785_p2       |        or|   0|  0|   2|           1|           1|
    |or_ln888_2_fu_2483_p2        |        or|   0|  0|   2|           1|           1|
    |or_ln888_3_fu_2689_p2        |        or|   0|  0|   2|           1|           1|
    |or_ln888_4_fu_2897_p2        |        or|   0|  0|   2|           1|           1|
    |or_ln888_5_fu_3097_p2        |        or|   0|  0|   2|           1|           1|
    |or_ln888_6_fu_3303_p2        |        or|   0|  0|   2|           1|           1|
    |or_ln888_7_fu_3511_p2        |        or|   0|  0|   2|           1|           1|
    |or_ln888_8_fu_3711_p2        |        or|   0|  0|   2|           1|           1|
    |or_ln888_9_fu_3917_p2        |        or|   0|  0|   2|           1|           1|
    |or_ln888_fu_1987_p2          |        or|   0|  0|   2|           1|           1|
    |or_ln890_10_fu_4148_p2       |        or|   0|  0|   2|           1|           1|
    |or_ln890_11_fu_4351_p2       |        or|   0|  0|   2|           1|           1|
    |or_ln890_12_fu_4557_p2       |        or|   0|  0|   2|           1|           1|
    |or_ln890_13_fu_4762_p2       |        or|   0|  0|   2|           1|           1|
    |or_ln890_14_fu_4965_p2       |        or|   0|  0|   2|           1|           1|
    |or_ln890_15_fu_5171_p2       |        or|   0|  0|   2|           1|           1|
    |or_ln890_16_fu_5376_p2       |        or|   0|  0|   2|           1|           1|
    |or_ln890_17_fu_5579_p2       |        or|   0|  0|   2|           1|           1|
    |or_ln890_18_fu_5785_p2       |        or|   0|  0|   2|           1|           1|
    |or_ln890_19_fu_5990_p2       |        or|   0|  0|   2|           1|           1|
    |or_ln890_1_fu_2306_p2        |        or|   0|  0|   2|           1|           1|
    |or_ln890_20_fu_6193_p2       |        or|   0|  0|   2|           1|           1|
    |or_ln890_21_fu_6399_p2       |        or|   0|  0|   2|           1|           1|
    |or_ln890_22_fu_6608_p2       |        or|   0|  0|   2|           1|           1|
    |or_ln890_23_fu_6811_p2       |        or|   0|  0|   2|           1|           1|
    |or_ln890_2_fu_2509_p2        |        or|   0|  0|   2|           1|           1|
    |or_ln890_3_fu_2715_p2        |        or|   0|  0|   2|           1|           1|
    |or_ln890_4_fu_2920_p2        |        or|   0|  0|   2|           1|           1|
    |or_ln890_5_fu_3123_p2        |        or|   0|  0|   2|           1|           1|
    |or_ln890_6_fu_3329_p2        |        or|   0|  0|   2|           1|           1|
    |or_ln890_7_fu_3534_p2        |        or|   0|  0|   2|           1|           1|
    |or_ln890_8_fu_3737_p2        |        or|   0|  0|   2|           1|           1|
    |or_ln890_9_fu_3943_p2        |        or|   0|  0|   2|           1|           1|
    |or_ln890_fu_2013_p2          |        or|   0|  0|   2|           1|           1|
    |or_ln895_10_fu_3961_p2       |        or|   0|  0|   2|           1|           1|
    |or_ln895_11_fu_4170_p2       |        or|   0|  0|   2|           1|           1|
    |or_ln895_12_fu_4375_p2       |        or|   0|  0|   2|           1|           1|
    |or_ln895_13_fu_4575_p2       |        or|   0|  0|   2|           1|           1|
    |or_ln895_14_fu_4784_p2       |        or|   0|  0|   2|           1|           1|
    |or_ln895_15_fu_4989_p2       |        or|   0|  0|   2|           1|           1|
    |or_ln895_16_fu_5189_p2       |        or|   0|  0|   2|           1|           1|
    |or_ln895_17_fu_5398_p2       |        or|   0|  0|   2|           1|           1|
    |or_ln895_18_fu_5603_p2       |        or|   0|  0|   2|           1|           1|
    |or_ln895_19_fu_5803_p2       |        or|   0|  0|   2|           1|           1|
    |or_ln895_1_fu_2031_p2        |        or|   0|  0|   2|           1|           1|
    |or_ln895_20_fu_6012_p2       |        or|   0|  0|   2|           1|           1|
    |or_ln895_21_fu_6217_p2       |        or|   0|  0|   2|           1|           1|
    |or_ln895_22_fu_6417_p2       |        or|   0|  0|   2|           1|           1|
    |or_ln895_23_fu_6630_p2       |        or|   0|  0|   2|           1|           1|
    |or_ln895_24_fu_6835_p2       |        or|   0|  0|   2|           1|           1|
    |or_ln895_2_fu_2328_p2        |        or|   0|  0|   2|           1|           1|
    |or_ln895_3_fu_2533_p2        |        or|   0|  0|   2|           1|           1|
    |or_ln895_4_fu_2733_p2        |        or|   0|  0|   2|           1|           1|
    |or_ln895_5_fu_2942_p2        |        or|   0|  0|   2|           1|           1|
    |or_ln895_6_fu_3147_p2        |        or|   0|  0|   2|           1|           1|
    |or_ln895_7_fu_3347_p2        |        or|   0|  0|   2|           1|           1|
    |or_ln895_8_fu_3556_p2        |        or|   0|  0|   2|           1|           1|
    |or_ln895_9_fu_3761_p2        |        or|   0|  0|   2|           1|           1|
    |or_ln895_fu_7120_p2          |        or|   0|  0|   2|           1|           1|
    |or_ln896_10_fu_3985_p2       |        or|   0|  0|   2|           1|           1|
    |or_ln896_11_fu_4192_p2       |        or|   0|  0|   2|           1|           1|
    |or_ln896_12_fu_4399_p2       |        or|   0|  0|   2|           1|           1|
    |or_ln896_13_fu_4599_p2       |        or|   0|  0|   2|           1|           1|
    |or_ln896_14_fu_4806_p2       |        or|   0|  0|   2|           1|           1|
    |or_ln896_15_fu_5013_p2       |        or|   0|  0|   2|           1|           1|
    |or_ln896_16_fu_5213_p2       |        or|   0|  0|   2|           1|           1|
    |or_ln896_17_fu_5420_p2       |        or|   0|  0|   2|           1|           1|
    |or_ln896_18_fu_5627_p2       |        or|   0|  0|   2|           1|           1|
    |or_ln896_19_fu_5827_p2       |        or|   0|  0|   2|           1|           1|
    |or_ln896_1_fu_2055_p2        |        or|   0|  0|   2|           1|           1|
    |or_ln896_20_fu_6034_p2       |        or|   0|  0|   2|           1|           1|
    |or_ln896_21_fu_6241_p2       |        or|   0|  0|   2|           1|           1|
    |or_ln896_22_fu_6441_p2       |        or|   0|  0|   2|           1|           1|
    |or_ln896_23_fu_6652_p2       |        or|   0|  0|   2|           1|           1|
    |or_ln896_24_fu_6859_p2       |        or|   0|  0|   2|           1|           1|
    |or_ln896_2_fu_2350_p2        |        or|   0|  0|   2|           1|           1|
    |or_ln896_3_fu_2557_p2        |        or|   0|  0|   2|           1|           1|
    |or_ln896_4_fu_2757_p2        |        or|   0|  0|   2|           1|           1|
    |or_ln896_5_fu_2964_p2        |        or|   0|  0|   2|           1|           1|
    |or_ln896_6_fu_3171_p2        |        or|   0|  0|   2|           1|           1|
    |or_ln896_7_fu_3371_p2        |        or|   0|  0|   2|           1|           1|
    |or_ln896_8_fu_3578_p2        |        or|   0|  0|   2|           1|           1|
    |or_ln896_9_fu_3785_p2        |        or|   0|  0|   2|           1|           1|
    |or_ln896_fu_7142_p2          |        or|   0|  0|   2|           1|           1|
    |or_ln95_1_fu_1002_p2         |        or|   0|  0|   8|           8|           2|
    |or_ln95_2_fu_1012_p2         |        or|   0|  0|   8|           8|           2|
    |or_ln95_3_fu_1022_p2         |        or|   0|  0|   8|           8|           3|
    |or_ln95_4_fu_1032_p2         |        or|   0|  0|   8|           8|           3|
    |or_ln95_5_fu_1042_p2         |        or|   0|  0|   8|           8|           3|
    |or_ln95_6_fu_1052_p2         |        or|   0|  0|   8|           8|           3|
    |or_ln95_fu_992_p2            |        or|   0|  0|   8|           8|           1|
    |deleted_ones_fu_7102_p3      |    select|   0|  0|   2|           1|           1|
    |deleted_zeros_fu_7078_p3     |    select|   0|  0|   2|           1|           1|
    |embedded_V_d0                |    select|   0|  0|  16|           1|          16|
    |lhs_fu_6891_p3               |    select|   0|  0|  24|           1|          24|
    |select_ln346_10_fu_2995_p3   |    select|   0|  0|  24|           1|          24|
    |select_ln346_11_fu_3195_p3   |    select|   0|  0|  25|           1|          23|
    |select_ln346_12_fu_3203_p3   |    select|   0|  0|  24|           1|          24|
    |select_ln346_13_fu_3401_p3   |    select|   0|  0|  25|           1|          23|
    |select_ln346_14_fu_3408_p3   |    select|   0|  0|  24|           1|          24|
    |select_ln346_15_fu_3601_p3   |    select|   0|  0|  25|           1|          23|
    |select_ln346_16_fu_3609_p3   |    select|   0|  0|  24|           1|          24|
    |select_ln346_17_fu_3809_p3   |    select|   0|  0|  25|           1|          23|
    |select_ln346_18_fu_3817_p3   |    select|   0|  0|  24|           1|          24|
    |select_ln346_19_fu_4015_p3   |    select|   0|  0|  25|           1|          23|
    |select_ln346_20_fu_4022_p3   |    select|   0|  0|  24|           1|          24|
    |select_ln346_21_fu_4215_p3   |    select|   0|  0|  25|           1|          23|
    |select_ln346_22_fu_4223_p3   |    select|   0|  0|  24|           1|          24|
    |select_ln346_23_fu_4423_p3   |    select|   0|  0|  25|           1|          23|
    |select_ln346_24_fu_4431_p3   |    select|   0|  0|  24|           1|          24|
    |select_ln346_25_fu_4629_p3   |    select|   0|  0|  25|           1|          23|
    |select_ln346_26_fu_4636_p3   |    select|   0|  0|  24|           1|          24|
    |select_ln346_27_fu_4829_p3   |    select|   0|  0|  25|           1|          23|
    |select_ln346_28_fu_4837_p3   |    select|   0|  0|  24|           1|          24|
    |select_ln346_29_fu_5037_p3   |    select|   0|  0|  25|           1|          23|
    |select_ln346_2_fu_2179_p3    |    select|   0|  0|  24|           1|          24|
    |select_ln346_30_fu_5045_p3   |    select|   0|  0|  24|           1|          24|
    |select_ln346_31_fu_5243_p3   |    select|   0|  0|  25|           1|          23|
    |select_ln346_32_fu_5250_p3   |    select|   0|  0|  24|           1|          24|
    |select_ln346_33_fu_5443_p3   |    select|   0|  0|  25|           1|          23|
    |select_ln346_34_fu_5451_p3   |    select|   0|  0|  24|           1|          24|
    |select_ln346_35_fu_5651_p3   |    select|   0|  0|  25|           1|          23|
    |select_ln346_36_fu_5659_p3   |    select|   0|  0|  24|           1|          24|
    |select_ln346_37_fu_5857_p3   |    select|   0|  0|  25|           1|          23|
    |select_ln346_38_fu_5864_p3   |    select|   0|  0|  24|           1|          24|
    |select_ln346_39_fu_6057_p3   |    select|   0|  0|  25|           1|          23|
    |select_ln346_3_fu_2373_p3    |    select|   0|  0|  25|           1|          23|
    |select_ln346_40_fu_6065_p3   |    select|   0|  0|  24|           1|          24|
    |select_ln346_41_fu_6265_p3   |    select|   0|  0|  25|           1|          23|
    |select_ln346_42_fu_6273_p3   |    select|   0|  0|  24|           1|          24|
    |select_ln346_43_fu_6475_p3   |    select|   0|  0|  25|           1|          23|
    |select_ln346_44_fu_6482_p3   |    select|   0|  0|  24|           1|          24|
    |select_ln346_45_fu_6675_p3   |    select|   0|  0|  25|           1|          23|
    |select_ln346_46_fu_6683_p3   |    select|   0|  0|  24|           1|          24|
    |select_ln346_47_fu_6877_p3   |    select|   0|  0|  25|           1|          23|
    |select_ln346_49_fu_6962_p3   |    select|   0|  0|  25|           1|          23|
    |select_ln346_4_fu_2381_p3    |    select|   0|  0|  24|           1|          24|
    |select_ln346_50_fu_7158_p3   |    select|   0|  0|  17|           1|          15|
    |select_ln346_5_fu_2581_p3    |    select|   0|  0|  25|           1|          23|
    |select_ln346_6_fu_2589_p3    |    select|   0|  0|  24|           1|          24|
    |select_ln346_7_fu_2787_p3    |    select|   0|  0|  25|           1|          23|
    |select_ln346_8_fu_2794_p3    |    select|   0|  0|  24|           1|          24|
    |select_ln346_9_fu_2987_p3    |    select|   0|  0|  25|           1|          23|
    |select_ln346_fu_2172_p3      |    select|   0|  0|  25|           1|          23|
    |select_ln95_1_fu_979_p3      |    select|   0|  0|   4|           1|           4|
    |select_ln95_2_fu_950_p3      |    select|   0|  0|   8|           1|           8|
    |select_ln95_fu_916_p3        |    select|   0|  0|   5|           1|           1|
    |sum_V_4_fu_6970_p3           |    select|   0|  0|  24|           1|          24|
    |ap_enable_pp0                |       xor|   0|  0|   2|           1|           2|
    |xor_ln302_fu_6956_p2         |       xor|   0|  0|   2|           1|           1|
    |xor_ln888_10_fu_3092_p2      |       xor|   0|  0|   2|           1|           2|
    |xor_ln888_11_fu_3103_p2      |       xor|   0|  0|   2|           1|           1|
    |xor_ln888_12_fu_3297_p2      |       xor|   0|  0|   2|           1|           2|
    |xor_ln888_13_fu_3309_p2      |       xor|   0|  0|   2|           1|           1|
    |xor_ln888_14_fu_3506_p2      |       xor|   0|  0|   2|           1|           2|
    |xor_ln888_15_fu_3516_p2      |       xor|   0|  0|   2|           1|           1|
    |xor_ln888_16_fu_3706_p2      |       xor|   0|  0|   2|           1|           2|
    |xor_ln888_17_fu_3717_p2      |       xor|   0|  0|   2|           1|           1|
    |xor_ln888_18_fu_3911_p2      |       xor|   0|  0|   2|           1|           2|
    |xor_ln888_19_fu_3923_p2      |       xor|   0|  0|   2|           1|           1|
    |xor_ln888_1_fu_1993_p2       |       xor|   0|  0|   2|           1|           1|
    |xor_ln888_20_fu_4120_p2      |       xor|   0|  0|   2|           1|           2|
    |xor_ln888_21_fu_4130_p2      |       xor|   0|  0|   2|           1|           1|
    |xor_ln888_22_fu_4320_p2      |       xor|   0|  0|   2|           1|           2|
    |xor_ln888_23_fu_4331_p2      |       xor|   0|  0|   2|           1|           1|
    |xor_ln888_24_fu_4525_p2      |       xor|   0|  0|   2|           1|           2|
    |xor_ln888_25_fu_4537_p2      |       xor|   0|  0|   2|           1|           1|
    |xor_ln888_26_fu_4734_p2      |       xor|   0|  0|   2|           1|           2|
    |xor_ln888_27_fu_4744_p2      |       xor|   0|  0|   2|           1|           1|
    |xor_ln888_28_fu_4934_p2      |       xor|   0|  0|   2|           1|           2|
    |xor_ln888_29_fu_4945_p2      |       xor|   0|  0|   2|           1|           1|
    |xor_ln888_2_fu_2278_p2       |       xor|   0|  0|   2|           1|           2|
    |xor_ln888_30_fu_5139_p2      |       xor|   0|  0|   2|           1|           2|
    |xor_ln888_31_fu_5151_p2      |       xor|   0|  0|   2|           1|           1|
    |xor_ln888_32_fu_5348_p2      |       xor|   0|  0|   2|           1|           2|
    |xor_ln888_33_fu_5358_p2      |       xor|   0|  0|   2|           1|           1|
    |xor_ln888_34_fu_5548_p2      |       xor|   0|  0|   2|           1|           2|
    |xor_ln888_35_fu_5559_p2      |       xor|   0|  0|   2|           1|           1|
    |xor_ln888_36_fu_5753_p2      |       xor|   0|  0|   2|           1|           2|
    |xor_ln888_37_fu_5765_p2      |       xor|   0|  0|   2|           1|           1|
    |xor_ln888_38_fu_5962_p2      |       xor|   0|  0|   2|           1|           2|
    |xor_ln888_39_fu_5972_p2      |       xor|   0|  0|   2|           1|           1|
    |xor_ln888_3_fu_2288_p2       |       xor|   0|  0|   2|           1|           1|
    |xor_ln888_40_fu_6162_p2      |       xor|   0|  0|   2|           1|           2|
    |xor_ln888_41_fu_6173_p2      |       xor|   0|  0|   2|           1|           1|
    |xor_ln888_42_fu_6367_p2      |       xor|   0|  0|   2|           1|           2|
    |xor_ln888_43_fu_6379_p2      |       xor|   0|  0|   2|           1|           1|
    |xor_ln888_44_fu_6580_p2      |       xor|   0|  0|   2|           1|           2|
    |xor_ln888_45_fu_6590_p2      |       xor|   0|  0|   2|           1|           1|
    |xor_ln888_46_fu_6780_p2      |       xor|   0|  0|   2|           1|           2|
    |xor_ln888_47_fu_6791_p2      |       xor|   0|  0|   2|           1|           1|
    |xor_ln888_4_fu_2478_p2       |       xor|   0|  0|   2|           1|           2|
    |xor_ln888_5_fu_2489_p2       |       xor|   0|  0|   2|           1|           1|
    |xor_ln888_6_fu_2683_p2       |       xor|   0|  0|   2|           1|           2|
    |xor_ln888_7_fu_2695_p2       |       xor|   0|  0|   2|           1|           1|
    |xor_ln888_8_fu_2892_p2       |       xor|   0|  0|   2|           1|           2|
    |xor_ln888_9_fu_2902_p2       |       xor|   0|  0|   2|           1|           1|
    |xor_ln888_fu_1981_p2         |       xor|   0|  0|   2|           1|           2|
    |xor_ln890_10_fu_4142_p2      |       xor|   0|  0|   2|           1|           2|
    |xor_ln890_11_fu_4345_p2      |       xor|   0|  0|   2|           1|           2|
    |xor_ln890_12_fu_4551_p2      |       xor|   0|  0|   2|           1|           2|
    |xor_ln890_13_fu_4756_p2      |       xor|   0|  0|   2|           1|           2|
    |xor_ln890_14_fu_4959_p2      |       xor|   0|  0|   2|           1|           2|
    |xor_ln890_15_fu_5165_p2      |       xor|   0|  0|   2|           1|           2|
    |xor_ln890_16_fu_5370_p2      |       xor|   0|  0|   2|           1|           2|
    |xor_ln890_17_fu_5573_p2      |       xor|   0|  0|   2|           1|           2|
    |xor_ln890_18_fu_5779_p2      |       xor|   0|  0|   2|           1|           2|
    |xor_ln890_19_fu_5984_p2      |       xor|   0|  0|   2|           1|           2|
    |xor_ln890_1_fu_2300_p2       |       xor|   0|  0|   2|           1|           2|
    |xor_ln890_20_fu_6187_p2      |       xor|   0|  0|   2|           1|           2|
    |xor_ln890_21_fu_6393_p2      |       xor|   0|  0|   2|           1|           2|
    |xor_ln890_22_fu_6602_p2      |       xor|   0|  0|   2|           1|           2|
    |xor_ln890_23_fu_6805_p2      |       xor|   0|  0|   2|           1|           2|
    |xor_ln890_24_fu_7091_p2      |       xor|   0|  0|   2|           1|           2|
    |xor_ln890_2_fu_2503_p2       |       xor|   0|  0|   2|           1|           2|
    |xor_ln890_3_fu_2709_p2       |       xor|   0|  0|   2|           1|           2|
    |xor_ln890_4_fu_2914_p2       |       xor|   0|  0|   2|           1|           2|
    |xor_ln890_5_fu_3117_p2       |       xor|   0|  0|   2|           1|           2|
    |xor_ln890_6_fu_3323_p2       |       xor|   0|  0|   2|           1|           2|
    |xor_ln890_7_fu_3528_p2       |       xor|   0|  0|   2|           1|           2|
    |xor_ln890_8_fu_3731_p2       |       xor|   0|  0|   2|           1|           2|
    |xor_ln890_9_fu_3937_p2       |       xor|   0|  0|   2|           1|           2|
    |xor_ln890_fu_2007_p2         |       xor|   0|  0|   2|           1|           2|
    |xor_ln895_10_fu_2739_p2      |       xor|   0|  0|   2|           1|           2|
    |xor_ln895_11_fu_2936_p2      |       xor|   0|  0|   2|           1|           2|
    |xor_ln895_12_fu_2947_p2      |       xor|   0|  0|   2|           1|           2|
    |xor_ln895_13_fu_3141_p2      |       xor|   0|  0|   2|           1|           2|
    |xor_ln895_14_fu_3153_p2      |       xor|   0|  0|   2|           1|           2|
    |xor_ln895_15_fu_3341_p2      |       xor|   0|  0|   2|           1|           2|
    |xor_ln895_16_fu_3353_p2      |       xor|   0|  0|   2|           1|           2|
    |xor_ln895_17_fu_3550_p2      |       xor|   0|  0|   2|           1|           2|
    |xor_ln895_18_fu_3561_p2      |       xor|   0|  0|   2|           1|           2|
    |xor_ln895_19_fu_3755_p2      |       xor|   0|  0|   2|           1|           2|
    |xor_ln895_1_fu_7114_p2       |       xor|   0|  0|   2|           1|           2|
    |xor_ln895_20_fu_3767_p2      |       xor|   0|  0|   2|           1|           2|
    |xor_ln895_21_fu_3955_p2      |       xor|   0|  0|   2|           1|           2|
    |xor_ln895_22_fu_3967_p2      |       xor|   0|  0|   2|           1|           2|
    |xor_ln895_23_fu_4164_p2      |       xor|   0|  0|   2|           1|           2|
    |xor_ln895_24_fu_4175_p2      |       xor|   0|  0|   2|           1|           2|
    |xor_ln895_25_fu_4369_p2      |       xor|   0|  0|   2|           1|           2|
    |xor_ln895_26_fu_4381_p2      |       xor|   0|  0|   2|           1|           2|
    |xor_ln895_27_fu_4569_p2      |       xor|   0|  0|   2|           1|           2|
    |xor_ln895_28_fu_4581_p2      |       xor|   0|  0|   2|           1|           2|
    |xor_ln895_29_fu_4778_p2      |       xor|   0|  0|   2|           1|           2|
    |xor_ln895_2_fu_7125_p2       |       xor|   0|  0|   2|           1|           2|
    |xor_ln895_30_fu_4789_p2      |       xor|   0|  0|   2|           1|           2|
    |xor_ln895_31_fu_4983_p2      |       xor|   0|  0|   2|           1|           2|
    |xor_ln895_32_fu_4995_p2      |       xor|   0|  0|   2|           1|           2|
    |xor_ln895_33_fu_5183_p2      |       xor|   0|  0|   2|           1|           2|
    |xor_ln895_34_fu_5195_p2      |       xor|   0|  0|   2|           1|           2|
    |xor_ln895_35_fu_5392_p2      |       xor|   0|  0|   2|           1|           2|
    |xor_ln895_36_fu_5403_p2      |       xor|   0|  0|   2|           1|           2|
    |xor_ln895_37_fu_5597_p2      |       xor|   0|  0|   2|           1|           2|
    |xor_ln895_38_fu_5609_p2      |       xor|   0|  0|   2|           1|           2|
    |xor_ln895_39_fu_5797_p2      |       xor|   0|  0|   2|           1|           2|
    |xor_ln895_3_fu_2025_p2       |       xor|   0|  0|   2|           1|           2|
    |xor_ln895_40_fu_5809_p2      |       xor|   0|  0|   2|           1|           2|
    |xor_ln895_41_fu_6006_p2      |       xor|   0|  0|   2|           1|           2|
    |xor_ln895_42_fu_6017_p2      |       xor|   0|  0|   2|           1|           2|
    |xor_ln895_43_fu_6211_p2      |       xor|   0|  0|   2|           1|           2|
    |xor_ln895_44_fu_6223_p2      |       xor|   0|  0|   2|           1|           2|
    |xor_ln895_45_fu_6411_p2      |       xor|   0|  0|   2|           1|           2|
    |xor_ln895_46_fu_6423_p2      |       xor|   0|  0|   2|           1|           2|
    |xor_ln895_47_fu_6624_p2      |       xor|   0|  0|   2|           1|           2|
    |xor_ln895_48_fu_6635_p2      |       xor|   0|  0|   2|           1|           2|
    |xor_ln895_49_fu_6829_p2      |       xor|   0|  0|   2|           1|           2|
    |xor_ln895_4_fu_2037_p2       |       xor|   0|  0|   2|           1|           2|
    |xor_ln895_50_fu_6841_p2      |       xor|   0|  0|   2|           1|           2|
    |xor_ln895_5_fu_2322_p2       |       xor|   0|  0|   2|           1|           2|
    |xor_ln895_6_fu_2333_p2       |       xor|   0|  0|   2|           1|           2|
    |xor_ln895_7_fu_2527_p2       |       xor|   0|  0|   2|           1|           2|
    |xor_ln895_8_fu_2539_p2       |       xor|   0|  0|   2|           1|           2|
    |xor_ln895_9_fu_2727_p2       |       xor|   0|  0|   2|           1|           2|
    |xor_ln895_fu_6944_p2         |       xor|   0|  0|   2|           1|           2|
    |xor_ln896_10_fu_2563_p2      |       xor|   0|  0|   2|           1|           1|
    |xor_ln896_11_fu_2669_p2      |       xor|   0|  0|   2|           1|           2|
    |xor_ln896_12_fu_2751_p2      |       xor|   0|  0|   2|           2|           1|
    |xor_ln896_13_fu_2772_p2      |       xor|   0|  0|   2|           1|           1|
    |xor_ln896_14_fu_2882_p2      |       xor|   0|  0|   2|           1|           2|
    |xor_ln896_15_fu_2958_p2      |       xor|   0|  0|   2|           2|           1|
    |xor_ln896_16_fu_2970_p2      |       xor|   0|  0|   2|           1|           1|
    |xor_ln896_17_fu_3073_p2      |       xor|   0|  0|   2|           1|           2|
    |xor_ln896_18_fu_3165_p2      |       xor|   0|  0|   2|           2|           1|
    |xor_ln896_19_fu_3177_p2      |       xor|   0|  0|   2|           1|           1|
    |xor_ln896_1_fu_7030_p2       |       xor|   0|  0|   2|           1|           2|
    |xor_ln896_20_fu_3283_p2      |       xor|   0|  0|   2|           1|           2|
    |xor_ln896_21_fu_3365_p2      |       xor|   0|  0|   2|           2|           1|
    |xor_ln896_22_fu_3386_p2      |       xor|   0|  0|   2|           1|           1|
    |xor_ln896_23_fu_3496_p2      |       xor|   0|  0|   2|           1|           2|
    |xor_ln896_24_fu_3572_p2      |       xor|   0|  0|   2|           2|           1|
    |xor_ln896_25_fu_3584_p2      |       xor|   0|  0|   2|           1|           1|
    |xor_ln896_26_fu_3687_p2      |       xor|   0|  0|   2|           1|           2|
    |xor_ln896_27_fu_3779_p2      |       xor|   0|  0|   2|           2|           1|
    |xor_ln896_28_fu_3791_p2      |       xor|   0|  0|   2|           1|           1|
    |xor_ln896_29_fu_3897_p2      |       xor|   0|  0|   2|           1|           2|
    |xor_ln896_2_fu_2049_p2       |       xor|   0|  0|   2|           2|           1|
    |xor_ln896_30_fu_3979_p2      |       xor|   0|  0|   2|           2|           1|
    |xor_ln896_31_fu_4000_p2      |       xor|   0|  0|   2|           1|           1|
    |xor_ln896_32_fu_4110_p2      |       xor|   0|  0|   2|           1|           2|
    |xor_ln896_33_fu_4186_p2      |       xor|   0|  0|   2|           2|           1|
    |xor_ln896_34_fu_4198_p2      |       xor|   0|  0|   2|           1|           1|
    |xor_ln896_35_fu_4301_p2      |       xor|   0|  0|   2|           1|           2|
    |xor_ln896_36_fu_4393_p2      |       xor|   0|  0|   2|           2|           1|
    |xor_ln896_37_fu_4405_p2      |       xor|   0|  0|   2|           1|           1|
    |xor_ln896_38_fu_4511_p2      |       xor|   0|  0|   2|           1|           2|
    |xor_ln896_39_fu_4593_p2      |       xor|   0|  0|   2|           2|           1|
    |xor_ln896_3_fu_7136_p2       |       xor|   0|  0|   2|           1|           2|
    |xor_ln896_40_fu_4614_p2      |       xor|   0|  0|   2|           1|           1|
    |xor_ln896_41_fu_4724_p2      |       xor|   0|  0|   2|           1|           2|
    |xor_ln896_42_fu_4800_p2      |       xor|   0|  0|   2|           2|           1|
    |xor_ln896_43_fu_4812_p2      |       xor|   0|  0|   2|           1|           1|
    |xor_ln896_44_fu_4915_p2      |       xor|   0|  0|   2|           1|           2|
    |xor_ln896_45_fu_5007_p2      |       xor|   0|  0|   2|           2|           1|
    |xor_ln896_46_fu_5019_p2      |       xor|   0|  0|   2|           1|           1|
    |xor_ln896_47_fu_5125_p2      |       xor|   0|  0|   2|           1|           2|
    |xor_ln896_48_fu_5207_p2      |       xor|   0|  0|   2|           2|           1|
    |xor_ln896_49_fu_5228_p2      |       xor|   0|  0|   2|           1|           1|
    |xor_ln896_4_fu_2157_p2       |       xor|   0|  0|   2|           1|           1|
    |xor_ln896_50_fu_5338_p2      |       xor|   0|  0|   2|           1|           2|
    |xor_ln896_51_fu_5414_p2      |       xor|   0|  0|   2|           2|           1|
    |xor_ln896_52_fu_5426_p2      |       xor|   0|  0|   2|           1|           1|
    |xor_ln896_53_fu_5529_p2      |       xor|   0|  0|   2|           1|           2|
    |xor_ln896_54_fu_5621_p2      |       xor|   0|  0|   2|           2|           1|
    |xor_ln896_55_fu_5633_p2      |       xor|   0|  0|   2|           1|           1|
    |xor_ln896_56_fu_5739_p2      |       xor|   0|  0|   2|           1|           2|
    |xor_ln896_57_fu_5821_p2      |       xor|   0|  0|   2|           2|           1|
    |xor_ln896_58_fu_5842_p2      |       xor|   0|  0|   2|           1|           1|
    |xor_ln896_59_fu_5952_p2      |       xor|   0|  0|   2|           1|           2|
    |xor_ln896_5_fu_2268_p2       |       xor|   0|  0|   2|           1|           2|
    |xor_ln896_60_fu_6028_p2      |       xor|   0|  0|   2|           2|           1|
    |xor_ln896_61_fu_6040_p2      |       xor|   0|  0|   2|           1|           1|
    |xor_ln896_62_fu_6143_p2      |       xor|   0|  0|   2|           1|           2|
    |xor_ln896_63_fu_6235_p2      |       xor|   0|  0|   2|           2|           1|
    |xor_ln896_64_fu_6247_p2      |       xor|   0|  0|   2|           1|           1|
    |xor_ln896_65_fu_6353_p2      |       xor|   0|  0|   2|           1|           2|
    |xor_ln896_66_fu_6435_p2      |       xor|   0|  0|   2|           2|           1|
    |xor_ln896_67_fu_6460_p2      |       xor|   0|  0|   2|           1|           1|
    |xor_ln896_68_fu_6570_p2      |       xor|   0|  0|   2|           1|           2|
    |xor_ln896_69_fu_6646_p2      |       xor|   0|  0|   2|           2|           1|
    |xor_ln896_6_fu_2344_p2       |       xor|   0|  0|   2|           2|           1|
    |xor_ln896_70_fu_6658_p2      |       xor|   0|  0|   2|           1|           1|
    |xor_ln896_71_fu_6761_p2      |       xor|   0|  0|   2|           1|           2|
    |xor_ln896_72_fu_6853_p2      |       xor|   0|  0|   2|           2|           1|
    |xor_ln896_73_fu_6865_p2      |       xor|   0|  0|   2|           1|           1|
    |xor_ln896_74_fu_7147_p2      |       xor|   0|  0|   2|           1|           1|
    |xor_ln896_7_fu_2356_p2       |       xor|   0|  0|   2|           1|           1|
    |xor_ln896_8_fu_2459_p2       |       xor|   0|  0|   2|           1|           2|
    |xor_ln896_9_fu_2551_p2       |       xor|   0|  0|   2|           2|           1|
    |xor_ln896_fu_1967_p2         |       xor|   0|  0|   2|           1|           2|
    +-----------------------------+----------+----+---+----+------------+------------+
    |Total                        |          |   0|  0|5566|        3220|        4374|
    +-----------------------------+----------+----+---+----+------------+------------+

    * Multiplexer: 
    +----------------------------------------+----+-----------+-----+-----------+
    |                  Name                  | LUT| Input Size| Bits| Total Bits|
    +----------------------------------------+----+-----------+-----+-----------+
    |ap_NS_fsm                               |  14|          3|    1|          3|
    |ap_done_int                             |   9|          2|    1|          2|
    |ap_enable_reg_pp0_iter0                 |   9|          2|    1|          2|
    |ap_enable_reg_pp0_iter1                 |   9|          2|    1|          2|
    |ap_sig_allocacmp_indvar_flatten31_load  |   9|          2|    8|         16|
    |ap_sig_allocacmp_output_feature_load    |   9|          2|    5|         10|
    |ap_sig_allocacmp_sequence_1             |   9|          2|    4|          8|
    |indvar_flatten31_fu_238                 |   9|          2|    8|         16|
    |input_fp_V_address0                     |  14|          3|    8|         24|
    |input_fp_V_address1                     |  14|          3|    8|         24|
    |input_fp_V_address10                    |  14|          3|    8|         24|
    |input_fp_V_address11                    |  14|          3|    8|         24|
    |input_fp_V_address2                     |  14|          3|    8|         24|
    |input_fp_V_address3                     |  14|          3|    8|         24|
    |input_fp_V_address4                     |  14|          3|    8|         24|
    |input_fp_V_address5                     |  14|          3|    8|         24|
    |input_fp_V_address6                     |  14|          3|    8|         24|
    |input_fp_V_address7                     |  14|          3|    8|         24|
    |input_fp_V_address8                     |  14|          3|    8|         24|
    |input_fp_V_address9                     |  14|          3|    8|         24|
    |output_feature_fu_230                   |   9|          2|    5|         10|
    |sequence_fu_234                         |   9|          2|    4|          8|
    +----------------------------------------+----+-----------+-----+-----------+
    |Total                                   | 263|         57|  134|        365|
    +----------------------------------------+----+-----------+-----+-----------+

    * Register: 
    +--------------------------------------------+----+----+-----+-----------+
    |                    Name                    | FF | LUT| Bits| Const Bits|
    +--------------------------------------------+----+----+-----+-----------+
    |INPUT_PROJECTION_WEIGHT_V_0_load_reg_7565   |  10|   0|   10|          0|
    |INPUT_PROJECTION_WEIGHT_V_10_load_reg_7615  |  10|   0|   10|          0|
    |INPUT_PROJECTION_WEIGHT_V_11_load_reg_7620  |   9|   0|    9|          0|
    |INPUT_PROJECTION_WEIGHT_V_1_load_reg_7570   |  10|   0|   10|          0|
    |INPUT_PROJECTION_WEIGHT_V_2_load_reg_7575   |  10|   0|   10|          0|
    |INPUT_PROJECTION_WEIGHT_V_3_load_reg_7580   |  10|   0|   10|          0|
    |INPUT_PROJECTION_WEIGHT_V_4_load_reg_7585   |   9|   0|    9|          0|
    |INPUT_PROJECTION_WEIGHT_V_5_load_reg_7590   |  10|   0|   10|          0|
    |INPUT_PROJECTION_WEIGHT_V_6_load_reg_7595   |  10|   0|   10|          0|
    |INPUT_PROJECTION_WEIGHT_V_7_load_reg_7600   |  11|   0|   11|          0|
    |INPUT_PROJECTION_WEIGHT_V_8_load_reg_7605   |  11|   0|   11|          0|
    |INPUT_PROJECTION_WEIGHT_V_9_load_reg_7610   |  10|   0|   10|          0|
    |POSITION_EMBEDDING_V_0_load_reg_9012        |  10|   0|   10|          0|
    |Range1_all_ones_reg_9060                    |   1|   0|    1|          0|
    |Range1_all_zeros_reg_9067                   |   1|   0|    1|          0|
    |Range2_all_ones_reg_9055                    |   1|   0|    1|          0|
    |add_ln1347_10_reg_8578                      |  39|   0|   39|          0|
    |add_ln1347_13_reg_8671                      |  39|   0|   39|          0|
    |add_ln1347_16_reg_8764                      |  39|   0|   39|          0|
    |add_ln1347_19_reg_8857                      |  39|   0|   39|          0|
    |add_ln1347_1_reg_8299                       |  39|   0|   39|          0|
    |add_ln1347_22_reg_8960                      |  39|   0|   39|          0|
    |add_ln1347_4_reg_8392                       |  39|   0|   39|          0|
    |add_ln1347_7_reg_8485                       |  39|   0|   39|          0|
    |add_ln377_10_reg_8595                       |  24|   0|   24|          0|
    |add_ln377_12_reg_8645                       |  24|   0|   24|          0|
    |add_ln377_13_reg_8688                       |  24|   0|   24|          0|
    |add_ln377_15_reg_8738                       |  24|   0|   24|          0|
    |add_ln377_16_reg_8781                       |  24|   0|   24|          0|
    |add_ln377_18_reg_8831                       |  24|   0|   24|          0|
    |add_ln377_19_reg_8874                       |  24|   0|   24|          0|
    |add_ln377_1_reg_8316                        |  24|   0|   24|          0|
    |add_ln377_21_reg_8924                       |  24|   0|   24|          0|
    |add_ln377_22_reg_8977                       |  24|   0|   24|          0|
    |add_ln377_3_reg_8366                        |  24|   0|   24|          0|
    |add_ln377_4_reg_8409                        |  24|   0|   24|          0|
    |add_ln377_6_reg_8459                        |  24|   0|   24|          0|
    |add_ln377_7_reg_8502                        |  24|   0|   24|          0|
    |add_ln377_9_reg_8552                        |  24|   0|   24|          0|
    |add_ln377_reg_8141                          |  20|   0|   20|          0|
    |add_ln837_reg_7745                          |   7|   0|    7|          0|
    |add_ln95_reg_7379                           |   4|   0|    4|          0|
    |and_ln895_12_reg_8660                       |   1|   0|    1|          0|
    |and_ln895_15_reg_8753                       |   1|   0|    1|          0|
    |and_ln895_18_reg_8846                       |   1|   0|    1|          0|
    |and_ln895_21_reg_8939                       |   1|   0|    1|          0|
    |and_ln895_3_reg_8381                        |   1|   0|    1|          0|
    |and_ln895_6_reg_8474                        |   1|   0|    1|          0|
    |and_ln895_9_reg_8567                        |   1|   0|    1|          0|
    |and_ln895_reg_8156                          |   1|   0|    1|          0|
    |ap_CS_fsm                                   |   2|   0|    2|          0|
    |ap_done_reg                                 |   1|   0|    1|          0|
    |ap_enable_reg_pp0_iter0_reg                 |   1|   0|    1|          0|
    |ap_enable_reg_pp0_iter1                     |   1|   0|    1|          0|
    |ap_enable_reg_pp0_iter10                    |   1|   0|    1|          0|
    |ap_enable_reg_pp0_iter11                    |   1|   0|    1|          0|
    |ap_enable_reg_pp0_iter12                    |   1|   0|    1|          0|
    |ap_enable_reg_pp0_iter13                    |   1|   0|    1|          0|
    |ap_enable_reg_pp0_iter14                    |   1|   0|    1|          0|
    |ap_enable_reg_pp0_iter15                    |   1|   0|    1|          0|
    |ap_enable_reg_pp0_iter16                    |   1|   0|    1|          0|
    |ap_enable_reg_pp0_iter17                    |   1|   0|    1|          0|
    |ap_enable_reg_pp0_iter18                    |   1|   0|    1|          0|
    |ap_enable_reg_pp0_iter19                    |   1|   0|    1|          0|
    |ap_enable_reg_pp0_iter2                     |   1|   0|    1|          0|
    |ap_enable_reg_pp0_iter3                     |   1|   0|    1|          0|
    |ap_enable_reg_pp0_iter4                     |   1|   0|    1|          0|
    |ap_enable_reg_pp0_iter5                     |   1|   0|    1|          0|
    |ap_enable_reg_pp0_iter6                     |   1|   0|    1|          0|
    |ap_enable_reg_pp0_iter7                     |   1|   0|    1|          0|
    |ap_enable_reg_pp0_iter8                     |   1|   0|    1|          0|
    |ap_enable_reg_pp0_iter9                     |   1|   0|    1|          0|
    |ap_loop_exit_ready_pp0_iter10_reg           |   1|   0|    1|          0|
    |ap_loop_exit_ready_pp0_iter11_reg           |   1|   0|    1|          0|
    |ap_loop_exit_ready_pp0_iter12_reg           |   1|   0|    1|          0|
    |ap_loop_exit_ready_pp0_iter13_reg           |   1|   0|    1|          0|
    |ap_loop_exit_ready_pp0_iter14_reg           |   1|   0|    1|          0|
    |ap_loop_exit_ready_pp0_iter15_reg           |   1|   0|    1|          0|
    |ap_loop_exit_ready_pp0_iter16_reg           |   1|   0|    1|          0|
    |ap_loop_exit_ready_pp0_iter17_reg           |   1|   0|    1|          0|
    |ap_loop_exit_ready_pp0_iter18_reg           |   1|   0|    1|          0|
    |ap_loop_exit_ready_pp0_iter1_reg            |   1|   0|    1|          0|
    |ap_loop_exit_ready_pp0_iter2_reg            |   1|   0|    1|          0|
    |ap_loop_exit_ready_pp0_iter3_reg            |   1|   0|    1|          0|
    |ap_loop_exit_ready_pp0_iter4_reg            |   1|   0|    1|          0|
    |ap_loop_exit_ready_pp0_iter5_reg            |   1|   0|    1|          0|
    |ap_loop_exit_ready_pp0_iter6_reg            |   1|   0|    1|          0|
    |ap_loop_exit_ready_pp0_iter7_reg            |   1|   0|    1|          0|
    |ap_loop_exit_ready_pp0_iter8_reg            |   1|   0|    1|          0|
    |ap_loop_exit_ready_pp0_iter9_reg            |   1|   0|    1|          0|
    |icmp_ln95_reg_7375                          |   1|   0|    1|          0|
    |icmp_ln96_reg_7384                          |   1|   0|    1|          0|
    |indvar_flatten31_fu_238                     |   8|   0|    8|          0|
    |lhs_reg_9017                                |  24|   0|   24|          0|
    |mul_ln1273_10_reg_8109                      |  34|   0|   34|          0|
    |mul_ln1273_11_reg_8120                      |  33|   0|   33|          0|
    |mul_ln1273_12_reg_8167                      |  33|   0|   33|          0|
    |mul_ln1273_13_reg_8178                      |  34|   0|   34|          0|
    |mul_ln1273_14_reg_8189                      |  34|   0|   34|          0|
    |mul_ln1273_15_reg_8200                      |  35|   0|   35|          0|
    |mul_ln1273_16_reg_8211                      |  34|   0|   34|          0|
    |mul_ln1273_17_reg_8222                      |  33|   0|   33|          0|
    |mul_ln1273_18_reg_8233                      |  33|   0|   33|          0|
    |mul_ln1273_19_reg_8244                      |  33|   0|   33|          0|
    |mul_ln1273_1_reg_8010                       |  34|   0|   34|          0|
    |mul_ln1273_20_reg_8255                      |  34|   0|   34|          0|
    |mul_ln1273_21_reg_8266                      |  34|   0|   34|          0|
    |mul_ln1273_22_reg_8277                      |  33|   0|   33|          0|
    |mul_ln1273_23_reg_8288                      |  35|   0|   35|          0|
    |mul_ln1273_2_reg_8021                       |  34|   0|   34|          0|
    |mul_ln1273_2_reg_8021_pp0_iter3_reg         |  34|   0|   34|          0|
    |mul_ln1273_3_reg_8032                       |  34|   0|   34|          0|
    |mul_ln1273_4_reg_8043                       |  33|   0|   33|          0|
    |mul_ln1273_5_reg_8054                       |  34|   0|   34|          0|
    |mul_ln1273_6_reg_8065                       |  34|   0|   34|          0|
    |mul_ln1273_7_reg_8076                       |  35|   0|   35|          0|
    |mul_ln1273_8_reg_8087                       |  35|   0|   35|          0|
    |mul_ln1273_9_reg_8098                       |  34|   0|   34|          0|
    |or_ln896_10_reg_8573                        |   1|   0|    1|          0|
    |or_ln896_13_reg_8666                        |   1|   0|    1|          0|
    |or_ln896_16_reg_8759                        |   1|   0|    1|          0|
    |or_ln896_19_reg_8852                        |   1|   0|    1|          0|
    |or_ln896_1_reg_8162                         |   1|   0|    1|          0|
    |or_ln896_22_reg_8945                        |   1|   0|    1|          0|
    |or_ln896_4_reg_8387                         |   1|   0|    1|          0|
    |or_ln896_7_reg_8480                         |   1|   0|    1|          0|
    |output_feature_cast_reg_7423                |   5|   0|   64|         59|
    |output_feature_cast_reg_7423_pp0_iter1_reg  |   5|   0|   64|         59|
    |output_feature_fu_230                       |   5|   0|    5|          0|
    |p_Result_2_reg_9028                         |   1|   0|    1|          0|
    |p_Result_3_reg_9034                         |   1|   0|    1|          0|
    |p_Result_4_reg_9044                         |   1|   0|    1|          0|
    |p_Val2_4_reg_9039                           |  16|   0|   16|          0|
    |select_ln346_12_reg_8444                    |  24|   0|   24|          0|
    |select_ln346_18_reg_8537                    |  24|   0|   24|          0|
    |select_ln346_24_reg_8630                    |  24|   0|   24|          0|
    |select_ln346_30_reg_8723                    |  24|   0|   24|          0|
    |select_ln346_36_reg_8816                    |  24|   0|   24|          0|
    |select_ln346_42_reg_8909                    |  24|   0|   24|          0|
    |select_ln346_6_reg_8351                     |  24|   0|   24|          0|
    |select_ln95_2_reg_7395                      |   5|   0|    8|          3|
    |select_ln95_reg_7389                        |   5|   0|    5|          0|
    |sequence_1_reg_7370                         |   4|   0|    4|          0|
    |sequence_fu_234                             |   4|   0|    4|          0|
    |shl_ln838_11_reg_8428                       |  24|   0|   38|         14|
    |shl_ln838_17_reg_8521                       |  24|   0|   38|         14|
    |shl_ln838_23_reg_8614                       |  24|   0|   38|         14|
    |shl_ln838_29_reg_8707                       |  24|   0|   38|         14|
    |shl_ln838_35_reg_8800                       |  24|   0|   38|         14|
    |shl_ln838_41_reg_8893                       |  24|   0|   38|         14|
    |shl_ln838_47_reg_8996                       |  24|   0|   38|         14|
    |shl_ln838_5_reg_8335                        |  24|   0|   38|         14|
    |sum_V_4_reg_9023                            |  24|   0|   24|          0|
    |sum_V_reg_7995                              |   8|   0|    8|          0|
    |tmp_100_reg_8769                            |   1|   0|    1|          0|
    |tmp_101_reg_8775                            |   1|   0|    1|          0|
    |tmp_102_reg_8217                            |   1|   0|    1|          0|
    |tmp_103_reg_8786                            |   1|   0|    1|          0|
    |tmp_104_reg_8793                            |   1|   0|    1|          0|
    |tmp_107_reg_8810                            |   1|   0|    1|          0|
    |tmp_108_reg_8228                            |   1|   0|    1|          0|
    |tmp_10_reg_8304                             |   1|   0|    1|          0|
    |tmp_112_reg_8821                            |   1|   0|    1|          0|
    |tmp_113_reg_8826                            |   1|   0|    1|          0|
    |tmp_114_reg_8239                            |   1|   0|    1|          0|
    |tmp_116_reg_8841                            |   1|   0|    1|          0|
    |tmp_118_reg_8862                            |   1|   0|    1|          0|
    |tmp_119_reg_8868                            |   1|   0|    1|          0|
    |tmp_11_reg_8310                             |   1|   0|    1|          0|
    |tmp_120_reg_8250                            |   1|   0|    1|          0|
    |tmp_121_reg_8879                            |   1|   0|    1|          0|
    |tmp_122_reg_8886                            |   1|   0|    1|          0|
    |tmp_125_reg_8903                            |   1|   0|    1|          0|
    |tmp_126_reg_8261                            |   1|   0|    1|          0|
    |tmp_12_reg_8016                             |   1|   0|    1|          0|
    |tmp_130_reg_8914                            |   1|   0|    1|          0|
    |tmp_131_reg_8919                            |   1|   0|    1|          0|
    |tmp_132_reg_8272                            |   1|   0|    1|          0|
    |tmp_134_reg_8934                            |   1|   0|    1|          0|
    |tmp_136_reg_8965                            |   1|   0|    1|          0|
    |tmp_137_reg_8971                            |   1|   0|    1|          0|
    |tmp_138_reg_8283                            |   1|   0|    1|          0|
    |tmp_139_reg_8982                            |   1|   0|    1|          0|
    |tmp_13_reg_8321                             |   1|   0|    1|          0|
    |tmp_140_reg_8989                            |   1|   0|    1|          0|
    |tmp_143_reg_9006                            |   1|   0|    1|          0|
    |tmp_144_reg_8294                            |   1|   0|    1|          0|
    |tmp_14_reg_8328                             |   1|   0|    1|          0|
    |tmp_17_reg_8345                             |   1|   0|    1|          0|
    |tmp_18_reg_8027                             |   1|   0|    1|          0|
    |tmp_18_reg_8027_pp0_iter3_reg               |   1|   0|    1|          0|
    |tmp_22_reg_8356                             |   1|   0|    1|          0|
    |tmp_23_reg_8361                             |   1|   0|    1|          0|
    |tmp_24_reg_8038                             |   1|   0|    1|          0|
    |tmp_26_reg_8376                             |   1|   0|    1|          0|
    |tmp_28_reg_8397                             |   1|   0|    1|          0|
    |tmp_29_reg_8403                             |   1|   0|    1|          0|
    |tmp_30_reg_8049                             |   1|   0|    1|          0|
    |tmp_31_reg_8414                             |   1|   0|    1|          0|
    |tmp_32_reg_8421                             |   1|   0|    1|          0|
    |tmp_35_reg_8438                             |   1|   0|    1|          0|
    |tmp_36_reg_8060                             |   1|   0|    1|          0|
    |tmp_40_reg_8449                             |   1|   0|    1|          0|
    |tmp_41_reg_8454                             |   1|   0|    1|          0|
    |tmp_42_reg_8071                             |   1|   0|    1|          0|
    |tmp_44_reg_8469                             |   1|   0|    1|          0|
    |tmp_46_reg_8490                             |   1|   0|    1|          0|
    |tmp_47_reg_8496                             |   1|   0|    1|          0|
    |tmp_48_reg_8082                             |   1|   0|    1|          0|
    |tmp_49_reg_8507                             |   1|   0|    1|          0|
    |tmp_50_reg_8514                             |   1|   0|    1|          0|
    |tmp_53_reg_8531                             |   1|   0|    1|          0|
    |tmp_54_reg_8093                             |   1|   0|    1|          0|
    |tmp_58_reg_8542                             |   1|   0|    1|          0|
    |tmp_59_reg_8547                             |   1|   0|    1|          0|
    |tmp_5_reg_8136                              |   1|   0|    1|          0|
    |tmp_60_reg_8104                             |   1|   0|    1|          0|
    |tmp_62_reg_8562                             |   1|   0|    1|          0|
    |tmp_64_reg_8583                             |   1|   0|    1|          0|
    |tmp_65_reg_8589                             |   1|   0|    1|          0|
    |tmp_66_reg_8115                             |   1|   0|    1|          0|
    |tmp_67_reg_8600                             |   1|   0|    1|          0|
    |tmp_68_reg_8607                             |   1|   0|    1|          0|
    |tmp_6_reg_8005                              |   1|   0|    1|          0|
    |tmp_71_reg_8624                             |   1|   0|    1|          0|
    |tmp_72_reg_8126                             |   1|   0|    1|          0|
    |tmp_76_reg_8635                             |   1|   0|    1|          0|
    |tmp_77_reg_8640                             |   1|   0|    1|          0|
    |tmp_78_reg_8173                             |   1|   0|    1|          0|
    |tmp_80_reg_8655                             |   1|   0|    1|          0|
    |tmp_82_reg_8676                             |   1|   0|    1|          0|
    |tmp_83_reg_8682                             |   1|   0|    1|          0|
    |tmp_84_reg_8184                             |   1|   0|    1|          0|
    |tmp_85_reg_8693                             |   1|   0|    1|          0|
    |tmp_86_reg_8700                             |   1|   0|    1|          0|
    |tmp_89_reg_8717                             |   1|   0|    1|          0|
    |tmp_8_reg_8151                              |   1|   0|    1|          0|
    |tmp_90_reg_8195                             |   1|   0|    1|          0|
    |tmp_94_reg_8728                             |   1|   0|    1|          0|
    |tmp_95_reg_8733                             |   1|   0|    1|          0|
    |tmp_96_reg_8206                             |   1|   0|    1|          0|
    |tmp_98_reg_8748                             |   1|   0|    1|          0|
    |tmp_reg_8131                                |   1|   0|    1|          0|
    |trunc_ln1347_reg_8000                       |  33|   0|   33|          0|
    |trunc_ln818_10_reg_8619                     |  24|   0|   24|          0|
    |trunc_ln818_13_reg_8712                     |  24|   0|   24|          0|
    |trunc_ln818_16_reg_8805                     |  24|   0|   24|          0|
    |trunc_ln818_19_reg_8898                     |  24|   0|   24|          0|
    |trunc_ln818_22_reg_9001                     |  24|   0|   24|          0|
    |trunc_ln818_2_reg_8340                      |  24|   0|   24|          0|
    |trunc_ln818_6_reg_8433                      |  24|   0|   24|          0|
    |trunc_ln818_s_reg_8526                      |  24|   0|   24|          0|
    |trunc_ln837_1_reg_7500                      |   3|   0|    3|          0|
    |xor_ln896_11_reg_8371                       |   1|   0|    1|          0|
    |xor_ln896_1_reg_9049                        |   1|   0|    1|          0|
    |xor_ln896_20_reg_8464                       |   1|   0|    1|          0|
    |xor_ln896_29_reg_8557                       |   1|   0|    1|          0|
    |xor_ln896_38_reg_8650                       |   1|   0|    1|          0|
    |xor_ln896_47_reg_8743                       |   1|   0|    1|          0|
    |xor_ln896_56_reg_8836                       |   1|   0|    1|          0|
    |xor_ln896_65_reg_8929                       |   1|   0|    1|          0|
    |xor_ln896_reg_8146                          |   1|   0|    1|          0|
    |zext_ln837_27_reg_8950                      |   7|   0|   64|         57|
    |zext_ln837_27_reg_8950_pp0_iter18_reg       |   7|   0|   64|         57|
    |add_ln837_reg_7745                          |  64|  32|    7|          0|
    |mul_ln1273_10_reg_8109                      |  64|  32|   34|          0|
    |mul_ln1273_11_reg_8120                      |  64|  32|   33|          0|
    |mul_ln1273_12_reg_8167                      |  64|  32|   33|          0|
    |mul_ln1273_13_reg_8178                      |  64|  32|   34|          0|
    |mul_ln1273_14_reg_8189                      |  64|  32|   34|          0|
    |mul_ln1273_15_reg_8200                      |  64|  32|   35|          0|
    |mul_ln1273_16_reg_8211                      |  64|  32|   34|          0|
    |mul_ln1273_17_reg_8222                      |  64|  32|   33|          0|
    |mul_ln1273_18_reg_8233                      |  64|  32|   33|          0|
    |mul_ln1273_19_reg_8244                      |  64|  32|   33|          0|
    |mul_ln1273_20_reg_8255                      |  64|  32|   34|          0|
    |mul_ln1273_21_reg_8266                      |  64|  32|   34|          0|
    |mul_ln1273_22_reg_8277                      |  64|  32|   33|          0|
    |mul_ln1273_23_reg_8288                      |  64|  32|   35|          0|
    |mul_ln1273_3_reg_8032                       |  64|  32|   34|          0|
    |mul_ln1273_4_reg_8043                       |  64|  32|   33|          0|
    |mul_ln1273_5_reg_8054                       |  64|  32|   34|          0|
    |mul_ln1273_6_reg_8065                       |  64|  32|   34|          0|
    |mul_ln1273_7_reg_8076                       |  64|  32|   35|          0|
    |mul_ln1273_8_reg_8087                       |  64|  32|   35|          0|
    |mul_ln1273_9_reg_8098                       |  64|  32|   34|          0|
    |tmp_102_reg_8217                            |  64|  32|    1|          0|
    |tmp_108_reg_8228                            |  64|  32|    1|          0|
    |tmp_114_reg_8239                            |  64|  32|    1|          0|
    |tmp_120_reg_8250                            |  64|  32|    1|          0|
    |tmp_126_reg_8261                            |  64|  32|    1|          0|
    |tmp_132_reg_8272                            |  64|  32|    1|          0|
    |tmp_138_reg_8283                            |  64|  32|    1|          0|
    |tmp_144_reg_8294                            |  64|  32|    1|          0|
    |tmp_24_reg_8038                             |  64|  32|    1|          0|
    |tmp_30_reg_8049                             |  64|  32|    1|          0|
    |tmp_36_reg_8060                             |  64|  32|    1|          0|
    |tmp_42_reg_8071                             |  64|  32|    1|          0|
    |tmp_48_reg_8082                             |  64|  32|    1|          0|
    |tmp_54_reg_8093                             |  64|  32|    1|          0|
    |tmp_60_reg_8104                             |  64|  32|    1|          0|
    |tmp_66_reg_8115                             |  64|  32|    1|          0|
    |tmp_72_reg_8126                             |  64|  32|    1|          0|
    |tmp_78_reg_8173                             |  64|  32|    1|          0|
    |tmp_84_reg_8184                             |  64|  32|    1|          0|
    |tmp_90_reg_8195                             |  64|  32|    1|          0|
    |tmp_96_reg_8206                             |  64|  32|    1|          0|
    +--------------------------------------------+----+----+-----+-----------+
    |Total                                       |5276|1376| 3610|        347|
    +--------------------------------------------+----+----+-----+-----------+



================================================================
== Interface
================================================================
* Summary: 
+----------------------+-----+-----+------------+------------------------------------------------------------------+--------------+
|       RTL Ports      | Dir | Bits|  Protocol  |                           Source Object                          |    C Type    |
+----------------------+-----+-----+------------+------------------------------------------------------------------+--------------+
|ap_clk                |   in|    1|  ap_ctrl_hs|  unsw_linear_transformer_Pipeline_VITIS_LOOP_95_3_VITIS_LOOP_96_4|  return value|
|ap_rst                |   in|    1|  ap_ctrl_hs|  unsw_linear_transformer_Pipeline_VITIS_LOOP_95_3_VITIS_LOOP_96_4|  return value|
|ap_start              |   in|    1|  ap_ctrl_hs|  unsw_linear_transformer_Pipeline_VITIS_LOOP_95_3_VITIS_LOOP_96_4|  return value|
|ap_done               |  out|    1|  ap_ctrl_hs|  unsw_linear_transformer_Pipeline_VITIS_LOOP_95_3_VITIS_LOOP_96_4|  return value|
|ap_idle               |  out|    1|  ap_ctrl_hs|  unsw_linear_transformer_Pipeline_VITIS_LOOP_95_3_VITIS_LOOP_96_4|  return value|
|ap_ready              |  out|    1|  ap_ctrl_hs|  unsw_linear_transformer_Pipeline_VITIS_LOOP_95_3_VITIS_LOOP_96_4|  return value|
|input_fp_V_address0   |  out|    8|   ap_memory|                                                        input_fp_V|         array|
|input_fp_V_ce0        |  out|    1|   ap_memory|                                                        input_fp_V|         array|
|input_fp_V_q0         |   in|   16|   ap_memory|                                                        input_fp_V|         array|
|input_fp_V_address1   |  out|    8|   ap_memory|                                                        input_fp_V|         array|
|input_fp_V_ce1        |  out|    1|   ap_memory|                                                        input_fp_V|         array|
|input_fp_V_q1         |   in|   16|   ap_memory|                                                        input_fp_V|         array|
|input_fp_V_address2   |  out|    8|   ap_memory|                                                        input_fp_V|         array|
|input_fp_V_ce2        |  out|    1|   ap_memory|                                                        input_fp_V|         array|
|input_fp_V_q2         |   in|   16|   ap_memory|                                                        input_fp_V|         array|
|input_fp_V_address3   |  out|    8|   ap_memory|                                                        input_fp_V|         array|
|input_fp_V_ce3        |  out|    1|   ap_memory|                                                        input_fp_V|         array|
|input_fp_V_q3         |   in|   16|   ap_memory|                                                        input_fp_V|         array|
|input_fp_V_address4   |  out|    8|   ap_memory|                                                        input_fp_V|         array|
|input_fp_V_ce4        |  out|    1|   ap_memory|                                                        input_fp_V|         array|
|input_fp_V_q4         |   in|   16|   ap_memory|                                                        input_fp_V|         array|
|input_fp_V_address5   |  out|    8|   ap_memory|                                                        input_fp_V|         array|
|input_fp_V_ce5        |  out|    1|   ap_memory|                                                        input_fp_V|         array|
|input_fp_V_q5         |   in|   16|   ap_memory|                                                        input_fp_V|         array|
|input_fp_V_address6   |  out|    8|   ap_memory|                                                        input_fp_V|         array|
|input_fp_V_ce6        |  out|    1|   ap_memory|                                                        input_fp_V|         array|
|input_fp_V_q6         |   in|   16|   ap_memory|                                                        input_fp_V|         array|
|input_fp_V_address7   |  out|    8|   ap_memory|                                                        input_fp_V|         array|
|input_fp_V_ce7        |  out|    1|   ap_memory|                                                        input_fp_V|         array|
|input_fp_V_q7         |   in|   16|   ap_memory|                                                        input_fp_V|         array|
|input_fp_V_address8   |  out|    8|   ap_memory|                                                        input_fp_V|         array|
|input_fp_V_ce8        |  out|    1|   ap_memory|                                                        input_fp_V|         array|
|input_fp_V_q8         |   in|   16|   ap_memory|                                                        input_fp_V|         array|
|input_fp_V_address9   |  out|    8|   ap_memory|                                                        input_fp_V|         array|
|input_fp_V_ce9        |  out|    1|   ap_memory|                                                        input_fp_V|         array|
|input_fp_V_q9         |   in|   16|   ap_memory|                                                        input_fp_V|         array|
|input_fp_V_address10  |  out|    8|   ap_memory|                                                        input_fp_V|         array|
|input_fp_V_ce10       |  out|    1|   ap_memory|                                                        input_fp_V|         array|
|input_fp_V_q10        |   in|   16|   ap_memory|                                                        input_fp_V|         array|
|input_fp_V_address11  |  out|    8|   ap_memory|                                                        input_fp_V|         array|
|input_fp_V_ce11       |  out|    1|   ap_memory|                                                        input_fp_V|         array|
|input_fp_V_q11        |   in|   16|   ap_memory|                                                        input_fp_V|         array|
|embedded_V_address0   |  out|    7|   ap_memory|                                                        embedded_V|         array|
|embedded_V_ce0        |  out|    1|   ap_memory|                                                        embedded_V|         array|
|embedded_V_we0        |  out|    1|   ap_memory|                                                        embedded_V|         array|
|embedded_V_d0         |  out|   16|   ap_memory|                                                        embedded_V|         array|
+----------------------+-----+-----+------------+------------------------------------------------------------------+--------------+

