
*** Running vivado
    with args -log linear_transformer_design_wrapper.vds -m64 -product Vivado -mode batch -messageDb vivado.pb -notrace -source linear_transformer_design_wrapper.tcl


****** Vivado v2022.2 (64-bit)
  **** SW Build 3671981 on Fri Oct 14 04:59:54 MDT 2022
  **** IP Build 3669848 on Fri Oct 14 08:30:02 MDT 2022
    ** Copyright 1986-2022 Xilinx, Inc. All Rights Reserved.

source linear_transformer_design_wrapper.tcl -notrace
INFO: [IP_Flow 19-234] Refreshing IP repositories
INFO: [IP_Flow 19-1700] Loaded user IP repository '/home/cym/prj2/finn/notebooks/icl_thesis-master/vitis_hls/linear_transformer/linear_transformer_hls/solution1/impl/ip'.
INFO: [IP_Flow 19-2313] Loaded Vivado IP repository '/tools/Xilinx/Vivado/2022.2/data/ip'.
Command: read_checkpoint -auto_incremental -incremental /home/cym/prj2/finn/notebooks/icl_thesis-master/vivado/linear_transformer_overlay/linear_transformer_overlay.srcs/utils_1/imports/synth_1/linear_transformer_design_wrapper.dcp
INFO: [Vivado 12-5825] Read reference checkpoint from /home/cym/prj2/finn/notebooks/icl_thesis-master/vivado/linear_transformer_overlay/linear_transformer_overlay.srcs/utils_1/imports/synth_1/linear_transformer_design_wrapper.dcp for incremental synthesis
INFO: [Vivado 12-7989] Please ensure there are no constraint changes
Command: synth_design -top linear_transformer_design_wrapper -part xc7z020clg400-1
Starting synth_design
Attempting to get a license for feature 'Synthesis' and/or device 'xc7z020'
INFO: [Common 17-349] Got license for feature 'Synthesis' and/or device 'xc7z020'
INFO: [Device 21-403] Loading part xc7z020clg400-1
INFO: [Designutils 20-5440] No compile time benefit to using incremental synthesis; A full resynthesis will be run
INFO: [Designutils 20-4379] Flow is switching to default flow due to incremental criteria not met. If you would like to alter this behaviour and have the flow terminate instead, please set the following parameter config_implementation {autoIncr.Synth.RejectBehavior Terminate}
INFO: [Synth 8-7079] Multithreading enabled for synth_design using a maximum of 4 processes.
INFO: [Synth 8-7078] Launching helper process for spawning children vivado processes
INFO: [Synth 8-7075] Helper process launched with PID 1916131
INFO: [Synth 8-11241] undeclared symbol 'REGCCE', assumed default net type 'wire' [/tools/Xilinx/Vivado/2022.2/data/verilog/src/unimacro/BRAM_SINGLE_MACRO.v:2170]
ERROR: [Synth 8-36] 'axi_vip_pkg' is not declared [/home/cym/prj2/finn/notebooks/icl_thesis-master/vivado/linear_transformer_overlay/linear_transformer_overlay.gen/sources_1/bd/linear_transformer_design/ipshared/ee60/hdl/processing_system7_vip_v1_0_vl_rfs.sv:5259]
ERROR: [Synth 8-36] 'XIL_AXI_RESP_OKAY' is not declared [/home/cym/prj2/finn/notebooks/icl_thesis-master/vivado/linear_transformer_overlay/linear_transformer_overlay.gen/sources_1/bd/linear_transformer_design/ipshared/ee60/hdl/processing_system7_vip_v1_0_vl_rfs.sv:6291]
ERROR: [Synth 8-36] 'XIL_AXI_RESP_EXOKAY' is not declared [/home/cym/prj2/finn/notebooks/icl_thesis-master/vivado/linear_transformer_overlay/linear_transformer_overlay.gen/sources_1/bd/linear_transformer_design/ipshared/ee60/hdl/processing_system7_vip_v1_0_vl_rfs.sv:6292]
ERROR: [Synth 8-36] 'XIL_AXI_RESP_SLVERR' is not declared [/home/cym/prj2/finn/notebooks/icl_thesis-master/vivado/linear_transformer_overlay/linear_transformer_overlay.gen/sources_1/bd/linear_transformer_design/ipshared/ee60/hdl/processing_system7_vip_v1_0_vl_rfs.sv:6293]
ERROR: [Synth 8-36] 'XIL_AXI_RESP_DECERR' is not declared [/home/cym/prj2/finn/notebooks/icl_thesis-master/vivado/linear_transformer_overlay/linear_transformer_overlay.gen/sources_1/bd/linear_transformer_design/ipshared/ee60/hdl/processing_system7_vip_v1_0_vl_rfs.sv:6294]
ERROR: [Synth 8-36] 'XIL_AXI_READY_GEN_NO_BACKPRESSURE' is not declared [/home/cym/prj2/finn/notebooks/icl_thesis-master/vivado/linear_transformer_overlay/linear_transformer_overlay.gen/sources_1/bd/linear_transformer_design/ipshared/ee60/hdl/processing_system7_vip_v1_0_vl_rfs.sv:6306]
ERROR: [Synth 8-36] 'XIL_AXI_SIZE_1BYTE' is not declared [/home/cym/prj2/finn/notebooks/icl_thesis-master/vivado/linear_transformer_overlay/linear_transformer_overlay.gen/sources_1/bd/linear_transformer_design/ipshared/ee60/hdl/processing_system7_vip_v1_0_vl_rfs.sv:6744]
ERROR: [Synth 8-36] 'XIL_AXI_SIZE_2BYTE' is not declared [/home/cym/prj2/finn/notebooks/icl_thesis-master/vivado/linear_transformer_overlay/linear_transformer_overlay.gen/sources_1/bd/linear_transformer_design/ipshared/ee60/hdl/processing_system7_vip_v1_0_vl_rfs.sv:6745]
ERROR: [Synth 8-36] 'XIL_AXI_SIZE_4BYTE' is not declared [/home/cym/prj2/finn/notebooks/icl_thesis-master/vivado/linear_transformer_overlay/linear_transformer_overlay.gen/sources_1/bd/linear_transformer_design/ipshared/ee60/hdl/processing_system7_vip_v1_0_vl_rfs.sv:6746]
ERROR: [Synth 8-36] 'XIL_AXI_SIZE_8BYTE' is not declared [/home/cym/prj2/finn/notebooks/icl_thesis-master/vivado/linear_transformer_overlay/linear_transformer_overlay.gen/sources_1/bd/linear_transformer_design/ipshared/ee60/hdl/processing_system7_vip_v1_0_vl_rfs.sv:6747]
ERROR: [Synth 8-36] 'XIL_AXI_SIZE_16BYTE' is not declared [/home/cym/prj2/finn/notebooks/icl_thesis-master/vivado/linear_transformer_overlay/linear_transformer_overlay.gen/sources_1/bd/linear_transformer_design/ipshared/ee60/hdl/processing_system7_vip_v1_0_vl_rfs.sv:6748]
ERROR: [Synth 8-36] 'XIL_AXI_SIZE_32BYTE' is not declared [/home/cym/prj2/finn/notebooks/icl_thesis-master/vivado/linear_transformer_overlay/linear_transformer_overlay.gen/sources_1/bd/linear_transformer_design/ipshared/ee60/hdl/processing_system7_vip_v1_0_vl_rfs.sv:6749]
ERROR: [Synth 8-36] 'XIL_AXI_SIZE_64BYTE' is not declared [/home/cym/prj2/finn/notebooks/icl_thesis-master/vivado/linear_transformer_overlay/linear_transformer_overlay.gen/sources_1/bd/linear_transformer_design/ipshared/ee60/hdl/processing_system7_vip_v1_0_vl_rfs.sv:6750]
ERROR: [Synth 8-36] 'XIL_AXI_SIZE_128BYTE' is not declared [/home/cym/prj2/finn/notebooks/icl_thesis-master/vivado/linear_transformer_overlay/linear_transformer_overlay.gen/sources_1/bd/linear_transformer_design/ipshared/ee60/hdl/processing_system7_vip_v1_0_vl_rfs.sv:6751]
ERROR: [Synth 8-36] 'XIL_AXI_RESP_OKAY' is not declared [/home/cym/prj2/finn/notebooks/icl_thesis-master/vivado/linear_transformer_overlay/linear_transformer_overlay.gen/sources_1/bd/linear_transformer_design/ipshared/ee60/hdl/processing_system7_vip_v1_0_vl_rfs.sv:6764]
ERROR: [Synth 8-36] 'XIL_AXI_RESP_EXOKAY' is not declared [/home/cym/prj2/finn/notebooks/icl_thesis-master/vivado/linear_transformer_overlay/linear_transformer_overlay.gen/sources_1/bd/linear_transformer_design/ipshared/ee60/hdl/processing_system7_vip_v1_0_vl_rfs.sv:6765]
ERROR: [Synth 8-36] 'XIL_AXI_RESP_SLVERR' is not declared [/home/cym/prj2/finn/notebooks/icl_thesis-master/vivado/linear_transformer_overlay/linear_transformer_overlay.gen/sources_1/bd/linear_transformer_design/ipshared/ee60/hdl/processing_system7_vip_v1_0_vl_rfs.sv:6766]
ERROR: [Synth 8-36] 'XIL_AXI_RESP_DECERR' is not declared [/home/cym/prj2/finn/notebooks/icl_thesis-master/vivado/linear_transformer_overlay/linear_transformer_overlay.gen/sources_1/bd/linear_transformer_design/ipshared/ee60/hdl/processing_system7_vip_v1_0_vl_rfs.sv:6767]
INFO: [Synth 8-10285] module 'processing_system7_vip_v1_0_15_axi_slave' is ignored due to previous errors [/home/cym/prj2/finn/notebooks/icl_thesis-master/vivado/linear_transformer_overlay/linear_transformer_overlay.gen/sources_1/bd/linear_transformer_design/ipshared/ee60/hdl/processing_system7_vip_v1_0_vl_rfs.sv:6856]
ERROR: [Synth 8-36] 'axi_vip_pkg' is not declared [/home/cym/prj2/finn/notebooks/icl_thesis-master/vivado/linear_transformer_overlay/linear_transformer_overlay.gen/sources_1/bd/linear_transformer_design/ipshared/ee60/hdl/processing_system7_vip_v1_0_vl_rfs.sv:6868]
Failed to read verilog '/home/cym/prj2/finn/notebooks/icl_thesis-master/vivado/linear_transformer_overlay/linear_transformer_overlay.gen/sources_1/bd/linear_transformer_design/ipshared/ee60/hdl/processing_system7_vip_v1_0_vl_rfs.sv'
INFO: [Common 17-83] Releasing license: Synthesis
15 Infos, 0 Warnings, 0 Critical Warnings and 20 Errors encountered.
synth_design failed
ERROR: [Common 17-69] Command failed: Synthesis failed - please see the console or run log file for details
INFO: [Common 17-206] Exiting Vivado at Wed May 20 15:07:01 2026...
