Copyright 1986-2022 Xilinx, Inc. All Rights Reserved.
------------------------------------------------------------------------------------------------------------------------------------------------------------------------------
| Tool Version : Vivado v.2022.2 (lin64) Build 3671981 Fri Oct 14 04:59:54 MDT 2022
| Date         : Fri Jul  3 14:55:07 2026
| Host         : cym-HP-OmniBook-7-Laptop-16-az0xxx running 64-bit Ubuntu 22.04.5 LTS
| Command      : report_drc -file q16_qksv2_d16_design_wrapper_drc_routed.rpt -pb q16_qksv2_d16_design_wrapper_drc_routed.pb -rpx q16_qksv2_d16_design_wrapper_drc_routed.rpx
| Design       : q16_qksv2_d16_design_wrapper
| Device       : xc7z020clg400-1
| Speed File   : -1
| Design State : Fully Routed
------------------------------------------------------------------------------------------------------------------------------------------------------------------------------

Report DRC

Table of Contents
-----------------
1. REPORT SUMMARY
2. REPORT DETAILS

1. REPORT SUMMARY
-----------------
            Netlist: netlist
          Floorplan: design_1
      Design limits: <entire design considered>
           Ruledeck: default
             Max violations: <unlimited>
             Violations found: 112
+-----------+----------+-------------------------------------------------------------------+------------+
| Rule      | Severity | Description                                                       | Violations |
+-----------+----------+-------------------------------------------------------------------+------------+
| DPIP-1    | Warning  | Input pipelining                                                  | 80         |
| DPOP-1    | Warning  | PREG Output pipelining                                            | 6          |
| DPOP-2    | Warning  | MREG Output pipelining                                            | 4          |
| PDCN-1569 | Warning  | LUT equation term check                                           | 3          |
| RTSTAT-10 | Warning  | No routable loads                                                 | 1          |
| AVAL-4    | Advisory | enum_USE_DPORT_FALSE_enum_DREG_ADREG_0_connects_CED_CEAD_RSTD_GND | 9          |
| AVAL-5    | Advisory | enum_USE_MULT_NONE_enum_DREG_ADREG_0_connects_CED_CEAD_RSTD_GND   | 6          |
| REQP-1725 | Advisory | DSP_Abus_sign_bit_alert                                           | 3          |
+-----------+----------+-------------------------------------------------------------------+------------+

2. REPORT DETAILS
-----------------
DPIP-1#1 Warning
Input pipelining  
DSP q16_qksv2_d16_design_i/q16_qksv2_d16_0/inst/grp_attention_v2_pruned_fu_606/fexp_32ns_32ns_32_10_full_dsp_1_U61/q16_qksv2_d16_fexp_32ns_32ns_32_10_full_dsp_1_ip_u/inst/i_synth/EXP_OP.i_sp_or_dp.OP/g_Fr_sp_dsp.i_calculate_Fr/i_no_versal_es1_workaround.DSP input q16_qksv2_d16_design_i/q16_qksv2_d16_0/inst/grp_attention_v2_pruned_fu_606/fexp_32ns_32ns_32_10_full_dsp_1_U61/q16_qksv2_d16_fexp_32ns_32ns_32_10_full_dsp_1_ip_u/inst/i_synth/EXP_OP.i_sp_or_dp.OP/g_Fr_sp_dsp.i_calculate_Fr/i_no_versal_es1_workaround.DSP/A[29:0] is not pipelined. Pipelining DSP48 input will improve performance.
Related violations: <none>

DPIP-1#2 Warning
Input pipelining  
DSP q16_qksv2_d16_design_i/q16_qksv2_d16_0/inst/grp_attention_v2_pruned_fu_606/fexp_32ns_32ns_32_10_full_dsp_1_U61/q16_qksv2_d16_fexp_32ns_32ns_32_10_full_dsp_1_ip_u/inst/i_synth/EXP_OP.i_sp_or_dp.OP/i_calculate_Xf/dsp.one.dsp48e1_add/i_no_versal_es1_workaround.DSP input q16_qksv2_d16_design_i/q16_qksv2_d16_0/inst/grp_attention_v2_pruned_fu_606/fexp_32ns_32ns_32_10_full_dsp_1_U61/q16_qksv2_d16_fexp_32ns_32ns_32_10_full_dsp_1_ip_u/inst/i_synth/EXP_OP.i_sp_or_dp.OP/i_calculate_Xf/dsp.one.dsp48e1_add/i_no_versal_es1_workaround.DSP/A[29:0] is not pipelined. Pipelining DSP48 input will improve performance.
Related violations: <none>

DPIP-1#3 Warning
Input pipelining  
DSP q16_qksv2_d16_design_i/q16_qksv2_d16_0/inst/grp_attention_v2_pruned_fu_606/fexp_32ns_32ns_32_10_full_dsp_1_U61/q16_qksv2_d16_fexp_32ns_32ns_32_10_full_dsp_1_ip_u/inst/i_synth/EXP_OP.i_sp_or_dp.OP/i_calculate_Xf/dsp.one.dsp48e1_add/i_no_versal_es1_workaround.DSP input q16_qksv2_d16_design_i/q16_qksv2_d16_0/inst/grp_attention_v2_pruned_fu_606/fexp_32ns_32ns_32_10_full_dsp_1_U61/q16_qksv2_d16_fexp_32ns_32ns_32_10_full_dsp_1_ip_u/inst/i_synth/EXP_OP.i_sp_or_dp.OP/i_calculate_Xf/dsp.one.dsp48e1_add/i_no_versal_es1_workaround.DSP/B[17:0] is not pipelined. Pipelining DSP48 input will improve performance.
Related violations: <none>

DPIP-1#4 Warning
Input pipelining  
DSP q16_qksv2_d16_design_i/q16_qksv2_d16_0/inst/grp_attention_v2_pruned_fu_606/fexp_32ns_32ns_32_10_full_dsp_1_U61/q16_qksv2_d16_fexp_32ns_32ns_32_10_full_dsp_1_ip_u/inst/i_synth/EXP_OP.i_sp_or_dp.OP/i_calculate_Xf/dsp.one.dsp48e1_add/i_no_versal_es1_workaround.DSP input q16_qksv2_d16_design_i/q16_qksv2_d16_0/inst/grp_attention_v2_pruned_fu_606/fexp_32ns_32ns_32_10_full_dsp_1_U61/q16_qksv2_d16_fexp_32ns_32ns_32_10_full_dsp_1_ip_u/inst/i_synth/EXP_OP.i_sp_or_dp.OP/i_calculate_Xf/dsp.one.dsp48e1_add/i_no_versal_es1_workaround.DSP/C[47:0] is not pipelined. Pipelining DSP48 input will improve performance.
Related violations: <none>

DPIP-1#5 Warning
Input pipelining  
DSP q16_qksv2_d16_design_i/q16_qksv2_d16_0/inst/grp_attention_v2_pruned_fu_606/fexp_32ns_32ns_32_10_full_dsp_1_U61/q16_qksv2_d16_fexp_32ns_32ns_32_10_full_dsp_1_ip_u/inst/i_synth/EXP_OP.i_sp_or_dp.OP/i_ccm_ln2/g_tables[0].i_addsub/dsp.one.dsp48e1_add/i_no_versal_es1_workaround.DSP input q16_qksv2_d16_design_i/q16_qksv2_d16_0/inst/grp_attention_v2_pruned_fu_606/fexp_32ns_32ns_32_10_full_dsp_1_U61/q16_qksv2_d16_fexp_32ns_32ns_32_10_full_dsp_1_ip_u/inst/i_synth/EXP_OP.i_sp_or_dp.OP/i_ccm_ln2/g_tables[0].i_addsub/dsp.one.dsp48e1_add/i_no_versal_es1_workaround.DSP/A[29:0] is not pipelined. Pipelining DSP48 input will improve performance.
Related violations: <none>

DPIP-1#6 Warning
Input pipelining  
DSP q16_qksv2_d16_design_i/q16_qksv2_d16_0/inst/grp_attention_v2_pruned_fu_606/fexp_32ns_32ns_32_10_full_dsp_1_U61/q16_qksv2_d16_fexp_32ns_32ns_32_10_full_dsp_1_ip_u/inst/i_synth/EXP_OP.i_sp_or_dp.OP/i_ccm_ln2/g_tables[0].i_addsub/dsp.one.dsp48e1_add/i_no_versal_es1_workaround.DSP input q16_qksv2_d16_design_i/q16_qksv2_d16_0/inst/grp_attention_v2_pruned_fu_606/fexp_32ns_32ns_32_10_full_dsp_1_U61/q16_qksv2_d16_fexp_32ns_32ns_32_10_full_dsp_1_ip_u/inst/i_synth/EXP_OP.i_sp_or_dp.OP/i_ccm_ln2/g_tables[0].i_addsub/dsp.one.dsp48e1_add/i_no_versal_es1_workaround.DSP/B[17:0] is not pipelined. Pipelining DSP48 input will improve performance.
Related violations: <none>

DPIP-1#7 Warning
Input pipelining  
DSP q16_qksv2_d16_design_i/q16_qksv2_d16_0/inst/grp_attention_v2_pruned_fu_606/fexp_32ns_32ns_32_10_full_dsp_1_U61/q16_qksv2_d16_fexp_32ns_32ns_32_10_full_dsp_1_ip_u/inst/i_synth/EXP_OP.i_sp_or_dp.OP/i_ccm_ln2/g_tables[1].i_addsub/dsp.one.dsp48e1_add/i_no_versal_es1_workaround.DSP input q16_qksv2_d16_design_i/q16_qksv2_d16_0/inst/grp_attention_v2_pruned_fu_606/fexp_32ns_32ns_32_10_full_dsp_1_U61/q16_qksv2_d16_fexp_32ns_32ns_32_10_full_dsp_1_ip_u/inst/i_synth/EXP_OP.i_sp_or_dp.OP/i_ccm_ln2/g_tables[1].i_addsub/dsp.one.dsp48e1_add/i_no_versal_es1_workaround.DSP/A[29:0] is not pipelined. Pipelining DSP48 input will improve performance.
Related violations: <none>

DPIP-1#8 Warning
Input pipelining  
DSP q16_qksv2_d16_design_i/q16_qksv2_d16_0/inst/grp_attention_v2_pruned_fu_606/fexp_32ns_32ns_32_10_full_dsp_1_U61/q16_qksv2_d16_fexp_32ns_32ns_32_10_full_dsp_1_ip_u/inst/i_synth/EXP_OP.i_sp_or_dp.OP/i_ccm_ln2/g_tables[1].i_addsub/dsp.one.dsp48e1_add/i_no_versal_es1_workaround.DSP input q16_qksv2_d16_design_i/q16_qksv2_d16_0/inst/grp_attention_v2_pruned_fu_606/fexp_32ns_32ns_32_10_full_dsp_1_U61/q16_qksv2_d16_fexp_32ns_32ns_32_10_full_dsp_1_ip_u/inst/i_synth/EXP_OP.i_sp_or_dp.OP/i_ccm_ln2/g_tables[1].i_addsub/dsp.one.dsp48e1_add/i_no_versal_es1_workaround.DSP/B[17:0] is not pipelined. Pipelining DSP48 input will improve performance.
Related violations: <none>

DPIP-1#9 Warning
Input pipelining  
DSP q16_qksv2_d16_design_i/q16_qksv2_d16_0/inst/grp_attention_v2_pruned_fu_606/fexp_32ns_32ns_32_10_full_dsp_1_U61/q16_qksv2_d16_fexp_32ns_32ns_32_10_full_dsp_1_ip_u/inst/i_synth/EXP_OP.i_sp_or_dp.OP/i_ccm_ln2/g_tables[1].i_addsub/dsp.one.dsp48e1_add/i_no_versal_es1_workaround.DSP input q16_qksv2_d16_design_i/q16_qksv2_d16_0/inst/grp_attention_v2_pruned_fu_606/fexp_32ns_32ns_32_10_full_dsp_1_U61/q16_qksv2_d16_fexp_32ns_32ns_32_10_full_dsp_1_ip_u/inst/i_synth/EXP_OP.i_sp_or_dp.OP/i_ccm_ln2/g_tables[1].i_addsub/dsp.one.dsp48e1_add/i_no_versal_es1_workaround.DSP/C[47:0] is not pipelined. Pipelining DSP48 input will improve performance.
Related violations: <none>

DPIP-1#10 Warning
Input pipelining  
DSP q16_qksv2_d16_design_i/q16_qksv2_d16_0/inst/grp_attention_v2_pruned_fu_606/fexp_32ns_32ns_32_10_full_dsp_1_U61/q16_qksv2_d16_fexp_32ns_32ns_32_10_full_dsp_1_ip_u/inst/i_synth/EXP_OP.i_sp_or_dp.OP/i_ccm_recip_ln2/g_tables[0].i_addsub/dsp.one.dsp48e1_add/i_no_versal_es1_workaround.DSP input q16_qksv2_d16_design_i/q16_qksv2_d16_0/inst/grp_attention_v2_pruned_fu_606/fexp_32ns_32ns_32_10_full_dsp_1_U61/q16_qksv2_d16_fexp_32ns_32ns_32_10_full_dsp_1_ip_u/inst/i_synth/EXP_OP.i_sp_or_dp.OP/i_ccm_recip_ln2/g_tables[0].i_addsub/dsp.one.dsp48e1_add/i_no_versal_es1_workaround.DSP/B[17:0] is not pipelined. Pipelining DSP48 input will improve performance.
Related violations: <none>

DPIP-1#11 Warning
Input pipelining  
DSP q16_qksv2_d16_design_i/q16_qksv2_d16_0/inst/grp_attention_v2_pruned_fu_606/fexp_32ns_32ns_32_10_full_dsp_1_U61/q16_qksv2_d16_fexp_32ns_32ns_32_10_full_dsp_1_ip_u/inst/i_synth/EXP_OP.i_sp_or_dp.OP/i_ccm_recip_ln2/g_tables[1].i_addsub/dsp.one.dsp48e1_add/i_no_versal_es1_workaround.DSP input q16_qksv2_d16_design_i/q16_qksv2_d16_0/inst/grp_attention_v2_pruned_fu_606/fexp_32ns_32ns_32_10_full_dsp_1_U61/q16_qksv2_d16_fexp_32ns_32ns_32_10_full_dsp_1_ip_u/inst/i_synth/EXP_OP.i_sp_or_dp.OP/i_ccm_recip_ln2/g_tables[1].i_addsub/dsp.one.dsp48e1_add/i_no_versal_es1_workaround.DSP/A[29:0] is not pipelined. Pipelining DSP48 input will improve performance.
Related violations: <none>

DPIP-1#12 Warning
Input pipelining  
DSP q16_qksv2_d16_design_i/q16_qksv2_d16_0/inst/grp_attention_v2_pruned_fu_606/fexp_32ns_32ns_32_10_full_dsp_1_U61/q16_qksv2_d16_fexp_32ns_32ns_32_10_full_dsp_1_ip_u/inst/i_synth/EXP_OP.i_sp_or_dp.OP/i_ccm_recip_ln2/g_tables[1].i_addsub/dsp.one.dsp48e1_add/i_no_versal_es1_workaround.DSP input q16_qksv2_d16_design_i/q16_qksv2_d16_0/inst/grp_attention_v2_pruned_fu_606/fexp_32ns_32ns_32_10_full_dsp_1_U61/q16_qksv2_d16_fexp_32ns_32ns_32_10_full_dsp_1_ip_u/inst/i_synth/EXP_OP.i_sp_or_dp.OP/i_ccm_recip_ln2/g_tables[1].i_addsub/dsp.one.dsp48e1_add/i_no_versal_es1_workaround.DSP/B[17:0] is not pipelined. Pipelining DSP48 input will improve performance.
Related violations: <none>

DPIP-1#13 Warning
Input pipelining  
DSP q16_qksv2_d16_design_i/q16_qksv2_d16_0/inst/grp_attention_v2_pruned_fu_606/fexp_32ns_32ns_32_10_full_dsp_1_U61/q16_qksv2_d16_fexp_32ns_32ns_32_10_full_dsp_1_ip_u/inst/i_synth/EXP_OP.i_sp_or_dp.OP/i_ccm_recip_ln2/g_tables[1].i_addsub/dsp.one.dsp48e1_add/i_no_versal_es1_workaround.DSP input q16_qksv2_d16_design_i/q16_qksv2_d16_0/inst/grp_attention_v2_pruned_fu_606/fexp_32ns_32ns_32_10_full_dsp_1_U61/q16_qksv2_d16_fexp_32ns_32ns_32_10_full_dsp_1_ip_u/inst/i_synth/EXP_OP.i_sp_or_dp.OP/i_ccm_recip_ln2/g_tables[1].i_addsub/dsp.one.dsp48e1_add/i_no_versal_es1_workaround.DSP/C[47:0] is not pipelined. Pipelining DSP48 input will improve performance.
Related violations: <none>

DPIP-1#14 Warning
Input pipelining  
DSP q16_qksv2_d16_design_i/q16_qksv2_d16_0/inst/grp_attention_v2_pruned_fu_606/fexp_32ns_32ns_32_10_full_dsp_1_U61/q16_qksv2_d16_fexp_32ns_32ns_32_10_full_dsp_1_ip_u/inst/i_synth/EXP_OP.i_sp_or_dp.OP/i_renorm_and_round/DSP48_E1.DSP48E1_ADD.DSP48E1_ADD/i_no_versal_es1_workaround.DSP input q16_qksv2_d16_design_i/q16_qksv2_d16_0/inst/grp_attention_v2_pruned_fu_606/fexp_32ns_32ns_32_10_full_dsp_1_U61/q16_qksv2_d16_fexp_32ns_32ns_32_10_full_dsp_1_ip_u/inst/i_synth/EXP_OP.i_sp_or_dp.OP/i_renorm_and_round/DSP48_E1.DSP48E1_ADD.DSP48E1_ADD/i_no_versal_es1_workaround.DSP/B[17:0] is not pipelined. Pipelining DSP48 input will improve performance.
Related violations: <none>

DPIP-1#15 Warning
Input pipelining  
DSP q16_qksv2_d16_design_i/q16_qksv2_d16_0/inst/grp_attention_v2_pruned_fu_606/fexp_32ns_32ns_32_10_full_dsp_1_U61/q16_qksv2_d16_fexp_32ns_32ns_32_10_full_dsp_1_ip_u/inst/i_synth/EXP_OP.i_sp_or_dp.OP/i_renorm_and_round/DSP48_E1.DSP48E1_ADD.DSP48E1_ADD/i_no_versal_es1_workaround.DSP input q16_qksv2_d16_design_i/q16_qksv2_d16_0/inst/grp_attention_v2_pruned_fu_606/fexp_32ns_32ns_32_10_full_dsp_1_U61/q16_qksv2_d16_fexp_32ns_32ns_32_10_full_dsp_1_ip_u/inst/i_synth/EXP_OP.i_sp_or_dp.OP/i_renorm_and_round/DSP48_E1.DSP48E1_ADD.DSP48E1_ADD/i_no_versal_es1_workaround.DSP/C[47:0] is not pipelined. Pipelining DSP48 input will improve performance.
Related violations: <none>

DPIP-1#16 Warning
Input pipelining  
DSP q16_qksv2_d16_design_i/q16_qksv2_d16_0/inst/grp_attention_v2_pruned_fu_606/grp_attention_v2_pruned_Pipeline_VITIS_LOOP_105_8_VITIS_LOOP_106_9_VITIS_LOOP_108_10_fu_331/mac_muladd_16s_16s_30ns_30_4_1_U31/q16_qksv2_d16_mac_muladd_16s_16s_30ns_30_4_1_DSP48_4_U/p_reg_reg input q16_qksv2_d16_design_i/q16_qksv2_d16_0/inst/grp_attention_v2_pruned_fu_606/grp_attention_v2_pruned_Pipeline_VITIS_LOOP_105_8_VITIS_LOOP_106_9_VITIS_LOOP_108_10_fu_331/mac_muladd_16s_16s_30ns_30_4_1_U31/q16_qksv2_d16_mac_muladd_16s_16s_30ns_30_4_1_DSP48_4_U/p_reg_reg/C[47:0] is not pipelined. Pipelining DSP48 input will improve performance.
Related violations: <none>

DPIP-1#17 Warning
Input pipelining  
DSP q16_qksv2_d16_design_i/q16_qksv2_d16_0/inst/grp_attention_v2_pruned_fu_606/grp_attention_v2_pruned_Pipeline_VITIS_LOOP_131_14_fu_367/mac_muladd_16s_16s_30ns_30_4_1_U39/q16_qksv2_d16_mac_muladd_16s_16s_30ns_30_4_1_DSP48_4_U/p_reg_reg input q16_qksv2_d16_design_i/q16_qksv2_d16_0/inst/grp_attention_v2_pruned_fu_606/grp_attention_v2_pruned_Pipeline_VITIS_LOOP_131_14_fu_367/mac_muladd_16s_16s_30ns_30_4_1_U39/q16_qksv2_d16_mac_muladd_16s_16s_30ns_30_4_1_DSP48_4_U/p_reg_reg/C[47:0] is not pipelined. Pipelining DSP48 input will improve performance.
Related violations: <none>

DPIP-1#18 Warning
Input pipelining  
DSP q16_qksv2_d16_design_i/q16_qksv2_d16_0/inst/grp_attention_v2_pruned_fu_606/grp_attention_v2_pruned_Pipeline_VITIS_LOOP_139_15_VITIS_LOOP_141_16_fu_375/mac_muladd_16s_16s_30ns_30_4_1_U44/q16_qksv2_d16_mac_muladd_16s_16s_30ns_30_4_1_DSP48_4_U/p_reg_reg input q16_qksv2_d16_design_i/q16_qksv2_d16_0/inst/grp_attention_v2_pruned_fu_606/grp_attention_v2_pruned_Pipeline_VITIS_LOOP_139_15_VITIS_LOOP_141_16_fu_375/mac_muladd_16s_16s_30ns_30_4_1_U44/q16_qksv2_d16_mac_muladd_16s_16s_30ns_30_4_1_DSP48_4_U/p_reg_reg/C[47:0] is not pipelined. Pipelining DSP48 input will improve performance.
Related violations: <none>

DPIP-1#19 Warning
Input pipelining  
DSP q16_qksv2_d16_design_i/q16_qksv2_d16_0/inst/grp_layer_norm_fu_681/fadd_32ns_32ns_32_5_full_dsp_1_U201/q16_qksv2_d16_fadd_32ns_32ns_32_5_full_dsp_1_ip_u/inst/i_synth/ADDSUB_OP.ADDSUB/DSP.OP/DSP48E1_BODY.ALIGN_ADD/DSP2/i_no_versal_es1_workaround.DSP input q16_qksv2_d16_design_i/q16_qksv2_d16_0/inst/grp_layer_norm_fu_681/fadd_32ns_32ns_32_5_full_dsp_1_U201/q16_qksv2_d16_fadd_32ns_32ns_32_5_full_dsp_1_ip_u/inst/i_synth/ADDSUB_OP.ADDSUB/DSP.OP/DSP48E1_BODY.ALIGN_ADD/DSP2/i_no_versal_es1_workaround.DSP/A[29:0] is not pipelined. Pipelining DSP48 input will improve performance.
Related violations: <none>

DPIP-1#20 Warning
Input pipelining  
DSP q16_qksv2_d16_design_i/q16_qksv2_d16_0/inst/grp_layer_norm_fu_681/fadd_32ns_32ns_32_5_full_dsp_1_U201/q16_qksv2_d16_fadd_32ns_32ns_32_5_full_dsp_1_ip_u/inst/i_synth/ADDSUB_OP.ADDSUB/DSP.OP/DSP48E1_BODY.ALIGN_ADD/DSP2/i_no_versal_es1_workaround.DSP input q16_qksv2_d16_design_i/q16_qksv2_d16_0/inst/grp_layer_norm_fu_681/fadd_32ns_32ns_32_5_full_dsp_1_U201/q16_qksv2_d16_fadd_32ns_32ns_32_5_full_dsp_1_ip_u/inst/i_synth/ADDSUB_OP.ADDSUB/DSP.OP/DSP48E1_BODY.ALIGN_ADD/DSP2/i_no_versal_es1_workaround.DSP/B[17:0] is not pipelined. Pipelining DSP48 input will improve performance.
Related violations: <none>

DPIP-1#21 Warning
Input pipelining  
DSP q16_qksv2_d16_design_i/q16_qksv2_d16_0/inst/grp_layer_norm_fu_681/fadd_32ns_32ns_32_5_full_dsp_1_U201/q16_qksv2_d16_fadd_32ns_32ns_32_5_full_dsp_1_ip_u/inst/i_synth/ADDSUB_OP.ADDSUB/DSP.OP/DSP48E1_BODY.ALIGN_ADD/DSP2/i_no_versal_es1_workaround.DSP input q16_qksv2_d16_design_i/q16_qksv2_d16_0/inst/grp_layer_norm_fu_681/fadd_32ns_32ns_32_5_full_dsp_1_U201/q16_qksv2_d16_fadd_32ns_32ns_32_5_full_dsp_1_ip_u/inst/i_synth/ADDSUB_OP.ADDSUB/DSP.OP/DSP48E1_BODY.ALIGN_ADD/DSP2/i_no_versal_es1_workaround.DSP/C[47:0] is not pipelined. Pipelining DSP48 input will improve performance.
Related violations: <none>

DPIP-1#22 Warning
Input pipelining  
DSP q16_qksv2_d16_design_i/q16_qksv2_d16_0/inst/grp_layer_norm_fu_681/fadd_32ns_32ns_32_5_full_dsp_1_U201/q16_qksv2_d16_fadd_32ns_32ns_32_5_full_dsp_1_ip_u/inst/i_synth/ADDSUB_OP.ADDSUB/DSP.OP/DSP48E1_BODY.NORM_RND/FULL_USAGE_DSP.SHIFT_RND/i_no_versal_es1_workaround.DSP input q16_qksv2_d16_design_i/q16_qksv2_d16_0/inst/grp_layer_norm_fu_681/fadd_32ns_32ns_32_5_full_dsp_1_U201/q16_qksv2_d16_fadd_32ns_32ns_32_5_full_dsp_1_ip_u/inst/i_synth/ADDSUB_OP.ADDSUB/DSP.OP/DSP48E1_BODY.NORM_RND/FULL_USAGE_DSP.SHIFT_RND/i_no_versal_es1_workaround.DSP/C[47:0] is not pipelined. Pipelining DSP48 input will improve performance.
Related violations: <none>

DPIP-1#23 Warning
Input pipelining  
DSP q16_qksv2_d16_design_i/q16_qksv2_d16_0/inst/grp_layer_norm_fu_681/grp_layer_norm_Pipeline_VITIS_LOOP_38_2_fu_151/mac_muladd_16s_16s_30ns_30_4_1_U190/q16_qksv2_d16_mac_muladd_16s_16s_30ns_30_4_1_DSP48_4_U/p_reg_reg input q16_qksv2_d16_design_i/q16_qksv2_d16_0/inst/grp_layer_norm_fu_681/grp_layer_norm_Pipeline_VITIS_LOOP_38_2_fu_151/mac_muladd_16s_16s_30ns_30_4_1_U190/q16_qksv2_d16_mac_muladd_16s_16s_30ns_30_4_1_DSP48_4_U/p_reg_reg/C[47:0] is not pipelined. Pipelining DSP48 input will improve performance.
Related violations: <none>

DPIP-1#24 Warning
Input pipelining  
DSP q16_qksv2_d16_design_i/q16_qksv2_d16_0/inst/grp_q16_qksv2_d16_Pipeline_VITIS_LOOP_238_4_fu_636/grp_layer_norm_1_fu_92/fadd_32ns_32ns_32_5_full_dsp_1_U67/q16_qksv2_d16_fadd_32ns_32ns_32_5_full_dsp_1_ip_u/inst/i_synth/ADDSUB_OP.ADDSUB/DSP.OP/DSP48E1_BODY.ALIGN_ADD/DSP2/i_no_versal_es1_workaround.DSP input q16_qksv2_d16_design_i/q16_qksv2_d16_0/inst/grp_q16_qksv2_d16_Pipeline_VITIS_LOOP_238_4_fu_636/grp_layer_norm_1_fu_92/fadd_32ns_32ns_32_5_full_dsp_1_U67/q16_qksv2_d16_fadd_32ns_32ns_32_5_full_dsp_1_ip_u/inst/i_synth/ADDSUB_OP.ADDSUB/DSP.OP/DSP48E1_BODY.ALIGN_ADD/DSP2/i_no_versal_es1_workaround.DSP/A[29:0] is not pipelined. Pipelining DSP48 input will improve performance.
Related violations: <none>

DPIP-1#25 Warning
Input pipelining  
DSP q16_qksv2_d16_design_i/q16_qksv2_d16_0/inst/grp_q16_qksv2_d16_Pipeline_VITIS_LOOP_238_4_fu_636/grp_layer_norm_1_fu_92/fadd_32ns_32ns_32_5_full_dsp_1_U67/q16_qksv2_d16_fadd_32ns_32ns_32_5_full_dsp_1_ip_u/inst/i_synth/ADDSUB_OP.ADDSUB/DSP.OP/DSP48E1_BODY.ALIGN_ADD/DSP2/i_no_versal_es1_workaround.DSP input q16_qksv2_d16_design_i/q16_qksv2_d16_0/inst/grp_q16_qksv2_d16_Pipeline_VITIS_LOOP_238_4_fu_636/grp_layer_norm_1_fu_92/fadd_32ns_32ns_32_5_full_dsp_1_U67/q16_qksv2_d16_fadd_32ns_32ns_32_5_full_dsp_1_ip_u/inst/i_synth/ADDSUB_OP.ADDSUB/DSP.OP/DSP48E1_BODY.ALIGN_ADD/DSP2/i_no_versal_es1_workaround.DSP/B[17:0] is not pipelined. Pipelining DSP48 input will improve performance.
Related violations: <none>

DPIP-1#26 Warning
Input pipelining  
DSP q16_qksv2_d16_design_i/q16_qksv2_d16_0/inst/grp_q16_qksv2_d16_Pipeline_VITIS_LOOP_238_4_fu_636/grp_layer_norm_1_fu_92/fadd_32ns_32ns_32_5_full_dsp_1_U67/q16_qksv2_d16_fadd_32ns_32ns_32_5_full_dsp_1_ip_u/inst/i_synth/ADDSUB_OP.ADDSUB/DSP.OP/DSP48E1_BODY.ALIGN_ADD/DSP2/i_no_versal_es1_workaround.DSP input q16_qksv2_d16_design_i/q16_qksv2_d16_0/inst/grp_q16_qksv2_d16_Pipeline_VITIS_LOOP_238_4_fu_636/grp_layer_norm_1_fu_92/fadd_32ns_32ns_32_5_full_dsp_1_U67/q16_qksv2_d16_fadd_32ns_32ns_32_5_full_dsp_1_ip_u/inst/i_synth/ADDSUB_OP.ADDSUB/DSP.OP/DSP48E1_BODY.ALIGN_ADD/DSP2/i_no_versal_es1_workaround.DSP/C[47:0] is not pipelined. Pipelining DSP48 input will improve performance.
Related violations: <none>

DPIP-1#27 Warning
Input pipelining  
DSP q16_qksv2_d16_design_i/q16_qksv2_d16_0/inst/grp_q16_qksv2_d16_Pipeline_VITIS_LOOP_238_4_fu_636/grp_layer_norm_1_fu_92/fadd_32ns_32ns_32_5_full_dsp_1_U67/q16_qksv2_d16_fadd_32ns_32ns_32_5_full_dsp_1_ip_u/inst/i_synth/ADDSUB_OP.ADDSUB/DSP.OP/DSP48E1_BODY.NORM_RND/FULL_USAGE_DSP.SHIFT_RND/i_no_versal_es1_workaround.DSP input q16_qksv2_d16_design_i/q16_qksv2_d16_0/inst/grp_q16_qksv2_d16_Pipeline_VITIS_LOOP_238_4_fu_636/grp_layer_norm_1_fu_92/fadd_32ns_32ns_32_5_full_dsp_1_U67/q16_qksv2_d16_fadd_32ns_32ns_32_5_full_dsp_1_ip_u/inst/i_synth/ADDSUB_OP.ADDSUB/DSP.OP/DSP48E1_BODY.NORM_RND/FULL_USAGE_DSP.SHIFT_RND/i_no_versal_es1_workaround.DSP/C[47:0] is not pipelined. Pipelining DSP48 input will improve performance.
Related violations: <none>

DPIP-1#28 Warning
Input pipelining  
DSP q16_qksv2_d16_design_i/q16_qksv2_d16_0/inst/grp_q16_qksv2_d16_Pipeline_VITIS_LOOP_238_4_fu_636/grp_layer_norm_1_fu_92/mac_muladd_16s_16s_30ns_30_4_1_U72/q16_qksv2_d16_mac_muladd_16s_16s_30ns_30_4_1_DSP48_4_U/p_reg_reg input q16_qksv2_d16_design_i/q16_qksv2_d16_0/inst/grp_q16_qksv2_d16_Pipeline_VITIS_LOOP_238_4_fu_636/grp_layer_norm_1_fu_92/mac_muladd_16s_16s_30ns_30_4_1_U72/q16_qksv2_d16_mac_muladd_16s_16s_30ns_30_4_1_DSP48_4_U/p_reg_reg/C[47:0] is not pipelined. Pipelining DSP48 input will improve performance.
Related violations: <none>

DPIP-1#29 Warning
Input pipelining  
DSP q16_qksv2_d16_design_i/q16_qksv2_d16_0/inst/grp_q16_qksv2_d16_Pipeline_VITIS_LOOP_238_4_fu_636/grp_layer_norm_1_fu_92/mac_muladd_16s_16s_30ns_30_4_1_U73/q16_qksv2_d16_mac_muladd_16s_16s_30ns_30_4_1_DSP48_4_U/p_reg_reg input q16_qksv2_d16_design_i/q16_qksv2_d16_0/inst/grp_q16_qksv2_d16_Pipeline_VITIS_LOOP_238_4_fu_636/grp_layer_norm_1_fu_92/mac_muladd_16s_16s_30ns_30_4_1_U73/q16_qksv2_d16_mac_muladd_16s_16s_30ns_30_4_1_DSP48_4_U/p_reg_reg/C[47:0] is not pipelined. Pipelining DSP48 input will improve performance.
Related violations: <none>

DPIP-1#30 Warning
Input pipelining  
DSP q16_qksv2_d16_design_i/q16_qksv2_d16_0/inst/grp_q16_qksv2_d16_Pipeline_VITIS_LOOP_238_4_fu_636/grp_layer_norm_1_fu_92/mac_muladd_16s_16s_30ns_30_4_1_U74/q16_qksv2_d16_mac_muladd_16s_16s_30ns_30_4_1_DSP48_4_U/p_reg_reg input q16_qksv2_d16_design_i/q16_qksv2_d16_0/inst/grp_q16_qksv2_d16_Pipeline_VITIS_LOOP_238_4_fu_636/grp_layer_norm_1_fu_92/mac_muladd_16s_16s_30ns_30_4_1_U74/q16_qksv2_d16_mac_muladd_16s_16s_30ns_30_4_1_DSP48_4_U/p_reg_reg/C[47:0] is not pipelined. Pipelining DSP48 input will improve performance.
Related violations: <none>

DPIP-1#31 Warning
Input pipelining  
DSP q16_qksv2_d16_design_i/q16_qksv2_d16_0/inst/grp_q16_qksv2_d16_Pipeline_VITIS_LOOP_238_4_fu_636/grp_layer_norm_1_fu_92/mac_muladd_16s_16s_30ns_30_4_1_U75/q16_qksv2_d16_mac_muladd_16s_16s_30ns_30_4_1_DSP48_4_U/p_reg_reg input q16_qksv2_d16_design_i/q16_qksv2_d16_0/inst/grp_q16_qksv2_d16_Pipeline_VITIS_LOOP_238_4_fu_636/grp_layer_norm_1_fu_92/mac_muladd_16s_16s_30ns_30_4_1_U75/q16_qksv2_d16_mac_muladd_16s_16s_30ns_30_4_1_DSP48_4_U/p_reg_reg/C[47:0] is not pipelined. Pipelining DSP48 input will improve performance.
Related violations: <none>

DPIP-1#32 Warning
Input pipelining  
DSP q16_qksv2_d16_design_i/q16_qksv2_d16_0/inst/grp_q16_qksv2_d16_Pipeline_VITIS_LOOP_238_4_fu_636/grp_layer_norm_1_fu_92/mac_muladd_16s_16s_30ns_30_4_1_U76/q16_qksv2_d16_mac_muladd_16s_16s_30ns_30_4_1_DSP48_4_U/p_reg_reg input q16_qksv2_d16_design_i/q16_qksv2_d16_0/inst/grp_q16_qksv2_d16_Pipeline_VITIS_LOOP_238_4_fu_636/grp_layer_norm_1_fu_92/mac_muladd_16s_16s_30ns_30_4_1_U76/q16_qksv2_d16_mac_muladd_16s_16s_30ns_30_4_1_DSP48_4_U/p_reg_reg/C[47:0] is not pipelined. Pipelining DSP48 input will improve performance.
Related violations: <none>

DPIP-1#33 Warning
Input pipelining  
DSP q16_qksv2_d16_design_i/q16_qksv2_d16_0/inst/grp_q16_qksv2_d16_Pipeline_VITIS_LOOP_238_4_fu_636/grp_layer_norm_1_fu_92/mac_muladd_16s_16s_30ns_30_4_1_U77/q16_qksv2_d16_mac_muladd_16s_16s_30ns_30_4_1_DSP48_4_U/p_reg_reg input q16_qksv2_d16_design_i/q16_qksv2_d16_0/inst/grp_q16_qksv2_d16_Pipeline_VITIS_LOOP_238_4_fu_636/grp_layer_norm_1_fu_92/mac_muladd_16s_16s_30ns_30_4_1_U77/q16_qksv2_d16_mac_muladd_16s_16s_30ns_30_4_1_DSP48_4_U/p_reg_reg/C[47:0] is not pipelined. Pipelining DSP48 input will improve performance.
Related violations: <none>

DPIP-1#34 Warning
Input pipelining  
DSP q16_qksv2_d16_design_i/q16_qksv2_d16_0/inst/grp_q16_qksv2_d16_Pipeline_VITIS_LOOP_238_4_fu_636/grp_layer_norm_1_fu_92/mac_muladd_16s_16s_30ns_30_4_1_U78/q16_qksv2_d16_mac_muladd_16s_16s_30ns_30_4_1_DSP48_4_U/p_reg_reg input q16_qksv2_d16_design_i/q16_qksv2_d16_0/inst/grp_q16_qksv2_d16_Pipeline_VITIS_LOOP_238_4_fu_636/grp_layer_norm_1_fu_92/mac_muladd_16s_16s_30ns_30_4_1_U78/q16_qksv2_d16_mac_muladd_16s_16s_30ns_30_4_1_DSP48_4_U/p_reg_reg/C[47:0] is not pipelined. Pipelining DSP48 input will improve performance.
Related violations: <none>

DPIP-1#35 Warning
Input pipelining  
DSP q16_qksv2_d16_design_i/q16_qksv2_d16_0/inst/grp_q16_qksv2_d16_Pipeline_VITIS_LOOP_238_4_fu_636/grp_layer_norm_1_fu_92/mac_muladd_16s_16s_30ns_30_4_1_U79/q16_qksv2_d16_mac_muladd_16s_16s_30ns_30_4_1_DSP48_4_U/p_reg_reg input q16_qksv2_d16_design_i/q16_qksv2_d16_0/inst/grp_q16_qksv2_d16_Pipeline_VITIS_LOOP_238_4_fu_636/grp_layer_norm_1_fu_92/mac_muladd_16s_16s_30ns_30_4_1_U79/q16_qksv2_d16_mac_muladd_16s_16s_30ns_30_4_1_DSP48_4_U/p_reg_reg/C[47:0] is not pipelined. Pipelining DSP48 input will improve performance.
Related violations: <none>

DPIP-1#36 Warning
Input pipelining  
DSP q16_qksv2_d16_design_i/q16_qksv2_d16_0/inst/grp_q16_qksv2_d16_Pipeline_VITIS_LOOP_238_4_fu_636/grp_layer_norm_1_fu_92/mac_muladd_16s_16s_30ns_30_4_1_U80/q16_qksv2_d16_mac_muladd_16s_16s_30ns_30_4_1_DSP48_4_U/p_reg_reg input q16_qksv2_d16_design_i/q16_qksv2_d16_0/inst/grp_q16_qksv2_d16_Pipeline_VITIS_LOOP_238_4_fu_636/grp_layer_norm_1_fu_92/mac_muladd_16s_16s_30ns_30_4_1_U80/q16_qksv2_d16_mac_muladd_16s_16s_30ns_30_4_1_DSP48_4_U/p_reg_reg/C[47:0] is not pipelined. Pipelining DSP48 input will improve performance.
Related violations: <none>

DPIP-1#37 Warning
Input pipelining  
DSP q16_qksv2_d16_design_i/q16_qksv2_d16_0/inst/grp_q16_qksv2_d16_Pipeline_VITIS_LOOP_238_4_fu_636/grp_layer_norm_1_fu_92/mac_muladd_16s_16s_30ns_30_4_1_U81/q16_qksv2_d16_mac_muladd_16s_16s_30ns_30_4_1_DSP48_4_U/p_reg_reg input q16_qksv2_d16_design_i/q16_qksv2_d16_0/inst/grp_q16_qksv2_d16_Pipeline_VITIS_LOOP_238_4_fu_636/grp_layer_norm_1_fu_92/mac_muladd_16s_16s_30ns_30_4_1_U81/q16_qksv2_d16_mac_muladd_16s_16s_30ns_30_4_1_DSP48_4_U/p_reg_reg/C[47:0] is not pipelined. Pipelining DSP48 input will improve performance.
Related violations: <none>

DPIP-1#38 Warning
Input pipelining  
DSP q16_qksv2_d16_design_i/q16_qksv2_d16_0/inst/grp_q16_qksv2_d16_Pipeline_VITIS_LOOP_238_4_fu_636/grp_layer_norm_1_fu_92/mac_muladd_16s_16s_30ns_30_4_1_U82/q16_qksv2_d16_mac_muladd_16s_16s_30ns_30_4_1_DSP48_4_U/p_reg_reg input q16_qksv2_d16_design_i/q16_qksv2_d16_0/inst/grp_q16_qksv2_d16_Pipeline_VITIS_LOOP_238_4_fu_636/grp_layer_norm_1_fu_92/mac_muladd_16s_16s_30ns_30_4_1_U82/q16_qksv2_d16_mac_muladd_16s_16s_30ns_30_4_1_DSP48_4_U/p_reg_reg/C[47:0] is not pipelined. Pipelining DSP48 input will improve performance.
Related violations: <none>

DPIP-1#39 Warning
Input pipelining  
DSP q16_qksv2_d16_design_i/q16_qksv2_d16_0/inst/grp_q16_qksv2_d16_Pipeline_VITIS_LOOP_238_4_fu_636/grp_layer_norm_1_fu_92/mac_muladd_16s_16s_30ns_30_4_1_U83/q16_qksv2_d16_mac_muladd_16s_16s_30ns_30_4_1_DSP48_4_U/p_reg_reg input q16_qksv2_d16_design_i/q16_qksv2_d16_0/inst/grp_q16_qksv2_d16_Pipeline_VITIS_LOOP_238_4_fu_636/grp_layer_norm_1_fu_92/mac_muladd_16s_16s_30ns_30_4_1_U83/q16_qksv2_d16_mac_muladd_16s_16s_30ns_30_4_1_DSP48_4_U/p_reg_reg/C[47:0] is not pipelined. Pipelining DSP48 input will improve performance.
Related violations: <none>

DPIP-1#40 Warning
Input pipelining  
DSP q16_qksv2_d16_design_i/q16_qksv2_d16_0/inst/grp_q16_qksv2_d16_Pipeline_VITIS_LOOP_238_4_fu_636/grp_layer_norm_1_fu_92/mac_muladd_16s_16s_30ns_30_4_1_U84/q16_qksv2_d16_mac_muladd_16s_16s_30ns_30_4_1_DSP48_4_U/p_reg_reg input q16_qksv2_d16_design_i/q16_qksv2_d16_0/inst/grp_q16_qksv2_d16_Pipeline_VITIS_LOOP_238_4_fu_636/grp_layer_norm_1_fu_92/mac_muladd_16s_16s_30ns_30_4_1_U84/q16_qksv2_d16_mac_muladd_16s_16s_30ns_30_4_1_DSP48_4_U/p_reg_reg/C[47:0] is not pipelined. Pipelining DSP48 input will improve performance.
Related violations: <none>

DPIP-1#41 Warning
Input pipelining  
DSP q16_qksv2_d16_design_i/q16_qksv2_d16_0/inst/grp_q16_qksv2_d16_Pipeline_VITIS_LOOP_238_4_fu_636/grp_layer_norm_1_fu_92/mac_muladd_16s_16s_30ns_30_4_1_U85/q16_qksv2_d16_mac_muladd_16s_16s_30ns_30_4_1_DSP48_4_U/p_reg_reg input q16_qksv2_d16_design_i/q16_qksv2_d16_0/inst/grp_q16_qksv2_d16_Pipeline_VITIS_LOOP_238_4_fu_636/grp_layer_norm_1_fu_92/mac_muladd_16s_16s_30ns_30_4_1_U85/q16_qksv2_d16_mac_muladd_16s_16s_30ns_30_4_1_DSP48_4_U/p_reg_reg/C[47:0] is not pipelined. Pipelining DSP48 input will improve performance.
Related violations: <none>

DPIP-1#42 Warning
Input pipelining  
DSP q16_qksv2_d16_design_i/q16_qksv2_d16_0/inst/grp_q16_qksv2_d16_Pipeline_VITIS_LOOP_238_4_fu_636/grp_layer_norm_1_fu_92/mac_muladd_16s_16s_30ns_30_4_1_U86/q16_qksv2_d16_mac_muladd_16s_16s_30ns_30_4_1_DSP48_4_U/p_reg_reg input q16_qksv2_d16_design_i/q16_qksv2_d16_0/inst/grp_q16_qksv2_d16_Pipeline_VITIS_LOOP_238_4_fu_636/grp_layer_norm_1_fu_92/mac_muladd_16s_16s_30ns_30_4_1_U86/q16_qksv2_d16_mac_muladd_16s_16s_30ns_30_4_1_DSP48_4_U/p_reg_reg/C[47:0] is not pipelined. Pipelining DSP48 input will improve performance.
Related violations: <none>

DPIP-1#43 Warning
Input pipelining  
DSP q16_qksv2_d16_design_i/q16_qksv2_d16_0/inst/grp_q16_qksv2_d16_Pipeline_VITIS_LOOP_251_5_fu_641/grp_layer_norm_1_fu_94/fadd_32ns_32ns_32_5_full_dsp_1_U67/q16_qksv2_d16_fadd_32ns_32ns_32_5_full_dsp_1_ip_u/inst/i_synth/ADDSUB_OP.ADDSUB/DSP.OP/DSP48E1_BODY.ALIGN_ADD/DSP2/i_no_versal_es1_workaround.DSP input q16_qksv2_d16_design_i/q16_qksv2_d16_0/inst/grp_q16_qksv2_d16_Pipeline_VITIS_LOOP_251_5_fu_641/grp_layer_norm_1_fu_94/fadd_32ns_32ns_32_5_full_dsp_1_U67/q16_qksv2_d16_fadd_32ns_32ns_32_5_full_dsp_1_ip_u/inst/i_synth/ADDSUB_OP.ADDSUB/DSP.OP/DSP48E1_BODY.ALIGN_ADD/DSP2/i_no_versal_es1_workaround.DSP/A[29:0] is not pipelined. Pipelining DSP48 input will improve performance.
Related violations: <none>

DPIP-1#44 Warning
Input pipelining  
DSP q16_qksv2_d16_design_i/q16_qksv2_d16_0/inst/grp_q16_qksv2_d16_Pipeline_VITIS_LOOP_251_5_fu_641/grp_layer_norm_1_fu_94/fadd_32ns_32ns_32_5_full_dsp_1_U67/q16_qksv2_d16_fadd_32ns_32ns_32_5_full_dsp_1_ip_u/inst/i_synth/ADDSUB_OP.ADDSUB/DSP.OP/DSP48E1_BODY.ALIGN_ADD/DSP2/i_no_versal_es1_workaround.DSP input q16_qksv2_d16_design_i/q16_qksv2_d16_0/inst/grp_q16_qksv2_d16_Pipeline_VITIS_LOOP_251_5_fu_641/grp_layer_norm_1_fu_94/fadd_32ns_32ns_32_5_full_dsp_1_U67/q16_qksv2_d16_fadd_32ns_32ns_32_5_full_dsp_1_ip_u/inst/i_synth/ADDSUB_OP.ADDSUB/DSP.OP/DSP48E1_BODY.ALIGN_ADD/DSP2/i_no_versal_es1_workaround.DSP/B[17:0] is not pipelined. Pipelining DSP48 input will improve performance.
Related violations: <none>

DPIP-1#45 Warning
Input pipelining  
DSP q16_qksv2_d16_design_i/q16_qksv2_d16_0/inst/grp_q16_qksv2_d16_Pipeline_VITIS_LOOP_251_5_fu_641/grp_layer_norm_1_fu_94/fadd_32ns_32ns_32_5_full_dsp_1_U67/q16_qksv2_d16_fadd_32ns_32ns_32_5_full_dsp_1_ip_u/inst/i_synth/ADDSUB_OP.ADDSUB/DSP.OP/DSP48E1_BODY.ALIGN_ADD/DSP2/i_no_versal_es1_workaround.DSP input q16_qksv2_d16_design_i/q16_qksv2_d16_0/inst/grp_q16_qksv2_d16_Pipeline_VITIS_LOOP_251_5_fu_641/grp_layer_norm_1_fu_94/fadd_32ns_32ns_32_5_full_dsp_1_U67/q16_qksv2_d16_fadd_32ns_32ns_32_5_full_dsp_1_ip_u/inst/i_synth/ADDSUB_OP.ADDSUB/DSP.OP/DSP48E1_BODY.ALIGN_ADD/DSP2/i_no_versal_es1_workaround.DSP/C[47:0] is not pipelined. Pipelining DSP48 input will improve performance.
Related violations: <none>

DPIP-1#46 Warning
Input pipelining  
DSP q16_qksv2_d16_design_i/q16_qksv2_d16_0/inst/grp_q16_qksv2_d16_Pipeline_VITIS_LOOP_251_5_fu_641/grp_layer_norm_1_fu_94/fadd_32ns_32ns_32_5_full_dsp_1_U67/q16_qksv2_d16_fadd_32ns_32ns_32_5_full_dsp_1_ip_u/inst/i_synth/ADDSUB_OP.ADDSUB/DSP.OP/DSP48E1_BODY.NORM_RND/FULL_USAGE_DSP.SHIFT_RND/i_no_versal_es1_workaround.DSP input q16_qksv2_d16_design_i/q16_qksv2_d16_0/inst/grp_q16_qksv2_d16_Pipeline_VITIS_LOOP_251_5_fu_641/grp_layer_norm_1_fu_94/fadd_32ns_32ns_32_5_full_dsp_1_U67/q16_qksv2_d16_fadd_32ns_32ns_32_5_full_dsp_1_ip_u/inst/i_synth/ADDSUB_OP.ADDSUB/DSP.OP/DSP48E1_BODY.NORM_RND/FULL_USAGE_DSP.SHIFT_RND/i_no_versal_es1_workaround.DSP/C[47:0] is not pipelined. Pipelining DSP48 input will improve performance.
Related violations: <none>

DPIP-1#47 Warning
Input pipelining  
DSP q16_qksv2_d16_design_i/q16_qksv2_d16_0/inst/grp_q16_qksv2_d16_Pipeline_VITIS_LOOP_251_5_fu_641/grp_layer_norm_1_fu_94/mac_muladd_16s_16s_30ns_30_4_1_U72/q16_qksv2_d16_mac_muladd_16s_16s_30ns_30_4_1_DSP48_4_U/p_reg_reg input q16_qksv2_d16_design_i/q16_qksv2_d16_0/inst/grp_q16_qksv2_d16_Pipeline_VITIS_LOOP_251_5_fu_641/grp_layer_norm_1_fu_94/mac_muladd_16s_16s_30ns_30_4_1_U72/q16_qksv2_d16_mac_muladd_16s_16s_30ns_30_4_1_DSP48_4_U/p_reg_reg/C[47:0] is not pipelined. Pipelining DSP48 input will improve performance.
Related violations: <none>

DPIP-1#48 Warning
Input pipelining  
DSP q16_qksv2_d16_design_i/q16_qksv2_d16_0/inst/grp_q16_qksv2_d16_Pipeline_VITIS_LOOP_251_5_fu_641/grp_layer_norm_1_fu_94/mac_muladd_16s_16s_30ns_30_4_1_U73/q16_qksv2_d16_mac_muladd_16s_16s_30ns_30_4_1_DSP48_4_U/p_reg_reg input q16_qksv2_d16_design_i/q16_qksv2_d16_0/inst/grp_q16_qksv2_d16_Pipeline_VITIS_LOOP_251_5_fu_641/grp_layer_norm_1_fu_94/mac_muladd_16s_16s_30ns_30_4_1_U73/q16_qksv2_d16_mac_muladd_16s_16s_30ns_30_4_1_DSP48_4_U/p_reg_reg/C[47:0] is not pipelined. Pipelining DSP48 input will improve performance.
Related violations: <none>

DPIP-1#49 Warning
Input pipelining  
DSP q16_qksv2_d16_design_i/q16_qksv2_d16_0/inst/grp_q16_qksv2_d16_Pipeline_VITIS_LOOP_251_5_fu_641/grp_layer_norm_1_fu_94/mac_muladd_16s_16s_30ns_30_4_1_U74/q16_qksv2_d16_mac_muladd_16s_16s_30ns_30_4_1_DSP48_4_U/p_reg_reg input q16_qksv2_d16_design_i/q16_qksv2_d16_0/inst/grp_q16_qksv2_d16_Pipeline_VITIS_LOOP_251_5_fu_641/grp_layer_norm_1_fu_94/mac_muladd_16s_16s_30ns_30_4_1_U74/q16_qksv2_d16_mac_muladd_16s_16s_30ns_30_4_1_DSP48_4_U/p_reg_reg/C[47:0] is not pipelined. Pipelining DSP48 input will improve performance.
Related violations: <none>

DPIP-1#50 Warning
Input pipelining  
DSP q16_qksv2_d16_design_i/q16_qksv2_d16_0/inst/grp_q16_qksv2_d16_Pipeline_VITIS_LOOP_251_5_fu_641/grp_layer_norm_1_fu_94/mac_muladd_16s_16s_30ns_30_4_1_U75/q16_qksv2_d16_mac_muladd_16s_16s_30ns_30_4_1_DSP48_4_U/p_reg_reg input q16_qksv2_d16_design_i/q16_qksv2_d16_0/inst/grp_q16_qksv2_d16_Pipeline_VITIS_LOOP_251_5_fu_641/grp_layer_norm_1_fu_94/mac_muladd_16s_16s_30ns_30_4_1_U75/q16_qksv2_d16_mac_muladd_16s_16s_30ns_30_4_1_DSP48_4_U/p_reg_reg/C[47:0] is not pipelined. Pipelining DSP48 input will improve performance.
Related violations: <none>

DPIP-1#51 Warning
Input pipelining  
DSP q16_qksv2_d16_design_i/q16_qksv2_d16_0/inst/grp_q16_qksv2_d16_Pipeline_VITIS_LOOP_251_5_fu_641/grp_layer_norm_1_fu_94/mac_muladd_16s_16s_30ns_30_4_1_U76/q16_qksv2_d16_mac_muladd_16s_16s_30ns_30_4_1_DSP48_4_U/p_reg_reg input q16_qksv2_d16_design_i/q16_qksv2_d16_0/inst/grp_q16_qksv2_d16_Pipeline_VITIS_LOOP_251_5_fu_641/grp_layer_norm_1_fu_94/mac_muladd_16s_16s_30ns_30_4_1_U76/q16_qksv2_d16_mac_muladd_16s_16s_30ns_30_4_1_DSP48_4_U/p_reg_reg/C[47:0] is not pipelined. Pipelining DSP48 input will improve performance.
Related violations: <none>

DPIP-1#52 Warning
Input pipelining  
DSP q16_qksv2_d16_design_i/q16_qksv2_d16_0/inst/grp_q16_qksv2_d16_Pipeline_VITIS_LOOP_251_5_fu_641/grp_layer_norm_1_fu_94/mac_muladd_16s_16s_30ns_30_4_1_U77/q16_qksv2_d16_mac_muladd_16s_16s_30ns_30_4_1_DSP48_4_U/p_reg_reg input q16_qksv2_d16_design_i/q16_qksv2_d16_0/inst/grp_q16_qksv2_d16_Pipeline_VITIS_LOOP_251_5_fu_641/grp_layer_norm_1_fu_94/mac_muladd_16s_16s_30ns_30_4_1_U77/q16_qksv2_d16_mac_muladd_16s_16s_30ns_30_4_1_DSP48_4_U/p_reg_reg/C[47:0] is not pipelined. Pipelining DSP48 input will improve performance.
Related violations: <none>

DPIP-1#53 Warning
Input pipelining  
DSP q16_qksv2_d16_design_i/q16_qksv2_d16_0/inst/grp_q16_qksv2_d16_Pipeline_VITIS_LOOP_251_5_fu_641/grp_layer_norm_1_fu_94/mac_muladd_16s_16s_30ns_30_4_1_U78/q16_qksv2_d16_mac_muladd_16s_16s_30ns_30_4_1_DSP48_4_U/p_reg_reg input q16_qksv2_d16_design_i/q16_qksv2_d16_0/inst/grp_q16_qksv2_d16_Pipeline_VITIS_LOOP_251_5_fu_641/grp_layer_norm_1_fu_94/mac_muladd_16s_16s_30ns_30_4_1_U78/q16_qksv2_d16_mac_muladd_16s_16s_30ns_30_4_1_DSP48_4_U/p_reg_reg/C[47:0] is not pipelined. Pipelining DSP48 input will improve performance.
Related violations: <none>

DPIP-1#54 Warning
Input pipelining  
DSP q16_qksv2_d16_design_i/q16_qksv2_d16_0/inst/grp_q16_qksv2_d16_Pipeline_VITIS_LOOP_251_5_fu_641/grp_layer_norm_1_fu_94/mac_muladd_16s_16s_30ns_30_4_1_U79/q16_qksv2_d16_mac_muladd_16s_16s_30ns_30_4_1_DSP48_4_U/p_reg_reg input q16_qksv2_d16_design_i/q16_qksv2_d16_0/inst/grp_q16_qksv2_d16_Pipeline_VITIS_LOOP_251_5_fu_641/grp_layer_norm_1_fu_94/mac_muladd_16s_16s_30ns_30_4_1_U79/q16_qksv2_d16_mac_muladd_16s_16s_30ns_30_4_1_DSP48_4_U/p_reg_reg/C[47:0] is not pipelined. Pipelining DSP48 input will improve performance.
Related violations: <none>

DPIP-1#55 Warning
Input pipelining  
DSP q16_qksv2_d16_design_i/q16_qksv2_d16_0/inst/grp_q16_qksv2_d16_Pipeline_VITIS_LOOP_251_5_fu_641/grp_layer_norm_1_fu_94/mac_muladd_16s_16s_30ns_30_4_1_U80/q16_qksv2_d16_mac_muladd_16s_16s_30ns_30_4_1_DSP48_4_U/p_reg_reg input q16_qksv2_d16_design_i/q16_qksv2_d16_0/inst/grp_q16_qksv2_d16_Pipeline_VITIS_LOOP_251_5_fu_641/grp_layer_norm_1_fu_94/mac_muladd_16s_16s_30ns_30_4_1_U80/q16_qksv2_d16_mac_muladd_16s_16s_30ns_30_4_1_DSP48_4_U/p_reg_reg/C[47:0] is not pipelined. Pipelining DSP48 input will improve performance.
Related violations: <none>

DPIP-1#56 Warning
Input pipelining  
DSP q16_qksv2_d16_design_i/q16_qksv2_d16_0/inst/grp_q16_qksv2_d16_Pipeline_VITIS_LOOP_251_5_fu_641/grp_layer_norm_1_fu_94/mac_muladd_16s_16s_30ns_30_4_1_U81/q16_qksv2_d16_mac_muladd_16s_16s_30ns_30_4_1_DSP48_4_U/p_reg_reg input q16_qksv2_d16_design_i/q16_qksv2_d16_0/inst/grp_q16_qksv2_d16_Pipeline_VITIS_LOOP_251_5_fu_641/grp_layer_norm_1_fu_94/mac_muladd_16s_16s_30ns_30_4_1_U81/q16_qksv2_d16_mac_muladd_16s_16s_30ns_30_4_1_DSP48_4_U/p_reg_reg/C[47:0] is not pipelined. Pipelining DSP48 input will improve performance.
Related violations: <none>

DPIP-1#57 Warning
Input pipelining  
DSP q16_qksv2_d16_design_i/q16_qksv2_d16_0/inst/grp_q16_qksv2_d16_Pipeline_VITIS_LOOP_251_5_fu_641/grp_layer_norm_1_fu_94/mac_muladd_16s_16s_30ns_30_4_1_U82/q16_qksv2_d16_mac_muladd_16s_16s_30ns_30_4_1_DSP48_4_U/p_reg_reg input q16_qksv2_d16_design_i/q16_qksv2_d16_0/inst/grp_q16_qksv2_d16_Pipeline_VITIS_LOOP_251_5_fu_641/grp_layer_norm_1_fu_94/mac_muladd_16s_16s_30ns_30_4_1_U82/q16_qksv2_d16_mac_muladd_16s_16s_30ns_30_4_1_DSP48_4_U/p_reg_reg/C[47:0] is not pipelined. Pipelining DSP48 input will improve performance.
Related violations: <none>

DPIP-1#58 Warning
Input pipelining  
DSP q16_qksv2_d16_design_i/q16_qksv2_d16_0/inst/grp_q16_qksv2_d16_Pipeline_VITIS_LOOP_251_5_fu_641/grp_layer_norm_1_fu_94/mac_muladd_16s_16s_30ns_30_4_1_U83/q16_qksv2_d16_mac_muladd_16s_16s_30ns_30_4_1_DSP48_4_U/p_reg_reg input q16_qksv2_d16_design_i/q16_qksv2_d16_0/inst/grp_q16_qksv2_d16_Pipeline_VITIS_LOOP_251_5_fu_641/grp_layer_norm_1_fu_94/mac_muladd_16s_16s_30ns_30_4_1_U83/q16_qksv2_d16_mac_muladd_16s_16s_30ns_30_4_1_DSP48_4_U/p_reg_reg/C[47:0] is not pipelined. Pipelining DSP48 input will improve performance.
Related violations: <none>

DPIP-1#59 Warning
Input pipelining  
DSP q16_qksv2_d16_design_i/q16_qksv2_d16_0/inst/grp_q16_qksv2_d16_Pipeline_VITIS_LOOP_251_5_fu_641/grp_layer_norm_1_fu_94/mac_muladd_16s_16s_30ns_30_4_1_U84/q16_qksv2_d16_mac_muladd_16s_16s_30ns_30_4_1_DSP48_4_U/p_reg_reg input q16_qksv2_d16_design_i/q16_qksv2_d16_0/inst/grp_q16_qksv2_d16_Pipeline_VITIS_LOOP_251_5_fu_641/grp_layer_norm_1_fu_94/mac_muladd_16s_16s_30ns_30_4_1_U84/q16_qksv2_d16_mac_muladd_16s_16s_30ns_30_4_1_DSP48_4_U/p_reg_reg/C[47:0] is not pipelined. Pipelining DSP48 input will improve performance.
Related violations: <none>

DPIP-1#60 Warning
Input pipelining  
DSP q16_qksv2_d16_design_i/q16_qksv2_d16_0/inst/grp_q16_qksv2_d16_Pipeline_VITIS_LOOP_251_5_fu_641/grp_layer_norm_1_fu_94/mac_muladd_16s_16s_30ns_30_4_1_U85/q16_qksv2_d16_mac_muladd_16s_16s_30ns_30_4_1_DSP48_4_U/p_reg_reg input q16_qksv2_d16_design_i/q16_qksv2_d16_0/inst/grp_q16_qksv2_d16_Pipeline_VITIS_LOOP_251_5_fu_641/grp_layer_norm_1_fu_94/mac_muladd_16s_16s_30ns_30_4_1_U85/q16_qksv2_d16_mac_muladd_16s_16s_30ns_30_4_1_DSP48_4_U/p_reg_reg/C[47:0] is not pipelined. Pipelining DSP48 input will improve performance.
Related violations: <none>

DPIP-1#61 Warning
Input pipelining  
DSP q16_qksv2_d16_design_i/q16_qksv2_d16_0/inst/grp_q16_qksv2_d16_Pipeline_VITIS_LOOP_251_5_fu_641/grp_layer_norm_1_fu_94/mac_muladd_16s_16s_30ns_30_4_1_U86/q16_qksv2_d16_mac_muladd_16s_16s_30ns_30_4_1_DSP48_4_U/p_reg_reg input q16_qksv2_d16_design_i/q16_qksv2_d16_0/inst/grp_q16_qksv2_d16_Pipeline_VITIS_LOOP_251_5_fu_641/grp_layer_norm_1_fu_94/mac_muladd_16s_16s_30ns_30_4_1_U86/q16_qksv2_d16_mac_muladd_16s_16s_30ns_30_4_1_DSP48_4_U/p_reg_reg/C[47:0] is not pipelined. Pipelining DSP48 input will improve performance.
Related violations: <none>

DPIP-1#62 Warning
Input pipelining  
DSP q16_qksv2_d16_design_i/q16_qksv2_d16_0/inst/mac_muladd_16s_10ns_26ns_26_4_1_U221/q16_qksv2_d16_mac_muladd_16s_10ns_26ns_26_4_1_DSP48_27_U/p_reg_reg input q16_qksv2_d16_design_i/q16_qksv2_d16_0/inst/mac_muladd_16s_10ns_26ns_26_4_1_U221/q16_qksv2_d16_mac_muladd_16s_10ns_26ns_26_4_1_DSP48_27_U/p_reg_reg/C[47:0] is not pipelined. Pipelining DSP48 input will improve performance.
Related violations: <none>

DPIP-1#63 Warning
Input pipelining  
DSP q16_qksv2_d16_design_i/q16_qksv2_d16_0/inst/mac_muladd_16s_10s_25s_26_4_1_U208/q16_qksv2_d16_mac_muladd_16s_10s_25s_26_4_1_DSP48_20_U/p_reg_reg input q16_qksv2_d16_design_i/q16_qksv2_d16_0/inst/mac_muladd_16s_10s_25s_26_4_1_U208/q16_qksv2_d16_mac_muladd_16s_10s_25s_26_4_1_DSP48_20_U/p_reg_reg/C[47:0] is not pipelined. Pipelining DSP48 input will improve performance.
Related violations: <none>

DPIP-1#64 Warning
Input pipelining  
DSP q16_qksv2_d16_design_i/q16_qksv2_d16_0/inst/mac_muladd_16s_10s_26ns_26_4_1_U218/q16_qksv2_d16_mac_muladd_16s_10s_26ns_26_4_1_DSP48_25_U/p_reg_reg input q16_qksv2_d16_design_i/q16_qksv2_d16_0/inst/mac_muladd_16s_10s_26ns_26_4_1_U218/q16_qksv2_d16_mac_muladd_16s_10s_26ns_26_4_1_DSP48_25_U/p_reg_reg/C[47:0] is not pipelined. Pipelining DSP48 input will improve performance.
Related violations: <none>

DPIP-1#65 Warning
Input pipelining  
DSP q16_qksv2_d16_design_i/q16_qksv2_d16_0/inst/mac_muladd_16s_10s_26ns_26_4_1_U222/q16_qksv2_d16_mac_muladd_16s_10s_26ns_26_4_1_DSP48_25_U/p_reg_reg input q16_qksv2_d16_design_i/q16_qksv2_d16_0/inst/mac_muladd_16s_10s_26ns_26_4_1_U222/q16_qksv2_d16_mac_muladd_16s_10s_26ns_26_4_1_DSP48_25_U/p_reg_reg/C[47:0] is not pipelined. Pipelining DSP48 input will improve performance.
Related violations: <none>

DPIP-1#66 Warning
Input pipelining  
DSP q16_qksv2_d16_design_i/q16_qksv2_d16_0/inst/mac_muladd_16s_10s_26ns_26_4_1_U223/q16_qksv2_d16_mac_muladd_16s_10s_26ns_26_4_1_DSP48_25_U/p_reg_reg input q16_qksv2_d16_design_i/q16_qksv2_d16_0/inst/mac_muladd_16s_10s_26ns_26_4_1_U223/q16_qksv2_d16_mac_muladd_16s_10s_26ns_26_4_1_DSP48_25_U/p_reg_reg/C[47:0] is not pipelined. Pipelining DSP48 input will improve performance.
Related violations: <none>

DPIP-1#67 Warning
Input pipelining  
DSP q16_qksv2_d16_design_i/q16_qksv2_d16_0/inst/mac_muladd_16s_10s_26ns_26_4_1_U228/q16_qksv2_d16_mac_muladd_16s_10s_26ns_26_4_1_DSP48_25_U/p_reg_reg input q16_qksv2_d16_design_i/q16_qksv2_d16_0/inst/mac_muladd_16s_10s_26ns_26_4_1_U228/q16_qksv2_d16_mac_muladd_16s_10s_26ns_26_4_1_DSP48_25_U/p_reg_reg/C[47:0] is not pipelined. Pipelining DSP48 input will improve performance.
Related violations: <none>

DPIP-1#68 Warning
Input pipelining  
DSP q16_qksv2_d16_design_i/q16_qksv2_d16_0/inst/mac_muladd_16s_7ns_26s_26_4_1_U219/q16_qksv2_d16_mac_muladd_16s_7ns_26s_26_4_1_DSP48_26_U/p_reg_reg input q16_qksv2_d16_design_i/q16_qksv2_d16_0/inst/mac_muladd_16s_7ns_26s_26_4_1_U219/q16_qksv2_d16_mac_muladd_16s_7ns_26s_26_4_1_DSP48_26_U/p_reg_reg/C[47:0] is not pipelined. Pipelining DSP48 input will improve performance.
Related violations: <none>

DPIP-1#69 Warning
Input pipelining  
DSP q16_qksv2_d16_design_i/q16_qksv2_d16_0/inst/mac_muladd_16s_8ns_25s_26_4_1_U209/q16_qksv2_d16_mac_muladd_16s_8ns_25s_26_4_1_DSP48_21_U/p_reg_reg input q16_qksv2_d16_design_i/q16_qksv2_d16_0/inst/mac_muladd_16s_8ns_25s_26_4_1_U209/q16_qksv2_d16_mac_muladd_16s_8ns_25s_26_4_1_DSP48_21_U/p_reg_reg/C[47:0] is not pipelined. Pipelining DSP48 input will improve performance.
Related violations: <none>

DPIP-1#70 Warning
Input pipelining  
DSP q16_qksv2_d16_design_i/q16_qksv2_d16_0/inst/mac_muladd_16s_8ns_26s_26_4_1_U210/q16_qksv2_d16_mac_muladd_16s_8ns_26s_26_4_1_DSP48_22_U/p_reg_reg input q16_qksv2_d16_design_i/q16_qksv2_d16_0/inst/mac_muladd_16s_8ns_26s_26_4_1_U210/q16_qksv2_d16_mac_muladd_16s_8ns_26s_26_4_1_DSP48_22_U/p_reg_reg/C[47:0] is not pipelined. Pipelining DSP48 input will improve performance.
Related violations: <none>

DPIP-1#71 Warning
Input pipelining  
DSP q16_qksv2_d16_design_i/q16_qksv2_d16_0/inst/mac_muladd_16s_8ns_26s_26_4_1_U212/q16_qksv2_d16_mac_muladd_16s_8ns_26s_26_4_1_DSP48_22_U/p_reg_reg input q16_qksv2_d16_design_i/q16_qksv2_d16_0/inst/mac_muladd_16s_8ns_26s_26_4_1_U212/q16_qksv2_d16_mac_muladd_16s_8ns_26s_26_4_1_DSP48_22_U/p_reg_reg/C[47:0] is not pipelined. Pipelining DSP48 input will improve performance.
Related violations: <none>

DPIP-1#72 Warning
Input pipelining  
DSP q16_qksv2_d16_design_i/q16_qksv2_d16_0/inst/mac_muladd_16s_8s_26s_26_4_1_U224/q16_qksv2_d16_mac_muladd_16s_8s_26s_26_4_1_DSP48_28_U/p_reg_reg input q16_qksv2_d16_design_i/q16_qksv2_d16_0/inst/mac_muladd_16s_8s_26s_26_4_1_U224/q16_qksv2_d16_mac_muladd_16s_8s_26s_26_4_1_DSP48_28_U/p_reg_reg/C[47:0] is not pipelined. Pipelining DSP48 input will improve performance.
Related violations: <none>

DPIP-1#73 Warning
Input pipelining  
DSP q16_qksv2_d16_design_i/q16_qksv2_d16_0/inst/mac_muladd_16s_9ns_26ns_26_4_1_U211/q16_qksv2_d16_mac_muladd_16s_9ns_26ns_26_4_1_DSP48_23_U/p_reg_reg input q16_qksv2_d16_design_i/q16_qksv2_d16_0/inst/mac_muladd_16s_9ns_26ns_26_4_1_U211/q16_qksv2_d16_mac_muladd_16s_9ns_26ns_26_4_1_DSP48_23_U/p_reg_reg/C[47:0] is not pipelined. Pipelining DSP48 input will improve performance.
Related violations: <none>

DPIP-1#74 Warning
Input pipelining  
DSP q16_qksv2_d16_design_i/q16_qksv2_d16_0/inst/mac_muladd_16s_9ns_26ns_26_4_1_U214/q16_qksv2_d16_mac_muladd_16s_9ns_26ns_26_4_1_DSP48_23_U/p_reg_reg input q16_qksv2_d16_design_i/q16_qksv2_d16_0/inst/mac_muladd_16s_9ns_26ns_26_4_1_U214/q16_qksv2_d16_mac_muladd_16s_9ns_26ns_26_4_1_DSP48_23_U/p_reg_reg/C[47:0] is not pipelined. Pipelining DSP48 input will improve performance.
Related violations: <none>

DPIP-1#75 Warning
Input pipelining  
DSP q16_qksv2_d16_design_i/q16_qksv2_d16_0/inst/mac_muladd_16s_9ns_26ns_26_4_1_U215/q16_qksv2_d16_mac_muladd_16s_9ns_26ns_26_4_1_DSP48_23_U/p_reg_reg input q16_qksv2_d16_design_i/q16_qksv2_d16_0/inst/mac_muladd_16s_9ns_26ns_26_4_1_U215/q16_qksv2_d16_mac_muladd_16s_9ns_26ns_26_4_1_DSP48_23_U/p_reg_reg/C[47:0] is not pipelined. Pipelining DSP48 input will improve performance.
Related violations: <none>

DPIP-1#76 Warning
Input pipelining  
DSP q16_qksv2_d16_design_i/q16_qksv2_d16_0/inst/mac_muladd_16s_9ns_26ns_26_4_1_U227/q16_qksv2_d16_mac_muladd_16s_9ns_26ns_26_4_1_DSP48_23_U/p_reg_reg input q16_qksv2_d16_design_i/q16_qksv2_d16_0/inst/mac_muladd_16s_9ns_26ns_26_4_1_U227/q16_qksv2_d16_mac_muladd_16s_9ns_26ns_26_4_1_DSP48_23_U/p_reg_reg/C[47:0] is not pipelined. Pipelining DSP48 input will improve performance.
Related violations: <none>

DPIP-1#77 Warning
Input pipelining  
DSP q16_qksv2_d16_design_i/q16_qksv2_d16_0/inst/mac_muladd_16s_9ns_26ns_26_4_1_U229/q16_qksv2_d16_mac_muladd_16s_9ns_26ns_26_4_1_DSP48_23_U/p_reg_reg input q16_qksv2_d16_design_i/q16_qksv2_d16_0/inst/mac_muladd_16s_9ns_26ns_26_4_1_U229/q16_qksv2_d16_mac_muladd_16s_9ns_26ns_26_4_1_DSP48_23_U/p_reg_reg/C[47:0] is not pipelined. Pipelining DSP48 input will improve performance.
Related violations: <none>

DPIP-1#78 Warning
Input pipelining  
DSP q16_qksv2_d16_design_i/q16_qksv2_d16_0/inst/mac_muladd_16s_9s_26s_26_4_1_U213/q16_qksv2_d16_mac_muladd_16s_9s_26s_26_4_1_DSP48_24_U/p_reg_reg input q16_qksv2_d16_design_i/q16_qksv2_d16_0/inst/mac_muladd_16s_9s_26s_26_4_1_U213/q16_qksv2_d16_mac_muladd_16s_9s_26s_26_4_1_DSP48_24_U/p_reg_reg/C[47:0] is not pipelined. Pipelining DSP48 input will improve performance.
Related violations: <none>

DPIP-1#79 Warning
Input pipelining  
DSP q16_qksv2_d16_design_i/q16_qksv2_d16_0/inst/mac_muladd_16s_9s_26s_26_4_1_U217/q16_qksv2_d16_mac_muladd_16s_9s_26s_26_4_1_DSP48_24_U/p_reg_reg input q16_qksv2_d16_design_i/q16_qksv2_d16_0/inst/mac_muladd_16s_9s_26s_26_4_1_U217/q16_qksv2_d16_mac_muladd_16s_9s_26s_26_4_1_DSP48_24_U/p_reg_reg/C[47:0] is not pipelined. Pipelining DSP48 input will improve performance.
Related violations: <none>

DPIP-1#80 Warning
Input pipelining  
DSP q16_qksv2_d16_design_i/q16_qksv2_d16_0/inst/mac_muladd_16s_9s_26s_26_4_1_U225/q16_qksv2_d16_mac_muladd_16s_9s_26s_26_4_1_DSP48_24_U/p_reg_reg input q16_qksv2_d16_design_i/q16_qksv2_d16_0/inst/mac_muladd_16s_9s_26s_26_4_1_U225/q16_qksv2_d16_mac_muladd_16s_9s_26s_26_4_1_DSP48_24_U/p_reg_reg/C[47:0] is not pipelined. Pipelining DSP48 input will improve performance.
Related violations: <none>

DPOP-1#1 Warning
PREG Output pipelining  
DSP q16_qksv2_d16_design_i/q16_qksv2_d16_0/inst/grp_attention_v2_pruned_fu_606/fexp_32ns_32ns_32_10_full_dsp_1_U61/q16_qksv2_d16_fexp_32ns_32ns_32_10_full_dsp_1_ip_u/inst/i_synth/EXP_OP.i_sp_or_dp.OP/g_Fr_sp_dsp.i_calculate_Fr/i_no_versal_es1_workaround.DSP output q16_qksv2_d16_design_i/q16_qksv2_d16_0/inst/grp_attention_v2_pruned_fu_606/fexp_32ns_32ns_32_10_full_dsp_1_U61/q16_qksv2_d16_fexp_32ns_32ns_32_10_full_dsp_1_ip_u/inst/i_synth/EXP_OP.i_sp_or_dp.OP/g_Fr_sp_dsp.i_calculate_Fr/i_no_versal_es1_workaround.DSP/P[47:0] is not pipelined (PREG=0). Pipelining the DSP48 output will improve performance and often saves power so it is suggested whenever possible to fully pipeline this function.  If this DSP48 function was inferred, it is suggested to describe an additional register stage after this function.  If the DSP48 was instantiated in the design, it is suggested to set the PREG attribute to 1.
Related violations: <none>

DPOP-1#2 Warning
PREG Output pipelining  
DSP q16_qksv2_d16_design_i/q16_qksv2_d16_0/inst/grp_attention_v2_pruned_fu_606/fexp_32ns_32ns_32_10_full_dsp_1_U61/q16_qksv2_d16_fexp_32ns_32ns_32_10_full_dsp_1_ip_u/inst/i_synth/EXP_OP.i_sp_or_dp.OP/i_ccm_ln2/g_tables[0].i_addsub/dsp.one.dsp48e1_add/i_no_versal_es1_workaround.DSP output q16_qksv2_d16_design_i/q16_qksv2_d16_0/inst/grp_attention_v2_pruned_fu_606/fexp_32ns_32ns_32_10_full_dsp_1_U61/q16_qksv2_d16_fexp_32ns_32ns_32_10_full_dsp_1_ip_u/inst/i_synth/EXP_OP.i_sp_or_dp.OP/i_ccm_ln2/g_tables[0].i_addsub/dsp.one.dsp48e1_add/i_no_versal_es1_workaround.DSP/P[47:0] is not pipelined (PREG=0). Pipelining the DSP48 output will improve performance and often saves power so it is suggested whenever possible to fully pipeline this function.  If this DSP48 function was inferred, it is suggested to describe an additional register stage after this function.  If the DSP48 was instantiated in the design, it is suggested to set the PREG attribute to 1.
Related violations: <none>

DPOP-1#3 Warning
PREG Output pipelining  
DSP q16_qksv2_d16_design_i/q16_qksv2_d16_0/inst/grp_attention_v2_pruned_fu_606/fexp_32ns_32ns_32_10_full_dsp_1_U61/q16_qksv2_d16_fexp_32ns_32ns_32_10_full_dsp_1_ip_u/inst/i_synth/EXP_OP.i_sp_or_dp.OP/i_renorm_and_round/DSP48_E1.DSP48E1_ADD.DSP48E1_ADD/i_no_versal_es1_workaround.DSP output q16_qksv2_d16_design_i/q16_qksv2_d16_0/inst/grp_attention_v2_pruned_fu_606/fexp_32ns_32ns_32_10_full_dsp_1_U61/q16_qksv2_d16_fexp_32ns_32ns_32_10_full_dsp_1_ip_u/inst/i_synth/EXP_OP.i_sp_or_dp.OP/i_renorm_and_round/DSP48_E1.DSP48E1_ADD.DSP48E1_ADD/i_no_versal_es1_workaround.DSP/P[47:0] is not pipelined (PREG=0). Pipelining the DSP48 output will improve performance and often saves power so it is suggested whenever possible to fully pipeline this function.  If this DSP48 function was inferred, it is suggested to describe an additional register stage after this function.  If the DSP48 was instantiated in the design, it is suggested to set the PREG attribute to 1.
Related violations: <none>

DPOP-1#4 Warning
PREG Output pipelining  
DSP q16_qksv2_d16_design_i/q16_qksv2_d16_0/inst/grp_layer_norm_fu_681/fadd_32ns_32ns_32_5_full_dsp_1_U201/q16_qksv2_d16_fadd_32ns_32ns_32_5_full_dsp_1_ip_u/inst/i_synth/ADDSUB_OP.ADDSUB/DSP.OP/DSP48E1_BODY.NORM_RND/FULL_USAGE_DSP.SHIFT_RND/i_no_versal_es1_workaround.DSP output q16_qksv2_d16_design_i/q16_qksv2_d16_0/inst/grp_layer_norm_fu_681/fadd_32ns_32ns_32_5_full_dsp_1_U201/q16_qksv2_d16_fadd_32ns_32ns_32_5_full_dsp_1_ip_u/inst/i_synth/ADDSUB_OP.ADDSUB/DSP.OP/DSP48E1_BODY.NORM_RND/FULL_USAGE_DSP.SHIFT_RND/i_no_versal_es1_workaround.DSP/P[47:0] is not pipelined (PREG=0). Pipelining the DSP48 output will improve performance and often saves power so it is suggested whenever possible to fully pipeline this function.  If this DSP48 function was inferred, it is suggested to describe an additional register stage after this function.  If the DSP48 was instantiated in the design, it is suggested to set the PREG attribute to 1.
Related violations: <none>

DPOP-1#5 Warning
PREG Output pipelining  
DSP q16_qksv2_d16_design_i/q16_qksv2_d16_0/inst/grp_q16_qksv2_d16_Pipeline_VITIS_LOOP_238_4_fu_636/grp_layer_norm_1_fu_92/fadd_32ns_32ns_32_5_full_dsp_1_U67/q16_qksv2_d16_fadd_32ns_32ns_32_5_full_dsp_1_ip_u/inst/i_synth/ADDSUB_OP.ADDSUB/DSP.OP/DSP48E1_BODY.NORM_RND/FULL_USAGE_DSP.SHIFT_RND/i_no_versal_es1_workaround.DSP output q16_qksv2_d16_design_i/q16_qksv2_d16_0/inst/grp_q16_qksv2_d16_Pipeline_VITIS_LOOP_238_4_fu_636/grp_layer_norm_1_fu_92/fadd_32ns_32ns_32_5_full_dsp_1_U67/q16_qksv2_d16_fadd_32ns_32ns_32_5_full_dsp_1_ip_u/inst/i_synth/ADDSUB_OP.ADDSUB/DSP.OP/DSP48E1_BODY.NORM_RND/FULL_USAGE_DSP.SHIFT_RND/i_no_versal_es1_workaround.DSP/P[47:0] is not pipelined (PREG=0). Pipelining the DSP48 output will improve performance and often saves power so it is suggested whenever possible to fully pipeline this function.  If this DSP48 function was inferred, it is suggested to describe an additional register stage after this function.  If the DSP48 was instantiated in the design, it is suggested to set the PREG attribute to 1.
Related violations: <none>

DPOP-1#6 Warning
PREG Output pipelining  
DSP q16_qksv2_d16_design_i/q16_qksv2_d16_0/inst/grp_q16_qksv2_d16_Pipeline_VITIS_LOOP_251_5_fu_641/grp_layer_norm_1_fu_94/fadd_32ns_32ns_32_5_full_dsp_1_U67/q16_qksv2_d16_fadd_32ns_32ns_32_5_full_dsp_1_ip_u/inst/i_synth/ADDSUB_OP.ADDSUB/DSP.OP/DSP48E1_BODY.NORM_RND/FULL_USAGE_DSP.SHIFT_RND/i_no_versal_es1_workaround.DSP output q16_qksv2_d16_design_i/q16_qksv2_d16_0/inst/grp_q16_qksv2_d16_Pipeline_VITIS_LOOP_251_5_fu_641/grp_layer_norm_1_fu_94/fadd_32ns_32ns_32_5_full_dsp_1_U67/q16_qksv2_d16_fadd_32ns_32ns_32_5_full_dsp_1_ip_u/inst/i_synth/ADDSUB_OP.ADDSUB/DSP.OP/DSP48E1_BODY.NORM_RND/FULL_USAGE_DSP.SHIFT_RND/i_no_versal_es1_workaround.DSP/P[47:0] is not pipelined (PREG=0). Pipelining the DSP48 output will improve performance and often saves power so it is suggested whenever possible to fully pipeline this function.  If this DSP48 function was inferred, it is suggested to describe an additional register stage after this function.  If the DSP48 was instantiated in the design, it is suggested to set the PREG attribute to 1.
Related violations: <none>

DPOP-2#1 Warning
MREG Output pipelining  
DSP q16_qksv2_d16_design_i/q16_qksv2_d16_0/inst/grp_attention_v2_pruned_fu_606/fexp_32ns_32ns_32_10_full_dsp_1_U61/q16_qksv2_d16_fexp_32ns_32ns_32_10_full_dsp_1_ip_u/inst/i_synth/EXP_OP.i_sp_or_dp.OP/g_Fr_sp_dsp.i_calculate_Fr/i_no_versal_es1_workaround.DSP multiplier stage q16_qksv2_d16_design_i/q16_qksv2_d16_0/inst/grp_attention_v2_pruned_fu_606/fexp_32ns_32ns_32_10_full_dsp_1_U61/q16_qksv2_d16_fexp_32ns_32ns_32_10_full_dsp_1_ip_u/inst/i_synth/EXP_OP.i_sp_or_dp.OP/g_Fr_sp_dsp.i_calculate_Fr/i_no_versal_es1_workaround.DSP/P[47:0] is not pipelined (MREG=0). Pipelining the multiplier function will improve performance and will save significant power so it is suggested whenever possible to fully pipeline this function.  If this multiplier was inferred, it is suggested to describe an additional register stage after this function.  If there is no registered adder/accumulator following the multiply function, two pipeline stages are suggested to allow both the MREG and PREG registers to be used.  If the DSP48 was instantiated in the design, it is suggested to set both the MREG and PREG attributes to 1 when performing multiply functions.
Related violations: <none>

DPOP-2#2 Warning
MREG Output pipelining  
DSP q16_qksv2_d16_design_i/q16_qksv2_d16_0/inst/grp_layer_norm_fu_681/fadd_32ns_32ns_32_5_full_dsp_1_U201/q16_qksv2_d16_fadd_32ns_32ns_32_5_full_dsp_1_ip_u/inst/i_synth/ADDSUB_OP.ADDSUB/DSP.OP/DSP48E1_BODY.NORM_RND/FULL_USAGE_DSP.SHIFT_RND/i_no_versal_es1_workaround.DSP multiplier stage q16_qksv2_d16_design_i/q16_qksv2_d16_0/inst/grp_layer_norm_fu_681/fadd_32ns_32ns_32_5_full_dsp_1_U201/q16_qksv2_d16_fadd_32ns_32ns_32_5_full_dsp_1_ip_u/inst/i_synth/ADDSUB_OP.ADDSUB/DSP.OP/DSP48E1_BODY.NORM_RND/FULL_USAGE_DSP.SHIFT_RND/i_no_versal_es1_workaround.DSP/P[47:0] is not pipelined (MREG=0). Pipelining the multiplier function will improve performance and will save significant power so it is suggested whenever possible to fully pipeline this function.  If this multiplier was inferred, it is suggested to describe an additional register stage after this function.  If there is no registered adder/accumulator following the multiply function, two pipeline stages are suggested to allow both the MREG and PREG registers to be used.  If the DSP48 was instantiated in the design, it is suggested to set both the MREG and PREG attributes to 1 when performing multiply functions.
Related violations: <none>

DPOP-2#3 Warning
MREG Output pipelining  
DSP q16_qksv2_d16_design_i/q16_qksv2_d16_0/inst/grp_q16_qksv2_d16_Pipeline_VITIS_LOOP_238_4_fu_636/grp_layer_norm_1_fu_92/fadd_32ns_32ns_32_5_full_dsp_1_U67/q16_qksv2_d16_fadd_32ns_32ns_32_5_full_dsp_1_ip_u/inst/i_synth/ADDSUB_OP.ADDSUB/DSP.OP/DSP48E1_BODY.NORM_RND/FULL_USAGE_DSP.SHIFT_RND/i_no_versal_es1_workaround.DSP multiplier stage q16_qksv2_d16_design_i/q16_qksv2_d16_0/inst/grp_q16_qksv2_d16_Pipeline_VITIS_LOOP_238_4_fu_636/grp_layer_norm_1_fu_92/fadd_32ns_32ns_32_5_full_dsp_1_U67/q16_qksv2_d16_fadd_32ns_32ns_32_5_full_dsp_1_ip_u/inst/i_synth/ADDSUB_OP.ADDSUB/DSP.OP/DSP48E1_BODY.NORM_RND/FULL_USAGE_DSP.SHIFT_RND/i_no_versal_es1_workaround.DSP/P[47:0] is not pipelined (MREG=0). Pipelining the multiplier function will improve performance and will save significant power so it is suggested whenever possible to fully pipeline this function.  If this multiplier was inferred, it is suggested to describe an additional register stage after this function.  If there is no registered adder/accumulator following the multiply function, two pipeline stages are suggested to allow both the MREG and PREG registers to be used.  If the DSP48 was instantiated in the design, it is suggested to set both the MREG and PREG attributes to 1 when performing multiply functions.
Related violations: <none>

DPOP-2#4 Warning
MREG Output pipelining  
DSP q16_qksv2_d16_design_i/q16_qksv2_d16_0/inst/grp_q16_qksv2_d16_Pipeline_VITIS_LOOP_251_5_fu_641/grp_layer_norm_1_fu_94/fadd_32ns_32ns_32_5_full_dsp_1_U67/q16_qksv2_d16_fadd_32ns_32ns_32_5_full_dsp_1_ip_u/inst/i_synth/ADDSUB_OP.ADDSUB/DSP.OP/DSP48E1_BODY.NORM_RND/FULL_USAGE_DSP.SHIFT_RND/i_no_versal_es1_workaround.DSP multiplier stage q16_qksv2_d16_design_i/q16_qksv2_d16_0/inst/grp_q16_qksv2_d16_Pipeline_VITIS_LOOP_251_5_fu_641/grp_layer_norm_1_fu_94/fadd_32ns_32ns_32_5_full_dsp_1_U67/q16_qksv2_d16_fadd_32ns_32ns_32_5_full_dsp_1_ip_u/inst/i_synth/ADDSUB_OP.ADDSUB/DSP.OP/DSP48E1_BODY.NORM_RND/FULL_USAGE_DSP.SHIFT_RND/i_no_versal_es1_workaround.DSP/P[47:0] is not pipelined (MREG=0). Pipelining the multiplier function will improve performance and will save significant power so it is suggested whenever possible to fully pipeline this function.  If this multiplier was inferred, it is suggested to describe an additional register stage after this function.  If there is no registered adder/accumulator following the multiply function, two pipeline stages are suggested to allow both the MREG and PREG registers to be used.  If the DSP48 was instantiated in the design, it is suggested to set both the MREG and PREG attributes to 1 when performing multiply functions.
Related violations: <none>

PDCN-1569#1 Warning
LUT equation term check  
Used physical LUT pin 'A1' of cell q16_qksv2_d16_design_i/axi_mem_interconnect/m00_couplers/auto_pc/inst/gen_axi4_axi3.axi3_conv_inst/USE_WRITE.write_addr_inst/USE_B_CHANNEL.cmd_b_queue/inst/fifo_gen_inst/inst_fifo_gen/gconvfifo.rf/grf.rf/gntv_or_sync_fifo.gl0.rd/gr1.gr1_int.rfwft/gpregsm1.user_valid_i_1 (pin q16_qksv2_d16_design_i/axi_mem_interconnect/m00_couplers/auto_pc/inst/gen_axi4_axi3.axi3_conv_inst/USE_WRITE.write_addr_inst/USE_B_CHANNEL.cmd_b_queue/inst/fifo_gen_inst/inst_fifo_gen/gconvfifo.rf/grf.rf/gntv_or_sync_fifo.gl0.rd/gr1.gr1_int.rfwft/gpregsm1.user_valid_i_1/I1) is not included in the LUT equation: 'O6=(A5)+((~A5)*(~A3)*A4)'. If this cell is a user instantiated LUT in the design, please remove connectivity to the pin or change the equation and/or INIT string of the LUT to prevent this issue. If the cell is inferred or IP created LUT, please regenerate the IP and/or resynthesize the design to attempt to correct the issue.
Related violations: <none>

PDCN-1569#2 Warning
LUT equation term check  
Used physical LUT pin 'A2' of cell q16_qksv2_d16_design_i/axi_mem_interconnect/m00_couplers/auto_pc/inst/gen_axi4_axi3.axi3_conv_inst/USE_WRITE.write_addr_inst/USE_BURSTS.cmd_queue/inst/fifo_gen_inst/inst_fifo_gen/gconvfifo.rf/grf.rf/gntv_or_sync_fifo.gl0.rd/gr1.gr1_int.rfwft/gpregsm1.user_valid_i_1 (pin q16_qksv2_d16_design_i/axi_mem_interconnect/m00_couplers/auto_pc/inst/gen_axi4_axi3.axi3_conv_inst/USE_WRITE.write_addr_inst/USE_BURSTS.cmd_queue/inst/fifo_gen_inst/inst_fifo_gen/gconvfifo.rf/grf.rf/gntv_or_sync_fifo.gl0.rd/gr1.gr1_int.rfwft/gpregsm1.user_valid_i_1/I1) is not included in the LUT equation: 'O6=(A5)+((~A5)*(~A6)*A3)'. If this cell is a user instantiated LUT in the design, please remove connectivity to the pin or change the equation and/or INIT string of the LUT to prevent this issue. If the cell is inferred or IP created LUT, please regenerate the IP and/or resynthesize the design to attempt to correct the issue.
Related violations: <none>

PDCN-1569#3 Warning
LUT equation term check  
Used physical LUT pin 'A6' of cell q16_qksv2_d16_design_i/axi_mem_interconnect/m00_couplers/auto_pc/inst/gen_axi4_axi3.axi3_conv_inst/USE_READ.USE_SPLIT_R.read_addr_inst/USE_R_CHANNEL.cmd_queue/inst/fifo_gen_inst/inst_fifo_gen/gconvfifo.rf/grf.rf/gntv_or_sync_fifo.gl0.rd/gr1.gr1_int.rfwft/gpregsm1.user_valid_i_1 (pin q16_qksv2_d16_design_i/axi_mem_interconnect/m00_couplers/auto_pc/inst/gen_axi4_axi3.axi3_conv_inst/USE_READ.USE_SPLIT_R.read_addr_inst/USE_R_CHANNEL.cmd_queue/inst/fifo_gen_inst/inst_fifo_gen/gconvfifo.rf/grf.rf/gntv_or_sync_fifo.gl0.rd/gr1.gr1_int.rfwft/gpregsm1.user_valid_i_1/I1) is not included in the LUT equation: 'O6=(A5)+((~A5)*(~A1)*A3)'. If this cell is a user instantiated LUT in the design, please remove connectivity to the pin or change the equation and/or INIT string of the LUT to prevent this issue. If the cell is inferred or IP created LUT, please regenerate the IP and/or resynthesize the design to attempt to correct the issue.
Related violations: <none>

RTSTAT-10#1 Warning
No routable loads  
33 net(s) have no routable loads. The problem bus(es) and/or net(s) are q16_qksv2_d16_design_i/axi_mem_interconnect/m00_couplers/auto_pc/inst/gen_axi4_axi3.axi3_conv_inst/USE_READ.USE_SPLIT_R.read_addr_inst/USE_R_CHANNEL.cmd_queue/inst/fifo_gen_inst/inst_fifo_gen/gconvfifo.rf/grf.rf/gntv_or_sync_fifo.gl0.rd/gr1.gr1_int.rfwft/aempty_fwft_i,
q16_qksv2_d16_design_i/axi_mem_interconnect/m00_couplers/auto_pc/inst/gen_axi4_axi3.axi3_conv_inst/USE_READ.USE_SPLIT_R.read_addr_inst/USE_R_CHANNEL.cmd_queue/inst/fifo_gen_inst/inst_fifo_gen/gconvfifo.rf/grf.rf/gntv_or_sync_fifo.gl0.wr/gwss.wsts/ram_afull_fb,
q16_qksv2_d16_design_i/axi_mem_interconnect/m00_couplers/auto_pc/inst/gen_axi4_axi3.axi3_conv_inst/USE_READ.USE_SPLIT_R.read_addr_inst/USE_R_CHANNEL.cmd_queue/inst/fifo_gen_inst/inst_fifo_gen/gconvfifo.rf/grf.rf/gntv_or_sync_fifo.gl0.wr/gwss.wsts/ram_afull_i,
q16_qksv2_d16_design_i/axi_mem_interconnect/m00_couplers/auto_pc/inst/gen_axi4_axi3.axi3_conv_inst/USE_READ.USE_SPLIT_R.read_addr_inst/USE_R_CHANNEL.cmd_queue/inst/fifo_gen_inst/inst_fifo_gen/gconvfifo.rf/grf.rf/rstblk/ngwrdrst.grst.rd_rst_reg[2:0],
q16_qksv2_d16_design_i/axi_mem_interconnect/m00_couplers/auto_pc/inst/gen_axi4_axi3.axi3_conv_inst/USE_READ.USE_SPLIT_R.read_addr_inst/USE_R_CHANNEL.cmd_queue/inst/fifo_gen_inst/inst_fifo_gen/gconvfifo.rf/grf.rf/rstblk/ngwrdrst.grst.wr_rst_reg[2:0],
q16_qksv2_d16_design_i/axi_mem_interconnect/m00_couplers/auto_pc/inst/gen_axi4_axi3.axi3_conv_inst/USE_WRITE.write_addr_inst/USE_BURSTS.cmd_queue/inst/fifo_gen_inst/inst_fifo_gen/gconvfifo.rf/grf.rf/gntv_or_sync_fifo.gl0.rd/gr1.gr1_int.rfwft/aempty_fwft_i,
q16_qksv2_d16_design_i/axi_mem_interconnect/m00_couplers/auto_pc/inst/gen_axi4_axi3.axi3_conv_inst/USE_WRITE.write_addr_inst/USE_BURSTS.cmd_queue/inst/fifo_gen_inst/inst_fifo_gen/gconvfifo.rf/grf.rf/gntv_or_sync_fifo.gl0.wr/gwss.wsts/ram_afull_fb,
q16_qksv2_d16_design_i/axi_mem_interconnect/m00_couplers/auto_pc/inst/gen_axi4_axi3.axi3_conv_inst/USE_WRITE.write_addr_inst/USE_BURSTS.cmd_queue/inst/fifo_gen_inst/inst_fifo_gen/gconvfifo.rf/grf.rf/gntv_or_sync_fifo.gl0.wr/gwss.wsts/ram_afull_i,
q16_qksv2_d16_design_i/axi_mem_interconnect/m00_couplers/auto_pc/inst/gen_axi4_axi3.axi3_conv_inst/USE_WRITE.write_addr_inst/USE_BURSTS.cmd_queue/inst/fifo_gen_inst/inst_fifo_gen/gconvfifo.rf/grf.rf/rstblk/ngwrdrst.grst.rd_rst_reg[2:0],
q16_qksv2_d16_design_i/axi_mem_interconnect/m00_couplers/auto_pc/inst/gen_axi4_axi3.axi3_conv_inst/USE_WRITE.write_addr_inst/USE_BURSTS.cmd_queue/inst/fifo_gen_inst/inst_fifo_gen/gconvfifo.rf/grf.rf/rstblk/ngwrdrst.grst.wr_rst_reg[2:0],
q16_qksv2_d16_design_i/axi_mem_interconnect/m00_couplers/auto_pc/inst/gen_axi4_axi3.axi3_conv_inst/USE_WRITE.write_addr_inst/USE_B_CHANNEL.cmd_b_queue/inst/fifo_gen_inst/inst_fifo_gen/gconvfifo.rf/grf.rf/gntv_or_sync_fifo.gl0.rd/gr1.gr1_int.rfwft/aempty_fwft_i,
q16_qksv2_d16_design_i/axi_mem_interconnect/m00_couplers/auto_pc/inst/gen_axi4_axi3.axi3_conv_inst/USE_WRITE.write_addr_inst/USE_B_CHANNEL.cmd_b_queue/inst/fifo_gen_inst/inst_fifo_gen/gconvfifo.rf/grf.rf/gntv_or_sync_fifo.gl0.wr/gwss.wsts/ram_afull_fb,
q16_qksv2_d16_design_i/axi_mem_interconnect/m00_couplers/auto_pc/inst/gen_axi4_axi3.axi3_conv_inst/USE_WRITE.write_addr_inst/USE_B_CHANNEL.cmd_b_queue/inst/fifo_gen_inst/inst_fifo_gen/gconvfifo.rf/grf.rf/gntv_or_sync_fifo.gl0.wr/gwss.wsts/ram_afull_i,
q16_qksv2_d16_design_i/axi_mem_interconnect/m00_couplers/auto_pc/inst/gen_axi4_axi3.axi3_conv_inst/USE_WRITE.write_addr_inst/USE_B_CHANNEL.cmd_b_queue/inst/fifo_gen_inst/inst_fifo_gen/gconvfifo.rf/grf.rf/rstblk/ngwrdrst.grst.rd_rst_reg[2:0],
q16_qksv2_d16_design_i/axi_mem_interconnect/m00_couplers/auto_pc/inst/gen_axi4_axi3.axi3_conv_inst/USE_WRITE.write_addr_inst/USE_B_CHANNEL.cmd_b_queue/inst/fifo_gen_inst/inst_fifo_gen/gconvfifo.rf/grf.rf/rstblk/ngwrdrst.grst.wr_rst_reg[2:0]
 (the first 15 of 21 listed nets/buses).
Related violations: <none>

AVAL-4#1 Advisory
enum_USE_DPORT_FALSE_enum_DREG_ADREG_0_connects_CED_CEAD_RSTD_GND  
q16_qksv2_d16_design_i/q16_qksv2_d16_0/inst/grp_attention_v2_pruned_fu_606/fexp_32ns_32ns_32_10_full_dsp_1_U61/q16_qksv2_d16_fexp_32ns_32ns_32_10_full_dsp_1_ip_u/inst/i_synth/EXP_OP.i_sp_or_dp.OP/i_calculate_Xf/dsp.one.dsp48e1_add/i_no_versal_es1_workaround.DSP: DSP48E1 is not using the D port (USE_DPORT = FALSE). For improved power characteristics, set DREG and ADREG to '1', tie CED, CEAD, and RSTD to logic '0'.
Related violations: <none>

AVAL-4#2 Advisory
enum_USE_DPORT_FALSE_enum_DREG_ADREG_0_connects_CED_CEAD_RSTD_GND  
q16_qksv2_d16_design_i/q16_qksv2_d16_0/inst/grp_attention_v2_pruned_fu_606/fexp_32ns_32ns_32_10_full_dsp_1_U61/q16_qksv2_d16_fexp_32ns_32ns_32_10_full_dsp_1_ip_u/inst/i_synth/EXP_OP.i_sp_or_dp.OP/i_ccm_ln2/g_tables[0].i_addsub/dsp.one.dsp48e1_add/i_no_versal_es1_workaround.DSP: DSP48E1 is not using the D port (USE_DPORT = FALSE). For improved power characteristics, set DREG and ADREG to '1', tie CED, CEAD, and RSTD to logic '0'.
Related violations: <none>

AVAL-4#3 Advisory
enum_USE_DPORT_FALSE_enum_DREG_ADREG_0_connects_CED_CEAD_RSTD_GND  
q16_qksv2_d16_design_i/q16_qksv2_d16_0/inst/grp_attention_v2_pruned_fu_606/fexp_32ns_32ns_32_10_full_dsp_1_U61/q16_qksv2_d16_fexp_32ns_32ns_32_10_full_dsp_1_ip_u/inst/i_synth/EXP_OP.i_sp_or_dp.OP/i_ccm_ln2/g_tables[1].i_addsub/dsp.one.dsp48e1_add/i_no_versal_es1_workaround.DSP: DSP48E1 is not using the D port (USE_DPORT = FALSE). For improved power characteristics, set DREG and ADREG to '1', tie CED, CEAD, and RSTD to logic '0'.
Related violations: <none>

AVAL-4#4 Advisory
enum_USE_DPORT_FALSE_enum_DREG_ADREG_0_connects_CED_CEAD_RSTD_GND  
q16_qksv2_d16_design_i/q16_qksv2_d16_0/inst/grp_attention_v2_pruned_fu_606/fexp_32ns_32ns_32_10_full_dsp_1_U61/q16_qksv2_d16_fexp_32ns_32ns_32_10_full_dsp_1_ip_u/inst/i_synth/EXP_OP.i_sp_or_dp.OP/i_ccm_recip_ln2/g_tables[0].i_addsub/dsp.one.dsp48e1_add/i_no_versal_es1_workaround.DSP: DSP48E1 is not using the D port (USE_DPORT = FALSE). For improved power characteristics, set DREG and ADREG to '1', tie CED, CEAD, and RSTD to logic '0'.
Related violations: <none>

AVAL-4#5 Advisory
enum_USE_DPORT_FALSE_enum_DREG_ADREG_0_connects_CED_CEAD_RSTD_GND  
q16_qksv2_d16_design_i/q16_qksv2_d16_0/inst/grp_attention_v2_pruned_fu_606/fexp_32ns_32ns_32_10_full_dsp_1_U61/q16_qksv2_d16_fexp_32ns_32ns_32_10_full_dsp_1_ip_u/inst/i_synth/EXP_OP.i_sp_or_dp.OP/i_ccm_recip_ln2/g_tables[1].i_addsub/dsp.one.dsp48e1_add/i_no_versal_es1_workaround.DSP: DSP48E1 is not using the D port (USE_DPORT = FALSE). For improved power characteristics, set DREG and ADREG to '1', tie CED, CEAD, and RSTD to logic '0'.
Related violations: <none>

AVAL-4#6 Advisory
enum_USE_DPORT_FALSE_enum_DREG_ADREG_0_connects_CED_CEAD_RSTD_GND  
q16_qksv2_d16_design_i/q16_qksv2_d16_0/inst/grp_attention_v2_pruned_fu_606/fexp_32ns_32ns_32_10_full_dsp_1_U61/q16_qksv2_d16_fexp_32ns_32ns_32_10_full_dsp_1_ip_u/inst/i_synth/EXP_OP.i_sp_or_dp.OP/i_renorm_and_round/DSP48_E1.DSP48E1_ADD.DSP48E1_ADD/i_no_versal_es1_workaround.DSP: DSP48E1 is not using the D port (USE_DPORT = FALSE). For improved power characteristics, set DREG and ADREG to '1', tie CED, CEAD, and RSTD to logic '0'.
Related violations: <none>

AVAL-4#7 Advisory
enum_USE_DPORT_FALSE_enum_DREG_ADREG_0_connects_CED_CEAD_RSTD_GND  
q16_qksv2_d16_design_i/q16_qksv2_d16_0/inst/grp_layer_norm_fu_681/fadd_32ns_32ns_32_5_full_dsp_1_U201/q16_qksv2_d16_fadd_32ns_32ns_32_5_full_dsp_1_ip_u/inst/i_synth/ADDSUB_OP.ADDSUB/DSP.OP/DSP48E1_BODY.NORM_RND/FULL_USAGE_DSP.SHIFT_RND/i_no_versal_es1_workaround.DSP: DSP48E1 is not using the D port (USE_DPORT = FALSE). For improved power characteristics, set DREG and ADREG to '1', tie CED, CEAD, and RSTD to logic '0'.
Related violations: <none>

AVAL-4#8 Advisory
enum_USE_DPORT_FALSE_enum_DREG_ADREG_0_connects_CED_CEAD_RSTD_GND  
q16_qksv2_d16_design_i/q16_qksv2_d16_0/inst/grp_q16_qksv2_d16_Pipeline_VITIS_LOOP_238_4_fu_636/grp_layer_norm_1_fu_92/fadd_32ns_32ns_32_5_full_dsp_1_U67/q16_qksv2_d16_fadd_32ns_32ns_32_5_full_dsp_1_ip_u/inst/i_synth/ADDSUB_OP.ADDSUB/DSP.OP/DSP48E1_BODY.NORM_RND/FULL_USAGE_DSP.SHIFT_RND/i_no_versal_es1_workaround.DSP: DSP48E1 is not using the D port (USE_DPORT = FALSE). For improved power characteristics, set DREG and ADREG to '1', tie CED, CEAD, and RSTD to logic '0'.
Related violations: <none>

AVAL-4#9 Advisory
enum_USE_DPORT_FALSE_enum_DREG_ADREG_0_connects_CED_CEAD_RSTD_GND  
q16_qksv2_d16_design_i/q16_qksv2_d16_0/inst/grp_q16_qksv2_d16_Pipeline_VITIS_LOOP_251_5_fu_641/grp_layer_norm_1_fu_94/fadd_32ns_32ns_32_5_full_dsp_1_U67/q16_qksv2_d16_fadd_32ns_32ns_32_5_full_dsp_1_ip_u/inst/i_synth/ADDSUB_OP.ADDSUB/DSP.OP/DSP48E1_BODY.NORM_RND/FULL_USAGE_DSP.SHIFT_RND/i_no_versal_es1_workaround.DSP: DSP48E1 is not using the D port (USE_DPORT = FALSE). For improved power characteristics, set DREG and ADREG to '1', tie CED, CEAD, and RSTD to logic '0'.
Related violations: <none>

AVAL-5#1 Advisory
enum_USE_MULT_NONE_enum_DREG_ADREG_0_connects_CED_CEAD_RSTD_GND  
q16_qksv2_d16_design_i/q16_qksv2_d16_0/inst/grp_attention_v2_pruned_fu_606/fexp_32ns_32ns_32_10_full_dsp_1_U61/q16_qksv2_d16_fexp_32ns_32ns_32_10_full_dsp_1_ip_u/inst/i_synth/EXP_OP.i_sp_or_dp.OP/i_calculate_Xf/dsp.one.dsp48e1_add/i_no_versal_es1_workaround.DSP: DSP48E1 is not using the Multiplier (USE_MULT = NONE). For improved power characteristics, set DREG and ADREG to '1', tie CED, CEAD, and RSTD to logic '0'.
Related violations: <none>

AVAL-5#2 Advisory
enum_USE_MULT_NONE_enum_DREG_ADREG_0_connects_CED_CEAD_RSTD_GND  
q16_qksv2_d16_design_i/q16_qksv2_d16_0/inst/grp_attention_v2_pruned_fu_606/fexp_32ns_32ns_32_10_full_dsp_1_U61/q16_qksv2_d16_fexp_32ns_32ns_32_10_full_dsp_1_ip_u/inst/i_synth/EXP_OP.i_sp_or_dp.OP/i_ccm_ln2/g_tables[0].i_addsub/dsp.one.dsp48e1_add/i_no_versal_es1_workaround.DSP: DSP48E1 is not using the Multiplier (USE_MULT = NONE). For improved power characteristics, set DREG and ADREG to '1', tie CED, CEAD, and RSTD to logic '0'.
Related violations: <none>

AVAL-5#3 Advisory
enum_USE_MULT_NONE_enum_DREG_ADREG_0_connects_CED_CEAD_RSTD_GND  
q16_qksv2_d16_design_i/q16_qksv2_d16_0/inst/grp_attention_v2_pruned_fu_606/fexp_32ns_32ns_32_10_full_dsp_1_U61/q16_qksv2_d16_fexp_32ns_32ns_32_10_full_dsp_1_ip_u/inst/i_synth/EXP_OP.i_sp_or_dp.OP/i_ccm_ln2/g_tables[1].i_addsub/dsp.one.dsp48e1_add/i_no_versal_es1_workaround.DSP: DSP48E1 is not using the Multiplier (USE_MULT = NONE). For improved power characteristics, set DREG and ADREG to '1', tie CED, CEAD, and RSTD to logic '0'.
Related violations: <none>

AVAL-5#4 Advisory
enum_USE_MULT_NONE_enum_DREG_ADREG_0_connects_CED_CEAD_RSTD_GND  
q16_qksv2_d16_design_i/q16_qksv2_d16_0/inst/grp_attention_v2_pruned_fu_606/fexp_32ns_32ns_32_10_full_dsp_1_U61/q16_qksv2_d16_fexp_32ns_32ns_32_10_full_dsp_1_ip_u/inst/i_synth/EXP_OP.i_sp_or_dp.OP/i_ccm_recip_ln2/g_tables[0].i_addsub/dsp.one.dsp48e1_add/i_no_versal_es1_workaround.DSP: DSP48E1 is not using the Multiplier (USE_MULT = NONE). For improved power characteristics, set DREG and ADREG to '1', tie CED, CEAD, and RSTD to logic '0'.
Related violations: <none>

AVAL-5#5 Advisory
enum_USE_MULT_NONE_enum_DREG_ADREG_0_connects_CED_CEAD_RSTD_GND  
q16_qksv2_d16_design_i/q16_qksv2_d16_0/inst/grp_attention_v2_pruned_fu_606/fexp_32ns_32ns_32_10_full_dsp_1_U61/q16_qksv2_d16_fexp_32ns_32ns_32_10_full_dsp_1_ip_u/inst/i_synth/EXP_OP.i_sp_or_dp.OP/i_ccm_recip_ln2/g_tables[1].i_addsub/dsp.one.dsp48e1_add/i_no_versal_es1_workaround.DSP: DSP48E1 is not using the Multiplier (USE_MULT = NONE). For improved power characteristics, set DREG and ADREG to '1', tie CED, CEAD, and RSTD to logic '0'.
Related violations: <none>

AVAL-5#6 Advisory
enum_USE_MULT_NONE_enum_DREG_ADREG_0_connects_CED_CEAD_RSTD_GND  
q16_qksv2_d16_design_i/q16_qksv2_d16_0/inst/grp_attention_v2_pruned_fu_606/fexp_32ns_32ns_32_10_full_dsp_1_U61/q16_qksv2_d16_fexp_32ns_32ns_32_10_full_dsp_1_ip_u/inst/i_synth/EXP_OP.i_sp_or_dp.OP/i_renorm_and_round/DSP48_E1.DSP48E1_ADD.DSP48E1_ADD/i_no_versal_es1_workaround.DSP: DSP48E1 is not using the Multiplier (USE_MULT = NONE). For improved power characteristics, set DREG and ADREG to '1', tie CED, CEAD, and RSTD to logic '0'.
Related violations: <none>

REQP-1725#1 Advisory
DSP_Abus_sign_bit_alert  
q16_qksv2_d16_design_i/q16_qksv2_d16_0/inst/grp_layer_norm_fu_681/fadd_32ns_32ns_32_5_full_dsp_1_U201/q16_qksv2_d16_fadd_32ns_32ns_32_5_full_dsp_1_ip_u/inst/i_synth/ADDSUB_OP.ADDSUB/DSP.OP/DSP48E1_BODY.ALIGN_ADD/DSP2/i_no_versal_es1_workaround.DSP: When using the PreAdder and USE_DPORT is TRUE, the A operand should be restricted to 24 bit two's complement (and sign extended) to avoid over/underflow in the pre-add stage.
Related violations: <none>

REQP-1725#2 Advisory
DSP_Abus_sign_bit_alert  
q16_qksv2_d16_design_i/q16_qksv2_d16_0/inst/grp_q16_qksv2_d16_Pipeline_VITIS_LOOP_238_4_fu_636/grp_layer_norm_1_fu_92/fadd_32ns_32ns_32_5_full_dsp_1_U67/q16_qksv2_d16_fadd_32ns_32ns_32_5_full_dsp_1_ip_u/inst/i_synth/ADDSUB_OP.ADDSUB/DSP.OP/DSP48E1_BODY.ALIGN_ADD/DSP2/i_no_versal_es1_workaround.DSP: When using the PreAdder and USE_DPORT is TRUE, the A operand should be restricted to 24 bit two's complement (and sign extended) to avoid over/underflow in the pre-add stage.
Related violations: <none>

REQP-1725#3 Advisory
DSP_Abus_sign_bit_alert  
q16_qksv2_d16_design_i/q16_qksv2_d16_0/inst/grp_q16_qksv2_d16_Pipeline_VITIS_LOOP_251_5_fu_641/grp_layer_norm_1_fu_94/fadd_32ns_32ns_32_5_full_dsp_1_U67/q16_qksv2_d16_fadd_32ns_32ns_32_5_full_dsp_1_ip_u/inst/i_synth/ADDSUB_OP.ADDSUB/DSP.OP/DSP48E1_BODY.ALIGN_ADD/DSP2/i_no_versal_es1_workaround.DSP: When using the PreAdder and USE_DPORT is TRUE, the A operand should be restricted to 24 bit two's complement (and sign extended) to avoid over/underflow in the pre-add stage.
Related violations: <none>


