

================================================================
== Vitis HLS Report for 'unsw_linear_transformer_Pipeline_VITIS_LOOP_107_7_VITIS_LOOP_108_8'
================================================================
* Date:           Sat Jun 27 12:31:35 2026

* Version:        2022.2 (Build 3670227 on Oct 13 2022)
* Project:        unsw_linear_transformer_prj
* Solution:       solution1 (Vivado IP Flow Target)
* Product family: zynq
* Target device:  xc7z020-clg400-1


================================================================
== Performance Estimates
================================================================
+ Timing: 
    * Summary: 
    +--------+----------+----------+------------+
    |  Clock |  Target  | Estimated| Uncertainty|
    +--------+----------+----------+------------+
    |ap_clk  |  10.00 ns|  7.256 ns|     2.70 ns|
    +--------+----------+----------+------------+

+ Latency: 
    * Summary: 
    +---------+---------+----------+----------+-----+-----+---------+
    |  Latency (cycles) |  Latency (absolute) |  Interval | Pipeline|
    |   min   |   max   |    min   |    max   | min | max |   Type  |
    +---------+---------+----------+----------+-----+-----+---------+
    |      303|      303|  3.030 us|  3.030 us|  303|  303|       no|
    +---------+---------+----------+----------+-----+-----+---------+

    + Detail: 
        * Instance: 
        N/A

        * Loop: 
        +-------------------------------------+---------+---------+----------+-----------+-----------+------+----------+
        |                                     |  Latency (cycles) | Iteration|  Initiation Interval  | Trip |          |
        |              Loop Name              |   min   |   max   |  Latency |  achieved |   target  | Count| Pipelined|
        +-------------------------------------+---------+---------+----------+-----------+-----------+------+----------+
        |- VITIS_LOOP_107_7_VITIS_LOOP_108_8  |      301|      301|        47|          1|          1|   256|       yes|
        +-------------------------------------+---------+---------+----------+-----------+-----------+------+----------+



================================================================
== Utilization Estimates
================================================================
* Summary: 
+-----------------+---------+-----+--------+-------+-----+
|       Name      | BRAM_18K| DSP |   FF   |  LUT  | URAM|
+-----------------+---------+-----+--------+-------+-----+
|DSP              |        -|    -|       -|      -|    -|
|Expression       |        -|    -|       0|    197|    -|
|FIFO             |        -|    -|       -|      -|    -|
|Instance         |        -|    -|       -|      -|    -|
|Memory           |        -|    -|       -|      -|    -|
|Multiplexer      |        -|    -|       -|     72|    -|
|Register         |        -|    -|    1670|    256|    -|
+-----------------+---------+-----+--------+-------+-----+
|Total            |        0|    0|    1670|    525|    0|
+-----------------+---------+-----+--------+-------+-----+
|Available        |      280|  220|  106400|  53200|    0|
+-----------------+---------+-----+--------+-------+-----+
|Utilization (%)  |        0|    0|       1|     ~0|    0|
+-----------------+---------+-----+--------+-------+-----+

+ Detail: 
    * Instance: 
    N/A

    * DSP: 
    N/A

    * Memory: 
    N/A

    * FIFO: 
    N/A

    * Expression: 
    +--------------------------+----------+----+---+----+------------+------------+
    |       Variable Name      | Operation| DSP| FF| LUT| Bitwidth P0| Bitwidth P1|
    +--------------------------+----------+----+---+----+------------+------------+
    |add_ln107_1_fu_588_p2     |         +|   0|  0|  14|           6|           5|
    |add_ln107_2_fu_599_p2     |         +|   0|  0|  14|           7|           6|
    |add_ln107_3_fu_610_p2     |         +|   0|  0|  14|           7|           7|
    |add_ln107_5_fu_368_p2     |         +|   0|  0|  14|           9|           1|
    |add_ln107_fu_380_p2       |         +|   0|  0|  13|           5|           1|
    |add_ln108_fu_554_p2       |         +|   0|  0|  13|           5|           1|
    |add_ln111_1_fu_641_p2     |         +|   0|  0|  14|           7|           6|
    |add_ln111_2_fu_652_p2     |         +|   0|  0|  14|           7|           7|
    |add_ln111_fu_630_p2       |         +|   0|  0|  14|           6|           5|
    |add_ln113_fu_663_p2       |         +|   0|  0|  15|           8|           8|
    |icmp_ln107_fu_362_p2      |      icmp|   0|  0|  11|           9|          10|
    |icmp_ln108_fu_386_p2      |      icmp|   0|  0|  10|           5|           6|
    |select_ln107_1_fu_416_p3  |    select|   0|  0|   5|           1|           5|
    |select_ln107_2_fu_441_p3  |    select|   0|  0|   6|           1|           6|
    |select_ln107_3_fu_462_p3  |    select|   0|  0|   7|           1|           7|
    |select_ln107_fu_392_p3    |    select|   0|  0|   5|           1|           1|
    |ap_enable_pp0             |       xor|   0|  0|   2|           1|           2|
    |xor_ln107_fu_484_p2       |       xor|   0|  0|   6|           5|           6|
    |xor_ln111_fu_539_p2       |       xor|   0|  0|   6|           5|           6|
    +--------------------------+----------+----+---+----+------------+------------+
    |Total                     |          |   0|  0| 197|          96|          96|
    +--------------------------+----------+----+---+----+------------+------------+

    * Multiplexer: 
    +----------------------------------------+----+-----------+-----+-----------+
    |                  Name                  | LUT| Input Size| Bits| Total Bits|
    +----------------------------------------+----+-----------+-----+-----------+
    |ap_done_int                             |   9|          2|    1|          2|
    |ap_enable_reg_pp0_iter1                 |   9|          2|    1|          2|
    |ap_sig_allocacmp_indvar_flatten69_load  |   9|          2|    9|         18|
    |ap_sig_allocacmp_key_feature_load       |   9|          2|    5|         10|
    |ap_sig_allocacmp_value_feature_load     |   9|          2|    5|         10|
    |indvar_flatten69_fu_68                  |   9|          2|    9|         18|
    |key_feature_fu_64                       |   9|          2|    5|         10|
    |value_feature_fu_60                     |   9|          2|    5|         10|
    +----------------------------------------+----+-----------+-----+-----------+
    |Total                                   |  72|         16|   40|         80|
    +----------------------------------------+----+-----------+-----+-----------+

    * Register: 
    +-----------------------------------+----+----+-----+-----------+
    |                Name               | FF | LUT| Bits| Const Bits|
    +-----------------------------------+----+----+-----+-----------+
    |add_ln113_reg_821                  |   8|   0|    8|          0|
    |ap_CS_fsm                          |   1|   0|    1|          0|
    |ap_done_reg                        |   1|   0|    1|          0|
    |ap_enable_reg_pp0_iter1            |   1|   0|    1|          0|
    |ap_enable_reg_pp0_iter10           |   1|   0|    1|          0|
    |ap_enable_reg_pp0_iter11           |   1|   0|    1|          0|
    |ap_enable_reg_pp0_iter12           |   1|   0|    1|          0|
    |ap_enable_reg_pp0_iter13           |   1|   0|    1|          0|
    |ap_enable_reg_pp0_iter14           |   1|   0|    1|          0|
    |ap_enable_reg_pp0_iter15           |   1|   0|    1|          0|
    |ap_enable_reg_pp0_iter16           |   1|   0|    1|          0|
    |ap_enable_reg_pp0_iter17           |   1|   0|    1|          0|
    |ap_enable_reg_pp0_iter18           |   1|   0|    1|          0|
    |ap_enable_reg_pp0_iter19           |   1|   0|    1|          0|
    |ap_enable_reg_pp0_iter2            |   1|   0|    1|          0|
    |ap_enable_reg_pp0_iter20           |   1|   0|    1|          0|
    |ap_enable_reg_pp0_iter21           |   1|   0|    1|          0|
    |ap_enable_reg_pp0_iter22           |   1|   0|    1|          0|
    |ap_enable_reg_pp0_iter23           |   1|   0|    1|          0|
    |ap_enable_reg_pp0_iter24           |   1|   0|    1|          0|
    |ap_enable_reg_pp0_iter25           |   1|   0|    1|          0|
    |ap_enable_reg_pp0_iter26           |   1|   0|    1|          0|
    |ap_enable_reg_pp0_iter27           |   1|   0|    1|          0|
    |ap_enable_reg_pp0_iter28           |   1|   0|    1|          0|
    |ap_enable_reg_pp0_iter29           |   1|   0|    1|          0|
    |ap_enable_reg_pp0_iter3            |   1|   0|    1|          0|
    |ap_enable_reg_pp0_iter30           |   1|   0|    1|          0|
    |ap_enable_reg_pp0_iter31           |   1|   0|    1|          0|
    |ap_enable_reg_pp0_iter32           |   1|   0|    1|          0|
    |ap_enable_reg_pp0_iter33           |   1|   0|    1|          0|
    |ap_enable_reg_pp0_iter34           |   1|   0|    1|          0|
    |ap_enable_reg_pp0_iter35           |   1|   0|    1|          0|
    |ap_enable_reg_pp0_iter36           |   1|   0|    1|          0|
    |ap_enable_reg_pp0_iter37           |   1|   0|    1|          0|
    |ap_enable_reg_pp0_iter38           |   1|   0|    1|          0|
    |ap_enable_reg_pp0_iter39           |   1|   0|    1|          0|
    |ap_enable_reg_pp0_iter4            |   1|   0|    1|          0|
    |ap_enable_reg_pp0_iter40           |   1|   0|    1|          0|
    |ap_enable_reg_pp0_iter41           |   1|   0|    1|          0|
    |ap_enable_reg_pp0_iter42           |   1|   0|    1|          0|
    |ap_enable_reg_pp0_iter43           |   1|   0|    1|          0|
    |ap_enable_reg_pp0_iter44           |   1|   0|    1|          0|
    |ap_enable_reg_pp0_iter45           |   1|   0|    1|          0|
    |ap_enable_reg_pp0_iter46           |   1|   0|    1|          0|
    |ap_enable_reg_pp0_iter5            |   1|   0|    1|          0|
    |ap_enable_reg_pp0_iter6            |   1|   0|    1|          0|
    |ap_enable_reg_pp0_iter7            |   1|   0|    1|          0|
    |ap_enable_reg_pp0_iter8            |   1|   0|    1|          0|
    |ap_enable_reg_pp0_iter9            |   1|   0|    1|          0|
    |ap_loop_exit_ready_pp0_iter10_reg  |   1|   0|    1|          0|
    |ap_loop_exit_ready_pp0_iter11_reg  |   1|   0|    1|          0|
    |ap_loop_exit_ready_pp0_iter12_reg  |   1|   0|    1|          0|
    |ap_loop_exit_ready_pp0_iter13_reg  |   1|   0|    1|          0|
    |ap_loop_exit_ready_pp0_iter14_reg  |   1|   0|    1|          0|
    |ap_loop_exit_ready_pp0_iter15_reg  |   1|   0|    1|          0|
    |ap_loop_exit_ready_pp0_iter16_reg  |   1|   0|    1|          0|
    |ap_loop_exit_ready_pp0_iter17_reg  |   1|   0|    1|          0|
    |ap_loop_exit_ready_pp0_iter18_reg  |   1|   0|    1|          0|
    |ap_loop_exit_ready_pp0_iter19_reg  |   1|   0|    1|          0|
    |ap_loop_exit_ready_pp0_iter1_reg   |   1|   0|    1|          0|
    |ap_loop_exit_ready_pp0_iter20_reg  |   1|   0|    1|          0|
    |ap_loop_exit_ready_pp0_iter21_reg  |   1|   0|    1|          0|
    |ap_loop_exit_ready_pp0_iter22_reg  |   1|   0|    1|          0|
    |ap_loop_exit_ready_pp0_iter23_reg  |   1|   0|    1|          0|
    |ap_loop_exit_ready_pp0_iter24_reg  |   1|   0|    1|          0|
    |ap_loop_exit_ready_pp0_iter25_reg  |   1|   0|    1|          0|
    |ap_loop_exit_ready_pp0_iter26_reg  |   1|   0|    1|          0|
    |ap_loop_exit_ready_pp0_iter27_reg  |   1|   0|    1|          0|
    |ap_loop_exit_ready_pp0_iter28_reg  |   1|   0|    1|          0|
    |ap_loop_exit_ready_pp0_iter29_reg  |   1|   0|    1|          0|
    |ap_loop_exit_ready_pp0_iter2_reg   |   1|   0|    1|          0|
    |ap_loop_exit_ready_pp0_iter30_reg  |   1|   0|    1|          0|
    |ap_loop_exit_ready_pp0_iter31_reg  |   1|   0|    1|          0|
    |ap_loop_exit_ready_pp0_iter32_reg  |   1|   0|    1|          0|
    |ap_loop_exit_ready_pp0_iter33_reg  |   1|   0|    1|          0|
    |ap_loop_exit_ready_pp0_iter34_reg  |   1|   0|    1|          0|
    |ap_loop_exit_ready_pp0_iter35_reg  |   1|   0|    1|          0|
    |ap_loop_exit_ready_pp0_iter36_reg  |   1|   0|    1|          0|
    |ap_loop_exit_ready_pp0_iter37_reg  |   1|   0|    1|          0|
    |ap_loop_exit_ready_pp0_iter38_reg  |   1|   0|    1|          0|
    |ap_loop_exit_ready_pp0_iter39_reg  |   1|   0|    1|          0|
    |ap_loop_exit_ready_pp0_iter3_reg   |   1|   0|    1|          0|
    |ap_loop_exit_ready_pp0_iter40_reg  |   1|   0|    1|          0|
    |ap_loop_exit_ready_pp0_iter41_reg  |   1|   0|    1|          0|
    |ap_loop_exit_ready_pp0_iter42_reg  |   1|   0|    1|          0|
    |ap_loop_exit_ready_pp0_iter43_reg  |   1|   0|    1|          0|
    |ap_loop_exit_ready_pp0_iter44_reg  |   1|   0|    1|          0|
    |ap_loop_exit_ready_pp0_iter45_reg  |   1|   0|    1|          0|
    |ap_loop_exit_ready_pp0_iter4_reg   |   1|   0|    1|          0|
    |ap_loop_exit_ready_pp0_iter5_reg   |   1|   0|    1|          0|
    |ap_loop_exit_ready_pp0_iter6_reg   |   1|   0|    1|          0|
    |ap_loop_exit_ready_pp0_iter7_reg   |   1|   0|    1|          0|
    |ap_loop_exit_ready_pp0_iter8_reg   |   1|   0|    1|          0|
    |ap_loop_exit_ready_pp0_iter9_reg   |   1|   0|    1|          0|
    |indvar_flatten69_fu_68             |   9|   0|    9|          0|
    |key_feature_fu_64                  |   5|   0|    5|          0|
    |key_load_10_reg_856                |  32|   0|   32|          0|
    |key_load_11_reg_786                |  32|   0|   32|          0|
    |key_load_12_reg_861                |  32|   0|   32|          0|
    |key_load_13_reg_796                |  32|   0|   32|          0|
    |key_load_14_reg_801                |  32|   0|   32|          0|
    |key_load_8_reg_851                 |  32|   0|   32|          0|
    |key_load_9_reg_776                 |  32|   0|   32|          0|
    |key_load_reg_766                   |  32|   0|   32|          0|
    |mul4_1_reg_906                     |  32|   0|   32|          0|
    |mul4_2_reg_886                     |  32|   0|   32|          0|
    |mul4_3_reg_911                     |  32|   0|   32|          0|
    |mul4_4_reg_891                     |  32|   0|   32|          0|
    |mul4_5_reg_916                     |  32|   0|   32|          0|
    |mul4_6_reg_896                     |  32|   0|   32|          0|
    |mul4_7_reg_901                     |  32|   0|   32|          0|
    |mul4_reg_881                       |  32|   0|   32|          0|
    |select_ln107_1_reg_705             |   5|   0|    5|          0|
    |select_ln107_reg_698               |   5|   0|    5|          0|
    |sum_6_1_reg_926                    |  32|   0|   32|          0|
    |sum_6_2_reg_931                    |  32|   0|   32|          0|
    |sum_6_3_reg_936                    |  32|   0|   32|          0|
    |sum_6_4_reg_941                    |  32|   0|   32|          0|
    |sum_6_5_reg_946                    |  32|   0|   32|          0|
    |sum_6_6_reg_951                    |  32|   0|   32|          0|
    |sum_6_7_reg_956                    |  32|   0|   32|          0|
    |sum_6_reg_921                      |  32|   0|   32|          0|
    |trunc_ln113_reg_711                |   4|   0|    4|          0|
    |value_feature_fu_60                |   5|   0|    5|          0|
    |value_load_1_reg_866               |  32|   0|   32|          0|
    |value_load_2_reg_831               |  32|   0|   32|          0|
    |value_load_3_reg_871               |  32|   0|   32|          0|
    |value_load_4_reg_836               |  32|   0|   32|          0|
    |value_load_5_reg_876               |  32|   0|   32|          0|
    |value_load_6_reg_841               |  32|   0|   32|          0|
    |value_load_7_reg_846               |  32|   0|   32|          0|
    |value_load_reg_826                 |  32|   0|   32|          0|
    |add_ln113_reg_821                  |  64|  32|    8|          0|
    |mul4_1_reg_906                     |  64|  32|   32|          0|
    |mul4_2_reg_886                     |  64|  32|   32|          0|
    |mul4_3_reg_911                     |  64|  32|   32|          0|
    |mul4_4_reg_891                     |  64|  32|   32|          0|
    |mul4_5_reg_916                     |  64|  32|   32|          0|
    |mul4_6_reg_896                     |  64|  32|   32|          0|
    |mul4_7_reg_901                     |  64|  32|   32|          0|
    +-----------------------------------+----+----+-----+-----------+
    |Total                              |1670| 256| 1390|          0|
    +-----------------------------------+----+----+-----+-----------+



================================================================
== Interface
================================================================
* Summary: 
+----------------------+-----+-----+------------+--------------------------------------------------------------------+--------------+
|       RTL Ports      | Dir | Bits|  Protocol  |                            Source Object                           |    C Type    |
+----------------------+-----+-----+------------+--------------------------------------------------------------------+--------------+
|ap_clk                |   in|    1|  ap_ctrl_hs|  unsw_linear_transformer_Pipeline_VITIS_LOOP_107_7_VITIS_LOOP_108_8|  return value|
|ap_rst                |   in|    1|  ap_ctrl_hs|  unsw_linear_transformer_Pipeline_VITIS_LOOP_107_7_VITIS_LOOP_108_8|  return value|
|ap_start              |   in|    1|  ap_ctrl_hs|  unsw_linear_transformer_Pipeline_VITIS_LOOP_107_7_VITIS_LOOP_108_8|  return value|
|ap_done               |  out|    1|  ap_ctrl_hs|  unsw_linear_transformer_Pipeline_VITIS_LOOP_107_7_VITIS_LOOP_108_8|  return value|
|ap_idle               |  out|    1|  ap_ctrl_hs|  unsw_linear_transformer_Pipeline_VITIS_LOOP_107_7_VITIS_LOOP_108_8|  return value|
|ap_ready              |  out|    1|  ap_ctrl_hs|  unsw_linear_transformer_Pipeline_VITIS_LOOP_107_7_VITIS_LOOP_108_8|  return value|
|grp_fu_1196_p_din0    |  out|   32|  ap_ctrl_hs|  unsw_linear_transformer_Pipeline_VITIS_LOOP_107_7_VITIS_LOOP_108_8|  return value|
|grp_fu_1196_p_din1    |  out|   32|  ap_ctrl_hs|  unsw_linear_transformer_Pipeline_VITIS_LOOP_107_7_VITIS_LOOP_108_8|  return value|
|grp_fu_1196_p_opcode  |  out|    1|  ap_ctrl_hs|  unsw_linear_transformer_Pipeline_VITIS_LOOP_107_7_VITIS_LOOP_108_8|  return value|
|grp_fu_1196_p_dout0   |   in|   32|  ap_ctrl_hs|  unsw_linear_transformer_Pipeline_VITIS_LOOP_107_7_VITIS_LOOP_108_8|  return value|
|grp_fu_1196_p_ce      |  out|    1|  ap_ctrl_hs|  unsw_linear_transformer_Pipeline_VITIS_LOOP_107_7_VITIS_LOOP_108_8|  return value|
|grp_fu_1884_p_din0    |  out|   32|  ap_ctrl_hs|  unsw_linear_transformer_Pipeline_VITIS_LOOP_107_7_VITIS_LOOP_108_8|  return value|
|grp_fu_1884_p_din1    |  out|   32|  ap_ctrl_hs|  unsw_linear_transformer_Pipeline_VITIS_LOOP_107_7_VITIS_LOOP_108_8|  return value|
|grp_fu_1884_p_opcode  |  out|    2|  ap_ctrl_hs|  unsw_linear_transformer_Pipeline_VITIS_LOOP_107_7_VITIS_LOOP_108_8|  return value|
|grp_fu_1884_p_dout0   |   in|   32|  ap_ctrl_hs|  unsw_linear_transformer_Pipeline_VITIS_LOOP_107_7_VITIS_LOOP_108_8|  return value|
|grp_fu_1884_p_ce      |  out|    1|  ap_ctrl_hs|  unsw_linear_transformer_Pipeline_VITIS_LOOP_107_7_VITIS_LOOP_108_8|  return value|
|grp_fu_1888_p_din0    |  out|   32|  ap_ctrl_hs|  unsw_linear_transformer_Pipeline_VITIS_LOOP_107_7_VITIS_LOOP_108_8|  return value|
|grp_fu_1888_p_din1    |  out|   32|  ap_ctrl_hs|  unsw_linear_transformer_Pipeline_VITIS_LOOP_107_7_VITIS_LOOP_108_8|  return value|
|grp_fu_1888_p_opcode  |  out|    1|  ap_ctrl_hs|  unsw_linear_transformer_Pipeline_VITIS_LOOP_107_7_VITIS_LOOP_108_8|  return value|
|grp_fu_1888_p_dout0   |   in|   32|  ap_ctrl_hs|  unsw_linear_transformer_Pipeline_VITIS_LOOP_107_7_VITIS_LOOP_108_8|  return value|
|grp_fu_1888_p_ce      |  out|    1|  ap_ctrl_hs|  unsw_linear_transformer_Pipeline_VITIS_LOOP_107_7_VITIS_LOOP_108_8|  return value|
|grp_fu_1896_p_din0    |  out|   32|  ap_ctrl_hs|  unsw_linear_transformer_Pipeline_VITIS_LOOP_107_7_VITIS_LOOP_108_8|  return value|
|grp_fu_1896_p_din1    |  out|   32|  ap_ctrl_hs|  unsw_linear_transformer_Pipeline_VITIS_LOOP_107_7_VITIS_LOOP_108_8|  return value|
|grp_fu_1896_p_opcode  |  out|    1|  ap_ctrl_hs|  unsw_linear_transformer_Pipeline_VITIS_LOOP_107_7_VITIS_LOOP_108_8|  return value|
|grp_fu_1896_p_dout0   |   in|   32|  ap_ctrl_hs|  unsw_linear_transformer_Pipeline_VITIS_LOOP_107_7_VITIS_LOOP_108_8|  return value|
|grp_fu_1896_p_ce      |  out|    1|  ap_ctrl_hs|  unsw_linear_transformer_Pipeline_VITIS_LOOP_107_7_VITIS_LOOP_108_8|  return value|
|grp_fu_1900_p_din0    |  out|   32|  ap_ctrl_hs|  unsw_linear_transformer_Pipeline_VITIS_LOOP_107_7_VITIS_LOOP_108_8|  return value|
|grp_fu_1900_p_din1    |  out|   32|  ap_ctrl_hs|  unsw_linear_transformer_Pipeline_VITIS_LOOP_107_7_VITIS_LOOP_108_8|  return value|
|grp_fu_1900_p_opcode  |  out|    1|  ap_ctrl_hs|  unsw_linear_transformer_Pipeline_VITIS_LOOP_107_7_VITIS_LOOP_108_8|  return value|
|grp_fu_1900_p_dout0   |   in|   32|  ap_ctrl_hs|  unsw_linear_transformer_Pipeline_VITIS_LOOP_107_7_VITIS_LOOP_108_8|  return value|
|grp_fu_1900_p_ce      |  out|    1|  ap_ctrl_hs|  unsw_linear_transformer_Pipeline_VITIS_LOOP_107_7_VITIS_LOOP_108_8|  return value|
|grp_fu_1904_p_din0    |  out|   32|  ap_ctrl_hs|  unsw_linear_transformer_Pipeline_VITIS_LOOP_107_7_VITIS_LOOP_108_8|  return value|
|grp_fu_1904_p_din1    |  out|   32|  ap_ctrl_hs|  unsw_linear_transformer_Pipeline_VITIS_LOOP_107_7_VITIS_LOOP_108_8|  return value|
|grp_fu_1904_p_opcode  |  out|    1|  ap_ctrl_hs|  unsw_linear_transformer_Pipeline_VITIS_LOOP_107_7_VITIS_LOOP_108_8|  return value|
|grp_fu_1904_p_dout0   |   in|   32|  ap_ctrl_hs|  unsw_linear_transformer_Pipeline_VITIS_LOOP_107_7_VITIS_LOOP_108_8|  return value|
|grp_fu_1904_p_ce      |  out|    1|  ap_ctrl_hs|  unsw_linear_transformer_Pipeline_VITIS_LOOP_107_7_VITIS_LOOP_108_8|  return value|
|grp_fu_1908_p_din0    |  out|   32|  ap_ctrl_hs|  unsw_linear_transformer_Pipeline_VITIS_LOOP_107_7_VITIS_LOOP_108_8|  return value|
|grp_fu_1908_p_din1    |  out|   32|  ap_ctrl_hs|  unsw_linear_transformer_Pipeline_VITIS_LOOP_107_7_VITIS_LOOP_108_8|  return value|
|grp_fu_1908_p_opcode  |  out|    1|  ap_ctrl_hs|  unsw_linear_transformer_Pipeline_VITIS_LOOP_107_7_VITIS_LOOP_108_8|  return value|
|grp_fu_1908_p_dout0   |   in|   32|  ap_ctrl_hs|  unsw_linear_transformer_Pipeline_VITIS_LOOP_107_7_VITIS_LOOP_108_8|  return value|
|grp_fu_1908_p_ce      |  out|    1|  ap_ctrl_hs|  unsw_linear_transformer_Pipeline_VITIS_LOOP_107_7_VITIS_LOOP_108_8|  return value|
|grp_fu_1912_p_din0    |  out|   32|  ap_ctrl_hs|  unsw_linear_transformer_Pipeline_VITIS_LOOP_107_7_VITIS_LOOP_108_8|  return value|
|grp_fu_1912_p_din1    |  out|   32|  ap_ctrl_hs|  unsw_linear_transformer_Pipeline_VITIS_LOOP_107_7_VITIS_LOOP_108_8|  return value|
|grp_fu_1912_p_opcode  |  out|    1|  ap_ctrl_hs|  unsw_linear_transformer_Pipeline_VITIS_LOOP_107_7_VITIS_LOOP_108_8|  return value|
|grp_fu_1912_p_dout0   |   in|   32|  ap_ctrl_hs|  unsw_linear_transformer_Pipeline_VITIS_LOOP_107_7_VITIS_LOOP_108_8|  return value|
|grp_fu_1912_p_ce      |  out|    1|  ap_ctrl_hs|  unsw_linear_transformer_Pipeline_VITIS_LOOP_107_7_VITIS_LOOP_108_8|  return value|
|grp_fu_1201_p_din0    |  out|   32|  ap_ctrl_hs|  unsw_linear_transformer_Pipeline_VITIS_LOOP_107_7_VITIS_LOOP_108_8|  return value|
|grp_fu_1201_p_din1    |  out|   32|  ap_ctrl_hs|  unsw_linear_transformer_Pipeline_VITIS_LOOP_107_7_VITIS_LOOP_108_8|  return value|
|grp_fu_1201_p_dout0   |   in|   32|  ap_ctrl_hs|  unsw_linear_transformer_Pipeline_VITIS_LOOP_107_7_VITIS_LOOP_108_8|  return value|
|grp_fu_1201_p_ce      |  out|    1|  ap_ctrl_hs|  unsw_linear_transformer_Pipeline_VITIS_LOOP_107_7_VITIS_LOOP_108_8|  return value|
|grp_fu_1892_p_din0    |  out|   32|  ap_ctrl_hs|  unsw_linear_transformer_Pipeline_VITIS_LOOP_107_7_VITIS_LOOP_108_8|  return value|
|grp_fu_1892_p_din1    |  out|   32|  ap_ctrl_hs|  unsw_linear_transformer_Pipeline_VITIS_LOOP_107_7_VITIS_LOOP_108_8|  return value|
|grp_fu_1892_p_dout0   |   in|   32|  ap_ctrl_hs|  unsw_linear_transformer_Pipeline_VITIS_LOOP_107_7_VITIS_LOOP_108_8|  return value|
|grp_fu_1892_p_ce      |  out|    1|  ap_ctrl_hs|  unsw_linear_transformer_Pipeline_VITIS_LOOP_107_7_VITIS_LOOP_108_8|  return value|
|grp_fu_1952_p_din0    |  out|   32|  ap_ctrl_hs|  unsw_linear_transformer_Pipeline_VITIS_LOOP_107_7_VITIS_LOOP_108_8|  return value|
|grp_fu_1952_p_din1    |  out|   32|  ap_ctrl_hs|  unsw_linear_transformer_Pipeline_VITIS_LOOP_107_7_VITIS_LOOP_108_8|  return value|
|grp_fu_1952_p_dout0   |   in|   32|  ap_ctrl_hs|  unsw_linear_transformer_Pipeline_VITIS_LOOP_107_7_VITIS_LOOP_108_8|  return value|
|grp_fu_1952_p_ce      |  out|    1|  ap_ctrl_hs|  unsw_linear_transformer_Pipeline_VITIS_LOOP_107_7_VITIS_LOOP_108_8|  return value|
|grp_fu_1956_p_din0    |  out|   32|  ap_ctrl_hs|  unsw_linear_transformer_Pipeline_VITIS_LOOP_107_7_VITIS_LOOP_108_8|  return value|
|grp_fu_1956_p_din1    |  out|   32|  ap_ctrl_hs|  unsw_linear_transformer_Pipeline_VITIS_LOOP_107_7_VITIS_LOOP_108_8|  return value|
|grp_fu_1956_p_dout0   |   in|   32|  ap_ctrl_hs|  unsw_linear_transformer_Pipeline_VITIS_LOOP_107_7_VITIS_LOOP_108_8|  return value|
|grp_fu_1956_p_ce      |  out|    1|  ap_ctrl_hs|  unsw_linear_transformer_Pipeline_VITIS_LOOP_107_7_VITIS_LOOP_108_8|  return value|
|grp_fu_1960_p_din0    |  out|   32|  ap_ctrl_hs|  unsw_linear_transformer_Pipeline_VITIS_LOOP_107_7_VITIS_LOOP_108_8|  return value|
|grp_fu_1960_p_din1    |  out|   32|  ap_ctrl_hs|  unsw_linear_transformer_Pipeline_VITIS_LOOP_107_7_VITIS_LOOP_108_8|  return value|
|grp_fu_1960_p_dout0   |   in|   32|  ap_ctrl_hs|  unsw_linear_transformer_Pipeline_VITIS_LOOP_107_7_VITIS_LOOP_108_8|  return value|
|grp_fu_1960_p_ce      |  out|    1|  ap_ctrl_hs|  unsw_linear_transformer_Pipeline_VITIS_LOOP_107_7_VITIS_LOOP_108_8|  return value|
|grp_fu_1964_p_din0    |  out|   32|  ap_ctrl_hs|  unsw_linear_transformer_Pipeline_VITIS_LOOP_107_7_VITIS_LOOP_108_8|  return value|
|grp_fu_1964_p_din1    |  out|   32|  ap_ctrl_hs|  unsw_linear_transformer_Pipeline_VITIS_LOOP_107_7_VITIS_LOOP_108_8|  return value|
|grp_fu_1964_p_dout0   |   in|   32|  ap_ctrl_hs|  unsw_linear_transformer_Pipeline_VITIS_LOOP_107_7_VITIS_LOOP_108_8|  return value|
|grp_fu_1964_p_ce      |  out|    1|  ap_ctrl_hs|  unsw_linear_transformer_Pipeline_VITIS_LOOP_107_7_VITIS_LOOP_108_8|  return value|
|grp_fu_1968_p_din0    |  out|   32|  ap_ctrl_hs|  unsw_linear_transformer_Pipeline_VITIS_LOOP_107_7_VITIS_LOOP_108_8|  return value|
|grp_fu_1968_p_din1    |  out|   32|  ap_ctrl_hs|  unsw_linear_transformer_Pipeline_VITIS_LOOP_107_7_VITIS_LOOP_108_8|  return value|
|grp_fu_1968_p_dout0   |   in|   32|  ap_ctrl_hs|  unsw_linear_transformer_Pipeline_VITIS_LOOP_107_7_VITIS_LOOP_108_8|  return value|
|grp_fu_1968_p_ce      |  out|    1|  ap_ctrl_hs|  unsw_linear_transformer_Pipeline_VITIS_LOOP_107_7_VITIS_LOOP_108_8|  return value|
|grp_fu_1972_p_din0    |  out|   32|  ap_ctrl_hs|  unsw_linear_transformer_Pipeline_VITIS_LOOP_107_7_VITIS_LOOP_108_8|  return value|
|grp_fu_1972_p_din1    |  out|   32|  ap_ctrl_hs|  unsw_linear_transformer_Pipeline_VITIS_LOOP_107_7_VITIS_LOOP_108_8|  return value|
|grp_fu_1972_p_dout0   |   in|   32|  ap_ctrl_hs|  unsw_linear_transformer_Pipeline_VITIS_LOOP_107_7_VITIS_LOOP_108_8|  return value|
|grp_fu_1972_p_ce      |  out|    1|  ap_ctrl_hs|  unsw_linear_transformer_Pipeline_VITIS_LOOP_107_7_VITIS_LOOP_108_8|  return value|
|key_address0          |  out|    7|   ap_memory|                                                                 key|         array|
|key_ce0               |  out|    1|   ap_memory|                                                                 key|         array|
|key_q0                |   in|   32|   ap_memory|                                                                 key|         array|
|key_address1          |  out|    7|   ap_memory|                                                                 key|         array|
|key_ce1               |  out|    1|   ap_memory|                                                                 key|         array|
|key_q1                |   in|   32|   ap_memory|                                                                 key|         array|
|key_address2          |  out|    7|   ap_memory|                                                                 key|         array|
|key_ce2               |  out|    1|   ap_memory|                                                                 key|         array|
|key_q2                |   in|   32|   ap_memory|                                                                 key|         array|
|key_address3          |  out|    7|   ap_memory|                                                                 key|         array|
|key_ce3               |  out|    1|   ap_memory|                                                                 key|         array|
|key_q3                |   in|   32|   ap_memory|                                                                 key|         array|
|key_address4          |  out|    7|   ap_memory|                                                                 key|         array|
|key_ce4               |  out|    1|   ap_memory|                                                                 key|         array|
|key_q4                |   in|   32|   ap_memory|                                                                 key|         array|
|key_address5          |  out|    7|   ap_memory|                                                                 key|         array|
|key_ce5               |  out|    1|   ap_memory|                                                                 key|         array|
|key_q5                |   in|   32|   ap_memory|                                                                 key|         array|
|key_address6          |  out|    7|   ap_memory|                                                                 key|         array|
|key_ce6               |  out|    1|   ap_memory|                                                                 key|         array|
|key_q6                |   in|   32|   ap_memory|                                                                 key|         array|
|key_address7          |  out|    7|   ap_memory|                                                                 key|         array|
|key_ce7               |  out|    1|   ap_memory|                                                                 key|         array|
|key_q7                |   in|   32|   ap_memory|                                                                 key|         array|
|value_r_address0      |  out|    7|   ap_memory|                                                             value_r|         array|
|value_r_ce0           |  out|    1|   ap_memory|                                                             value_r|         array|
|value_r_q0            |   in|   32|   ap_memory|                                                             value_r|         array|
|value_r_address1      |  out|    7|   ap_memory|                                                             value_r|         array|
|value_r_ce1           |  out|    1|   ap_memory|                                                             value_r|         array|
|value_r_q1            |   in|   32|   ap_memory|                                                             value_r|         array|
|value_r_address2      |  out|    7|   ap_memory|                                                             value_r|         array|
|value_r_ce2           |  out|    1|   ap_memory|                                                             value_r|         array|
|value_r_q2            |   in|   32|   ap_memory|                                                             value_r|         array|
|value_r_address3      |  out|    7|   ap_memory|                                                             value_r|         array|
|value_r_ce3           |  out|    1|   ap_memory|                                                             value_r|         array|
|value_r_q3            |   in|   32|   ap_memory|                                                             value_r|         array|
|value_r_address4      |  out|    7|   ap_memory|                                                             value_r|         array|
|value_r_ce4           |  out|    1|   ap_memory|                                                             value_r|         array|
|value_r_q4            |   in|   32|   ap_memory|                                                             value_r|         array|
|value_r_address5      |  out|    7|   ap_memory|                                                             value_r|         array|
|value_r_ce5           |  out|    1|   ap_memory|                                                             value_r|         array|
|value_r_q5            |   in|   32|   ap_memory|                                                             value_r|         array|
|value_r_address6      |  out|    7|   ap_memory|                                                             value_r|         array|
|value_r_ce6           |  out|    1|   ap_memory|                                                             value_r|         array|
|value_r_q6            |   in|   32|   ap_memory|                                                             value_r|         array|
|value_r_address7      |  out|    7|   ap_memory|                                                             value_r|         array|
|value_r_ce7           |  out|    1|   ap_memory|                                                             value_r|         array|
|value_r_q7            |   in|   32|   ap_memory|                                                             value_r|         array|
|key_value_address0    |  out|    8|   ap_memory|                                                           key_value|         array|
|key_value_ce0         |  out|    1|   ap_memory|                                                           key_value|         array|
|key_value_we0         |  out|    1|   ap_memory|                                                           key_value|         array|
|key_value_d0          |  out|   32|   ap_memory|                                                           key_value|         array|
+----------------------+-----+-----+------------+--------------------------------------------------------------------+--------------+

