

================================================================
== Vitis HLS Report for 'unsw_linear_transformer_Pipeline_VITIS_LOOP_200_25'
================================================================
* Date:           Sat Jun 27 12:31:41 2026

* Version:        2022.2 (Build 3670227 on Oct 13 2022)
* Project:        unsw_linear_transformer_prj
* Solution:       solution1 (Vivado IP Flow Target)
* Product family: zynq
* Target device:  xc7z020-clg400-1


================================================================
== Performance Estimates
================================================================
+ Timing: 
    * Summary: 
    +--------+----------+----------+------------+
    |  Clock |  Target  | Estimated| Uncertainty|
    +--------+----------+----------+------------+
    |ap_clk  |  10.00 ns|  7.256 ns|     2.70 ns|
    +--------+----------+----------+------------+

+ Latency: 
    * Summary: 
    +---------+---------+----------+----------+-----+-----+---------+
    |  Latency (cycles) |  Latency (absolute) |  Interval | Pipeline|
    |   min   |   max   |    min   |    max   | min | max |   Type  |
    +---------+---------+----------+----------+-----+-----+---------+
    |      108|      108|  1.080 us|  1.080 us|  108|  108|       no|
    +---------+---------+----------+----------+-----+-----+---------+

    + Detail: 
        * Instance: 
        N/A

        * Loop: 
        +---------------------+---------+---------+----------+-----------+-----------+------+----------+
        |                     |  Latency (cycles) | Iteration|  Initiation Interval  | Trip |          |
        |      Loop Name      |   min   |   max   |  Latency |  achieved |   target  | Count| Pipelined|
        +---------------------+---------+---------+----------+-----------+-----------+------+----------+
        |- VITIS_LOOP_200_25  |      106|      106|        47|          4|          1|    16|       yes|
        +---------------------+---------+---------+----------+-----------+-----------+------+----------+



================================================================
== Utilization Estimates
================================================================
* Summary: 
+-----------------+---------+-----+--------+-------+-----+
|       Name      | BRAM_18K| DSP |   FF   |  LUT  | URAM|
+-----------------+---------+-----+--------+-------+-----+
|DSP              |        -|    -|       -|      -|    -|
|Expression       |        -|    -|       0|     45|    -|
|FIFO             |        -|    -|       -|      -|    -|
|Instance         |        -|    -|       -|      -|    -|
|Memory           |        -|    -|       -|      -|    -|
|Multiplexer      |        -|    -|       -|    319|    -|
|Register         |        -|    -|     917|    160|    -|
+-----------------+---------+-----+--------+-------+-----+
|Total            |        0|    0|     917|    524|    0|
+-----------------+---------+-----+--------+-------+-----+
|Available        |      280|  220|  106400|  53200|    0|
+-----------------+---------+-----+--------+-------+-----+
|Utilization (%)  |        0|    0|      ~0|     ~0|    0|
+-----------------+---------+-----+--------+-------+-----+

+ Detail: 
    * Instance: 
    N/A

    * DSP: 
    N/A

    * Memory: 
    N/A

    * FIFO: 
    N/A

    * Expression: 
    +----------------------+----------+----+---+----+------------+------------+
    |     Variable Name    | Operation| DSP| FF| LUT| Bitwidth P0| Bitwidth P1|
    +----------------------+----------+----+---+----+------------+------------+
    |add_ln200_fu_167_p2   |         +|   0|  0|  13|           5|           1|
    |add_ln203_fu_222_p2   |         +|   0|  0|  14|           7|           7|
    |icmp_ln200_fu_156_p2  |      icmp|   0|  0|  10|           5|           6|
    |ap_enable_pp0         |       xor|   0|  0|   2|           1|           2|
    |xor_ln203_fu_177_p2   |       xor|   0|  0|   6|           5|           6|
    +----------------------+----------+----+---+----+------------+------------+
    |Total                 |          |   0|  0|  45|          23|          22|
    +----------------------+----------+----+---+----+------------+------------+

    * Multiplexer: 
    +-----------------------------------+----+-----------+-----+-----------+
    |                Name               | LUT| Input Size| Bits| Total Bits|
    +-----------------------------------+----+-----------+-----+-----------+
    |ap_NS_fsm                          |  25|          5|    1|          5|
    |ap_done_int                        |   9|          2|    1|          2|
    |ap_enable_reg_pp0_iter0            |   9|          2|    1|          2|
    |ap_enable_reg_pp0_iter1            |   9|          2|    1|          2|
    |ap_enable_reg_pp0_iter11           |   9|          2|    1|          2|
    |ap_loop_exit_ready_pp0_iter10_reg  |   9|          2|    1|          2|
    |ap_loop_exit_ready_pp0_iter1_reg   |   9|          2|    1|          2|
    |ap_loop_exit_ready_pp0_iter2_reg   |   9|          2|    1|          2|
    |ap_loop_exit_ready_pp0_iter3_reg   |   9|          2|    1|          2|
    |ap_loop_exit_ready_pp0_iter4_reg   |   9|          2|    1|          2|
    |ap_loop_exit_ready_pp0_iter5_reg   |   9|          2|    1|          2|
    |ap_loop_exit_ready_pp0_iter6_reg   |   9|          2|    1|          2|
    |ap_loop_exit_ready_pp0_iter7_reg   |   9|          2|    1|          2|
    |ap_loop_exit_ready_pp0_iter8_reg   |   9|          2|    1|          2|
    |ap_loop_exit_ready_pp0_iter9_reg   |   9|          2|    1|          2|
    |ap_sig_allocacmp_feature           |   9|          2|    5|         10|
    |feature_2_fu_44                    |   9|          2|    5|         10|
    |grp_fu_134_p0                      |  25|          5|   32|        160|
    |grp_fu_134_p1                      |  25|          5|   32|        160|
    |grp_fu_139_p0                      |  25|          5|   32|        160|
    |grp_fu_139_p1                      |  25|          5|   32|        160|
    |norm2_address0                     |  25|          5|    7|         35|
    |norm2_address1                     |  25|          5|    7|         35|
    +-----------------------------------+----+-----------+-----+-----------+
    |Total                              | 319|         67|  167|        763|
    +-----------------------------------+----+-----------+-----+-----------+

    * Register: 
    +-----------------------------------+----+----+-----+-----------+
    |                Name               | FF | LUT| Bits| Const Bits|
    +-----------------------------------+----+----+-----+-----------+
    |ap_CS_fsm                          |   4|   0|    4|          0|
    |ap_done_reg                        |   1|   0|    1|          0|
    |ap_enable_reg_pp0_iter0_reg        |   1|   0|    1|          0|
    |ap_enable_reg_pp0_iter1            |   1|   0|    1|          0|
    |ap_enable_reg_pp0_iter10           |   1|   0|    1|          0|
    |ap_enable_reg_pp0_iter11           |   1|   0|    1|          0|
    |ap_enable_reg_pp0_iter2            |   1|   0|    1|          0|
    |ap_enable_reg_pp0_iter3            |   1|   0|    1|          0|
    |ap_enable_reg_pp0_iter4            |   1|   0|    1|          0|
    |ap_enable_reg_pp0_iter5            |   1|   0|    1|          0|
    |ap_enable_reg_pp0_iter6            |   1|   0|    1|          0|
    |ap_enable_reg_pp0_iter7            |   1|   0|    1|          0|
    |ap_enable_reg_pp0_iter8            |   1|   0|    1|          0|
    |ap_enable_reg_pp0_iter9            |   1|   0|    1|          0|
    |ap_loop_exit_ready_pp0_iter10_reg  |   1|   0|    1|          0|
    |ap_loop_exit_ready_pp0_iter1_reg   |   1|   0|    1|          0|
    |ap_loop_exit_ready_pp0_iter2_reg   |   1|   0|    1|          0|
    |ap_loop_exit_ready_pp0_iter3_reg   |   1|   0|    1|          0|
    |ap_loop_exit_ready_pp0_iter4_reg   |   1|   0|    1|          0|
    |ap_loop_exit_ready_pp0_iter5_reg   |   1|   0|    1|          0|
    |ap_loop_exit_ready_pp0_iter6_reg   |   1|   0|    1|          0|
    |ap_loop_exit_ready_pp0_iter7_reg   |   1|   0|    1|          0|
    |ap_loop_exit_ready_pp0_iter8_reg   |   1|   0|    1|          0|
    |ap_loop_exit_ready_pp0_iter9_reg   |   1|   0|    1|          0|
    |div1_reg_405                       |  32|   0|   32|          0|
    |feature_2_cast_reg_269             |   5|   0|   64|         59|
    |feature_2_fu_44                    |   5|   0|    5|          0|
    |feature_reg_256                    |   5|   0|    5|          0|
    |icmp_ln200_reg_265                 |   1|   0|    1|          0|
    |norm2_load_1_reg_295               |  32|   0|   32|          0|
    |norm2_load_2_reg_315               |  32|   0|   32|          0|
    |norm2_load_3_reg_330               |  32|   0|   32|          0|
    |norm2_load_4_reg_345               |  32|   0|   32|          0|
    |norm2_load_5_reg_360               |  32|   0|   32|          0|
    |norm2_load_6_reg_375               |  32|   0|   32|          0|
    |norm2_load_7_reg_395               |  32|   0|   32|          0|
    |norm2_load_reg_279                 |  32|   0|   32|          0|
    |sum_17_1_reg_320                   |  32|   0|   32|          0|
    |sum_17_2_reg_335                   |  32|   0|   32|          0|
    |sum_17_3_reg_350                   |  32|   0|   32|          0|
    |sum_17_4_reg_365                   |  32|   0|   32|          0|
    |sum_17_5_reg_380                   |  32|   0|   32|          0|
    |sum_17_6_reg_390                   |  32|   0|   32|          0|
    |sum_17_7_reg_400                   |  32|   0|   32|          0|
    |sum_s_reg_300                      |  32|   0|   32|          0|
    |tmp_250_cast_reg_305               |   5|   0|    6|          1|
    |xor_ln203_reg_284                  |   5|   0|    5|          0|
    |feature_2_cast_reg_269             |  64|  32|   64|         59|
    |feature_reg_256                    |  64|  32|    5|          0|
    |icmp_ln200_reg_265                 |  64|  32|    1|          0|
    |tmp_250_cast_reg_305               |  64|  32|    6|          1|
    |xor_ln203_reg_284                  |  64|  32|    5|          0|
    +-----------------------------------+----+----+-----+-----------+
    |Total                              | 917| 160|  738|        120|
    +-----------------------------------+----+----+-----+-----------+



================================================================
== Interface
================================================================
* Summary: 
+----------------------+-----+-----+------------+----------------------------------------------------+--------------+
|       RTL Ports      | Dir | Bits|  Protocol  |                    Source Object                   |    C Type    |
+----------------------+-----+-----+------------+----------------------------------------------------+--------------+
|ap_clk                |   in|    1|  ap_ctrl_hs|  unsw_linear_transformer_Pipeline_VITIS_LOOP_200_25|  return value|
|ap_rst                |   in|    1|  ap_ctrl_hs|  unsw_linear_transformer_Pipeline_VITIS_LOOP_200_25|  return value|
|ap_start              |   in|    1|  ap_ctrl_hs|  unsw_linear_transformer_Pipeline_VITIS_LOOP_200_25|  return value|
|ap_done               |  out|    1|  ap_ctrl_hs|  unsw_linear_transformer_Pipeline_VITIS_LOOP_200_25|  return value|
|ap_idle               |  out|    1|  ap_ctrl_hs|  unsw_linear_transformer_Pipeline_VITIS_LOOP_200_25|  return value|
|ap_ready              |  out|    1|  ap_ctrl_hs|  unsw_linear_transformer_Pipeline_VITIS_LOOP_200_25|  return value|
|grp_fu_1196_p_din0    |  out|   32|  ap_ctrl_hs|  unsw_linear_transformer_Pipeline_VITIS_LOOP_200_25|  return value|
|grp_fu_1196_p_din1    |  out|   32|  ap_ctrl_hs|  unsw_linear_transformer_Pipeline_VITIS_LOOP_200_25|  return value|
|grp_fu_1196_p_opcode  |  out|    1|  ap_ctrl_hs|  unsw_linear_transformer_Pipeline_VITIS_LOOP_200_25|  return value|
|grp_fu_1196_p_dout0   |   in|   32|  ap_ctrl_hs|  unsw_linear_transformer_Pipeline_VITIS_LOOP_200_25|  return value|
|grp_fu_1196_p_ce      |  out|    1|  ap_ctrl_hs|  unsw_linear_transformer_Pipeline_VITIS_LOOP_200_25|  return value|
|grp_fu_1884_p_din0    |  out|   32|  ap_ctrl_hs|  unsw_linear_transformer_Pipeline_VITIS_LOOP_200_25|  return value|
|grp_fu_1884_p_din1    |  out|   32|  ap_ctrl_hs|  unsw_linear_transformer_Pipeline_VITIS_LOOP_200_25|  return value|
|grp_fu_1884_p_opcode  |  out|    2|  ap_ctrl_hs|  unsw_linear_transformer_Pipeline_VITIS_LOOP_200_25|  return value|
|grp_fu_1884_p_dout0   |   in|   32|  ap_ctrl_hs|  unsw_linear_transformer_Pipeline_VITIS_LOOP_200_25|  return value|
|grp_fu_1884_p_ce      |  out|    1|  ap_ctrl_hs|  unsw_linear_transformer_Pipeline_VITIS_LOOP_200_25|  return value|
|grp_fu_1201_p_din0    |  out|   32|  ap_ctrl_hs|  unsw_linear_transformer_Pipeline_VITIS_LOOP_200_25|  return value|
|grp_fu_1201_p_din1    |  out|   32|  ap_ctrl_hs|  unsw_linear_transformer_Pipeline_VITIS_LOOP_200_25|  return value|
|grp_fu_1201_p_dout0   |   in|   32|  ap_ctrl_hs|  unsw_linear_transformer_Pipeline_VITIS_LOOP_200_25|  return value|
|grp_fu_1201_p_ce      |  out|    1|  ap_ctrl_hs|  unsw_linear_transformer_Pipeline_VITIS_LOOP_200_25|  return value|
|norm2_address0        |  out|    7|   ap_memory|                                               norm2|         array|
|norm2_ce0             |  out|    1|   ap_memory|                                               norm2|         array|
|norm2_q0              |   in|   32|   ap_memory|                                               norm2|         array|
|norm2_address1        |  out|    7|   ap_memory|                                               norm2|         array|
|norm2_ce1             |  out|    1|   ap_memory|                                               norm2|         array|
|norm2_q1              |   in|   32|   ap_memory|                                               norm2|         array|
|pooled_address0       |  out|    4|   ap_memory|                                              pooled|         array|
|pooled_ce0            |  out|    1|   ap_memory|                                              pooled|         array|
|pooled_we0            |  out|    1|   ap_memory|                                              pooled|         array|
|pooled_d0             |  out|   32|   ap_memory|                                              pooled|         array|
+----------------------+-----+-----+------------+----------------------------------------------------+--------------+

