

================================================================
== Vitis HLS Report for 'unsw_linear_transformer_Pipeline_VITIS_LOOP_211_27'
================================================================
* Date:           Sat Jun 27 12:31:42 2026

* Version:        2022.2 (Build 3670227 on Oct 13 2022)
* Project:        unsw_linear_transformer_prj
* Solution:       solution1 (Vivado IP Flow Target)
* Product family: zynq
* Target device:  xc7z020-clg400-1


================================================================
== Performance Estimates
================================================================
+ Timing: 
    * Summary: 
    +--------+----------+----------+------------+
    |  Clock |  Target  | Estimated| Uncertainty|
    +--------+----------+----------+------------+
    |ap_clk  |  10.00 ns|  7.256 ns|     2.70 ns|
    +--------+----------+----------+------------+

+ Latency: 
    * Summary: 
    +---------+---------+----------+----------+-----+-----+---------+
    |  Latency (cycles) |  Latency (absolute) |  Interval | Pipeline|
    |   min   |   max   |    min   |    max   | min | max |   Type  |
    +---------+---------+----------+----------+-----+-----+---------+
    |       87|       87|  0.870 us|  0.870 us|   87|   87|       no|
    +---------+---------+----------+----------+-----+-----+---------+

    + Detail: 
        * Instance: 
        N/A

        * Loop: 
        +---------------------+---------+---------+----------+-----------+-----------+------+----------+
        |                     |  Latency (cycles) | Iteration|  Initiation Interval  | Trip |          |
        |      Loop Name      |   min   |   max   |  Latency |  achieved |   target  | Count| Pipelined|
        +---------------------+---------+---------+----------+-----------+-----------+------+----------+
        |- VITIS_LOOP_211_27  |       85|       85|        85|          1|          1|     2|       yes|
        +---------------------+---------+---------+----------+-----------+-----------+------+----------+



================================================================
== Utilization Estimates
================================================================
* Summary: 
+-----------------+---------+-----+--------+-------+-----+
|       Name      | BRAM_18K| DSP |   FF   |  LUT  | URAM|
+-----------------+---------+-----+--------+-------+-----+
|DSP              |        -|    -|       -|      -|    -|
|Expression       |        -|    -|       0|    560|    -|
|FIFO             |        -|    -|       -|      -|    -|
|Instance         |        -|    -|       -|      -|    -|
|Memory           |        -|    -|       -|      -|    -|
|Multiplexer      |        -|    -|       -|     36|    -|
|Register         |        -|    -|    1340|     64|    -|
+-----------------+---------+-----+--------+-------+-----+
|Total            |        0|    0|    1340|    660|    0|
+-----------------+---------+-----+--------+-------+-----+
|Available        |      280|  220|  106400|  53200|    0|
+-----------------+---------+-----+--------+-------+-----+
|Utilization (%)  |        0|    0|       1|      1|    0|
+-----------------+---------+-----+--------+-------+-----+

+ Detail: 
    * Instance: 
    N/A

    * DSP: 
    N/A

    * Memory: 
    N/A

    * FIFO: 
    N/A

    * Expression: 
    +---------------------------+----------+----+---+----+------------+------------+
    |       Variable Name       | Operation| DSP| FF| LUT| Bitwidth P0| Bitwidth P1|
    +---------------------------+----------+----+---+----+------------+------------+
    |add_ln211_fu_392_p2        |         +|   0|  0|  10|           2|           1|
    |icmp_ln211_fu_386_p2       |      icmp|   0|  0|   8|           2|           3|
    |select_ln214_10_fu_495_p3  |    select|   0|  0|  30|           1|          30|
    |select_ln214_11_fu_503_p3  |    select|   0|  0|  32|           1|          30|
    |select_ln214_12_fu_511_p3  |    select|   0|  0|  32|           1|          32|
    |select_ln214_13_fu_519_p3  |    select|   0|  0|  32|           1|          32|
    |select_ln214_14_fu_527_p3  |    select|   0|  0|  32|           1|          32|
    |select_ln214_15_fu_535_p3  |    select|   0|  0|  32|           1|          30|
    |select_ln214_1_fu_423_p3   |    select|   0|  0|  32|           1|          32|
    |select_ln214_2_fu_431_p3   |    select|   0|  0|  32|           1|          32|
    |select_ln214_3_fu_439_p3   |    select|   0|  0|  32|           1|          30|
    |select_ln214_4_fu_447_p3   |    select|   0|  0|  32|           1|          32|
    |select_ln214_5_fu_455_p3   |    select|   0|  0|  32|           1|          32|
    |select_ln214_6_fu_463_p3   |    select|   0|  0|  32|           1|          32|
    |select_ln214_7_fu_471_p3   |    select|   0|  0|  32|           1|          32|
    |select_ln214_8_fu_479_p3   |    select|   0|  0|  32|           1|          30|
    |select_ln214_9_fu_487_p3   |    select|   0|  0|  32|           1|          30|
    |select_ln214_fu_402_p3     |    select|   0|  0|  32|           1|          32|
    |sum_fu_416_p3              |    select|   0|  0|  30|           1|          30|
    |ap_enable_pp0              |       xor|   0|  0|   2|           1|           2|
    +---------------------------+----------+----+---+----+------------+------------+
    |Total                      |          |   0|  0| 560|          22|         536|
    +---------------------------+----------+----+---+----+------------+------------+

    * Multiplexer: 
    +---------------------------------+----+-----------+-----+-----------+
    |               Name              | LUT| Input Size| Bits| Total Bits|
    +---------------------------------+----+-----------+-----+-----------+
    |ap_done_int                      |   9|          2|    1|          2|
    |ap_enable_reg_pp0_iter1          |   9|          2|    1|          2|
    |ap_sig_allocacmp_output_class_1  |   9|          2|    2|          4|
    |output_class_fu_136              |   9|          2|    2|          4|
    +---------------------------------+----+-----------+-----+-----------+
    |Total                            |  36|          8|    6|         12|
    +---------------------------------+----+-----------+-----+-----------+

    * Register: 
    +-----------------------------------+----+----+-----+-----------+
    |                Name               | FF | LUT| Bits| Const Bits|
    +-----------------------------------+----+----+-----+-----------+
    |ap_CS_fsm                          |   1|   0|    1|          0|
    |ap_done_reg                        |   1|   0|    1|          0|
    |ap_enable_reg_pp0_iter1            |   1|   0|    1|          0|
    |ap_enable_reg_pp0_iter10           |   1|   0|    1|          0|
    |ap_enable_reg_pp0_iter11           |   1|   0|    1|          0|
    |ap_enable_reg_pp0_iter12           |   1|   0|    1|          0|
    |ap_enable_reg_pp0_iter13           |   1|   0|    1|          0|
    |ap_enable_reg_pp0_iter14           |   1|   0|    1|          0|
    |ap_enable_reg_pp0_iter15           |   1|   0|    1|          0|
    |ap_enable_reg_pp0_iter16           |   1|   0|    1|          0|
    |ap_enable_reg_pp0_iter17           |   1|   0|    1|          0|
    |ap_enable_reg_pp0_iter18           |   1|   0|    1|          0|
    |ap_enable_reg_pp0_iter19           |   1|   0|    1|          0|
    |ap_enable_reg_pp0_iter2            |   1|   0|    1|          0|
    |ap_enable_reg_pp0_iter20           |   1|   0|    1|          0|
    |ap_enable_reg_pp0_iter21           |   1|   0|    1|          0|
    |ap_enable_reg_pp0_iter22           |   1|   0|    1|          0|
    |ap_enable_reg_pp0_iter23           |   1|   0|    1|          0|
    |ap_enable_reg_pp0_iter24           |   1|   0|    1|          0|
    |ap_enable_reg_pp0_iter25           |   1|   0|    1|          0|
    |ap_enable_reg_pp0_iter26           |   1|   0|    1|          0|
    |ap_enable_reg_pp0_iter27           |   1|   0|    1|          0|
    |ap_enable_reg_pp0_iter28           |   1|   0|    1|          0|
    |ap_enable_reg_pp0_iter29           |   1|   0|    1|          0|
    |ap_enable_reg_pp0_iter3            |   1|   0|    1|          0|
    |ap_enable_reg_pp0_iter30           |   1|   0|    1|          0|
    |ap_enable_reg_pp0_iter31           |   1|   0|    1|          0|
    |ap_enable_reg_pp0_iter32           |   1|   0|    1|          0|
    |ap_enable_reg_pp0_iter33           |   1|   0|    1|          0|
    |ap_enable_reg_pp0_iter34           |   1|   0|    1|          0|
    |ap_enable_reg_pp0_iter35           |   1|   0|    1|          0|
    |ap_enable_reg_pp0_iter36           |   1|   0|    1|          0|
    |ap_enable_reg_pp0_iter37           |   1|   0|    1|          0|
    |ap_enable_reg_pp0_iter38           |   1|   0|    1|          0|
    |ap_enable_reg_pp0_iter39           |   1|   0|    1|          0|
    |ap_enable_reg_pp0_iter4            |   1|   0|    1|          0|
    |ap_enable_reg_pp0_iter40           |   1|   0|    1|          0|
    |ap_enable_reg_pp0_iter41           |   1|   0|    1|          0|
    |ap_enable_reg_pp0_iter42           |   1|   0|    1|          0|
    |ap_enable_reg_pp0_iter43           |   1|   0|    1|          0|
    |ap_enable_reg_pp0_iter44           |   1|   0|    1|          0|
    |ap_enable_reg_pp0_iter45           |   1|   0|    1|          0|
    |ap_enable_reg_pp0_iter46           |   1|   0|    1|          0|
    |ap_enable_reg_pp0_iter47           |   1|   0|    1|          0|
    |ap_enable_reg_pp0_iter48           |   1|   0|    1|          0|
    |ap_enable_reg_pp0_iter49           |   1|   0|    1|          0|
    |ap_enable_reg_pp0_iter5            |   1|   0|    1|          0|
    |ap_enable_reg_pp0_iter50           |   1|   0|    1|          0|
    |ap_enable_reg_pp0_iter51           |   1|   0|    1|          0|
    |ap_enable_reg_pp0_iter52           |   1|   0|    1|          0|
    |ap_enable_reg_pp0_iter53           |   1|   0|    1|          0|
    |ap_enable_reg_pp0_iter54           |   1|   0|    1|          0|
    |ap_enable_reg_pp0_iter55           |   1|   0|    1|          0|
    |ap_enable_reg_pp0_iter56           |   1|   0|    1|          0|
    |ap_enable_reg_pp0_iter57           |   1|   0|    1|          0|
    |ap_enable_reg_pp0_iter58           |   1|   0|    1|          0|
    |ap_enable_reg_pp0_iter59           |   1|   0|    1|          0|
    |ap_enable_reg_pp0_iter6            |   1|   0|    1|          0|
    |ap_enable_reg_pp0_iter60           |   1|   0|    1|          0|
    |ap_enable_reg_pp0_iter61           |   1|   0|    1|          0|
    |ap_enable_reg_pp0_iter62           |   1|   0|    1|          0|
    |ap_enable_reg_pp0_iter63           |   1|   0|    1|          0|
    |ap_enable_reg_pp0_iter64           |   1|   0|    1|          0|
    |ap_enable_reg_pp0_iter65           |   1|   0|    1|          0|
    |ap_enable_reg_pp0_iter66           |   1|   0|    1|          0|
    |ap_enable_reg_pp0_iter67           |   1|   0|    1|          0|
    |ap_enable_reg_pp0_iter68           |   1|   0|    1|          0|
    |ap_enable_reg_pp0_iter69           |   1|   0|    1|          0|
    |ap_enable_reg_pp0_iter7            |   1|   0|    1|          0|
    |ap_enable_reg_pp0_iter70           |   1|   0|    1|          0|
    |ap_enable_reg_pp0_iter71           |   1|   0|    1|          0|
    |ap_enable_reg_pp0_iter72           |   1|   0|    1|          0|
    |ap_enable_reg_pp0_iter73           |   1|   0|    1|          0|
    |ap_enable_reg_pp0_iter74           |   1|   0|    1|          0|
    |ap_enable_reg_pp0_iter75           |   1|   0|    1|          0|
    |ap_enable_reg_pp0_iter76           |   1|   0|    1|          0|
    |ap_enable_reg_pp0_iter77           |   1|   0|    1|          0|
    |ap_enable_reg_pp0_iter78           |   1|   0|    1|          0|
    |ap_enable_reg_pp0_iter79           |   1|   0|    1|          0|
    |ap_enable_reg_pp0_iter8            |   1|   0|    1|          0|
    |ap_enable_reg_pp0_iter80           |   1|   0|    1|          0|
    |ap_enable_reg_pp0_iter81           |   1|   0|    1|          0|
    |ap_enable_reg_pp0_iter82           |   1|   0|    1|          0|
    |ap_enable_reg_pp0_iter83           |   1|   0|    1|          0|
    |ap_enable_reg_pp0_iter84           |   1|   0|    1|          0|
    |ap_enable_reg_pp0_iter9            |   1|   0|    1|          0|
    |ap_loop_exit_ready_pp0_iter10_reg  |   1|   0|    1|          0|
    |ap_loop_exit_ready_pp0_iter11_reg  |   1|   0|    1|          0|
    |ap_loop_exit_ready_pp0_iter12_reg  |   1|   0|    1|          0|
    |ap_loop_exit_ready_pp0_iter13_reg  |   1|   0|    1|          0|
    |ap_loop_exit_ready_pp0_iter14_reg  |   1|   0|    1|          0|
    |ap_loop_exit_ready_pp0_iter15_reg  |   1|   0|    1|          0|
    |ap_loop_exit_ready_pp0_iter16_reg  |   1|   0|    1|          0|
    |ap_loop_exit_ready_pp0_iter17_reg  |   1|   0|    1|          0|
    |ap_loop_exit_ready_pp0_iter18_reg  |   1|   0|    1|          0|
    |ap_loop_exit_ready_pp0_iter19_reg  |   1|   0|    1|          0|
    |ap_loop_exit_ready_pp0_iter1_reg   |   1|   0|    1|          0|
    |ap_loop_exit_ready_pp0_iter20_reg  |   1|   0|    1|          0|
    |ap_loop_exit_ready_pp0_iter21_reg  |   1|   0|    1|          0|
    |ap_loop_exit_ready_pp0_iter22_reg  |   1|   0|    1|          0|
    |ap_loop_exit_ready_pp0_iter23_reg  |   1|   0|    1|          0|
    |ap_loop_exit_ready_pp0_iter24_reg  |   1|   0|    1|          0|
    |ap_loop_exit_ready_pp0_iter25_reg  |   1|   0|    1|          0|
    |ap_loop_exit_ready_pp0_iter26_reg  |   1|   0|    1|          0|
    |ap_loop_exit_ready_pp0_iter27_reg  |   1|   0|    1|          0|
    |ap_loop_exit_ready_pp0_iter28_reg  |   1|   0|    1|          0|
    |ap_loop_exit_ready_pp0_iter29_reg  |   1|   0|    1|          0|
    |ap_loop_exit_ready_pp0_iter2_reg   |   1|   0|    1|          0|
    |ap_loop_exit_ready_pp0_iter30_reg  |   1|   0|    1|          0|
    |ap_loop_exit_ready_pp0_iter31_reg  |   1|   0|    1|          0|
    |ap_loop_exit_ready_pp0_iter32_reg  |   1|   0|    1|          0|
    |ap_loop_exit_ready_pp0_iter33_reg  |   1|   0|    1|          0|
    |ap_loop_exit_ready_pp0_iter34_reg  |   1|   0|    1|          0|
    |ap_loop_exit_ready_pp0_iter35_reg  |   1|   0|    1|          0|
    |ap_loop_exit_ready_pp0_iter36_reg  |   1|   0|    1|          0|
    |ap_loop_exit_ready_pp0_iter37_reg  |   1|   0|    1|          0|
    |ap_loop_exit_ready_pp0_iter38_reg  |   1|   0|    1|          0|
    |ap_loop_exit_ready_pp0_iter39_reg  |   1|   0|    1|          0|
    |ap_loop_exit_ready_pp0_iter3_reg   |   1|   0|    1|          0|
    |ap_loop_exit_ready_pp0_iter40_reg  |   1|   0|    1|          0|
    |ap_loop_exit_ready_pp0_iter41_reg  |   1|   0|    1|          0|
    |ap_loop_exit_ready_pp0_iter42_reg  |   1|   0|    1|          0|
    |ap_loop_exit_ready_pp0_iter43_reg  |   1|   0|    1|          0|
    |ap_loop_exit_ready_pp0_iter44_reg  |   1|   0|    1|          0|
    |ap_loop_exit_ready_pp0_iter45_reg  |   1|   0|    1|          0|
    |ap_loop_exit_ready_pp0_iter46_reg  |   1|   0|    1|          0|
    |ap_loop_exit_ready_pp0_iter47_reg  |   1|   0|    1|          0|
    |ap_loop_exit_ready_pp0_iter48_reg  |   1|   0|    1|          0|
    |ap_loop_exit_ready_pp0_iter49_reg  |   1|   0|    1|          0|
    |ap_loop_exit_ready_pp0_iter4_reg   |   1|   0|    1|          0|
    |ap_loop_exit_ready_pp0_iter50_reg  |   1|   0|    1|          0|
    |ap_loop_exit_ready_pp0_iter51_reg  |   1|   0|    1|          0|
    |ap_loop_exit_ready_pp0_iter52_reg  |   1|   0|    1|          0|
    |ap_loop_exit_ready_pp0_iter53_reg  |   1|   0|    1|          0|
    |ap_loop_exit_ready_pp0_iter54_reg  |   1|   0|    1|          0|
    |ap_loop_exit_ready_pp0_iter55_reg  |   1|   0|    1|          0|
    |ap_loop_exit_ready_pp0_iter56_reg  |   1|   0|    1|          0|
    |ap_loop_exit_ready_pp0_iter57_reg  |   1|   0|    1|          0|
    |ap_loop_exit_ready_pp0_iter58_reg  |   1|   0|    1|          0|
    |ap_loop_exit_ready_pp0_iter59_reg  |   1|   0|    1|          0|
    |ap_loop_exit_ready_pp0_iter5_reg   |   1|   0|    1|          0|
    |ap_loop_exit_ready_pp0_iter60_reg  |   1|   0|    1|          0|
    |ap_loop_exit_ready_pp0_iter61_reg  |   1|   0|    1|          0|
    |ap_loop_exit_ready_pp0_iter62_reg  |   1|   0|    1|          0|
    |ap_loop_exit_ready_pp0_iter63_reg  |   1|   0|    1|          0|
    |ap_loop_exit_ready_pp0_iter64_reg  |   1|   0|    1|          0|
    |ap_loop_exit_ready_pp0_iter65_reg  |   1|   0|    1|          0|
    |ap_loop_exit_ready_pp0_iter66_reg  |   1|   0|    1|          0|
    |ap_loop_exit_ready_pp0_iter67_reg  |   1|   0|    1|          0|
    |ap_loop_exit_ready_pp0_iter68_reg  |   1|   0|    1|          0|
    |ap_loop_exit_ready_pp0_iter69_reg  |   1|   0|    1|          0|
    |ap_loop_exit_ready_pp0_iter6_reg   |   1|   0|    1|          0|
    |ap_loop_exit_ready_pp0_iter70_reg  |   1|   0|    1|          0|
    |ap_loop_exit_ready_pp0_iter71_reg  |   1|   0|    1|          0|
    |ap_loop_exit_ready_pp0_iter72_reg  |   1|   0|    1|          0|
    |ap_loop_exit_ready_pp0_iter73_reg  |   1|   0|    1|          0|
    |ap_loop_exit_ready_pp0_iter74_reg  |   1|   0|    1|          0|
    |ap_loop_exit_ready_pp0_iter75_reg  |   1|   0|    1|          0|
    |ap_loop_exit_ready_pp0_iter76_reg  |   1|   0|    1|          0|
    |ap_loop_exit_ready_pp0_iter77_reg  |   1|   0|    1|          0|
    |ap_loop_exit_ready_pp0_iter78_reg  |   1|   0|    1|          0|
    |ap_loop_exit_ready_pp0_iter79_reg  |   1|   0|    1|          0|
    |ap_loop_exit_ready_pp0_iter7_reg   |   1|   0|    1|          0|
    |ap_loop_exit_ready_pp0_iter80_reg  |   1|   0|    1|          0|
    |ap_loop_exit_ready_pp0_iter81_reg  |   1|   0|    1|          0|
    |ap_loop_exit_ready_pp0_iter82_reg  |   1|   0|    1|          0|
    |ap_loop_exit_ready_pp0_iter83_reg  |   1|   0|    1|          0|
    |ap_loop_exit_ready_pp0_iter8_reg   |   1|   0|    1|          0|
    |ap_loop_exit_ready_pp0_iter9_reg   |   1|   0|    1|          0|
    |mul10_10_reg_842                   |  32|   0|   32|          0|
    |mul10_11_reg_857                   |  32|   0|   32|          0|
    |mul10_12_reg_872                   |  32|   0|   32|          0|
    |mul10_13_reg_887                   |  32|   0|   32|          0|
    |mul10_14_reg_902                   |  32|   0|   32|          0|
    |mul10_1_reg_692                    |  32|   0|   32|          0|
    |mul10_2_reg_707                    |  32|   0|   32|          0|
    |mul10_3_reg_722                    |  32|   0|   32|          0|
    |mul10_4_reg_737                    |  32|   0|   32|          0|
    |mul10_5_reg_752                    |  32|   0|   32|          0|
    |mul10_6_reg_767                    |  32|   0|   32|          0|
    |mul10_7_reg_782                    |  32|   0|   32|          0|
    |mul10_8_reg_797                    |  32|   0|   32|          0|
    |mul10_9_reg_812                    |  32|   0|   32|          0|
    |mul10_s_reg_827                    |  32|   0|   32|          0|
    |mul_reg_677                        |  32|   0|   32|          0|
    |output_class_1_reg_638             |   2|   0|    2|          0|
    |output_class_fu_136                |   2|   0|    2|          0|
    |sum_20_10_reg_852                  |  32|   0|   32|          0|
    |sum_20_11_reg_867                  |  32|   0|   32|          0|
    |sum_20_12_reg_882                  |  32|   0|   32|          0|
    |sum_20_13_reg_897                  |  32|   0|   32|          0|
    |sum_20_14_reg_907                  |  32|   0|   32|          0|
    |sum_20_1_reg_702                   |  32|   0|   32|          0|
    |sum_20_2_reg_717                   |  32|   0|   32|          0|
    |sum_20_3_reg_732                   |  32|   0|   32|          0|
    |sum_20_4_reg_747                   |  32|   0|   32|          0|
    |sum_20_5_reg_762                   |  32|   0|   32|          0|
    |sum_20_6_reg_777                   |  32|   0|   32|          0|
    |sum_20_7_reg_792                   |  32|   0|   32|          0|
    |sum_20_8_reg_807                   |  32|   0|   32|          0|
    |sum_20_9_reg_822                   |  32|   0|   32|          0|
    |sum_20_s_reg_837                   |  32|   0|   32|          0|
    |sum_reg_672                        |  14|   0|   32|         18|
    |sum_s_reg_687                      |  32|   0|   32|          0|
    |trunc_ln212_reg_647                |   1|   0|    1|          0|
    |output_class_1_reg_638             |  64|  32|    2|          0|
    |trunc_ln212_reg_647                |  64|  32|    1|          0|
    +-----------------------------------+----+----+-----+-----------+
    |Total                              |1340|  64| 1233|         18|
    +-----------------------------------+----+----+-----+-----------+



================================================================
== Interface
================================================================
* Summary: 
+---------------------------+-----+-----+------------+----------------------------------------------------+--------------+
|         RTL Ports         | Dir | Bits|  Protocol  |                    Source Object                   |    C Type    |
+---------------------------+-----+-----+------------+----------------------------------------------------+--------------+
|ap_clk                     |   in|    1|  ap_ctrl_hs|  unsw_linear_transformer_Pipeline_VITIS_LOOP_211_27|  return value|
|ap_rst                     |   in|    1|  ap_ctrl_hs|  unsw_linear_transformer_Pipeline_VITIS_LOOP_211_27|  return value|
|ap_start                   |   in|    1|  ap_ctrl_hs|  unsw_linear_transformer_Pipeline_VITIS_LOOP_211_27|  return value|
|ap_done                    |  out|    1|  ap_ctrl_hs|  unsw_linear_transformer_Pipeline_VITIS_LOOP_211_27|  return value|
|ap_idle                    |  out|    1|  ap_ctrl_hs|  unsw_linear_transformer_Pipeline_VITIS_LOOP_211_27|  return value|
|ap_ready                   |  out|    1|  ap_ctrl_hs|  unsw_linear_transformer_Pipeline_VITIS_LOOP_211_27|  return value|
|grp_fu_1196_p_din0         |  out|   32|  ap_ctrl_hs|  unsw_linear_transformer_Pipeline_VITIS_LOOP_211_27|  return value|
|grp_fu_1196_p_din1         |  out|   32|  ap_ctrl_hs|  unsw_linear_transformer_Pipeline_VITIS_LOOP_211_27|  return value|
|grp_fu_1196_p_opcode       |  out|    1|  ap_ctrl_hs|  unsw_linear_transformer_Pipeline_VITIS_LOOP_211_27|  return value|
|grp_fu_1196_p_dout0        |   in|   32|  ap_ctrl_hs|  unsw_linear_transformer_Pipeline_VITIS_LOOP_211_27|  return value|
|grp_fu_1196_p_ce           |  out|    1|  ap_ctrl_hs|  unsw_linear_transformer_Pipeline_VITIS_LOOP_211_27|  return value|
|grp_fu_1884_p_din0         |  out|   32|  ap_ctrl_hs|  unsw_linear_transformer_Pipeline_VITIS_LOOP_211_27|  return value|
|grp_fu_1884_p_din1         |  out|   32|  ap_ctrl_hs|  unsw_linear_transformer_Pipeline_VITIS_LOOP_211_27|  return value|
|grp_fu_1884_p_opcode       |  out|    2|  ap_ctrl_hs|  unsw_linear_transformer_Pipeline_VITIS_LOOP_211_27|  return value|
|grp_fu_1884_p_dout0        |   in|   32|  ap_ctrl_hs|  unsw_linear_transformer_Pipeline_VITIS_LOOP_211_27|  return value|
|grp_fu_1884_p_ce           |  out|    1|  ap_ctrl_hs|  unsw_linear_transformer_Pipeline_VITIS_LOOP_211_27|  return value|
|grp_fu_1888_p_din0         |  out|   32|  ap_ctrl_hs|  unsw_linear_transformer_Pipeline_VITIS_LOOP_211_27|  return value|
|grp_fu_1888_p_din1         |  out|   32|  ap_ctrl_hs|  unsw_linear_transformer_Pipeline_VITIS_LOOP_211_27|  return value|
|grp_fu_1888_p_opcode       |  out|    1|  ap_ctrl_hs|  unsw_linear_transformer_Pipeline_VITIS_LOOP_211_27|  return value|
|grp_fu_1888_p_dout0        |   in|   32|  ap_ctrl_hs|  unsw_linear_transformer_Pipeline_VITIS_LOOP_211_27|  return value|
|grp_fu_1888_p_ce           |  out|    1|  ap_ctrl_hs|  unsw_linear_transformer_Pipeline_VITIS_LOOP_211_27|  return value|
|grp_fu_1896_p_din0         |  out|   32|  ap_ctrl_hs|  unsw_linear_transformer_Pipeline_VITIS_LOOP_211_27|  return value|
|grp_fu_1896_p_din1         |  out|   32|  ap_ctrl_hs|  unsw_linear_transformer_Pipeline_VITIS_LOOP_211_27|  return value|
|grp_fu_1896_p_opcode       |  out|    1|  ap_ctrl_hs|  unsw_linear_transformer_Pipeline_VITIS_LOOP_211_27|  return value|
|grp_fu_1896_p_dout0        |   in|   32|  ap_ctrl_hs|  unsw_linear_transformer_Pipeline_VITIS_LOOP_211_27|  return value|
|grp_fu_1896_p_ce           |  out|    1|  ap_ctrl_hs|  unsw_linear_transformer_Pipeline_VITIS_LOOP_211_27|  return value|
|grp_fu_1900_p_din0         |  out|   32|  ap_ctrl_hs|  unsw_linear_transformer_Pipeline_VITIS_LOOP_211_27|  return value|
|grp_fu_1900_p_din1         |  out|   32|  ap_ctrl_hs|  unsw_linear_transformer_Pipeline_VITIS_LOOP_211_27|  return value|
|grp_fu_1900_p_opcode       |  out|    1|  ap_ctrl_hs|  unsw_linear_transformer_Pipeline_VITIS_LOOP_211_27|  return value|
|grp_fu_1900_p_dout0        |   in|   32|  ap_ctrl_hs|  unsw_linear_transformer_Pipeline_VITIS_LOOP_211_27|  return value|
|grp_fu_1900_p_ce           |  out|    1|  ap_ctrl_hs|  unsw_linear_transformer_Pipeline_VITIS_LOOP_211_27|  return value|
|grp_fu_1904_p_din0         |  out|   32|  ap_ctrl_hs|  unsw_linear_transformer_Pipeline_VITIS_LOOP_211_27|  return value|
|grp_fu_1904_p_din1         |  out|   32|  ap_ctrl_hs|  unsw_linear_transformer_Pipeline_VITIS_LOOP_211_27|  return value|
|grp_fu_1904_p_opcode       |  out|    1|  ap_ctrl_hs|  unsw_linear_transformer_Pipeline_VITIS_LOOP_211_27|  return value|
|grp_fu_1904_p_dout0        |   in|   32|  ap_ctrl_hs|  unsw_linear_transformer_Pipeline_VITIS_LOOP_211_27|  return value|
|grp_fu_1904_p_ce           |  out|    1|  ap_ctrl_hs|  unsw_linear_transformer_Pipeline_VITIS_LOOP_211_27|  return value|
|grp_fu_1908_p_din0         |  out|   32|  ap_ctrl_hs|  unsw_linear_transformer_Pipeline_VITIS_LOOP_211_27|  return value|
|grp_fu_1908_p_din1         |  out|   32|  ap_ctrl_hs|  unsw_linear_transformer_Pipeline_VITIS_LOOP_211_27|  return value|
|grp_fu_1908_p_opcode       |  out|    1|  ap_ctrl_hs|  unsw_linear_transformer_Pipeline_VITIS_LOOP_211_27|  return value|
|grp_fu_1908_p_dout0        |   in|   32|  ap_ctrl_hs|  unsw_linear_transformer_Pipeline_VITIS_LOOP_211_27|  return value|
|grp_fu_1908_p_ce           |  out|    1|  ap_ctrl_hs|  unsw_linear_transformer_Pipeline_VITIS_LOOP_211_27|  return value|
|grp_fu_1912_p_din0         |  out|   32|  ap_ctrl_hs|  unsw_linear_transformer_Pipeline_VITIS_LOOP_211_27|  return value|
|grp_fu_1912_p_din1         |  out|   32|  ap_ctrl_hs|  unsw_linear_transformer_Pipeline_VITIS_LOOP_211_27|  return value|
|grp_fu_1912_p_opcode       |  out|    1|  ap_ctrl_hs|  unsw_linear_transformer_Pipeline_VITIS_LOOP_211_27|  return value|
|grp_fu_1912_p_dout0        |   in|   32|  ap_ctrl_hs|  unsw_linear_transformer_Pipeline_VITIS_LOOP_211_27|  return value|
|grp_fu_1912_p_ce           |  out|    1|  ap_ctrl_hs|  unsw_linear_transformer_Pipeline_VITIS_LOOP_211_27|  return value|
|grp_fu_1916_p_din0         |  out|   32|  ap_ctrl_hs|  unsw_linear_transformer_Pipeline_VITIS_LOOP_211_27|  return value|
|grp_fu_1916_p_din1         |  out|   32|  ap_ctrl_hs|  unsw_linear_transformer_Pipeline_VITIS_LOOP_211_27|  return value|
|grp_fu_1916_p_opcode       |  out|    2|  ap_ctrl_hs|  unsw_linear_transformer_Pipeline_VITIS_LOOP_211_27|  return value|
|grp_fu_1916_p_dout0        |   in|   32|  ap_ctrl_hs|  unsw_linear_transformer_Pipeline_VITIS_LOOP_211_27|  return value|
|grp_fu_1916_p_ce           |  out|    1|  ap_ctrl_hs|  unsw_linear_transformer_Pipeline_VITIS_LOOP_211_27|  return value|
|grp_fu_1920_p_din0         |  out|   32|  ap_ctrl_hs|  unsw_linear_transformer_Pipeline_VITIS_LOOP_211_27|  return value|
|grp_fu_1920_p_din1         |  out|   32|  ap_ctrl_hs|  unsw_linear_transformer_Pipeline_VITIS_LOOP_211_27|  return value|
|grp_fu_1920_p_opcode       |  out|    2|  ap_ctrl_hs|  unsw_linear_transformer_Pipeline_VITIS_LOOP_211_27|  return value|
|grp_fu_1920_p_dout0        |   in|   32|  ap_ctrl_hs|  unsw_linear_transformer_Pipeline_VITIS_LOOP_211_27|  return value|
|grp_fu_1920_p_ce           |  out|    1|  ap_ctrl_hs|  unsw_linear_transformer_Pipeline_VITIS_LOOP_211_27|  return value|
|grp_fu_1924_p_din0         |  out|   32|  ap_ctrl_hs|  unsw_linear_transformer_Pipeline_VITIS_LOOP_211_27|  return value|
|grp_fu_1924_p_din1         |  out|   32|  ap_ctrl_hs|  unsw_linear_transformer_Pipeline_VITIS_LOOP_211_27|  return value|
|grp_fu_1924_p_opcode       |  out|    2|  ap_ctrl_hs|  unsw_linear_transformer_Pipeline_VITIS_LOOP_211_27|  return value|
|grp_fu_1924_p_dout0        |   in|   32|  ap_ctrl_hs|  unsw_linear_transformer_Pipeline_VITIS_LOOP_211_27|  return value|
|grp_fu_1924_p_ce           |  out|    1|  ap_ctrl_hs|  unsw_linear_transformer_Pipeline_VITIS_LOOP_211_27|  return value|
|grp_fu_1928_p_din0         |  out|   32|  ap_ctrl_hs|  unsw_linear_transformer_Pipeline_VITIS_LOOP_211_27|  return value|
|grp_fu_1928_p_din1         |  out|   32|  ap_ctrl_hs|  unsw_linear_transformer_Pipeline_VITIS_LOOP_211_27|  return value|
|grp_fu_1928_p_opcode       |  out|    2|  ap_ctrl_hs|  unsw_linear_transformer_Pipeline_VITIS_LOOP_211_27|  return value|
|grp_fu_1928_p_dout0        |   in|   32|  ap_ctrl_hs|  unsw_linear_transformer_Pipeline_VITIS_LOOP_211_27|  return value|
|grp_fu_1928_p_ce           |  out|    1|  ap_ctrl_hs|  unsw_linear_transformer_Pipeline_VITIS_LOOP_211_27|  return value|
|grp_fu_1932_p_din0         |  out|   32|  ap_ctrl_hs|  unsw_linear_transformer_Pipeline_VITIS_LOOP_211_27|  return value|
|grp_fu_1932_p_din1         |  out|   32|  ap_ctrl_hs|  unsw_linear_transformer_Pipeline_VITIS_LOOP_211_27|  return value|
|grp_fu_1932_p_opcode       |  out|    2|  ap_ctrl_hs|  unsw_linear_transformer_Pipeline_VITIS_LOOP_211_27|  return value|
|grp_fu_1932_p_dout0        |   in|   32|  ap_ctrl_hs|  unsw_linear_transformer_Pipeline_VITIS_LOOP_211_27|  return value|
|grp_fu_1932_p_ce           |  out|    1|  ap_ctrl_hs|  unsw_linear_transformer_Pipeline_VITIS_LOOP_211_27|  return value|
|grp_fu_1936_p_din0         |  out|   32|  ap_ctrl_hs|  unsw_linear_transformer_Pipeline_VITIS_LOOP_211_27|  return value|
|grp_fu_1936_p_din1         |  out|   32|  ap_ctrl_hs|  unsw_linear_transformer_Pipeline_VITIS_LOOP_211_27|  return value|
|grp_fu_1936_p_opcode       |  out|    2|  ap_ctrl_hs|  unsw_linear_transformer_Pipeline_VITIS_LOOP_211_27|  return value|
|grp_fu_1936_p_dout0        |   in|   32|  ap_ctrl_hs|  unsw_linear_transformer_Pipeline_VITIS_LOOP_211_27|  return value|
|grp_fu_1936_p_ce           |  out|    1|  ap_ctrl_hs|  unsw_linear_transformer_Pipeline_VITIS_LOOP_211_27|  return value|
|grp_fu_1940_p_din0         |  out|   32|  ap_ctrl_hs|  unsw_linear_transformer_Pipeline_VITIS_LOOP_211_27|  return value|
|grp_fu_1940_p_din1         |  out|   32|  ap_ctrl_hs|  unsw_linear_transformer_Pipeline_VITIS_LOOP_211_27|  return value|
|grp_fu_1940_p_opcode       |  out|    2|  ap_ctrl_hs|  unsw_linear_transformer_Pipeline_VITIS_LOOP_211_27|  return value|
|grp_fu_1940_p_dout0        |   in|   32|  ap_ctrl_hs|  unsw_linear_transformer_Pipeline_VITIS_LOOP_211_27|  return value|
|grp_fu_1940_p_ce           |  out|    1|  ap_ctrl_hs|  unsw_linear_transformer_Pipeline_VITIS_LOOP_211_27|  return value|
|grp_fu_1944_p_din0         |  out|   32|  ap_ctrl_hs|  unsw_linear_transformer_Pipeline_VITIS_LOOP_211_27|  return value|
|grp_fu_1944_p_din1         |  out|   32|  ap_ctrl_hs|  unsw_linear_transformer_Pipeline_VITIS_LOOP_211_27|  return value|
|grp_fu_1944_p_opcode       |  out|    2|  ap_ctrl_hs|  unsw_linear_transformer_Pipeline_VITIS_LOOP_211_27|  return value|
|grp_fu_1944_p_dout0        |   in|   32|  ap_ctrl_hs|  unsw_linear_transformer_Pipeline_VITIS_LOOP_211_27|  return value|
|grp_fu_1944_p_ce           |  out|    1|  ap_ctrl_hs|  unsw_linear_transformer_Pipeline_VITIS_LOOP_211_27|  return value|
|grp_fu_1201_p_din0         |  out|   32|  ap_ctrl_hs|  unsw_linear_transformer_Pipeline_VITIS_LOOP_211_27|  return value|
|grp_fu_1201_p_din1         |  out|   32|  ap_ctrl_hs|  unsw_linear_transformer_Pipeline_VITIS_LOOP_211_27|  return value|
|grp_fu_1201_p_dout0        |   in|   32|  ap_ctrl_hs|  unsw_linear_transformer_Pipeline_VITIS_LOOP_211_27|  return value|
|grp_fu_1201_p_ce           |  out|    1|  ap_ctrl_hs|  unsw_linear_transformer_Pipeline_VITIS_LOOP_211_27|  return value|
|grp_fu_1892_p_din0         |  out|   32|  ap_ctrl_hs|  unsw_linear_transformer_Pipeline_VITIS_LOOP_211_27|  return value|
|grp_fu_1892_p_din1         |  out|   32|  ap_ctrl_hs|  unsw_linear_transformer_Pipeline_VITIS_LOOP_211_27|  return value|
|grp_fu_1892_p_dout0        |   in|   32|  ap_ctrl_hs|  unsw_linear_transformer_Pipeline_VITIS_LOOP_211_27|  return value|
|grp_fu_1892_p_ce           |  out|    1|  ap_ctrl_hs|  unsw_linear_transformer_Pipeline_VITIS_LOOP_211_27|  return value|
|grp_fu_1952_p_din0         |  out|   32|  ap_ctrl_hs|  unsw_linear_transformer_Pipeline_VITIS_LOOP_211_27|  return value|
|grp_fu_1952_p_din1         |  out|   32|  ap_ctrl_hs|  unsw_linear_transformer_Pipeline_VITIS_LOOP_211_27|  return value|
|grp_fu_1952_p_dout0        |   in|   32|  ap_ctrl_hs|  unsw_linear_transformer_Pipeline_VITIS_LOOP_211_27|  return value|
|grp_fu_1952_p_ce           |  out|    1|  ap_ctrl_hs|  unsw_linear_transformer_Pipeline_VITIS_LOOP_211_27|  return value|
|grp_fu_1956_p_din0         |  out|   32|  ap_ctrl_hs|  unsw_linear_transformer_Pipeline_VITIS_LOOP_211_27|  return value|
|grp_fu_1956_p_din1         |  out|   32|  ap_ctrl_hs|  unsw_linear_transformer_Pipeline_VITIS_LOOP_211_27|  return value|
|grp_fu_1956_p_dout0        |   in|   32|  ap_ctrl_hs|  unsw_linear_transformer_Pipeline_VITIS_LOOP_211_27|  return value|
|grp_fu_1956_p_ce           |  out|    1|  ap_ctrl_hs|  unsw_linear_transformer_Pipeline_VITIS_LOOP_211_27|  return value|
|grp_fu_1960_p_din0         |  out|   32|  ap_ctrl_hs|  unsw_linear_transformer_Pipeline_VITIS_LOOP_211_27|  return value|
|grp_fu_1960_p_din1         |  out|   32|  ap_ctrl_hs|  unsw_linear_transformer_Pipeline_VITIS_LOOP_211_27|  return value|
|grp_fu_1960_p_dout0        |   in|   32|  ap_ctrl_hs|  unsw_linear_transformer_Pipeline_VITIS_LOOP_211_27|  return value|
|grp_fu_1960_p_ce           |  out|    1|  ap_ctrl_hs|  unsw_linear_transformer_Pipeline_VITIS_LOOP_211_27|  return value|
|grp_fu_1964_p_din0         |  out|   32|  ap_ctrl_hs|  unsw_linear_transformer_Pipeline_VITIS_LOOP_211_27|  return value|
|grp_fu_1964_p_din1         |  out|   32|  ap_ctrl_hs|  unsw_linear_transformer_Pipeline_VITIS_LOOP_211_27|  return value|
|grp_fu_1964_p_dout0        |   in|   32|  ap_ctrl_hs|  unsw_linear_transformer_Pipeline_VITIS_LOOP_211_27|  return value|
|grp_fu_1964_p_ce           |  out|    1|  ap_ctrl_hs|  unsw_linear_transformer_Pipeline_VITIS_LOOP_211_27|  return value|
|grp_fu_1968_p_din0         |  out|   32|  ap_ctrl_hs|  unsw_linear_transformer_Pipeline_VITIS_LOOP_211_27|  return value|
|grp_fu_1968_p_din1         |  out|   32|  ap_ctrl_hs|  unsw_linear_transformer_Pipeline_VITIS_LOOP_211_27|  return value|
|grp_fu_1968_p_dout0        |   in|   32|  ap_ctrl_hs|  unsw_linear_transformer_Pipeline_VITIS_LOOP_211_27|  return value|
|grp_fu_1968_p_ce           |  out|    1|  ap_ctrl_hs|  unsw_linear_transformer_Pipeline_VITIS_LOOP_211_27|  return value|
|grp_fu_1972_p_din0         |  out|   32|  ap_ctrl_hs|  unsw_linear_transformer_Pipeline_VITIS_LOOP_211_27|  return value|
|grp_fu_1972_p_din1         |  out|   32|  ap_ctrl_hs|  unsw_linear_transformer_Pipeline_VITIS_LOOP_211_27|  return value|
|grp_fu_1972_p_dout0        |   in|   32|  ap_ctrl_hs|  unsw_linear_transformer_Pipeline_VITIS_LOOP_211_27|  return value|
|grp_fu_1972_p_ce           |  out|    1|  ap_ctrl_hs|  unsw_linear_transformer_Pipeline_VITIS_LOOP_211_27|  return value|
|grp_fu_1976_p_din0         |  out|   32|  ap_ctrl_hs|  unsw_linear_transformer_Pipeline_VITIS_LOOP_211_27|  return value|
|grp_fu_1976_p_din1         |  out|   32|  ap_ctrl_hs|  unsw_linear_transformer_Pipeline_VITIS_LOOP_211_27|  return value|
|grp_fu_1976_p_dout0        |   in|   32|  ap_ctrl_hs|  unsw_linear_transformer_Pipeline_VITIS_LOOP_211_27|  return value|
|grp_fu_1976_p_ce           |  out|    1|  ap_ctrl_hs|  unsw_linear_transformer_Pipeline_VITIS_LOOP_211_27|  return value|
|grp_fu_1980_p_din0         |  out|   32|  ap_ctrl_hs|  unsw_linear_transformer_Pipeline_VITIS_LOOP_211_27|  return value|
|grp_fu_1980_p_din1         |  out|   32|  ap_ctrl_hs|  unsw_linear_transformer_Pipeline_VITIS_LOOP_211_27|  return value|
|grp_fu_1980_p_dout0        |   in|   32|  ap_ctrl_hs|  unsw_linear_transformer_Pipeline_VITIS_LOOP_211_27|  return value|
|grp_fu_1980_p_ce           |  out|    1|  ap_ctrl_hs|  unsw_linear_transformer_Pipeline_VITIS_LOOP_211_27|  return value|
|grp_fu_1984_p_din0         |  out|   32|  ap_ctrl_hs|  unsw_linear_transformer_Pipeline_VITIS_LOOP_211_27|  return value|
|grp_fu_1984_p_din1         |  out|   32|  ap_ctrl_hs|  unsw_linear_transformer_Pipeline_VITIS_LOOP_211_27|  return value|
|grp_fu_1984_p_dout0        |   in|   32|  ap_ctrl_hs|  unsw_linear_transformer_Pipeline_VITIS_LOOP_211_27|  return value|
|grp_fu_1984_p_ce           |  out|    1|  ap_ctrl_hs|  unsw_linear_transformer_Pipeline_VITIS_LOOP_211_27|  return value|
|grp_fu_1988_p_din0         |  out|   32|  ap_ctrl_hs|  unsw_linear_transformer_Pipeline_VITIS_LOOP_211_27|  return value|
|grp_fu_1988_p_din1         |  out|   32|  ap_ctrl_hs|  unsw_linear_transformer_Pipeline_VITIS_LOOP_211_27|  return value|
|grp_fu_1988_p_dout0        |   in|   32|  ap_ctrl_hs|  unsw_linear_transformer_Pipeline_VITIS_LOOP_211_27|  return value|
|grp_fu_1988_p_ce           |  out|    1|  ap_ctrl_hs|  unsw_linear_transformer_Pipeline_VITIS_LOOP_211_27|  return value|
|grp_fu_1992_p_din0         |  out|   32|  ap_ctrl_hs|  unsw_linear_transformer_Pipeline_VITIS_LOOP_211_27|  return value|
|grp_fu_1992_p_din1         |  out|   32|  ap_ctrl_hs|  unsw_linear_transformer_Pipeline_VITIS_LOOP_211_27|  return value|
|grp_fu_1992_p_dout0        |   in|   32|  ap_ctrl_hs|  unsw_linear_transformer_Pipeline_VITIS_LOOP_211_27|  return value|
|grp_fu_1992_p_ce           |  out|    1|  ap_ctrl_hs|  unsw_linear_transformer_Pipeline_VITIS_LOOP_211_27|  return value|
|grp_fu_1996_p_din0         |  out|   32|  ap_ctrl_hs|  unsw_linear_transformer_Pipeline_VITIS_LOOP_211_27|  return value|
|grp_fu_1996_p_din1         |  out|   32|  ap_ctrl_hs|  unsw_linear_transformer_Pipeline_VITIS_LOOP_211_27|  return value|
|grp_fu_1996_p_dout0        |   in|   32|  ap_ctrl_hs|  unsw_linear_transformer_Pipeline_VITIS_LOOP_211_27|  return value|
|grp_fu_1996_p_ce           |  out|    1|  ap_ctrl_hs|  unsw_linear_transformer_Pipeline_VITIS_LOOP_211_27|  return value|
|grp_fu_2000_p_din0         |  out|   32|  ap_ctrl_hs|  unsw_linear_transformer_Pipeline_VITIS_LOOP_211_27|  return value|
|grp_fu_2000_p_din1         |  out|   32|  ap_ctrl_hs|  unsw_linear_transformer_Pipeline_VITIS_LOOP_211_27|  return value|
|grp_fu_2000_p_dout0        |   in|   32|  ap_ctrl_hs|  unsw_linear_transformer_Pipeline_VITIS_LOOP_211_27|  return value|
|grp_fu_2000_p_ce           |  out|    1|  ap_ctrl_hs|  unsw_linear_transformer_Pipeline_VITIS_LOOP_211_27|  return value|
|grp_fu_2004_p_din0         |  out|   32|  ap_ctrl_hs|  unsw_linear_transformer_Pipeline_VITIS_LOOP_211_27|  return value|
|grp_fu_2004_p_din1         |  out|   32|  ap_ctrl_hs|  unsw_linear_transformer_Pipeline_VITIS_LOOP_211_27|  return value|
|grp_fu_2004_p_dout0        |   in|   32|  ap_ctrl_hs|  unsw_linear_transformer_Pipeline_VITIS_LOOP_211_27|  return value|
|grp_fu_2004_p_ce           |  out|    1|  ap_ctrl_hs|  unsw_linear_transformer_Pipeline_VITIS_LOOP_211_27|  return value|
|normalized_output_load     |   in|   32|     ap_none|                              normalized_output_load|        scalar|
|normalized_output_load_1   |   in|   32|     ap_none|                            normalized_output_load_1|        scalar|
|normalized_output_load_2   |   in|   32|     ap_none|                            normalized_output_load_2|        scalar|
|normalized_output_load_3   |   in|   32|     ap_none|                            normalized_output_load_3|        scalar|
|normalized_output_load_4   |   in|   32|     ap_none|                            normalized_output_load_4|        scalar|
|normalized_output_load_5   |   in|   32|     ap_none|                            normalized_output_load_5|        scalar|
|normalized_output_load_6   |   in|   32|     ap_none|                            normalized_output_load_6|        scalar|
|normalized_output_load_7   |   in|   32|     ap_none|                            normalized_output_load_7|        scalar|
|normalized_output_load_8   |   in|   32|     ap_none|                            normalized_output_load_8|        scalar|
|normalized_output_load_9   |   in|   32|     ap_none|                            normalized_output_load_9|        scalar|
|normalized_output_load_10  |   in|   32|     ap_none|                           normalized_output_load_10|        scalar|
|normalized_output_load_11  |   in|   32|     ap_none|                           normalized_output_load_11|        scalar|
|normalized_output_load_12  |   in|   32|     ap_none|                           normalized_output_load_12|        scalar|
|normalized_output_load_13  |   in|   32|     ap_none|                           normalized_output_load_13|        scalar|
|normalized_output_load_14  |   in|   32|     ap_none|                           normalized_output_load_14|        scalar|
|normalized_output_load_15  |   in|   32|     ap_none|                           normalized_output_load_15|        scalar|
|logits_address0            |  out|    1|   ap_memory|                                              logits|         array|
|logits_ce0                 |  out|    1|   ap_memory|                                              logits|         array|
|logits_we0                 |  out|    1|   ap_memory|                                              logits|         array|
|logits_d0                  |  out|   32|   ap_memory|                                              logits|         array|
+---------------------------+-----+-----+------------+----------------------------------------------------+--------------+

