

================================================================
== Vitis HLS Report for 'unsw_linear_transformer'
================================================================
* Date:           Sat Jun 27 12:31:43 2026

* Version:        2022.2 (Build 3670227 on Oct 13 2022)
* Project:        unsw_linear_transformer_prj
* Solution:       solution1 (Vivado IP Flow Target)
* Product family: zynq
* Target device:  xc7z020-clg400-1


================================================================
== Performance Estimates
================================================================
+ Timing: 
    * Summary: 
    +--------+----------+----------+------------+
    |  Clock |  Target  | Estimated| Uncertainty|
    +--------+----------+----------+------------+
    |ap_clk  |  10.00 ns|  8.567 ns|     2.70 ns|
    +--------+----------+----------+------------+

+ Latency: 
    * Summary: 
    +---------+---------+-----------+-----------+------+------+---------+
    |  Latency (cycles) |   Latency (absolute)  |   Interval  | Pipeline|
    |   min   |   max   |    min    |    max    |  min |  max |   Type  |
    +---------+---------+-----------+-----------+------+------+---------+
    |     7869|     7869|  78.690 us|  78.690 us|  7870|  7870|       no|
    +---------+---------+-----------+-----------+------+------+---------+

    + Detail: 
        * Instance: 
        +----------------------------------------------------------------------------------+----------------------------------------------------------------------+---------+---------+-----------+-----------+------+------+---------+
        |                                                                                  |                                                                      |  Latency (cycles) |   Latency (absolute)  |   Interval  | Pipeline|
        |                                     Instance                                     |                                Module                                |   min   |   max   |    min    |    max    |  min |  max |   Type  |
        +----------------------------------------------------------------------------------+----------------------------------------------------------------------+---------+---------+-----------+-----------+------+------+---------+
        |grp_unsw_linear_transformer_Pipeline_VITIS_LOOP_71_1_VITIS_LOOP_72_2_fu_766       |unsw_linear_transformer_Pipeline_VITIS_LOOP_71_1_VITIS_LOOP_72_2      |     1658|     1658|  16.580 us|  16.580 us|  1658|  1658|       no|
        |grp_unsw_linear_transformer_Pipeline_VITIS_LOOP_86_4_VITIS_LOOP_87_5_fu_826       |unsw_linear_transformer_Pipeline_VITIS_LOOP_86_4_VITIS_LOOP_87_5      |      225|      225|   2.250 us|   2.250 us|   225|   225|       no|
        |grp_unsw_linear_transformer_Pipeline_VITIS_LOOP_107_7_VITIS_LOOP_108_8_fu_930     |unsw_linear_transformer_Pipeline_VITIS_LOOP_107_7_VITIS_LOOP_108_8    |      303|      303|   3.030 us|   3.030 us|   303|   303|       no|
        |grp_unsw_linear_transformer_Pipeline_VITIS_LOOP_118_10_fu_937                     |unsw_linear_transformer_Pipeline_VITIS_LOOP_118_10                    |       59|       59|   0.590 us|   0.590 us|    59|    59|       no|
        |grp_unsw_linear_transformer_Pipeline_VITIS_LOOP_129_13_fu_943                     |unsw_linear_transformer_Pipeline_VITIS_LOOP_129_13                    |       88|       88|   0.880 us|   0.880 us|    88|    88|       no|
        |grp_unsw_linear_transformer_Pipeline_VITIS_LOOP_147_16_VITIS_LOOP_148_17_fu_951   |unsw_linear_transformer_Pipeline_VITIS_LOOP_147_16_VITIS_LOOP_148_17  |      220|      220|   2.200 us|   2.200 us|   220|   220|       no|
        |grp_unsw_linear_transformer_Pipeline_VITIS_LOOP_135_14_fu_992                     |unsw_linear_transformer_Pipeline_VITIS_LOOP_135_14                    |      119|      119|   1.190 us|   1.190 us|   119|   119|       no|
        |grp_unsw_linear_transformer_Pipeline_VITIS_LOOP_17_1_fu_1018                      |unsw_linear_transformer_Pipeline_VITIS_LOOP_17_1                      |      303|      303|   3.030 us|   3.030 us|   303|   303|       no|
        |grp_unsw_linear_transformer_Pipeline_VITIS_LOOP_168_19_VITIS_LOOP_169_20_fu_1024  |unsw_linear_transformer_Pipeline_VITIS_LOOP_168_19_VITIS_LOOP_169_20  |     2130|     2130|  21.300 us|  21.300 us|  2130|  2130|       no|
        |grp_unsw_linear_transformer_Pipeline_VITIS_LOOP_180_22_VITIS_LOOP_181_23_fu_1064  |unsw_linear_transformer_Pipeline_VITIS_LOOP_180_22_VITIS_LOOP_181_23  |      427|      427|   4.270 us|   4.270 us|   427|   427|       no|
        |grp_unsw_linear_transformer_Pipeline_VITIS_LOOP_17_11_fu_1137                     |unsw_linear_transformer_Pipeline_VITIS_LOOP_17_11                     |      303|      303|   3.030 us|   3.030 us|   303|   303|       no|
        |grp_unsw_linear_transformer_Pipeline_VITIS_LOOP_200_25_fu_1143                    |unsw_linear_transformer_Pipeline_VITIS_LOOP_200_25                    |      108|      108|   1.080 us|   1.080 us|   108|   108|       no|
        |grp_unsw_linear_transformer_Pipeline_VITIS_LOOP_47_1_fu_1149                      |unsw_linear_transformer_Pipeline_VITIS_LOOP_47_1                      |       84|       84|   0.840 us|   0.840 us|    84|    84|       no|
        |grp_unsw_linear_transformer_Pipeline_VITIS_LOOP_53_2_fu_1155                      |unsw_linear_transformer_Pipeline_VITIS_LOOP_53_2                      |       93|       93|   0.930 us|   0.930 us|    93|    93|       no|
        |grp_unsw_linear_transformer_Pipeline_VITIS_LOOP_60_3_fu_1162                      |unsw_linear_transformer_Pipeline_VITIS_LOOP_60_3                      |       37|       37|   0.370 us|   0.370 us|    37|    37|       no|
        |grp_unsw_linear_transformer_Pipeline_VITIS_LOOP_211_27_fu_1174                    |unsw_linear_transformer_Pipeline_VITIS_LOOP_211_27                    |       87|       87|   0.870 us|   0.870 us|    87|    87|       no|
        +----------------------------------------------------------------------------------+----------------------------------------------------------------------+---------+---------+-----------+-----------+------+------+---------+

        * Loop: 
        +---------------------+---------+---------+----------+-----------+-----------+------+----------+
        |                     |  Latency (cycles) | Iteration|  Initiation Interval  | Trip |          |
        |      Loop Name      |   min   |   max   |  Latency |  achieved |   target  | Count| Pipelined|
        +---------------------+---------+---------+----------+-----------+-----------+------+----------+
        |- VITIS_LOOP_127_12  |     1752|     1752|       219|          -|          -|     8|        no|
        +---------------------+---------+---------+----------+-----------+-----------+------+----------+



================================================================
== Utilization Estimates
================================================================
* Summary: 
+-----------------+---------+-----+--------+-------+-----+
|       Name      | BRAM_18K| DSP |   FF   |  LUT  | URAM|
+-----------------+---------+-----+--------+-------+-----+
|DSP              |        -|    -|       -|      -|    -|
|Expression       |        -|    -|       0|    189|    -|
|FIFO             |        -|    -|       -|      -|    -|
|Instance         |       18|  258|   70369|  58361|    -|
|Memory           |      158|    -|     128|     24|    0|
|Multiplexer      |        -|    -|       -|   6972|    -|
|Register         |        -|    -|    1331|      -|    -|
+-----------------+---------+-----+--------+-------+-----+
|Total            |      176|  258|   71828|  65546|    0|
+-----------------+---------+-----+--------+-------+-----+
|Available        |      280|  220|  106400|  53200|    0|
+-----------------+---------+-----+--------+-------+-----+
|Utilization (%)  |       62|  117|      67|    123|    0|
+-----------------+---------+-----+--------+-------+-----+

+ Detail: 
    * Instance: 
    +----------------------------------------------------------------------------------+----------------------------------------------------------------------+---------+-----+-------+-------+-----+
    |                                     Instance                                     |                                Module                                | BRAM_18K| DSP |   FF  |  LUT  | URAM|
    +----------------------------------------------------------------------------------+----------------------------------------------------------------------+---------+-----+-------+-------+-----+
    |fadd_32ns_32ns_32_5_full_dsp_1_U541                                               |fadd_32ns_32ns_32_5_full_dsp_1                                        |        0|    2|    205|    390|    0|
    |fadd_32ns_32ns_32_5_full_dsp_1_U549                                               |fadd_32ns_32ns_32_5_full_dsp_1                                        |        0|    2|    205|    390|    0|
    |fadd_32ns_32ns_32_5_full_dsp_1_U550                                               |fadd_32ns_32ns_32_5_full_dsp_1                                        |        0|    2|    205|    390|    0|
    |fadd_32ns_32ns_32_5_full_dsp_1_U551                                               |fadd_32ns_32ns_32_5_full_dsp_1                                        |        0|    2|    205|    390|    0|
    |fadd_32ns_32ns_32_5_full_dsp_1_U552                                               |fadd_32ns_32ns_32_5_full_dsp_1                                        |        0|    2|    205|    390|    0|
    |fadd_32ns_32ns_32_5_full_dsp_1_U553                                               |fadd_32ns_32ns_32_5_full_dsp_1                                        |        0|    2|    205|    390|    0|
    |fadd_32ns_32ns_32_5_full_dsp_1_U554                                               |fadd_32ns_32ns_32_5_full_dsp_1                                        |        0|    2|    205|    390|    0|
    |fadd_32ns_32ns_32_5_full_dsp_1_U555                                               |fadd_32ns_32ns_32_5_full_dsp_1                                        |        0|    2|    205|    390|    0|
    |fadd_32ns_32ns_32_5_full_dsp_1_U556                                               |fadd_32ns_32ns_32_5_full_dsp_1                                        |        0|    2|    205|    390|    0|
    |fadd_32ns_32ns_32_5_full_dsp_1_U557                                               |fadd_32ns_32ns_32_5_full_dsp_1                                        |        0|    2|    205|    390|    0|
    |faddfsub_32ns_32ns_32_5_full_dsp_1_U536                                           |faddfsub_32ns_32ns_32_5_full_dsp_1                                    |        0|    2|    205|    390|    0|
    |faddfsub_32ns_32ns_32_5_full_dsp_1_U542                                           |faddfsub_32ns_32ns_32_5_full_dsp_1                                    |        0|    2|    205|    390|    0|
    |faddfsub_32ns_32ns_32_5_full_dsp_1_U544                                           |faddfsub_32ns_32ns_32_5_full_dsp_1                                    |        0|    2|    205|    390|    0|
    |faddfsub_32ns_32ns_32_5_full_dsp_1_U545                                           |faddfsub_32ns_32ns_32_5_full_dsp_1                                    |        0|    2|    205|    390|    0|
    |faddfsub_32ns_32ns_32_5_full_dsp_1_U546                                           |faddfsub_32ns_32ns_32_5_full_dsp_1                                    |        0|    2|    205|    390|    0|
    |faddfsub_32ns_32ns_32_5_full_dsp_1_U547                                           |faddfsub_32ns_32ns_32_5_full_dsp_1                                    |        0|    2|    205|    390|    0|
    |faddfsub_32ns_32ns_32_5_full_dsp_1_U548                                           |faddfsub_32ns_32ns_32_5_full_dsp_1                                    |        0|    2|    205|    390|    0|
    |fcmp_32ns_32ns_1_2_no_dsp_1_U539                                                  |fcmp_32ns_32ns_1_2_no_dsp_1                                           |        0|    0|      0|      0|    0|
    |fdiv_32ns_32ns_32_16_no_dsp_1_U538                                                |fdiv_32ns_32ns_32_16_no_dsp_1                                         |        0|    0|      0|      0|    0|
    |fmul_32ns_32ns_32_4_max_dsp_1_U537                                                |fmul_32ns_32ns_32_4_max_dsp_1                                         |        0|    3|    143|    321|    0|
    |fmul_32ns_32ns_32_4_max_dsp_1_U543                                                |fmul_32ns_32ns_32_4_max_dsp_1                                         |        0|    3|    143|    321|    0|
    |fmul_32ns_32ns_32_4_max_dsp_1_U558                                                |fmul_32ns_32ns_32_4_max_dsp_1                                         |        0|    3|    143|    321|    0|
    |fmul_32ns_32ns_32_4_max_dsp_1_U559                                                |fmul_32ns_32ns_32_4_max_dsp_1                                         |        0|    3|    143|    321|    0|
    |fmul_32ns_32ns_32_4_max_dsp_1_U560                                                |fmul_32ns_32ns_32_4_max_dsp_1                                         |        0|    3|    143|    321|    0|
    |fmul_32ns_32ns_32_4_max_dsp_1_U561                                                |fmul_32ns_32ns_32_4_max_dsp_1                                         |        0|    3|    143|    321|    0|
    |fmul_32ns_32ns_32_4_max_dsp_1_U562                                                |fmul_32ns_32ns_32_4_max_dsp_1                                         |        0|    3|    143|    321|    0|
    |fmul_32ns_32ns_32_4_max_dsp_1_U563                                                |fmul_32ns_32ns_32_4_max_dsp_1                                         |        0|    3|    143|    321|    0|
    |fmul_32ns_32ns_32_4_max_dsp_1_U564                                                |fmul_32ns_32ns_32_4_max_dsp_1                                         |        0|    3|    143|    321|    0|
    |fmul_32ns_32ns_32_4_max_dsp_1_U565                                                |fmul_32ns_32ns_32_4_max_dsp_1                                         |        0|    3|    143|    321|    0|
    |fmul_32ns_32ns_32_4_max_dsp_1_U566                                                |fmul_32ns_32ns_32_4_max_dsp_1                                         |        0|    3|    143|    321|    0|
    |fmul_32ns_32ns_32_4_max_dsp_1_U567                                                |fmul_32ns_32ns_32_4_max_dsp_1                                         |        0|    3|    143|    321|    0|
    |fmul_32ns_32ns_32_4_max_dsp_1_U568                                                |fmul_32ns_32ns_32_4_max_dsp_1                                         |        0|    3|    143|    321|    0|
    |fmul_32ns_32ns_32_4_max_dsp_1_U569                                                |fmul_32ns_32ns_32_4_max_dsp_1                                         |        0|    3|    143|    321|    0|
    |fmul_32ns_32ns_32_4_max_dsp_1_U570                                                |fmul_32ns_32ns_32_4_max_dsp_1                                         |        0|    3|    143|    321|    0|
    |fmul_32ns_32ns_32_4_max_dsp_1_U571                                                |fmul_32ns_32ns_32_4_max_dsp_1                                         |        0|    3|    143|    321|    0|
    |fsqrt_32ns_32ns_32_16_no_dsp_1_U540                                               |fsqrt_32ns_32ns_32_16_no_dsp_1                                        |        0|    0|      0|      0|    0|
    |grp_unsw_linear_transformer_Pipeline_VITIS_LOOP_107_7_VITIS_LOOP_108_8_fu_930     |unsw_linear_transformer_Pipeline_VITIS_LOOP_107_7_VITIS_LOOP_108_8    |        0|    0|   1670|    525|    0|
    |grp_unsw_linear_transformer_Pipeline_VITIS_LOOP_118_10_fu_937                     |unsw_linear_transformer_Pipeline_VITIS_LOOP_118_10                    |        0|    0|   1119|    337|    0|
    |grp_unsw_linear_transformer_Pipeline_VITIS_LOOP_129_13_fu_943                     |unsw_linear_transformer_Pipeline_VITIS_LOOP_129_13                    |        0|    0|    177|    151|    0|
    |grp_unsw_linear_transformer_Pipeline_VITIS_LOOP_135_14_fu_992                     |unsw_linear_transformer_Pipeline_VITIS_LOOP_135_14                    |        0|    0|   2809|    637|    0|
    |grp_unsw_linear_transformer_Pipeline_VITIS_LOOP_147_16_VITIS_LOOP_148_17_fu_951   |unsw_linear_transformer_Pipeline_VITIS_LOOP_147_16_VITIS_LOOP_148_17  |        0|    0|   4054|   1088|    0|
    |grp_unsw_linear_transformer_Pipeline_VITIS_LOOP_168_19_VITIS_LOOP_169_20_fu_1024  |unsw_linear_transformer_Pipeline_VITIS_LOOP_168_19_VITIS_LOOP_169_20  |       17|    0|   2896|   1496|    0|
    |grp_unsw_linear_transformer_Pipeline_VITIS_LOOP_17_1_fu_1018                      |unsw_linear_transformer_Pipeline_VITIS_LOOP_17_1                      |        0|    0|   8125|   4107|    0|
    |grp_unsw_linear_transformer_Pipeline_VITIS_LOOP_17_11_fu_1137                     |unsw_linear_transformer_Pipeline_VITIS_LOOP_17_11                     |        0|    0|   8125|   4107|    0|
    |grp_unsw_linear_transformer_Pipeline_VITIS_LOOP_180_22_VITIS_LOOP_181_23_fu_1064  |unsw_linear_transformer_Pipeline_VITIS_LOOP_180_22_VITIS_LOOP_181_23  |        0|    0|   7595|   3670|    0|
    |grp_unsw_linear_transformer_Pipeline_VITIS_LOOP_200_25_fu_1143                    |unsw_linear_transformer_Pipeline_VITIS_LOOP_200_25                    |        0|    0|    917|    524|    0|
    |grp_unsw_linear_transformer_Pipeline_VITIS_LOOP_211_27_fu_1174                    |unsw_linear_transformer_Pipeline_VITIS_LOOP_211_27                    |        0|    0|   1340|    660|    0|
    |grp_unsw_linear_transformer_Pipeline_VITIS_LOOP_47_1_fu_1149                      |unsw_linear_transformer_Pipeline_VITIS_LOOP_47_1                      |        0|    0|    110|    128|    0|
    |grp_unsw_linear_transformer_Pipeline_VITIS_LOOP_53_2_fu_1155                      |unsw_linear_transformer_Pipeline_VITIS_LOOP_53_2                      |        0|    0|    210|    220|    0|
    |grp_unsw_linear_transformer_Pipeline_VITIS_LOOP_60_3_fu_1162                      |unsw_linear_transformer_Pipeline_VITIS_LOOP_60_3                      |        0|    0|    403|    109|    0|
    |grp_unsw_linear_transformer_Pipeline_VITIS_LOOP_71_1_VITIS_LOOP_72_2_fu_766       |unsw_linear_transformer_Pipeline_VITIS_LOOP_71_1_VITIS_LOOP_72_2      |        1|    0|   4388|   2142|    0|
    |grp_unsw_linear_transformer_Pipeline_VITIS_LOOP_86_4_VITIS_LOOP_87_5_fu_826       |unsw_linear_transformer_Pipeline_VITIS_LOOP_86_4_VITIS_LOOP_87_5      |        0|  176|  20658|  26694|    0|
    +----------------------------------------------------------------------------------+----------------------------------------------------------------------+---------+-----+-------+-------+-----+
    |Total                                                                             |                                                                      |       18|  258|  70369|  58361|    0|
    +----------------------------------------------------------------------------------+----------------------------------------------------------------------+---------+-----+-------+-------+-----+

    * DSP: 
    N/A

    * Memory: 
    +----------------------+---------------------------------+---------+----+----+-----+------+-----+------+-------------+
    |        Memory        |              Module             | BRAM_18K| FF | LUT| URAM| Words| Bits| Banks| W*Bits*Banks|
    +----------------------+---------------------------------+---------+----+----+-----+------+-----+------+-------------+
    |embedded_U            |embedded_RAM_1WNR_AUTO_1R1W      |       30|   0|   0|    0|   128|   32|     1|         4096|
    |attention_U           |embedded_RAM_1WNR_AUTO_1R1W      |       30|   0|   0|    0|   128|   32|     1|         4096|
    |key_U                 |key_RAM_1WNR_AUTO_1R1W           |       14|   0|   0|    0|   128|   32|     1|         4096|
    |value_U               |key_RAM_1WNR_AUTO_1R1W           |       14|   0|   0|    0|   128|   32|     1|         4096|
    |key_sum_U             |key_sum_RAM_AUTO_1R1W            |        0|  32|   8|    0|    16|   32|     1|          512|
    |pooled_U              |key_sum_RAM_AUTO_1R1W            |        0|  32|   8|    0|    16|   32|     1|          512|
    |key_value_U           |key_value_RAM_1WNR_AUTO_1R1W     |       30|   0|   0|    0|   256|   32|     1|         8192|
    |feedforward_hidden_U  |key_value_RAM_1WNR_AUTO_1R1W     |       30|   0|   0|    0|   256|   32|     1|         8192|
    |norm1_U               |norm1_RAM_AUTO_1R1W              |        2|   0|   0|    0|   128|   32|     1|         4096|
    |norm2_U               |norm1_RAM_AUTO_1R1W              |        2|   0|   0|    0|   128|   32|     1|         4096|
    |normalized_output_U   |normalized_output_RAM_AUTO_1R1W  |        0|  64|   8|    0|    16|   32|     1|          512|
    |query_U               |query_RAM_AUTO_1R1W              |        2|   0|   0|    0|   128|   32|     1|         4096|
    |residual1_U           |residual1_RAM_1WNR_AUTO_1R1W     |        2|   0|   0|    0|   128|   32|     1|         4096|
    |residual2_U           |residual1_RAM_1WNR_AUTO_1R1W     |        2|   0|   0|    0|   128|   32|     1|         4096|
    +----------------------+---------------------------------+---------+----+----+-----+------+-----+------+-------------+
    |Total                 |                                 |      158| 128|  24|    0|  1712|  448|    14|        54784|
    +----------------------+---------------------------------+---------+----+----+-----+------+-----+------+-------------+

    * FIFO: 
    N/A

    * Expression: 
    +-------------------------+----------+----+---+----+------------+------------+
    |      Variable Name      | Operation| DSP| FF| LUT| Bitwidth P0| Bitwidth P1|
    +-------------------------+----------+----+---+----+------------+------------+
    |add_ln127_fu_1240_p2     |         +|   0|  0|  13|           4|           1|
    |and_ln132_fu_1453_p2     |       and|   0|  0|   2|           1|           1|
    |icmp_ln127_fu_1234_p2    |      icmp|   0|  0|   9|           4|           5|
    |icmp_ln132_1_fu_1441_p2  |      icmp|   0|  0|  15|          23|           1|
    |icmp_ln132_fu_1435_p2    |      icmp|   0|  0|  11|           8|           2|
    |or_ln132_fu_1447_p2      |        or|   0|  0|   2|           1|           1|
    |or_ln138_10_fu_1364_p2   |        or|   0|  0|   7|           7|           4|
    |or_ln138_11_fu_1374_p2   |        or|   0|  0|   7|           7|           4|
    |or_ln138_12_fu_1384_p2   |        or|   0|  0|   7|           7|           4|
    |or_ln138_13_fu_1398_p2   |        or|   0|  0|   7|           7|           4|
    |or_ln138_14_fu_1408_p2   |        or|   0|  0|   7|           7|           4|
    |or_ln138_1_fu_1274_p2    |        or|   0|  0|   7|           7|           2|
    |or_ln138_2_fu_1284_p2    |        or|   0|  0|   7|           7|           2|
    |or_ln138_3_fu_1294_p2    |        or|   0|  0|   7|           7|           3|
    |or_ln138_4_fu_1304_p2    |        or|   0|  0|   7|           7|           3|
    |or_ln138_5_fu_1314_p2    |        or|   0|  0|   7|           7|           3|
    |or_ln138_6_fu_1324_p2    |        or|   0|  0|   7|           7|           3|
    |or_ln138_7_fu_1334_p2    |        or|   0|  0|   7|           7|           4|
    |or_ln138_8_fu_1344_p2    |        or|   0|  0|   7|           7|           4|
    |or_ln138_9_fu_1354_p2    |        or|   0|  0|   7|           7|           4|
    |or_ln138_fu_1264_p2      |        or|   0|  0|   7|           7|           1|
    |denominator_fu_1459_p3   |    select|   0|  0|  32|           1|          30|
    +-------------------------+----------+----+---+----+------------+------------+
    |Total                    |          |   0|  0| 189|         147|          90|
    +-------------------------+----------+----+---+----+------------+------------+

    * Multiplexer: 
    +-----------------------------+-----+-----------+-----+-----------+
    |             Name            | LUT | Input Size| Bits| Total Bits|
    +-----------------------------+-----+-----------+-----+-----------+
    |ap_NS_fsm                    |  467|         93|    1|         93|
    |attention_address0           |   14|          3|    7|         21|
    |attention_ce0                |   14|          3|    1|          3|
    |attention_ce1                |    9|          2|    1|          2|
    |attention_ce10               |    9|          2|    1|          2|
    |attention_ce11               |    9|          2|    1|          2|
    |attention_ce12               |    9|          2|    1|          2|
    |attention_ce13               |    9|          2|    1|          2|
    |attention_ce14               |    9|          2|    1|          2|
    |attention_ce15               |    9|          2|    1|          2|
    |attention_ce2                |    9|          2|    1|          2|
    |attention_ce3                |    9|          2|    1|          2|
    |attention_ce4                |    9|          2|    1|          2|
    |attention_ce5                |    9|          2|    1|          2|
    |attention_ce6                |    9|          2|    1|          2|
    |attention_ce7                |    9|          2|    1|          2|
    |attention_ce8                |    9|          2|    1|          2|
    |attention_ce9                |    9|          2|    1|          2|
    |attention_we0                |    9|          2|    1|          2|
    |embedded_address0            |   20|          4|    7|         28|
    |embedded_ce0                 |   20|          4|    1|          4|
    |embedded_ce1                 |    9|          2|    1|          2|
    |embedded_ce10                |    9|          2|    1|          2|
    |embedded_ce11                |    9|          2|    1|          2|
    |embedded_ce12                |    9|          2|    1|          2|
    |embedded_ce13                |    9|          2|    1|          2|
    |embedded_ce14                |    9|          2|    1|          2|
    |embedded_ce15                |    9|          2|    1|          2|
    |embedded_ce2                 |    9|          2|    1|          2|
    |embedded_ce3                 |    9|          2|    1|          2|
    |embedded_ce4                 |    9|          2|    1|          2|
    |embedded_ce5                 |    9|          2|    1|          2|
    |embedded_ce6                 |    9|          2|    1|          2|
    |embedded_ce7                 |    9|          2|    1|          2|
    |embedded_ce8                 |    9|          2|    1|          2|
    |embedded_ce9                 |    9|          2|    1|          2|
    |embedded_we0                 |    9|          2|    1|          2|
    |feedforward_hidden_address0  |   14|          3|    8|         24|
    |feedforward_hidden_ce0       |   14|          3|    1|          3|
    |feedforward_hidden_ce1       |    9|          2|    1|          2|
    |feedforward_hidden_ce10      |    9|          2|    1|          2|
    |feedforward_hidden_ce11      |    9|          2|    1|          2|
    |feedforward_hidden_ce12      |    9|          2|    1|          2|
    |feedforward_hidden_ce13      |    9|          2|    1|          2|
    |feedforward_hidden_ce14      |    9|          2|    1|          2|
    |feedforward_hidden_ce15      |    9|          2|    1|          2|
    |feedforward_hidden_ce2       |    9|          2|    1|          2|
    |feedforward_hidden_ce3       |    9|          2|    1|          2|
    |feedforward_hidden_ce4       |    9|          2|    1|          2|
    |feedforward_hidden_ce5       |    9|          2|    1|          2|
    |feedforward_hidden_ce6       |    9|          2|    1|          2|
    |feedforward_hidden_ce7       |    9|          2|    1|          2|
    |feedforward_hidden_ce8       |    9|          2|    1|          2|
    |feedforward_hidden_ce9       |    9|          2|    1|          2|
    |feedforward_hidden_we0       |    9|          2|    1|          2|
    |grp_fu_1196_ce               |   81|         17|    1|         17|
    |grp_fu_1196_opcode           |   87|         18|    2|         36|
    |grp_fu_1196_p0               |   87|         18|   32|        576|
    |grp_fu_1196_p1               |   87|         18|   32|        576|
    |grp_fu_1201_ce               |   65|         15|    1|         15|
    |grp_fu_1201_p0               |   81|         17|   32|        544|
    |grp_fu_1201_p1               |   65|         16|   32|        512|
    |grp_fu_1206_ce               |   20|          4|    1|          4|
    |grp_fu_1206_p0               |   25|          5|   32|        160|
    |grp_fu_1206_p1               |   25|          5|   32|        160|
    |grp_fu_1212_ce               |   14|          3|    1|          3|
    |grp_fu_1212_opcode           |   20|          4|    5|         20|
    |grp_fu_1212_p0               |   20|          4|   32|        128|
    |grp_fu_1212_p1               |   20|          4|   32|        128|
    |grp_fu_1217_ce               |   14|          3|    1|          3|
    |grp_fu_1217_p0               |   14|          3|   32|         96|
    |grp_fu_1217_p1               |   20|          4|   32|        128|
    |grp_fu_1884_ce               |   65|         14|    1|         14|
    |grp_fu_1884_p0               |   65|         14|   32|        448|
    |grp_fu_1884_p1               |   65|         14|   32|        448|
    |grp_fu_1888_ce               |   59|         11|    1|         11|
    |grp_fu_1888_opcode           |   59|         11|    2|         22|
    |grp_fu_1888_p0               |   59|         11|   32|        352|
    |grp_fu_1888_p1               |   59|         11|   32|        352|
    |grp_fu_1892_ce               |   65|         12|    1|         12|
    |grp_fu_1892_p0               |   65|         12|   32|        384|
    |grp_fu_1892_p1               |   65|         12|   32|        384|
    |grp_fu_1896_ce               |   53|         10|    1|         10|
    |grp_fu_1896_opcode           |   53|         10|    2|         20|
    |grp_fu_1896_p0               |   53|         10|   32|        320|
    |grp_fu_1896_p1               |   53|         10|   32|        320|
    |grp_fu_1900_ce               |   53|         10|    1|         10|
    |grp_fu_1900_opcode           |   53|         10|    2|         20|
    |grp_fu_1900_p0               |   53|         10|   32|        320|
    |grp_fu_1900_p1               |   53|         10|   32|        320|
    |grp_fu_1904_ce               |   53|         10|    1|         10|
    |grp_fu_1904_opcode           |   53|         10|    2|         20|
    |grp_fu_1904_p0               |   53|         10|   32|        320|
    |grp_fu_1904_p1               |   53|         10|   32|        320|
    |grp_fu_1908_ce               |   53|         10|    1|         10|
    |grp_fu_1908_opcode           |   53|         10|    2|         20|
    |grp_fu_1908_p0               |   53|         10|   32|        320|
    |grp_fu_1908_p1               |   53|         10|   32|        320|
    |grp_fu_1912_ce               |   53|         10|    1|         10|
    |grp_fu_1912_opcode           |   53|         10|    2|         20|
    |grp_fu_1912_p0               |   53|         10|   32|        320|
    |grp_fu_1912_p1               |   53|         10|   32|        320|
    |grp_fu_1916_ce               |   42|          8|    1|          8|
    |grp_fu_1916_p0               |   42|          8|   32|        256|
    |grp_fu_1916_p1               |   42|          8|   32|        256|
    |grp_fu_1920_ce               |   31|          6|    1|          6|
    |grp_fu_1920_p0               |   31|          6|   32|        192|
    |grp_fu_1920_p1               |   31|          6|   32|        192|
    |grp_fu_1924_ce               |   31|          6|    1|          6|
    |grp_fu_1924_p0               |   31|          6|   32|        192|
    |grp_fu_1924_p1               |   31|          6|   32|        192|
    |grp_fu_1928_ce               |   31|          6|    1|          6|
    |grp_fu_1928_p0               |   31|          6|   32|        192|
    |grp_fu_1928_p1               |   31|          6|   32|        192|
    |grp_fu_1932_ce               |   31|          6|    1|          6|
    |grp_fu_1932_p0               |   31|          6|   32|        192|
    |grp_fu_1932_p1               |   31|          6|   32|        192|
    |grp_fu_1936_ce               |   31|          6|    1|          6|
    |grp_fu_1936_p0               |   31|          6|   32|        192|
    |grp_fu_1936_p1               |   31|          6|   32|        192|
    |grp_fu_1940_ce               |   31|          6|    1|          6|
    |grp_fu_1940_p0               |   31|          6|   32|        192|
    |grp_fu_1940_p1               |   31|          6|   32|        192|
    |grp_fu_1944_ce               |   31|          6|    1|          6|
    |grp_fu_1944_p0               |   31|          6|   32|        192|
    |grp_fu_1944_p1               |   31|          6|   32|        192|
    |grp_fu_1948_ce               |   20|          4|    1|          4|
    |grp_fu_1948_p0               |   20|          4|   32|        128|
    |grp_fu_1948_p1               |   20|          4|   32|        128|
    |grp_fu_1952_ce               |   48|          9|    1|          9|
    |grp_fu_1952_p0               |   48|          9|   32|        288|
    |grp_fu_1952_p1               |   48|          9|   32|        288|
    |grp_fu_1956_ce               |   48|          9|    1|          9|
    |grp_fu_1956_p0               |   48|          9|   32|        288|
    |grp_fu_1956_p1               |   48|          9|   32|        288|
    |grp_fu_1960_ce               |   48|          9|    1|          9|
    |grp_fu_1960_p0               |   48|          9|   32|        288|
    |grp_fu_1960_p1               |   48|          9|   32|        288|
    |grp_fu_1964_ce               |   48|          9|    1|          9|
    |grp_fu_1964_p0               |   48|          9|   32|        288|
    |grp_fu_1964_p1               |   48|          9|   32|        288|
    |grp_fu_1968_ce               |   48|          9|    1|          9|
    |grp_fu_1968_p0               |   48|          9|   32|        288|
    |grp_fu_1968_p1               |   48|          9|   32|        288|
    |grp_fu_1972_ce               |   37|          7|    1|          7|
    |grp_fu_1972_p0               |   37|          7|   32|        224|
    |grp_fu_1972_p1               |   37|          7|   32|        224|
    |grp_fu_1976_ce               |   31|          6|    1|          6|
    |grp_fu_1976_p0               |   31|          6|   32|        192|
    |grp_fu_1976_p1               |   31|          6|   32|        192|
    |grp_fu_1980_ce               |   31|          6|    1|          6|
    |grp_fu_1980_p0               |   31|          6|   32|        192|
    |grp_fu_1980_p1               |   31|          6|   32|        192|
    |grp_fu_1984_ce               |   31|          6|    1|          6|
    |grp_fu_1984_p0               |   31|          6|   32|        192|
    |grp_fu_1984_p1               |   31|          6|   32|        192|
    |grp_fu_1988_ce               |   31|          6|    1|          6|
    |grp_fu_1988_p0               |   31|          6|   32|        192|
    |grp_fu_1988_p1               |   31|          6|   32|        192|
    |grp_fu_1992_ce               |   31|          6|    1|          6|
    |grp_fu_1992_p0               |   31|          6|   32|        192|
    |grp_fu_1992_p1               |   31|          6|   32|        192|
    |grp_fu_1996_ce               |   31|          6|    1|          6|
    |grp_fu_1996_p0               |   31|          6|   32|        192|
    |grp_fu_1996_p1               |   31|          6|   32|        192|
    |grp_fu_2000_ce               |   31|          6|    1|          6|
    |grp_fu_2000_p0               |   31|          6|   32|        192|
    |grp_fu_2000_p1               |   31|          6|   32|        192|
    |grp_fu_2004_ce               |   31|          6|    1|          6|
    |grp_fu_2004_p0               |   31|          6|   32|        192|
    |grp_fu_2004_p1               |   31|          6|   32|        192|
    |key_address0                 |   20|          4|    7|         28|
    |key_address1                 |   14|          3|    7|         21|
    |key_address2                 |   14|          3|    7|         21|
    |key_address3                 |   14|          3|    7|         21|
    |key_address4                 |   14|          3|    7|         21|
    |key_address5                 |   14|          3|    7|         21|
    |key_address6                 |   14|          3|    7|         21|
    |key_address7                 |   14|          3|    7|         21|
    |key_ce0                      |   20|          4|    1|          4|
    |key_ce1                      |   14|          3|    1|          3|
    |key_ce2                      |   14|          3|    1|          3|
    |key_ce3                      |   14|          3|    1|          3|
    |key_ce4                      |   14|          3|    1|          3|
    |key_ce5                      |   14|          3|    1|          3|
    |key_ce6                      |   14|          3|    1|          3|
    |key_ce7                      |   14|          3|    1|          3|
    |key_sum_address0             |   14|          3|    4|         12|
    |key_sum_ce0                  |   14|          3|    1|          3|
    |key_sum_we0                  |    9|          2|    1|          2|
    |key_value_address0           |   14|          3|    8|         24|
    |key_value_ce0                |   14|          3|    1|          3|
    |key_value_ce1                |    9|          2|    1|          2|
    |key_value_ce10               |    9|          2|    1|          2|
    |key_value_ce11               |    9|          2|    1|          2|
    |key_value_ce12               |    9|          2|    1|          2|
    |key_value_ce13               |    9|          2|    1|          2|
    |key_value_ce14               |    9|          2|    1|          2|
    |key_value_ce15               |    9|          2|    1|          2|
    |key_value_ce2                |    9|          2|    1|          2|
    |key_value_ce3                |    9|          2|    1|          2|
    |key_value_ce4                |    9|          2|    1|          2|
    |key_value_ce5                |    9|          2|    1|          2|
    |key_value_ce6                |    9|          2|    1|          2|
    |key_value_ce7                |    9|          2|    1|          2|
    |key_value_ce8                |    9|          2|    1|          2|
    |key_value_ce9                |    9|          2|    1|          2|
    |key_value_we0                |    9|          2|    1|          2|
    |key_we0                      |    9|          2|    1|          2|
    |norm1_address0               |   20|          4|    7|         28|
    |norm1_address1               |   14|          3|    7|         21|
    |norm1_ce0                    |   20|          4|    1|          4|
    |norm1_ce1                    |   14|          3|    1|          3|
    |norm1_we0                    |    9|          2|    1|          2|
    |norm1_we1                    |    9|          2|    1|          2|
    |norm2_address0               |   14|          3|    7|         21|
    |norm2_address1               |   14|          3|    7|         21|
    |norm2_ce0                    |   14|          3|    1|          3|
    |norm2_ce1                    |   14|          3|    1|          3|
    |norm2_we0                    |    9|          2|    1|          2|
    |norm2_we1                    |    9|          2|    1|          2|
    |normalized_output_address0   |   53|         10|    4|         40|
    |normalized_output_address1   |   48|          9|    4|         36|
    |normalized_output_ce0        |   14|          3|    1|          3|
    |normalized_output_we0        |    9|          2|    1|          2|
    |pooled_address0              |   25|          5|    4|         20|
    |pooled_ce0                   |   25|          5|    1|          5|
    |pooled_we0                   |    9|          2|    1|          2|
    |query_address0               |   59|         11|    7|         77|
    |query_address1               |   48|          9|    7|         63|
    |query_ce0                    |   20|          4|    1|          4|
    |query_we0                    |    9|          2|    1|          2|
    |residual1_address0           |   14|          3|    7|         21|
    |residual1_ce0                |   14|          3|    1|          3|
    |residual1_ce1                |    9|          2|    1|          2|
    |residual1_we0                |    9|          2|    1|          2|
    |residual2_address0           |   14|          3|    7|         21|
    |residual2_ce0                |   14|          3|    1|          3|
    |residual2_ce1                |    9|          2|    1|          2|
    |residual2_we0                |    9|          2|    1|          2|
    |sequence_2_fu_436            |    9|          2|    4|          8|
    |value_address0               |   14|          3|    7|         21|
    |value_ce0                    |   14|          3|    1|          3|
    |value_ce1                    |    9|          2|    1|          2|
    |value_ce2                    |    9|          2|    1|          2|
    |value_ce3                    |    9|          2|    1|          2|
    |value_ce4                    |    9|          2|    1|          2|
    |value_ce5                    |    9|          2|    1|          2|
    |value_ce6                    |    9|          2|    1|          2|
    |value_ce7                    |    9|          2|    1|          2|
    |value_we0                    |    9|          2|    1|          2|
    +-----------------------------+-----+-----------+-----+-----------+
    |Total                        | 6972|       1389| 2637|      19913|
    +-----------------------------+-----+-----------+-----+-----------+

    * Register: 
    +-----------------------------------------------------------------------------------------------+----+----+-----+-----------+
    |                                              Name                                             | FF | LUT| Bits| Const Bits|
    +-----------------------------------------------------------------------------------------------+----+----+-----+-----------+
    |ap_CS_fsm                                                                                      |  92|   0|   92|          0|
    |denominator_reg_1667                                                                           |  32|   0|   32|          0|
    |grp_unsw_linear_transformer_Pipeline_VITIS_LOOP_107_7_VITIS_LOOP_108_8_fu_930_ap_start_reg     |   1|   0|    1|          0|
    |grp_unsw_linear_transformer_Pipeline_VITIS_LOOP_118_10_fu_937_ap_start_reg                     |   1|   0|    1|          0|
    |grp_unsw_linear_transformer_Pipeline_VITIS_LOOP_129_13_fu_943_ap_start_reg                     |   1|   0|    1|          0|
    |grp_unsw_linear_transformer_Pipeline_VITIS_LOOP_135_14_fu_992_ap_start_reg                     |   1|   0|    1|          0|
    |grp_unsw_linear_transformer_Pipeline_VITIS_LOOP_147_16_VITIS_LOOP_148_17_fu_951_ap_start_reg   |   1|   0|    1|          0|
    |grp_unsw_linear_transformer_Pipeline_VITIS_LOOP_168_19_VITIS_LOOP_169_20_fu_1024_ap_start_reg  |   1|   0|    1|          0|
    |grp_unsw_linear_transformer_Pipeline_VITIS_LOOP_17_11_fu_1137_ap_start_reg                     |   1|   0|    1|          0|
    |grp_unsw_linear_transformer_Pipeline_VITIS_LOOP_17_1_fu_1018_ap_start_reg                      |   1|   0|    1|          0|
    |grp_unsw_linear_transformer_Pipeline_VITIS_LOOP_180_22_VITIS_LOOP_181_23_fu_1064_ap_start_reg  |   1|   0|    1|          0|
    |grp_unsw_linear_transformer_Pipeline_VITIS_LOOP_200_25_fu_1143_ap_start_reg                    |   1|   0|    1|          0|
    |grp_unsw_linear_transformer_Pipeline_VITIS_LOOP_211_27_fu_1174_ap_start_reg                    |   1|   0|    1|          0|
    |grp_unsw_linear_transformer_Pipeline_VITIS_LOOP_47_1_fu_1149_ap_start_reg                      |   1|   0|    1|          0|
    |grp_unsw_linear_transformer_Pipeline_VITIS_LOOP_53_2_fu_1155_ap_start_reg                      |   1|   0|    1|          0|
    |grp_unsw_linear_transformer_Pipeline_VITIS_LOOP_60_3_fu_1162_ap_start_reg                      |   1|   0|    1|          0|
    |grp_unsw_linear_transformer_Pipeline_VITIS_LOOP_71_1_VITIS_LOOP_72_2_fu_766_ap_start_reg       |   1|   0|    1|          0|
    |grp_unsw_linear_transformer_Pipeline_VITIS_LOOP_86_4_VITIS_LOOP_87_5_fu_826_ap_start_reg       |   1|   0|    1|          0|
    |inverse_std_reg_1719                                                                           |  32|   0|   32|          0|
    |mean_reg_1695                                                                                  |  32|   0|   32|          0|
    |normalized_output_load_10_reg_1834                                                             |  32|   0|   32|          0|
    |normalized_output_load_11_reg_1839                                                             |  32|   0|   32|          0|
    |normalized_output_load_12_reg_1854                                                             |  32|   0|   32|          0|
    |normalized_output_load_13_reg_1859                                                             |  32|   0|   32|          0|
    |normalized_output_load_14_reg_1874                                                             |  32|   0|   32|          0|
    |normalized_output_load_15_reg_1879                                                             |  32|   0|   32|          0|
    |normalized_output_load_1_reg_1739                                                              |  32|   0|   32|          0|
    |normalized_output_load_2_reg_1754                                                              |  32|   0|   32|          0|
    |normalized_output_load_3_reg_1759                                                              |  32|   0|   32|          0|
    |normalized_output_load_4_reg_1774                                                              |  32|   0|   32|          0|
    |normalized_output_load_5_reg_1779                                                              |  32|   0|   32|          0|
    |normalized_output_load_6_reg_1794                                                              |  32|   0|   32|          0|
    |normalized_output_load_7_reg_1799                                                              |  32|   0|   32|          0|
    |normalized_output_load_8_reg_1814                                                              |  32|   0|   32|          0|
    |normalized_output_load_9_reg_1819                                                              |  32|   0|   32|          0|
    |normalized_output_load_reg_1734                                                                |  32|   0|   32|          0|
    |p_x_assign_2_reg_1709                                                                          |  32|   0|   32|          0|
    |query_load_10_reg_1647                                                                         |  32|   0|   32|          0|
    |query_load_11_reg_1652                                                                         |  32|   0|   32|          0|
    |query_load_12_reg_1672                                                                         |  32|   0|   32|          0|
    |query_load_13_reg_1677                                                                         |  32|   0|   32|          0|
    |query_load_14_reg_1682                                                                         |  32|   0|   32|          0|
    |query_load_15_reg_1687                                                                         |  32|   0|   32|          0|
    |query_load_1_reg_1549                                                                          |  32|   0|   32|          0|
    |query_load_2_reg_1564                                                                          |  32|   0|   32|          0|
    |query_load_3_reg_1569                                                                          |  32|   0|   32|          0|
    |query_load_4_reg_1584                                                                          |  32|   0|   32|          0|
    |query_load_5_reg_1589                                                                          |  32|   0|   32|          0|
    |query_load_6_reg_1604                                                                          |  32|   0|   32|          0|
    |query_load_7_reg_1609                                                                          |  32|   0|   32|          0|
    |query_load_8_reg_1624                                                                          |  32|   0|   32|          0|
    |query_load_9_reg_1629                                                                          |  32|   0|   32|          0|
    |query_load_reg_1544                                                                            |  32|   0|   32|          0|
    |sequence_2_fu_436                                                                              |   4|   0|    4|          0|
    |tmp_4_reg_1714                                                                                 |  32|   0|   32|          0|
    |tmp_64_cast_reg_1502                                                                           |   3|   0|    7|          4|
    |variance_reg_1704                                                                              |  32|   0|   32|          0|
    +-----------------------------------------------------------------------------------------------+----+----+-----+-----------+
    |Total                                                                                          |1331|   0| 1335|          4|
    +-----------------------------------------------------------------------------------------------+----+----+-----+-----------+



================================================================
== Interface
================================================================
* Summary: 
+------------------+-----+-----+------------+-------------------------+--------------+
|     RTL Ports    | Dir | Bits|  Protocol  |      Source Object      |    C Type    |
+------------------+-----+-----+------------+-------------------------+--------------+
|ap_clk            |   in|    1|  ap_ctrl_hs|  unsw_linear_transformer|  return value|
|ap_rst            |   in|    1|  ap_ctrl_hs|  unsw_linear_transformer|  return value|
|ap_start          |   in|    1|  ap_ctrl_hs|  unsw_linear_transformer|  return value|
|ap_done           |  out|    1|  ap_ctrl_hs|  unsw_linear_transformer|  return value|
|ap_idle           |  out|    1|  ap_ctrl_hs|  unsw_linear_transformer|  return value|
|ap_ready          |  out|    1|  ap_ctrl_hs|  unsw_linear_transformer|  return value|
|input_r_address0  |  out|    8|   ap_memory|                  input_r|         array|
|input_r_ce0       |  out|    1|   ap_memory|                  input_r|         array|
|input_r_q0        |   in|   32|   ap_memory|                  input_r|         array|
|input_r_address1  |  out|    8|   ap_memory|                  input_r|         array|
|input_r_ce1       |  out|    1|   ap_memory|                  input_r|         array|
|input_r_q1        |   in|   32|   ap_memory|                  input_r|         array|
|logits_address0   |  out|    1|   ap_memory|                   logits|         array|
|logits_ce0        |  out|    1|   ap_memory|                   logits|         array|
|logits_we0        |  out|    1|   ap_memory|                   logits|         array|
|logits_d0         |  out|   32|   ap_memory|                   logits|         array|
+------------------+-----+-----+------------+-------------------------+--------------+

