

================================================================
== Vitis HLS Report for 'attention_v2_pruned_Pipeline_VITIS_LOOP_105_8_VITIS_LOOP_106_9_VITIS_LOOP_108_10'
================================================================
* Date:           Fri Jul  3 14:48:48 2026

* Version:        2022.2 (Build 3670227 on Oct 13 2022)
* Project:        q16_qksv2_d14_csynth
* Solution:       solution1 (Vivado IP Flow Target)
* Product family: zynq
* Target device:  xc7z020-clg400-1


================================================================
== Performance Estimates
================================================================
+ Timing: 
    * Summary: 
    +--------+----------+----------+------------+
    |  Clock |  Target  | Estimated| Uncertainty|
    +--------+----------+----------+------------+
    |ap_clk  |  10.00 ns|  7.903 ns|     2.70 ns|
    +--------+----------+----------+------------+

+ Latency: 
    * Summary: 
    +---------+---------+-----------+-----------+------+------+---------+
    |  Latency (cycles) |   Latency (absolute)  |   Interval  | Pipeline|
    |   min   |   max   |    min    |    max    |  min |  max |   Type  |
    +---------+---------+-----------+-----------+------+------+---------+
    |     3591|     3591|  35.910 us|  35.910 us|  3591|  3591|       no|
    +---------+---------+-----------+-----------+------+------+---------+

    + Detail: 
        * Instance: 
        N/A

        * Loop: 
        +-------------------------------------------------------+---------+---------+----------+-----------+-----------+------+----------+
        |                                                       |  Latency (cycles) | Iteration|  Initiation Interval  | Trip |          |
        |                       Loop Name                       |   min   |   max   |  Latency |  achieved |   target  | Count| Pipelined|
        +-------------------------------------------------------+---------+---------+----------+-----------+-----------+------+----------+
        |- VITIS_LOOP_105_8_VITIS_LOOP_106_9_VITIS_LOOP_108_10  |     3589|     3589|         7|          1|          1|  3584|       yes|
        +-------------------------------------------------------+---------+---------+----------+-----------+-----------+------+----------+

============================================================
+ Verbose Summary: Synthesis Manager
============================================================
InlineROM: 1
ExposeGlobal: 0
============================================================
+ Verbose Summary: CDFG Model
============================================================
IsTopModel: 0
ResetActiveHigh: 1
IsCombinational: 0
IsDatapathOnly: 0
HasWiredReturn: 1
HasMFsm: 2
HasVarLatency: 1
IsPipeline: 0
IsRtlPipelined: 0
IsInstanceOverlapped: 0
IsDontTouch: 0
HasImplIP: 0
IsGatedGlobalClock: 0

+ Individual pipeline summary: 
  * Pipeline-0: initiation interval (II) = 1, depth = 7


============================================================
+ Verbose Summary: Schedule
============================================================
* Number of FSM states : 7
* Pipeline : 1
  Pipeline-0 : II = 1, D = 7, States = { 1 2 3 4 5 6 7 }
* Dataflow Pipeline: 0

* FSM state transitions: 
1 --> 2 
2 --> 3 
3 --> 4 
4 --> 5 
5 --> 6 
6 --> 7 
7 --> 

* FSM state operations: 

State 1 <SV = 0> <Delay = 4.04>
ST_1 : Operation 10 [1/1] (0.00ns)   --->   "%lhs = alloca i32 1"   --->   Operation 10 'alloca' 'lhs' <Predicate = true> <Delay = 0.00>
ST_1 : Operation 11 [1/1] (0.00ns)   --->   "%t = alloca i32 1"   --->   Operation 11 'alloca' 't' <Predicate = true> <Delay = 0.00>
ST_1 : Operation 12 [1/1] (0.00ns)   --->   "%d2 = alloca i32 1"   --->   Operation 12 'alloca' 'd2' <Predicate = true> <Delay = 0.00>
ST_1 : Operation 13 [1/1] (0.00ns)   --->   "%indvar_flatten10 = alloca i32 1"   --->   Operation 13 'alloca' 'indvar_flatten10' <Predicate = true> <Delay = 0.00>
ST_1 : Operation 14 [1/1] (0.00ns)   --->   "%r = alloca i32 1"   --->   Operation 14 'alloca' 'r' <Predicate = true> <Delay = 0.00>
ST_1 : Operation 15 [1/1] (0.00ns)   --->   "%indvar_flatten26 = alloca i32 1"   --->   Operation 15 'alloca' 'indvar_flatten26' <Predicate = true> <Delay = 0.00>
ST_1 : Operation 16 [1/1] (1.58ns)   --->   "%store_ln0 = store i12 0, i12 %indvar_flatten26"   --->   Operation 16 'store' 'store_ln0' <Predicate = true> <Delay = 1.58>
ST_1 : Operation 17 [1/1] (1.58ns)   --->   "%store_ln0 = store i4 0, i4 %r"   --->   Operation 17 'store' 'store_ln0' <Predicate = true> <Delay = 1.58>
ST_1 : Operation 18 [1/1] (1.58ns)   --->   "%store_ln0 = store i10 0, i10 %indvar_flatten10"   --->   Operation 18 'store' 'store_ln0' <Predicate = true> <Delay = 1.58>
ST_1 : Operation 19 [1/1] (1.58ns)   --->   "%store_ln0 = store i5 0, i5 %d2"   --->   Operation 19 'store' 'store_ln0' <Predicate = true> <Delay = 1.58>
ST_1 : Operation 20 [1/1] (1.58ns)   --->   "%store_ln0 = store i5 0, i5 %t"   --->   Operation 20 'store' 'store_ln0' <Predicate = true> <Delay = 1.58>
ST_1 : Operation 21 [1/1] (1.58ns)   --->   "%store_ln0 = store i24 0, i24 %lhs"   --->   Operation 21 'store' 'store_ln0' <Predicate = true> <Delay = 1.58>
ST_1 : Operation 22 [1/1] (0.00ns)   --->   "%br_ln0 = br void %for.body145"   --->   Operation 22 'br' 'br_ln0' <Predicate = true> <Delay = 0.00>
ST_1 : Operation 23 [1/1] (0.00ns)   --->   "%indvar_flatten10_load = load i10 %indvar_flatten10" [/home/cym/prj2/finn/notebooks/icl_thesis-master/experiments/imgds_linear_sparse/final_paper_experiments/experiment1_qks_v2_physical_prune/hls_projects/q16_qksv2_d14/src/q16_qksv2_d14.cpp:106]   --->   Operation 23 'load' 'indvar_flatten10_load' <Predicate = true> <Delay = 0.00>
ST_1 : Operation 24 [1/1] (0.00ns)   --->   "%indvar_flatten26_load = load i12 %indvar_flatten26" [/home/cym/prj2/finn/notebooks/icl_thesis-master/experiments/imgds_linear_sparse/final_paper_experiments/experiment1_qks_v2_physical_prune/hls_projects/q16_qksv2_d14/src/q16_qksv2_d14.cpp:105]   --->   Operation 24 'load' 'indvar_flatten26_load' <Predicate = true> <Delay = 0.00>
ST_1 : Operation 25 [1/1] (1.99ns)   --->   "%icmp_ln105 = icmp_eq  i12 %indvar_flatten26_load, i12 3584" [/home/cym/prj2/finn/notebooks/icl_thesis-master/experiments/imgds_linear_sparse/final_paper_experiments/experiment1_qks_v2_physical_prune/hls_projects/q16_qksv2_d14/src/q16_qksv2_d14.cpp:105]   --->   Operation 25 'icmp' 'icmp_ln105' <Predicate = true> <Delay = 1.99> <CoreInst = "Cmp">   --->   Core 9 'Cmp' <Latency = 0> <II = 1> <Delay = 1.99> <FuncUnit> <Opcode : 'icmp'> <InPorts = 2> <OutPorts = 1>
ST_1 : Operation 26 [1/1] (1.54ns)   --->   "%add_ln105_1 = add i12 %indvar_flatten26_load, i12 1" [/home/cym/prj2/finn/notebooks/icl_thesis-master/experiments/imgds_linear_sparse/final_paper_experiments/experiment1_qks_v2_physical_prune/hls_projects/q16_qksv2_d14/src/q16_qksv2_d14.cpp:105]   --->   Operation 26 'add' 'add_ln105_1' <Predicate = true> <Delay = 1.54> <CoreInst = "Adder">   --->   Core 1 'Adder' <Latency = 0> <II = 1> <Delay = 1.54> <FuncUnit> <Opcode : 'add' 'sub'> <InPorts = 2> <OutPorts = 1>
ST_1 : Operation 27 [1/1] (0.00ns)   --->   "%br_ln105 = br i1 %icmp_ln105, void %for.inc167, void %for.body181.preheader.exitStub" [/home/cym/prj2/finn/notebooks/icl_thesis-master/experiments/imgds_linear_sparse/final_paper_experiments/experiment1_qks_v2_physical_prune/hls_projects/q16_qksv2_d14/src/q16_qksv2_d14.cpp:105]   --->   Operation 27 'br' 'br_ln105' <Predicate = true> <Delay = 0.00>
ST_1 : Operation 28 [1/1] (1.77ns)   --->   "%icmp_ln106 = icmp_eq  i10 %indvar_flatten10_load, i10 256" [/home/cym/prj2/finn/notebooks/icl_thesis-master/experiments/imgds_linear_sparse/final_paper_experiments/experiment1_qks_v2_physical_prune/hls_projects/q16_qksv2_d14/src/q16_qksv2_d14.cpp:106]   --->   Operation 28 'icmp' 'icmp_ln106' <Predicate = (!icmp_ln105)> <Delay = 1.77> <CoreInst = "Cmp">   --->   Core 9 'Cmp' <Latency = 0> <II = 1> <Delay = 1.77> <FuncUnit> <Opcode : 'icmp'> <InPorts = 2> <OutPorts = 1>
ST_1 : Operation 29 [1/1] (1.73ns)   --->   "%add_ln106_1 = add i10 %indvar_flatten10_load, i10 1" [/home/cym/prj2/finn/notebooks/icl_thesis-master/experiments/imgds_linear_sparse/final_paper_experiments/experiment1_qks_v2_physical_prune/hls_projects/q16_qksv2_d14/src/q16_qksv2_d14.cpp:106]   --->   Operation 29 'add' 'add_ln106_1' <Predicate = (!icmp_ln105)> <Delay = 1.73> <CoreInst = "Adder">   --->   Core 1 'Adder' <Latency = 0> <II = 1> <Delay = 1.73> <FuncUnit> <Opcode : 'add' 'sub'> <InPorts = 2> <OutPorts = 1>
ST_1 : Operation 30 [1/1] (0.68ns)   --->   "%select_ln106_3 = select i1 %icmp_ln106, i10 1, i10 %add_ln106_1" [/home/cym/prj2/finn/notebooks/icl_thesis-master/experiments/imgds_linear_sparse/final_paper_experiments/experiment1_qks_v2_physical_prune/hls_projects/q16_qksv2_d14/src/q16_qksv2_d14.cpp:106]   --->   Operation 30 'select' 'select_ln106_3' <Predicate = (!icmp_ln105)> <Delay = 0.68> <CoreInst = "Sel">   --->   Core 73 'Sel' <Latency = 0> <II = 1> <Delay = 0.68> <FuncUnit> <Opcode : 'select'> <InPorts = 3> <OutPorts = 1>
ST_1 : Operation 31 [1/1] (1.58ns)   --->   "%store_ln105 = store i12 %add_ln105_1, i12 %indvar_flatten26" [/home/cym/prj2/finn/notebooks/icl_thesis-master/experiments/imgds_linear_sparse/final_paper_experiments/experiment1_qks_v2_physical_prune/hls_projects/q16_qksv2_d14/src/q16_qksv2_d14.cpp:105]   --->   Operation 31 'store' 'store_ln105' <Predicate = (!icmp_ln105)> <Delay = 1.58>
ST_1 : Operation 32 [1/1] (1.58ns)   --->   "%store_ln106 = store i10 %select_ln106_3, i10 %indvar_flatten10" [/home/cym/prj2/finn/notebooks/icl_thesis-master/experiments/imgds_linear_sparse/final_paper_experiments/experiment1_qks_v2_physical_prune/hls_projects/q16_qksv2_d14/src/q16_qksv2_d14.cpp:106]   --->   Operation 32 'store' 'store_ln106' <Predicate = (!icmp_ln105)> <Delay = 1.58>

State 2 <SV = 1> <Delay = 7.90>
ST_2 : Operation 33 [1/1] (0.00ns)   --->   "%t_load = load i5 %t" [/home/cym/prj2/finn/notebooks/icl_thesis-master/experiments/imgds_linear_sparse/final_paper_experiments/experiment1_qks_v2_physical_prune/hls_projects/q16_qksv2_d14/src/q16_qksv2_d14.cpp:108]   --->   Operation 33 'load' 't_load' <Predicate = true> <Delay = 0.00>
ST_2 : Operation 34 [1/1] (0.00ns)   --->   "%d2_load = load i5 %d2" [/home/cym/prj2/finn/notebooks/icl_thesis-master/experiments/imgds_linear_sparse/final_paper_experiments/experiment1_qks_v2_physical_prune/hls_projects/q16_qksv2_d14/src/q16_qksv2_d14.cpp:105]   --->   Operation 34 'load' 'd2_load' <Predicate = (!icmp_ln106)> <Delay = 0.00>
ST_2 : Operation 35 [1/1] (0.00ns)   --->   "%r_load = load i4 %r" [/home/cym/prj2/finn/notebooks/icl_thesis-master/experiments/imgds_linear_sparse/final_paper_experiments/experiment1_qks_v2_physical_prune/hls_projects/q16_qksv2_d14/src/q16_qksv2_d14.cpp:105]   --->   Operation 35 'load' 'r_load' <Predicate = true> <Delay = 0.00>
ST_2 : Operation 36 [1/1] (1.73ns)   --->   "%add_ln105 = add i4 %r_load, i4 1" [/home/cym/prj2/finn/notebooks/icl_thesis-master/experiments/imgds_linear_sparse/final_paper_experiments/experiment1_qks_v2_physical_prune/hls_projects/q16_qksv2_d14/src/q16_qksv2_d14.cpp:105]   --->   Operation 36 'add' 'add_ln105' <Predicate = (icmp_ln106)> <Delay = 1.73> <CoreInst = "Adder">   --->   Core 1 'Adder' <Latency = 0> <II = 1> <Delay = 1.73> <FuncUnit> <Opcode : 'add' 'sub'> <InPorts = 2> <OutPorts = 1>
ST_2 : Operation 37 [1/1] (1.21ns)   --->   "%select_ln105 = select i1 %icmp_ln106, i5 0, i5 %d2_load" [/home/cym/prj2/finn/notebooks/icl_thesis-master/experiments/imgds_linear_sparse/final_paper_experiments/experiment1_qks_v2_physical_prune/hls_projects/q16_qksv2_d14/src/q16_qksv2_d14.cpp:105]   --->   Operation 37 'select' 'select_ln105' <Predicate = true> <Delay = 1.21> <CoreInst = "Sel">   --->   Core 73 'Sel' <Latency = 0> <II = 1> <Delay = 1.21> <FuncUnit> <Opcode : 'select'> <InPorts = 3> <OutPorts = 1>
ST_2 : Operation 38 [1/1] (1.02ns)   --->   "%select_ln105_1 = select i1 %icmp_ln106, i4 %add_ln105, i4 %r_load" [/home/cym/prj2/finn/notebooks/icl_thesis-master/experiments/imgds_linear_sparse/final_paper_experiments/experiment1_qks_v2_physical_prune/hls_projects/q16_qksv2_d14/src/q16_qksv2_d14.cpp:105]   --->   Operation 38 'select' 'select_ln105_1' <Predicate = true> <Delay = 1.02> <CoreInst = "Sel">   --->   Core 73 'Sel' <Latency = 0> <II = 1> <Delay = 1.02> <FuncUnit> <Opcode : 'select'> <InPorts = 3> <OutPorts = 1>
ST_2 : Operation 39 [1/1] (0.00ns) (grouped into LUT with out node and_ln105)   --->   "%xor_ln105 = xor i1 %icmp_ln106, i1 1" [/home/cym/prj2/finn/notebooks/icl_thesis-master/experiments/imgds_linear_sparse/final_paper_experiments/experiment1_qks_v2_physical_prune/hls_projects/q16_qksv2_d14/src/q16_qksv2_d14.cpp:105]   --->   Operation 39 'xor' 'xor_ln105' <Predicate = true> <Delay = 0.00> <CoreInst = "LogicGate">   --->   Core 74 'LogicGate' <Latency = 0> <II = 1> <Delay = 0.97> <FuncUnit> <Opcode : 'and' 'or' 'xor'> <InPorts = 2> <OutPorts = 1>
ST_2 : Operation 40 [1/1] (1.36ns)   --->   "%icmp_ln108 = icmp_eq  i5 %t_load, i5 16" [/home/cym/prj2/finn/notebooks/icl_thesis-master/experiments/imgds_linear_sparse/final_paper_experiments/experiment1_qks_v2_physical_prune/hls_projects/q16_qksv2_d14/src/q16_qksv2_d14.cpp:108]   --->   Operation 40 'icmp' 'icmp_ln108' <Predicate = true> <Delay = 1.36> <CoreInst = "Cmp">   --->   Core 9 'Cmp' <Latency = 0> <II = 1> <Delay = 1.36> <FuncUnit> <Opcode : 'icmp'> <InPorts = 2> <OutPorts = 1>
ST_2 : Operation 41 [1/1] (0.97ns) (out node of the LUT)   --->   "%and_ln105 = and i1 %icmp_ln108, i1 %xor_ln105" [/home/cym/prj2/finn/notebooks/icl_thesis-master/experiments/imgds_linear_sparse/final_paper_experiments/experiment1_qks_v2_physical_prune/hls_projects/q16_qksv2_d14/src/q16_qksv2_d14.cpp:105]   --->   Operation 41 'and' 'and_ln105' <Predicate = true> <Delay = 0.97> <CoreInst = "LogicGate">   --->   Core 74 'LogicGate' <Latency = 0> <II = 1> <Delay = 0.97> <FuncUnit> <Opcode : 'and' 'or' 'xor'> <InPorts = 2> <OutPorts = 1>
ST_2 : Operation 42 [1/1] (1.78ns)   --->   "%add_ln106 = add i5 %select_ln105, i5 1" [/home/cym/prj2/finn/notebooks/icl_thesis-master/experiments/imgds_linear_sparse/final_paper_experiments/experiment1_qks_v2_physical_prune/hls_projects/q16_qksv2_d14/src/q16_qksv2_d14.cpp:106]   --->   Operation 42 'add' 'add_ln106' <Predicate = true> <Delay = 1.78> <CoreInst = "Adder">   --->   Core 1 'Adder' <Latency = 0> <II = 1> <Delay = 1.78> <FuncUnit> <Opcode : 'add' 'sub'> <InPorts = 2> <OutPorts = 1>
ST_2 : Operation 43 [1/1] (0.97ns)   --->   "%or_ln106 = or i1 %and_ln105, i1 %icmp_ln106" [/home/cym/prj2/finn/notebooks/icl_thesis-master/experiments/imgds_linear_sparse/final_paper_experiments/experiment1_qks_v2_physical_prune/hls_projects/q16_qksv2_d14/src/q16_qksv2_d14.cpp:106]   --->   Operation 43 'or' 'or_ln106' <Predicate = true> <Delay = 0.97> <CoreInst = "LogicGate">   --->   Core 74 'LogicGate' <Latency = 0> <II = 1> <Delay = 0.97> <FuncUnit> <Opcode : 'and' 'or' 'xor'> <InPorts = 2> <OutPorts = 1>
ST_2 : Operation 44 [1/1] (1.21ns)   --->   "%select_ln106 = select i1 %or_ln106, i5 0, i5 %t_load" [/home/cym/prj2/finn/notebooks/icl_thesis-master/experiments/imgds_linear_sparse/final_paper_experiments/experiment1_qks_v2_physical_prune/hls_projects/q16_qksv2_d14/src/q16_qksv2_d14.cpp:106]   --->   Operation 44 'select' 'select_ln106' <Predicate = true> <Delay = 1.21> <CoreInst = "Sel">   --->   Core 73 'Sel' <Latency = 0> <II = 1> <Delay = 1.21> <FuncUnit> <Opcode : 'select'> <InPorts = 3> <OutPorts = 1>
ST_2 : Operation 45 [1/1] (0.00ns)   --->   "%trunc_ln106 = trunc i5 %select_ln106" [/home/cym/prj2/finn/notebooks/icl_thesis-master/experiments/imgds_linear_sparse/final_paper_experiments/experiment1_qks_v2_physical_prune/hls_projects/q16_qksv2_d14/src/q16_qksv2_d14.cpp:106]   --->   Operation 45 'trunc' 'trunc_ln106' <Predicate = true> <Delay = 0.00>
ST_2 : Operation 46 [1/1] (1.21ns)   --->   "%select_ln106_1 = select i1 %and_ln105, i5 %add_ln106, i5 %select_ln105" [/home/cym/prj2/finn/notebooks/icl_thesis-master/experiments/imgds_linear_sparse/final_paper_experiments/experiment1_qks_v2_physical_prune/hls_projects/q16_qksv2_d14/src/q16_qksv2_d14.cpp:106]   --->   Operation 46 'select' 'select_ln106_1' <Predicate = true> <Delay = 1.21> <CoreInst = "Sel">   --->   Core 73 'Sel' <Latency = 0> <II = 1> <Delay = 1.21> <FuncUnit> <Opcode : 'select'> <InPorts = 3> <OutPorts = 1>
ST_2 : Operation 47 [1/1] (1.78ns)   --->   "%add_ln108 = add i5 %select_ln106, i5 1" [/home/cym/prj2/finn/notebooks/icl_thesis-master/experiments/imgds_linear_sparse/final_paper_experiments/experiment1_qks_v2_physical_prune/hls_projects/q16_qksv2_d14/src/q16_qksv2_d14.cpp:108]   --->   Operation 47 'add' 'add_ln108' <Predicate = true> <Delay = 1.78> <CoreInst = "Adder">   --->   Core 1 'Adder' <Latency = 0> <II = 1> <Delay = 1.78> <FuncUnit> <Opcode : 'add' 'sub'> <InPorts = 2> <OutPorts = 1>
ST_2 : Operation 48 [1/1] (1.58ns)   --->   "%store_ln105 = store i4 %select_ln105_1, i4 %r" [/home/cym/prj2/finn/notebooks/icl_thesis-master/experiments/imgds_linear_sparse/final_paper_experiments/experiment1_qks_v2_physical_prune/hls_projects/q16_qksv2_d14/src/q16_qksv2_d14.cpp:105]   --->   Operation 48 'store' 'store_ln105' <Predicate = true> <Delay = 1.58>
ST_2 : Operation 49 [1/1] (1.58ns)   --->   "%store_ln106 = store i5 %select_ln106_1, i5 %d2" [/home/cym/prj2/finn/notebooks/icl_thesis-master/experiments/imgds_linear_sparse/final_paper_experiments/experiment1_qks_v2_physical_prune/hls_projects/q16_qksv2_d14/src/q16_qksv2_d14.cpp:106]   --->   Operation 49 'store' 'store_ln106' <Predicate = true> <Delay = 1.58>
ST_2 : Operation 50 [1/1] (1.58ns)   --->   "%store_ln108 = store i5 %add_ln108, i5 %t" [/home/cym/prj2/finn/notebooks/icl_thesis-master/experiments/imgds_linear_sparse/final_paper_experiments/experiment1_qks_v2_physical_prune/hls_projects/q16_qksv2_d14/src/q16_qksv2_d14.cpp:108]   --->   Operation 50 'store' 'store_ln108' <Predicate = true> <Delay = 1.58>

State 3 <SV = 2> <Delay = 6.92>
ST_3 : Operation 51 [1/1] (0.00ns)   --->   "%zext_ln112 = zext i4 %select_ln105_1" [/home/cym/prj2/finn/notebooks/icl_thesis-master/experiments/imgds_linear_sparse/final_paper_experiments/experiment1_qks_v2_physical_prune/hls_projects/q16_qksv2_d14/src/q16_qksv2_d14.cpp:112]   --->   Operation 51 'zext' 'zext_ln112' <Predicate = true> <Delay = 0.00>
ST_3 : Operation 52 [1/1] (0.00ns)   --->   "%tmp_s = bitconcatenate i8 @_ssdm_op_BitConcatenate.i8.i4.i4, i4 %select_ln105_1, i4 0" [/home/cym/prj2/finn/notebooks/icl_thesis-master/experiments/imgds_linear_sparse/final_paper_experiments/experiment1_qks_v2_physical_prune/hls_projects/q16_qksv2_d14/src/q16_qksv2_d14.cpp:112]   --->   Operation 52 'bitconcatenate' 'tmp_s' <Predicate = true> <Delay = 0.00>
ST_3 : Operation 53 [1/1] (0.00ns)   --->   "%zext_ln112_1 = zext i5 %select_ln106_1" [/home/cym/prj2/finn/notebooks/icl_thesis-master/experiments/imgds_linear_sparse/final_paper_experiments/experiment1_qks_v2_physical_prune/hls_projects/q16_qksv2_d14/src/q16_qksv2_d14.cpp:112]   --->   Operation 53 'zext' 'zext_ln112_1' <Predicate = true> <Delay = 0.00>
ST_3 : Operation 54 [1/1] (1.91ns)   --->   "%add_ln112 = add i8 %tmp_s, i8 %zext_ln112_1" [/home/cym/prj2/finn/notebooks/icl_thesis-master/experiments/imgds_linear_sparse/final_paper_experiments/experiment1_qks_v2_physical_prune/hls_projects/q16_qksv2_d14/src/q16_qksv2_d14.cpp:112]   --->   Operation 54 'add' 'add_ln112' <Predicate = true> <Delay = 1.91> <CoreInst = "Adder">   --->   Core 1 'Adder' <Latency = 0> <II = 1> <Delay = 1.91> <FuncUnit> <Opcode : 'add' 'sub'> <InPorts = 2> <OutPorts = 1>
ST_3 : Operation 55 [1/1] (0.00ns)   --->   "%tmp_61 = bitconcatenate i8 @_ssdm_op_BitConcatenate.i8.i4.i4, i4 %trunc_ln106, i4 0"   --->   Operation 55 'bitconcatenate' 'tmp_61' <Predicate = true> <Delay = 0.00>
ST_3 : Operation 56 [1/1] (0.00ns)   --->   "%tmp_62 = bitconcatenate i6 @_ssdm_op_BitConcatenate.i6.i5.i1, i5 %select_ln106, i1 0"   --->   Operation 56 'bitconcatenate' 'tmp_62' <Predicate = true> <Delay = 0.00>
ST_3 : Operation 57 [1/1] (0.00ns)   --->   "%zext_ln1271 = zext i6 %tmp_62"   --->   Operation 57 'zext' 'zext_ln1271' <Predicate = true> <Delay = 0.00>
ST_3 : Operation 58 [1/1] (0.00ns) (grouped into TernaryAdder)   --->   "%sub_ln1271 = sub i8 %tmp_61, i8 %zext_ln1271"   --->   Operation 58 'sub' 'sub_ln1271' <Predicate = true> <Delay = 0.00> <CoreInst = "TAddSub">   --->   Core 10 'TAddSub' <Latency = 0> <II = 1> <Delay = 1.83> <IPBlock> <Opcode : 'add' 'sub'> <InPorts = 3> <OutPorts = 1> <Sync> <CReg>
ST_3 : Operation 59 [1/1] (3.66ns) (root node of TernaryAdder)   --->   "%add_ln1271 = add i8 %sub_ln1271, i8 %zext_ln112"   --->   Operation 59 'add' 'add_ln1271' <Predicate = true> <Delay = 3.66> <CoreInst = "TAddSub">   --->   Core 10 'TAddSub' <Latency = 0> <II = 1> <Delay = 1.83> <IPBlock> <Opcode : 'add' 'sub'> <InPorts = 3> <OutPorts = 1> <Sync> <CReg>
ST_3 : Operation 60 [1/1] (0.00ns)   --->   "%zext_ln1271_11 = zext i8 %add_ln1271"   --->   Operation 60 'zext' 'zext_ln1271_11' <Predicate = true> <Delay = 0.00>
ST_3 : Operation 61 [1/1] (0.00ns)   --->   "%K_V_addr = getelementptr i16 %K_V, i64 0, i64 %zext_ln1271_11"   --->   Operation 61 'getelementptr' 'K_V_addr' <Predicate = true> <Delay = 0.00>
ST_3 : Operation 62 [1/1] (1.91ns)   --->   "%add_ln1273 = add i8 %tmp_61, i8 %zext_ln112_1"   --->   Operation 62 'add' 'add_ln1273' <Predicate = true> <Delay = 1.91> <CoreInst = "Adder">   --->   Core 1 'Adder' <Latency = 0> <II = 1> <Delay = 1.91> <FuncUnit> <Opcode : 'add' 'sub'> <InPorts = 2> <OutPorts = 1>
ST_3 : Operation 63 [1/1] (0.00ns)   --->   "%zext_ln1273 = zext i8 %add_ln1273"   --->   Operation 63 'zext' 'zext_ln1273' <Predicate = true> <Delay = 0.00>
ST_3 : Operation 64 [1/1] (0.00ns)   --->   "%V_V_addr = getelementptr i16 %V_V, i64 0, i64 %zext_ln1273"   --->   Operation 64 'getelementptr' 'V_V_addr' <Predicate = true> <Delay = 0.00>
ST_3 : Operation 65 [2/2] (3.25ns)   --->   "%r_V = load i8 %K_V_addr"   --->   Operation 65 'load' 'r_V' <Predicate = true> <Delay = 3.25> <CoreInst = "RAM">   --->   Core 82 'RAM' <Latency = 1> <II = 1> <Delay = 3.25> <Storage> <Opcode : 'load' 'store'> <Ports = 2> <Width = 16> <Depth = 224> <RAM>
ST_3 : Operation 66 [2/2] (3.25ns)   --->   "%V_V_load = load i8 %V_V_addr"   --->   Operation 66 'load' 'V_V_load' <Predicate = true> <Delay = 3.25> <CoreInst = "RAM">   --->   Core 82 'RAM' <Latency = 1> <II = 1> <Delay = 3.25> <Storage> <Opcode : 'load' 'store'> <Ports = 2> <Width = 16> <Depth = 256> <RAM>
ST_3 : Operation 67 [1/1] (1.36ns)   --->   "%icmp_ln108_1 = icmp_eq  i5 %add_ln108, i5 16" [/home/cym/prj2/finn/notebooks/icl_thesis-master/experiments/imgds_linear_sparse/final_paper_experiments/experiment1_qks_v2_physical_prune/hls_projects/q16_qksv2_d14/src/q16_qksv2_d14.cpp:108]   --->   Operation 67 'icmp' 'icmp_ln108_1' <Predicate = true> <Delay = 1.36> <CoreInst = "Cmp">   --->   Core 9 'Cmp' <Latency = 0> <II = 1> <Delay = 1.36> <FuncUnit> <Opcode : 'icmp'> <InPorts = 2> <OutPorts = 1>
ST_3 : Operation 68 [1/1] (0.00ns)   --->   "%br_ln108 = br i1 %icmp_ln108_1, void %ifFalse4, void %ifTrue3" [/home/cym/prj2/finn/notebooks/icl_thesis-master/experiments/imgds_linear_sparse/final_paper_experiments/experiment1_qks_v2_physical_prune/hls_projects/q16_qksv2_d14/src/q16_qksv2_d14.cpp:108]   --->   Operation 68 'br' 'br_ln108' <Predicate = true> <Delay = 0.00>

State 4 <SV = 3> <Delay = 4.30>
ST_4 : Operation 69 [1/2] (3.25ns)   --->   "%r_V = load i8 %K_V_addr"   --->   Operation 69 'load' 'r_V' <Predicate = true> <Delay = 3.25> <CoreInst = "RAM">   --->   Core 82 'RAM' <Latency = 1> <II = 1> <Delay = 3.25> <Storage> <Opcode : 'load' 'store'> <Ports = 2> <Width = 16> <Depth = 224> <RAM>
ST_4 : Operation 70 [1/1] (0.00ns)   --->   "%sext_ln1347_16 = sext i16 %r_V"   --->   Operation 70 'sext' 'sext_ln1347_16' <Predicate = true> <Delay = 0.00>
ST_4 : Operation 71 [1/2] (3.25ns)   --->   "%V_V_load = load i8 %V_V_addr"   --->   Operation 71 'load' 'V_V_load' <Predicate = true> <Delay = 3.25> <CoreInst = "RAM">   --->   Core 82 'RAM' <Latency = 1> <II = 1> <Delay = 3.25> <Storage> <Opcode : 'load' 'store'> <Ports = 2> <Width = 16> <Depth = 256> <RAM>
ST_4 : Operation 72 [1/1] (0.00ns)   --->   "%sext_ln1347 = sext i16 %V_V_load"   --->   Operation 72 'sext' 'sext_ln1347' <Predicate = true> <Delay = 0.00>
ST_4 : Operation 73 [3/3] (1.05ns) (grouped into DSP with root node ret_V)   --->   "%mul_ln1347 = mul i30 %sext_ln1347, i30 %sext_ln1347_16"   --->   Operation 73 'mul' 'mul_ln1347' <Predicate = true> <Delay = 1.05> <CoreInst = "DSP48">   --->   Core 119 'DSP48' <Latency = 3> <II = 1> <Delay = 2.15> <IPBlock> <Opcode : 'mul' 'add' 'sub' 'select'> <InPorts = 0> <OutPorts = 1> <Sync> <CReg>

State 5 <SV = 4> <Delay = 1.05>
ST_5 : Operation 74 [2/3] (1.05ns) (grouped into DSP with root node ret_V)   --->   "%mul_ln1347 = mul i30 %sext_ln1347, i30 %sext_ln1347_16"   --->   Operation 74 'mul' 'mul_ln1347' <Predicate = true> <Delay = 1.05> <CoreInst = "DSP48">   --->   Core 119 'DSP48' <Latency = 3> <II = 1> <Delay = 2.15> <IPBlock> <Opcode : 'mul' 'add' 'sub' 'select'> <InPorts = 0> <OutPorts = 1> <Sync> <CReg>

State 6 <SV = 5> <Delay = 2.79>
ST_6 : Operation 75 [1/1] (0.00ns)   --->   "%lhs_load = load i24 %lhs" [/home/cym/prj2/finn/notebooks/icl_thesis-master/experiments/imgds_linear_sparse/final_paper_experiments/experiment1_qks_v2_physical_prune/hls_projects/q16_qksv2_d14/src/q16_qksv2_d14.cpp:106]   --->   Operation 75 'load' 'lhs_load' <Predicate = (!or_ln106)> <Delay = 0.00>
ST_6 : Operation 76 [1/3] (0.00ns) (grouped into DSP with root node ret_V)   --->   "%mul_ln1347 = mul i30 %sext_ln1347, i30 %sext_ln1347_16"   --->   Operation 76 'mul' 'mul_ln1347' <Predicate = true> <Delay = 0.00> <CoreInst = "DSP48">   --->   Core 119 'DSP48' <Latency = 3> <II = 1> <Delay = 2.15> <IPBlock> <Opcode : 'mul' 'add' 'sub' 'select'> <InPorts = 0> <OutPorts = 1> <Sync> <CReg>
ST_6 : Operation 77 [1/1] (0.69ns)   --->   "%select_ln106_2 = select i1 %or_ln106, i24 0, i24 %lhs_load" [/home/cym/prj2/finn/notebooks/icl_thesis-master/experiments/imgds_linear_sparse/final_paper_experiments/experiment1_qks_v2_physical_prune/hls_projects/q16_qksv2_d14/src/q16_qksv2_d14.cpp:106]   --->   Operation 77 'select' 'select_ln106_2' <Predicate = true> <Delay = 0.69> <CoreInst = "Sel">   --->   Core 73 'Sel' <Latency = 0> <II = 1> <Delay = 0.69> <FuncUnit> <Opcode : 'select'> <InPorts = 3> <OutPorts = 1>
ST_6 : Operation 78 [1/1] (0.00ns)   --->   "%lhs_60 = bitconcatenate i30 @_ssdm_op_BitConcatenate.i30.i24.i6, i24 %select_ln106_2, i6 0"   --->   Operation 78 'bitconcatenate' 'lhs_60' <Predicate = true> <Delay = 0.00>
ST_6 : Operation 79 [2/2] (2.10ns) (root node of the DSP)   --->   "%ret_V = add i30 %lhs_60, i30 %mul_ln1347"   --->   Operation 79 'add' 'ret_V' <Predicate = true> <Delay = 2.10> <CoreInst = "DSP48">   --->   Core 119 'DSP48' <Latency = 3> <II = 1> <Delay = 2.15> <IPBlock> <Opcode : 'mul' 'add' 'sub' 'select'> <InPorts = 0> <OutPorts = 1> <Sync> <CReg>
ST_6 : Operation 94 [1/1] (0.00ns)   --->   "%ret_ln0 = ret"   --->   Operation 94 'ret' 'ret_ln0' <Predicate = (icmp_ln105)> <Delay = 0.00>

State 7 <SV = 6> <Delay = 5.35>
ST_7 : Operation 80 [1/1] (0.00ns)   --->   "%specloopname_ln0 = specloopname void @_ssdm_op_SpecLoopName, void @VITIS_LOOP_105_8_VITIS_LOOP_106_9_VITIS_LOOP_108_10_str"   --->   Operation 80 'specloopname' 'specloopname_ln0' <Predicate = true> <Delay = 0.00>
ST_7 : Operation 81 [1/1] (0.00ns)   --->   "%empty = speclooptripcount i32 @_ssdm_op_SpecLoopTripCount, i64 3584, i64 3584, i64 3584"   --->   Operation 81 'speclooptripcount' 'empty' <Predicate = true> <Delay = 0.00>
ST_7 : Operation 82 [1/1] (0.00ns)   --->   "%specloopname_ln0 = specloopname void @_ssdm_op_SpecLoopName, void @VITIS_LOOP_106_9_VITIS_LOOP_108_10_str"   --->   Operation 82 'specloopname' 'specloopname_ln0' <Predicate = true> <Delay = 0.00>
ST_7 : Operation 83 [1/1] (0.00ns)   --->   "%zext_ln112_2 = zext i8 %add_ln112" [/home/cym/prj2/finn/notebooks/icl_thesis-master/experiments/imgds_linear_sparse/final_paper_experiments/experiment1_qks_v2_physical_prune/hls_projects/q16_qksv2_d14/src/q16_qksv2_d14.cpp:112]   --->   Operation 83 'zext' 'zext_ln112_2' <Predicate = true> <Delay = 0.00>
ST_7 : Operation 84 [1/1] (0.00ns)   --->   "%KV_V_addr = getelementptr i16 %KV_V, i64 0, i64 %zext_ln112_2" [/home/cym/prj2/finn/notebooks/icl_thesis-master/experiments/imgds_linear_sparse/final_paper_experiments/experiment1_qks_v2_physical_prune/hls_projects/q16_qksv2_d14/src/q16_qksv2_d14.cpp:112]   --->   Operation 84 'getelementptr' 'KV_V_addr' <Predicate = true> <Delay = 0.00>
ST_7 : Operation 85 [1/1] (0.00ns)   --->   "%specpipeline_ln109 = specpipeline void @_ssdm_op_SpecPipeline, i32 1, i32 0, i32 0, i32 0, void @empty_11" [/home/cym/prj2/finn/notebooks/icl_thesis-master/experiments/imgds_linear_sparse/final_paper_experiments/experiment1_qks_v2_physical_prune/hls_projects/q16_qksv2_d14/src/q16_qksv2_d14.cpp:109]   --->   Operation 85 'specpipeline' 'specpipeline_ln109' <Predicate = true> <Delay = 0.00>
ST_7 : Operation 86 [1/1] (0.00ns)   --->   "%specloopname_ln107 = specloopname void @_ssdm_op_SpecLoopName, void @empty_1" [/home/cym/prj2/finn/notebooks/icl_thesis-master/experiments/imgds_linear_sparse/final_paper_experiments/experiment1_qks_v2_physical_prune/hls_projects/q16_qksv2_d14/src/q16_qksv2_d14.cpp:107]   --->   Operation 86 'specloopname' 'specloopname_ln107' <Predicate = true> <Delay = 0.00>
ST_7 : Operation 87 [1/2] (2.10ns) (root node of the DSP)   --->   "%ret_V = add i30 %lhs_60, i30 %mul_ln1347"   --->   Operation 87 'add' 'ret_V' <Predicate = true> <Delay = 2.10> <CoreInst = "DSP48">   --->   Core 119 'DSP48' <Latency = 3> <II = 1> <Delay = 2.15> <IPBlock> <Opcode : 'mul' 'add' 'sub' 'select'> <InPorts = 0> <OutPorts = 1> <Sync> <CReg>
ST_7 : Operation 88 [1/1] (0.00ns)   --->   "%sum_V = partselect i24 @_ssdm_op_PartSelect.i24.i30.i32.i32, i30 %ret_V, i32 6, i32 29"   --->   Operation 88 'partselect' 'sum_V' <Predicate = true> <Delay = 0.00>
ST_7 : Operation 89 [1/1] (0.00ns)   --->   "%trunc_ln = partselect i16 @_ssdm_op_PartSelect.i16.i30.i32.i32, i30 %ret_V, i32 10, i32 25" [/home/cym/prj2/finn/notebooks/icl_thesis-master/experiments/imgds_linear_sparse/final_paper_experiments/experiment1_qks_v2_physical_prune/hls_projects/q16_qksv2_d14/src/q16_qksv2_d14.cpp:108]   --->   Operation 89 'partselect' 'trunc_ln' <Predicate = true> <Delay = 0.00>
ST_7 : Operation 90 [1/1] (3.25ns)   --->   "%store_ln112 = store i16 %trunc_ln, i8 %KV_V_addr" [/home/cym/prj2/finn/notebooks/icl_thesis-master/experiments/imgds_linear_sparse/final_paper_experiments/experiment1_qks_v2_physical_prune/hls_projects/q16_qksv2_d14/src/q16_qksv2_d14.cpp:112]   --->   Operation 90 'store' 'store_ln112' <Predicate = (icmp_ln108_1)> <Delay = 3.25> <CoreInst = "RAM">   --->   Core 82 'RAM' <Latency = 1> <II = 1> <Delay = 3.25> <Storage> <Opcode : 'load' 'store'> <Ports = 2> <Width = 16> <Depth = 224> <RAM>
ST_7 : Operation 91 [1/1] (0.00ns)   --->   "%br_ln0 = br void %ifFalse4"   --->   Operation 91 'br' 'br_ln0' <Predicate = (icmp_ln108_1)> <Delay = 0.00>
ST_7 : Operation 92 [1/1] (1.58ns)   --->   "%store_ln818 = store i24 %sum_V, i24 %lhs"   --->   Operation 92 'store' 'store_ln818' <Predicate = true> <Delay = 1.58>
ST_7 : Operation 93 [1/1] (0.00ns)   --->   "%br_ln0 = br void %for.body145"   --->   Operation 93 'br' 'br_ln0' <Predicate = true> <Delay = 0.00>


============================================================
+ Verbose Summary: Binding
============================================================
STG Binding: 
---------------- STG Properties BEGIN ----------------
- Is combinational: 0
- Is one-state seq: 0
- Is datapath-only: 0
- Is pipelined: 0
- Is top level: 0
Port [ Return ] is wired: 1; IO mode=ap_ctrl_hs:ce=0
Port [ KV_V]:  wired=1; compound=1; hidden=0; nouse=0; global=0; static=0; extern=0; dir=1; type=1; pingpong=0; private_global=0; MemPort=[03]; IO mode=ap_memory:ce=0
Port [ K_V]:  wired=1; compound=1; hidden=0; nouse=0; global=0; static=0; extern=0; dir=0; type=1; pingpong=0; private_global=0; MemPort=[13]; IO mode=ap_memory:ce=0
Port [ V_V]:  wired=1; compound=1; hidden=0; nouse=0; global=0; static=0; extern=0; dir=0; type=1; pingpong=0; private_global=0; MemPort=[13]; IO mode=ap_memory:ce=0
---------------- STG Properties END ------------------

---------------- Datapath Model BEGIN ----------------

<LifeTime>
<method=bitvector/>
lhs                   (alloca           ) [ 01111111]
t                     (alloca           ) [ 01100000]
d2                    (alloca           ) [ 01100000]
indvar_flatten10      (alloca           ) [ 01000000]
r                     (alloca           ) [ 01100000]
indvar_flatten26      (alloca           ) [ 01000000]
store_ln0             (store            ) [ 00000000]
store_ln0             (store            ) [ 00000000]
store_ln0             (store            ) [ 00000000]
store_ln0             (store            ) [ 00000000]
store_ln0             (store            ) [ 00000000]
store_ln0             (store            ) [ 00000000]
br_ln0                (br               ) [ 00000000]
indvar_flatten10_load (load             ) [ 00000000]
indvar_flatten26_load (load             ) [ 00000000]
icmp_ln105            (icmp             ) [ 01111110]
add_ln105_1           (add              ) [ 00000000]
br_ln105              (br               ) [ 00000000]
icmp_ln106            (icmp             ) [ 01100000]
add_ln106_1           (add              ) [ 00000000]
select_ln106_3        (select           ) [ 00000000]
store_ln105           (store            ) [ 00000000]
store_ln106           (store            ) [ 00000000]
t_load                (load             ) [ 00000000]
d2_load               (load             ) [ 00000000]
r_load                (load             ) [ 00000000]
add_ln105             (add              ) [ 00000000]
select_ln105          (select           ) [ 00000000]
select_ln105_1        (select           ) [ 01010000]
xor_ln105             (xor              ) [ 00000000]
icmp_ln108            (icmp             ) [ 00000000]
and_ln105             (and              ) [ 00000000]
add_ln106             (add              ) [ 00000000]
or_ln106              (or               ) [ 01011110]
select_ln106          (select           ) [ 01010000]
trunc_ln106           (trunc            ) [ 01010000]
select_ln106_1        (select           ) [ 01010000]
add_ln108             (add              ) [ 01010000]
store_ln105           (store            ) [ 00000000]
store_ln106           (store            ) [ 00000000]
store_ln108           (store            ) [ 00000000]
zext_ln112            (zext             ) [ 00000000]
tmp_s                 (bitconcatenate   ) [ 00000000]
zext_ln112_1          (zext             ) [ 00000000]
add_ln112             (add              ) [ 01001111]
tmp_61                (bitconcatenate   ) [ 00000000]
tmp_62                (bitconcatenate   ) [ 00000000]
zext_ln1271           (zext             ) [ 00000000]
sub_ln1271            (sub              ) [ 00000000]
add_ln1271            (add              ) [ 00000000]
zext_ln1271_11        (zext             ) [ 00000000]
K_V_addr              (getelementptr    ) [ 01001000]
add_ln1273            (add              ) [ 00000000]
zext_ln1273           (zext             ) [ 00000000]
V_V_addr              (getelementptr    ) [ 01001000]
icmp_ln108_1          (icmp             ) [ 01001111]
br_ln108              (br               ) [ 00000000]
r_V                   (load             ) [ 00000000]
sext_ln1347_16        (sext             ) [ 01000110]
V_V_load              (load             ) [ 00000000]
sext_ln1347           (sext             ) [ 01000110]
lhs_load              (load             ) [ 00000000]
mul_ln1347            (mul              ) [ 01000001]
select_ln106_2        (select           ) [ 00000000]
lhs_60                (bitconcatenate   ) [ 01000001]
specloopname_ln0      (specloopname     ) [ 00000000]
empty                 (speclooptripcount) [ 00000000]
specloopname_ln0      (specloopname     ) [ 00000000]
zext_ln112_2          (zext             ) [ 00000000]
KV_V_addr             (getelementptr    ) [ 00000000]
specpipeline_ln109    (specpipeline     ) [ 00000000]
specloopname_ln107    (specloopname     ) [ 00000000]
ret_V                 (add              ) [ 00000000]
sum_V                 (partselect       ) [ 00000000]
trunc_ln              (partselect       ) [ 00000000]
store_ln112           (store            ) [ 00000000]
br_ln0                (br               ) [ 00000000]
store_ln818           (store            ) [ 00000000]
br_ln0                (br               ) [ 00000000]
ret_ln0               (ret              ) [ 00000000]
</LifeTime>

<model>

<comp_list>
<comp id="0" class="1000" name="KV_V">
<pin_list>
<pin id="1" dir="1" index="0" bw="1" slack="0"/>
</pin_list>
<bind>
<StgValue><ssdm name="KV_V"/><MemPortTyVec>0 3 </MemPortTyVec>
</StgValue>
</bind>
</comp>

<comp id="2" class="1000" name="K_V">
<pin_list>
<pin id="3" dir="1" index="0" bw="1" slack="0"/>
</pin_list>
<bind>
<StgValue><ssdm name="K_V"/><MemPortTyVec>1 3 </MemPortTyVec>
</StgValue>
</bind>
</comp>

<comp id="4" class="1000" name="V_V">
<pin_list>
<pin id="5" dir="1" index="0" bw="1" slack="0"/>
</pin_list>
<bind>
<StgValue><ssdm name="V_V"/><MemPortTyVec>1 3 </MemPortTyVec>
</StgValue>
</bind>
</comp>

<comp id="6" class="1001" name="const_6">
<pin_list>
<pin id="7" dir="1" index="0" bw="1" slack="0"/>
</pin_list>
<bind>
<StgValue><ssdm name=""/></StgValue>
</bind>
</comp>

<comp id="8" class="1001" name="const_8">
<pin_list>
<pin id="9" dir="1" index="0" bw="1" slack="0"/>
</pin_list>
<bind>
<StgValue><ssdm name=""/></StgValue>
</bind>
</comp>

<comp id="10" class="1001" name="const_10">
<pin_list>
<pin id="11" dir="1" index="0" bw="1" slack="0"/>
</pin_list>
<bind>
<StgValue><ssdm name=""/></StgValue>
</bind>
</comp>

<comp id="12" class="1001" name="const_12">
<pin_list>
<pin id="13" dir="1" index="0" bw="1" slack="0"/>
</pin_list>
<bind>
<StgValue><ssdm name=""/></StgValue>
</bind>
</comp>

<comp id="14" class="1001" name="const_14">
<pin_list>
<pin id="15" dir="1" index="0" bw="1" slack="0"/>
</pin_list>
<bind>
<StgValue><ssdm name=""/></StgValue>
</bind>
</comp>

<comp id="16" class="1001" name="const_16">
<pin_list>
<pin id="17" dir="1" index="0" bw="1" slack="0"/>
</pin_list>
<bind>
<StgValue><ssdm name=""/></StgValue>
</bind>
</comp>

<comp id="18" class="1001" name="const_18">
<pin_list>
<pin id="19" dir="1" index="0" bw="1" slack="0"/>
</pin_list>
<bind>
<StgValue><ssdm name=""/></StgValue>
</bind>
</comp>

<comp id="20" class="1001" name="const_20">
<pin_list>
<pin id="21" dir="1" index="0" bw="1" slack="0"/>
</pin_list>
<bind>
<StgValue><ssdm name=""/></StgValue>
</bind>
</comp>

<comp id="22" class="1001" name="const_22">
<pin_list>
<pin id="23" dir="1" index="0" bw="1" slack="0"/>
</pin_list>
<bind>
<StgValue><ssdm name=""/></StgValue>
</bind>
</comp>

<comp id="24" class="1001" name="const_24">
<pin_list>
<pin id="25" dir="1" index="0" bw="1" slack="0"/>
</pin_list>
<bind>
<StgValue><ssdm name=""/></StgValue>
</bind>
</comp>

<comp id="26" class="1001" name="const_26">
<pin_list>
<pin id="27" dir="1" index="0" bw="1" slack="0"/>
</pin_list>
<bind>
<StgValue><ssdm name=""/></StgValue>
</bind>
</comp>

<comp id="28" class="1001" name="const_28">
<pin_list>
<pin id="29" dir="1" index="0" bw="1" slack="0"/>
</pin_list>
<bind>
<StgValue><ssdm name=""/></StgValue>
</bind>
</comp>

<comp id="30" class="1001" name="const_30">
<pin_list>
<pin id="31" dir="1" index="0" bw="1" slack="0"/>
</pin_list>
<bind>
<StgValue><ssdm name=""/></StgValue>
</bind>
</comp>

<comp id="32" class="1001" name="const_32">
<pin_list>
<pin id="33" dir="1" index="0" bw="1" slack="0"/>
</pin_list>
<bind>
<StgValue><ssdm name=""/></StgValue>
</bind>
</comp>

<comp id="34" class="1001" name="const_34">
<pin_list>
<pin id="35" dir="1" index="0" bw="1" slack="0"/>
</pin_list>
<bind>
<StgValue><ssdm name="_ssdm_op_BitConcatenate.i8.i4.i4"/></StgValue>
</bind>
</comp>

<comp id="36" class="1001" name="const_36">
<pin_list>
<pin id="37" dir="1" index="0" bw="1" slack="0"/>
</pin_list>
<bind>
<StgValue><ssdm name="_ssdm_op_BitConcatenate.i6.i5.i1"/></StgValue>
</bind>
</comp>

<comp id="38" class="1001" name="const_38">
<pin_list>
<pin id="39" dir="1" index="0" bw="1" slack="0"/>
</pin_list>
<bind>
<StgValue><ssdm name=""/></StgValue>
</bind>
</comp>

<comp id="40" class="1001" name="const_40">
<pin_list>
<pin id="41" dir="1" index="0" bw="1" slack="0"/>
</pin_list>
<bind>
<StgValue><ssdm name=""/></StgValue>
</bind>
</comp>

<comp id="42" class="1001" name="const_42">
<pin_list>
<pin id="43" dir="1" index="0" bw="1" slack="0"/>
</pin_list>
<bind>
<StgValue><ssdm name="_ssdm_op_BitConcatenate.i30.i24.i6"/></StgValue>
</bind>
</comp>

<comp id="44" class="1001" name="const_44">
<pin_list>
<pin id="45" dir="1" index="0" bw="1" slack="0"/>
</pin_list>
<bind>
<StgValue><ssdm name=""/></StgValue>
</bind>
</comp>

<comp id="46" class="1001" name="const_46">
<pin_list>
<pin id="47" dir="1" index="0" bw="1" slack="2147483647"/>
</pin_list>
<bind>
<StgValue><ssdm name="_ssdm_op_SpecLoopName"/></StgValue>
</bind>
</comp>

<comp id="48" class="1001" name="const_48">
<pin_list>
<pin id="49" dir="1" index="0" bw="1" slack="2147483647"/>
</pin_list>
<bind>
<StgValue><ssdm name="VITIS_LOOP_105_8_VITIS_LOOP_106_9_VITIS_LOOP_108_10_str"/></StgValue>
</bind>
</comp>

<comp id="50" class="1001" name="const_50">
<pin_list>
<pin id="51" dir="1" index="0" bw="1" slack="2147483647"/>
</pin_list>
<bind>
<StgValue><ssdm name="_ssdm_op_SpecLoopTripCount"/></StgValue>
</bind>
</comp>

<comp id="52" class="1001" name="const_52">
<pin_list>
<pin id="53" dir="1" index="0" bw="1" slack="2147483647"/>
</pin_list>
<bind>
<StgValue><ssdm name=""/></StgValue>
</bind>
</comp>

<comp id="54" class="1001" name="const_54">
<pin_list>
<pin id="55" dir="1" index="0" bw="1" slack="2147483647"/>
</pin_list>
<bind>
<StgValue><ssdm name="VITIS_LOOP_106_9_VITIS_LOOP_108_10_str"/></StgValue>
</bind>
</comp>

<comp id="56" class="1001" name="const_56">
<pin_list>
<pin id="57" dir="1" index="0" bw="1" slack="2147483647"/>
</pin_list>
<bind>
<StgValue><ssdm name="_ssdm_op_SpecPipeline"/></StgValue>
</bind>
</comp>

<comp id="58" class="1001" name="const_58">
<pin_list>
<pin id="59" dir="1" index="0" bw="1" slack="2147483647"/>
</pin_list>
<bind>
<StgValue><ssdm name=""/></StgValue>
</bind>
</comp>

<comp id="60" class="1001" name="const_60">
<pin_list>
<pin id="61" dir="1" index="0" bw="1" slack="2147483647"/>
</pin_list>
<bind>
<StgValue><ssdm name="empty_11"/></StgValue>
</bind>
</comp>

<comp id="62" class="1001" name="const_62">
<pin_list>
<pin id="63" dir="1" index="0" bw="1" slack="2147483647"/>
</pin_list>
<bind>
<StgValue><ssdm name="empty_1"/></StgValue>
</bind>
</comp>

<comp id="64" class="1001" name="const_64">
<pin_list>
<pin id="65" dir="1" index="0" bw="1" slack="0"/>
</pin_list>
<bind>
<StgValue><ssdm name="_ssdm_op_PartSelect.i24.i30.i32.i32"/></StgValue>
</bind>
</comp>

<comp id="66" class="1001" name="const_66">
<pin_list>
<pin id="67" dir="1" index="0" bw="1" slack="0"/>
</pin_list>
<bind>
<StgValue><ssdm name=""/></StgValue>
</bind>
</comp>

<comp id="68" class="1001" name="const_68">
<pin_list>
<pin id="69" dir="1" index="0" bw="1" slack="0"/>
</pin_list>
<bind>
<StgValue><ssdm name=""/></StgValue>
</bind>
</comp>

<comp id="70" class="1001" name="const_70">
<pin_list>
<pin id="71" dir="1" index="0" bw="1" slack="0"/>
</pin_list>
<bind>
<StgValue><ssdm name="_ssdm_op_PartSelect.i16.i30.i32.i32"/></StgValue>
</bind>
</comp>

<comp id="72" class="1001" name="const_72">
<pin_list>
<pin id="73" dir="1" index="0" bw="1" slack="0"/>
</pin_list>
<bind>
<StgValue><ssdm name=""/></StgValue>
</bind>
</comp>

<comp id="74" class="1001" name="const_74">
<pin_list>
<pin id="75" dir="1" index="0" bw="1" slack="0"/>
</pin_list>
<bind>
<StgValue><ssdm name=""/></StgValue>
</bind>
</comp>

<comp id="76" class="1004" name="lhs_fu_76">
<pin_list>
<pin id="77" dir="0" index="0" bw="1" slack="0"/>
<pin id="78" dir="1" index="1" bw="24" slack="0"/>
</pin_list>
<bind>
<opcode="alloca(26) " fcode="alloca"/>
<opset="lhs/1 "/>
</bind>
</comp>

<comp id="80" class="1004" name="t_fu_80">
<pin_list>
<pin id="81" dir="0" index="0" bw="1" slack="0"/>
<pin id="82" dir="1" index="1" bw="5" slack="0"/>
</pin_list>
<bind>
<opcode="alloca(26) " fcode="alloca"/>
<opset="t/1 "/>
</bind>
</comp>

<comp id="84" class="1004" name="d2_fu_84">
<pin_list>
<pin id="85" dir="0" index="0" bw="1" slack="0"/>
<pin id="86" dir="1" index="1" bw="5" slack="0"/>
</pin_list>
<bind>
<opcode="alloca(26) " fcode="alloca"/>
<opset="d2/1 "/>
</bind>
</comp>

<comp id="88" class="1004" name="indvar_flatten10_fu_88">
<pin_list>
<pin id="89" dir="0" index="0" bw="1" slack="0"/>
<pin id="90" dir="1" index="1" bw="10" slack="0"/>
</pin_list>
<bind>
<opcode="alloca(26) " fcode="alloca"/>
<opset="indvar_flatten10/1 "/>
</bind>
</comp>

<comp id="92" class="1004" name="r_fu_92">
<pin_list>
<pin id="93" dir="0" index="0" bw="1" slack="0"/>
<pin id="94" dir="1" index="1" bw="4" slack="0"/>
</pin_list>
<bind>
<opcode="alloca(26) " fcode="alloca"/>
<opset="r/1 "/>
</bind>
</comp>

<comp id="96" class="1004" name="indvar_flatten26_fu_96">
<pin_list>
<pin id="97" dir="0" index="0" bw="1" slack="0"/>
<pin id="98" dir="1" index="1" bw="12" slack="0"/>
</pin_list>
<bind>
<opcode="alloca(26) " fcode="alloca"/>
<opset="indvar_flatten26/1 "/>
</bind>
</comp>

<comp id="100" class="1004" name="K_V_addr_gep_fu_100">
<pin_list>
<pin id="101" dir="0" index="0" bw="16" slack="0"/>
<pin id="102" dir="0" index="1" bw="1" slack="0"/>
<pin id="103" dir="0" index="2" bw="8" slack="0"/>
<pin id="104" dir="1" index="3" bw="8" slack="0"/>
</pin_list>
<bind>
<opcode="getelementptr(29) " fcode="getelementptr"/>
<opset="K_V_addr/3 "/>
</bind>
</comp>

<comp id="107" class="1004" name="V_V_addr_gep_fu_107">
<pin_list>
<pin id="108" dir="0" index="0" bw="16" slack="0"/>
<pin id="109" dir="0" index="1" bw="1" slack="0"/>
<pin id="110" dir="0" index="2" bw="8" slack="0"/>
<pin id="111" dir="1" index="3" bw="8" slack="0"/>
</pin_list>
<bind>
<opcode="getelementptr(29) " fcode="getelementptr"/>
<opset="V_V_addr/3 "/>
</bind>
</comp>

<comp id="114" class="1004" name="grp_access_fu_114">
<pin_list>
<pin id="115" dir="0" index="0" bw="8" slack="0"/>
<pin id="116" dir="0" index="1" bw="16" slack="2147483647"/>
<pin id="117" dir="0" index="2" bw="0" slack="2147483647"/>
<pin id="118" dir="1" index="3" bw="16" slack="0"/>
</pin_list>
<bind>
<opcode="load(27) " fcode="load"/>
<opset="r_V/3 "/>
</bind>
</comp>

<comp id="120" class="1004" name="grp_access_fu_120">
<pin_list>
<pin id="121" dir="0" index="0" bw="8" slack="0"/>
<pin id="122" dir="0" index="1" bw="16" slack="2147483647"/>
<pin id="123" dir="0" index="2" bw="0" slack="2147483647"/>
<pin id="124" dir="1" index="3" bw="16" slack="0"/>
</pin_list>
<bind>
<opcode="load(27) " fcode="load"/>
<opset="V_V_load/3 "/>
</bind>
</comp>

<comp id="126" class="1004" name="KV_V_addr_gep_fu_126">
<pin_list>
<pin id="127" dir="0" index="0" bw="16" slack="0"/>
<pin id="128" dir="0" index="1" bw="1" slack="0"/>
<pin id="129" dir="0" index="2" bw="8" slack="0"/>
<pin id="130" dir="1" index="3" bw="8" slack="0"/>
</pin_list>
<bind>
<opcode="getelementptr(29) " fcode="getelementptr"/>
<opset="KV_V_addr/7 "/>
</bind>
</comp>

<comp id="133" class="1004" name="store_ln112_access_fu_133">
<pin_list>
<pin id="134" dir="0" index="0" bw="8" slack="0"/>
<pin id="135" dir="0" index="1" bw="16" slack="0"/>
<pin id="136" dir="0" index="2" bw="0" slack="2147483647"/>
<pin id="137" dir="1" index="3" bw="16" slack="2147483647"/>
</pin_list>
<bind>
<opcode="store(28) " fcode="store"/>
<opset="store_ln112/7 "/>
</bind>
</comp>

<comp id="139" class="1004" name="store_ln0_store_fu_139">
<pin_list>
<pin id="140" dir="0" index="0" bw="1" slack="0"/>
<pin id="141" dir="0" index="1" bw="12" slack="0"/>
<pin id="142" dir="1" index="2" bw="0" slack="2147483647"/>
</pin_list>
<bind>
<opcode="store(28) " fcode="store"/>
<opset="store_ln0/1 "/>
</bind>
</comp>

<comp id="144" class="1004" name="store_ln0_store_fu_144">
<pin_list>
<pin id="145" dir="0" index="0" bw="1" slack="0"/>
<pin id="146" dir="0" index="1" bw="4" slack="0"/>
<pin id="147" dir="1" index="2" bw="0" slack="2147483647"/>
</pin_list>
<bind>
<opcode="store(28) " fcode="store"/>
<opset="store_ln0/1 "/>
</bind>
</comp>

<comp id="149" class="1004" name="store_ln0_store_fu_149">
<pin_list>
<pin id="150" dir="0" index="0" bw="1" slack="0"/>
<pin id="151" dir="0" index="1" bw="10" slack="0"/>
<pin id="152" dir="1" index="2" bw="0" slack="2147483647"/>
</pin_list>
<bind>
<opcode="store(28) " fcode="store"/>
<opset="store_ln0/1 "/>
</bind>
</comp>

<comp id="154" class="1004" name="store_ln0_store_fu_154">
<pin_list>
<pin id="155" dir="0" index="0" bw="1" slack="0"/>
<pin id="156" dir="0" index="1" bw="5" slack="0"/>
<pin id="157" dir="1" index="2" bw="0" slack="2147483647"/>
</pin_list>
<bind>
<opcode="store(28) " fcode="store"/>
<opset="store_ln0/1 "/>
</bind>
</comp>

<comp id="159" class="1004" name="store_ln0_store_fu_159">
<pin_list>
<pin id="160" dir="0" index="0" bw="1" slack="0"/>
<pin id="161" dir="0" index="1" bw="5" slack="0"/>
<pin id="162" dir="1" index="2" bw="0" slack="2147483647"/>
</pin_list>
<bind>
<opcode="store(28) " fcode="store"/>
<opset="store_ln0/1 "/>
</bind>
</comp>

<comp id="164" class="1004" name="store_ln0_store_fu_164">
<pin_list>
<pin id="165" dir="0" index="0" bw="1" slack="0"/>
<pin id="166" dir="0" index="1" bw="24" slack="0"/>
<pin id="167" dir="1" index="2" bw="0" slack="2147483647"/>
</pin_list>
<bind>
<opcode="store(28) " fcode="store"/>
<opset="store_ln0/1 "/>
</bind>
</comp>

<comp id="169" class="1004" name="indvar_flatten10_load_load_fu_169">
<pin_list>
<pin id="170" dir="0" index="0" bw="10" slack="0"/>
<pin id="171" dir="1" index="1" bw="10" slack="0"/>
</pin_list>
<bind>
<opcode="load(27) " fcode="load"/>
<opset="indvar_flatten10_load/1 "/>
</bind>
</comp>

<comp id="172" class="1004" name="indvar_flatten26_load_load_fu_172">
<pin_list>
<pin id="173" dir="0" index="0" bw="12" slack="0"/>
<pin id="174" dir="1" index="1" bw="12" slack="0"/>
</pin_list>
<bind>
<opcode="load(27) " fcode="load"/>
<opset="indvar_flatten26_load/1 "/>
</bind>
</comp>

<comp id="175" class="1004" name="icmp_ln105_fu_175">
<pin_list>
<pin id="176" dir="0" index="0" bw="12" slack="0"/>
<pin id="177" dir="0" index="1" bw="10" slack="0"/>
<pin id="178" dir="1" index="2" bw="1" slack="5"/>
</pin_list>
<bind>
<opcode="icmp(45) " fcode="icmp"/>
<opset="icmp_ln105/1 "/>
</bind>
</comp>

<comp id="181" class="1004" name="add_ln105_1_fu_181">
<pin_list>
<pin id="182" dir="0" index="0" bw="12" slack="0"/>
<pin id="183" dir="0" index="1" bw="1" slack="0"/>
<pin id="184" dir="1" index="2" bw="12" slack="0"/>
</pin_list>
<bind>
<opcode="add(8) " fcode="add"/>
<opset="add_ln105_1/1 "/>
</bind>
</comp>

<comp id="187" class="1004" name="icmp_ln106_fu_187">
<pin_list>
<pin id="188" dir="0" index="0" bw="10" slack="0"/>
<pin id="189" dir="0" index="1" bw="10" slack="0"/>
<pin id="190" dir="1" index="2" bw="1" slack="0"/>
</pin_list>
<bind>
<opcode="icmp(45) " fcode="icmp"/>
<opset="icmp_ln106/1 "/>
</bind>
</comp>

<comp id="193" class="1004" name="add_ln106_1_fu_193">
<pin_list>
<pin id="194" dir="0" index="0" bw="10" slack="0"/>
<pin id="195" dir="0" index="1" bw="1" slack="0"/>
<pin id="196" dir="1" index="2" bw="10" slack="0"/>
</pin_list>
<bind>
<opcode="add(8) " fcode="add"/>
<opset="add_ln106_1/1 "/>
</bind>
</comp>

<comp id="199" class="1004" name="select_ln106_3_fu_199">
<pin_list>
<pin id="200" dir="0" index="0" bw="1" slack="0"/>
<pin id="201" dir="0" index="1" bw="1" slack="0"/>
<pin id="202" dir="0" index="2" bw="10" slack="0"/>
<pin id="203" dir="1" index="3" bw="10" slack="0"/>
</pin_list>
<bind>
<opcode="select(49) " fcode="select"/>
<opset="select_ln106_3/1 "/>
</bind>
</comp>

<comp id="207" class="1004" name="store_ln105_store_fu_207">
<pin_list>
<pin id="208" dir="0" index="0" bw="12" slack="0"/>
<pin id="209" dir="0" index="1" bw="12" slack="0"/>
<pin id="210" dir="1" index="2" bw="0" slack="2147483647"/>
</pin_list>
<bind>
<opcode="store(28) " fcode="store"/>
<opset="store_ln105/1 "/>
</bind>
</comp>

<comp id="212" class="1004" name="store_ln106_store_fu_212">
<pin_list>
<pin id="213" dir="0" index="0" bw="10" slack="0"/>
<pin id="214" dir="0" index="1" bw="10" slack="0"/>
<pin id="215" dir="1" index="2" bw="0" slack="2147483647"/>
</pin_list>
<bind>
<opcode="store(28) " fcode="store"/>
<opset="store_ln106/1 "/>
</bind>
</comp>

<comp id="217" class="1004" name="t_load_load_fu_217">
<pin_list>
<pin id="218" dir="0" index="0" bw="5" slack="1"/>
<pin id="219" dir="1" index="1" bw="5" slack="0"/>
</pin_list>
<bind>
<opcode="load(27) " fcode="load"/>
<opset="t_load/2 "/>
</bind>
</comp>

<comp id="220" class="1004" name="d2_load_load_fu_220">
<pin_list>
<pin id="221" dir="0" index="0" bw="5" slack="1"/>
<pin id="222" dir="1" index="1" bw="5" slack="0"/>
</pin_list>
<bind>
<opcode="load(27) " fcode="load"/>
<opset="d2_load/2 "/>
</bind>
</comp>

<comp id="223" class="1004" name="r_load_load_fu_223">
<pin_list>
<pin id="224" dir="0" index="0" bw="4" slack="1"/>
<pin id="225" dir="1" index="1" bw="4" slack="0"/>
</pin_list>
<bind>
<opcode="load(27) " fcode="load"/>
<opset="r_load/2 "/>
</bind>
</comp>

<comp id="226" class="1004" name="add_ln105_fu_226">
<pin_list>
<pin id="227" dir="0" index="0" bw="4" slack="0"/>
<pin id="228" dir="0" index="1" bw="1" slack="0"/>
<pin id="229" dir="1" index="2" bw="4" slack="0"/>
</pin_list>
<bind>
<opcode="add(8) " fcode="add"/>
<opset="add_ln105/2 "/>
</bind>
</comp>

<comp id="232" class="1004" name="select_ln105_fu_232">
<pin_list>
<pin id="233" dir="0" index="0" bw="1" slack="1"/>
<pin id="234" dir="0" index="1" bw="1" slack="0"/>
<pin id="235" dir="0" index="2" bw="5" slack="0"/>
<pin id="236" dir="1" index="3" bw="5" slack="0"/>
</pin_list>
<bind>
<opcode="select(49) " fcode="select"/>
<opset="select_ln105/2 "/>
</bind>
</comp>

<comp id="239" class="1004" name="select_ln105_1_fu_239">
<pin_list>
<pin id="240" dir="0" index="0" bw="1" slack="1"/>
<pin id="241" dir="0" index="1" bw="4" slack="0"/>
<pin id="242" dir="0" index="2" bw="4" slack="0"/>
<pin id="243" dir="1" index="3" bw="4" slack="0"/>
</pin_list>
<bind>
<opcode="select(49) " fcode="select"/>
<opset="select_ln105_1/2 "/>
</bind>
</comp>

<comp id="246" class="1004" name="xor_ln105_fu_246">
<pin_list>
<pin id="247" dir="0" index="0" bw="1" slack="1"/>
<pin id="248" dir="0" index="1" bw="1" slack="0"/>
<pin id="249" dir="1" index="2" bw="1" slack="0"/>
</pin_list>
<bind>
<opcode="xor(25) " fcode="xor"/>
<opset="xor_ln105/2 "/>
</bind>
</comp>

<comp id="251" class="1004" name="icmp_ln108_fu_251">
<pin_list>
<pin id="252" dir="0" index="0" bw="5" slack="0"/>
<pin id="253" dir="0" index="1" bw="5" slack="0"/>
<pin id="254" dir="1" index="2" bw="1" slack="0"/>
</pin_list>
<bind>
<opcode="icmp(45) " fcode="icmp"/>
<opset="icmp_ln108/2 "/>
</bind>
</comp>

<comp id="257" class="1004" name="and_ln105_fu_257">
<pin_list>
<pin id="258" dir="0" index="0" bw="1" slack="0"/>
<pin id="259" dir="0" index="1" bw="1" slack="0"/>
<pin id="260" dir="1" index="2" bw="1" slack="0"/>
</pin_list>
<bind>
<opcode="and(23) " fcode="and"/>
<opset="and_ln105/2 "/>
</bind>
</comp>

<comp id="263" class="1004" name="add_ln106_fu_263">
<pin_list>
<pin id="264" dir="0" index="0" bw="5" slack="0"/>
<pin id="265" dir="0" index="1" bw="1" slack="0"/>
<pin id="266" dir="1" index="2" bw="5" slack="0"/>
</pin_list>
<bind>
<opcode="add(8) " fcode="add"/>
<opset="add_ln106/2 "/>
</bind>
</comp>

<comp id="269" class="1004" name="or_ln106_fu_269">
<pin_list>
<pin id="270" dir="0" index="0" bw="1" slack="0"/>
<pin id="271" dir="0" index="1" bw="1" slack="1"/>
<pin id="272" dir="1" index="2" bw="1" slack="0"/>
</pin_list>
<bind>
<opcode="or(24) " fcode="or"/>
<opset="or_ln106/2 "/>
</bind>
</comp>

<comp id="274" class="1004" name="select_ln106_fu_274">
<pin_list>
<pin id="275" dir="0" index="0" bw="1" slack="0"/>
<pin id="276" dir="0" index="1" bw="1" slack="0"/>
<pin id="277" dir="0" index="2" bw="5" slack="0"/>
<pin id="278" dir="1" index="3" bw="5" slack="0"/>
</pin_list>
<bind>
<opcode="select(49) " fcode="select"/>
<opset="select_ln106/2 "/>
</bind>
</comp>

<comp id="282" class="1004" name="trunc_ln106_fu_282">
<pin_list>
<pin id="283" dir="0" index="0" bw="5" slack="0"/>
<pin id="284" dir="1" index="1" bw="4" slack="1"/>
</pin_list>
<bind>
<opcode="trunc(33) " fcode="trunc"/>
<opset="trunc_ln106/2 "/>
</bind>
</comp>

<comp id="286" class="1004" name="select_ln106_1_fu_286">
<pin_list>
<pin id="287" dir="0" index="0" bw="1" slack="0"/>
<pin id="288" dir="0" index="1" bw="5" slack="0"/>
<pin id="289" dir="0" index="2" bw="5" slack="0"/>
<pin id="290" dir="1" index="3" bw="5" slack="0"/>
</pin_list>
<bind>
<opcode="select(49) " fcode="select"/>
<opset="select_ln106_1/2 "/>
</bind>
</comp>

<comp id="294" class="1004" name="add_ln108_fu_294">
<pin_list>
<pin id="295" dir="0" index="0" bw="5" slack="0"/>
<pin id="296" dir="0" index="1" bw="1" slack="0"/>
<pin id="297" dir="1" index="2" bw="5" slack="0"/>
</pin_list>
<bind>
<opcode="add(8) " fcode="add"/>
<opset="add_ln108/2 "/>
</bind>
</comp>

<comp id="300" class="1004" name="store_ln105_store_fu_300">
<pin_list>
<pin id="301" dir="0" index="0" bw="4" slack="0"/>
<pin id="302" dir="0" index="1" bw="4" slack="1"/>
<pin id="303" dir="1" index="2" bw="0" slack="2147483647"/>
</pin_list>
<bind>
<opcode="store(28) " fcode="store"/>
<opset="store_ln105/2 "/>
</bind>
</comp>

<comp id="305" class="1004" name="store_ln106_store_fu_305">
<pin_list>
<pin id="306" dir="0" index="0" bw="5" slack="0"/>
<pin id="307" dir="0" index="1" bw="5" slack="1"/>
<pin id="308" dir="1" index="2" bw="0" slack="2147483647"/>
</pin_list>
<bind>
<opcode="store(28) " fcode="store"/>
<opset="store_ln106/2 "/>
</bind>
</comp>

<comp id="310" class="1004" name="store_ln108_store_fu_310">
<pin_list>
<pin id="311" dir="0" index="0" bw="5" slack="0"/>
<pin id="312" dir="0" index="1" bw="5" slack="1"/>
<pin id="313" dir="1" index="2" bw="0" slack="2147483647"/>
</pin_list>
<bind>
<opcode="store(28) " fcode="store"/>
<opset="store_ln108/2 "/>
</bind>
</comp>

<comp id="315" class="1004" name="zext_ln112_fu_315">
<pin_list>
<pin id="316" dir="0" index="0" bw="4" slack="1"/>
<pin id="317" dir="1" index="1" bw="8" slack="0"/>
</pin_list>
<bind>
<opcode="zext(34) " fcode="zext"/>
<opset="zext_ln112/3 "/>
</bind>
</comp>

<comp id="318" class="1004" name="tmp_s_fu_318">
<pin_list>
<pin id="319" dir="0" index="0" bw="8" slack="0"/>
<pin id="320" dir="0" index="1" bw="4" slack="1"/>
<pin id="321" dir="0" index="2" bw="1" slack="0"/>
<pin id="322" dir="1" index="3" bw="8" slack="0"/>
</pin_list>
<bind>
<opcode="bitconcatenate(1004) " fcode="bitconcatenate"/>
<opset="tmp_s/3 "/>
</bind>
</comp>

<comp id="325" class="1004" name="zext_ln112_1_fu_325">
<pin_list>
<pin id="326" dir="0" index="0" bw="5" slack="1"/>
<pin id="327" dir="1" index="1" bw="8" slack="0"/>
</pin_list>
<bind>
<opcode="zext(34) " fcode="zext"/>
<opset="zext_ln112_1/3 "/>
</bind>
</comp>

<comp id="328" class="1004" name="add_ln112_fu_328">
<pin_list>
<pin id="329" dir="0" index="0" bw="8" slack="0"/>
<pin id="330" dir="0" index="1" bw="5" slack="0"/>
<pin id="331" dir="1" index="2" bw="8" slack="4"/>
</pin_list>
<bind>
<opcode="add(8) " fcode="add"/>
<opset="add_ln112/3 "/>
</bind>
</comp>

<comp id="334" class="1004" name="tmp_61_fu_334">
<pin_list>
<pin id="335" dir="0" index="0" bw="8" slack="0"/>
<pin id="336" dir="0" index="1" bw="4" slack="1"/>
<pin id="337" dir="0" index="2" bw="1" slack="0"/>
<pin id="338" dir="1" index="3" bw="8" slack="0"/>
</pin_list>
<bind>
<opcode="bitconcatenate(1004) " fcode="bitconcatenate"/>
<opset="tmp_61/3 "/>
</bind>
</comp>

<comp id="341" class="1004" name="tmp_62_fu_341">
<pin_list>
<pin id="342" dir="0" index="0" bw="6" slack="0"/>
<pin id="343" dir="0" index="1" bw="5" slack="1"/>
<pin id="344" dir="0" index="2" bw="1" slack="0"/>
<pin id="345" dir="1" index="3" bw="6" slack="0"/>
</pin_list>
<bind>
<opcode="bitconcatenate(1004) " fcode="bitconcatenate"/>
<opset="tmp_62/3 "/>
</bind>
</comp>

<comp id="348" class="1004" name="zext_ln1271_fu_348">
<pin_list>
<pin id="349" dir="0" index="0" bw="6" slack="0"/>
<pin id="350" dir="1" index="1" bw="8" slack="0"/>
</pin_list>
<bind>
<opcode="zext(34) " fcode="zext"/>
<opset="zext_ln1271/3 "/>
</bind>
</comp>

<comp id="352" class="1004" name="sub_ln1271_fu_352">
<pin_list>
<pin id="353" dir="0" index="0" bw="8" slack="0"/>
<pin id="354" dir="0" index="1" bw="6" slack="0"/>
<pin id="355" dir="1" index="2" bw="8" slack="0"/>
</pin_list>
<bind>
<opcode="sub(10) " fcode="sub"/>
<opset="sub_ln1271/3 "/>
</bind>
</comp>

<comp id="358" class="1004" name="add_ln1271_fu_358">
<pin_list>
<pin id="359" dir="0" index="0" bw="8" slack="0"/>
<pin id="360" dir="0" index="1" bw="4" slack="0"/>
<pin id="361" dir="1" index="2" bw="8" slack="0"/>
</pin_list>
<bind>
<opcode="add(8) " fcode="add"/>
<opset="add_ln1271/3 "/>
</bind>
</comp>

<comp id="364" class="1004" name="zext_ln1271_11_fu_364">
<pin_list>
<pin id="365" dir="0" index="0" bw="8" slack="0"/>
<pin id="366" dir="1" index="1" bw="64" slack="0"/>
</pin_list>
<bind>
<opcode="zext(34) " fcode="zext"/>
<opset="zext_ln1271_11/3 "/>
</bind>
</comp>

<comp id="369" class="1004" name="add_ln1273_fu_369">
<pin_list>
<pin id="370" dir="0" index="0" bw="8" slack="0"/>
<pin id="371" dir="0" index="1" bw="5" slack="0"/>
<pin id="372" dir="1" index="2" bw="8" slack="0"/>
</pin_list>
<bind>
<opcode="add(8) " fcode="add"/>
<opset="add_ln1273/3 "/>
</bind>
</comp>

<comp id="375" class="1004" name="zext_ln1273_fu_375">
<pin_list>
<pin id="376" dir="0" index="0" bw="8" slack="0"/>
<pin id="377" dir="1" index="1" bw="64" slack="0"/>
</pin_list>
<bind>
<opcode="zext(34) " fcode="zext"/>
<opset="zext_ln1273/3 "/>
</bind>
</comp>

<comp id="380" class="1004" name="icmp_ln108_1_fu_380">
<pin_list>
<pin id="381" dir="0" index="0" bw="5" slack="1"/>
<pin id="382" dir="0" index="1" bw="5" slack="0"/>
<pin id="383" dir="1" index="2" bw="1" slack="4"/>
</pin_list>
<bind>
<opcode="icmp(45) " fcode="icmp"/>
<opset="icmp_ln108_1/3 "/>
</bind>
</comp>

<comp id="385" class="1004" name="sext_ln1347_16_fu_385">
<pin_list>
<pin id="386" dir="0" index="0" bw="16" slack="0"/>
<pin id="387" dir="1" index="1" bw="30" slack="0"/>
</pin_list>
<bind>
<opcode="sext(35) " fcode="sext"/>
<opset="sext_ln1347_16/4 "/>
</bind>
</comp>

<comp id="389" class="1004" name="sext_ln1347_fu_389">
<pin_list>
<pin id="390" dir="0" index="0" bw="16" slack="0"/>
<pin id="391" dir="1" index="1" bw="30" slack="0"/>
</pin_list>
<bind>
<opcode="sext(35) " fcode="sext"/>
<opset="sext_ln1347/4 "/>
</bind>
</comp>

<comp id="393" class="1004" name="lhs_load_load_fu_393">
<pin_list>
<pin id="394" dir="0" index="0" bw="24" slack="5"/>
<pin id="395" dir="1" index="1" bw="24" slack="0"/>
</pin_list>
<bind>
<opcode="load(27) " fcode="load"/>
<opset="lhs_load/6 "/>
</bind>
</comp>

<comp id="396" class="1004" name="select_ln106_2_fu_396">
<pin_list>
<pin id="397" dir="0" index="0" bw="1" slack="4"/>
<pin id="398" dir="0" index="1" bw="1" slack="0"/>
<pin id="399" dir="0" index="2" bw="24" slack="0"/>
<pin id="400" dir="1" index="3" bw="24" slack="0"/>
</pin_list>
<bind>
<opcode="select(49) " fcode="select"/>
<opset="select_ln106_2/6 "/>
</bind>
</comp>

<comp id="403" class="1004" name="lhs_60_fu_403">
<pin_list>
<pin id="404" dir="0" index="0" bw="30" slack="0"/>
<pin id="405" dir="0" index="1" bw="24" slack="0"/>
<pin id="406" dir="0" index="2" bw="1" slack="0"/>
<pin id="407" dir="1" index="3" bw="30" slack="0"/>
</pin_list>
<bind>
<opcode="bitconcatenate(1004) " fcode="bitconcatenate"/>
<opset="lhs_60/6 "/>
</bind>
</comp>

<comp id="411" class="1004" name="zext_ln112_2_fu_411">
<pin_list>
<pin id="412" dir="0" index="0" bw="8" slack="4"/>
<pin id="413" dir="1" index="1" bw="64" slack="0"/>
</pin_list>
<bind>
<opcode="zext(34) " fcode="zext"/>
<opset="zext_ln112_2/7 "/>
</bind>
</comp>

<comp id="415" class="1004" name="sum_V_fu_415">
<pin_list>
<pin id="416" dir="0" index="0" bw="24" slack="0"/>
<pin id="417" dir="0" index="1" bw="30" slack="0"/>
<pin id="418" dir="0" index="2" bw="4" slack="0"/>
<pin id="419" dir="0" index="3" bw="6" slack="0"/>
<pin id="420" dir="1" index="4" bw="24" slack="0"/>
</pin_list>
<bind>
<opcode="partselect(1002) " fcode="partselect"/>
<opset="sum_V/7 "/>
</bind>
</comp>

<comp id="424" class="1004" name="trunc_ln_fu_424">
<pin_list>
<pin id="425" dir="0" index="0" bw="16" slack="0"/>
<pin id="426" dir="0" index="1" bw="30" slack="0"/>
<pin id="427" dir="0" index="2" bw="5" slack="0"/>
<pin id="428" dir="0" index="3" bw="6" slack="0"/>
<pin id="429" dir="1" index="4" bw="16" slack="0"/>
</pin_list>
<bind>
<opcode="partselect(1002) " fcode="partselect"/>
<opset="trunc_ln/7 "/>
</bind>
</comp>

<comp id="434" class="1004" name="store_ln818_store_fu_434">
<pin_list>
<pin id="435" dir="0" index="0" bw="24" slack="0"/>
<pin id="436" dir="0" index="1" bw="24" slack="6"/>
<pin id="437" dir="1" index="2" bw="0" slack="2147483647"/>
</pin_list>
<bind>
<opcode="store(28) " fcode="store"/>
<opset="store_ln818/7 "/>
</bind>
</comp>

<comp id="439" class="1007" name="grp_fu_439">
<pin_list>
<pin id="440" dir="0" index="0" bw="16" slack="0"/>
<pin id="441" dir="0" index="1" bw="16" slack="0"/>
<pin id="442" dir="0" index="2" bw="30" slack="0"/>
<pin id="443" dir="1" index="3" bw="30" slack="0"/>
</pin_list>
<bind>
<opcode="muladd(1172) " fcode="muladd"/>
<opset="mul_ln1347/4 ret_V/6 "/>
</bind>
</comp>

<comp id="449" class="1005" name="lhs_reg_449">
<pin_list>
<pin id="450" dir="0" index="0" bw="24" slack="0"/>
<pin id="451" dir="1" index="1" bw="24" slack="0"/>
</pin_list>
<bind>
<opset="lhs "/>
</bind>
</comp>

<comp id="456" class="1005" name="t_reg_456">
<pin_list>
<pin id="457" dir="0" index="0" bw="5" slack="0"/>
<pin id="458" dir="1" index="1" bw="5" slack="0"/>
</pin_list>
<bind>
<opset="t "/>
</bind>
</comp>

<comp id="463" class="1005" name="d2_reg_463">
<pin_list>
<pin id="464" dir="0" index="0" bw="5" slack="0"/>
<pin id="465" dir="1" index="1" bw="5" slack="0"/>
</pin_list>
<bind>
<opset="d2 "/>
</bind>
</comp>

<comp id="470" class="1005" name="indvar_flatten10_reg_470">
<pin_list>
<pin id="471" dir="0" index="0" bw="10" slack="0"/>
<pin id="472" dir="1" index="1" bw="10" slack="0"/>
</pin_list>
<bind>
<opset="indvar_flatten10 "/>
</bind>
</comp>

<comp id="477" class="1005" name="r_reg_477">
<pin_list>
<pin id="478" dir="0" index="0" bw="4" slack="0"/>
<pin id="479" dir="1" index="1" bw="4" slack="0"/>
</pin_list>
<bind>
<opset="r "/>
</bind>
</comp>

<comp id="484" class="1005" name="indvar_flatten26_reg_484">
<pin_list>
<pin id="485" dir="0" index="0" bw="12" slack="0"/>
<pin id="486" dir="1" index="1" bw="12" slack="0"/>
</pin_list>
<bind>
<opset="indvar_flatten26 "/>
</bind>
</comp>

<comp id="491" class="1005" name="icmp_ln105_reg_491">
<pin_list>
<pin id="492" dir="0" index="0" bw="1" slack="5"/>
<pin id="493" dir="1" index="1" bw="1" slack="2147483647"/>
</pin_list>
<bind>
<opset="icmp_ln105 "/>
</bind>
</comp>

<comp id="495" class="1005" name="icmp_ln106_reg_495">
<pin_list>
<pin id="496" dir="0" index="0" bw="1" slack="1"/>
<pin id="497" dir="1" index="1" bw="1" slack="1"/>
</pin_list>
<bind>
<opset="icmp_ln106 "/>
</bind>
</comp>

<comp id="503" class="1005" name="select_ln105_1_reg_503">
<pin_list>
<pin id="504" dir="0" index="0" bw="4" slack="1"/>
<pin id="505" dir="1" index="1" bw="4" slack="1"/>
</pin_list>
<bind>
<opset="select_ln105_1 "/>
</bind>
</comp>

<comp id="509" class="1005" name="or_ln106_reg_509">
<pin_list>
<pin id="510" dir="0" index="0" bw="1" slack="4"/>
<pin id="511" dir="1" index="1" bw="1" slack="4"/>
</pin_list>
<bind>
<opset="or_ln106 "/>
</bind>
</comp>

<comp id="514" class="1005" name="select_ln106_reg_514">
<pin_list>
<pin id="515" dir="0" index="0" bw="5" slack="1"/>
<pin id="516" dir="1" index="1" bw="5" slack="1"/>
</pin_list>
<bind>
<opset="select_ln106 "/>
</bind>
</comp>

<comp id="519" class="1005" name="trunc_ln106_reg_519">
<pin_list>
<pin id="520" dir="0" index="0" bw="4" slack="1"/>
<pin id="521" dir="1" index="1" bw="4" slack="1"/>
</pin_list>
<bind>
<opset="trunc_ln106 "/>
</bind>
</comp>

<comp id="524" class="1005" name="select_ln106_1_reg_524">
<pin_list>
<pin id="525" dir="0" index="0" bw="5" slack="1"/>
<pin id="526" dir="1" index="1" bw="5" slack="1"/>
</pin_list>
<bind>
<opset="select_ln106_1 "/>
</bind>
</comp>

<comp id="529" class="1005" name="add_ln108_reg_529">
<pin_list>
<pin id="530" dir="0" index="0" bw="5" slack="1"/>
<pin id="531" dir="1" index="1" bw="5" slack="1"/>
</pin_list>
<bind>
<opset="add_ln108 "/>
</bind>
</comp>

<comp id="534" class="1005" name="add_ln112_reg_534">
<pin_list>
<pin id="535" dir="0" index="0" bw="8" slack="4"/>
<pin id="536" dir="1" index="1" bw="8" slack="4"/>
</pin_list>
<bind>
<opset="add_ln112 "/>
</bind>
</comp>

<comp id="539" class="1005" name="K_V_addr_reg_539">
<pin_list>
<pin id="540" dir="0" index="0" bw="8" slack="1"/>
<pin id="541" dir="1" index="1" bw="8" slack="1"/>
</pin_list>
<bind>
<opset="K_V_addr "/>
</bind>
</comp>

<comp id="544" class="1005" name="V_V_addr_reg_544">
<pin_list>
<pin id="545" dir="0" index="0" bw="8" slack="1"/>
<pin id="546" dir="1" index="1" bw="8" slack="1"/>
</pin_list>
<bind>
<opset="V_V_addr "/>
</bind>
</comp>

<comp id="549" class="1005" name="icmp_ln108_1_reg_549">
<pin_list>
<pin id="550" dir="0" index="0" bw="1" slack="4"/>
<pin id="551" dir="1" index="1" bw="1" slack="2147483647"/>
</pin_list>
<bind>
<opset="icmp_ln108_1 "/>
</bind>
</comp>

<comp id="553" class="1005" name="sext_ln1347_16_reg_553">
<pin_list>
<pin id="554" dir="0" index="0" bw="30" slack="1"/>
<pin id="555" dir="1" index="1" bw="30" slack="1"/>
</pin_list>
<bind>
<opset="sext_ln1347_16 "/>
</bind>
</comp>

<comp id="558" class="1005" name="sext_ln1347_reg_558">
<pin_list>
<pin id="559" dir="0" index="0" bw="30" slack="1"/>
<pin id="560" dir="1" index="1" bw="30" slack="1"/>
</pin_list>
<bind>
<opset="sext_ln1347 "/>
</bind>
</comp>

<comp id="563" class="1005" name="lhs_60_reg_563">
<pin_list>
<pin id="564" dir="0" index="0" bw="30" slack="1"/>
<pin id="565" dir="1" index="1" bw="30" slack="1"/>
</pin_list>
<bind>
<opset="lhs_60 "/>
</bind>
</comp>

</comp_list>

<net_list>
<net id="79"><net_src comp="6" pin="0"/><net_sink comp="76" pin=0"/></net>

<net id="83"><net_src comp="6" pin="0"/><net_sink comp="80" pin=0"/></net>

<net id="87"><net_src comp="6" pin="0"/><net_sink comp="84" pin=0"/></net>

<net id="91"><net_src comp="6" pin="0"/><net_sink comp="88" pin=0"/></net>

<net id="95"><net_src comp="6" pin="0"/><net_sink comp="92" pin=0"/></net>

<net id="99"><net_src comp="6" pin="0"/><net_sink comp="96" pin=0"/></net>

<net id="105"><net_src comp="2" pin="0"/><net_sink comp="100" pin=0"/></net>

<net id="106"><net_src comp="40" pin="0"/><net_sink comp="100" pin=1"/></net>

<net id="112"><net_src comp="4" pin="0"/><net_sink comp="107" pin=0"/></net>

<net id="113"><net_src comp="40" pin="0"/><net_sink comp="107" pin=1"/></net>

<net id="119"><net_src comp="100" pin="3"/><net_sink comp="114" pin=0"/></net>

<net id="125"><net_src comp="107" pin="3"/><net_sink comp="120" pin=0"/></net>

<net id="131"><net_src comp="0" pin="0"/><net_sink comp="126" pin=0"/></net>

<net id="132"><net_src comp="40" pin="0"/><net_sink comp="126" pin=1"/></net>

<net id="138"><net_src comp="126" pin="3"/><net_sink comp="133" pin=0"/></net>

<net id="143"><net_src comp="8" pin="0"/><net_sink comp="139" pin=0"/></net>

<net id="148"><net_src comp="10" pin="0"/><net_sink comp="144" pin=0"/></net>

<net id="153"><net_src comp="12" pin="0"/><net_sink comp="149" pin=0"/></net>

<net id="158"><net_src comp="14" pin="0"/><net_sink comp="154" pin=0"/></net>

<net id="163"><net_src comp="14" pin="0"/><net_sink comp="159" pin=0"/></net>

<net id="168"><net_src comp="16" pin="0"/><net_sink comp="164" pin=0"/></net>

<net id="179"><net_src comp="172" pin="1"/><net_sink comp="175" pin=0"/></net>

<net id="180"><net_src comp="18" pin="0"/><net_sink comp="175" pin=1"/></net>

<net id="185"><net_src comp="172" pin="1"/><net_sink comp="181" pin=0"/></net>

<net id="186"><net_src comp="20" pin="0"/><net_sink comp="181" pin=1"/></net>

<net id="191"><net_src comp="169" pin="1"/><net_sink comp="187" pin=0"/></net>

<net id="192"><net_src comp="22" pin="0"/><net_sink comp="187" pin=1"/></net>

<net id="197"><net_src comp="169" pin="1"/><net_sink comp="193" pin=0"/></net>

<net id="198"><net_src comp="24" pin="0"/><net_sink comp="193" pin=1"/></net>

<net id="204"><net_src comp="187" pin="2"/><net_sink comp="199" pin=0"/></net>

<net id="205"><net_src comp="24" pin="0"/><net_sink comp="199" pin=1"/></net>

<net id="206"><net_src comp="193" pin="2"/><net_sink comp="199" pin=2"/></net>

<net id="211"><net_src comp="181" pin="2"/><net_sink comp="207" pin=0"/></net>

<net id="216"><net_src comp="199" pin="3"/><net_sink comp="212" pin=0"/></net>

<net id="230"><net_src comp="223" pin="1"/><net_sink comp="226" pin=0"/></net>

<net id="231"><net_src comp="26" pin="0"/><net_sink comp="226" pin=1"/></net>

<net id="237"><net_src comp="14" pin="0"/><net_sink comp="232" pin=1"/></net>

<net id="238"><net_src comp="220" pin="1"/><net_sink comp="232" pin=2"/></net>

<net id="244"><net_src comp="226" pin="2"/><net_sink comp="239" pin=1"/></net>

<net id="245"><net_src comp="223" pin="1"/><net_sink comp="239" pin=2"/></net>

<net id="250"><net_src comp="28" pin="0"/><net_sink comp="246" pin=1"/></net>

<net id="255"><net_src comp="217" pin="1"/><net_sink comp="251" pin=0"/></net>

<net id="256"><net_src comp="30" pin="0"/><net_sink comp="251" pin=1"/></net>

<net id="261"><net_src comp="251" pin="2"/><net_sink comp="257" pin=0"/></net>

<net id="262"><net_src comp="246" pin="2"/><net_sink comp="257" pin=1"/></net>

<net id="267"><net_src comp="232" pin="3"/><net_sink comp="263" pin=0"/></net>

<net id="268"><net_src comp="32" pin="0"/><net_sink comp="263" pin=1"/></net>

<net id="273"><net_src comp="257" pin="2"/><net_sink comp="269" pin=0"/></net>

<net id="279"><net_src comp="269" pin="2"/><net_sink comp="274" pin=0"/></net>

<net id="280"><net_src comp="14" pin="0"/><net_sink comp="274" pin=1"/></net>

<net id="281"><net_src comp="217" pin="1"/><net_sink comp="274" pin=2"/></net>

<net id="285"><net_src comp="274" pin="3"/><net_sink comp="282" pin=0"/></net>

<net id="291"><net_src comp="257" pin="2"/><net_sink comp="286" pin=0"/></net>

<net id="292"><net_src comp="263" pin="2"/><net_sink comp="286" pin=1"/></net>

<net id="293"><net_src comp="232" pin="3"/><net_sink comp="286" pin=2"/></net>

<net id="298"><net_src comp="274" pin="3"/><net_sink comp="294" pin=0"/></net>

<net id="299"><net_src comp="32" pin="0"/><net_sink comp="294" pin=1"/></net>

<net id="304"><net_src comp="239" pin="3"/><net_sink comp="300" pin=0"/></net>

<net id="309"><net_src comp="286" pin="3"/><net_sink comp="305" pin=0"/></net>

<net id="314"><net_src comp="294" pin="2"/><net_sink comp="310" pin=0"/></net>

<net id="323"><net_src comp="34" pin="0"/><net_sink comp="318" pin=0"/></net>

<net id="324"><net_src comp="10" pin="0"/><net_sink comp="318" pin=2"/></net>

<net id="332"><net_src comp="318" pin="3"/><net_sink comp="328" pin=0"/></net>

<net id="333"><net_src comp="325" pin="1"/><net_sink comp="328" pin=1"/></net>

<net id="339"><net_src comp="34" pin="0"/><net_sink comp="334" pin=0"/></net>

<net id="340"><net_src comp="10" pin="0"/><net_sink comp="334" pin=2"/></net>

<net id="346"><net_src comp="36" pin="0"/><net_sink comp="341" pin=0"/></net>

<net id="347"><net_src comp="38" pin="0"/><net_sink comp="341" pin=2"/></net>

<net id="351"><net_src comp="341" pin="3"/><net_sink comp="348" pin=0"/></net>

<net id="356"><net_src comp="334" pin="3"/><net_sink comp="352" pin=0"/></net>

<net id="357"><net_src comp="348" pin="1"/><net_sink comp="352" pin=1"/></net>

<net id="362"><net_src comp="352" pin="2"/><net_sink comp="358" pin=0"/></net>

<net id="363"><net_src comp="315" pin="1"/><net_sink comp="358" pin=1"/></net>

<net id="367"><net_src comp="358" pin="2"/><net_sink comp="364" pin=0"/></net>

<net id="368"><net_src comp="364" pin="1"/><net_sink comp="100" pin=2"/></net>

<net id="373"><net_src comp="334" pin="3"/><net_sink comp="369" pin=0"/></net>

<net id="374"><net_src comp="325" pin="1"/><net_sink comp="369" pin=1"/></net>

<net id="378"><net_src comp="369" pin="2"/><net_sink comp="375" pin=0"/></net>

<net id="379"><net_src comp="375" pin="1"/><net_sink comp="107" pin=2"/></net>

<net id="384"><net_src comp="30" pin="0"/><net_sink comp="380" pin=1"/></net>

<net id="388"><net_src comp="114" pin="3"/><net_sink comp="385" pin=0"/></net>

<net id="392"><net_src comp="120" pin="3"/><net_sink comp="389" pin=0"/></net>

<net id="401"><net_src comp="16" pin="0"/><net_sink comp="396" pin=1"/></net>

<net id="402"><net_src comp="393" pin="1"/><net_sink comp="396" pin=2"/></net>

<net id="408"><net_src comp="42" pin="0"/><net_sink comp="403" pin=0"/></net>

<net id="409"><net_src comp="396" pin="3"/><net_sink comp="403" pin=1"/></net>

<net id="410"><net_src comp="44" pin="0"/><net_sink comp="403" pin=2"/></net>

<net id="414"><net_src comp="411" pin="1"/><net_sink comp="126" pin=2"/></net>

<net id="421"><net_src comp="64" pin="0"/><net_sink comp="415" pin=0"/></net>

<net id="422"><net_src comp="66" pin="0"/><net_sink comp="415" pin=2"/></net>

<net id="423"><net_src comp="68" pin="0"/><net_sink comp="415" pin=3"/></net>

<net id="430"><net_src comp="70" pin="0"/><net_sink comp="424" pin=0"/></net>

<net id="431"><net_src comp="72" pin="0"/><net_sink comp="424" pin=2"/></net>

<net id="432"><net_src comp="74" pin="0"/><net_sink comp="424" pin=3"/></net>

<net id="433"><net_src comp="424" pin="4"/><net_sink comp="133" pin=1"/></net>

<net id="438"><net_src comp="415" pin="4"/><net_sink comp="434" pin=0"/></net>

<net id="444"><net_src comp="389" pin="1"/><net_sink comp="439" pin=0"/></net>

<net id="445"><net_src comp="385" pin="1"/><net_sink comp="439" pin=1"/></net>

<net id="446"><net_src comp="403" pin="3"/><net_sink comp="439" pin=2"/></net>

<net id="447"><net_src comp="439" pin="3"/><net_sink comp="415" pin=1"/></net>

<net id="448"><net_src comp="439" pin="3"/><net_sink comp="424" pin=1"/></net>

<net id="452"><net_src comp="76" pin="1"/><net_sink comp="449" pin=0"/></net>

<net id="453"><net_src comp="449" pin="1"/><net_sink comp="164" pin=1"/></net>

<net id="454"><net_src comp="449" pin="1"/><net_sink comp="393" pin=0"/></net>

<net id="455"><net_src comp="449" pin="1"/><net_sink comp="434" pin=1"/></net>

<net id="459"><net_src comp="80" pin="1"/><net_sink comp="456" pin=0"/></net>

<net id="460"><net_src comp="456" pin="1"/><net_sink comp="159" pin=1"/></net>

<net id="461"><net_src comp="456" pin="1"/><net_sink comp="217" pin=0"/></net>

<net id="462"><net_src comp="456" pin="1"/><net_sink comp="310" pin=1"/></net>

<net id="466"><net_src comp="84" pin="1"/><net_sink comp="463" pin=0"/></net>

<net id="467"><net_src comp="463" pin="1"/><net_sink comp="154" pin=1"/></net>

<net id="468"><net_src comp="463" pin="1"/><net_sink comp="220" pin=0"/></net>

<net id="469"><net_src comp="463" pin="1"/><net_sink comp="305" pin=1"/></net>

<net id="473"><net_src comp="88" pin="1"/><net_sink comp="470" pin=0"/></net>

<net id="474"><net_src comp="470" pin="1"/><net_sink comp="149" pin=1"/></net>

<net id="475"><net_src comp="470" pin="1"/><net_sink comp="169" pin=0"/></net>

<net id="476"><net_src comp="470" pin="1"/><net_sink comp="212" pin=1"/></net>

<net id="480"><net_src comp="92" pin="1"/><net_sink comp="477" pin=0"/></net>

<net id="481"><net_src comp="477" pin="1"/><net_sink comp="144" pin=1"/></net>

<net id="482"><net_src comp="477" pin="1"/><net_sink comp="223" pin=0"/></net>

<net id="483"><net_src comp="477" pin="1"/><net_sink comp="300" pin=1"/></net>

<net id="487"><net_src comp="96" pin="1"/><net_sink comp="484" pin=0"/></net>

<net id="488"><net_src comp="484" pin="1"/><net_sink comp="139" pin=1"/></net>

<net id="489"><net_src comp="484" pin="1"/><net_sink comp="172" pin=0"/></net>

<net id="490"><net_src comp="484" pin="1"/><net_sink comp="207" pin=1"/></net>

<net id="494"><net_src comp="175" pin="2"/><net_sink comp="491" pin=0"/></net>

<net id="498"><net_src comp="187" pin="2"/><net_sink comp="495" pin=0"/></net>

<net id="499"><net_src comp="495" pin="1"/><net_sink comp="232" pin=0"/></net>

<net id="500"><net_src comp="495" pin="1"/><net_sink comp="239" pin=0"/></net>

<net id="501"><net_src comp="495" pin="1"/><net_sink comp="246" pin=0"/></net>

<net id="502"><net_src comp="495" pin="1"/><net_sink comp="269" pin=1"/></net>

<net id="506"><net_src comp="239" pin="3"/><net_sink comp="503" pin=0"/></net>

<net id="507"><net_src comp="503" pin="1"/><net_sink comp="315" pin=0"/></net>

<net id="508"><net_src comp="503" pin="1"/><net_sink comp="318" pin=1"/></net>

<net id="512"><net_src comp="269" pin="2"/><net_sink comp="509" pin=0"/></net>

<net id="513"><net_src comp="509" pin="1"/><net_sink comp="396" pin=0"/></net>

<net id="517"><net_src comp="274" pin="3"/><net_sink comp="514" pin=0"/></net>

<net id="518"><net_src comp="514" pin="1"/><net_sink comp="341" pin=1"/></net>

<net id="522"><net_src comp="282" pin="1"/><net_sink comp="519" pin=0"/></net>

<net id="523"><net_src comp="519" pin="1"/><net_sink comp="334" pin=1"/></net>

<net id="527"><net_src comp="286" pin="3"/><net_sink comp="524" pin=0"/></net>

<net id="528"><net_src comp="524" pin="1"/><net_sink comp="325" pin=0"/></net>

<net id="532"><net_src comp="294" pin="2"/><net_sink comp="529" pin=0"/></net>

<net id="533"><net_src comp="529" pin="1"/><net_sink comp="380" pin=0"/></net>

<net id="537"><net_src comp="328" pin="2"/><net_sink comp="534" pin=0"/></net>

<net id="538"><net_src comp="534" pin="1"/><net_sink comp="411" pin=0"/></net>

<net id="542"><net_src comp="100" pin="3"/><net_sink comp="539" pin=0"/></net>

<net id="543"><net_src comp="539" pin="1"/><net_sink comp="114" pin=0"/></net>

<net id="547"><net_src comp="107" pin="3"/><net_sink comp="544" pin=0"/></net>

<net id="548"><net_src comp="544" pin="1"/><net_sink comp="120" pin=0"/></net>

<net id="552"><net_src comp="380" pin="2"/><net_sink comp="549" pin=0"/></net>

<net id="556"><net_src comp="385" pin="1"/><net_sink comp="553" pin=0"/></net>

<net id="557"><net_src comp="553" pin="1"/><net_sink comp="439" pin=1"/></net>

<net id="561"><net_src comp="389" pin="1"/><net_sink comp="558" pin=0"/></net>

<net id="562"><net_src comp="558" pin="1"/><net_sink comp="439" pin=0"/></net>

<net id="566"><net_src comp="403" pin="3"/><net_sink comp="563" pin=0"/></net>

<net id="567"><net_src comp="563" pin="1"/><net_sink comp="439" pin=0"/></net>

</net_list>

</model> 
---------------- Datapath Model END ------------------

* FSMD analyzer results:
  - Output states:
	Port: KV_V | {7 }
 - Input state : 
	Port: attention_v2_pruned_Pipeline_VITIS_LOOP_105_8_VITIS_LOOP_106_9_VITIS_LOOP_108_10 : K_V | {3 4 }
	Port: attention_v2_pruned_Pipeline_VITIS_LOOP_105_8_VITIS_LOOP_106_9_VITIS_LOOP_108_10 : V_V | {3 4 }
  - Chain level:
	State 1
		store_ln0 : 1
		store_ln0 : 1
		store_ln0 : 1
		store_ln0 : 1
		store_ln0 : 1
		store_ln0 : 1
		indvar_flatten10_load : 1
		indvar_flatten26_load : 1
		icmp_ln105 : 2
		add_ln105_1 : 2
		br_ln105 : 3
		icmp_ln106 : 2
		add_ln106_1 : 2
		select_ln106_3 : 3
		store_ln105 : 3
		store_ln106 : 4
	State 2
		add_ln105 : 1
		select_ln105 : 1
		select_ln105_1 : 2
		icmp_ln108 : 1
		and_ln105 : 2
		add_ln106 : 2
		or_ln106 : 2
		select_ln106 : 2
		trunc_ln106 : 3
		select_ln106_1 : 3
		add_ln108 : 3
		store_ln105 : 3
		store_ln106 : 4
		store_ln108 : 4
	State 3
		add_ln112 : 1
		zext_ln1271 : 1
		sub_ln1271 : 2
		add_ln1271 : 3
		zext_ln1271_11 : 4
		K_V_addr : 5
		add_ln1273 : 1
		zext_ln1273 : 2
		V_V_addr : 3
		r_V : 6
		V_V_load : 4
		br_ln108 : 1
	State 4
		sext_ln1347_16 : 1
		sext_ln1347 : 1
		mul_ln1347 : 2
	State 5
	State 6
		select_ln106_2 : 1
		lhs_60 : 2
		ret_V : 3
	State 7
		KV_V_addr : 1
		sum_V : 1
		trunc_ln : 1
		store_ln112 : 2
		store_ln818 : 2


============================================================
+ Verbose Summary: Datapath Resource usage 
============================================================

* Functional unit list:
|----------|-----------------------|---------|---------|---------|
| Operation|    Functional Unit    |   DSP   |    FF   |   LUT   |
|----------|-----------------------|---------|---------|---------|
|          |   add_ln105_1_fu_181  |    0    |    0    |    12   |
|          |   add_ln106_1_fu_193  |    0    |    0    |    13   |
|          |    add_ln105_fu_226   |    0    |    0    |    13   |
|    add   |    add_ln106_fu_263   |    0    |    0    |    13   |
|          |    add_ln108_fu_294   |    0    |    0    |    13   |
|          |    add_ln112_fu_328   |    0    |    0    |    15   |
|          |   add_ln1271_fu_358   |    0    |    0    |    8    |
|          |   add_ln1273_fu_369   |    0    |    0    |    15   |
|----------|-----------------------|---------|---------|---------|
|          | select_ln106_3_fu_199 |    0    |    0    |    10   |
|          |  select_ln105_fu_232  |    0    |    0    |    5    |
|  select  | select_ln105_1_fu_239 |    0    |    0    |    4    |
|          |  select_ln106_fu_274  |    0    |    0    |    5    |
|          | select_ln106_1_fu_286 |    0    |    0    |    5    |
|          | select_ln106_2_fu_396 |    0    |    0    |    24   |
|----------|-----------------------|---------|---------|---------|
|          |   icmp_ln105_fu_175   |    0    |    0    |    12   |
|   icmp   |   icmp_ln106_fu_187   |    0    |    0    |    11   |
|          |   icmp_ln108_fu_251   |    0    |    0    |    9    |
|          |  icmp_ln108_1_fu_380  |    0    |    0    |    9    |
|----------|-----------------------|---------|---------|---------|
|    sub   |   sub_ln1271_fu_352   |    0    |    0    |    8    |
|----------|-----------------------|---------|---------|---------|
|    xor   |    xor_ln105_fu_246   |    0    |    0    |    2    |
|----------|-----------------------|---------|---------|---------|
|    and   |    and_ln105_fu_257   |    0    |    0    |    2    |
|----------|-----------------------|---------|---------|---------|
|    or    |    or_ln106_fu_269    |    0    |    0    |    2    |
|----------|-----------------------|---------|---------|---------|
|  muladd  |       grp_fu_439      |    1    |    0    |    0    |
|----------|-----------------------|---------|---------|---------|
|   trunc  |   trunc_ln106_fu_282  |    0    |    0    |    0    |
|----------|-----------------------|---------|---------|---------|
|          |   zext_ln112_fu_315   |    0    |    0    |    0    |
|          |  zext_ln112_1_fu_325  |    0    |    0    |    0    |
|   zext   |   zext_ln1271_fu_348  |    0    |    0    |    0    |
|          | zext_ln1271_11_fu_364 |    0    |    0    |    0    |
|          |   zext_ln1273_fu_375  |    0    |    0    |    0    |
|          |  zext_ln112_2_fu_411  |    0    |    0    |    0    |
|----------|-----------------------|---------|---------|---------|
|          |      tmp_s_fu_318     |    0    |    0    |    0    |
|bitconcatenate|     tmp_61_fu_334     |    0    |    0    |    0    |
|          |     tmp_62_fu_341     |    0    |    0    |    0    |
|          |     lhs_60_fu_403     |    0    |    0    |    0    |
|----------|-----------------------|---------|---------|---------|
|   sext   | sext_ln1347_16_fu_385 |    0    |    0    |    0    |
|          |   sext_ln1347_fu_389  |    0    |    0    |    0    |
|----------|-----------------------|---------|---------|---------|
|partselect|      sum_V_fu_415     |    0    |    0    |    0    |
|          |    trunc_ln_fu_424    |    0    |    0    |    0    |
|----------|-----------------------|---------|---------|---------|
|   Total  |                       |    1    |    0    |   210   |
|----------|-----------------------|---------|---------|---------|

Memories:
N/A

* Register list:
+------------------------+--------+
|                        |   FF   |
+------------------------+--------+
|    K_V_addr_reg_539    |    8   |
|    V_V_addr_reg_544    |    8   |
|    add_ln108_reg_529   |    5   |
|    add_ln112_reg_534   |    8   |
|       d2_reg_463       |    5   |
|   icmp_ln105_reg_491   |    1   |
|   icmp_ln106_reg_495   |    1   |
|  icmp_ln108_1_reg_549  |    1   |
|indvar_flatten10_reg_470|   10   |
|indvar_flatten26_reg_484|   12   |
|     lhs_60_reg_563     |   30   |
|       lhs_reg_449      |   24   |
|    or_ln106_reg_509    |    1   |
|        r_reg_477       |    4   |
| select_ln105_1_reg_503 |    4   |
| select_ln106_1_reg_524 |    5   |
|  select_ln106_reg_514  |    5   |
| sext_ln1347_16_reg_553 |   30   |
|   sext_ln1347_reg_558  |   30   |
|        t_reg_456       |    5   |
|   trunc_ln106_reg_519  |    4   |
+------------------------+--------+
|          Total         |   201  |
+------------------------+--------+

* Multiplexer (MUX) list: 
|-------------------|------|------|------|--------||---------||---------|
|        Comp       |  Pin | Size |  BW  | S x BW ||  Delay  ||   LUT   |
|-------------------|------|------|------|--------||---------||---------|
| grp_access_fu_114 |  p0  |   2  |   8  |   16   ||    9    |
| grp_access_fu_120 |  p0  |   2  |   8  |   16   ||    9    |
|     grp_fu_439    |  p0  |   3  |  16  |   48   ||    14   |
|     grp_fu_439    |  p1  |   2  |  16  |   32   ||    9    |
|-------------------|------|------|------|--------||---------||---------|
|       Total       |      |      |      |   112  ||  6.4713 ||    41   |
|-------------------|------|------|------|--------||---------||---------|



* Summary:
+-----------+--------+--------+--------+--------+
|           |   DSP  |  Delay |   FF   |   LUT  |
+-----------+--------+--------+--------+--------+
|  Function |    1   |    -   |    0   |   210  |
|   Memory  |    -   |    -   |    -   |    -   |
|Multiplexer|    -   |    6   |    -   |   41   |
|  Register |    -   |    -   |   201  |    -   |
+-----------+--------+--------+--------+--------+
|   Total   |    1   |    6   |   201  |   251  |
+-----------+--------+--------+--------+--------+
