

================================================================
== Vitis HLS Report for 'imgds_linear_dense_q16'
================================================================
* Date:           Thu Jul  2 17:15:02 2026

* Version:        2022.2 (Build 3670227 on Oct 13 2022)
* Project:        q16_s30_attn_sparse
* Solution:       solution1 (Vivado IP Flow Target)
* Product family: zynq
* Target device:  xc7z020-clg400-1


================================================================
== Performance Estimates
================================================================
+ Timing: 
    * Summary: 
    +--------+----------+----------+------------+
    |  Clock |  Target  | Estimated| Uncertainty|
    +--------+----------+----------+------------+
    |ap_clk  |  10.00 ns|  7.903 ns|     2.70 ns|
    +--------+----------+----------+------------+

+ Latency: 
    * Summary: 
    +---------+---------+----------+----------+-------+-------+---------+
    |  Latency (cycles) |  Latency (absolute) |    Interval   | Pipeline|
    |   min   |   max   |    min   |    max   |  min  |  max  |   Type  |
    +---------+---------+----------+----------+-------+-------+---------+
    |    73832|    73832|  0.738 ms|  0.738 ms|  73833|  73833|       no|
    +---------+---------+----------+----------+-------+-------+---------+

    + Detail: 
        * Instance: 
        +------------------------------------------------------------------------------+-------------------------------------------------------------------+---------+---------+-----------+-----------+-------+-------+---------+
        |                                                                              |                                                                   |  Latency (cycles) |   Latency (absolute)  |    Interval   | Pipeline|
        |                                   Instance                                   |                               Module                              |   min   |   max   |    min    |    max    |  min  |  max  |   Type  |
        +------------------------------------------------------------------------------+-------------------------------------------------------------------+---------+---------+-----------+-----------+-------+-------+---------+
        |grp_linear_attention_q16_sparse_fu_602                                        |linear_attention_q16_sparse                                        |    25624|    25624|   0.256 ms|   0.256 ms|  25624|  25624|       no|
        |grp_imgds_linear_dense_q16_Pipeline_VITIS_LOOP_248_3_fu_619                   |imgds_linear_dense_q16_Pipeline_VITIS_LOOP_248_3                   |       71|       71|   0.710 us|   0.710 us|     71|     71|       no|
        |grp_imgds_linear_dense_q16_Pipeline_VITIS_LOOP_268_4_fu_634                   |imgds_linear_dense_q16_Pipeline_VITIS_LOOP_268_4                   |     1442|     1442|  14.420 us|  14.420 us|   1442|   1442|       no|
        |grp_imgds_linear_dense_q16_Pipeline_VITIS_LOOP_281_5_fu_639                   |imgds_linear_dense_q16_Pipeline_VITIS_LOOP_281_5                   |     1442|     1442|  14.420 us|  14.420 us|   1442|   1442|       no|
        |grp_imgds_linear_dense_q16_Pipeline_VITIS_LOOP_199_3_fu_644                   |imgds_linear_dense_q16_Pipeline_VITIS_LOOP_199_3                   |       21|       21|   0.210 us|   0.210 us|     21|     21|       no|
        |grp_imgds_linear_dense_q16_Pipeline_VITIS_LOOP_219_6_fu_655                   |imgds_linear_dense_q16_Pipeline_VITIS_LOOP_219_6                   |       19|       19|   0.190 us|   0.190 us|     19|     19|       no|
        |grp_imgds_linear_dense_q16_Pipeline_VITIS_LOOP_211_5_fu_662                   |imgds_linear_dense_q16_Pipeline_VITIS_LOOP_211_5                   |       37|       37|   0.370 us|   0.370 us|     37|     37|       no|
        |grp_imgds_linear_dense_q16_Pipeline_VITIS_LOOP_286_6_VITIS_LOOP_288_7_fu_673  |imgds_linear_dense_q16_Pipeline_VITIS_LOOP_286_6_VITIS_LOOP_288_7  |      261|      261|   2.610 us|   2.610 us|    261|    261|       no|
        |grp_layer_norm_q16_fu_679                                                     |layer_norm_q16                                                     |      114|      114|   1.140 us|   1.140 us|    114|    114|       no|
        +------------------------------------------------------------------------------+-------------------------------------------------------------------+---------+---------+-----------+-----------+-------+-------+---------+

        * Loop: 
        +-------------------------------------+---------+---------+----------+-----------+-----------+------+----------+
        |                                     |  Latency (cycles) | Iteration|  Initiation Interval  | Trip |          |
        |              Loop Name              |   min   |   max   |  Latency |  achieved |   target  | Count| Pipelined|
        +-------------------------------------+---------+---------+----------+-----------+-----------+------+----------+
        |- VITIS_LOOP_245_1_VITIS_LOOP_246_2  |    20736|    20736|        81|          -|          -|   256|        no|
        |- VITIS_LOOP_194_1                   |    24176|    24176|      1511|          -|          -|    16|        no|
        | + VITIS_LOOP_197_2                  |      832|      832|        26|          -|          -|    32|        no|
        | + VITIS_LOOP_209_4                  |      656|      656|        41|          -|          -|    16|        no|
        +-------------------------------------+---------+---------+----------+-----------+-----------+------+----------+



================================================================
== Utilization Estimates
================================================================
* Summary: 
+-----------------+---------+-----+--------+-------+-----+
|       Name      | BRAM_18K| DSP |   FF   |  LUT  | URAM|
+-----------------+---------+-----+--------+-------+-----+
|DSP              |        -|   26|       -|      -|    -|
|Expression       |        -|    -|       0|    621|    -|
|FIFO             |        -|    -|       -|      -|    -|
|Instance         |       11|  130|   10962|  24139|    0|
|Memory           |        2|    -|      91|     27|    0|
|Multiplexer      |        -|    -|       -|    913|    -|
|Register         |        -|    -|     627|      -|    -|
+-----------------+---------+-----+--------+-------+-----+
|Total            |       13|  156|   11680|  25700|    0|
+-----------------+---------+-----+--------+-------+-----+
|Available        |      280|  220|  106400|  53200|    0|
+-----------------+---------+-----+--------+-------+-----+
|Utilization (%)  |        4|   70|      10|     48|    0|
+-----------------+---------+-----+--------+-------+-----+

+ Detail: 
    * Instance: 
    +------------------------------------------------------------------------------+-------------------------------------------------------------------+---------+----+------+------+-----+
    |                                   Instance                                   |                               Module                              | BRAM_18K| DSP|  FF  |  LUT | URAM|
    +------------------------------------------------------------------------------+-------------------------------------------------------------------+---------+----+------+------+-----+
    |control_s_axi_U                                                               |control_s_axi                                                      |        0|   0|   176|   296|    0|
    |fdiv_32ns_32ns_32_16_no_dsp_1_U236                                            |fdiv_32ns_32ns_32_16_no_dsp_1                                      |        0|   0|     0|     0|    0|
    |fpext_32ns_64_2_no_dsp_1_U237                                                 |fpext_32ns_64_2_no_dsp_1                                           |        0|   0|     0|     0|    0|
    |gmem0_m_axi_U                                                                 |gmem0_m_axi                                                        |        0|   0|   743|  1415|    0|
    |gmem1_m_axi_U                                                                 |gmem1_m_axi                                                        |        0|   0|   743|  1415|    0|
    |grp_imgds_linear_dense_q16_Pipeline_VITIS_LOOP_199_3_fu_644                   |imgds_linear_dense_q16_Pipeline_VITIS_LOOP_199_3                   |        1|   1|   119|   210|    0|
    |grp_imgds_linear_dense_q16_Pipeline_VITIS_LOOP_211_5_fu_662                   |imgds_linear_dense_q16_Pipeline_VITIS_LOOP_211_5                   |        1|   1|   172|   229|    0|
    |grp_imgds_linear_dense_q16_Pipeline_VITIS_LOOP_219_6_fu_655                   |imgds_linear_dense_q16_Pipeline_VITIS_LOOP_219_6                   |        0|   0|    42|    99|    0|
    |grp_imgds_linear_dense_q16_Pipeline_VITIS_LOOP_248_3_fu_619                   |imgds_linear_dense_q16_Pipeline_VITIS_LOOP_248_3                   |        1|   1|   237|   266|    0|
    |grp_imgds_linear_dense_q16_Pipeline_VITIS_LOOP_268_4_fu_634                   |imgds_linear_dense_q16_Pipeline_VITIS_LOOP_268_4                   |        0|  50|  1893|  4161|    0|
    |grp_imgds_linear_dense_q16_Pipeline_VITIS_LOOP_281_5_fu_639                   |imgds_linear_dense_q16_Pipeline_VITIS_LOOP_281_5                   |        0|  50|  1893|  4161|    0|
    |grp_imgds_linear_dense_q16_Pipeline_VITIS_LOOP_286_6_VITIS_LOOP_288_7_fu_673  |imgds_linear_dense_q16_Pipeline_VITIS_LOOP_286_6_VITIS_LOOP_288_7  |        0|   0|   232|   382|    0|
    |grp_layer_norm_q16_fu_679                                                     |layer_norm_q16                                                     |        0|   5|  1211|  2673|    0|
    |grp_linear_attention_q16_sparse_fu_602                                        |linear_attention_q16_sparse                                        |        8|  22|  3501|  8832|    0|
    +------------------------------------------------------------------------------+-------------------------------------------------------------------+---------+----+------+------+-----+
    |Total                                                                         |                                                                   |       11| 130| 10962| 24139|    0|
    +------------------------------------------------------------------------------+-------------------------------------------------------------------+---------+----+------+------+-----+

    * DSP: 
    +--------------------------------------+---------------------------------+--------------+
    |               Instance               |              Module             |  Expression  |
    +--------------------------------------+---------------------------------+--------------+
    |mac_muladd_16s_10ns_26ns_26_4_1_U226  |mac_muladd_16s_10ns_26ns_26_4_1  |  i0 + i1 * i2|
    |mac_muladd_16s_10s_25s_26_4_1_U214    |mac_muladd_16s_10s_25s_26_4_1    |  i0 + i1 * i2|
    |mac_muladd_16s_10s_26ns_26_4_1_U223   |mac_muladd_16s_10s_26ns_26_4_1   |  i0 + i1 * i2|
    |mac_muladd_16s_10s_26ns_26_4_1_U227   |mac_muladd_16s_10s_26ns_26_4_1   |  i0 + i1 * i2|
    |mac_muladd_16s_10s_26ns_26_4_1_U228   |mac_muladd_16s_10s_26ns_26_4_1   |  i0 + i1 * i2|
    |mac_muladd_16s_10s_26ns_26_4_1_U234   |mac_muladd_16s_10s_26ns_26_4_1   |  i0 + i1 * i2|
    |mac_muladd_16s_7ns_24s_25_4_1_U212    |mac_muladd_16s_7ns_24s_25_4_1    |  i0 + i1 * i2|
    |mac_muladd_16s_7ns_26s_26_4_1_U224    |mac_muladd_16s_7ns_26s_26_4_1    |  i0 + i1 * i2|
    |mac_muladd_16s_7ns_26s_26_4_1_U225    |mac_muladd_16s_7ns_26s_26_4_1    |  i0 + i1 * i2|
    |mac_muladd_16s_7ns_26s_26_4_1_U230    |mac_muladd_16s_7ns_26s_26_4_1    |  i0 + i1 * i2|
    |mac_muladd_16s_7ns_26s_26_4_1_U232    |mac_muladd_16s_7ns_26s_26_4_1    |  i0 + i1 * i2|
    |mac_muladd_16s_8ns_25s_26_4_1_U213    |mac_muladd_16s_8ns_25s_26_4_1    |  i0 + i1 * i2|
    |mac_muladd_16s_8ns_26s_26_4_1_U215    |mac_muladd_16s_8ns_26s_26_4_1    |  i0 + i1 * i2|
    |mac_muladd_16s_8ns_26s_26_4_1_U217    |mac_muladd_16s_8ns_26s_26_4_1    |  i0 + i1 * i2|
    |mac_muladd_16s_8s_26s_26_4_1_U229     |mac_muladd_16s_8s_26s_26_4_1     |  i0 + i1 * i2|
    |mac_muladd_16s_9ns_18s_25_4_1_U211    |mac_muladd_16s_9ns_18s_25_4_1    |  i0 * i1 + i2|
    |mac_muladd_16s_9ns_26ns_26_4_1_U216   |mac_muladd_16s_9ns_26ns_26_4_1   |  i0 + i1 * i2|
    |mac_muladd_16s_9ns_26ns_26_4_1_U219   |mac_muladd_16s_9ns_26ns_26_4_1   |  i0 + i1 * i2|
    |mac_muladd_16s_9ns_26ns_26_4_1_U220   |mac_muladd_16s_9ns_26ns_26_4_1   |  i0 + i1 * i2|
    |mac_muladd_16s_9ns_26ns_26_4_1_U233   |mac_muladd_16s_9ns_26ns_26_4_1   |  i0 + i1 * i2|
    |mac_muladd_16s_9ns_26ns_26_4_1_U235   |mac_muladd_16s_9ns_26ns_26_4_1   |  i0 + i1 * i2|
    |mac_muladd_16s_9s_19s_24_4_1_U210     |mac_muladd_16s_9s_19s_24_4_1     |  i0 * i1 + i2|
    |mac_muladd_16s_9s_26s_26_4_1_U218     |mac_muladd_16s_9s_26s_26_4_1     |  i0 + i1 * i2|
    |mac_muladd_16s_9s_26s_26_4_1_U221     |mac_muladd_16s_9s_26s_26_4_1     |  i0 + i1 * i2|
    |mac_muladd_16s_9s_26s_26_4_1_U222     |mac_muladd_16s_9s_26s_26_4_1     |  i0 + i1 * i2|
    |mac_muladd_16s_9s_26s_26_4_1_U231     |mac_muladd_16s_9s_26s_26_4_1     |  i0 + i1 * i2|
    +--------------------------------------+---------------------------------+--------------+

    * Memory: 
    +---------------------------------+---------------------------------------------------+---------+----+----+-----+------+-----+------+-------------+
    |              Memory             |                       Module                      | BRAM_18K| FF | LUT| URAM| Words| Bits| Banks| W*Bits*Banks|
    +---------------------------------+---------------------------------------------------+---------+----+----+-----+------+-----+------+-------------+
    |hidden_V_U                       |hidden_V_RAM_AUTO_1R1W                             |        0|  15|   8|    0|    32|   15|     1|          480|
    |input_projection_bias_V_U        |input_projection_bias_V_ROM_AUTO_1R                |        0|   9|   3|    0|    16|    9|     1|          144|
    |layers_0_feedforward_0_bias_V_U  |layers_0_feedforward_0_bias_V_ROM_AUTO_1R          |        0|  10|   5|    0|    32|   10|     1|          320|
    |layers_0_feedforward_3_bias_V_U  |layers_0_feedforward_3_bias_V_ROM_AUTO_1R          |        0|   9|   3|    0|    16|    9|     1|          144|
    |ff_out_V_U                       |linear_attention_q16_sparse_K_sum_V_RAM_AUTO_1R1W  |        0|  16|   4|    0|    16|   16|     1|          256|
    |pooled_V_U                       |pooled_V_RAM_AUTO_1R1W                             |        0|  32|   4|    0|    16|   16|     1|          256|
    |position_embedding_V_U           |position_embedding_V_ROM_AUTO_1R                   |        1|   0|   0|    0|   256|   10|     1|         2560|
    |x_V_U                            |x_V_RAM_AUTO_1R1W                                  |        1|   0|   0|    0|   256|   16|     1|         4096|
    +---------------------------------+---------------------------------------------------+---------+----+----+-----+------+-----+------+-------------+
    |Total                            |                                                   |        2|  91|  27|    0|   640|  101|     8|         8256|
    +---------------------------------+---------------------------------------------------+---------+----+----+-----+------+-----+------+-------------+

    * FIFO: 
    N/A

    * Expression: 
    +--------------------------+----------+----+---+----+------------+------------+
    |       Variable Name      | Operation| DSP| FF| LUT| Bitwidth P0| Bitwidth P1|
    +--------------------------+----------+----+---+----+------------+------------+
    |add_ln194_fu_882_p2       |         +|   0|  0|  13|           5|           1|
    |add_ln197_fu_921_p2       |         +|   0|  0|  14|           6|           1|
    |add_ln209_fu_982_p2       |         +|   0|  0|  13|           5|           1|
    |add_ln245_1_fu_764_p2     |         +|   0|  0|  71|          64|          64|
    |add_ln245_2_fu_716_p2     |         +|   0|  0|  14|           9|           1|
    |add_ln245_fu_728_p2       |         +|   0|  0|  13|           5|           1|
    |add_ln246_fu_841_p2       |         +|   0|  0|  13|           5|           1|
    |add_ln252_fu_826_p2       |         +|   0|  0|  15|           8|           8|
    |r_V_46_fu_1153_p2         |         +|   0|  0|  32|          25|          25|
    |ret_V_20_fu_1163_p2       |         +|   0|  0|  33|          26|          26|
    |ret_V_23_fu_1321_p2       |         +|   0|  0|  33|          26|          26|
    |ret_V_26_fu_1474_p2       |         +|   0|  0|  26|          26|          26|
    |ret_V_29_fu_1653_p2       |         +|   0|  0|  33|          26|          26|
    |ret_V_33_fu_1837_p2       |         +|   0|  0|  33|          26|          26|
    |ret_V_34_fu_1465_p2       |         +|   0|  0|  26|          26|          26|
    |r_V_49_fu_1311_p2         |         -|   0|  0|  31|          24|          24|
    |r_V_51_fu_1455_p2         |         -|   0|  0|  32|          25|          25|
    |r_V_52_fu_1387_p2         |         -|   0|  0|  21|          21|          21|
    |r_V_55_fu_1643_p2         |         -|   0|  0|  28|          21|          21|
    |r_V_59_fu_1827_p2         |         -|   0|  0|  30|          23|          23|
    |sub_ln1273_fu_1381_p2     |         -|   0|  0|  21|           1|          21|
    |icmp_ln194_fu_876_p2      |      icmp|   0|  0|  10|           5|           6|
    |icmp_ln197_fu_915_p2      |      icmp|   0|  0|  10|           6|           7|
    |icmp_ln209_fu_976_p2      |      icmp|   0|  0|  10|           5|           6|
    |icmp_ln245_fu_710_p2      |      icmp|   0|  0|  11|           9|          10|
    |icmp_ln246_fu_734_p2      |      icmp|   0|  0|  10|           5|           6|
    |hidden_V_d0               |    select|   0|  0|  15|           1|           1|
    |select_ln245_1_fu_740_p3  |    select|   0|  0|   5|           1|           5|
    |select_ln245_fu_804_p3    |    select|   0|  0|   5|           1|           1|
    +--------------------------+----------+----+---+----+------------+------------+
    |Total                     |          |   0|  0| 621|         436|         436|
    +--------------------------+----------+----+---+----+------------+------------+

    * Multiplexer: 
    +-----------------------+-----+-----------+-----+-----------+
    |          Name         | LUT | Input Size| Bits| Total Bits|
    +-----------------------+-----+-----------+-----+-----------+
    |ap_NS_fsm              |  249|         58|    1|         58|
    |d_10_reg_580           |    9|          2|    6|         12|
    |d_11_reg_591           |    9|          2|    5|         10|
    |d_fu_304               |    9|          2|    5|         10|
    |ff_out_V_address0      |   14|          3|    4|         12|
    |ff_out_V_ce0           |   14|          3|    1|          3|
    |ff_out_V_we0           |    9|          2|    1|          2|
    |gmem0_ARADDR           |   14|          3|   64|        192|
    |gmem0_ARLEN            |   14|          3|   32|         96|
    |gmem0_ARVALID          |   14|          3|    1|          3|
    |gmem0_RREADY           |    9|          2|    1|          2|
    |gmem0_blk_n_AR         |    9|          2|    1|          2|
    |gmem1_WDATA            |   14|          3|   16|         48|
    |gmem1_blk_n_AW         |    9|          2|    1|          2|
    |gmem1_blk_n_B          |    9|          2|    1|          2|
    |gmem1_blk_n_W          |    9|          2|    1|          2|
    |grp_fu_2640_ce         |   14|          3|    1|          3|
    |grp_fu_2640_p0         |   14|          3|   32|         96|
    |grp_fu_2640_p1         |   14|          3|   32|         96|
    |grp_fu_2644_ce         |   14|          3|    1|          3|
    |grp_fu_2644_p0         |   14|          3|   32|         96|
    |hidden_V_address0      |   14|          3|    5|         15|
    |hidden_V_ce0           |   14|          3|    1|          3|
    |indvar_flatten_fu_312  |    9|          2|    9|         18|
    |pooled_V_address0      |   93|         19|    4|         76|
    |pooled_V_ce0           |   20|          4|    1|          4|
    |pooled_V_ce1           |    9|          2|    1|          2|
    |pooled_V_d0            |   14|          3|   16|         48|
    |pooled_V_we0           |   14|          3|    1|          3|
    |pos_fu_336             |    9|          2|    5|         10|
    |s_fu_308               |    9|          2|    5|         10|
    |x_V_address0           |   42|          8|    8|         64|
    |x_V_address1           |   25|          5|    8|         40|
    |x_V_ce0                |   42|          8|    1|          8|
    |x_V_ce1                |   25|          5|    1|          5|
    |x_V_d0                 |   31|          6|   16|         96|
    |x_V_d1                 |   14|          3|   16|         48|
    |x_V_we0                |   31|          6|    1|          6|
    |x_V_we1                |   14|          3|    1|          3|
    +-----------------------+-----+-----------+-----+-----------+
    |Total                  |  913|        196|  339|       1209|
    +-----------------------+-----+-----------+-----+-----------+

    * Register: 
    +-------------------------------------------------------------------------------------------+----+----+-----+-----------+
    |                                            Name                                           | FF | LUT| Bits| Const Bits|
    +-------------------------------------------------------------------------------------------+----+----+-----+-----------+
    |add_ln194_reg_2205                                                                         |   5|   0|    5|          0|
    |add_ln197_reg_2226                                                                         |   6|   0|    6|          0|
    |add_ln209_reg_2264                                                                         |   5|   0|    5|          0|
    |add_ln252_reg_2167                                                                         |   8|   0|    8|          0|
    |ap_CS_fsm                                                                                  |  57|   0|   57|          0|
    |d_10_reg_580                                                                               |   6|   0|    6|          0|
    |d_11_reg_591                                                                               |   5|   0|    5|          0|
    |d_fu_304                                                                                   |   5|   0|    5|          0|
    |empty_71_reg_2177                                                                          |   4|   0|    4|          0|
    |empty_77_reg_2241                                                                          |   5|   0|    5|          0|
    |gmem1_addr_reg_2216                                                                        |  64|   0|   64|          0|
    |grp_imgds_linear_dense_q16_Pipeline_VITIS_LOOP_199_3_fu_644_ap_start_reg                   |   1|   0|    1|          0|
    |grp_imgds_linear_dense_q16_Pipeline_VITIS_LOOP_211_5_fu_662_ap_start_reg                   |   1|   0|    1|          0|
    |grp_imgds_linear_dense_q16_Pipeline_VITIS_LOOP_219_6_fu_655_ap_start_reg                   |   1|   0|    1|          0|
    |grp_imgds_linear_dense_q16_Pipeline_VITIS_LOOP_248_3_fu_619_ap_start_reg                   |   1|   0|    1|          0|
    |grp_imgds_linear_dense_q16_Pipeline_VITIS_LOOP_268_4_fu_634_ap_start_reg                   |   1|   0|    1|          0|
    |grp_imgds_linear_dense_q16_Pipeline_VITIS_LOOP_281_5_fu_639_ap_start_reg                   |   1|   0|    1|          0|
    |grp_imgds_linear_dense_q16_Pipeline_VITIS_LOOP_286_6_VITIS_LOOP_288_7_fu_673_ap_start_reg  |   1|   0|    1|          0|
    |grp_layer_norm_q16_fu_679_ap_start_reg                                                     |   1|   0|    1|          0|
    |grp_linear_attention_q16_sparse_fu_602_ap_start_reg                                        |   1|   0|    1|          0|
    |icmp_ln246_reg_2139                                                                        |   1|   0|    1|          0|
    |indvar_flatten_fu_312                                                                      |   9|   0|    9|          0|
    |input_r_read_reg_2122                                                                      |  64|   0|   64|          0|
    |logits_read_reg_2117                                                                       |  64|   0|   64|          0|
    |pos_fu_336                                                                                 |   5|   0|    5|          0|
    |position_embedding_V_load_reg_2197                                                         |  10|   0|   10|          0|
    |r_V_52_reg_2471                                                                            |  21|   0|   21|          0|
    |reg_688                                                                                    |  16|   0|   16|          0|
    |s_V_5_reg_2251                                                                             |  10|   0|   14|          4|
    |s_V_6_reg_2280                                                                             |   9|   0|    9|          0|
    |s_V_7_reg_2285                                                                             |   9|   0|   13|          4|
    |s_V_reg_2246                                                                               |  10|   0|   10|          0|
    |s_fu_308                                                                                   |   5|   0|    5|          0|
    |sext_ln248_mid2_v_reg_2149                                                                 |  63|   0|   63|          0|
    |sum_V_2_reg_2187                                                                           |   9|   0|   13|          4|
    |tmp_56_reg_2381                                                                            |  20|   0|   20|          0|
    |tmp_59_reg_2446                                                                            |  20|   0|   20|          0|
    |tmp_61_reg_2492                                                                            |  20|   0|   20|          0|
    |tmp_64_reg_2574                                                                            |  20|   0|   20|          0|
    |tmp_68_reg_2210                                                                            |   4|   0|    8|          4|
    |tmp_69_reg_2256                                                                            |   5|   0|    9|          4|
    |tmp_70_reg_2290                                                                            |   4|   0|    9|          5|
    |tmp_s_reg_2192                                                                             |   4|   0|   10|          6|
    |trunc_ln209_reg_2269                                                                       |   4|   0|    4|          0|
    |trunc_ln252_reg_2144                                                                       |   4|   0|    4|          0|
    |trunc_ln818_23_reg_2630                                                                    |  16|   0|   16|          0|
    |trunc_ln_reg_2635                                                                          |  16|   0|   16|          0|
    |zext_ln197_reg_2231                                                                        |   6|   0|   64|         58|
    +-------------------------------------------------------------------------------------------+----+----+-----+-----------+
    |Total                                                                                      | 627|   0|  716|         89|
    +-------------------------------------------------------------------------------------------+----+----+-----+-----------+



================================================================
== Interface
================================================================
* Summary: 
+-----------------------+-----+-----+------------+------------------------+--------------+
|       RTL Ports       | Dir | Bits|  Protocol  |      Source Object     |    C Type    |
+-----------------------+-----+-----+------------+------------------------+--------------+
|s_axi_control_AWVALID  |   in|    1|       s_axi|                 control|        scalar|
|s_axi_control_AWREADY  |  out|    1|       s_axi|                 control|        scalar|
|s_axi_control_AWADDR   |   in|    6|       s_axi|                 control|        scalar|
|s_axi_control_WVALID   |   in|    1|       s_axi|                 control|        scalar|
|s_axi_control_WREADY   |  out|    1|       s_axi|                 control|        scalar|
|s_axi_control_WDATA    |   in|   32|       s_axi|                 control|        scalar|
|s_axi_control_WSTRB    |   in|    4|       s_axi|                 control|        scalar|
|s_axi_control_ARVALID  |   in|    1|       s_axi|                 control|        scalar|
|s_axi_control_ARREADY  |  out|    1|       s_axi|                 control|        scalar|
|s_axi_control_ARADDR   |   in|    6|       s_axi|                 control|        scalar|
|s_axi_control_RVALID   |  out|    1|       s_axi|                 control|        scalar|
|s_axi_control_RREADY   |   in|    1|       s_axi|                 control|        scalar|
|s_axi_control_RDATA    |  out|   32|       s_axi|                 control|        scalar|
|s_axi_control_RRESP    |  out|    2|       s_axi|                 control|        scalar|
|s_axi_control_BVALID   |  out|    1|       s_axi|                 control|        scalar|
|s_axi_control_BREADY   |   in|    1|       s_axi|                 control|        scalar|
|s_axi_control_BRESP    |  out|    2|       s_axi|                 control|        scalar|
|ap_clk                 |   in|    1|  ap_ctrl_hs|  imgds_linear_dense_q16|  return value|
|ap_rst_n               |   in|    1|  ap_ctrl_hs|  imgds_linear_dense_q16|  return value|
|interrupt              |  out|    1|  ap_ctrl_hs|  imgds_linear_dense_q16|  return value|
|m_axi_gmem0_AWVALID    |  out|    1|       m_axi|                   gmem0|       pointer|
|m_axi_gmem0_AWREADY    |   in|    1|       m_axi|                   gmem0|       pointer|
|m_axi_gmem0_AWADDR     |  out|   64|       m_axi|                   gmem0|       pointer|
|m_axi_gmem0_AWID       |  out|    1|       m_axi|                   gmem0|       pointer|
|m_axi_gmem0_AWLEN      |  out|    8|       m_axi|                   gmem0|       pointer|
|m_axi_gmem0_AWSIZE     |  out|    3|       m_axi|                   gmem0|       pointer|
|m_axi_gmem0_AWBURST    |  out|    2|       m_axi|                   gmem0|       pointer|
|m_axi_gmem0_AWLOCK     |  out|    2|       m_axi|                   gmem0|       pointer|
|m_axi_gmem0_AWCACHE    |  out|    4|       m_axi|                   gmem0|       pointer|
|m_axi_gmem0_AWPROT     |  out|    3|       m_axi|                   gmem0|       pointer|
|m_axi_gmem0_AWQOS      |  out|    4|       m_axi|                   gmem0|       pointer|
|m_axi_gmem0_AWREGION   |  out|    4|       m_axi|                   gmem0|       pointer|
|m_axi_gmem0_AWUSER     |  out|    1|       m_axi|                   gmem0|       pointer|
|m_axi_gmem0_WVALID     |  out|    1|       m_axi|                   gmem0|       pointer|
|m_axi_gmem0_WREADY     |   in|    1|       m_axi|                   gmem0|       pointer|
|m_axi_gmem0_WDATA      |  out|   32|       m_axi|                   gmem0|       pointer|
|m_axi_gmem0_WSTRB      |  out|    4|       m_axi|                   gmem0|       pointer|
|m_axi_gmem0_WLAST      |  out|    1|       m_axi|                   gmem0|       pointer|
|m_axi_gmem0_WID        |  out|    1|       m_axi|                   gmem0|       pointer|
|m_axi_gmem0_WUSER      |  out|    1|       m_axi|                   gmem0|       pointer|
|m_axi_gmem0_ARVALID    |  out|    1|       m_axi|                   gmem0|       pointer|
|m_axi_gmem0_ARREADY    |   in|    1|       m_axi|                   gmem0|       pointer|
|m_axi_gmem0_ARADDR     |  out|   64|       m_axi|                   gmem0|       pointer|
|m_axi_gmem0_ARID       |  out|    1|       m_axi|                   gmem0|       pointer|
|m_axi_gmem0_ARLEN      |  out|    8|       m_axi|                   gmem0|       pointer|
|m_axi_gmem0_ARSIZE     |  out|    3|       m_axi|                   gmem0|       pointer|
|m_axi_gmem0_ARBURST    |  out|    2|       m_axi|                   gmem0|       pointer|
|m_axi_gmem0_ARLOCK     |  out|    2|       m_axi|                   gmem0|       pointer|
|m_axi_gmem0_ARCACHE    |  out|    4|       m_axi|                   gmem0|       pointer|
|m_axi_gmem0_ARPROT     |  out|    3|       m_axi|                   gmem0|       pointer|
|m_axi_gmem0_ARQOS      |  out|    4|       m_axi|                   gmem0|       pointer|
|m_axi_gmem0_ARREGION   |  out|    4|       m_axi|                   gmem0|       pointer|
|m_axi_gmem0_ARUSER     |  out|    1|       m_axi|                   gmem0|       pointer|
|m_axi_gmem0_RVALID     |   in|    1|       m_axi|                   gmem0|       pointer|
|m_axi_gmem0_RREADY     |  out|    1|       m_axi|                   gmem0|       pointer|
|m_axi_gmem0_RDATA      |   in|   32|       m_axi|                   gmem0|       pointer|
|m_axi_gmem0_RLAST      |   in|    1|       m_axi|                   gmem0|       pointer|
|m_axi_gmem0_RID        |   in|    1|       m_axi|                   gmem0|       pointer|
|m_axi_gmem0_RUSER      |   in|    1|       m_axi|                   gmem0|       pointer|
|m_axi_gmem0_RRESP      |   in|    2|       m_axi|                   gmem0|       pointer|
|m_axi_gmem0_BVALID     |   in|    1|       m_axi|                   gmem0|       pointer|
|m_axi_gmem0_BREADY     |  out|    1|       m_axi|                   gmem0|       pointer|
|m_axi_gmem0_BRESP      |   in|    2|       m_axi|                   gmem0|       pointer|
|m_axi_gmem0_BID        |   in|    1|       m_axi|                   gmem0|       pointer|
|m_axi_gmem0_BUSER      |   in|    1|       m_axi|                   gmem0|       pointer|
|m_axi_gmem1_AWVALID    |  out|    1|       m_axi|                   gmem1|       pointer|
|m_axi_gmem1_AWREADY    |   in|    1|       m_axi|                   gmem1|       pointer|
|m_axi_gmem1_AWADDR     |  out|   64|       m_axi|                   gmem1|       pointer|
|m_axi_gmem1_AWID       |  out|    1|       m_axi|                   gmem1|       pointer|
|m_axi_gmem1_AWLEN      |  out|    8|       m_axi|                   gmem1|       pointer|
|m_axi_gmem1_AWSIZE     |  out|    3|       m_axi|                   gmem1|       pointer|
|m_axi_gmem1_AWBURST    |  out|    2|       m_axi|                   gmem1|       pointer|
|m_axi_gmem1_AWLOCK     |  out|    2|       m_axi|                   gmem1|       pointer|
|m_axi_gmem1_AWCACHE    |  out|    4|       m_axi|                   gmem1|       pointer|
|m_axi_gmem1_AWPROT     |  out|    3|       m_axi|                   gmem1|       pointer|
|m_axi_gmem1_AWQOS      |  out|    4|       m_axi|                   gmem1|       pointer|
|m_axi_gmem1_AWREGION   |  out|    4|       m_axi|                   gmem1|       pointer|
|m_axi_gmem1_AWUSER     |  out|    1|       m_axi|                   gmem1|       pointer|
|m_axi_gmem1_WVALID     |  out|    1|       m_axi|                   gmem1|       pointer|
|m_axi_gmem1_WREADY     |   in|    1|       m_axi|                   gmem1|       pointer|
|m_axi_gmem1_WDATA      |  out|   32|       m_axi|                   gmem1|       pointer|
|m_axi_gmem1_WSTRB      |  out|    4|       m_axi|                   gmem1|       pointer|
|m_axi_gmem1_WLAST      |  out|    1|       m_axi|                   gmem1|       pointer|
|m_axi_gmem1_WID        |  out|    1|       m_axi|                   gmem1|       pointer|
|m_axi_gmem1_WUSER      |  out|    1|       m_axi|                   gmem1|       pointer|
|m_axi_gmem1_ARVALID    |  out|    1|       m_axi|                   gmem1|       pointer|
|m_axi_gmem1_ARREADY    |   in|    1|       m_axi|                   gmem1|       pointer|
|m_axi_gmem1_ARADDR     |  out|   64|       m_axi|                   gmem1|       pointer|
|m_axi_gmem1_ARID       |  out|    1|       m_axi|                   gmem1|       pointer|
|m_axi_gmem1_ARLEN      |  out|    8|       m_axi|                   gmem1|       pointer|
|m_axi_gmem1_ARSIZE     |  out|    3|       m_axi|                   gmem1|       pointer|
|m_axi_gmem1_ARBURST    |  out|    2|       m_axi|                   gmem1|       pointer|
|m_axi_gmem1_ARLOCK     |  out|    2|       m_axi|                   gmem1|       pointer|
|m_axi_gmem1_ARCACHE    |  out|    4|       m_axi|                   gmem1|       pointer|
|m_axi_gmem1_ARPROT     |  out|    3|       m_axi|                   gmem1|       pointer|
|m_axi_gmem1_ARQOS      |  out|    4|       m_axi|                   gmem1|       pointer|
|m_axi_gmem1_ARREGION   |  out|    4|       m_axi|                   gmem1|       pointer|
|m_axi_gmem1_ARUSER     |  out|    1|       m_axi|                   gmem1|       pointer|
|m_axi_gmem1_RVALID     |   in|    1|       m_axi|                   gmem1|       pointer|
|m_axi_gmem1_RREADY     |  out|    1|       m_axi|                   gmem1|       pointer|
|m_axi_gmem1_RDATA      |   in|   32|       m_axi|                   gmem1|       pointer|
|m_axi_gmem1_RLAST      |   in|    1|       m_axi|                   gmem1|       pointer|
|m_axi_gmem1_RID        |   in|    1|       m_axi|                   gmem1|       pointer|
|m_axi_gmem1_RUSER      |   in|    1|       m_axi|                   gmem1|       pointer|
|m_axi_gmem1_RRESP      |   in|    2|       m_axi|                   gmem1|       pointer|
|m_axi_gmem1_BVALID     |   in|    1|       m_axi|                   gmem1|       pointer|
|m_axi_gmem1_BREADY     |  out|    1|       m_axi|                   gmem1|       pointer|
|m_axi_gmem1_BRESP      |   in|    2|       m_axi|                   gmem1|       pointer|
|m_axi_gmem1_BID        |   in|    1|       m_axi|                   gmem1|       pointer|
|m_axi_gmem1_BUSER      |   in|    1|       m_axi|                   gmem1|       pointer|
+-----------------------+-----+-----+------------+------------------------+--------------+

