

================================================================
== Vitis HLS Report for 'linear_attention_small_a_Pipeline_VITIS_LOOP_96_11_VITIS_LOOP_98_12'
================================================================
* Date:           Wed Jul  1 21:19:10 2026

* Version:        2022.2 (Build 3670227 on Oct 13 2022)
* Project:        imgds_linear_small_a_axi
* Solution:       solution1 (Vivado IP Flow Target)
* Product family: zynq
* Target device:  xc7z020-clg400-1


================================================================
== Performance Estimates
================================================================
+ Timing: 
    * Summary: 
    +--------+----------+----------+------------+
    |  Clock |  Target  | Estimated| Uncertainty|
    +--------+----------+----------+------------+
    |ap_clk  |  10.00 ns|  6.923 ns|     2.70 ns|
    +--------+----------+----------+------------+

+ Latency: 
    * Summary: 
    +---------+---------+----------+----------+-----+-----+---------+
    |  Latency (cycles) |  Latency (absolute) |  Interval | Pipeline|
    |   min   |   max   |    min   |    max   | min | max |   Type  |
    +---------+---------+----------+----------+-----+-----+---------+
    |      153|      153|  1.530 us|  1.530 us|  153|  153|       no|
    +---------+---------+----------+----------+-----+-----+---------+

    + Detail: 
        * Instance: 
        N/A

        * Loop: 
        +-------------------------------------+---------+---------+----------+-----------+-----------+------+----------+
        |                                     |  Latency (cycles) | Iteration|  Initiation Interval  | Trip |          |
        |              Loop Name              |   min   |   max   |  Latency |  achieved |   target  | Count| Pipelined|
        +-------------------------------------+---------+---------+----------+-----------+-----------+------+----------+
        |- VITIS_LOOP_96_11_VITIS_LOOP_98_12  |      151|      151|         9|          1|          1|   144|       yes|
        +-------------------------------------+---------+---------+----------+-----------+-----------+------+----------+



================================================================
== Utilization Estimates
================================================================
* Summary: 
+-----------------+---------+-----+--------+-------+-----+
|       Name      | BRAM_18K| DSP |   FF   |  LUT  | URAM|
+-----------------+---------+-----+--------+-------+-----+
|DSP              |        -|    2|       -|      -|    -|
|Expression       |        -|    -|       0|    135|    -|
|FIFO             |        -|    -|       -|      -|    -|
|Instance         |        -|    -|       -|      -|    -|
|Memory           |        -|    -|       -|      -|    -|
|Multiplexer      |        -|    -|       -|     90|    -|
|Register         |        -|    -|     289|     96|    -|
+-----------------+---------+-----+--------+-------+-----+
|Total            |        0|    2|     289|    321|    0|
+-----------------+---------+-----+--------+-------+-----+
|Available        |      280|  220|  106400|  53200|    0|
+-----------------+---------+-----+--------+-------+-----+
|Utilization (%)  |        0|   ~0|      ~0|     ~0|    0|
+-----------------+---------+-----+--------+-------+-----+

+ Detail: 
    * Instance: 
    N/A

    * DSP: 
    +------------------------------------+--------------------------------+--------------+
    |              Instance              |             Module             |  Expression  |
    +------------------------------------+--------------------------------+--------------+
    |mac_muladd_16s_16s_30ns_30_4_1_U38  |mac_muladd_16s_16s_30ns_30_4_1  |  i0 + i1 * i2|
    |mul_mul_24s_16s_30_4_1_U39          |mul_mul_24s_16s_30_4_1          |       i0 * i1|
    +------------------------------------+--------------------------------+--------------+

    * Memory: 
    N/A

    * FIFO: 
    N/A

    * Expression: 
    +-------------------------+----------+----+---+----+------------+------------+
    |      Variable Name      | Operation| DSP| FF| LUT| Bitwidth P0| Bitwidth P1|
    +-------------------------+----------+----+---+----+------------+------------+
    |add_ln1271_fu_241_p2     |         +|   0|  0|  15|           8|           8|
    |add_ln1273_fu_275_p2     |         +|   0|  0|   8|           8|           8|
    |add_ln96_1_fu_168_p2     |         +|   0|  0|  15|           8|           1|
    |add_ln96_fu_180_p2       |         +|   0|  0|  13|           4|           1|
    |add_ln98_fu_208_p2       |         +|   0|  0|  13|           4|           1|
    |sub_ln1273_fu_269_p2     |         -|   0|  0|   8|           8|           8|
    |icmp_ln96_fu_162_p2      |      icmp|   0|  0|  11|           8|           8|
    |icmp_ln98_1_fu_214_p2    |      icmp|   0|  0|   9|           4|           4|
    |icmp_ln98_fu_186_p2      |      icmp|   0|  0|   9|           4|           4|
    |select_ln96_1_fu_200_p3  |    select|   0|  0|   4|           1|           4|
    |select_ln96_2_fu_297_p3  |    select|   0|  0|  24|           1|           1|
    |select_ln96_fu_192_p3    |    select|   0|  0|   4|           1|           1|
    |ap_enable_pp0            |       xor|   0|  0|   2|           1|           2|
    +-------------------------+----------+----+---+----+------------+------------+
    |Total                    |          |   0|  0| 135|          60|          51|
    +-------------------------+----------+----+---+----+------------+------------+

    * Multiplexer: 
    +----------------------------------------+----+-----------+-----+-----------+
    |                  Name                  | LUT| Input Size| Bits| Total Bits|
    +----------------------------------------+----+-----------+-----+-----------+
    |ap_done_int                             |   9|          2|    1|          2|
    |ap_enable_reg_pp0_iter1                 |   9|          2|    1|          2|
    |ap_sig_allocacmp_d1_load                |   9|          2|    4|          8|
    |ap_sig_allocacmp_d2_load                |   9|          2|    4|          8|
    |ap_sig_allocacmp_indvar_flatten33_load  |   9|          2|    8|         16|
    |ap_sig_allocacmp_r_V_load               |   9|          2|   24|         48|
    |d1_fu_72                                |   9|          2|    4|          8|
    |d2_fu_76                                |   9|          2|    4|          8|
    |indvar_flatten33_fu_80                  |   9|          2|    8|         16|
    |r_V_fu_68                               |   9|          2|   24|         48|
    +----------------------------------------+----+-----------+-----+-----------+
    |Total                                   |  90|         20|   82|        164|
    +----------------------------------------+----+-----------+-----+-----------+

    * Register: 
    +----------------------------------+----+----+-----+-----------+
    |               Name               | FF | LUT| Bits| Const Bits|
    +----------------------------------+----+----+-----+-----------+
    |ap_CS_fsm                         |   1|   0|    1|          0|
    |ap_done_reg                       |   1|   0|    1|          0|
    |ap_enable_reg_pp0_iter1           |   1|   0|    1|          0|
    |ap_enable_reg_pp0_iter2           |   1|   0|    1|          0|
    |ap_enable_reg_pp0_iter3           |   1|   0|    1|          0|
    |ap_enable_reg_pp0_iter4           |   1|   0|    1|          0|
    |ap_enable_reg_pp0_iter5           |   1|   0|    1|          0|
    |ap_enable_reg_pp0_iter6           |   1|   0|    1|          0|
    |ap_enable_reg_pp0_iter7           |   1|   0|    1|          0|
    |ap_enable_reg_pp0_iter8           |   1|   0|    1|          0|
    |ap_loop_exit_ready_pp0_iter1_reg  |   1|   0|    1|          0|
    |ap_loop_exit_ready_pp0_iter2_reg  |   1|   0|    1|          0|
    |ap_loop_exit_ready_pp0_iter3_reg  |   1|   0|    1|          0|
    |ap_loop_exit_ready_pp0_iter4_reg  |   1|   0|    1|          0|
    |ap_loop_exit_ready_pp0_iter5_reg  |   1|   0|    1|          0|
    |ap_loop_exit_ready_pp0_iter6_reg  |   1|   0|    1|          0|
    |ap_loop_exit_ready_pp0_iter7_reg  |   1|   0|    1|          0|
    |d1_fu_72                          |   4|   0|    4|          0|
    |d2_fu_76                          |   4|   0|    4|          0|
    |icmp_ln98_1_reg_419               |   1|   0|    1|          0|
    |icmp_ln98_reg_401                 |   1|   0|    1|          0|
    |indvar_flatten33_fu_80            |   8|   0|    8|          0|
    |r_V_fu_68                         |  24|   0|   24|          0|
    |select_ln96_1_reg_413             |   4|   0|    4|          0|
    |select_ln96_reg_406               |   4|   0|    4|          0|
    |sext_ln1270_2_cast_reg_392        |  30|   0|   30|          0|
    |icmp_ln98_1_reg_419               |  64|  32|    1|          0|
    |icmp_ln98_reg_401                 |  64|  32|    1|          0|
    |select_ln96_1_reg_413             |  64|  32|    4|          0|
    +----------------------------------+----+----+-----+-----------+
    |Total                             | 289|  96|  103|          0|
    +----------------------------------+----+----+-----+-----------+



================================================================
== Interface
================================================================
* Summary: 
+---------------------+-----+-----+------------+---------------------------------------------------------------------+--------------+
|      RTL Ports      | Dir | Bits|  Protocol  |                            Source Object                            |    C Type    |
+---------------------+-----+-----+------------+---------------------------------------------------------------------+--------------+
|ap_clk               |   in|    1|  ap_ctrl_hs|  linear_attention_small_a_Pipeline_VITIS_LOOP_96_11_VITIS_LOOP_98_12|  return value|
|ap_rst               |   in|    1|  ap_ctrl_hs|  linear_attention_small_a_Pipeline_VITIS_LOOP_96_11_VITIS_LOOP_98_12|  return value|
|ap_start             |   in|    1|  ap_ctrl_hs|  linear_attention_small_a_Pipeline_VITIS_LOOP_96_11_VITIS_LOOP_98_12|  return value|
|ap_done              |  out|    1|  ap_ctrl_hs|  linear_attention_small_a_Pipeline_VITIS_LOOP_96_11_VITIS_LOOP_98_12|  return value|
|ap_idle              |  out|    1|  ap_ctrl_hs|  linear_attention_small_a_Pipeline_VITIS_LOOP_96_11_VITIS_LOOP_98_12|  return value|
|ap_ready             |  out|    1|  ap_ctrl_hs|  linear_attention_small_a_Pipeline_VITIS_LOOP_96_11_VITIS_LOOP_98_12|  return value|
|sub_ln813            |   in|    8|     ap_none|                                                            sub_ln813|        scalar|
|Q_V_address0         |  out|    8|   ap_memory|                                                                  Q_V|         array|
|Q_V_ce0              |  out|    1|   ap_memory|                                                                  Q_V|         array|
|Q_V_q0               |   in|   16|   ap_memory|                                                                  Q_V|         array|
|KV_V_address0        |  out|    8|   ap_memory|                                                                 KV_V|         array|
|KV_V_ce0             |  out|    1|   ap_memory|                                                                 KV_V|         array|
|KV_V_q0              |   in|   16|   ap_memory|                                                                 KV_V|         array|
|sext_ln1270_2        |   in|   16|     ap_none|                                                        sext_ln1270_2|        scalar|
|attended_V_address0  |  out|    4|   ap_memory|                                                           attended_V|         array|
|attended_V_ce0       |  out|    1|   ap_memory|                                                           attended_V|         array|
|attended_V_we0       |  out|    1|   ap_memory|                                                           attended_V|         array|
|attended_V_d0        |  out|   16|   ap_memory|                                                           attended_V|         array|
+---------------------+-----+-----+------------+---------------------------------------------------------------------+--------------+

