

================================================================
== Vitis HLS Report for 'q16_esla_k13_Pipeline_VITIS_LOOP_70_6'
================================================================
* Date:           Fri Jul  3 13:39:58 2026

* Version:        2022.2 (Build 3670227 on Oct 13 2022)
* Project:        q16_esla_k13_csynth
* Solution:       solution1 (Vivado IP Flow Target)
* Product family: zynq
* Target device:  xc7z020-clg400-1


================================================================
== Performance Estimates
================================================================
+ Timing: 
    * Summary: 
    +--------+----------+----------+------------+
    |  Clock |  Target  | Estimated| Uncertainty|
    +--------+----------+----------+------------+
    |ap_clk  |  10.00 ns|  7.300 ns|     2.70 ns|
    +--------+----------+----------+------------+

+ Latency: 
    * Summary: 
    +---------+---------+----------+----------+-----+-----+---------+
    |  Latency (cycles) |  Latency (absolute) |  Interval | Pipeline|
    |   min   |   max   |    min   |    max   | min | max |   Type  |
    +---------+---------+----------+----------+-----+-----+---------+
    |        ?|        ?|         ?|         ?|    ?|    ?|       no|
    +---------+---------+----------+----------+-----+-----+---------+

    + Detail: 
        * Instance: 
        N/A

        * Loop: 
        +-------------------+---------+---------+----------+-----------+-----------+------+----------+
        |                   |  Latency (cycles) | Iteration|  Initiation Interval  | Trip |          |
        |     Loop Name     |   min   |   max   |  Latency |  achieved |   target  | Count| Pipelined|
        +-------------------+---------+---------+----------+-----------+-----------+------+----------+
        |- VITIS_LOOP_70_6  |        ?|        ?|        17|         16|          1|     ?|       yes|
        +-------------------+---------+---------+----------+-----------+-----------+------+----------+



================================================================
== Utilization Estimates
================================================================
* Summary: 
+-----------------+---------+-----+--------+-------+-----+
|       Name      | BRAM_18K| DSP |   FF   |  LUT  | URAM|
+-----------------+---------+-----+--------+-------+-----+
|DSP              |        -|    -|       -|      -|    -|
|Expression       |        -|    -|       0|    312|    -|
|FIFO             |        -|    -|       -|      -|    -|
|Instance         |        -|    -|       -|      -|    -|
|Memory           |        -|    -|       -|      -|    -|
|Multiplexer      |        -|    -|       -|    163|    -|
|Register         |        -|    -|     405|      -|    -|
+-----------------+---------+-----+--------+-------+-----+
|Total            |        0|    0|     405|    475|    0|
+-----------------+---------+-----+--------+-------+-----+
|Available        |      280|  220|  106400|  53200|    0|
+-----------------+---------+-----+--------+-------+-----+
|Utilization (%)  |        0|    0|      ~0|     ~0|    0|
+-----------------+---------+-----+--------+-------+-----+

+ Detail: 
    * Instance: 
    N/A

    * DSP: 
    N/A

    * Memory: 
    N/A

    * FIFO: 
    N/A

    * Expression: 
    +------------------------------------+----------+----+---+----+------------+------------+
    |            Variable Name           | Operation| DSP| FF| LUT| Bitwidth P0| Bitwidth P1|
    +------------------------------------+----------+----+---+----+------------+------------+
    |add_ln70_fu_161_p2                  |         +|   0|  0|  71|          64|          64|
    |add_ln71_1_fu_195_p2                |         +|   0|  0|  64|          64|          64|
    |add_ln71_fu_190_p2                  |         +|   0|  0|  64|          64|           3|
    |add_ln72_fu_220_p2                  |         +|   0|  0|  71|          64|           2|
    |ap_block_pp0_stage0_11001           |       and|   0|  0|   2|           1|           1|
    |ap_block_pp0_stage10_11001          |       and|   0|  0|   2|           1|           1|
    |ap_block_pp0_stage11_11001          |       and|   0|  0|   2|           1|           1|
    |ap_block_pp0_stage1_11001           |       and|   0|  0|   2|           1|           1|
    |ap_block_pp0_stage8_11001           |       and|   0|  0|   2|           1|           1|
    |ap_block_state10_pp0_stage8_iter0   |       and|   0|  0|   2|           1|           1|
    |ap_block_state12_io                 |       and|   0|  0|   2|           1|           1|
    |ap_block_state13_io                 |       and|   0|  0|   2|           1|           1|
    |ap_block_state3_io                  |       and|   0|  0|   2|           1|           1|
    |ap_predicate_op56_writereq_state12  |       and|   0|  0|   2|           1|           1|
    |ap_predicate_tran11to19_state11     |       and|   0|  0|   2|           1|           1|
    |icmp_ln70_fu_186_p2                 |      icmp|   0|  0|  18|          32|          32|
    |ap_enable_pp0                       |       xor|   0|  0|   2|           1|           2|
    +------------------------------------+----------+----+---+----+------------+------------+
    |Total                               |          |   0|  0| 312|         300|         178|
    +------------------------------------+----------+----+---+----+------------+------------+

    * Multiplexer: 
    +-------------------------+-----+-----------+-----+-----------+
    |           Name          | LUT | Input Size| Bits| Total Bits|
    +-------------------------+-----+-----------+-----+-----------+
    |ap_NS_fsm                |  100|         20|    1|         20|
    |ap_enable_reg_pp0_iter1  |    9|          2|    1|          2|
    |gmem2_blk_n_AR           |    9|          2|    1|          2|
    |gmem2_blk_n_AW           |    9|          2|    1|          2|
    |gmem2_blk_n_B            |    9|          2|    1|          2|
    |gmem2_blk_n_R            |    9|          2|    1|          2|
    |gmem2_blk_n_W            |    9|          2|    1|          2|
    |j_fu_74                  |    9|          2|   64|        128|
    +-------------------------+-----+-----------+-----+-----------+
    |Total                    |  163|         34|   71|        160|
    +-------------------------+-----+-----------+-----+-----------+

    * Register: 
    +-------------------------+----+----+-----+-----------+
    |           Name          | FF | LUT| Bits| Const Bits|
    +-------------------------+----+----+-----+-----------+
    |ap_CS_fsm                |  19|   0|   19|          0|
    |ap_enable_reg_pp0_iter0  |   1|   0|    1|          0|
    |ap_enable_reg_pp0_iter1  |   1|   0|    1|          0|
    |empty_reg_253            |  32|   0|   32|          0|
    |gmem2_addr_1_reg_283     |  64|   0|   64|          0|
    |gmem2_addr_read_reg_273  |  32|   0|   32|          0|
    |gmem2_addr_reg_267       |  64|   0|   64|          0|
    |icmp_ln70_reg_279        |   1|   0|    1|          0|
    |j_1_reg_248              |  64|   0|   64|          0|
    |j_fu_74                  |  64|   0|   64|          0|
    |shl_ln70_reg_262         |  62|   0|   64|          2|
    |tmp_reg_258              |   1|   0|    1|          0|
    +-------------------------+----+----+-----+-----------+
    |Total                    | 405|   0|  407|          2|
    +-------------------------+----+----+-----+-----------+



================================================================
== Interface
================================================================
* Summary: 
+----------------------+-----+-----+------------+---------------------------------------+--------------+
|       RTL Ports      | Dir | Bits|  Protocol  |             Source Object             |    C Type    |
+----------------------+-----+-----+------------+---------------------------------------+--------------+
|ap_clk                |   in|    1|  ap_ctrl_hs|  q16_esla_k13_Pipeline_VITIS_LOOP_70_6|  return value|
|ap_rst                |   in|    1|  ap_ctrl_hs|  q16_esla_k13_Pipeline_VITIS_LOOP_70_6|  return value|
|ap_start              |   in|    1|  ap_ctrl_hs|  q16_esla_k13_Pipeline_VITIS_LOOP_70_6|  return value|
|ap_done               |  out|    1|  ap_ctrl_hs|  q16_esla_k13_Pipeline_VITIS_LOOP_70_6|  return value|
|ap_idle               |  out|    1|  ap_ctrl_hs|  q16_esla_k13_Pipeline_VITIS_LOOP_70_6|  return value|
|ap_ready              |  out|    1|  ap_ctrl_hs|  q16_esla_k13_Pipeline_VITIS_LOOP_70_6|  return value|
|zext_ln67             |   in|    4|     ap_none|                              zext_ln67|        scalar|
|m_axi_gmem2_AWVALID   |  out|    1|       m_axi|                                  gmem2|       pointer|
|m_axi_gmem2_AWREADY   |   in|    1|       m_axi|                                  gmem2|       pointer|
|m_axi_gmem2_AWADDR    |  out|   64|       m_axi|                                  gmem2|       pointer|
|m_axi_gmem2_AWID      |  out|    1|       m_axi|                                  gmem2|       pointer|
|m_axi_gmem2_AWLEN     |  out|   32|       m_axi|                                  gmem2|       pointer|
|m_axi_gmem2_AWSIZE    |  out|    3|       m_axi|                                  gmem2|       pointer|
|m_axi_gmem2_AWBURST   |  out|    2|       m_axi|                                  gmem2|       pointer|
|m_axi_gmem2_AWLOCK    |  out|    2|       m_axi|                                  gmem2|       pointer|
|m_axi_gmem2_AWCACHE   |  out|    4|       m_axi|                                  gmem2|       pointer|
|m_axi_gmem2_AWPROT    |  out|    3|       m_axi|                                  gmem2|       pointer|
|m_axi_gmem2_AWQOS     |  out|    4|       m_axi|                                  gmem2|       pointer|
|m_axi_gmem2_AWREGION  |  out|    4|       m_axi|                                  gmem2|       pointer|
|m_axi_gmem2_AWUSER    |  out|    1|       m_axi|                                  gmem2|       pointer|
|m_axi_gmem2_WVALID    |  out|    1|       m_axi|                                  gmem2|       pointer|
|m_axi_gmem2_WREADY    |   in|    1|       m_axi|                                  gmem2|       pointer|
|m_axi_gmem2_WDATA     |  out|   32|       m_axi|                                  gmem2|       pointer|
|m_axi_gmem2_WSTRB     |  out|    4|       m_axi|                                  gmem2|       pointer|
|m_axi_gmem2_WLAST     |  out|    1|       m_axi|                                  gmem2|       pointer|
|m_axi_gmem2_WID       |  out|    1|       m_axi|                                  gmem2|       pointer|
|m_axi_gmem2_WUSER     |  out|    1|       m_axi|                                  gmem2|       pointer|
|m_axi_gmem2_ARVALID   |  out|    1|       m_axi|                                  gmem2|       pointer|
|m_axi_gmem2_ARREADY   |   in|    1|       m_axi|                                  gmem2|       pointer|
|m_axi_gmem2_ARADDR    |  out|   64|       m_axi|                                  gmem2|       pointer|
|m_axi_gmem2_ARID      |  out|    1|       m_axi|                                  gmem2|       pointer|
|m_axi_gmem2_ARLEN     |  out|   32|       m_axi|                                  gmem2|       pointer|
|m_axi_gmem2_ARSIZE    |  out|    3|       m_axi|                                  gmem2|       pointer|
|m_axi_gmem2_ARBURST   |  out|    2|       m_axi|                                  gmem2|       pointer|
|m_axi_gmem2_ARLOCK    |  out|    2|       m_axi|                                  gmem2|       pointer|
|m_axi_gmem2_ARCACHE   |  out|    4|       m_axi|                                  gmem2|       pointer|
|m_axi_gmem2_ARPROT    |  out|    3|       m_axi|                                  gmem2|       pointer|
|m_axi_gmem2_ARQOS     |  out|    4|       m_axi|                                  gmem2|       pointer|
|m_axi_gmem2_ARREGION  |  out|    4|       m_axi|                                  gmem2|       pointer|
|m_axi_gmem2_ARUSER    |  out|    1|       m_axi|                                  gmem2|       pointer|
|m_axi_gmem2_RVALID    |   in|    1|       m_axi|                                  gmem2|       pointer|
|m_axi_gmem2_RREADY    |  out|    1|       m_axi|                                  gmem2|       pointer|
|m_axi_gmem2_RDATA     |   in|   32|       m_axi|                                  gmem2|       pointer|
|m_axi_gmem2_RLAST     |   in|    1|       m_axi|                                  gmem2|       pointer|
|m_axi_gmem2_RID       |   in|    1|       m_axi|                                  gmem2|       pointer|
|m_axi_gmem2_RFIFONUM  |   in|    9|       m_axi|                                  gmem2|       pointer|
|m_axi_gmem2_RUSER     |   in|    1|       m_axi|                                  gmem2|       pointer|
|m_axi_gmem2_RRESP     |   in|    2|       m_axi|                                  gmem2|       pointer|
|m_axi_gmem2_BVALID    |   in|    1|       m_axi|                                  gmem2|       pointer|
|m_axi_gmem2_BREADY    |  out|    1|       m_axi|                                  gmem2|       pointer|
|m_axi_gmem2_BRESP     |   in|    2|       m_axi|                                  gmem2|       pointer|
|m_axi_gmem2_BID       |   in|    1|       m_axi|                                  gmem2|       pointer|
|m_axi_gmem2_BUSER     |   in|    1|       m_axi|                                  gmem2|       pointer|
|active_token_indices  |   in|   64|     ap_none|                   active_token_indices|        scalar|
|key                   |   in|   32|     ap_none|                                    key|        scalar|
|j_1_out               |  out|   32|      ap_vld|                                j_1_out|       pointer|
|j_1_out_ap_vld        |  out|    1|      ap_vld|                                j_1_out|       pointer|
+----------------------+-----+-----+------------+---------------------------------------+--------------+

