

================================================================
== Vitis HLS Report for 'q16_esla_k13_Pipeline_VITIS_LOOP_265_11_VITIS_LOOP_267_12'
================================================================
* Date:           Fri Jul  3 13:40:01 2026

* Version:        2022.2 (Build 3670227 on Oct 13 2022)
* Project:        q16_esla_k13_csynth
* Solution:       solution1 (Vivado IP Flow Target)
* Product family: zynq
* Target device:  xc7z020-clg400-1


================================================================
== Performance Estimates
================================================================
+ Timing: 
    * Summary: 
    +--------+----------+----------+------------+
    |  Clock |  Target  | Estimated| Uncertainty|
    +--------+----------+----------+------------+
    |ap_clk  |  10.00 ns|  7.157 ns|     2.70 ns|
    +--------+----------+----------+------------+

+ Latency: 
    * Summary: 
    +---------+---------+----------+----------+-----+-----+---------+
    |  Latency (cycles) |  Latency (absolute) |  Interval | Pipeline|
    |   min   |   max   |    min   |    max   | min | max |   Type  |
    +---------+---------+----------+----------+-----+-----+---------+
    |      215|      215|  2.150 us|  2.150 us|  215|  215|       no|
    +---------+---------+----------+----------+-----+-----+---------+

    + Detail: 
        * Instance: 
        N/A

        * Loop: 
        +---------------------------------------+---------+---------+----------+-----------+-----------+------+----------+
        |                                       |  Latency (cycles) | Iteration|  Initiation Interval  | Trip |          |
        |               Loop Name               |   min   |   max   |  Latency |  achieved |   target  | Count| Pipelined|
        +---------------------------------------+---------+---------+----------+-----------+-----------+------+----------+
        |- VITIS_LOOP_265_11_VITIS_LOOP_267_12  |      213|      213|         7|          1|          1|   208|       yes|
        +---------------------------------------+---------+---------+----------+-----------+-----------+------+----------+



================================================================
== Utilization Estimates
================================================================
* Summary: 
+-----------------+---------+-----+--------+-------+-----+
|       Name      | BRAM_18K| DSP |   FF   |  LUT  | URAM|
+-----------------+---------+-----+--------+-------+-----+
|DSP              |        -|    -|       -|      -|    -|
|Expression       |        -|    -|       0|    299|    -|
|FIFO             |        -|    -|       -|      -|    -|
|Instance         |        -|    4|     197|     81|    -|
|Memory           |        -|    -|       -|      -|    -|
|Multiplexer      |        -|    -|       -|     81|    -|
|Register         |        -|    -|     413|     96|    -|
+-----------------+---------+-----+--------+-------+-----+
|Total            |        0|    4|     610|    557|    0|
+-----------------+---------+-----+--------+-------+-----+
|Available        |      280|  220|  106400|  53200|    0|
+-----------------+---------+-----+--------+-------+-----+
|Utilization (%)  |        0|    1|      ~0|      1|    0|
+-----------------+---------+-----+--------+-------+-----+

+ Detail: 
    * Instance: 
    +--------------------------+---------------------+---------+----+-----+----+-----+
    |         Instance         |        Module       | BRAM_18K| DSP|  FF | LUT| URAM|
    +--------------------------+---------------------+---------+----+-----+----+-----+
    |mul_38s_40ns_77_2_1_U208  |mul_38s_40ns_77_2_1  |        0|   4|  197|  81|    0|
    +--------------------------+---------------------+---------+----+-----+----+-----+
    |Total                     |                     |        0|   4|  197|  81|    0|
    +--------------------------+---------------------+---------+----+-----+----+-----+

    * DSP: 
    N/A

    * Memory: 
    N/A

    * FIFO: 
    N/A

    * Expression: 
    +--------------------------+----------+----+---+----+------------+------------+
    |       Variable Name      | Operation| DSP| FF| LUT| Bitwidth P0| Bitwidth P1|
    +--------------------------+----------+----+---+----+------------+------------+
    |add_ln265_1_fu_145_p2     |         +|   0|  0|  15|           8|           1|
    |add_ln265_fu_157_p2       |         +|   0|  0|  13|           5|           1|
    |add_ln267_fu_185_p2       |         +|   0|  0|  13|           4|           1|
    |add_ln837_fu_222_p2       |         +|   0|  0|  15|           8|           8|
    |sum_V_1_fu_255_p2         |         +|   0|  0|  31|          24|          24|
    |sub_ln1303_1_fu_325_p2    |         -|   0|  0|  27|           1|          20|
    |sub_ln1303_fu_300_p2      |         -|   0|  0|  84|           1|          77|
    |icmp_ln265_fu_139_p2      |      icmp|   0|  0|  11|           8|           7|
    |icmp_ln267_1_fu_191_p2    |      icmp|   0|  0|   9|           4|           3|
    |icmp_ln267_fu_163_p2      |      icmp|   0|  0|   9|           4|           3|
    |pooled_V_d0               |    select|   0|  0|  16|           1|          16|
    |select_ln1303_fu_315_p3   |    select|   0|  0|  21|           1|          21|
    |select_ln265_1_fu_236_p3  |    select|   0|  0|  24|           1|           1|
    |select_ln265_2_fu_177_p3  |    select|   0|  0|   5|           1|           5|
    |select_ln265_fu_169_p3    |    select|   0|  0|   4|           1|           1|
    |ap_enable_pp0             |       xor|   0|  0|   2|           1|           2|
    +--------------------------+----------+----+---+----+------------+------------+
    |Total                     |          |   0|  0| 299|          73|         191|
    +--------------------------+----------+----+---+----+------------+------------+

    * Multiplexer: 
    +----------------------------------------+----+-----------+-----+-----------+
    |                  Name                  | LUT| Input Size| Bits| Total Bits|
    +----------------------------------------+----+-----------+-----+-----------+
    |a_fu_78                                 |   9|          2|    4|          8|
    |ap_done_int                             |   9|          2|    1|          2|
    |ap_enable_reg_pp0_iter1                 |   9|          2|    1|          2|
    |ap_sig_allocacmp_a_load                 |   9|          2|    4|          8|
    |ap_sig_allocacmp_d_load                 |   9|          2|    5|         10|
    |ap_sig_allocacmp_indvar_flatten29_load  |   9|          2|    8|         16|
    |d_fu_82                                 |   9|          2|    5|         10|
    |indvar_flatten29_fu_86                  |   9|          2|    8|         16|
    |sum_V_fu_74                             |   9|          2|   24|         48|
    +----------------------------------------+----+-----------+-----+-----------+
    |Total                                   |  81|         18|   60|        120|
    +----------------------------------------+----+-----------+-----+-----------+

    * Register: 
    +----------------------------------+----+----+-----+-----------+
    |               Name               | FF | LUT| Bits| Const Bits|
    +----------------------------------+----+----+-----+-----------+
    |a_fu_78                           |   4|   0|    4|          0|
    |ap_CS_fsm                         |   1|   0|    1|          0|
    |ap_done_reg                       |   1|   0|    1|          0|
    |ap_enable_reg_pp0_iter1           |   1|   0|    1|          0|
    |ap_enable_reg_pp0_iter2           |   1|   0|    1|          0|
    |ap_enable_reg_pp0_iter3           |   1|   0|    1|          0|
    |ap_enable_reg_pp0_iter4           |   1|   0|    1|          0|
    |ap_enable_reg_pp0_iter5           |   1|   0|    1|          0|
    |ap_enable_reg_pp0_iter6           |   1|   0|    1|          0|
    |ap_loop_exit_ready_pp0_iter1_reg  |   1|   0|    1|          0|
    |ap_loop_exit_ready_pp0_iter2_reg  |   1|   0|    1|          0|
    |ap_loop_exit_ready_pp0_iter3_reg  |   1|   0|    1|          0|
    |ap_loop_exit_ready_pp0_iter4_reg  |   1|   0|    1|          0|
    |ap_loop_exit_ready_pp0_iter5_reg  |   1|   0|    1|          0|
    |d_fu_82                           |   5|   0|    5|          0|
    |icmp_ln267_1_reg_409              |   1|   0|    1|          0|
    |icmp_ln267_reg_393                |   1|   0|    1|          0|
    |icmp_ln267_reg_393_pp0_iter1_reg  |   1|   0|    1|          0|
    |indvar_flatten29_fu_86            |   8|   0|    8|          0|
    |mul_ln1303_reg_435                |  77|   0|   77|          0|
    |select_ln265_2_reg_403            |   5|   0|    5|          0|
    |select_ln265_reg_398              |   4|   0|    4|          0|
    |sum_V_1_reg_418                   |  24|   0|   24|          0|
    |sum_V_fu_74                       |  24|   0|   24|          0|
    |tmp_2_reg_440                     |  21|   0|   21|          0|
    |tmp_3_reg_445                     |  16|   0|   16|          0|
    |tmp_4_reg_450                     |  16|   0|   16|          0|
    |tmp_reg_429                       |   1|   0|    1|          0|
    |icmp_ln267_1_reg_409              |  64|  32|    1|          0|
    |select_ln265_2_reg_403            |  64|  32|    5|          0|
    |tmp_reg_429                       |  64|  32|    1|          0|
    +----------------------------------+----+----+-----+-----------+
    |Total                             | 413|  96|  228|          0|
    +----------------------------------+----+----+-----+-----------+



================================================================
== Interface
================================================================
* Summary: 
+---------------------+-----+-----+------------+-----------------------------------------------------------+--------------+
|      RTL Ports      | Dir | Bits|  Protocol  |                       Source Object                       |    C Type    |
+---------------------+-----+-----+------------+-----------------------------------------------------------+--------------+
|ap_clk               |   in|    1|  ap_ctrl_hs|  q16_esla_k13_Pipeline_VITIS_LOOP_265_11_VITIS_LOOP_267_12|  return value|
|ap_rst               |   in|    1|  ap_ctrl_hs|  q16_esla_k13_Pipeline_VITIS_LOOP_265_11_VITIS_LOOP_267_12|  return value|
|ap_start             |   in|    1|  ap_ctrl_hs|  q16_esla_k13_Pipeline_VITIS_LOOP_265_11_VITIS_LOOP_267_12|  return value|
|ap_done              |  out|    1|  ap_ctrl_hs|  q16_esla_k13_Pipeline_VITIS_LOOP_265_11_VITIS_LOOP_267_12|  return value|
|ap_idle              |  out|    1|  ap_ctrl_hs|  q16_esla_k13_Pipeline_VITIS_LOOP_265_11_VITIS_LOOP_267_12|  return value|
|ap_ready             |  out|    1|  ap_ctrl_hs|  q16_esla_k13_Pipeline_VITIS_LOOP_265_11_VITIS_LOOP_267_12|  return value|
|x_active_V_address0  |  out|    8|   ap_memory|                                                 x_active_V|         array|
|x_active_V_ce0       |  out|    1|   ap_memory|                                                 x_active_V|         array|
|x_active_V_q0        |   in|   16|   ap_memory|                                                 x_active_V|         array|
|pooled_V_address0    |  out|    4|   ap_memory|                                                   pooled_V|         array|
|pooled_V_ce0         |  out|    1|   ap_memory|                                                   pooled_V|         array|
|pooled_V_we0         |  out|    1|   ap_memory|                                                   pooled_V|         array|
|pooled_V_d0          |  out|   16|   ap_memory|                                                   pooled_V|         array|
+---------------------+-----+-----+------------+-----------------------------------------------------------+--------------+

