

================================================================
== Vitis HLS Report for 'q16_esla_k13_Pipeline_VITIS_LOOP_63_4'
================================================================
* Date:           Fri Jul  3 13:39:58 2026

* Version:        2022.2 (Build 3670227 on Oct 13 2022)
* Project:        q16_esla_k13_csynth
* Solution:       solution1 (Vivado IP Flow Target)
* Product family: zynq
* Target device:  xc7z020-clg400-1


================================================================
== Performance Estimates
================================================================
+ Timing: 
    * Summary: 
    +--------+----------+----------+------------+
    |  Clock |  Target  | Estimated| Uncertainty|
    +--------+----------+----------+------------+
    |ap_clk  |  10.00 ns|  7.300 ns|     2.70 ns|
    +--------+----------+----------+------------+

+ Latency: 
    * Summary: 
    +---------+---------+----------+----------+-----+-----+---------+
    |  Latency (cycles) |  Latency (absolute) |  Interval | Pipeline|
    |   min   |   max   |    min   |    max   | min | max |   Type  |
    +---------+---------+----------+----------+-----+-----+---------+
    |       16|       16|  0.160 us|  0.160 us|   16|   16|       no|
    +---------+---------+----------+----------+-----+-----+---------+

    + Detail: 
        * Instance: 
        N/A

        * Loop: 
        +-------------------+---------+---------+----------+-----------+-----------+------+----------+
        |                   |  Latency (cycles) | Iteration|  Initiation Interval  | Trip |          |
        |     Loop Name     |   min   |   max   |  Latency |  achieved |   target  | Count| Pipelined|
        +-------------------+---------+---------+----------+-----------+-----------+------+----------+
        |- VITIS_LOOP_63_4  |       14|       14|         3|          1|          1|    13|       yes|
        +-------------------+---------+---------+----------+-----------+-----------+------+----------+



================================================================
== Utilization Estimates
================================================================
* Summary: 
+-----------------+---------+-----+--------+-------+-----+
|       Name      | BRAM_18K| DSP |   FF   |  LUT  | URAM|
+-----------------+---------+-----+--------+-------+-----+
|DSP              |        -|    -|       -|      -|    -|
|Expression       |        -|    -|       0|     26|    -|
|FIFO             |        -|    -|       -|      -|    -|
|Instance         |        -|    -|       -|      -|    -|
|Memory           |        -|    -|       -|      -|    -|
|Multiplexer      |        -|    -|       -|     45|    -|
|Register         |        -|    -|      14|      -|    -|
+-----------------+---------+-----+--------+-------+-----+
|Total            |        0|    0|      14|     71|    0|
+-----------------+---------+-----+--------+-------+-----+
|Available        |      280|  220|  106400|  53200|    0|
+-----------------+---------+-----+--------+-------+-----+
|Utilization (%)  |        0|    0|      ~0|     ~0|    0|
+-----------------+---------+-----+--------+-------+-----+

+ Detail: 
    * Instance: 
    N/A

    * DSP: 
    N/A

    * Memory: 
    N/A

    * FIFO: 
    N/A

    * Expression: 
    +---------------------------+----------+----+---+----+------------+------------+
    |       Variable Name       | Operation| DSP| FF| LUT| Bitwidth P0| Bitwidth P1|
    +---------------------------+----------+----+---+----+------------+------------+
    |add_ln63_fu_103_p2         |         +|   0|  0|  13|           4|           1|
    |ap_block_pp0_stage0_11001  |       and|   0|  0|   2|           1|           1|
    |icmp_ln63_fu_97_p2         |      icmp|   0|  0|   9|           4|           3|
    |ap_enable_pp0              |       xor|   0|  0|   2|           1|           2|
    +---------------------------+----------+----+---+----+------------+------------+
    |Total                      |          |   0|  0|  26|          10|           7|
    +---------------------------+----------+----+---+----+------------+------------+

    * Multiplexer: 
    +-------------------------+----+-----------+-----+-----------+
    |           Name          | LUT| Input Size| Bits| Total Bits|
    +-------------------------+----+-----------+-----+-----------+
    |a_fu_54                  |   9|          2|    4|          8|
    |ap_done_int              |   9|          2|    1|          2|
    |ap_enable_reg_pp0_iter2  |   9|          2|    1|          2|
    |ap_sig_allocacmp_a_1     |   9|          2|    4|          8|
    |gmem2_blk_n_W            |   9|          2|    1|          2|
    +-------------------------+----+-----------+-----+-----------+
    |Total                    |  45|         10|   11|         22|
    +-------------------------+----+-----------+-----+-----------+

    * Register: 
    +----------------------------------+---+----+-----+-----------+
    |               Name               | FF| LUT| Bits| Const Bits|
    +----------------------------------+---+----+-----+-----------+
    |a_fu_54                           |  4|   0|    4|          0|
    |ap_CS_fsm                         |  1|   0|    1|          0|
    |ap_done_reg                       |  1|   0|    1|          0|
    |ap_enable_reg_pp0_iter1           |  1|   0|    1|          0|
    |ap_enable_reg_pp0_iter2           |  1|   0|    1|          0|
    |ap_loop_exit_ready_pp0_iter1_reg  |  1|   0|    1|          0|
    |icmp_ln63_reg_140                 |  1|   0|    1|          0|
    |sorted_index_load_reg_154         |  4|   0|    4|          0|
    +----------------------------------+---+----+-----+-----------+
    |Total                             | 14|   0|   14|          0|
    +----------------------------------+---+----+-----+-----------+



================================================================
== Interface
================================================================
* Summary: 
+-----------------------+-----+-----+------------+---------------------------------------+--------------+
|       RTL Ports       | Dir | Bits|  Protocol  |             Source Object             |    C Type    |
+-----------------------+-----+-----+------------+---------------------------------------+--------------+
|ap_clk                 |   in|    1|  ap_ctrl_hs|  q16_esla_k13_Pipeline_VITIS_LOOP_63_4|  return value|
|ap_rst                 |   in|    1|  ap_ctrl_hs|  q16_esla_k13_Pipeline_VITIS_LOOP_63_4|  return value|
|ap_start               |   in|    1|  ap_ctrl_hs|  q16_esla_k13_Pipeline_VITIS_LOOP_63_4|  return value|
|ap_done                |  out|    1|  ap_ctrl_hs|  q16_esla_k13_Pipeline_VITIS_LOOP_63_4|  return value|
|ap_idle                |  out|    1|  ap_ctrl_hs|  q16_esla_k13_Pipeline_VITIS_LOOP_63_4|  return value|
|ap_ready               |  out|    1|  ap_ctrl_hs|  q16_esla_k13_Pipeline_VITIS_LOOP_63_4|  return value|
|m_axi_gmem2_AWVALID    |  out|    1|       m_axi|                                  gmem2|       pointer|
|m_axi_gmem2_AWREADY    |   in|    1|       m_axi|                                  gmem2|       pointer|
|m_axi_gmem2_AWADDR     |  out|   64|       m_axi|                                  gmem2|       pointer|
|m_axi_gmem2_AWID       |  out|    1|       m_axi|                                  gmem2|       pointer|
|m_axi_gmem2_AWLEN      |  out|   32|       m_axi|                                  gmem2|       pointer|
|m_axi_gmem2_AWSIZE     |  out|    3|       m_axi|                                  gmem2|       pointer|
|m_axi_gmem2_AWBURST    |  out|    2|       m_axi|                                  gmem2|       pointer|
|m_axi_gmem2_AWLOCK     |  out|    2|       m_axi|                                  gmem2|       pointer|
|m_axi_gmem2_AWCACHE    |  out|    4|       m_axi|                                  gmem2|       pointer|
|m_axi_gmem2_AWPROT     |  out|    3|       m_axi|                                  gmem2|       pointer|
|m_axi_gmem2_AWQOS      |  out|    4|       m_axi|                                  gmem2|       pointer|
|m_axi_gmem2_AWREGION   |  out|    4|       m_axi|                                  gmem2|       pointer|
|m_axi_gmem2_AWUSER     |  out|    1|       m_axi|                                  gmem2|       pointer|
|m_axi_gmem2_WVALID     |  out|    1|       m_axi|                                  gmem2|       pointer|
|m_axi_gmem2_WREADY     |   in|    1|       m_axi|                                  gmem2|       pointer|
|m_axi_gmem2_WDATA      |  out|   32|       m_axi|                                  gmem2|       pointer|
|m_axi_gmem2_WSTRB      |  out|    4|       m_axi|                                  gmem2|       pointer|
|m_axi_gmem2_WLAST      |  out|    1|       m_axi|                                  gmem2|       pointer|
|m_axi_gmem2_WID        |  out|    1|       m_axi|                                  gmem2|       pointer|
|m_axi_gmem2_WUSER      |  out|    1|       m_axi|                                  gmem2|       pointer|
|m_axi_gmem2_ARVALID    |  out|    1|       m_axi|                                  gmem2|       pointer|
|m_axi_gmem2_ARREADY    |   in|    1|       m_axi|                                  gmem2|       pointer|
|m_axi_gmem2_ARADDR     |  out|   64|       m_axi|                                  gmem2|       pointer|
|m_axi_gmem2_ARID       |  out|    1|       m_axi|                                  gmem2|       pointer|
|m_axi_gmem2_ARLEN      |  out|   32|       m_axi|                                  gmem2|       pointer|
|m_axi_gmem2_ARSIZE     |  out|    3|       m_axi|                                  gmem2|       pointer|
|m_axi_gmem2_ARBURST    |  out|    2|       m_axi|                                  gmem2|       pointer|
|m_axi_gmem2_ARLOCK     |  out|    2|       m_axi|                                  gmem2|       pointer|
|m_axi_gmem2_ARCACHE    |  out|    4|       m_axi|                                  gmem2|       pointer|
|m_axi_gmem2_ARPROT     |  out|    3|       m_axi|                                  gmem2|       pointer|
|m_axi_gmem2_ARQOS      |  out|    4|       m_axi|                                  gmem2|       pointer|
|m_axi_gmem2_ARREGION   |  out|    4|       m_axi|                                  gmem2|       pointer|
|m_axi_gmem2_ARUSER     |  out|    1|       m_axi|                                  gmem2|       pointer|
|m_axi_gmem2_RVALID     |   in|    1|       m_axi|                                  gmem2|       pointer|
|m_axi_gmem2_RREADY     |  out|    1|       m_axi|                                  gmem2|       pointer|
|m_axi_gmem2_RDATA      |   in|   32|       m_axi|                                  gmem2|       pointer|
|m_axi_gmem2_RLAST      |   in|    1|       m_axi|                                  gmem2|       pointer|
|m_axi_gmem2_RID        |   in|    1|       m_axi|                                  gmem2|       pointer|
|m_axi_gmem2_RFIFONUM   |   in|    9|       m_axi|                                  gmem2|       pointer|
|m_axi_gmem2_RUSER      |   in|    1|       m_axi|                                  gmem2|       pointer|
|m_axi_gmem2_RRESP      |   in|    2|       m_axi|                                  gmem2|       pointer|
|m_axi_gmem2_BVALID     |   in|    1|       m_axi|                                  gmem2|       pointer|
|m_axi_gmem2_BREADY     |  out|    1|       m_axi|                                  gmem2|       pointer|
|m_axi_gmem2_BRESP      |   in|    2|       m_axi|                                  gmem2|       pointer|
|m_axi_gmem2_BID        |   in|    1|       m_axi|                                  gmem2|       pointer|
|m_axi_gmem2_BUSER      |   in|    1|       m_axi|                                  gmem2|       pointer|
|sext_ln63              |   in|   62|     ap_none|                              sext_ln63|        scalar|
|sorted_index_address0  |  out|    4|   ap_memory|                           sorted_index|         array|
|sorted_index_ce0       |  out|    1|   ap_memory|                           sorted_index|         array|
|sorted_index_q0        |   in|    4|   ap_memory|                           sorted_index|         array|
+-----------------------+-----+-----+------------+---------------------------------------+--------------+

