STDOUT:
{
  "latency_max_cycles": 7869,
  "interval_max_cycles": 7870,
  "estimated_clock_period_ns": 8.567,
  "BRAM_18K": 176,
  "DSP48E": 258,
  "FF": 71828,
  "LUT": 65546,
  "resource_utilization": {
    "BRAM_18K": {
      "used": 176,
      "capacity": 280,
      "utilization_percent": 62.857142857142854
    },
    "DSP48E": {
      "used": 258,
      "capacity": 220,
      "utilization_percent": 117.27272727272727
    },
    "FF": {
      "used": 71828,
      "capacity": 106400,
      "utilization_percent": 67.50751879699249
    },
    "LUT": {
      "used": 65546,
      "capacity": 53200,
      "utilization_percent": 123.20676691729324
    }
  },
  "dsp_over_limit": true,
  "lut_over_limit": true,
  "operator_and_schedule_signals": {
    "exp_calls_in_source": 1,
    "sqrt_calls_in_source": 2,
    "division_expressions_in_source": 4,
    "vitis_warning_count": 37,
    "ii_violation_count": 36
  }
}
Profile: /home/cym/prj2/finn/notebooks/icl_thesis-master/experiments/innovation1_csg_halt/results/bottleneck_profile/bottleneck_profile.md
PS/PL plan: /home/cym/prj2/finn/notebooks/icl_thesis-master/experiments/innovation1_csg_halt/results/bottleneck_profile/ps_pl_partition_plan.md

STDERR:
