Fri Jul  3 14:48:26 2026: Running xcd server. This server was built by gradle.
Fri Jul  3 14:48:26 2026: Server was asked to start on port: '42515'
Fri Jul  3 14:48:26 2026: Server is using token UUID: 'aa59a537-8e36-4690-81f6-6e55613fffff'
Fri Jul  3 14:48:26 2026: SESSION_MGR: creating session with session uuid: '6d04a3e9-ade5-4ab9-8d63-1f78fcd2ec76' and name 'default'
Fri Jul  3 14:48:26 2026: Attempting to start server on port '42515'
Fri Jul  3 14:48:26 2026: XCD main fifo: created main fifo '/tmp/xcdmainaa59a537-8e36-4690-81f6-6e55613fffff', fd read = 13
Fri Jul  3 14:48:26 2026: Running Dispatch Server
Fri Jul  3 14:48:26 2026: Version 2.2.0
Fri Jul  3 14:48:35 2026: Dispatch Server: Accepted socket connection from client
Fri Jul  3 14:48:35 2026: Starting Socket connection
Fri Jul  3 14:48:35 2026: EXCHANGE_TOKEN received, server token: aa59a537-8e36-4690-81f6-6e55613fffff, passed token: aa59a537-8e36-4690-81f6-6e55613fffff
Fri Jul  3 14:48:35 2026: SESSION_MGR: creating session with session uuid: '074cf6aa-65f2-4b43-874c-a8a28c608435' and name 'vitis_hls'
Fri Jul  3 14:48:35 2026: KERNEL_SVC: creating session with uuid: '074cf6aa-65f2-4b43-874c-a8a28c608435' and name 'vitis_hls'
Fri Jul  3 14:48:35 2026: GUIDANCE_SMGR: creating guidance session with uuid: '074cf6aa-65f2-4b43-874c-a8a28c608435' and name 'vitis_hls'
Fri Jul  3 14:49:44 2026: STOP_SERVER received, server token: aa59a537-8e36-4690-81f6-6e55613fffff, passed token: aa59a537-8e36-4690-81f6-6e55613fffff
Fri Jul  3 14:49:44 2026: Socket received request to stop server.
Fri Jul  3 14:49:44 2026: Dispatch Server: do_await_stop
Fri Jul  3 14:49:44 2026: Dispatch Server: stopping mainFifo_
Fri Jul  3 14:49:44 2026: XCD main fifo: Stopping
Fri Jul  3 14:49:44 2026: XCD main fifo: do_read error code: Operation canceled
Fri Jul  3 14:49:44 2026: XCD main fifo: bytes_transferred: 0
Fri Jul  3 14:49:44 2026: SERVER: destructor for server bound to port 42515
Fri Jul  3 14:49:44 2026: XCD main fifo: Good unlink of /tmp/xcdmainaa59a537-8e36-4690-81f6-6e55613fffff
Fri Jul  3 14:49:44 2026: Server exiting with status 0.
Fri Jul  3 14:49:44 2026: Closing log file.
