

================================================================
== Vitis HLS Report for 'q16_qksv3_s0'
================================================================
* Date:           Fri Jul  3 20:11:52 2026

* Version:        2022.2 (Build 3670227 on Oct 13 2022)
* Project:        q16_qksv3_s0_hls
* Solution:       solution1 (Vivado IP Flow Target)
* Product family: zynq
* Target device:  xc7z020-clg400-1


================================================================
== Performance Estimates
================================================================
+ Timing: 
    * Summary: 
    +--------+----------+----------+------------+
    |  Clock |  Target  | Estimated| Uncertainty|
    +--------+----------+----------+------------+
    |ap_clk  |  10.00 ns|  7.903 ns|     2.70 ns|
    +--------+----------+----------+------------+

+ Latency: 
    * Summary: 
    +---------+---------+----------+----------+-------+-------+---------+
    |  Latency (cycles) |  Latency (absolute) |    Interval   | Pipeline|
    |   min   |   max   |    min   |    max   |  min  |  max  |   Type  |
    +---------+---------+----------+----------+-------+-------+---------+
    |    90705|    90705|  0.907 ms|  0.907 ms|  90706|  90706|       no|
    +---------+---------+----------+----------+-------+-------+---------+

    + Detail: 
        * Instance: 
        +--------------------------------------------------------------------+---------------------------------------------------------+---------+---------+-----------+-----------+-------+-------+---------+
        |                                                                    |                                                         |  Latency (cycles) |   Latency (absolute)  |    Interval   | Pipeline|
        |                              Instance                              |                          Module                         |   min   |   max   |    min    |    max    |  min  |  max  |   Type  |
        +--------------------------------------------------------------------+---------------------------------------------------------+---------+---------+-----------+-----------+-------+-------+---------+
        |grp_attention_v2_pruned_fu_634                                      |attention_v2_pruned                                      |    42443|    42443|   0.424 ms|   0.424 ms|  42443|  42443|       no|
        |grp_q16_qksv3_s0_Pipeline_VITIS_LOOP_222_3_fu_649                   |q16_qksv3_s0_Pipeline_VITIS_LOOP_222_3                   |       71|       71|   0.710 us|   0.710 us|     71|     71|       no|
        |grp_q16_qksv3_s0_Pipeline_VITIS_LOOP_243_4_fu_664                   |q16_qksv3_s0_Pipeline_VITIS_LOOP_243_4                   |     1442|     1442|  14.420 us|  14.420 us|   1442|   1442|       no|
        |grp_q16_qksv3_s0_Pipeline_VITIS_LOOP_256_5_fu_669                   |q16_qksv3_s0_Pipeline_VITIS_LOOP_256_5                   |     1442|     1442|  14.420 us|  14.420 us|   1442|   1442|       no|
        |grp_q16_qksv3_s0_Pipeline_VITIS_LOOP_178_3_fu_674                   |q16_qksv3_s0_Pipeline_VITIS_LOOP_178_3                   |       21|       21|   0.210 us|   0.210 us|     21|     21|       no|
        |grp_q16_qksv3_s0_Pipeline_VITIS_LOOP_196_6_fu_685                   |q16_qksv3_s0_Pipeline_VITIS_LOOP_196_6                   |       19|       19|   0.190 us|   0.190 us|     19|     19|       no|
        |grp_q16_qksv3_s0_Pipeline_VITIS_LOOP_189_5_fu_692                   |q16_qksv3_s0_Pipeline_VITIS_LOOP_189_5                   |       37|       37|   0.370 us|   0.370 us|     37|     37|       no|
        |grp_q16_qksv3_s0_Pipeline_VITIS_LOOP_261_6_VITIS_LOOP_263_7_fu_703  |q16_qksv3_s0_Pipeline_VITIS_LOOP_261_6_VITIS_LOOP_263_7  |      261|      261|   2.610 us|   2.610 us|    261|    261|       no|
        |grp_layer_norm_fu_709                                               |layer_norm                                               |      114|      114|   1.140 us|   1.140 us|    114|    114|       no|
        +--------------------------------------------------------------------+---------------------------------------------------------+---------+---------+-----------+-----------+-------+-------+---------+

        * Loop: 
        +---------------------+---------+---------+----------+-----------+-----------+------+----------+
        |                     |  Latency (cycles) | Iteration|  Initiation Interval  | Trip |          |
        |      Loop Name      |   min   |   max   |  Latency |  achieved |   target  | Count| Pipelined|
        +---------------------+---------+---------+----------+-----------+-----------+------+----------+
        |- VITIS_LOOP_219_1   |    20784|    20784|      1299|          -|          -|    16|        no|
        | + VITIS_LOOP_220_2  |     1296|     1296|        81|          -|          -|    16|        no|
        |- VITIS_LOOP_174_1   |    24176|    24176|      1511|          -|          -|    16|        no|
        | + VITIS_LOOP_176_2  |      832|      832|        26|          -|          -|    32|        no|
        | + VITIS_LOOP_187_4  |      656|      656|        41|          -|          -|    16|        no|
        +---------------------+---------+---------+----------+-----------+-----------+------+----------+



================================================================
== Utilization Estimates
================================================================
* Summary: 
+-----------------+---------+-----+--------+-------+-----+
|       Name      | BRAM_18K| DSP |   FF   |  LUT  | URAM|
+-----------------+---------+-----+--------+-------+-----+
|DSP              |        -|   24|       -|      -|    -|
|Expression       |        -|    -|       0|    737|    -|
|FIFO             |        -|    -|       -|      -|    -|
|Instance         |       11|  123|   11575|  25146|    0|
|Memory           |        2|    -|      91|     27|    0|
|Multiplexer      |        -|    -|       -|    995|    -|
|Register         |        -|    -|     766|      -|    -|
+-----------------+---------+-----+--------+-------+-----+
|Total            |       13|  147|   12432|  26905|    0|
+-----------------+---------+-----+--------+-------+-----+
|Available        |      280|  220|  106400|  53200|    0|
+-----------------+---------+-----+--------+-------+-----+
|Utilization (%)  |        4|   66|      11|     50|    0|
+-----------------+---------+-----+--------+-------+-----+

+ Detail: 
    * Instance: 
    +--------------------------------------------------------------------+---------------------------------------------------------+---------+----+------+------+-----+
    |                              Instance                              |                          Module                         | BRAM_18K| DSP|  FF  |  LUT | URAM|
    +--------------------------------------------------------------------+---------------------------------------------------------+---------+----+------+------+-----+
    |grp_attention_v2_pruned_fu_634                                      |attention_v2_pruned                                      |        8|  15|  3292|  8273|    0|
    |control_s_axi_U                                                     |control_s_axi                                            |        0|   0|   246|   424|    0|
    |fdiv_32ns_32ns_32_16_no_dsp_1_U230                                  |fdiv_32ns_32ns_32_16_no_dsp_1                            |        0|   0|     0|     0|    0|
    |fpext_32ns_64_2_no_dsp_1_U231                                       |fpext_32ns_64_2_no_dsp_1                                 |        0|   0|     0|     0|    0|
    |gmem0_m_axi_U                                                       |gmem0_m_axi                                              |        0|   0|   743|  1415|    0|
    |gmem1_m_axi_U                                                       |gmem1_m_axi                                              |        0|   0|   743|  1415|    0|
    |gmem2_m_axi_U                                                       |gmem2_m_axi                                              |        0|   0|   754|  1438|    0|
    |grp_layer_norm_fu_709                                               |layer_norm                                               |        0|   5|  1211|  2673|    0|
    |grp_q16_qksv3_s0_Pipeline_VITIS_LOOP_178_3_fu_674                   |q16_qksv3_s0_Pipeline_VITIS_LOOP_178_3                   |        1|   1|   119|   210|    0|
    |grp_q16_qksv3_s0_Pipeline_VITIS_LOOP_189_5_fu_692                   |q16_qksv3_s0_Pipeline_VITIS_LOOP_189_5                   |        1|   1|   172|   229|    0|
    |grp_q16_qksv3_s0_Pipeline_VITIS_LOOP_196_6_fu_685                   |q16_qksv3_s0_Pipeline_VITIS_LOOP_196_6                   |        0|   0|    42|    99|    0|
    |grp_q16_qksv3_s0_Pipeline_VITIS_LOOP_222_3_fu_649                   |q16_qksv3_s0_Pipeline_VITIS_LOOP_222_3                   |        1|   1|   237|   266|    0|
    |grp_q16_qksv3_s0_Pipeline_VITIS_LOOP_243_4_fu_664                   |q16_qksv3_s0_Pipeline_VITIS_LOOP_243_4                   |        0|  50|  1892|  4161|    0|
    |grp_q16_qksv3_s0_Pipeline_VITIS_LOOP_256_5_fu_669                   |q16_qksv3_s0_Pipeline_VITIS_LOOP_256_5                   |        0|  50|  1892|  4161|    0|
    |grp_q16_qksv3_s0_Pipeline_VITIS_LOOP_261_6_VITIS_LOOP_263_7_fu_703  |q16_qksv3_s0_Pipeline_VITIS_LOOP_261_6_VITIS_LOOP_263_7  |        0|   0|   232|   382|    0|
    +--------------------------------------------------------------------+---------------------------------------------------------+---------+----+------+------+-----+
    |Total                                                               |                                                         |       11| 123| 11575| 25146|    0|
    +--------------------------------------------------------------------+---------------------------------------------------------+---------+----+------+------+-----+

    * DSP: 
    +--------------------------------------+---------------------------------+--------------+
    |               Instance               |              Module             |  Expression  |
    +--------------------------------------+---------------------------------+--------------+
    |mac_muladd_16s_10ns_26ns_26_4_1_U221  |mac_muladd_16s_10ns_26ns_26_4_1  |  i0 + i1 * i2|
    |mac_muladd_16s_10s_25s_26_4_1_U208    |mac_muladd_16s_10s_25s_26_4_1    |  i0 + i1 * i2|
    |mac_muladd_16s_10s_26ns_26_4_1_U218   |mac_muladd_16s_10s_26ns_26_4_1   |  i0 + i1 * i2|
    |mac_muladd_16s_10s_26ns_26_4_1_U222   |mac_muladd_16s_10s_26ns_26_4_1   |  i0 + i1 * i2|
    |mac_muladd_16s_10s_26ns_26_4_1_U223   |mac_muladd_16s_10s_26ns_26_4_1   |  i0 + i1 * i2|
    |mac_muladd_16s_10s_26ns_26_4_1_U228   |mac_muladd_16s_10s_26ns_26_4_1   |  i0 + i1 * i2|
    |mac_muladd_16s_7ns_26s_26_4_1_U219    |mac_muladd_16s_7ns_26s_26_4_1    |  i0 + i1 * i2|
    |mac_muladd_16s_7ns_26s_26_4_1_U220    |mac_muladd_16s_7ns_26s_26_4_1    |  i0 + i1 * i2|
    |mac_muladd_16s_7ns_26s_26_4_1_U226    |mac_muladd_16s_7ns_26s_26_4_1    |  i0 + i1 * i2|
    |mac_muladd_16s_8ns_25s_26_4_1_U209    |mac_muladd_16s_8ns_25s_26_4_1    |  i0 + i1 * i2|
    |mac_muladd_16s_8ns_26s_26_4_1_U210    |mac_muladd_16s_8ns_26s_26_4_1    |  i0 + i1 * i2|
    |mac_muladd_16s_8ns_26s_26_4_1_U212    |mac_muladd_16s_8ns_26s_26_4_1    |  i0 + i1 * i2|
    |mac_muladd_16s_8s_26s_26_4_1_U224     |mac_muladd_16s_8s_26s_26_4_1     |  i0 + i1 * i2|
    |mac_muladd_16s_9ns_18s_25_4_1_U207    |mac_muladd_16s_9ns_18s_25_4_1    |  i0 * i1 + i2|
    |mac_muladd_16s_9ns_26ns_26_4_1_U211   |mac_muladd_16s_9ns_26ns_26_4_1   |  i0 + i1 * i2|
    |mac_muladd_16s_9ns_26ns_26_4_1_U214   |mac_muladd_16s_9ns_26ns_26_4_1   |  i0 + i1 * i2|
    |mac_muladd_16s_9ns_26ns_26_4_1_U215   |mac_muladd_16s_9ns_26ns_26_4_1   |  i0 + i1 * i2|
    |mac_muladd_16s_9ns_26ns_26_4_1_U227   |mac_muladd_16s_9ns_26ns_26_4_1   |  i0 + i1 * i2|
    |mac_muladd_16s_9ns_26ns_26_4_1_U229   |mac_muladd_16s_9ns_26ns_26_4_1   |  i0 + i1 * i2|
    |mac_muladd_16s_9s_19s_24_4_1_U206     |mac_muladd_16s_9s_19s_24_4_1     |  i0 * i1 + i2|
    |mac_muladd_16s_9s_26s_26_4_1_U213     |mac_muladd_16s_9s_26s_26_4_1     |  i0 + i1 * i2|
    |mac_muladd_16s_9s_26s_26_4_1_U216     |mac_muladd_16s_9s_26s_26_4_1     |  i0 + i1 * i2|
    |mac_muladd_16s_9s_26s_26_4_1_U217     |mac_muladd_16s_9s_26s_26_4_1     |  i0 + i1 * i2|
    |mac_muladd_16s_9s_26s_26_4_1_U225     |mac_muladd_16s_9s_26s_26_4_1     |  i0 + i1 * i2|
    +--------------------------------------+---------------------------------+--------------+

    * Memory: 
    +---------------------------------+-------------------------------------------+---------+----+----+-----+------+-----+------+-------------+
    |              Memory             |                   Module                  | BRAM_18K| FF | LUT| URAM| Words| Bits| Banks| W*Bits*Banks|
    +---------------------------------+-------------------------------------------+---------+----+----+-----+------+-----+------+-------------+
    |ff_out_V_U                       |attention_v2_pruned_K_sum_V_RAM_AUTO_1R1W  |        0|  16|   4|    0|    16|   16|     1|          256|
    |hidden_V_U                       |hidden_V_RAM_AUTO_1R1W                     |        0|  15|   8|    0|    32|   15|     1|          480|
    |input_projection_bias_V_U        |input_projection_bias_V_ROM_AUTO_1R        |        0|   9|   3|    0|    16|    9|     1|          144|
    |layers_0_feedforward_0_bias_V_U  |layers_0_feedforward_0_bias_V_ROM_AUTO_1R  |        0|  10|   5|    0|    32|   10|     1|          320|
    |layers_0_feedforward_3_bias_V_U  |layers_0_feedforward_3_bias_V_ROM_AUTO_1R  |        0|   9|   3|    0|    16|    9|     1|          144|
    |pooled_V_U                       |pooled_V_RAM_AUTO_1R1W                     |        0|  32|   4|    0|    16|   16|     1|          256|
    |position_embedding_V_U           |position_embedding_V_ROM_AUTO_1R           |        1|   0|   0|    0|   256|   10|     1|         2560|
    |x_V_U                            |x_V_RAM_AUTO_1R1W                          |        1|   0|   0|    0|   256|   16|     1|         4096|
    +---------------------------------+-------------------------------------------+---------+----+----+-----+------+-----+------+-------------+
    |Total                            |                                           |        2|  91|  27|    0|   640|  101|     8|         8256|
    +---------------------------------+-------------------------------------------+---------+----+----+-----+------+-----+------+-------------+

    * FIFO: 
    N/A

    * Expression: 
    +-----------------------+----------+----+---+----+------------+------------+
    |     Variable Name     | Operation| DSP| FF| LUT| Bitwidth P0| Bitwidth P1|
    +-----------------------+----------+----+---+----+------------+------------+
    |add_ln174_fu_885_p2    |         +|   0|  0|  13|           5|           1|
    |add_ln176_fu_924_p2    |         +|   0|  0|  14|           6|           1|
    |add_ln187_fu_985_p2    |         +|   0|  0|  13|           5|           1|
    |add_ln219_fu_751_p2    |         +|   0|  0|  13|           5|           1|
    |add_ln220_fu_817_p2    |         +|   0|  0|  13|           5|           1|
    |add_ln227_fu_836_p2    |         +|   0|  0|  15|           8|           8|
    |add_ln228_fu_845_p2    |         +|   0|  0|  15|           8|           8|
    |empty_72_fu_769_p2     |         +|   0|  0|  71|          64|          64|
    |r_V_77_fu_1214_p2      |         +|   0|  0|  32|          25|          25|
    |r_V_87_fu_1750_p2      |         +|   0|  0|  30|          23|          23|
    |ret_V_18_fu_1224_p2    |         +|   0|  0|  33|          26|          26|
    |ret_V_1_fu_1099_p2     |         +|   0|  0|  32|          25|          25|
    |ret_V_21_fu_1362_p2    |         +|   0|  0|  33|          26|          26|
    |ret_V_24_fu_1523_p2    |         +|   0|  0|  26|          26|          26|
    |ret_V_27_fu_1702_p2    |         +|   0|  0|  33|          26|          26|
    |ret_V_28_fu_1760_p2    |         +|   0|  0|  33|          26|          26|
    |ret_V_31_fu_1927_p2    |         +|   0|  0|  33|          26|          26|
    |ret_V_32_fu_1514_p2    |         +|   0|  0|  26|          26|          26|
    |r_V_48_fu_1089_p2      |         -|   0|  0|  31|          24|          24|
    |r_V_80_fu_1352_p2      |         -|   0|  0|  31|          24|          24|
    |r_V_82_fu_1504_p2      |         -|   0|  0|  32|          25|          25|
    |r_V_83_fu_1436_p2      |         -|   0|  0|  21|          21|          21|
    |r_V_86_fu_1692_p2      |         -|   0|  0|  28|          21|          21|
    |r_V_90_fu_1917_p2      |         -|   0|  0|  30|          23|          23|
    |sub_ln1273_fu_1418_p2  |         -|   0|  0|  21|           1|          21|
    |icmp_ln174_fu_879_p2   |      icmp|   0|  0|  10|           5|           6|
    |icmp_ln176_fu_918_p2   |      icmp|   0|  0|  10|           6|           7|
    |icmp_ln187_fu_979_p2   |      icmp|   0|  0|  10|           5|           6|
    |icmp_ln219_fu_745_p2   |      icmp|   0|  0|  10|           5|           6|
    |icmp_ln220_fu_811_p2   |      icmp|   0|  0|  10|           5|           6|
    |hidden_V_d0            |    select|   0|  0|  15|           1|           1|
    +-----------------------+----------+----+---+----+------------+------------+
    |Total                  |          |   0|  0| 737|         527|         531|
    +-----------------------+----------+----+---+----+------------+------------+

    * Multiplexer: 
    +-------------------+-----+-----------+-----+-----------+
    |        Name       | LUT | Input Size| Bits| Total Bits|
    +-------------------+-----+-----------+-----+-----------+
    |ap_NS_fsm          |  289|         66|    1|         66|
    |d_1_reg_612        |    9|          2|    6|         12|
    |d_2_reg_623        |    9|          2|    5|         10|
    |d_reg_600          |    9|          2|    5|         10|
    |ff_out_V_address0  |   14|          3|    4|         12|
    |ff_out_V_ce0       |   14|          3|    1|          3|
    |ff_out_V_we0       |    9|          2|    1|          2|
    |gmem0_ARADDR       |   14|          3|   64|        192|
    |gmem0_ARLEN        |   14|          3|   32|         96|
    |gmem0_ARVALID      |   14|          3|    1|          3|
    |gmem0_RREADY       |    9|          2|    1|          2|
    |gmem0_blk_n_AR     |    9|          2|    1|          2|
    |gmem1_WDATA        |   14|          3|   16|         48|
    |gmem1_blk_n_AW     |    9|          2|    1|          2|
    |gmem1_blk_n_B      |    9|          2|    1|          2|
    |gmem1_blk_n_W      |    9|          2|    1|          2|
    |gmem2_blk_n_AR     |    9|          2|    1|          2|
    |gmem2_blk_n_R      |    9|          2|    1|          2|
    |grp_fu_2698_ce     |   14|          3|    1|          3|
    |grp_fu_2698_p0     |   14|          3|   32|         96|
    |grp_fu_2698_p1     |   14|          3|   32|         96|
    |grp_fu_2702_ce     |   14|          3|    1|          3|
    |grp_fu_2702_p0     |   14|          3|   32|         96|
    |hidden_V_address0  |   14|          3|    5|         15|
    |hidden_V_ce0       |   14|          3|    1|          3|
    |pooled_V_address0  |   59|         11|    4|         44|
    |pooled_V_address1  |   53|         10|    4|         40|
    |pooled_V_ce0       |   20|          4|    1|          4|
    |pooled_V_ce1       |   14|          3|    1|          3|
    |pooled_V_d0        |   14|          3|   16|         48|
    |pooled_V_we0       |   14|          3|    1|          3|
    |reg_718            |    9|          2|   16|         32|
    |t_2_fu_334         |    9|          2|    5|         10|
    |t_fu_310           |    9|          2|    5|         10|
    |x_V_address0       |   42|          8|    8|         64|
    |x_V_address1       |   25|          5|    8|         40|
    |x_V_ce0            |   42|          8|    1|          8|
    |x_V_ce1            |   25|          5|    1|          5|
    |x_V_d0             |   31|          6|   16|         96|
    |x_V_d1             |   14|          3|   16|         48|
    |x_V_we0            |   31|          6|    1|          6|
    |x_V_we1            |   14|          3|    1|          3|
    +-------------------+-----+-----------+-----+-----------+
    |Total              |  995|        211|  352|       1244|
    +-------------------+-----+-----------+-----+-----------+

    * Register: 
    +---------------------------------------------------------------------------------+----+----+-----+-----------+
    |                                       Name                                      | FF | LUT| Bits| Const Bits|
    +---------------------------------------------------------------------------------+----+----+-----+-----------+
    |add_ln174_reg_2284                                                               |   5|   0|    5|          0|
    |add_ln176_reg_2305                                                               |   6|   0|    6|          0|
    |add_ln187_reg_2343                                                               |   5|   0|    5|          0|
    |add_ln219_reg_2205                                                               |   5|   0|    5|          0|
    |add_ln220_reg_2241                                                               |   5|   0|    5|          0|
    |add_ln227_reg_2246                                                               |   8|   0|    8|          0|
    |ap_CS_fsm                                                                        |  65|   0|   65|          0|
    |d_1_reg_612                                                                      |   6|   0|    6|          0|
    |d_2_reg_623                                                                      |   5|   0|    5|          0|
    |d_reg_600                                                                        |   5|   0|    5|          0|
    |empty_73_reg_2228                                                                |   4|   0|    8|          4|
    |empty_75_reg_2256                                                                |   4|   0|    4|          0|
    |empty_81_reg_2320                                                                |   5|   0|    5|          0|
    |gmem0_addr_reg_2233                                                              |  64|   0|   64|          0|
    |gmem1_addr_reg_2295                                                              |  64|   0|   64|          0|
    |gmem2_addr_reg_2191                                                              |  64|   0|   64|          0|
    |grp_attention_v2_pruned_fu_634_ap_start_reg                                      |   1|   0|    1|          0|
    |grp_layer_norm_fu_709_ap_start_reg                                               |   1|   0|    1|          0|
    |grp_q16_qksv3_s0_Pipeline_VITIS_LOOP_178_3_fu_674_ap_start_reg                   |   1|   0|    1|          0|
    |grp_q16_qksv3_s0_Pipeline_VITIS_LOOP_189_5_fu_692_ap_start_reg                   |   1|   0|    1|          0|
    |grp_q16_qksv3_s0_Pipeline_VITIS_LOOP_196_6_fu_685_ap_start_reg                   |   1|   0|    1|          0|
    |grp_q16_qksv3_s0_Pipeline_VITIS_LOOP_222_3_fu_649_ap_start_reg                   |   1|   0|    1|          0|
    |grp_q16_qksv3_s0_Pipeline_VITIS_LOOP_243_4_fu_664_ap_start_reg                   |   1|   0|    1|          0|
    |grp_q16_qksv3_s0_Pipeline_VITIS_LOOP_256_5_fu_669_ap_start_reg                   |   1|   0|    1|          0|
    |grp_q16_qksv3_s0_Pipeline_VITIS_LOOP_261_6_VITIS_LOOP_263_7_fu_703_ap_start_reg  |   1|   0|    1|          0|
    |input_r_read_reg_2180                                                            |  64|   0|   64|          0|
    |logits_read_reg_2175                                                             |  64|   0|   64|          0|
    |position_embedding_V_load_reg_2276                                               |  10|   0|   10|          0|
    |r_V_83_reg_2535                                                                  |  20|   0|   21|          1|
    |reg_718                                                                          |  16|   0|   16|          0|
    |reg_723                                                                          |  16|   0|   16|          0|
    |sum_V_1_reg_2266                                                                 |   9|   0|   13|          4|
    |sum_V_2_reg_2325                                                                 |  10|   0|   10|          0|
    |sum_V_3_reg_2330                                                                 |  10|   0|   14|          4|
    |sum_V_4_reg_2359                                                                 |   9|   0|    9|          0|
    |sum_V_5_reg_2364                                                                 |   9|   0|   13|          4|
    |t_2_fu_334                                                                       |   5|   0|    5|          0|
    |t_fu_310                                                                         |   5|   0|    5|          0|
    |tmp_26_reg_2510                                                                  |  20|   0|   20|          0|
    |tmp_28_reg_2556                                                                  |  20|   0|   20|          0|
    |tmp_32_reg_2637                                                                  |  20|   0|   20|          0|
    |tmp_35_reg_2369                                                                  |   4|   0|    9|          5|
    |tmp_5_reg_2271                                                                   |   4|   0|   10|          6|
    |tmp_6_reg_2289                                                                   |   4|   0|    8|          4|
    |tmp_9_reg_2335                                                                   |   5|   0|    9|          4|
    |tmp_reg_2223                                                                     |   4|   0|    8|          4|
    |trunc_ln187_reg_2348                                                             |   4|   0|    4|          0|
    |trunc_ln219_reg_2197                                                             |   4|   0|    4|          0|
    |trunc_ln222_1_reg_2210                                                           |  63|   0|   63|          0|
    |trunc_ln2_reg_2693                                                               |  16|   0|   16|          0|
    |trunc_ln818_2_reg_2688                                                           |  16|   0|   16|          0|
    |zext_ln176_reg_2310                                                              |   6|   0|   64|         58|
    +---------------------------------------------------------------------------------+----+----+-----+-----------+
    |Total                                                                            | 766|   0|  864|         98|
    +---------------------------------------------------------------------------------+----+----+-----+-----------+



================================================================
== Interface
================================================================
* Summary: 
+-----------------------+-----+-----+------------+--------------+--------------+
|       RTL Ports       | Dir | Bits|  Protocol  | Source Object|    C Type    |
+-----------------------+-----+-----+------------+--------------+--------------+
|s_axi_control_AWVALID  |   in|    1|       s_axi|       control|        scalar|
|s_axi_control_AWREADY  |  out|    1|       s_axi|       control|        scalar|
|s_axi_control_AWADDR   |   in|    6|       s_axi|       control|        scalar|
|s_axi_control_WVALID   |   in|    1|       s_axi|       control|        scalar|
|s_axi_control_WREADY   |  out|    1|       s_axi|       control|        scalar|
|s_axi_control_WDATA    |   in|   32|       s_axi|       control|        scalar|
|s_axi_control_WSTRB    |   in|    4|       s_axi|       control|        scalar|
|s_axi_control_ARVALID  |   in|    1|       s_axi|       control|        scalar|
|s_axi_control_ARREADY  |  out|    1|       s_axi|       control|        scalar|
|s_axi_control_ARADDR   |   in|    6|       s_axi|       control|        scalar|
|s_axi_control_RVALID   |  out|    1|       s_axi|       control|        scalar|
|s_axi_control_RREADY   |   in|    1|       s_axi|       control|        scalar|
|s_axi_control_RDATA    |  out|   32|       s_axi|       control|        scalar|
|s_axi_control_RRESP    |  out|    2|       s_axi|       control|        scalar|
|s_axi_control_BVALID   |  out|    1|       s_axi|       control|        scalar|
|s_axi_control_BREADY   |   in|    1|       s_axi|       control|        scalar|
|s_axi_control_BRESP    |  out|    2|       s_axi|       control|        scalar|
|ap_clk                 |   in|    1|  ap_ctrl_hs|  q16_qksv3_s0|  return value|
|ap_rst_n               |   in|    1|  ap_ctrl_hs|  q16_qksv3_s0|  return value|
|interrupt              |  out|    1|  ap_ctrl_hs|  q16_qksv3_s0|  return value|
|m_axi_gmem0_AWVALID    |  out|    1|       m_axi|         gmem0|       pointer|
|m_axi_gmem0_AWREADY    |   in|    1|       m_axi|         gmem0|       pointer|
|m_axi_gmem0_AWADDR     |  out|   64|       m_axi|         gmem0|       pointer|
|m_axi_gmem0_AWID       |  out|    1|       m_axi|         gmem0|       pointer|
|m_axi_gmem0_AWLEN      |  out|    8|       m_axi|         gmem0|       pointer|
|m_axi_gmem0_AWSIZE     |  out|    3|       m_axi|         gmem0|       pointer|
|m_axi_gmem0_AWBURST    |  out|    2|       m_axi|         gmem0|       pointer|
|m_axi_gmem0_AWLOCK     |  out|    2|       m_axi|         gmem0|       pointer|
|m_axi_gmem0_AWCACHE    |  out|    4|       m_axi|         gmem0|       pointer|
|m_axi_gmem0_AWPROT     |  out|    3|       m_axi|         gmem0|       pointer|
|m_axi_gmem0_AWQOS      |  out|    4|       m_axi|         gmem0|       pointer|
|m_axi_gmem0_AWREGION   |  out|    4|       m_axi|         gmem0|       pointer|
|m_axi_gmem0_AWUSER     |  out|    1|       m_axi|         gmem0|       pointer|
|m_axi_gmem0_WVALID     |  out|    1|       m_axi|         gmem0|       pointer|
|m_axi_gmem0_WREADY     |   in|    1|       m_axi|         gmem0|       pointer|
|m_axi_gmem0_WDATA      |  out|   32|       m_axi|         gmem0|       pointer|
|m_axi_gmem0_WSTRB      |  out|    4|       m_axi|         gmem0|       pointer|
|m_axi_gmem0_WLAST      |  out|    1|       m_axi|         gmem0|       pointer|
|m_axi_gmem0_WID        |  out|    1|       m_axi|         gmem0|       pointer|
|m_axi_gmem0_WUSER      |  out|    1|       m_axi|         gmem0|       pointer|
|m_axi_gmem0_ARVALID    |  out|    1|       m_axi|         gmem0|       pointer|
|m_axi_gmem0_ARREADY    |   in|    1|       m_axi|         gmem0|       pointer|
|m_axi_gmem0_ARADDR     |  out|   64|       m_axi|         gmem0|       pointer|
|m_axi_gmem0_ARID       |  out|    1|       m_axi|         gmem0|       pointer|
|m_axi_gmem0_ARLEN      |  out|    8|       m_axi|         gmem0|       pointer|
|m_axi_gmem0_ARSIZE     |  out|    3|       m_axi|         gmem0|       pointer|
|m_axi_gmem0_ARBURST    |  out|    2|       m_axi|         gmem0|       pointer|
|m_axi_gmem0_ARLOCK     |  out|    2|       m_axi|         gmem0|       pointer|
|m_axi_gmem0_ARCACHE    |  out|    4|       m_axi|         gmem0|       pointer|
|m_axi_gmem0_ARPROT     |  out|    3|       m_axi|         gmem0|       pointer|
|m_axi_gmem0_ARQOS      |  out|    4|       m_axi|         gmem0|       pointer|
|m_axi_gmem0_ARREGION   |  out|    4|       m_axi|         gmem0|       pointer|
|m_axi_gmem0_ARUSER     |  out|    1|       m_axi|         gmem0|       pointer|
|m_axi_gmem0_RVALID     |   in|    1|       m_axi|         gmem0|       pointer|
|m_axi_gmem0_RREADY     |  out|    1|       m_axi|         gmem0|       pointer|
|m_axi_gmem0_RDATA      |   in|   32|       m_axi|         gmem0|       pointer|
|m_axi_gmem0_RLAST      |   in|    1|       m_axi|         gmem0|       pointer|
|m_axi_gmem0_RID        |   in|    1|       m_axi|         gmem0|       pointer|
|m_axi_gmem0_RUSER      |   in|    1|       m_axi|         gmem0|       pointer|
|m_axi_gmem0_RRESP      |   in|    2|       m_axi|         gmem0|       pointer|
|m_axi_gmem0_BVALID     |   in|    1|       m_axi|         gmem0|       pointer|
|m_axi_gmem0_BREADY     |  out|    1|       m_axi|         gmem0|       pointer|
|m_axi_gmem0_BRESP      |   in|    2|       m_axi|         gmem0|       pointer|
|m_axi_gmem0_BID        |   in|    1|       m_axi|         gmem0|       pointer|
|m_axi_gmem0_BUSER      |   in|    1|       m_axi|         gmem0|       pointer|
|m_axi_gmem2_AWVALID    |  out|    1|       m_axi|         gmem2|       pointer|
|m_axi_gmem2_AWREADY    |   in|    1|       m_axi|         gmem2|       pointer|
|m_axi_gmem2_AWADDR     |  out|   64|       m_axi|         gmem2|       pointer|
|m_axi_gmem2_AWID       |  out|    1|       m_axi|         gmem2|       pointer|
|m_axi_gmem2_AWLEN      |  out|    8|       m_axi|         gmem2|       pointer|
|m_axi_gmem2_AWSIZE     |  out|    3|       m_axi|         gmem2|       pointer|
|m_axi_gmem2_AWBURST    |  out|    2|       m_axi|         gmem2|       pointer|
|m_axi_gmem2_AWLOCK     |  out|    2|       m_axi|         gmem2|       pointer|
|m_axi_gmem2_AWCACHE    |  out|    4|       m_axi|         gmem2|       pointer|
|m_axi_gmem2_AWPROT     |  out|    3|       m_axi|         gmem2|       pointer|
|m_axi_gmem2_AWQOS      |  out|    4|       m_axi|         gmem2|       pointer|
|m_axi_gmem2_AWREGION   |  out|    4|       m_axi|         gmem2|       pointer|
|m_axi_gmem2_AWUSER     |  out|    1|       m_axi|         gmem2|       pointer|
|m_axi_gmem2_WVALID     |  out|    1|       m_axi|         gmem2|       pointer|
|m_axi_gmem2_WREADY     |   in|    1|       m_axi|         gmem2|       pointer|
|m_axi_gmem2_WDATA      |  out|   32|       m_axi|         gmem2|       pointer|
|m_axi_gmem2_WSTRB      |  out|    4|       m_axi|         gmem2|       pointer|
|m_axi_gmem2_WLAST      |  out|    1|       m_axi|         gmem2|       pointer|
|m_axi_gmem2_WID        |  out|    1|       m_axi|         gmem2|       pointer|
|m_axi_gmem2_WUSER      |  out|    1|       m_axi|         gmem2|       pointer|
|m_axi_gmem2_ARVALID    |  out|    1|       m_axi|         gmem2|       pointer|
|m_axi_gmem2_ARREADY    |   in|    1|       m_axi|         gmem2|       pointer|
|m_axi_gmem2_ARADDR     |  out|   64|       m_axi|         gmem2|       pointer|
|m_axi_gmem2_ARID       |  out|    1|       m_axi|         gmem2|       pointer|
|m_axi_gmem2_ARLEN      |  out|    8|       m_axi|         gmem2|       pointer|
|m_axi_gmem2_ARSIZE     |  out|    3|       m_axi|         gmem2|       pointer|
|m_axi_gmem2_ARBURST    |  out|    2|       m_axi|         gmem2|       pointer|
|m_axi_gmem2_ARLOCK     |  out|    2|       m_axi|         gmem2|       pointer|
|m_axi_gmem2_ARCACHE    |  out|    4|       m_axi|         gmem2|       pointer|
|m_axi_gmem2_ARPROT     |  out|    3|       m_axi|         gmem2|       pointer|
|m_axi_gmem2_ARQOS      |  out|    4|       m_axi|         gmem2|       pointer|
|m_axi_gmem2_ARREGION   |  out|    4|       m_axi|         gmem2|       pointer|
|m_axi_gmem2_ARUSER     |  out|    1|       m_axi|         gmem2|       pointer|
|m_axi_gmem2_RVALID     |   in|    1|       m_axi|         gmem2|       pointer|
|m_axi_gmem2_RREADY     |  out|    1|       m_axi|         gmem2|       pointer|
|m_axi_gmem2_RDATA      |   in|   32|       m_axi|         gmem2|       pointer|
|m_axi_gmem2_RLAST      |   in|    1|       m_axi|         gmem2|       pointer|
|m_axi_gmem2_RID        |   in|    1|       m_axi|         gmem2|       pointer|
|m_axi_gmem2_RUSER      |   in|    1|       m_axi|         gmem2|       pointer|
|m_axi_gmem2_RRESP      |   in|    2|       m_axi|         gmem2|       pointer|
|m_axi_gmem2_BVALID     |   in|    1|       m_axi|         gmem2|       pointer|
|m_axi_gmem2_BREADY     |  out|    1|       m_axi|         gmem2|       pointer|
|m_axi_gmem2_BRESP      |   in|    2|       m_axi|         gmem2|       pointer|
|m_axi_gmem2_BID        |   in|    1|       m_axi|         gmem2|       pointer|
|m_axi_gmem2_BUSER      |   in|    1|       m_axi|         gmem2|       pointer|
|m_axi_gmem1_AWVALID    |  out|    1|       m_axi|         gmem1|       pointer|
|m_axi_gmem1_AWREADY    |   in|    1|       m_axi|         gmem1|       pointer|
|m_axi_gmem1_AWADDR     |  out|   64|       m_axi|         gmem1|       pointer|
|m_axi_gmem1_AWID       |  out|    1|       m_axi|         gmem1|       pointer|
|m_axi_gmem1_AWLEN      |  out|    8|       m_axi|         gmem1|       pointer|
|m_axi_gmem1_AWSIZE     |  out|    3|       m_axi|         gmem1|       pointer|
|m_axi_gmem1_AWBURST    |  out|    2|       m_axi|         gmem1|       pointer|
|m_axi_gmem1_AWLOCK     |  out|    2|       m_axi|         gmem1|       pointer|
|m_axi_gmem1_AWCACHE    |  out|    4|       m_axi|         gmem1|       pointer|
|m_axi_gmem1_AWPROT     |  out|    3|       m_axi|         gmem1|       pointer|
|m_axi_gmem1_AWQOS      |  out|    4|       m_axi|         gmem1|       pointer|
|m_axi_gmem1_AWREGION   |  out|    4|       m_axi|         gmem1|       pointer|
|m_axi_gmem1_AWUSER     |  out|    1|       m_axi|         gmem1|       pointer|
|m_axi_gmem1_WVALID     |  out|    1|       m_axi|         gmem1|       pointer|
|m_axi_gmem1_WREADY     |   in|    1|       m_axi|         gmem1|       pointer|
|m_axi_gmem1_WDATA      |  out|   32|       m_axi|         gmem1|       pointer|
|m_axi_gmem1_WSTRB      |  out|    4|       m_axi|         gmem1|       pointer|
|m_axi_gmem1_WLAST      |  out|    1|       m_axi|         gmem1|       pointer|
|m_axi_gmem1_WID        |  out|    1|       m_axi|         gmem1|       pointer|
|m_axi_gmem1_WUSER      |  out|    1|       m_axi|         gmem1|       pointer|
|m_axi_gmem1_ARVALID    |  out|    1|       m_axi|         gmem1|       pointer|
|m_axi_gmem1_ARREADY    |   in|    1|       m_axi|         gmem1|       pointer|
|m_axi_gmem1_ARADDR     |  out|   64|       m_axi|         gmem1|       pointer|
|m_axi_gmem1_ARID       |  out|    1|       m_axi|         gmem1|       pointer|
|m_axi_gmem1_ARLEN      |  out|    8|       m_axi|         gmem1|       pointer|
|m_axi_gmem1_ARSIZE     |  out|    3|       m_axi|         gmem1|       pointer|
|m_axi_gmem1_ARBURST    |  out|    2|       m_axi|         gmem1|       pointer|
|m_axi_gmem1_ARLOCK     |  out|    2|       m_axi|         gmem1|       pointer|
|m_axi_gmem1_ARCACHE    |  out|    4|       m_axi|         gmem1|       pointer|
|m_axi_gmem1_ARPROT     |  out|    3|       m_axi|         gmem1|       pointer|
|m_axi_gmem1_ARQOS      |  out|    4|       m_axi|         gmem1|       pointer|
|m_axi_gmem1_ARREGION   |  out|    4|       m_axi|         gmem1|       pointer|
|m_axi_gmem1_ARUSER     |  out|    1|       m_axi|         gmem1|       pointer|
|m_axi_gmem1_RVALID     |   in|    1|       m_axi|         gmem1|       pointer|
|m_axi_gmem1_RREADY     |  out|    1|       m_axi|         gmem1|       pointer|
|m_axi_gmem1_RDATA      |   in|   32|       m_axi|         gmem1|       pointer|
|m_axi_gmem1_RLAST      |   in|    1|       m_axi|         gmem1|       pointer|
|m_axi_gmem1_RID        |   in|    1|       m_axi|         gmem1|       pointer|
|m_axi_gmem1_RUSER      |   in|    1|       m_axi|         gmem1|       pointer|
|m_axi_gmem1_RRESP      |   in|    2|       m_axi|         gmem1|       pointer|
|m_axi_gmem1_BVALID     |   in|    1|       m_axi|         gmem1|       pointer|
|m_axi_gmem1_BREADY     |  out|    1|       m_axi|         gmem1|       pointer|
|m_axi_gmem1_BRESP      |   in|    2|       m_axi|         gmem1|       pointer|
|m_axi_gmem1_BID        |   in|    1|       m_axi|         gmem1|       pointer|
|m_axi_gmem1_BUSER      |   in|    1|       m_axi|         gmem1|       pointer|
+-----------------------+-----+-----+------------+--------------+--------------+

