

================================================================
== Vitis HLS Report for 'layer_norm_1d_ap_fixed_ap_fixed_ap_fixed_ap_fixed_16_6_0_0_0_Pipeline_VITIS_LO_1'
================================================================
* Date:           Mon Jun 29 21:37:56 2026

* Version:        2022.2 (Build 3670227 on Oct 13 2022)
* Project:        unsw_linear_transformer_fixed16_v1_prj
* Solution:       solution1 (Vivado IP Flow Target)
* Product family: zynq
* Target device:  xc7z020-clg400-1


================================================================
== Performance Estimates
================================================================
+ Timing: 
    * Summary: 
    +--------+----------+----------+------------+
    |  Clock |  Target  | Estimated| Uncertainty|
    +--------+----------+----------+------------+
    |ap_clk  |  10.00 ns|  7.147 ns|     2.70 ns|
    +--------+----------+----------+------------+

+ Latency: 
    * Summary: 
    +---------+---------+----------+----------+-----+-----+---------+
    |  Latency (cycles) |  Latency (absolute) |  Interval | Pipeline|
    |   min   |   max   |    min   |    max   | min | max |   Type  |
    +---------+---------+----------+----------+-----+-----+---------+
    |       21|       21|  0.210 us|  0.210 us|   21|   21|       no|
    +---------+---------+----------+----------+-----+-----+---------+

    + Detail: 
        * Instance: 
        N/A

        * Loop: 
        +-------------------+---------+---------+----------+-----------+-----------+------+----------+
        |                   |  Latency (cycles) | Iteration|  Initiation Interval  | Trip |          |
        |     Loop Name     |   min   |   max   |  Latency |  achieved |   target  | Count| Pipelined|
        +-------------------+---------+---------+----------+-----------+-----------+------+----------+
        |- VITIS_LOOP_59_2  |       19|       19|         5|          1|          1|    16|       yes|
        +-------------------+---------+---------+----------+-----------+-----------+------+----------+

============================================================
+ Verbose Summary: Synthesis Manager
============================================================
InlineROM: 1
ExposeGlobal: 0
============================================================
+ Verbose Summary: CDFG Model
============================================================
IsTopModel: 0
ResetActiveHigh: 1
IsCombinational: 0
IsDatapathOnly: 0
HasWiredReturn: 1
HasMFsm: 2
HasVarLatency: 1
IsPipeline: 0
IsRtlPipelined: 0
IsInstanceOverlapped: 0
IsDontTouch: 0
HasImplIP: 0
IsGatedGlobalClock: 0

+ Individual pipeline summary: 
  * Pipeline-0: initiation interval (II) = 1, depth = 5


============================================================
+ Verbose Summary: Schedule
============================================================
* Number of FSM states : 5
* Pipeline : 1
  Pipeline-0 : II = 1, D = 5, States = { 1 2 3 4 5 }
* Dataflow Pipeline: 0

* FSM state transitions: 
1 --> 2 
2 --> 3 
3 --> 4 
4 --> 5 
5 --> 

* FSM state operations: 

State 1 <SV = 0> <Delay = 3.36>
ST_1 : Operation 8 [1/1] (0.00ns)   --->   "%lhs_V = alloca i32 1"   --->   Operation 8 'alloca' 'lhs_V' <Predicate = true> <Delay = 0.00>
ST_1 : Operation 9 [1/1] (0.00ns)   --->   "%feature_3 = alloca i32 1"   --->   Operation 9 'alloca' 'feature_3' <Predicate = true> <Delay = 0.00>
ST_1 : Operation 10 [1/1] (0.00ns)   --->   "%sext_ln1348_read = read i16 @_ssdm_op_Read.ap_auto.i16, i16 %sext_ln1348"   --->   Operation 10 'read' 'sext_ln1348_read' <Predicate = true> <Delay = 0.00>
ST_1 : Operation 11 [1/1] (0.00ns)   --->   "%sext_ln1348_cast = sext i16 %sext_ln1348_read"   --->   Operation 11 'sext' 'sext_ln1348_cast' <Predicate = true> <Delay = 0.00>
ST_1 : Operation 12 [1/1] (1.58ns)   --->   "%store_ln0 = store i5 0, i5 %feature_3"   --->   Operation 12 'store' 'store_ln0' <Predicate = true> <Delay = 1.58>
ST_1 : Operation 13 [1/1] (1.58ns)   --->   "%store_ln0 = store i24 0, i24 %lhs_V"   --->   Operation 13 'store' 'store_ln0' <Predicate = true> <Delay = 1.58>
ST_1 : Operation 14 [1/1] (0.00ns)   --->   "%br_ln0 = br void %for.body7"   --->   Operation 14 'br' 'br_ln0' <Predicate = true> <Delay = 0.00>
ST_1 : Operation 15 [1/1] (0.00ns)   --->   "%feature = load i5 %feature_3" [src/unsw_linear_transformer.cpp:59]   --->   Operation 15 'load' 'feature' <Predicate = true> <Delay = 0.00>
ST_1 : Operation 16 [1/1] (0.00ns)   --->   "%specpipeline_ln0 = specpipeline void @_ssdm_op_SpecPipeline, i32 4294967295, i32 0, i32 1, i32 0, void @p_str"   --->   Operation 16 'specpipeline' 'specpipeline_ln0' <Predicate = true> <Delay = 0.00>
ST_1 : Operation 17 [1/1] (1.36ns)   --->   "%icmp_ln59 = icmp_eq  i5 %feature, i5 16" [src/unsw_linear_transformer.cpp:59]   --->   Operation 17 'icmp' 'icmp_ln59' <Predicate = true> <Delay = 1.36> <CoreInst = "Cmp">   --->   Core 9 'Cmp' <Latency = 0> <II = 1> <Delay = 1.36> <FuncUnit> <Opcode : 'icmp'> <InPorts = 2> <OutPorts = 1>
ST_1 : Operation 18 [1/1] (0.00ns)   --->   "%empty = speclooptripcount i32 @_ssdm_op_SpecLoopTripCount, i64 16, i64 16, i64 16"   --->   Operation 18 'speclooptripcount' 'empty' <Predicate = true> <Delay = 0.00>
ST_1 : Operation 19 [1/1] (1.78ns)   --->   "%add_ln59 = add i5 %feature, i5 1" [src/unsw_linear_transformer.cpp:59]   --->   Operation 19 'add' 'add_ln59' <Predicate = true> <Delay = 1.78> <CoreInst = "Adder">   --->   Core 1 'Adder' <Latency = 0> <II = 1> <Delay = 1.78> <FuncUnit> <Opcode : 'add' 'sub'> <InPorts = 2> <OutPorts = 1>
ST_1 : Operation 20 [1/1] (0.00ns)   --->   "%br_ln59 = br i1 %icmp_ln59, void %for.body7.split_ifconv, void %_ZN8ap_fixedILi24ELi10EL9ap_q_mode0EL9ap_o_mode0ELi0EEC2Ei.exit688_ifconv.exitStub" [src/unsw_linear_transformer.cpp:59]   --->   Operation 20 'br' 'br_ln59' <Predicate = true> <Delay = 0.00>
ST_1 : Operation 21 [1/1] (0.00ns)   --->   "%feature_3_cast = zext i5 %feature" [src/unsw_linear_transformer.cpp:59]   --->   Operation 21 'zext' 'feature_3_cast' <Predicate = (!icmp_ln59)> <Delay = 0.00>
ST_1 : Operation 22 [1/1] (0.00ns)   --->   "%input_addr = getelementptr i16 %input_r, i64 0, i64 %feature_3_cast" [src/unsw_linear_transformer.cpp:60]   --->   Operation 22 'getelementptr' 'input_addr' <Predicate = (!icmp_ln59)> <Delay = 0.00>
ST_1 : Operation 23 [2/2] (2.32ns)   --->   "%input_load_3 = load i4 %input_addr" [src/unsw_linear_transformer.cpp:60]   --->   Operation 23 'load' 'input_load_3' <Predicate = (!icmp_ln59)> <Delay = 2.32> <CoreInst = "RAM">   --->   Core 82 'RAM' <Latency = 1> <II = 1> <Delay = 2.32> <Storage> <Opcode : 'load' 'store'> <Ports = 2> <Width = 16> <Depth = 16> <RAM>
ST_1 : Operation 24 [1/1] (1.58ns)   --->   "%store_ln59 = store i5 %add_ln59, i5 %feature_3" [src/unsw_linear_transformer.cpp:59]   --->   Operation 24 'store' 'store_ln59' <Predicate = (!icmp_ln59)> <Delay = 1.58>

State 2 <SV = 1> <Delay = 5.37>
ST_2 : Operation 25 [1/2] (2.32ns)   --->   "%input_load_3 = load i4 %input_addr" [src/unsw_linear_transformer.cpp:60]   --->   Operation 25 'load' 'input_load_3' <Predicate = true> <Delay = 2.32> <CoreInst = "RAM">   --->   Core 82 'RAM' <Latency = 1> <II = 1> <Delay = 2.32> <Storage> <Opcode : 'load' 'store'> <Ports = 2> <Width = 16> <Depth = 16> <RAM>
ST_2 : Operation 26 [1/1] (0.00ns)   --->   "%sext_ln1348_3 = sext i16 %input_load_3"   --->   Operation 26 'sext' 'sext_ln1348_3' <Predicate = true> <Delay = 0.00>
ST_2 : Operation 27 [1/1] (2.07ns)   --->   "%ret_V = sub i17 %sext_ln1348_3, i17 %sext_ln1348_cast"   --->   Operation 27 'sub' 'ret_V' <Predicate = true> <Delay = 2.07> <CoreInst = "Adder">   --->   Core 1 'Adder' <Latency = 0> <II = 1> <Delay = 2.07> <FuncUnit> <Opcode : 'add' 'sub'> <InPorts = 2> <OutPorts = 1>
ST_2 : Operation 28 [1/1] (0.00ns)   --->   "%p_Result_s = bitselect i1 @_ssdm_op_BitSelect.i1.i17.i32, i17 %ret_V, i32 16"   --->   Operation 28 'bitselect' 'p_Result_s' <Predicate = true> <Delay = 0.00>
ST_2 : Operation 29 [1/1] (0.00ns) (grouped into LUT with out node select_ln302)   --->   "%centered_V = trunc i17 %ret_V"   --->   Operation 29 'trunc' 'centered_V' <Predicate = true> <Delay = 0.00>
ST_2 : Operation 30 [1/1] (0.00ns)   --->   "%p_Result_135 = bitselect i1 @_ssdm_op_BitSelect.i1.i17.i32, i17 %ret_V, i32 15"   --->   Operation 30 'bitselect' 'p_Result_135' <Predicate = true> <Delay = 0.00>
ST_2 : Operation 31 [1/1] (0.00ns) (grouped into LUT with out node select_ln302)   --->   "%xor_ln895_66 = xor i1 %p_Result_s, i1 1"   --->   Operation 31 'xor' 'xor_ln895_66' <Predicate = true> <Delay = 0.00> <CoreInst = "LogicGate">   --->   Core 74 'LogicGate' <Latency = 0> <II = 1> <Delay = 0.97> <FuncUnit> <Opcode : 'and' 'or' 'xor'> <InPorts = 2> <OutPorts = 1>
ST_2 : Operation 32 [1/1] (0.00ns) (grouped into LUT with out node select_ln302)   --->   "%overflow = and i1 %p_Result_135, i1 %xor_ln895_66"   --->   Operation 32 'and' 'overflow' <Predicate = true> <Delay = 0.00> <CoreInst = "LogicGate">   --->   Core 74 'LogicGate' <Latency = 0> <II = 1> <Delay = 0.97> <FuncUnit> <Opcode : 'and' 'or' 'xor'> <InPorts = 2> <OutPorts = 1>
ST_2 : Operation 33 [1/1] (0.00ns) (grouped into LUT with out node select_ln302)   --->   "%xor_ln302_7 = xor i1 %p_Result_s, i1 %p_Result_135"   --->   Operation 33 'xor' 'xor_ln302_7' <Predicate = true> <Delay = 0.00> <CoreInst = "LogicGate">   --->   Core 74 'LogicGate' <Latency = 0> <II = 1> <Delay = 0.97> <FuncUnit> <Opcode : 'and' 'or' 'xor'> <InPorts = 2> <OutPorts = 1>
ST_2 : Operation 34 [1/1] (0.00ns) (grouped into LUT with out node select_ln302)   --->   "%select_ln346 = select i1 %overflow, i16 32767, i16 32768"   --->   Operation 34 'select' 'select_ln346' <Predicate = true> <Delay = 0.00> <CoreInst = "Sel">   --->   Core 73 'Sel' <Latency = 0> <II = 1> <Delay = 0.80> <FuncUnit> <Opcode : 'select'> <InPorts = 3> <OutPorts = 1>
ST_2 : Operation 35 [1/1] (0.97ns) (out node of the LUT)   --->   "%select_ln302 = select i1 %xor_ln302_7, i16 %select_ln346, i16 %centered_V"   --->   Operation 35 'select' 'select_ln302' <Predicate = true> <Delay = 0.97> <CoreInst = "Sel">   --->   Core 73 'Sel' <Latency = 0> <II = 1> <Delay = 0.80> <FuncUnit> <Opcode : 'select'> <InPorts = 3> <OutPorts = 1>

State 3 <SV = 2> <Delay = 5.86>
ST_3 : Operation 36 [1/1] (0.00ns)   --->   "%r_V = bitconcatenate i20 @_ssdm_op_BitConcatenate.i20.i16.i4, i16 %select_ln302, i4 0"   --->   Operation 36 'bitconcatenate' 'r_V' <Predicate = true> <Delay = 0.00>
ST_3 : Operation 37 [1/1] (0.00ns)   --->   "%sext_ln1270 = sext i20 %r_V"   --->   Operation 37 'sext' 'sext_ln1270' <Predicate = true> <Delay = 0.00>
ST_3 : Operation 38 [1/1] (5.86ns)   --->   "%r_V_5 = mul i40 %sext_ln1270, i40 %sext_ln1270"   --->   Operation 38 'mul' 'r_V_5' <Predicate = true> <Delay = 5.86> <CoreInst = "Multiplier">   --->   Core 3 'Multiplier' <Latency = 0> <II = 1> <Delay = 5.86> <FuncUnit> <Opcode : 'mul'> <InPorts = 2> <OutPorts = 1>
ST_3 : Operation 39 [1/1] (0.00ns)   --->   "%tmp_1596 = bitselect i1 @_ssdm_op_BitSelect.i1.i40.i32, i40 %r_V_5, i32 13"   --->   Operation 39 'bitselect' 'tmp_1596' <Predicate = true> <Delay = 0.00>

State 4 <SV = 3> <Delay = 7.14>
ST_4 : Operation 40 [1/1] (0.00ns)   --->   "%lhs_V_load_1 = load i24 %lhs_V"   --->   Operation 40 'load' 'lhs_V_load_1' <Predicate = true> <Delay = 0.00>
ST_4 : Operation 41 [1/1] (0.00ns)   --->   "%lhs_V_2 = bitconcatenate i38 @_ssdm_op_BitConcatenate.i38.i24.i14, i24 %lhs_V_load_1, i14 0"   --->   Operation 41 'bitconcatenate' 'lhs_V_2' <Predicate = true> <Delay = 0.00>
ST_4 : Operation 42 [1/1] (0.00ns)   --->   "%sext_ln1347 = sext i38 %lhs_V_2"   --->   Operation 42 'sext' 'sext_ln1347' <Predicate = true> <Delay = 0.00>
ST_4 : Operation 43 [1/1] (2.87ns)   --->   "%ret_V_2 = add i40 %sext_ln1347, i40 %r_V_5"   --->   Operation 43 'add' 'ret_V_2' <Predicate = true> <Delay = 2.87> <CoreInst = "Adder">   --->   Core 1 'Adder' <Latency = 0> <II = 1> <Delay = 2.87> <FuncUnit> <Opcode : 'add' 'sub'> <InPorts = 2> <OutPorts = 1>
ST_4 : Operation 44 [1/1] (0.00ns)   --->   "%p_Result_136 = bitselect i1 @_ssdm_op_BitSelect.i1.i40.i32, i40 %ret_V_2, i32 39"   --->   Operation 44 'bitselect' 'p_Result_136' <Predicate = true> <Delay = 0.00>
ST_4 : Operation 45 [1/1] (0.00ns)   --->   "%variance_V_3 = partselect i24 @_ssdm_op_PartSelect.i24.i40.i32.i32, i40 %ret_V_2, i32 14, i32 37"   --->   Operation 45 'partselect' 'variance_V_3' <Predicate = true> <Delay = 0.00>
ST_4 : Operation 46 [1/1] (0.00ns)   --->   "%p_Result_137 = bitselect i1 @_ssdm_op_BitSelect.i1.i40.i32, i40 %ret_V_2, i32 37"   --->   Operation 46 'bitselect' 'p_Result_137' <Predicate = true> <Delay = 0.00>
ST_4 : Operation 47 [1/1] (0.00ns)   --->   "%zext_ln377 = zext i1 %tmp_1596"   --->   Operation 47 'zext' 'zext_ln377' <Predicate = true> <Delay = 0.00>
ST_4 : Operation 48 [1/1] (2.31ns)   --->   "%variance_V_4 = add i24 %zext_ln377, i24 %variance_V_3"   --->   Operation 48 'add' 'variance_V_4' <Predicate = true> <Delay = 2.31> <CoreInst = "Adder">   --->   Core 1 'Adder' <Latency = 0> <II = 1> <Delay = 2.31> <FuncUnit> <Opcode : 'add' 'sub'> <InPorts = 2> <OutPorts = 1>
ST_4 : Operation 49 [1/1] (0.00ns)   --->   "%p_Result_138 = bitselect i1 @_ssdm_op_BitSelect.i1.i24.i32, i24 %variance_V_4, i32 23"   --->   Operation 49 'bitselect' 'p_Result_138' <Predicate = true> <Delay = 0.00>
ST_4 : Operation 50 [1/1] (0.97ns)   --->   "%xor_ln896_68 = xor i1 %p_Result_138, i1 1"   --->   Operation 50 'xor' 'xor_ln896_68' <Predicate = true> <Delay = 0.97> <CoreInst = "LogicGate">   --->   Core 74 'LogicGate' <Latency = 0> <II = 1> <Delay = 0.97> <FuncUnit> <Opcode : 'and' 'or' 'xor'> <InPorts = 2> <OutPorts = 1>
ST_4 : Operation 51 [1/1] (0.97ns)   --->   "%carry_27 = and i1 %p_Result_137, i1 %xor_ln896_68"   --->   Operation 51 'and' 'carry_27' <Predicate = true> <Delay = 0.97> <CoreInst = "LogicGate">   --->   Core 74 'LogicGate' <Latency = 0> <II = 1> <Delay = 0.97> <FuncUnit> <Opcode : 'and' 'or' 'xor'> <InPorts = 2> <OutPorts = 1>
ST_4 : Operation 52 [1/1] (0.00ns)   --->   "%tmp = partselect i2 @_ssdm_op_PartSelect.i2.i40.i32.i32, i40 %ret_V_2, i32 38, i32 39"   --->   Operation 52 'partselect' 'tmp' <Predicate = true> <Delay = 0.00>
ST_4 : Operation 53 [1/1] (0.95ns)   --->   "%Range1_all_ones = icmp_eq  i2 %tmp, i2 3"   --->   Operation 53 'icmp' 'Range1_all_ones' <Predicate = true> <Delay = 0.95> <CoreInst = "Cmp">   --->   Core 9 'Cmp' <Latency = 0> <II = 1> <Delay = 0.95> <FuncUnit> <Opcode : 'icmp'> <InPorts = 2> <OutPorts = 1>
ST_4 : Operation 54 [1/1] (0.95ns)   --->   "%Range1_all_zeros = icmp_eq  i2 %tmp, i2 0"   --->   Operation 54 'icmp' 'Range1_all_zeros' <Predicate = true> <Delay = 0.95> <CoreInst = "Cmp">   --->   Core 9 'Cmp' <Latency = 0> <II = 1> <Delay = 0.95> <FuncUnit> <Opcode : 'icmp'> <InPorts = 2> <OutPorts = 1>
ST_4 : Operation 76 [1/1] (0.00ns)   --->   "%lhs_V_load = load i24 %lhs_V"   --->   Operation 76 'load' 'lhs_V_load' <Predicate = (icmp_ln59)> <Delay = 0.00>
ST_4 : Operation 77 [1/1] (0.00ns)   --->   "%write_ln0 = write void @_ssdm_op_Write.ap_auto.i24P0A, i24 %variance_V_4_out, i24 %lhs_V_load"   --->   Operation 77 'write' 'write_ln0' <Predicate = (icmp_ln59)> <Delay = 0.00>
ST_4 : Operation 78 [1/1] (0.00ns)   --->   "%ret_ln0 = ret"   --->   Operation 78 'ret' 'ret_ln0' <Predicate = (icmp_ln59)> <Delay = 0.00>

State 5 <SV = 4> <Delay = 4.25>
ST_5 : Operation 55 [1/1] (0.00ns)   --->   "%specloopname_ln58 = specloopname void @_ssdm_op_SpecLoopName, void @empty_12" [src/unsw_linear_transformer.cpp:58]   --->   Operation 55 'specloopname' 'specloopname_ln58' <Predicate = true> <Delay = 0.00>
ST_5 : Operation 56 [1/1] (0.00ns) (grouped into LUT with out node or_ln896_29)   --->   "%Range2_all_ones = bitselect i1 @_ssdm_op_BitSelect.i1.i40.i32, i40 %ret_V_2, i32 39"   --->   Operation 56 'bitselect' 'Range2_all_ones' <Predicate = (carry_27)> <Delay = 0.00>
ST_5 : Operation 57 [1/1] (0.00ns) (grouped into LUT with out node overflow_11)   --->   "%deleted_zeros = select i1 %carry_27, i1 %Range1_all_ones, i1 %Range1_all_zeros"   --->   Operation 57 'select' 'deleted_zeros' <Predicate = true> <Delay = 0.00> <CoreInst = "Sel">   --->   Core 73 'Sel' <Latency = 0> <II = 1> <Delay = 0.99> <FuncUnit> <Opcode : 'select'> <InPorts = 3> <OutPorts = 1>
ST_5 : Operation 58 [1/1] (0.00ns) (grouped into LUT with out node or_ln896_29)   --->   "%tmp_1599 = bitselect i1 @_ssdm_op_BitSelect.i1.i40.i32, i40 %ret_V_2, i32 38"   --->   Operation 58 'bitselect' 'tmp_1599' <Predicate = (carry_27)> <Delay = 0.00>
ST_5 : Operation 59 [1/1] (0.00ns) (grouped into LUT with out node or_ln896_29)   --->   "%xor_ln890 = xor i1 %tmp_1599, i1 1"   --->   Operation 59 'xor' 'xor_ln890' <Predicate = (carry_27)> <Delay = 0.00> <CoreInst = "LogicGate">   --->   Core 74 'LogicGate' <Latency = 0> <II = 1> <Delay = 0.97> <FuncUnit> <Opcode : 'and' 'or' 'xor'> <InPorts = 2> <OutPorts = 1>
ST_5 : Operation 60 [1/1] (0.00ns) (grouped into LUT with out node or_ln896_29)   --->   "%and_ln890_28 = and i1 %Range2_all_ones, i1 %xor_ln890"   --->   Operation 60 'and' 'and_ln890_28' <Predicate = (carry_27)> <Delay = 0.00> <CoreInst = "LogicGate">   --->   Core 74 'LogicGate' <Latency = 0> <II = 1> <Delay = 0.97> <FuncUnit> <Opcode : 'and' 'or' 'xor'> <InPorts = 2> <OutPorts = 1>
ST_5 : Operation 61 [1/1] (0.00ns) (grouped into LUT with out node or_ln896_29)   --->   "%deleted_ones_14 = select i1 %carry_27, i1 %and_ln890_28, i1 %Range1_all_ones"   --->   Operation 61 'select' 'deleted_ones_14' <Predicate = true> <Delay = 0.00> <CoreInst = "Sel">   --->   Core 73 'Sel' <Latency = 0> <II = 1> <Delay = 0.99> <FuncUnit> <Opcode : 'select'> <InPorts = 3> <OutPorts = 1>
ST_5 : Operation 62 [1/1] (0.00ns) (grouped into LUT with out node or_ln346)   --->   "%and_ln891_28 = and i1 %carry_27, i1 %Range1_all_ones"   --->   Operation 62 'and' 'and_ln891_28' <Predicate = true> <Delay = 0.00> <CoreInst = "LogicGate">   --->   Core 74 'LogicGate' <Latency = 0> <II = 1> <Delay = 0.97> <FuncUnit> <Opcode : 'and' 'or' 'xor'> <InPorts = 2> <OutPorts = 1>
ST_5 : Operation 63 [1/1] (0.00ns) (grouped into LUT with out node overflow_11)   --->   "%xor_ln895_69 = xor i1 %deleted_zeros, i1 1"   --->   Operation 63 'xor' 'xor_ln895_69' <Predicate = true> <Delay = 0.00> <CoreInst = "LogicGate">   --->   Core 74 'LogicGate' <Latency = 0> <II = 1> <Delay = 0.97> <FuncUnit> <Opcode : 'and' 'or' 'xor'> <InPorts = 2> <OutPorts = 1>
ST_5 : Operation 64 [1/1] (0.00ns) (grouped into LUT with out node overflow_11)   --->   "%or_ln895_29 = or i1 %p_Result_138, i1 %xor_ln895_69"   --->   Operation 64 'or' 'or_ln895_29' <Predicate = true> <Delay = 0.00> <CoreInst = "LogicGate">   --->   Core 74 'LogicGate' <Latency = 0> <II = 1> <Delay = 0.97> <FuncUnit> <Opcode : 'and' 'or' 'xor'> <InPorts = 2> <OutPorts = 1>
ST_5 : Operation 65 [1/1] (0.00ns) (grouped into LUT with out node overflow_11)   --->   "%xor_ln895_70 = xor i1 %p_Result_136, i1 1"   --->   Operation 65 'xor' 'xor_ln895_70' <Predicate = true> <Delay = 0.00> <CoreInst = "LogicGate">   --->   Core 74 'LogicGate' <Latency = 0> <II = 1> <Delay = 0.97> <FuncUnit> <Opcode : 'and' 'or' 'xor'> <InPorts = 2> <OutPorts = 1>
ST_5 : Operation 66 [1/1] (0.99ns) (out node of the LUT)   --->   "%overflow_11 = and i1 %or_ln895_29, i1 %xor_ln895_70"   --->   Operation 66 'and' 'overflow_11' <Predicate = true> <Delay = 0.99> <CoreInst = "LogicGate">   --->   Core 74 'LogicGate' <Latency = 0> <II = 1> <Delay = 0.97> <FuncUnit> <Opcode : 'and' 'or' 'xor'> <InPorts = 2> <OutPorts = 1>
ST_5 : Operation 67 [1/1] (0.00ns) (grouped into LUT with out node or_ln896_29)   --->   "%xor_ln896_70 = xor i1 %deleted_ones_14, i1 1"   --->   Operation 67 'xor' 'xor_ln896_70' <Predicate = true> <Delay = 0.00> <CoreInst = "LogicGate">   --->   Core 74 'LogicGate' <Latency = 0> <II = 1> <Delay = 0.97> <FuncUnit> <Opcode : 'and' 'or' 'xor'> <InPorts = 2> <OutPorts = 1>
ST_5 : Operation 68 [1/1] (0.99ns) (out node of the LUT)   --->   "%or_ln896_29 = or i1 %xor_ln896_68, i1 %xor_ln896_70"   --->   Operation 68 'or' 'or_ln896_29' <Predicate = true> <Delay = 0.99> <CoreInst = "LogicGate">   --->   Core 74 'LogicGate' <Latency = 0> <II = 1> <Delay = 0.97> <FuncUnit> <Opcode : 'and' 'or' 'xor'> <InPorts = 2> <OutPorts = 1>
ST_5 : Operation 69 [1/1] (0.00ns) (grouped into LUT with out node or_ln346)   --->   "%xor_ln896 = xor i1 %and_ln891_28, i1 %or_ln896_29"   --->   Operation 69 'xor' 'xor_ln896' <Predicate = true> <Delay = 0.00> <CoreInst = "LogicGate">   --->   Core 74 'LogicGate' <Latency = 0> <II = 1> <Delay = 0.97> <FuncUnit> <Opcode : 'and' 'or' 'xor'> <InPorts = 2> <OutPorts = 1>
ST_5 : Operation 70 [1/1] (0.00ns) (grouped into LUT with out node or_ln346)   --->   "%underflow = and i1 %xor_ln896, i1 %p_Result_136"   --->   Operation 70 'and' 'underflow' <Predicate = true> <Delay = 0.00> <CoreInst = "LogicGate">   --->   Core 74 'LogicGate' <Latency = 0> <II = 1> <Delay = 0.97> <FuncUnit> <Opcode : 'and' 'or' 'xor'> <InPorts = 2> <OutPorts = 1>
ST_5 : Operation 71 [1/1] (0.00ns) (grouped into LUT with out node variance_V)   --->   "%select_ln346_402 = select i1 %overflow_11, i24 8388607, i24 8388608"   --->   Operation 71 'select' 'select_ln346_402' <Predicate = true> <Delay = 0.00> <CoreInst = "Sel">   --->   Core 73 'Sel' <Latency = 0> <II = 1> <Delay = 0.69> <FuncUnit> <Opcode : 'select'> <InPorts = 3> <OutPorts = 1>
ST_5 : Operation 72 [1/1] (0.97ns) (out node of the LUT)   --->   "%or_ln346 = or i1 %overflow_11, i1 %underflow"   --->   Operation 72 'or' 'or_ln346' <Predicate = true> <Delay = 0.97> <CoreInst = "LogicGate">   --->   Core 74 'LogicGate' <Latency = 0> <II = 1> <Delay = 0.97> <FuncUnit> <Opcode : 'and' 'or' 'xor'> <InPorts = 2> <OutPorts = 1>
ST_5 : Operation 73 [1/1] (0.69ns) (out node of the LUT)   --->   "%variance_V = select i1 %or_ln346, i24 %select_ln346_402, i24 %variance_V_4"   --->   Operation 73 'select' 'variance_V' <Predicate = true> <Delay = 0.69> <CoreInst = "Sel">   --->   Core 73 'Sel' <Latency = 0> <II = 1> <Delay = 0.69> <FuncUnit> <Opcode : 'select'> <InPorts = 3> <OutPorts = 1>
ST_5 : Operation 74 [1/1] (1.58ns)   --->   "%store_ln59 = store i24 %variance_V, i24 %lhs_V" [src/unsw_linear_transformer.cpp:59]   --->   Operation 74 'store' 'store_ln59' <Predicate = true> <Delay = 1.58>
ST_5 : Operation 75 [1/1] (0.00ns)   --->   "%br_ln59 = br void %for.body7" [src/unsw_linear_transformer.cpp:59]   --->   Operation 75 'br' 'br_ln59' <Predicate = true> <Delay = 0.00>


============================================================
+ Verbose Summary: Binding
============================================================
STG Binding: 
---------------- STG Properties BEGIN ----------------
- Is combinational: 0
- Is one-state seq: 0
- Is datapath-only: 0
- Is pipelined: 0
- Is top level: 0
Port [ Return ] is wired: 1; IO mode=ap_ctrl_hs:ce=0
Port [ input_r]:  wired=1; compound=1; hidden=0; nouse=0; global=0; static=0; extern=0; dir=0; type=1; pingpong=0; private_global=0; MemPort=[13]; IO mode=ap_memory:ce=0
Port [ sext_ln1348]:  wired=1; compound=0; hidden=0; nouse=0; global=0; static=0; extern=0; dir=0; type=0; pingpong=0; private_global=0; IO mode=ap_none:ce=0
Port [ variance_V_4_out]:  wired=1; compound=0; hidden=0; nouse=0; global=0; static=0; extern=0; dir=1; type=0; pingpong=0; private_global=0; IO mode=ap_vld:ce=0
---------------- STG Properties END ------------------

---------------- Datapath Model BEGIN ----------------

<LifeTime>
<method=bitvector/>
lhs_V             (alloca           ) [ 011111]
feature_3         (alloca           ) [ 010000]
sext_ln1348_read  (read             ) [ 000000]
sext_ln1348_cast  (sext             ) [ 011000]
store_ln0         (store            ) [ 000000]
store_ln0         (store            ) [ 000000]
br_ln0            (br               ) [ 000000]
feature           (load             ) [ 000000]
specpipeline_ln0  (specpipeline     ) [ 000000]
icmp_ln59         (icmp             ) [ 011110]
empty             (speclooptripcount) [ 000000]
add_ln59          (add              ) [ 000000]
br_ln59           (br               ) [ 000000]
feature_3_cast    (zext             ) [ 000000]
input_addr        (getelementptr    ) [ 011000]
store_ln59        (store            ) [ 000000]
input_load_3      (load             ) [ 000000]
sext_ln1348_3     (sext             ) [ 000000]
ret_V             (sub              ) [ 000000]
p_Result_s        (bitselect        ) [ 000000]
centered_V        (trunc            ) [ 000000]
p_Result_135      (bitselect        ) [ 000000]
xor_ln895_66      (xor              ) [ 000000]
overflow          (and              ) [ 000000]
xor_ln302_7       (xor              ) [ 000000]
select_ln346      (select           ) [ 000000]
select_ln302      (select           ) [ 010100]
r_V               (bitconcatenate   ) [ 000000]
sext_ln1270       (sext             ) [ 000000]
r_V_5             (mul              ) [ 010010]
tmp_1596          (bitselect        ) [ 010010]
lhs_V_load_1      (load             ) [ 000000]
lhs_V_2           (bitconcatenate   ) [ 000000]
sext_ln1347       (sext             ) [ 000000]
ret_V_2           (add              ) [ 010001]
p_Result_136      (bitselect        ) [ 010001]
variance_V_3      (partselect       ) [ 000000]
p_Result_137      (bitselect        ) [ 000000]
zext_ln377        (zext             ) [ 000000]
variance_V_4      (add              ) [ 010001]
p_Result_138      (bitselect        ) [ 010001]
xor_ln896_68      (xor              ) [ 010001]
carry_27          (and              ) [ 010001]
tmp               (partselect       ) [ 000000]
Range1_all_ones   (icmp             ) [ 010001]
Range1_all_zeros  (icmp             ) [ 010001]
specloopname_ln58 (specloopname     ) [ 000000]
Range2_all_ones   (bitselect        ) [ 000000]
deleted_zeros     (select           ) [ 000000]
tmp_1599          (bitselect        ) [ 000000]
xor_ln890         (xor              ) [ 000000]
and_ln890_28      (and              ) [ 000000]
deleted_ones_14   (select           ) [ 000000]
and_ln891_28      (and              ) [ 000000]
xor_ln895_69      (xor              ) [ 000000]
or_ln895_29       (or               ) [ 000000]
xor_ln895_70      (xor              ) [ 000000]
overflow_11       (and              ) [ 000000]
xor_ln896_70      (xor              ) [ 000000]
or_ln896_29       (or               ) [ 000000]
xor_ln896         (xor              ) [ 000000]
underflow         (and              ) [ 000000]
select_ln346_402  (select           ) [ 000000]
or_ln346          (or               ) [ 000000]
variance_V        (select           ) [ 000000]
store_ln59        (store            ) [ 000000]
br_ln59           (br               ) [ 000000]
lhs_V_load        (load             ) [ 000000]
write_ln0         (write            ) [ 000000]
ret_ln0           (ret              ) [ 000000]
</LifeTime>

<model>

<comp_list>
<comp id="0" class="1000" name="input_r">
<pin_list>
<pin id="1" dir="1" index="0" bw="1" slack="0"/>
</pin_list>
<bind>
<StgValue><ssdm name="input_r"/><MemPortTyVec>1 3 </MemPortTyVec>
</StgValue>
</bind>
</comp>

<comp id="2" class="1000" name="sext_ln1348">
<pin_list>
<pin id="3" dir="1" index="0" bw="1" slack="0"/>
</pin_list>
<bind>
<StgValue><ssdm name="sext_ln1348"/></StgValue>
</bind>
</comp>

<comp id="4" class="1000" name="variance_V_4_out">
<pin_list>
<pin id="5" dir="1" index="0" bw="1" slack="0"/>
</pin_list>
<bind>
<StgValue><ssdm name="variance_V_4_out"/></StgValue>
</bind>
</comp>

<comp id="6" class="1001" name="const_6">
<pin_list>
<pin id="7" dir="1" index="0" bw="1" slack="0"/>
</pin_list>
<bind>
<StgValue><ssdm name=""/></StgValue>
</bind>
</comp>

<comp id="8" class="1001" name="const_8">
<pin_list>
<pin id="9" dir="1" index="0" bw="1" slack="0"/>
</pin_list>
<bind>
<StgValue><ssdm name="_ssdm_op_Read.ap_auto.i16"/></StgValue>
</bind>
</comp>

<comp id="10" class="1001" name="const_10">
<pin_list>
<pin id="11" dir="1" index="0" bw="1" slack="0"/>
</pin_list>
<bind>
<StgValue><ssdm name=""/></StgValue>
</bind>
</comp>

<comp id="12" class="1001" name="const_12">
<pin_list>
<pin id="13" dir="1" index="0" bw="1" slack="0"/>
</pin_list>
<bind>
<StgValue><ssdm name=""/></StgValue>
</bind>
</comp>

<comp id="14" class="1001" name="const_14">
<pin_list>
<pin id="15" dir="1" index="0" bw="1" slack="2147483647"/>
</pin_list>
<bind>
<StgValue><ssdm name="_ssdm_op_SpecPipeline"/></StgValue>
</bind>
</comp>

<comp id="16" class="1001" name="const_16">
<pin_list>
<pin id="17" dir="1" index="0" bw="1" slack="2147483647"/>
</pin_list>
<bind>
<StgValue><ssdm name=""/></StgValue>
</bind>
</comp>

<comp id="18" class="1001" name="const_18">
<pin_list>
<pin id="19" dir="1" index="0" bw="1" slack="2147483647"/>
</pin_list>
<bind>
<StgValue><ssdm name=""/></StgValue>
</bind>
</comp>

<comp id="20" class="1001" name="const_20">
<pin_list>
<pin id="21" dir="1" index="0" bw="1" slack="2147483647"/>
</pin_list>
<bind>
<StgValue><ssdm name="p_str"/></StgValue>
</bind>
</comp>

<comp id="22" class="1001" name="const_22">
<pin_list>
<pin id="23" dir="1" index="0" bw="1" slack="0"/>
</pin_list>
<bind>
<StgValue><ssdm name=""/></StgValue>
</bind>
</comp>

<comp id="24" class="1001" name="const_24">
<pin_list>
<pin id="25" dir="1" index="0" bw="1" slack="2147483647"/>
</pin_list>
<bind>
<StgValue><ssdm name="_ssdm_op_SpecLoopTripCount"/></StgValue>
</bind>
</comp>

<comp id="26" class="1001" name="const_26">
<pin_list>
<pin id="27" dir="1" index="0" bw="1" slack="2147483647"/>
</pin_list>
<bind>
<StgValue><ssdm name=""/></StgValue>
</bind>
</comp>

<comp id="28" class="1001" name="const_28">
<pin_list>
<pin id="29" dir="1" index="0" bw="1" slack="0"/>
</pin_list>
<bind>
<StgValue><ssdm name=""/></StgValue>
</bind>
</comp>

<comp id="30" class="1001" name="const_30">
<pin_list>
<pin id="31" dir="1" index="0" bw="1" slack="0"/>
</pin_list>
<bind>
<StgValue><ssdm name=""/></StgValue>
</bind>
</comp>

<comp id="32" class="1001" name="const_32">
<pin_list>
<pin id="33" dir="1" index="0" bw="1" slack="0"/>
</pin_list>
<bind>
<StgValue><ssdm name="_ssdm_op_BitSelect.i1.i17.i32"/></StgValue>
</bind>
</comp>

<comp id="34" class="1001" name="const_34">
<pin_list>
<pin id="35" dir="1" index="0" bw="1" slack="0"/>
</pin_list>
<bind>
<StgValue><ssdm name=""/></StgValue>
</bind>
</comp>

<comp id="36" class="1001" name="const_36">
<pin_list>
<pin id="37" dir="1" index="0" bw="1" slack="0"/>
</pin_list>
<bind>
<StgValue><ssdm name=""/></StgValue>
</bind>
</comp>

<comp id="38" class="1001" name="const_38">
<pin_list>
<pin id="39" dir="1" index="0" bw="1" slack="0"/>
</pin_list>
<bind>
<StgValue><ssdm name=""/></StgValue>
</bind>
</comp>

<comp id="40" class="1001" name="const_40">
<pin_list>
<pin id="41" dir="1" index="0" bw="1" slack="0"/>
</pin_list>
<bind>
<StgValue><ssdm name=""/></StgValue>
</bind>
</comp>

<comp id="42" class="1001" name="const_42">
<pin_list>
<pin id="43" dir="1" index="0" bw="1" slack="0"/>
</pin_list>
<bind>
<StgValue><ssdm name=""/></StgValue>
</bind>
</comp>

<comp id="44" class="1001" name="const_44">
<pin_list>
<pin id="45" dir="1" index="0" bw="1" slack="0"/>
</pin_list>
<bind>
<StgValue><ssdm name="_ssdm_op_BitConcatenate.i20.i16.i4"/></StgValue>
</bind>
</comp>

<comp id="46" class="1001" name="const_46">
<pin_list>
<pin id="47" dir="1" index="0" bw="1" slack="0"/>
</pin_list>
<bind>
<StgValue><ssdm name=""/></StgValue>
</bind>
</comp>

<comp id="48" class="1001" name="const_48">
<pin_list>
<pin id="49" dir="1" index="0" bw="1" slack="0"/>
</pin_list>
<bind>
<StgValue><ssdm name="_ssdm_op_BitSelect.i1.i40.i32"/></StgValue>
</bind>
</comp>

<comp id="50" class="1001" name="const_50">
<pin_list>
<pin id="51" dir="1" index="0" bw="1" slack="0"/>
</pin_list>
<bind>
<StgValue><ssdm name=""/></StgValue>
</bind>
</comp>

<comp id="52" class="1001" name="const_52">
<pin_list>
<pin id="53" dir="1" index="0" bw="1" slack="0"/>
</pin_list>
<bind>
<StgValue><ssdm name="_ssdm_op_BitConcatenate.i38.i24.i14"/></StgValue>
</bind>
</comp>

<comp id="54" class="1001" name="const_54">
<pin_list>
<pin id="55" dir="1" index="0" bw="1" slack="0"/>
</pin_list>
<bind>
<StgValue><ssdm name=""/></StgValue>
</bind>
</comp>

<comp id="56" class="1001" name="const_56">
<pin_list>
<pin id="57" dir="1" index="0" bw="1" slack="0"/>
</pin_list>
<bind>
<StgValue><ssdm name=""/></StgValue>
</bind>
</comp>

<comp id="58" class="1001" name="const_58">
<pin_list>
<pin id="59" dir="1" index="0" bw="1" slack="0"/>
</pin_list>
<bind>
<StgValue><ssdm name="_ssdm_op_PartSelect.i24.i40.i32.i32"/></StgValue>
</bind>
</comp>

<comp id="60" class="1001" name="const_60">
<pin_list>
<pin id="61" dir="1" index="0" bw="1" slack="0"/>
</pin_list>
<bind>
<StgValue><ssdm name=""/></StgValue>
</bind>
</comp>

<comp id="62" class="1001" name="const_62">
<pin_list>
<pin id="63" dir="1" index="0" bw="1" slack="0"/>
</pin_list>
<bind>
<StgValue><ssdm name=""/></StgValue>
</bind>
</comp>

<comp id="64" class="1001" name="const_64">
<pin_list>
<pin id="65" dir="1" index="0" bw="1" slack="0"/>
</pin_list>
<bind>
<StgValue><ssdm name="_ssdm_op_BitSelect.i1.i24.i32"/></StgValue>
</bind>
</comp>

<comp id="66" class="1001" name="const_66">
<pin_list>
<pin id="67" dir="1" index="0" bw="1" slack="0"/>
</pin_list>
<bind>
<StgValue><ssdm name=""/></StgValue>
</bind>
</comp>

<comp id="68" class="1001" name="const_68">
<pin_list>
<pin id="69" dir="1" index="0" bw="1" slack="0"/>
</pin_list>
<bind>
<StgValue><ssdm name="_ssdm_op_PartSelect.i2.i40.i32.i32"/></StgValue>
</bind>
</comp>

<comp id="70" class="1001" name="const_70">
<pin_list>
<pin id="71" dir="1" index="0" bw="1" slack="0"/>
</pin_list>
<bind>
<StgValue><ssdm name=""/></StgValue>
</bind>
</comp>

<comp id="72" class="1001" name="const_72">
<pin_list>
<pin id="73" dir="1" index="0" bw="1" slack="0"/>
</pin_list>
<bind>
<StgValue><ssdm name=""/></StgValue>
</bind>
</comp>

<comp id="74" class="1001" name="const_74">
<pin_list>
<pin id="75" dir="1" index="0" bw="1" slack="0"/>
</pin_list>
<bind>
<StgValue><ssdm name=""/></StgValue>
</bind>
</comp>

<comp id="76" class="1001" name="const_76">
<pin_list>
<pin id="77" dir="1" index="0" bw="1" slack="2147483647"/>
</pin_list>
<bind>
<StgValue><ssdm name="_ssdm_op_SpecLoopName"/></StgValue>
</bind>
</comp>

<comp id="78" class="1001" name="const_78">
<pin_list>
<pin id="79" dir="1" index="0" bw="1" slack="2147483647"/>
</pin_list>
<bind>
<StgValue><ssdm name="empty_12"/></StgValue>
</bind>
</comp>

<comp id="80" class="1001" name="const_80">
<pin_list>
<pin id="81" dir="1" index="0" bw="1" slack="0"/>
</pin_list>
<bind>
<StgValue><ssdm name=""/></StgValue>
</bind>
</comp>

<comp id="82" class="1001" name="const_82">
<pin_list>
<pin id="83" dir="1" index="0" bw="1" slack="0"/>
</pin_list>
<bind>
<StgValue><ssdm name=""/></StgValue>
</bind>
</comp>

<comp id="84" class="1001" name="const_84">
<pin_list>
<pin id="85" dir="1" index="0" bw="1" slack="0"/>
</pin_list>
<bind>
<StgValue><ssdm name="_ssdm_op_Write.ap_auto.i24P0A"/></StgValue>
</bind>
</comp>

<comp id="86" class="1004" name="lhs_V_fu_86">
<pin_list>
<pin id="87" dir="0" index="0" bw="1" slack="0"/>
<pin id="88" dir="1" index="1" bw="24" slack="0"/>
</pin_list>
<bind>
<opcode="alloca(26) " fcode="alloca"/>
<opset="lhs_V/1 "/>
</bind>
</comp>

<comp id="90" class="1004" name="feature_3_fu_90">
<pin_list>
<pin id="91" dir="0" index="0" bw="1" slack="0"/>
<pin id="92" dir="1" index="1" bw="5" slack="0"/>
</pin_list>
<bind>
<opcode="alloca(26) " fcode="alloca"/>
<opset="feature_3/1 "/>
</bind>
</comp>

<comp id="94" class="1004" name="sext_ln1348_read_read_fu_94">
<pin_list>
<pin id="95" dir="0" index="0" bw="16" slack="0"/>
<pin id="96" dir="0" index="1" bw="16" slack="0"/>
<pin id="97" dir="1" index="2" bw="16" slack="0"/>
</pin_list>
<bind>
<opcode="read(1150) " fcode="read"/>
<opset="sext_ln1348_read/1 "/>
</bind>
</comp>

<comp id="100" class="1004" name="write_ln0_write_fu_100">
<pin_list>
<pin id="101" dir="0" index="0" bw="0" slack="0"/>
<pin id="102" dir="0" index="1" bw="24" slack="0"/>
<pin id="103" dir="0" index="2" bw="24" slack="0"/>
<pin id="104" dir="1" index="3" bw="0" slack="2147483647"/>
</pin_list>
<bind>
<opcode="write(1151) " fcode="write"/>
<opset="write_ln0/4 "/>
</bind>
</comp>

<comp id="107" class="1004" name="input_addr_gep_fu_107">
<pin_list>
<pin id="108" dir="0" index="0" bw="16" slack="0"/>
<pin id="109" dir="0" index="1" bw="1" slack="0"/>
<pin id="110" dir="0" index="2" bw="5" slack="0"/>
<pin id="111" dir="1" index="3" bw="4" slack="0"/>
</pin_list>
<bind>
<opcode="getelementptr(29) " fcode="getelementptr"/>
<opset="input_addr/1 "/>
</bind>
</comp>

<comp id="114" class="1004" name="grp_access_fu_114">
<pin_list>
<pin id="115" dir="0" index="0" bw="4" slack="0"/>
<pin id="116" dir="0" index="1" bw="16" slack="2147483647"/>
<pin id="117" dir="0" index="2" bw="0" slack="2147483647"/>
<pin id="118" dir="1" index="3" bw="16" slack="0"/>
</pin_list>
<bind>
<opcode="load(27) " fcode="load"/>
<opset="input_load_3/1 "/>
</bind>
</comp>

<comp id="120" class="1004" name="sext_ln1348_cast_fu_120">
<pin_list>
<pin id="121" dir="0" index="0" bw="16" slack="0"/>
<pin id="122" dir="1" index="1" bw="17" slack="1"/>
</pin_list>
<bind>
<opcode="sext(35) " fcode="sext"/>
<opset="sext_ln1348_cast/1 "/>
</bind>
</comp>

<comp id="124" class="1004" name="store_ln0_store_fu_124">
<pin_list>
<pin id="125" dir="0" index="0" bw="1" slack="0"/>
<pin id="126" dir="0" index="1" bw="5" slack="0"/>
<pin id="127" dir="1" index="2" bw="0" slack="2147483647"/>
</pin_list>
<bind>
<opcode="store(28) " fcode="store"/>
<opset="store_ln0/1 "/>
</bind>
</comp>

<comp id="129" class="1004" name="store_ln0_store_fu_129">
<pin_list>
<pin id="130" dir="0" index="0" bw="1" slack="0"/>
<pin id="131" dir="0" index="1" bw="24" slack="0"/>
<pin id="132" dir="1" index="2" bw="0" slack="2147483647"/>
</pin_list>
<bind>
<opcode="store(28) " fcode="store"/>
<opset="store_ln0/1 "/>
</bind>
</comp>

<comp id="134" class="1004" name="feature_load_fu_134">
<pin_list>
<pin id="135" dir="0" index="0" bw="5" slack="0"/>
<pin id="136" dir="1" index="1" bw="5" slack="0"/>
</pin_list>
<bind>
<opcode="load(27) " fcode="load"/>
<opset="feature/1 "/>
</bind>
</comp>

<comp id="137" class="1004" name="icmp_ln59_fu_137">
<pin_list>
<pin id="138" dir="0" index="0" bw="5" slack="0"/>
<pin id="139" dir="0" index="1" bw="5" slack="0"/>
<pin id="140" dir="1" index="2" bw="1" slack="3"/>
</pin_list>
<bind>
<opcode="icmp(45) " fcode="icmp"/>
<opset="icmp_ln59/1 "/>
</bind>
</comp>

<comp id="143" class="1004" name="add_ln59_fu_143">
<pin_list>
<pin id="144" dir="0" index="0" bw="5" slack="0"/>
<pin id="145" dir="0" index="1" bw="1" slack="0"/>
<pin id="146" dir="1" index="2" bw="5" slack="0"/>
</pin_list>
<bind>
<opcode="add(8) " fcode="add"/>
<opset="add_ln59/1 "/>
</bind>
</comp>

<comp id="149" class="1004" name="feature_3_cast_fu_149">
<pin_list>
<pin id="150" dir="0" index="0" bw="5" slack="0"/>
<pin id="151" dir="1" index="1" bw="64" slack="0"/>
</pin_list>
<bind>
<opcode="zext(34) " fcode="zext"/>
<opset="feature_3_cast/1 "/>
</bind>
</comp>

<comp id="154" class="1004" name="store_ln59_store_fu_154">
<pin_list>
<pin id="155" dir="0" index="0" bw="5" slack="0"/>
<pin id="156" dir="0" index="1" bw="5" slack="0"/>
<pin id="157" dir="1" index="2" bw="0" slack="2147483647"/>
</pin_list>
<bind>
<opcode="store(28) " fcode="store"/>
<opset="store_ln59/1 "/>
</bind>
</comp>

<comp id="159" class="1004" name="sext_ln1348_3_fu_159">
<pin_list>
<pin id="160" dir="0" index="0" bw="16" slack="0"/>
<pin id="161" dir="1" index="1" bw="17" slack="0"/>
</pin_list>
<bind>
<opcode="sext(35) " fcode="sext"/>
<opset="sext_ln1348_3/2 "/>
</bind>
</comp>

<comp id="163" class="1004" name="ret_V_fu_163">
<pin_list>
<pin id="164" dir="0" index="0" bw="16" slack="0"/>
<pin id="165" dir="0" index="1" bw="16" slack="1"/>
<pin id="166" dir="1" index="2" bw="17" slack="0"/>
</pin_list>
<bind>
<opcode="sub(10) " fcode="sub"/>
<opset="ret_V/2 "/>
</bind>
</comp>

<comp id="168" class="1004" name="p_Result_s_fu_168">
<pin_list>
<pin id="169" dir="0" index="0" bw="1" slack="0"/>
<pin id="170" dir="0" index="1" bw="17" slack="0"/>
<pin id="171" dir="0" index="2" bw="6" slack="0"/>
<pin id="172" dir="1" index="3" bw="1" slack="0"/>
</pin_list>
<bind>
<opcode="bitselect(1000) " fcode="bitselect"/>
<opset="p_Result_s/2 "/>
</bind>
</comp>

<comp id="176" class="1004" name="centered_V_fu_176">
<pin_list>
<pin id="177" dir="0" index="0" bw="17" slack="0"/>
<pin id="178" dir="1" index="1" bw="16" slack="0"/>
</pin_list>
<bind>
<opcode="trunc(33) " fcode="trunc"/>
<opset="centered_V/2 "/>
</bind>
</comp>

<comp id="180" class="1004" name="p_Result_135_fu_180">
<pin_list>
<pin id="181" dir="0" index="0" bw="1" slack="0"/>
<pin id="182" dir="0" index="1" bw="17" slack="0"/>
<pin id="183" dir="0" index="2" bw="5" slack="0"/>
<pin id="184" dir="1" index="3" bw="1" slack="0"/>
</pin_list>
<bind>
<opcode="bitselect(1000) " fcode="bitselect"/>
<opset="p_Result_135/2 "/>
</bind>
</comp>

<comp id="188" class="1004" name="xor_ln895_66_fu_188">
<pin_list>
<pin id="189" dir="0" index="0" bw="1" slack="0"/>
<pin id="190" dir="0" index="1" bw="1" slack="0"/>
<pin id="191" dir="1" index="2" bw="1" slack="0"/>
</pin_list>
<bind>
<opcode="xor(25) " fcode="xor"/>
<opset="xor_ln895_66/2 "/>
</bind>
</comp>

<comp id="194" class="1004" name="overflow_fu_194">
<pin_list>
<pin id="195" dir="0" index="0" bw="1" slack="0"/>
<pin id="196" dir="0" index="1" bw="1" slack="0"/>
<pin id="197" dir="1" index="2" bw="1" slack="0"/>
</pin_list>
<bind>
<opcode="and(23) " fcode="and"/>
<opset="overflow/2 "/>
</bind>
</comp>

<comp id="200" class="1004" name="xor_ln302_7_fu_200">
<pin_list>
<pin id="201" dir="0" index="0" bw="1" slack="0"/>
<pin id="202" dir="0" index="1" bw="1" slack="0"/>
<pin id="203" dir="1" index="2" bw="1" slack="0"/>
</pin_list>
<bind>
<opcode="xor(25) " fcode="xor"/>
<opset="xor_ln302_7/2 "/>
</bind>
</comp>

<comp id="206" class="1004" name="select_ln346_fu_206">
<pin_list>
<pin id="207" dir="0" index="0" bw="1" slack="0"/>
<pin id="208" dir="0" index="1" bw="16" slack="0"/>
<pin id="209" dir="0" index="2" bw="16" slack="0"/>
<pin id="210" dir="1" index="3" bw="16" slack="0"/>
</pin_list>
<bind>
<opcode="select(49) " fcode="select"/>
<opset="select_ln346/2 "/>
</bind>
</comp>

<comp id="214" class="1004" name="select_ln302_fu_214">
<pin_list>
<pin id="215" dir="0" index="0" bw="1" slack="0"/>
<pin id="216" dir="0" index="1" bw="16" slack="0"/>
<pin id="217" dir="0" index="2" bw="16" slack="0"/>
<pin id="218" dir="1" index="3" bw="16" slack="1"/>
</pin_list>
<bind>
<opcode="select(49) " fcode="select"/>
<opset="select_ln302/2 "/>
</bind>
</comp>

<comp id="222" class="1004" name="r_V_fu_222">
<pin_list>
<pin id="223" dir="0" index="0" bw="20" slack="0"/>
<pin id="224" dir="0" index="1" bw="16" slack="1"/>
<pin id="225" dir="0" index="2" bw="1" slack="0"/>
<pin id="226" dir="1" index="3" bw="20" slack="0"/>
</pin_list>
<bind>
<opcode="bitconcatenate(1004) " fcode="bitconcatenate"/>
<opset="r_V/3 "/>
</bind>
</comp>

<comp id="229" class="1004" name="sext_ln1270_fu_229">
<pin_list>
<pin id="230" dir="0" index="0" bw="20" slack="0"/>
<pin id="231" dir="1" index="1" bw="40" slack="0"/>
</pin_list>
<bind>
<opcode="sext(35) " fcode="sext"/>
<opset="sext_ln1270/3 "/>
</bind>
</comp>

<comp id="233" class="1004" name="r_V_5_fu_233">
<pin_list>
<pin id="234" dir="0" index="0" bw="20" slack="0"/>
<pin id="235" dir="0" index="1" bw="20" slack="0"/>
<pin id="236" dir="1" index="2" bw="40" slack="0"/>
</pin_list>
<bind>
<opcode="mul(12) " fcode="mul"/>
<opset="r_V_5/3 "/>
</bind>
</comp>

<comp id="239" class="1004" name="tmp_1596_fu_239">
<pin_list>
<pin id="240" dir="0" index="0" bw="1" slack="0"/>
<pin id="241" dir="0" index="1" bw="40" slack="0"/>
<pin id="242" dir="0" index="2" bw="5" slack="0"/>
<pin id="243" dir="1" index="3" bw="1" slack="1"/>
</pin_list>
<bind>
<opcode="bitselect(1000) " fcode="bitselect"/>
<opset="tmp_1596/3 "/>
</bind>
</comp>

<comp id="247" class="1004" name="lhs_V_load_1_load_fu_247">
<pin_list>
<pin id="248" dir="0" index="0" bw="24" slack="3"/>
<pin id="249" dir="1" index="1" bw="24" slack="0"/>
</pin_list>
<bind>
<opcode="load(27) " fcode="load"/>
<opset="lhs_V_load_1/4 "/>
</bind>
</comp>

<comp id="250" class="1004" name="lhs_V_2_fu_250">
<pin_list>
<pin id="251" dir="0" index="0" bw="38" slack="0"/>
<pin id="252" dir="0" index="1" bw="24" slack="0"/>
<pin id="253" dir="0" index="2" bw="1" slack="0"/>
<pin id="254" dir="1" index="3" bw="38" slack="0"/>
</pin_list>
<bind>
<opcode="bitconcatenate(1004) " fcode="bitconcatenate"/>
<opset="lhs_V_2/4 "/>
</bind>
</comp>

<comp id="258" class="1004" name="sext_ln1347_fu_258">
<pin_list>
<pin id="259" dir="0" index="0" bw="38" slack="0"/>
<pin id="260" dir="1" index="1" bw="40" slack="0"/>
</pin_list>
<bind>
<opcode="sext(35) " fcode="sext"/>
<opset="sext_ln1347/4 "/>
</bind>
</comp>

<comp id="262" class="1004" name="ret_V_2_fu_262">
<pin_list>
<pin id="263" dir="0" index="0" bw="38" slack="0"/>
<pin id="264" dir="0" index="1" bw="40" slack="1"/>
<pin id="265" dir="1" index="2" bw="40" slack="0"/>
</pin_list>
<bind>
<opcode="add(8) " fcode="add"/>
<opset="ret_V_2/4 "/>
</bind>
</comp>

<comp id="267" class="1004" name="p_Result_136_fu_267">
<pin_list>
<pin id="268" dir="0" index="0" bw="1" slack="0"/>
<pin id="269" dir="0" index="1" bw="40" slack="0"/>
<pin id="270" dir="0" index="2" bw="7" slack="0"/>
<pin id="271" dir="1" index="3" bw="1" slack="1"/>
</pin_list>
<bind>
<opcode="bitselect(1000) " fcode="bitselect"/>
<opset="p_Result_136/4 "/>
</bind>
</comp>

<comp id="275" class="1004" name="variance_V_3_fu_275">
<pin_list>
<pin id="276" dir="0" index="0" bw="24" slack="0"/>
<pin id="277" dir="0" index="1" bw="40" slack="0"/>
<pin id="278" dir="0" index="2" bw="5" slack="0"/>
<pin id="279" dir="0" index="3" bw="7" slack="0"/>
<pin id="280" dir="1" index="4" bw="24" slack="0"/>
</pin_list>
<bind>
<opcode="partselect(1002) " fcode="partselect"/>
<opset="variance_V_3/4 "/>
</bind>
</comp>

<comp id="285" class="1004" name="p_Result_137_fu_285">
<pin_list>
<pin id="286" dir="0" index="0" bw="1" slack="0"/>
<pin id="287" dir="0" index="1" bw="40" slack="0"/>
<pin id="288" dir="0" index="2" bw="7" slack="0"/>
<pin id="289" dir="1" index="3" bw="1" slack="0"/>
</pin_list>
<bind>
<opcode="bitselect(1000) " fcode="bitselect"/>
<opset="p_Result_137/4 "/>
</bind>
</comp>

<comp id="293" class="1004" name="zext_ln377_fu_293">
<pin_list>
<pin id="294" dir="0" index="0" bw="1" slack="1"/>
<pin id="295" dir="1" index="1" bw="24" slack="0"/>
</pin_list>
<bind>
<opcode="zext(34) " fcode="zext"/>
<opset="zext_ln377/4 "/>
</bind>
</comp>

<comp id="296" class="1004" name="variance_V_4_fu_296">
<pin_list>
<pin id="297" dir="0" index="0" bw="1" slack="0"/>
<pin id="298" dir="0" index="1" bw="24" slack="0"/>
<pin id="299" dir="1" index="2" bw="24" slack="0"/>
</pin_list>
<bind>
<opcode="add(8) " fcode="add"/>
<opset="variance_V_4/4 "/>
</bind>
</comp>

<comp id="302" class="1004" name="p_Result_138_fu_302">
<pin_list>
<pin id="303" dir="0" index="0" bw="1" slack="0"/>
<pin id="304" dir="0" index="1" bw="24" slack="0"/>
<pin id="305" dir="0" index="2" bw="6" slack="0"/>
<pin id="306" dir="1" index="3" bw="1" slack="0"/>
</pin_list>
<bind>
<opcode="bitselect(1000) " fcode="bitselect"/>
<opset="p_Result_138/4 "/>
</bind>
</comp>

<comp id="310" class="1004" name="xor_ln896_68_fu_310">
<pin_list>
<pin id="311" dir="0" index="0" bw="1" slack="0"/>
<pin id="312" dir="0" index="1" bw="1" slack="0"/>
<pin id="313" dir="1" index="2" bw="1" slack="0"/>
</pin_list>
<bind>
<opcode="xor(25) " fcode="xor"/>
<opset="xor_ln896_68/4 "/>
</bind>
</comp>

<comp id="316" class="1004" name="carry_27_fu_316">
<pin_list>
<pin id="317" dir="0" index="0" bw="1" slack="0"/>
<pin id="318" dir="0" index="1" bw="1" slack="0"/>
<pin id="319" dir="1" index="2" bw="1" slack="1"/>
</pin_list>
<bind>
<opcode="and(23) " fcode="and"/>
<opset="carry_27/4 "/>
</bind>
</comp>

<comp id="322" class="1004" name="tmp_fu_322">
<pin_list>
<pin id="323" dir="0" index="0" bw="2" slack="0"/>
<pin id="324" dir="0" index="1" bw="40" slack="0"/>
<pin id="325" dir="0" index="2" bw="7" slack="0"/>
<pin id="326" dir="0" index="3" bw="7" slack="0"/>
<pin id="327" dir="1" index="4" bw="2" slack="0"/>
</pin_list>
<bind>
<opcode="partselect(1002) " fcode="partselect"/>
<opset="tmp/4 "/>
</bind>
</comp>

<comp id="332" class="1004" name="Range1_all_ones_fu_332">
<pin_list>
<pin id="333" dir="0" index="0" bw="2" slack="0"/>
<pin id="334" dir="0" index="1" bw="1" slack="0"/>
<pin id="335" dir="1" index="2" bw="1" slack="1"/>
</pin_list>
<bind>
<opcode="icmp(45) " fcode="icmp"/>
<opset="Range1_all_ones/4 "/>
</bind>
</comp>

<comp id="338" class="1004" name="Range1_all_zeros_fu_338">
<pin_list>
<pin id="339" dir="0" index="0" bw="2" slack="0"/>
<pin id="340" dir="0" index="1" bw="1" slack="0"/>
<pin id="341" dir="1" index="2" bw="1" slack="1"/>
</pin_list>
<bind>
<opcode="icmp(45) " fcode="icmp"/>
<opset="Range1_all_zeros/4 "/>
</bind>
</comp>

<comp id="344" class="1004" name="Range2_all_ones_fu_344">
<pin_list>
<pin id="345" dir="0" index="0" bw="1" slack="0"/>
<pin id="346" dir="0" index="1" bw="40" slack="1"/>
<pin id="347" dir="0" index="2" bw="7" slack="0"/>
<pin id="348" dir="1" index="3" bw="1" slack="0"/>
</pin_list>
<bind>
<opcode="bitselect(1000) " fcode="bitselect"/>
<opset="Range2_all_ones/5 "/>
</bind>
</comp>

<comp id="351" class="1004" name="deleted_zeros_fu_351">
<pin_list>
<pin id="352" dir="0" index="0" bw="1" slack="1"/>
<pin id="353" dir="0" index="1" bw="1" slack="1"/>
<pin id="354" dir="0" index="2" bw="1" slack="1"/>
<pin id="355" dir="1" index="3" bw="1" slack="0"/>
</pin_list>
<bind>
<opcode="select(49) " fcode="select"/>
<opset="deleted_zeros/5 "/>
</bind>
</comp>

<comp id="356" class="1004" name="tmp_1599_fu_356">
<pin_list>
<pin id="357" dir="0" index="0" bw="1" slack="0"/>
<pin id="358" dir="0" index="1" bw="40" slack="1"/>
<pin id="359" dir="0" index="2" bw="7" slack="0"/>
<pin id="360" dir="1" index="3" bw="1" slack="0"/>
</pin_list>
<bind>
<opcode="bitselect(1000) " fcode="bitselect"/>
<opset="tmp_1599/5 "/>
</bind>
</comp>

<comp id="363" class="1004" name="xor_ln890_fu_363">
<pin_list>
<pin id="364" dir="0" index="0" bw="1" slack="0"/>
<pin id="365" dir="0" index="1" bw="1" slack="0"/>
<pin id="366" dir="1" index="2" bw="1" slack="0"/>
</pin_list>
<bind>
<opcode="xor(25) " fcode="xor"/>
<opset="xor_ln890/5 "/>
</bind>
</comp>

<comp id="369" class="1004" name="and_ln890_28_fu_369">
<pin_list>
<pin id="370" dir="0" index="0" bw="1" slack="0"/>
<pin id="371" dir="0" index="1" bw="1" slack="0"/>
<pin id="372" dir="1" index="2" bw="1" slack="0"/>
</pin_list>
<bind>
<opcode="and(23) " fcode="and"/>
<opset="and_ln890_28/5 "/>
</bind>
</comp>

<comp id="375" class="1004" name="deleted_ones_14_fu_375">
<pin_list>
<pin id="376" dir="0" index="0" bw="1" slack="1"/>
<pin id="377" dir="0" index="1" bw="1" slack="0"/>
<pin id="378" dir="0" index="2" bw="1" slack="1"/>
<pin id="379" dir="1" index="3" bw="1" slack="0"/>
</pin_list>
<bind>
<opcode="select(49) " fcode="select"/>
<opset="deleted_ones_14/5 "/>
</bind>
</comp>

<comp id="381" class="1004" name="and_ln891_28_fu_381">
<pin_list>
<pin id="382" dir="0" index="0" bw="1" slack="1"/>
<pin id="383" dir="0" index="1" bw="1" slack="1"/>
<pin id="384" dir="1" index="2" bw="1" slack="0"/>
</pin_list>
<bind>
<opcode="and(23) " fcode="and"/>
<opset="and_ln891_28/5 "/>
</bind>
</comp>

<comp id="385" class="1004" name="xor_ln895_69_fu_385">
<pin_list>
<pin id="386" dir="0" index="0" bw="1" slack="0"/>
<pin id="387" dir="0" index="1" bw="1" slack="0"/>
<pin id="388" dir="1" index="2" bw="1" slack="0"/>
</pin_list>
<bind>
<opcode="xor(25) " fcode="xor"/>
<opset="xor_ln895_69/5 "/>
</bind>
</comp>

<comp id="391" class="1004" name="or_ln895_29_fu_391">
<pin_list>
<pin id="392" dir="0" index="0" bw="1" slack="1"/>
<pin id="393" dir="0" index="1" bw="1" slack="0"/>
<pin id="394" dir="1" index="2" bw="1" slack="0"/>
</pin_list>
<bind>
<opcode="or(24) " fcode="or"/>
<opset="or_ln895_29/5 "/>
</bind>
</comp>

<comp id="396" class="1004" name="xor_ln895_70_fu_396">
<pin_list>
<pin id="397" dir="0" index="0" bw="1" slack="1"/>
<pin id="398" dir="0" index="1" bw="1" slack="0"/>
<pin id="399" dir="1" index="2" bw="1" slack="0"/>
</pin_list>
<bind>
<opcode="xor(25) " fcode="xor"/>
<opset="xor_ln895_70/5 "/>
</bind>
</comp>

<comp id="401" class="1004" name="overflow_11_fu_401">
<pin_list>
<pin id="402" dir="0" index="0" bw="1" slack="0"/>
<pin id="403" dir="0" index="1" bw="1" slack="0"/>
<pin id="404" dir="1" index="2" bw="1" slack="0"/>
</pin_list>
<bind>
<opcode="and(23) " fcode="and"/>
<opset="overflow_11/5 "/>
</bind>
</comp>

<comp id="407" class="1004" name="xor_ln896_70_fu_407">
<pin_list>
<pin id="408" dir="0" index="0" bw="1" slack="0"/>
<pin id="409" dir="0" index="1" bw="1" slack="0"/>
<pin id="410" dir="1" index="2" bw="1" slack="0"/>
</pin_list>
<bind>
<opcode="xor(25) " fcode="xor"/>
<opset="xor_ln896_70/5 "/>
</bind>
</comp>

<comp id="413" class="1004" name="or_ln896_29_fu_413">
<pin_list>
<pin id="414" dir="0" index="0" bw="1" slack="1"/>
<pin id="415" dir="0" index="1" bw="1" slack="0"/>
<pin id="416" dir="1" index="2" bw="1" slack="0"/>
</pin_list>
<bind>
<opcode="or(24) " fcode="or"/>
<opset="or_ln896_29/5 "/>
</bind>
</comp>

<comp id="418" class="1004" name="xor_ln896_fu_418">
<pin_list>
<pin id="419" dir="0" index="0" bw="1" slack="0"/>
<pin id="420" dir="0" index="1" bw="1" slack="0"/>
<pin id="421" dir="1" index="2" bw="1" slack="0"/>
</pin_list>
<bind>
<opcode="xor(25) " fcode="xor"/>
<opset="xor_ln896/5 "/>
</bind>
</comp>

<comp id="424" class="1004" name="underflow_fu_424">
<pin_list>
<pin id="425" dir="0" index="0" bw="1" slack="0"/>
<pin id="426" dir="0" index="1" bw="1" slack="1"/>
<pin id="427" dir="1" index="2" bw="1" slack="0"/>
</pin_list>
<bind>
<opcode="and(23) " fcode="and"/>
<opset="underflow/5 "/>
</bind>
</comp>

<comp id="429" class="1004" name="select_ln346_402_fu_429">
<pin_list>
<pin id="430" dir="0" index="0" bw="1" slack="0"/>
<pin id="431" dir="0" index="1" bw="24" slack="0"/>
<pin id="432" dir="0" index="2" bw="24" slack="0"/>
<pin id="433" dir="1" index="3" bw="24" slack="0"/>
</pin_list>
<bind>
<opcode="select(49) " fcode="select"/>
<opset="select_ln346_402/5 "/>
</bind>
</comp>

<comp id="437" class="1004" name="or_ln346_fu_437">
<pin_list>
<pin id="438" dir="0" index="0" bw="1" slack="0"/>
<pin id="439" dir="0" index="1" bw="1" slack="0"/>
<pin id="440" dir="1" index="2" bw="1" slack="0"/>
</pin_list>
<bind>
<opcode="or(24) " fcode="or"/>
<opset="or_ln346/5 "/>
</bind>
</comp>

<comp id="443" class="1004" name="variance_V_fu_443">
<pin_list>
<pin id="444" dir="0" index="0" bw="1" slack="0"/>
<pin id="445" dir="0" index="1" bw="24" slack="0"/>
<pin id="446" dir="0" index="2" bw="24" slack="1"/>
<pin id="447" dir="1" index="3" bw="24" slack="0"/>
</pin_list>
<bind>
<opcode="select(49) " fcode="select"/>
<opset="variance_V/5 "/>
</bind>
</comp>

<comp id="450" class="1004" name="store_ln59_store_fu_450">
<pin_list>
<pin id="451" dir="0" index="0" bw="24" slack="0"/>
<pin id="452" dir="0" index="1" bw="24" slack="4"/>
<pin id="453" dir="1" index="2" bw="0" slack="2147483647"/>
</pin_list>
<bind>
<opcode="store(28) " fcode="store"/>
<opset="store_ln59/5 "/>
</bind>
</comp>

<comp id="455" class="1004" name="lhs_V_load_load_fu_455">
<pin_list>
<pin id="456" dir="0" index="0" bw="24" slack="3"/>
<pin id="457" dir="1" index="1" bw="24" slack="0"/>
</pin_list>
<bind>
<opcode="load(27) " fcode="load"/>
<opset="lhs_V_load/4 "/>
</bind>
</comp>

<comp id="459" class="1005" name="lhs_V_reg_459">
<pin_list>
<pin id="460" dir="0" index="0" bw="24" slack="0"/>
<pin id="461" dir="1" index="1" bw="24" slack="0"/>
</pin_list>
<bind>
<opset="lhs_V "/>
</bind>
</comp>

<comp id="467" class="1005" name="feature_3_reg_467">
<pin_list>
<pin id="468" dir="0" index="0" bw="5" slack="0"/>
<pin id="469" dir="1" index="1" bw="5" slack="0"/>
</pin_list>
<bind>
<opset="feature_3 "/>
</bind>
</comp>

<comp id="474" class="1005" name="sext_ln1348_cast_reg_474">
<pin_list>
<pin id="475" dir="0" index="0" bw="17" slack="1"/>
<pin id="476" dir="1" index="1" bw="17" slack="1"/>
</pin_list>
<bind>
<opset="sext_ln1348_cast "/>
</bind>
</comp>

<comp id="479" class="1005" name="icmp_ln59_reg_479">
<pin_list>
<pin id="480" dir="0" index="0" bw="1" slack="3"/>
<pin id="481" dir="1" index="1" bw="1" slack="2147483647"/>
</pin_list>
<bind>
<opset="icmp_ln59 "/>
</bind>
</comp>

<comp id="483" class="1005" name="input_addr_reg_483">
<pin_list>
<pin id="484" dir="0" index="0" bw="4" slack="1"/>
<pin id="485" dir="1" index="1" bw="4" slack="1"/>
</pin_list>
<bind>
<opset="input_addr "/>
</bind>
</comp>

<comp id="488" class="1005" name="select_ln302_reg_488">
<pin_list>
<pin id="489" dir="0" index="0" bw="16" slack="1"/>
<pin id="490" dir="1" index="1" bw="16" slack="1"/>
</pin_list>
<bind>
<opset="select_ln302 "/>
</bind>
</comp>

<comp id="493" class="1005" name="r_V_5_reg_493">
<pin_list>
<pin id="494" dir="0" index="0" bw="40" slack="1"/>
<pin id="495" dir="1" index="1" bw="40" slack="1"/>
</pin_list>
<bind>
<opset="r_V_5 "/>
</bind>
</comp>

<comp id="498" class="1005" name="tmp_1596_reg_498">
<pin_list>
<pin id="499" dir="0" index="0" bw="1" slack="1"/>
<pin id="500" dir="1" index="1" bw="1" slack="1"/>
</pin_list>
<bind>
<opset="tmp_1596 "/>
</bind>
</comp>

<comp id="503" class="1005" name="ret_V_2_reg_503">
<pin_list>
<pin id="504" dir="0" index="0" bw="40" slack="1"/>
<pin id="505" dir="1" index="1" bw="40" slack="1"/>
</pin_list>
<bind>
<opset="ret_V_2 "/>
</bind>
</comp>

<comp id="509" class="1005" name="p_Result_136_reg_509">
<pin_list>
<pin id="510" dir="0" index="0" bw="1" slack="1"/>
<pin id="511" dir="1" index="1" bw="1" slack="1"/>
</pin_list>
<bind>
<opset="p_Result_136 "/>
</bind>
</comp>

<comp id="515" class="1005" name="variance_V_4_reg_515">
<pin_list>
<pin id="516" dir="0" index="0" bw="24" slack="1"/>
<pin id="517" dir="1" index="1" bw="24" slack="1"/>
</pin_list>
<bind>
<opset="variance_V_4 "/>
</bind>
</comp>

<comp id="520" class="1005" name="p_Result_138_reg_520">
<pin_list>
<pin id="521" dir="0" index="0" bw="1" slack="1"/>
<pin id="522" dir="1" index="1" bw="1" slack="1"/>
</pin_list>
<bind>
<opset="p_Result_138 "/>
</bind>
</comp>

<comp id="525" class="1005" name="xor_ln896_68_reg_525">
<pin_list>
<pin id="526" dir="0" index="0" bw="1" slack="1"/>
<pin id="527" dir="1" index="1" bw="1" slack="1"/>
</pin_list>
<bind>
<opset="xor_ln896_68 "/>
</bind>
</comp>

<comp id="530" class="1005" name="carry_27_reg_530">
<pin_list>
<pin id="531" dir="0" index="0" bw="1" slack="1"/>
<pin id="532" dir="1" index="1" bw="1" slack="1"/>
</pin_list>
<bind>
<opset="carry_27 "/>
</bind>
</comp>

<comp id="537" class="1005" name="Range1_all_ones_reg_537">
<pin_list>
<pin id="538" dir="0" index="0" bw="1" slack="1"/>
<pin id="539" dir="1" index="1" bw="1" slack="1"/>
</pin_list>
<bind>
<opset="Range1_all_ones "/>
</bind>
</comp>

<comp id="544" class="1005" name="Range1_all_zeros_reg_544">
<pin_list>
<pin id="545" dir="0" index="0" bw="1" slack="1"/>
<pin id="546" dir="1" index="1" bw="1" slack="1"/>
</pin_list>
<bind>
<opset="Range1_all_zeros "/>
</bind>
</comp>

</comp_list>

<net_list>
<net id="89"><net_src comp="6" pin="0"/><net_sink comp="86" pin=0"/></net>

<net id="93"><net_src comp="6" pin="0"/><net_sink comp="90" pin=0"/></net>

<net id="98"><net_src comp="8" pin="0"/><net_sink comp="94" pin=0"/></net>

<net id="99"><net_src comp="2" pin="0"/><net_sink comp="94" pin=1"/></net>

<net id="105"><net_src comp="84" pin="0"/><net_sink comp="100" pin=0"/></net>

<net id="106"><net_src comp="4" pin="0"/><net_sink comp="100" pin=1"/></net>

<net id="112"><net_src comp="0" pin="0"/><net_sink comp="107" pin=0"/></net>

<net id="113"><net_src comp="30" pin="0"/><net_sink comp="107" pin=1"/></net>

<net id="119"><net_src comp="107" pin="3"/><net_sink comp="114" pin=0"/></net>

<net id="123"><net_src comp="94" pin="2"/><net_sink comp="120" pin=0"/></net>

<net id="128"><net_src comp="10" pin="0"/><net_sink comp="124" pin=0"/></net>

<net id="133"><net_src comp="12" pin="0"/><net_sink comp="129" pin=0"/></net>

<net id="141"><net_src comp="134" pin="1"/><net_sink comp="137" pin=0"/></net>

<net id="142"><net_src comp="22" pin="0"/><net_sink comp="137" pin=1"/></net>

<net id="147"><net_src comp="134" pin="1"/><net_sink comp="143" pin=0"/></net>

<net id="148"><net_src comp="28" pin="0"/><net_sink comp="143" pin=1"/></net>

<net id="152"><net_src comp="134" pin="1"/><net_sink comp="149" pin=0"/></net>

<net id="153"><net_src comp="149" pin="1"/><net_sink comp="107" pin=2"/></net>

<net id="158"><net_src comp="143" pin="2"/><net_sink comp="154" pin=0"/></net>

<net id="162"><net_src comp="114" pin="3"/><net_sink comp="159" pin=0"/></net>

<net id="167"><net_src comp="159" pin="1"/><net_sink comp="163" pin=0"/></net>

<net id="173"><net_src comp="32" pin="0"/><net_sink comp="168" pin=0"/></net>

<net id="174"><net_src comp="163" pin="2"/><net_sink comp="168" pin=1"/></net>

<net id="175"><net_src comp="34" pin="0"/><net_sink comp="168" pin=2"/></net>

<net id="179"><net_src comp="163" pin="2"/><net_sink comp="176" pin=0"/></net>

<net id="185"><net_src comp="32" pin="0"/><net_sink comp="180" pin=0"/></net>

<net id="186"><net_src comp="163" pin="2"/><net_sink comp="180" pin=1"/></net>

<net id="187"><net_src comp="36" pin="0"/><net_sink comp="180" pin=2"/></net>

<net id="192"><net_src comp="168" pin="3"/><net_sink comp="188" pin=0"/></net>

<net id="193"><net_src comp="38" pin="0"/><net_sink comp="188" pin=1"/></net>

<net id="198"><net_src comp="180" pin="3"/><net_sink comp="194" pin=0"/></net>

<net id="199"><net_src comp="188" pin="2"/><net_sink comp="194" pin=1"/></net>

<net id="204"><net_src comp="168" pin="3"/><net_sink comp="200" pin=0"/></net>

<net id="205"><net_src comp="180" pin="3"/><net_sink comp="200" pin=1"/></net>

<net id="211"><net_src comp="194" pin="2"/><net_sink comp="206" pin=0"/></net>

<net id="212"><net_src comp="40" pin="0"/><net_sink comp="206" pin=1"/></net>

<net id="213"><net_src comp="42" pin="0"/><net_sink comp="206" pin=2"/></net>

<net id="219"><net_src comp="200" pin="2"/><net_sink comp="214" pin=0"/></net>

<net id="220"><net_src comp="206" pin="3"/><net_sink comp="214" pin=1"/></net>

<net id="221"><net_src comp="176" pin="1"/><net_sink comp="214" pin=2"/></net>

<net id="227"><net_src comp="44" pin="0"/><net_sink comp="222" pin=0"/></net>

<net id="228"><net_src comp="46" pin="0"/><net_sink comp="222" pin=2"/></net>

<net id="232"><net_src comp="222" pin="3"/><net_sink comp="229" pin=0"/></net>

<net id="237"><net_src comp="229" pin="1"/><net_sink comp="233" pin=0"/></net>

<net id="238"><net_src comp="229" pin="1"/><net_sink comp="233" pin=1"/></net>

<net id="244"><net_src comp="48" pin="0"/><net_sink comp="239" pin=0"/></net>

<net id="245"><net_src comp="233" pin="2"/><net_sink comp="239" pin=1"/></net>

<net id="246"><net_src comp="50" pin="0"/><net_sink comp="239" pin=2"/></net>

<net id="255"><net_src comp="52" pin="0"/><net_sink comp="250" pin=0"/></net>

<net id="256"><net_src comp="247" pin="1"/><net_sink comp="250" pin=1"/></net>

<net id="257"><net_src comp="54" pin="0"/><net_sink comp="250" pin=2"/></net>

<net id="261"><net_src comp="250" pin="3"/><net_sink comp="258" pin=0"/></net>

<net id="266"><net_src comp="258" pin="1"/><net_sink comp="262" pin=0"/></net>

<net id="272"><net_src comp="48" pin="0"/><net_sink comp="267" pin=0"/></net>

<net id="273"><net_src comp="262" pin="2"/><net_sink comp="267" pin=1"/></net>

<net id="274"><net_src comp="56" pin="0"/><net_sink comp="267" pin=2"/></net>

<net id="281"><net_src comp="58" pin="0"/><net_sink comp="275" pin=0"/></net>

<net id="282"><net_src comp="262" pin="2"/><net_sink comp="275" pin=1"/></net>

<net id="283"><net_src comp="60" pin="0"/><net_sink comp="275" pin=2"/></net>

<net id="284"><net_src comp="62" pin="0"/><net_sink comp="275" pin=3"/></net>

<net id="290"><net_src comp="48" pin="0"/><net_sink comp="285" pin=0"/></net>

<net id="291"><net_src comp="262" pin="2"/><net_sink comp="285" pin=1"/></net>

<net id="292"><net_src comp="62" pin="0"/><net_sink comp="285" pin=2"/></net>

<net id="300"><net_src comp="293" pin="1"/><net_sink comp="296" pin=0"/></net>

<net id="301"><net_src comp="275" pin="4"/><net_sink comp="296" pin=1"/></net>

<net id="307"><net_src comp="64" pin="0"/><net_sink comp="302" pin=0"/></net>

<net id="308"><net_src comp="296" pin="2"/><net_sink comp="302" pin=1"/></net>

<net id="309"><net_src comp="66" pin="0"/><net_sink comp="302" pin=2"/></net>

<net id="314"><net_src comp="302" pin="3"/><net_sink comp="310" pin=0"/></net>

<net id="315"><net_src comp="38" pin="0"/><net_sink comp="310" pin=1"/></net>

<net id="320"><net_src comp="285" pin="3"/><net_sink comp="316" pin=0"/></net>

<net id="321"><net_src comp="310" pin="2"/><net_sink comp="316" pin=1"/></net>

<net id="328"><net_src comp="68" pin="0"/><net_sink comp="322" pin=0"/></net>

<net id="329"><net_src comp="262" pin="2"/><net_sink comp="322" pin=1"/></net>

<net id="330"><net_src comp="70" pin="0"/><net_sink comp="322" pin=2"/></net>

<net id="331"><net_src comp="56" pin="0"/><net_sink comp="322" pin=3"/></net>

<net id="336"><net_src comp="322" pin="4"/><net_sink comp="332" pin=0"/></net>

<net id="337"><net_src comp="72" pin="0"/><net_sink comp="332" pin=1"/></net>

<net id="342"><net_src comp="322" pin="4"/><net_sink comp="338" pin=0"/></net>

<net id="343"><net_src comp="74" pin="0"/><net_sink comp="338" pin=1"/></net>

<net id="349"><net_src comp="48" pin="0"/><net_sink comp="344" pin=0"/></net>

<net id="350"><net_src comp="56" pin="0"/><net_sink comp="344" pin=2"/></net>

<net id="361"><net_src comp="48" pin="0"/><net_sink comp="356" pin=0"/></net>

<net id="362"><net_src comp="70" pin="0"/><net_sink comp="356" pin=2"/></net>

<net id="367"><net_src comp="356" pin="3"/><net_sink comp="363" pin=0"/></net>

<net id="368"><net_src comp="38" pin="0"/><net_sink comp="363" pin=1"/></net>

<net id="373"><net_src comp="344" pin="3"/><net_sink comp="369" pin=0"/></net>

<net id="374"><net_src comp="363" pin="2"/><net_sink comp="369" pin=1"/></net>

<net id="380"><net_src comp="369" pin="2"/><net_sink comp="375" pin=1"/></net>

<net id="389"><net_src comp="351" pin="3"/><net_sink comp="385" pin=0"/></net>

<net id="390"><net_src comp="38" pin="0"/><net_sink comp="385" pin=1"/></net>

<net id="395"><net_src comp="385" pin="2"/><net_sink comp="391" pin=1"/></net>

<net id="400"><net_src comp="38" pin="0"/><net_sink comp="396" pin=1"/></net>

<net id="405"><net_src comp="391" pin="2"/><net_sink comp="401" pin=0"/></net>

<net id="406"><net_src comp="396" pin="2"/><net_sink comp="401" pin=1"/></net>

<net id="411"><net_src comp="375" pin="3"/><net_sink comp="407" pin=0"/></net>

<net id="412"><net_src comp="38" pin="0"/><net_sink comp="407" pin=1"/></net>

<net id="417"><net_src comp="407" pin="2"/><net_sink comp="413" pin=1"/></net>

<net id="422"><net_src comp="381" pin="2"/><net_sink comp="418" pin=0"/></net>

<net id="423"><net_src comp="413" pin="2"/><net_sink comp="418" pin=1"/></net>

<net id="428"><net_src comp="418" pin="2"/><net_sink comp="424" pin=0"/></net>

<net id="434"><net_src comp="401" pin="2"/><net_sink comp="429" pin=0"/></net>

<net id="435"><net_src comp="80" pin="0"/><net_sink comp="429" pin=1"/></net>

<net id="436"><net_src comp="82" pin="0"/><net_sink comp="429" pin=2"/></net>

<net id="441"><net_src comp="401" pin="2"/><net_sink comp="437" pin=0"/></net>

<net id="442"><net_src comp="424" pin="2"/><net_sink comp="437" pin=1"/></net>

<net id="448"><net_src comp="437" pin="2"/><net_sink comp="443" pin=0"/></net>

<net id="449"><net_src comp="429" pin="3"/><net_sink comp="443" pin=1"/></net>

<net id="454"><net_src comp="443" pin="3"/><net_sink comp="450" pin=0"/></net>

<net id="458"><net_src comp="455" pin="1"/><net_sink comp="100" pin=2"/></net>

<net id="462"><net_src comp="86" pin="1"/><net_sink comp="459" pin=0"/></net>

<net id="463"><net_src comp="459" pin="1"/><net_sink comp="129" pin=1"/></net>

<net id="464"><net_src comp="459" pin="1"/><net_sink comp="247" pin=0"/></net>

<net id="465"><net_src comp="459" pin="1"/><net_sink comp="450" pin=1"/></net>

<net id="466"><net_src comp="459" pin="1"/><net_sink comp="455" pin=0"/></net>

<net id="470"><net_src comp="90" pin="1"/><net_sink comp="467" pin=0"/></net>

<net id="471"><net_src comp="467" pin="1"/><net_sink comp="124" pin=1"/></net>

<net id="472"><net_src comp="467" pin="1"/><net_sink comp="134" pin=0"/></net>

<net id="473"><net_src comp="467" pin="1"/><net_sink comp="154" pin=1"/></net>

<net id="477"><net_src comp="120" pin="1"/><net_sink comp="474" pin=0"/></net>

<net id="478"><net_src comp="474" pin="1"/><net_sink comp="163" pin=1"/></net>

<net id="482"><net_src comp="137" pin="2"/><net_sink comp="479" pin=0"/></net>

<net id="486"><net_src comp="107" pin="3"/><net_sink comp="483" pin=0"/></net>

<net id="487"><net_src comp="483" pin="1"/><net_sink comp="114" pin=0"/></net>

<net id="491"><net_src comp="214" pin="3"/><net_sink comp="488" pin=0"/></net>

<net id="492"><net_src comp="488" pin="1"/><net_sink comp="222" pin=1"/></net>

<net id="496"><net_src comp="233" pin="2"/><net_sink comp="493" pin=0"/></net>

<net id="497"><net_src comp="493" pin="1"/><net_sink comp="262" pin=1"/></net>

<net id="501"><net_src comp="239" pin="3"/><net_sink comp="498" pin=0"/></net>

<net id="502"><net_src comp="498" pin="1"/><net_sink comp="293" pin=0"/></net>

<net id="506"><net_src comp="262" pin="2"/><net_sink comp="503" pin=0"/></net>

<net id="507"><net_src comp="503" pin="1"/><net_sink comp="344" pin=1"/></net>

<net id="508"><net_src comp="503" pin="1"/><net_sink comp="356" pin=1"/></net>

<net id="512"><net_src comp="267" pin="3"/><net_sink comp="509" pin=0"/></net>

<net id="513"><net_src comp="509" pin="1"/><net_sink comp="396" pin=0"/></net>

<net id="514"><net_src comp="509" pin="1"/><net_sink comp="424" pin=1"/></net>

<net id="518"><net_src comp="296" pin="2"/><net_sink comp="515" pin=0"/></net>

<net id="519"><net_src comp="515" pin="1"/><net_sink comp="443" pin=2"/></net>

<net id="523"><net_src comp="302" pin="3"/><net_sink comp="520" pin=0"/></net>

<net id="524"><net_src comp="520" pin="1"/><net_sink comp="391" pin=0"/></net>

<net id="528"><net_src comp="310" pin="2"/><net_sink comp="525" pin=0"/></net>

<net id="529"><net_src comp="525" pin="1"/><net_sink comp="413" pin=0"/></net>

<net id="533"><net_src comp="316" pin="2"/><net_sink comp="530" pin=0"/></net>

<net id="534"><net_src comp="530" pin="1"/><net_sink comp="351" pin=0"/></net>

<net id="535"><net_src comp="530" pin="1"/><net_sink comp="375" pin=0"/></net>

<net id="536"><net_src comp="530" pin="1"/><net_sink comp="381" pin=0"/></net>

<net id="540"><net_src comp="332" pin="2"/><net_sink comp="537" pin=0"/></net>

<net id="541"><net_src comp="537" pin="1"/><net_sink comp="351" pin=1"/></net>

<net id="542"><net_src comp="537" pin="1"/><net_sink comp="375" pin=2"/></net>

<net id="543"><net_src comp="537" pin="1"/><net_sink comp="381" pin=1"/></net>

<net id="547"><net_src comp="338" pin="2"/><net_sink comp="544" pin=0"/></net>

<net id="548"><net_src comp="544" pin="1"/><net_sink comp="351" pin=2"/></net>

</net_list>

</model> 
---------------- Datapath Model END ------------------

* FSMD analyzer results:
  - Output states:
	Port: variance_V_4_out | {4 }
 - Input state : 
	Port: layer_norm_1d<ap_fixed,ap_fixed,ap_fixed,ap_fixed<16,6,0,0,0>>_Pipeline_VITIS_LO.1 : input_r | {1 2 }
	Port: layer_norm_1d<ap_fixed,ap_fixed,ap_fixed,ap_fixed<16,6,0,0,0>>_Pipeline_VITIS_LO.1 : sext_ln1348 | {1 }
  - Chain level:
	State 1
		store_ln0 : 1
		store_ln0 : 1
		feature : 1
		icmp_ln59 : 2
		add_ln59 : 2
		br_ln59 : 3
		feature_3_cast : 2
		input_addr : 3
		input_load_3 : 4
		store_ln59 : 3
	State 2
		sext_ln1348_3 : 1
		ret_V : 2
		p_Result_s : 3
		centered_V : 3
		p_Result_135 : 3
		xor_ln895_66 : 4
		overflow : 4
		xor_ln302_7 : 4
		select_ln346 : 4
		select_ln302 : 5
	State 3
		sext_ln1270 : 1
		r_V_5 : 2
		tmp_1596 : 3
	State 4
		lhs_V_2 : 1
		sext_ln1347 : 2
		ret_V_2 : 3
		p_Result_136 : 4
		variance_V_3 : 4
		p_Result_137 : 4
		variance_V_4 : 5
		p_Result_138 : 6
		xor_ln896_68 : 7
		carry_27 : 7
		tmp : 4
		Range1_all_ones : 5
		Range1_all_zeros : 5
		write_ln0 : 1
	State 5
		xor_ln890 : 1
		and_ln890_28 : 1
		deleted_ones_14 : 1
		xor_ln895_69 : 1
		or_ln895_29 : 1
		overflow_11 : 1
		xor_ln896_70 : 2
		or_ln896_29 : 2
		xor_ln896 : 2
		underflow : 2
		select_ln346_402 : 1
		or_ln346 : 2
		variance_V : 2
		store_ln59 : 3


============================================================
+ Verbose Summary: Datapath Resource usage 
============================================================

* Functional unit list:
|----------|-----------------------------|---------|---------|---------|
| Operation|       Functional Unit       |   DSP   |    FF   |   LUT   |
|----------|-----------------------------|---------|---------|---------|
|          |       add_ln59_fu_143       |    0    |    0    |    13   |
|    add   |        ret_V_2_fu_262       |    0    |    0    |    47   |
|          |     variance_V_4_fu_296     |    0    |    0    |    31   |
|----------|-----------------------------|---------|---------|---------|
|          |     select_ln346_fu_206     |    0    |    0    |    16   |
|          |     select_ln302_fu_214     |    0    |    0    |    16   |
|  select  |     deleted_zeros_fu_351    |    0    |    0    |    2    |
|          |    deleted_ones_14_fu_375   |    0    |    0    |    2    |
|          |   select_ln346_402_fu_429   |    0    |    0    |    24   |
|          |      variance_V_fu_443      |    0    |    0    |    24   |
|----------|-----------------------------|---------|---------|---------|
|          |       icmp_ln59_fu_137      |    0    |    0    |    9    |
|   icmp   |    Range1_all_ones_fu_332   |    0    |    0    |    8    |
|          |   Range1_all_zeros_fu_338   |    0    |    0    |    8    |
|----------|-----------------------------|---------|---------|---------|
|    sub   |         ret_V_fu_163        |    0    |    0    |    23   |
|----------|-----------------------------|---------|---------|---------|
|          |     xor_ln895_66_fu_188     |    0    |    0    |    2    |
|          |      xor_ln302_7_fu_200     |    0    |    0    |    2    |
|          |     xor_ln896_68_fu_310     |    0    |    0    |    2    |
|    xor   |       xor_ln890_fu_363      |    0    |    0    |    2    |
|          |     xor_ln895_69_fu_385     |    0    |    0    |    2    |
|          |     xor_ln895_70_fu_396     |    0    |    0    |    2    |
|          |     xor_ln896_70_fu_407     |    0    |    0    |    2    |
|          |       xor_ln896_fu_418      |    0    |    0    |    2    |
|----------|-----------------------------|---------|---------|---------|
|    mul   |         r_V_5_fu_233        |    1    |    0    |    12   |
|----------|-----------------------------|---------|---------|---------|
|          |       overflow_fu_194       |    0    |    0    |    2    |
|          |       carry_27_fu_316       |    0    |    0    |    2    |
|    and   |     and_ln890_28_fu_369     |    0    |    0    |    2    |
|          |     and_ln891_28_fu_381     |    0    |    0    |    2    |
|          |      overflow_11_fu_401     |    0    |    0    |    2    |
|          |       underflow_fu_424      |    0    |    0    |    2    |
|----------|-----------------------------|---------|---------|---------|
|          |      or_ln895_29_fu_391     |    0    |    0    |    2    |
|    or    |      or_ln896_29_fu_413     |    0    |    0    |    2    |
|          |       or_ln346_fu_437       |    0    |    0    |    2    |
|----------|-----------------------------|---------|---------|---------|
|   read   | sext_ln1348_read_read_fu_94 |    0    |    0    |    0    |
|----------|-----------------------------|---------|---------|---------|
|   write  |    write_ln0_write_fu_100   |    0    |    0    |    0    |
|----------|-----------------------------|---------|---------|---------|
|          |   sext_ln1348_cast_fu_120   |    0    |    0    |    0    |
|   sext   |     sext_ln1348_3_fu_159    |    0    |    0    |    0    |
|          |      sext_ln1270_fu_229     |    0    |    0    |    0    |
|          |      sext_ln1347_fu_258     |    0    |    0    |    0    |
|----------|-----------------------------|---------|---------|---------|
|   zext   |    feature_3_cast_fu_149    |    0    |    0    |    0    |
|          |      zext_ln377_fu_293      |    0    |    0    |    0    |
|----------|-----------------------------|---------|---------|---------|
|          |      p_Result_s_fu_168      |    0    |    0    |    0    |
|          |     p_Result_135_fu_180     |    0    |    0    |    0    |
|          |       tmp_1596_fu_239       |    0    |    0    |    0    |
| bitselect|     p_Result_136_fu_267     |    0    |    0    |    0    |
|          |     p_Result_137_fu_285     |    0    |    0    |    0    |
|          |     p_Result_138_fu_302     |    0    |    0    |    0    |
|          |    Range2_all_ones_fu_344   |    0    |    0    |    0    |
|          |       tmp_1599_fu_356       |    0    |    0    |    0    |
|----------|-----------------------------|---------|---------|---------|
|   trunc  |      centered_V_fu_176      |    0    |    0    |    0    |
|----------|-----------------------------|---------|---------|---------|
|bitconcatenate|          r_V_fu_222         |    0    |    0    |    0    |
|          |        lhs_V_2_fu_250       |    0    |    0    |    0    |
|----------|-----------------------------|---------|---------|---------|
|partselect|     variance_V_3_fu_275     |    0    |    0    |    0    |
|          |          tmp_fu_322         |    0    |    0    |    0    |
|----------|-----------------------------|---------|---------|---------|
|   Total  |                             |    1    |    0    |   269   |
|----------|-----------------------------|---------|---------|---------|

Memories:
N/A

* Register list:
+------------------------+--------+
|                        |   FF   |
+------------------------+--------+
| Range1_all_ones_reg_537|    1   |
|Range1_all_zeros_reg_544|    1   |
|    carry_27_reg_530    |    1   |
|    feature_3_reg_467   |    5   |
|    icmp_ln59_reg_479   |    1   |
|   input_addr_reg_483   |    4   |
|      lhs_V_reg_459     |   24   |
|  p_Result_136_reg_509  |    1   |
|  p_Result_138_reg_520  |    1   |
|      r_V_5_reg_493     |   40   |
|     ret_V_2_reg_503    |   40   |
|  select_ln302_reg_488  |   16   |
|sext_ln1348_cast_reg_474|   17   |
|    tmp_1596_reg_498    |    1   |
|  variance_V_4_reg_515  |   24   |
|  xor_ln896_68_reg_525  |    1   |
+------------------------+--------+
|          Total         |   178  |
+------------------------+--------+

* Multiplexer (MUX) list: 
|-------------------|------|------|------|--------||---------||---------|
|        Comp       |  Pin | Size |  BW  | S x BW ||  Delay  ||   LUT   |
|-------------------|------|------|------|--------||---------||---------|
| grp_access_fu_114 |  p0  |   2  |   4  |    8   ||    9    |
|-------------------|------|------|------|--------||---------||---------|
|       Total       |      |      |      |    8   ||  1.588  ||    9    |
|-------------------|------|------|------|--------||---------||---------|



* Summary:
+-----------+--------+--------+--------+--------+
|           |   DSP  |  Delay |   FF   |   LUT  |
+-----------+--------+--------+--------+--------+
|  Function |    1   |    -   |    0   |   269  |
|   Memory  |    -   |    -   |    -   |    -   |
|Multiplexer|    -   |    1   |    -   |    9   |
|  Register |    -   |    -   |   178  |    -   |
+-----------+--------+--------+--------+--------+
|   Total   |    1   |    1   |   178  |   278  |
+-----------+--------+--------+--------+--------+
