

================================================================
== Vitis HLS Report for 'layer_norm_1d_ap_fixed_ap_fixed_ap_fixed_ap_fixed_16_6_0_0_0_Pipeline_VITIS_LO_2'
================================================================
* Date:           Mon Jun 29 21:37:55 2026

* Version:        2022.2 (Build 3670227 on Oct 13 2022)
* Project:        unsw_linear_transformer_fixed16_v1_prj
* Solution:       solution1 (Vivado IP Flow Target)
* Product family: zynq
* Target device:  xc7z020-clg400-1


================================================================
== Performance Estimates
================================================================
+ Timing: 
    * Summary: 
    +--------+----------+----------+------------+
    |  Clock |  Target  | Estimated| Uncertainty|
    +--------+----------+----------+------------+
    |ap_clk  |  10.00 ns|  7.202 ns|     2.70 ns|
    +--------+----------+----------+------------+

+ Latency: 
    * Summary: 
    +---------+---------+----------+----------+-----+-----+---------+
    |  Latency (cycles) |  Latency (absolute) |  Interval | Pipeline|
    |   min   |   max   |    min   |    max   | min | max |   Type  |
    +---------+---------+----------+----------+-----+-----+---------+
    |       18|       18|  0.180 us|  0.180 us|   18|   18|       no|
    +---------+---------+----------+----------+-----+-----+---------+

    + Detail: 
        * Instance: 
        N/A

        * Loop: 
        +-------------------+---------+---------+----------+-----------+-----------+------+----------+
        |                   |  Latency (cycles) | Iteration|  Initiation Interval  | Trip |          |
        |     Loop Name     |   min   |   max   |  Latency |  achieved |   target  | Count| Pipelined|
        +-------------------+---------+---------+----------+-----------+-----------+------+----------+
        |- VITIS_LOOP_53_1  |       16|       16|         2|          1|          1|    16|       yes|
        +-------------------+---------+---------+----------+-----------+-----------+------+----------+

============================================================
+ Verbose Summary: Synthesis Manager
============================================================
InlineROM: 1
ExposeGlobal: 0
============================================================
+ Verbose Summary: CDFG Model
============================================================
IsTopModel: 0
ResetActiveHigh: 1
IsCombinational: 0
IsDatapathOnly: 0
HasWiredReturn: 1
HasMFsm: 2
HasVarLatency: 1
IsPipeline: 0
IsRtlPipelined: 0
IsInstanceOverlapped: 0
IsDontTouch: 0
HasImplIP: 0
IsGatedGlobalClock: 0

+ Individual pipeline summary: 
  * Pipeline-0: initiation interval (II) = 1, depth = 2


============================================================
+ Verbose Summary: Schedule
============================================================
* Number of FSM states : 2
* Pipeline : 1
  Pipeline-0 : II = 1, D = 2, States = { 1 2 }
* Dataflow Pipeline: 0

* FSM state transitions: 
1 --> 2 
2 --> 

* FSM state operations: 

State 1 <SV = 0> <Delay = 3.36>
ST_1 : Operation 5 [1/1] (0.00ns)   --->   "%lhs = alloca i32 1"   --->   Operation 5 'alloca' 'lhs' <Predicate = true> <Delay = 0.00>
ST_1 : Operation 6 [1/1] (0.00ns)   --->   "%feature = alloca i32 1"   --->   Operation 6 'alloca' 'feature' <Predicate = true> <Delay = 0.00>
ST_1 : Operation 7 [1/1] (1.58ns)   --->   "%store_ln0 = store i5 0, i5 %feature"   --->   Operation 7 'store' 'store_ln0' <Predicate = true> <Delay = 1.58>
ST_1 : Operation 8 [1/1] (1.58ns)   --->   "%store_ln0 = store i24 0, i24 %lhs"   --->   Operation 8 'store' 'store_ln0' <Predicate = true> <Delay = 1.58>
ST_1 : Operation 9 [1/1] (0.00ns)   --->   "%br_ln0 = br void %for.body"   --->   Operation 9 'br' 'br_ln0' <Predicate = true> <Delay = 0.00>
ST_1 : Operation 10 [1/1] (0.00ns)   --->   "%feature_3 = load i5 %feature" [src/unsw_linear_transformer.cpp:53]   --->   Operation 10 'load' 'feature_3' <Predicate = true> <Delay = 0.00>
ST_1 : Operation 11 [1/1] (0.00ns)   --->   "%specpipeline_ln0 = specpipeline void @_ssdm_op_SpecPipeline, i32 4294967295, i32 0, i32 1, i32 0, void @p_str"   --->   Operation 11 'specpipeline' 'specpipeline_ln0' <Predicate = true> <Delay = 0.00>
ST_1 : Operation 12 [1/1] (1.36ns)   --->   "%icmp_ln53 = icmp_eq  i5 %feature_3, i5 16" [src/unsw_linear_transformer.cpp:53]   --->   Operation 12 'icmp' 'icmp_ln53' <Predicate = true> <Delay = 1.36> <CoreInst = "Cmp">   --->   Core 9 'Cmp' <Latency = 0> <II = 1> <Delay = 1.36> <FuncUnit> <Opcode : 'icmp'> <InPorts = 2> <OutPorts = 1>
ST_1 : Operation 13 [1/1] (0.00ns)   --->   "%empty = speclooptripcount i32 @_ssdm_op_SpecLoopTripCount, i64 16, i64 16, i64 16"   --->   Operation 13 'speclooptripcount' 'empty' <Predicate = true> <Delay = 0.00>
ST_1 : Operation 14 [1/1] (1.78ns)   --->   "%add_ln53 = add i5 %feature_3, i5 1" [src/unsw_linear_transformer.cpp:53]   --->   Operation 14 'add' 'add_ln53' <Predicate = true> <Delay = 1.78> <CoreInst = "Adder">   --->   Core 1 'Adder' <Latency = 0> <II = 1> <Delay = 1.78> <FuncUnit> <Opcode : 'add' 'sub'> <InPorts = 2> <OutPorts = 1>
ST_1 : Operation 15 [1/1] (0.00ns)   --->   "%br_ln53 = br i1 %icmp_ln53, void %for.body.split, void %_ZN8ap_fixedILi24ELi10EL9ap_q_mode0EL9ap_o_mode0ELi0EEC2Ei.exit1262_ifconv.exitStub" [src/unsw_linear_transformer.cpp:53]   --->   Operation 15 'br' 'br_ln53' <Predicate = true> <Delay = 0.00>
ST_1 : Operation 16 [1/1] (0.00ns)   --->   "%feature_cast = zext i5 %feature_3" [src/unsw_linear_transformer.cpp:53]   --->   Operation 16 'zext' 'feature_cast' <Predicate = (!icmp_ln53)> <Delay = 0.00>
ST_1 : Operation 17 [1/1] (0.00ns)   --->   "%input_addr = getelementptr i16 %input_r, i64 0, i64 %feature_cast"   --->   Operation 17 'getelementptr' 'input_addr' <Predicate = (!icmp_ln53)> <Delay = 0.00>
ST_1 : Operation 18 [2/2] (2.32ns)   --->   "%input_load = load i4 %input_addr"   --->   Operation 18 'load' 'input_load' <Predicate = (!icmp_ln53)> <Delay = 2.32> <CoreInst = "RAM">   --->   Core 82 'RAM' <Latency = 1> <II = 1> <Delay = 2.32> <Storage> <Opcode : 'load' 'store'> <Ports = 2> <Width = 16> <Depth = 16> <RAM>
ST_1 : Operation 19 [1/1] (1.58ns)   --->   "%store_ln53 = store i5 %add_ln53, i5 %feature" [src/unsw_linear_transformer.cpp:53]   --->   Operation 19 'store' 'store_ln53' <Predicate = (!icmp_ln53)> <Delay = 1.58>
ST_1 : Operation 38 [1/1] (0.00ns)   --->   "%lhs_load = load i24 %lhs"   --->   Operation 38 'load' 'lhs_load' <Predicate = (icmp_ln53)> <Delay = 0.00>
ST_1 : Operation 39 [1/1] (0.00ns)   --->   "%write_ln0 = write void @_ssdm_op_Write.ap_auto.i24P0A, i24 %mean_V_3_out, i24 %lhs_load"   --->   Operation 39 'write' 'write_ln0' <Predicate = (icmp_ln53)> <Delay = 0.00>
ST_1 : Operation 40 [1/1] (0.00ns)   --->   "%ret_ln0 = ret"   --->   Operation 40 'ret' 'ret_ln0' <Predicate = (icmp_ln53)> <Delay = 0.00>

State 2 <SV = 1> <Delay = 7.20>
ST_2 : Operation 20 [1/1] (0.00ns)   --->   "%lhs_load_2 = load i24 %lhs"   --->   Operation 20 'load' 'lhs_load_2' <Predicate = true> <Delay = 0.00>
ST_2 : Operation 21 [1/1] (0.00ns)   --->   "%specloopname_ln52 = specloopname void @_ssdm_op_SpecLoopName, void @empty_13" [src/unsw_linear_transformer.cpp:52]   --->   Operation 21 'specloopname' 'specloopname_ln52' <Predicate = true> <Delay = 0.00>
ST_2 : Operation 22 [1/2] (2.32ns)   --->   "%input_load = load i4 %input_addr"   --->   Operation 22 'load' 'input_load' <Predicate = true> <Delay = 2.32> <CoreInst = "RAM">   --->   Core 82 'RAM' <Latency = 1> <II = 1> <Delay = 2.32> <Storage> <Opcode : 'load' 'store'> <Ports = 2> <Width = 16> <Depth = 16> <RAM>
ST_2 : Operation 23 [1/1] (0.00ns)   --->   "%rhs = bitconcatenate i20 @_ssdm_op_BitConcatenate.i20.i16.i4, i16 %input_load, i4 0"   --->   Operation 23 'bitconcatenate' 'rhs' <Predicate = true> <Delay = 0.00>
ST_2 : Operation 24 [1/1] (0.00ns)   --->   "%sext_ln813 = sext i20 %rhs"   --->   Operation 24 'sext' 'sext_ln813' <Predicate = true> <Delay = 0.00>
ST_2 : Operation 25 [1/1] (0.00ns)   --->   "%sext_ln813_157 = sext i24 %lhs_load_2"   --->   Operation 25 'sext' 'sext_ln813_157' <Predicate = true> <Delay = 0.00>
ST_2 : Operation 26 [1/1] (0.00ns)   --->   "%sext_ln813_158 = sext i20 %rhs"   --->   Operation 26 'sext' 'sext_ln813_158' <Predicate = true> <Delay = 0.00>
ST_2 : Operation 27 [1/1] (2.31ns)   --->   "%ret_V = add i25 %sext_ln813_158, i25 %sext_ln813_157"   --->   Operation 27 'add' 'ret_V' <Predicate = true> <Delay = 2.31> <CoreInst = "Adder">   --->   Core 1 'Adder' <Latency = 0> <II = 1> <Delay = 2.31> <FuncUnit> <Opcode : 'add' 'sub'> <InPorts = 2> <OutPorts = 1>
ST_2 : Operation 28 [1/1] (0.00ns)   --->   "%p_Result_s = bitselect i1 @_ssdm_op_BitSelect.i1.i25.i32, i25 %ret_V, i32 24"   --->   Operation 28 'bitselect' 'p_Result_s' <Predicate = true> <Delay = 0.00>
ST_2 : Operation 29 [1/1] (2.31ns)   --->   "%mean_V_2 = add i24 %sext_ln813, i24 %lhs_load_2"   --->   Operation 29 'add' 'mean_V_2' <Predicate = true> <Delay = 2.31> <CoreInst = "Adder">   --->   Core 1 'Adder' <Latency = 0> <II = 1> <Delay = 2.31> <FuncUnit> <Opcode : 'add' 'sub'> <InPorts = 2> <OutPorts = 1>
ST_2 : Operation 30 [1/1] (0.00ns)   --->   "%p_Result_134 = bitselect i1 @_ssdm_op_BitSelect.i1.i24.i32, i24 %mean_V_2, i32 23"   --->   Operation 30 'bitselect' 'p_Result_134' <Predicate = true> <Delay = 0.00>
ST_2 : Operation 31 [1/1] (0.00ns) (grouped into LUT with out node mean_V)   --->   "%xor_ln895 = xor i1 %p_Result_s, i1 1"   --->   Operation 31 'xor' 'xor_ln895' <Predicate = true> <Delay = 0.00> <CoreInst = "LogicGate">   --->   Core 74 'LogicGate' <Latency = 0> <II = 1> <Delay = 0.97> <FuncUnit> <Opcode : 'and' 'or' 'xor'> <InPorts = 2> <OutPorts = 1>
ST_2 : Operation 32 [1/1] (0.00ns) (grouped into LUT with out node mean_V)   --->   "%overflow = and i1 %p_Result_134, i1 %xor_ln895"   --->   Operation 32 'and' 'overflow' <Predicate = true> <Delay = 0.00> <CoreInst = "LogicGate">   --->   Core 74 'LogicGate' <Latency = 0> <II = 1> <Delay = 0.97> <FuncUnit> <Opcode : 'and' 'or' 'xor'> <InPorts = 2> <OutPorts = 1>
ST_2 : Operation 33 [1/1] (0.00ns) (grouped into LUT with out node mean_V)   --->   "%xor_ln302 = xor i1 %p_Result_s, i1 %p_Result_134"   --->   Operation 33 'xor' 'xor_ln302' <Predicate = true> <Delay = 0.00> <CoreInst = "LogicGate">   --->   Core 74 'LogicGate' <Latency = 0> <II = 1> <Delay = 0.97> <FuncUnit> <Opcode : 'and' 'or' 'xor'> <InPorts = 2> <OutPorts = 1>
ST_2 : Operation 34 [1/1] (0.00ns) (grouped into LUT with out node mean_V)   --->   "%select_ln346 = select i1 %overflow, i24 8388607, i24 8388608"   --->   Operation 34 'select' 'select_ln346' <Predicate = true> <Delay = 0.00> <CoreInst = "Sel">   --->   Core 73 'Sel' <Latency = 0> <II = 1> <Delay = 0.69> <FuncUnit> <Opcode : 'select'> <InPorts = 3> <OutPorts = 1>
ST_2 : Operation 35 [1/1] (0.97ns) (out node of the LUT)   --->   "%mean_V = select i1 %xor_ln302, i24 %select_ln346, i24 %mean_V_2"   --->   Operation 35 'select' 'mean_V' <Predicate = true> <Delay = 0.97> <CoreInst = "Sel">   --->   Core 73 'Sel' <Latency = 0> <II = 1> <Delay = 0.69> <FuncUnit> <Opcode : 'select'> <InPorts = 3> <OutPorts = 1>
ST_2 : Operation 36 [1/1] (1.58ns)   --->   "%store_ln53 = store i24 %mean_V, i24 %lhs" [src/unsw_linear_transformer.cpp:53]   --->   Operation 36 'store' 'store_ln53' <Predicate = true> <Delay = 1.58>
ST_2 : Operation 37 [1/1] (0.00ns)   --->   "%br_ln53 = br void %for.body" [src/unsw_linear_transformer.cpp:53]   --->   Operation 37 'br' 'br_ln53' <Predicate = true> <Delay = 0.00>


============================================================
+ Verbose Summary: Timing violations
============================================================
Target clock period: 10ns, clock uncertainty: 2.7ns.

 <State 1>: 3.37ns
The critical path consists of the following:
	'alloca' operation ('feature') [4]  (0 ns)
	'load' operation ('feature', src/unsw_linear_transformer.cpp:53) on local variable 'feature' [9]  (0 ns)
	'add' operation ('add_ln53', src/unsw_linear_transformer.cpp:53) [13]  (1.78 ns)
	'store' operation ('store_ln53', src/unsw_linear_transformer.cpp:53) of variable 'add_ln53', src/unsw_linear_transformer.cpp:53 on local variable 'feature' [34]  (1.59 ns)

 <State 2>: 7.2ns
The critical path consists of the following:
	'load' operation ('input_load') on array 'input_r' [20]  (2.32 ns)
	'add' operation ('ret.V') [25]  (2.31 ns)
	'xor' operation ('xor_ln302') [31]  (0 ns)
	'select' operation ('mean.V') [33]  (0.978 ns)
	'store' operation ('store_ln53', src/unsw_linear_transformer.cpp:53) of variable 'mean.V' on local variable 'lhs' [35]  (1.59 ns)


============================================================
+ Verbose Summary: Binding
============================================================
N/A
* FSMD analyzer results:
  - Output states:
 - Input state : 
  - Chain level:
	State 1
	State 2


============================================================
+ Verbose Summary: Datapath Resource usage 
============================================================
N/A
