/home/cym/prj2/finn/notebooks/icl_thesis-master/experiments/imgds_linear_sparse/final_paper_experiments/experiment1_sparse_board/hls_projects/q8_s30_attn_sparse/q8_s30_attn_sparse/solution1/.autopilot/db/imgds_linear_dense_q8.pp.0.cpp:1339:7: warning: Added loop label VITIS_LOOP_1211_1:   [xilinx-label-all-loops]
      for (i = 0; i < __N - 1; ++i) {
      ^~~
      VITIS_LOOP_1211_1: 
/home/cym/prj2/finn/notebooks/icl_thesis-master/experiments/imgds_linear_sparse/final_paper_experiments/experiment1_sparse_board/hls_projects/q8_s30_attn_sparse/q8_s30_attn_sparse/solution1/.autopilot/db/imgds_linear_dense_q8.pp.0.cpp:1339:7: note: FIX-IT applied suggested code changes
/home/cym/prj2/finn/notebooks/icl_thesis-master/experiments/imgds_linear_sparse/final_paper_experiments/experiment1_sparse_board/hls_projects/q8_s30_attn_sparse/q8_s30_attn_sparse/solution1/.autopilot/db/imgds_linear_dense_q8.pp.0.cpp:2313:5: warning: Added loop label VITIS_LOOP_676_1:   [xilinx-label-all-loops]
    for (unsigned i = low; i != high; ++i) {
    ^~~
    VITIS_LOOP_676_1: 
/home/cym/prj2/finn/notebooks/icl_thesis-master/experiments/imgds_linear_sparse/final_paper_experiments/experiment1_sparse_board/hls_projects/q8_s30_attn_sparse/q8_s30_attn_sparse/solution1/.autopilot/db/imgds_linear_dense_q8.pp.0.cpp:2313:5: note: FIX-IT applied suggested code changes
/home/cym/prj2/finn/notebooks/icl_thesis-master/experiments/imgds_linear_sparse/final_paper_experiments/experiment1_sparse_board/hls_projects/q8_s30_attn_sparse/q8_s30_attn_sparse/solution1/.autopilot/db/imgds_linear_dense_q8.pp.0.cpp:2327:5: warning: Added loop label VITIS_LOOP_690_1:   [xilinx-label-all-loops]
    for (unsigned i = low; i != high; ++i) {
    ^~~
    VITIS_LOOP_690_1: 
/home/cym/prj2/finn/notebooks/icl_thesis-master/experiments/imgds_linear_sparse/final_paper_experiments/experiment1_sparse_board/hls_projects/q8_s30_attn_sparse/q8_s30_attn_sparse/solution1/.autopilot/db/imgds_linear_dense_q8.pp.0.cpp:2327:5: note: FIX-IT applied suggested code changes
/home/cym/prj2/finn/notebooks/icl_thesis-master/experiments/imgds_linear_sparse/final_paper_experiments/experiment1_sparse_board/hls_projects/q8_s30_attn_sparse/q8_s30_attn_sparse/solution1/.autopilot/db/imgds_linear_dense_q8.pp.0.cpp:2341:5: warning: Added loop label VITIS_LOOP_704_1:   [xilinx-label-all-loops]
    for (unsigned i = low; i != high; ++i) {
    ^~~
    VITIS_LOOP_704_1: 
/home/cym/prj2/finn/notebooks/icl_thesis-master/experiments/imgds_linear_sparse/final_paper_experiments/experiment1_sparse_board/hls_projects/q8_s30_attn_sparse/q8_s30_attn_sparse/solution1/.autopilot/db/imgds_linear_dense_q8.pp.0.cpp:2341:5: note: FIX-IT applied suggested code changes
/home/cym/prj2/finn/notebooks/icl_thesis-master/experiments/imgds_linear_sparse/final_paper_experiments/experiment1_sparse_board/hls_projects/q8_s30_attn_sparse/q8_s30_attn_sparse/solution1/.autopilot/db/imgds_linear_dense_q8.pp.0.cpp:3940:7: warning: Added loop label VITIS_LOOP_1245_1:   [xilinx-label-all-loops]
      for (i = 0; i < __N - 1; ++i) {
      ^~~
      VITIS_LOOP_1245_1: 
/home/cym/prj2/finn/notebooks/icl_thesis-master/experiments/imgds_linear_sparse/final_paper_experiments/experiment1_sparse_board/hls_projects/q8_s30_attn_sparse/q8_s30_attn_sparse/solution1/.autopilot/db/imgds_linear_dense_q8.pp.0.cpp:3940:7: note: FIX-IT applied suggested code changes
/home/cym/prj2/finn/notebooks/icl_thesis-master/experiments/imgds_linear_sparse/final_paper_experiments/experiment1_sparse_board/hls_projects/q8_s30_attn_sparse/q8_s30_attn_sparse/solution1/.autopilot/db/imgds_linear_dense_q8.pp.0.cpp:12776:5: warning: Added loop label VITIS_LOOP_39_1:   [xilinx-label-all-loops]
    for (int i = 0; i < 16; i++)
    ^~~
    VITIS_LOOP_39_1: 
/home/cym/prj2/finn/notebooks/icl_thesis-master/experiments/imgds_linear_sparse/final_paper_experiments/experiment1_sparse_board/hls_projects/q8_s30_attn_sparse/q8_s30_attn_sparse/solution1/.autopilot/db/imgds_linear_dense_q8.pp.0.cpp:12776:5: note: FIX-IT applied suggested code changes
/home/cym/prj2/finn/notebooks/icl_thesis-master/experiments/imgds_linear_sparse/final_paper_experiments/experiment1_sparse_board/hls_projects/q8_s30_attn_sparse/q8_s30_attn_sparse/solution1/.autopilot/db/imgds_linear_dense_q8.pp.0.cpp:12781:5: warning: Added loop label VITIS_LOOP_44_2:   [xilinx-label-all-loops]
    for (int i = 0; i < 16; i++) {
    ^~~
    VITIS_LOOP_44_2: 
/home/cym/prj2/finn/notebooks/icl_thesis-master/experiments/imgds_linear_sparse/final_paper_experiments/experiment1_sparse_board/hls_projects/q8_s30_attn_sparse/q8_s30_attn_sparse/solution1/.autopilot/db/imgds_linear_dense_q8.pp.0.cpp:12781:5: note: FIX-IT applied suggested code changes
/home/cym/prj2/finn/notebooks/icl_thesis-master/experiments/imgds_linear_sparse/final_paper_experiments/experiment1_sparse_board/hls_projects/q8_s30_attn_sparse/q8_s30_attn_sparse/solution1/.autopilot/db/imgds_linear_dense_q8.pp.0.cpp:12791:5: warning: Added loop label VITIS_LOOP_54_3:   [xilinx-label-all-loops]
    for (int i = 0; i < 16; i++) {
    ^~~
    VITIS_LOOP_54_3: 
/home/cym/prj2/finn/notebooks/icl_thesis-master/experiments/imgds_linear_sparse/final_paper_experiments/experiment1_sparse_board/hls_projects/q8_s30_attn_sparse/q8_s30_attn_sparse/solution1/.autopilot/db/imgds_linear_dense_q8.pp.0.cpp:12791:5: note: FIX-IT applied suggested code changes
/home/cym/prj2/finn/notebooks/icl_thesis-master/experiments/imgds_linear_sparse/final_paper_experiments/experiment1_sparse_board/hls_projects/q8_s30_attn_sparse/q8_s30_attn_sparse/solution1/.autopilot/db/imgds_linear_dense_q8.pp.0.cpp:12817:5: warning: Added loop label VITIS_LOOP_80_1:   [xilinx-label-all-loops]
    for (int s = 0; s < 16; s++) {
    ^~~
    VITIS_LOOP_80_1: 
/home/cym/prj2/finn/notebooks/icl_thesis-master/experiments/imgds_linear_sparse/final_paper_experiments/experiment1_sparse_board/hls_projects/q8_s30_attn_sparse/q8_s30_attn_sparse/solution1/.autopilot/db/imgds_linear_dense_q8.pp.0.cpp:12817:5: note: FIX-IT applied suggested code changes
/home/cym/prj2/finn/notebooks/icl_thesis-master/experiments/imgds_linear_sparse/final_paper_experiments/experiment1_sparse_board/hls_projects/q8_s30_attn_sparse/q8_s30_attn_sparse/solution1/.autopilot/db/imgds_linear_dense_q8.pp.0.cpp:12819:9: warning: Added loop label VITIS_LOOP_82_2:   [xilinx-label-all-loops]
        for (int d = 0; d < 16; d++) {
        ^~~
        VITIS_LOOP_82_2: 
/home/cym/prj2/finn/notebooks/icl_thesis-master/experiments/imgds_linear_sparse/final_paper_experiments/experiment1_sparse_board/hls_projects/q8_s30_attn_sparse/q8_s30_attn_sparse/solution1/.autopilot/db/imgds_linear_dense_q8.pp.0.cpp:12819:9: note: FIX-IT applied suggested code changes
/home/cym/prj2/finn/notebooks/icl_thesis-master/experiments/imgds_linear_sparse/final_paper_experiments/experiment1_sparse_board/hls_projects/q8_s30_attn_sparse/q8_s30_attn_sparse/solution1/.autopilot/db/imgds_linear_dense_q8.pp.0.cpp:12821:13: warning: Added loop label VITIS_LOOP_84_3:   [xilinx-label-all-loops]
            for (int i = 0; i < 16; i++) {
            ^~~
            VITIS_LOOP_84_3: 
/home/cym/prj2/finn/notebooks/icl_thesis-master/experiments/imgds_linear_sparse/final_paper_experiments/experiment1_sparse_board/hls_projects/q8_s30_attn_sparse/q8_s30_attn_sparse/solution1/.autopilot/db/imgds_linear_dense_q8.pp.0.cpp:12821:13: note: FIX-IT applied suggested code changes
/home/cym/prj2/finn/notebooks/icl_thesis-master/experiments/imgds_linear_sparse/final_paper_experiments/experiment1_sparse_board/hls_projects/q8_s30_attn_sparse/q8_s30_attn_sparse/solution1/.autopilot/db/imgds_linear_dense_q8.pp.0.cpp:12828:9: warning: Added loop label VITIS_LOOP_91_4:   [xilinx-label-all-loops]
        for (int ii = 0; ii < 11; ii++) {
        ^~~
        VITIS_LOOP_91_4: 
/home/cym/prj2/finn/notebooks/icl_thesis-master/experiments/imgds_linear_sparse/final_paper_experiments/experiment1_sparse_board/hls_projects/q8_s30_attn_sparse/q8_s30_attn_sparse/solution1/.autopilot/db/imgds_linear_dense_q8.pp.0.cpp:12828:9: note: FIX-IT applied suggested code changes
/home/cym/prj2/finn/notebooks/icl_thesis-master/experiments/imgds_linear_sparse/final_paper_experiments/experiment1_sparse_board/hls_projects/q8_s30_attn_sparse/q8_s30_attn_sparse/solution1/.autopilot/db/imgds_linear_dense_q8.pp.0.cpp:12831:13: warning: Added loop label VITIS_LOOP_94_5:   [xilinx-label-all-loops]
            for (int i = 0; i < 16; i++) {
            ^~~
            VITIS_LOOP_94_5: 
/home/cym/prj2/finn/notebooks/icl_thesis-master/experiments/imgds_linear_sparse/final_paper_experiments/experiment1_sparse_board/hls_projects/q8_s30_attn_sparse/q8_s30_attn_sparse/solution1/.autopilot/db/imgds_linear_dense_q8.pp.0.cpp:12831:13: note: FIX-IT applied suggested code changes
/home/cym/prj2/finn/notebooks/icl_thesis-master/experiments/imgds_linear_sparse/final_paper_experiments/experiment1_sparse_board/hls_projects/q8_s30_attn_sparse/q8_s30_attn_sparse/solution1/.autopilot/db/imgds_linear_dense_q8.pp.0.cpp:12844:5: warning: Added loop label VITIS_LOOP_107_6:   [xilinx-label-all-loops]
    for (int ii = 0; ii < 11; ii++) {
    ^~~
    VITIS_LOOP_107_6: 
/home/cym/prj2/finn/notebooks/icl_thesis-master/experiments/imgds_linear_sparse/final_paper_experiments/experiment1_sparse_board/hls_projects/q8_s30_attn_sparse/q8_s30_attn_sparse/solution1/.autopilot/db/imgds_linear_dense_q8.pp.0.cpp:12844:5: note: FIX-IT applied suggested code changes
/home/cym/prj2/finn/notebooks/icl_thesis-master/experiments/imgds_linear_sparse/final_paper_experiments/experiment1_sparse_board/hls_projects/q8_s30_attn_sparse/q8_s30_attn_sparse/solution1/.autopilot/db/imgds_linear_dense_q8.pp.0.cpp:12846:9: warning: Added loop label VITIS_LOOP_109_7:   [xilinx-label-all-loops]
        for (int d2 = 0; d2 < 16; d2++) {
        ^~~
        VITIS_LOOP_109_7: 
/home/cym/prj2/finn/notebooks/icl_thesis-master/experiments/imgds_linear_sparse/final_paper_experiments/experiment1_sparse_board/hls_projects/q8_s30_attn_sparse/q8_s30_attn_sparse/solution1/.autopilot/db/imgds_linear_dense_q8.pp.0.cpp:12846:9: note: FIX-IT applied suggested code changes
/home/cym/prj2/finn/notebooks/icl_thesis-master/experiments/imgds_linear_sparse/final_paper_experiments/experiment1_sparse_board/hls_projects/q8_s30_attn_sparse/q8_s30_attn_sparse/solution1/.autopilot/db/imgds_linear_dense_q8.pp.0.cpp:12848:13: warning: Added loop label VITIS_LOOP_111_8:   [xilinx-label-all-loops]
            for (int pos = 0; pos < 16; pos++) {
            ^~~
            VITIS_LOOP_111_8: 
/home/cym/prj2/finn/notebooks/icl_thesis-master/experiments/imgds_linear_sparse/final_paper_experiments/experiment1_sparse_board/hls_projects/q8_s30_attn_sparse/q8_s30_attn_sparse/solution1/.autopilot/db/imgds_linear_dense_q8.pp.0.cpp:12848:13: note: FIX-IT applied suggested code changes
/home/cym/prj2/finn/notebooks/icl_thesis-master/experiments/imgds_linear_sparse/final_paper_experiments/experiment1_sparse_board/hls_projects/q8_s30_attn_sparse/q8_s30_attn_sparse/solution1/.autopilot/db/imgds_linear_dense_q8.pp.0.cpp:12858:5: warning: Added loop label VITIS_LOOP_121_9:   [xilinx-label-all-loops]
    for (int ii = 0; ii < 11; ii++) {
    ^~~
    VITIS_LOOP_121_9: 
/home/cym/prj2/finn/notebooks/icl_thesis-master/experiments/imgds_linear_sparse/final_paper_experiments/experiment1_sparse_board/hls_projects/q8_s30_attn_sparse/q8_s30_attn_sparse/solution1/.autopilot/db/imgds_linear_dense_q8.pp.0.cpp:12858:5: note: FIX-IT applied suggested code changes
/home/cym/prj2/finn/notebooks/icl_thesis-master/experiments/imgds_linear_sparse/final_paper_experiments/experiment1_sparse_board/hls_projects/q8_s30_attn_sparse/q8_s30_attn_sparse/solution1/.autopilot/db/imgds_linear_dense_q8.pp.0.cpp:12861:9: warning: Added loop label VITIS_LOOP_124_10:   [xilinx-label-all-loops]
        for (int pos = 0; pos < 16; pos++) {
        ^~~
        VITIS_LOOP_124_10: 
/home/cym/prj2/finn/notebooks/icl_thesis-master/experiments/imgds_linear_sparse/final_paper_experiments/experiment1_sparse_board/hls_projects/q8_s30_attn_sparse/q8_s30_attn_sparse/solution1/.autopilot/db/imgds_linear_dense_q8.pp.0.cpp:12861:9: note: FIX-IT applied suggested code changes
/home/cym/prj2/finn/notebooks/icl_thesis-master/experiments/imgds_linear_sparse/final_paper_experiments/experiment1_sparse_board/hls_projects/q8_s30_attn_sparse/q8_s30_attn_sparse/solution1/.autopilot/db/imgds_linear_dense_q8.pp.0.cpp:12869:5: warning: Added loop label VITIS_LOOP_132_11:   [xilinx-label-all-loops]
    for (int pos = 0; pos < 16; pos++) {
    ^~~
    VITIS_LOOP_132_11: 
/home/cym/prj2/finn/notebooks/icl_thesis-master/experiments/imgds_linear_sparse/final_paper_experiments/experiment1_sparse_board/hls_projects/q8_s30_attn_sparse/q8_s30_attn_sparse/solution1/.autopilot/db/imgds_linear_dense_q8.pp.0.cpp:12869:5: note: FIX-IT applied suggested code changes
/home/cym/prj2/finn/notebooks/icl_thesis-master/experiments/imgds_linear_sparse/final_paper_experiments/experiment1_sparse_board/hls_projects/q8_s30_attn_sparse/q8_s30_attn_sparse/solution1/.autopilot/db/imgds_linear_dense_q8.pp.0.cpp:12872:9: warning: Added loop label VITIS_LOOP_135_12:   [xilinx-label-all-loops]
        for (int ii = 0; ii < 11; ii++) {
        ^~~
        VITIS_LOOP_135_12: 
/home/cym/prj2/finn/notebooks/icl_thesis-master/experiments/imgds_linear_sparse/final_paper_experiments/experiment1_sparse_board/hls_projects/q8_s30_attn_sparse/q8_s30_attn_sparse/solution1/.autopilot/db/imgds_linear_dense_q8.pp.0.cpp:12872:9: note: FIX-IT applied suggested code changes
/home/cym/prj2/finn/notebooks/icl_thesis-master/experiments/imgds_linear_sparse/final_paper_experiments/experiment1_sparse_board/hls_projects/q8_s30_attn_sparse/q8_s30_attn_sparse/solution1/.autopilot/db/imgds_linear_dense_q8.pp.0.cpp:12882:9: warning: Added loop label VITIS_LOOP_145_13:   [xilinx-label-all-loops]
        for (int d2 = 0; d2 < 16; d2++) {
        ^~~
        VITIS_LOOP_145_13: 
/home/cym/prj2/finn/notebooks/icl_thesis-master/experiments/imgds_linear_sparse/final_paper_experiments/experiment1_sparse_board/hls_projects/q8_s30_attn_sparse/q8_s30_attn_sparse/solution1/.autopilot/db/imgds_linear_dense_q8.pp.0.cpp:12882:9: note: FIX-IT applied suggested code changes
/home/cym/prj2/finn/notebooks/icl_thesis-master/experiments/imgds_linear_sparse/final_paper_experiments/experiment1_sparse_board/hls_projects/q8_s30_attn_sparse/q8_s30_attn_sparse/solution1/.autopilot/db/imgds_linear_dense_q8.pp.0.cpp:12884:13: warning: Added loop label VITIS_LOOP_147_14:   [xilinx-label-all-loops]
            for (int ii = 0; ii < 11; ii++) {
            ^~~
            VITIS_LOOP_147_14: 
/home/cym/prj2/finn/notebooks/icl_thesis-master/experiments/imgds_linear_sparse/final_paper_experiments/experiment1_sparse_board/hls_projects/q8_s30_attn_sparse/q8_s30_attn_sparse/solution1/.autopilot/db/imgds_linear_dense_q8.pp.0.cpp:12884:13: note: FIX-IT applied suggested code changes
/home/cym/prj2/finn/notebooks/icl_thesis-master/experiments/imgds_linear_sparse/final_paper_experiments/experiment1_sparse_board/hls_projects/q8_s30_attn_sparse/q8_s30_attn_sparse/solution1/.autopilot/db/imgds_linear_dense_q8.pp.0.cpp:12893:9: warning: Added loop label VITIS_LOOP_156_15:   [xilinx-label-all-loops]
        for (int d = 0; d < 16; d++) {
        ^~~
        VITIS_LOOP_156_15: 
/home/cym/prj2/finn/notebooks/icl_thesis-master/experiments/imgds_linear_sparse/final_paper_experiments/experiment1_sparse_board/hls_projects/q8_s30_attn_sparse/q8_s30_attn_sparse/solution1/.autopilot/db/imgds_linear_dense_q8.pp.0.cpp:12893:9: note: FIX-IT applied suggested code changes
/home/cym/prj2/finn/notebooks/icl_thesis-master/experiments/imgds_linear_sparse/final_paper_experiments/experiment1_sparse_board/hls_projects/q8_s30_attn_sparse/q8_s30_attn_sparse/solution1/.autopilot/db/imgds_linear_dense_q8.pp.0.cpp:12895:13: warning: Added loop label VITIS_LOOP_158_16:   [xilinx-label-all-loops]
            for (int i = 0; i < 16; i++) {
            ^~~
            VITIS_LOOP_158_16: 
/home/cym/prj2/finn/notebooks/icl_thesis-master/experiments/imgds_linear_sparse/final_paper_experiments/experiment1_sparse_board/hls_projects/q8_s30_attn_sparse/q8_s30_attn_sparse/solution1/.autopilot/db/imgds_linear_dense_q8.pp.0.cpp:12895:13: note: FIX-IT applied suggested code changes
/home/cym/prj2/finn/notebooks/icl_thesis-master/experiments/imgds_linear_sparse/final_paper_experiments/experiment1_sparse_board/hls_projects/q8_s30_attn_sparse/q8_s30_attn_sparse/solution1/.autopilot/db/imgds_linear_dense_q8.pp.0.cpp:12916:2: warning: Added loop label VITIS_LOOP_179_1:   [xilinx-label-all-loops]
 for (int pos = 0; pos < 16; pos++) {
 ^~~
 VITIS_LOOP_179_1: 
/home/cym/prj2/finn/notebooks/icl_thesis-master/experiments/imgds_linear_sparse/final_paper_experiments/experiment1_sparse_board/hls_projects/q8_s30_attn_sparse/q8_s30_attn_sparse/solution1/.autopilot/db/imgds_linear_dense_q8.pp.0.cpp:12916:2: note: FIX-IT applied suggested code changes
/home/cym/prj2/finn/notebooks/icl_thesis-master/experiments/imgds_linear_sparse/final_paper_experiments/experiment1_sparse_board/hls_projects/q8_s30_attn_sparse/q8_s30_attn_sparse/solution1/.autopilot/db/imgds_linear_dense_q8.pp.0.cpp:12919:9: warning: Added loop label VITIS_LOOP_182_2:   [xilinx-label-all-loops]
        for (int d = 0; d < 32; d++) {
        ^~~
        VITIS_LOOP_182_2: 
/home/cym/prj2/finn/notebooks/icl_thesis-master/experiments/imgds_linear_sparse/final_paper_experiments/experiment1_sparse_board/hls_projects/q8_s30_attn_sparse/q8_s30_attn_sparse/solution1/.autopilot/db/imgds_linear_dense_q8.pp.0.cpp:12919:9: note: FIX-IT applied suggested code changes
/home/cym/prj2/finn/notebooks/icl_thesis-master/experiments/imgds_linear_sparse/final_paper_experiments/experiment1_sparse_board/hls_projects/q8_s30_attn_sparse/q8_s30_attn_sparse/solution1/.autopilot/db/imgds_linear_dense_q8.pp.0.cpp:12921:13: warning: Added loop label VITIS_LOOP_184_3:   [xilinx-label-all-loops]
            for (int i = 0; i < 16; i++) {
            ^~~
            VITIS_LOOP_184_3: 
/home/cym/prj2/finn/notebooks/icl_thesis-master/experiments/imgds_linear_sparse/final_paper_experiments/experiment1_sparse_board/hls_projects/q8_s30_attn_sparse/q8_s30_attn_sparse/solution1/.autopilot/db/imgds_linear_dense_q8.pp.0.cpp:12921:13: note: FIX-IT applied suggested code changes
/home/cym/prj2/finn/notebooks/icl_thesis-master/experiments/imgds_linear_sparse/final_paper_experiments/experiment1_sparse_board/hls_projects/q8_s30_attn_sparse/q8_s30_attn_sparse/solution1/.autopilot/db/imgds_linear_dense_q8.pp.0.cpp:12931:9: warning: Added loop label VITIS_LOOP_194_4:   [xilinx-label-all-loops]
        for (int d = 0; d < 16; d++) {
        ^~~
        VITIS_LOOP_194_4: 
/home/cym/prj2/finn/notebooks/icl_thesis-master/experiments/imgds_linear_sparse/final_paper_experiments/experiment1_sparse_board/hls_projects/q8_s30_attn_sparse/q8_s30_attn_sparse/solution1/.autopilot/db/imgds_linear_dense_q8.pp.0.cpp:12931:9: note: FIX-IT applied suggested code changes
/home/cym/prj2/finn/notebooks/icl_thesis-master/experiments/imgds_linear_sparse/final_paper_experiments/experiment1_sparse_board/hls_projects/q8_s30_attn_sparse/q8_s30_attn_sparse/solution1/.autopilot/db/imgds_linear_dense_q8.pp.0.cpp:12933:13: warning: Added loop label VITIS_LOOP_196_5:   [xilinx-label-all-loops]
            for (int i = 0; i < 32; i++) {
            ^~~
            VITIS_LOOP_196_5: 
/home/cym/prj2/finn/notebooks/icl_thesis-master/experiments/imgds_linear_sparse/final_paper_experiments/experiment1_sparse_board/hls_projects/q8_s30_attn_sparse/q8_s30_attn_sparse/solution1/.autopilot/db/imgds_linear_dense_q8.pp.0.cpp:12933:13: note: FIX-IT applied suggested code changes
/home/cym/prj2/finn/notebooks/icl_thesis-master/experiments/imgds_linear_sparse/final_paper_experiments/experiment1_sparse_board/hls_projects/q8_s30_attn_sparse/q8_s30_attn_sparse/solution1/.autopilot/db/imgds_linear_dense_q8.pp.0.cpp:12941:9: warning: Added loop label VITIS_LOOP_204_6:   [xilinx-label-all-loops]
        for (int d = 0; d < 16; d++)
        ^~~
        VITIS_LOOP_204_6: 
/home/cym/prj2/finn/notebooks/icl_thesis-master/experiments/imgds_linear_sparse/final_paper_experiments/experiment1_sparse_board/hls_projects/q8_s30_attn_sparse/q8_s30_attn_sparse/solution1/.autopilot/db/imgds_linear_dense_q8.pp.0.cpp:12941:9: note: FIX-IT applied suggested code changes
/home/cym/prj2/finn/notebooks/icl_thesis-master/experiments/imgds_linear_sparse/final_paper_experiments/experiment1_sparse_board/hls_projects/q8_s30_attn_sparse/q8_s30_attn_sparse/solution1/.autopilot/db/imgds_linear_dense_q8.pp.0.cpp:12966:5: warning: Added loop label VITIS_LOOP_225_1:   [xilinx-label-all-loops]
    for (int s = 0; s < 16; s++) {
    ^~~
    VITIS_LOOP_225_1: 
/home/cym/prj2/finn/notebooks/icl_thesis-master/experiments/imgds_linear_sparse/final_paper_experiments/experiment1_sparse_board/hls_projects/q8_s30_attn_sparse/q8_s30_attn_sparse/solution1/.autopilot/db/imgds_linear_dense_q8.pp.0.cpp:12966:5: note: FIX-IT applied suggested code changes
/home/cym/prj2/finn/notebooks/icl_thesis-master/experiments/imgds_linear_sparse/final_paper_experiments/experiment1_sparse_board/hls_projects/q8_s30_attn_sparse/q8_s30_attn_sparse/solution1/.autopilot/db/imgds_linear_dense_q8.pp.0.cpp:12967:9: warning: Added loop label VITIS_LOOP_226_2:   [xilinx-label-all-loops]
        for (int d = 0; d < 16; d++) {
        ^~~
        VITIS_LOOP_226_2: 
/home/cym/prj2/finn/notebooks/icl_thesis-master/experiments/imgds_linear_sparse/final_paper_experiments/experiment1_sparse_board/hls_projects/q8_s30_attn_sparse/q8_s30_attn_sparse/solution1/.autopilot/db/imgds_linear_dense_q8.pp.0.cpp:12967:9: note: FIX-IT applied suggested code changes
/home/cym/prj2/finn/notebooks/icl_thesis-master/experiments/imgds_linear_sparse/final_paper_experiments/experiment1_sparse_board/hls_projects/q8_s30_attn_sparse/q8_s30_attn_sparse/solution1/.autopilot/db/imgds_linear_dense_q8.pp.0.cpp:12969:13: warning: Added loop label VITIS_LOOP_228_3:   [xilinx-label-all-loops]
            for (int i = 0; i < 64; i++) {
            ^~~
            VITIS_LOOP_228_3: 
/home/cym/prj2/finn/notebooks/icl_thesis-master/experiments/imgds_linear_sparse/final_paper_experiments/experiment1_sparse_board/hls_projects/q8_s30_attn_sparse/q8_s30_attn_sparse/solution1/.autopilot/db/imgds_linear_dense_q8.pp.0.cpp:12969:13: note: FIX-IT applied suggested code changes
/home/cym/prj2/finn/notebooks/icl_thesis-master/experiments/imgds_linear_sparse/final_paper_experiments/experiment1_sparse_board/hls_projects/q8_s30_attn_sparse/q8_s30_attn_sparse/solution1/.autopilot/db/imgds_linear_dense_q8.pp.0.cpp:12989:5: warning: Added loop label VITIS_LOOP_248_4:   [xilinx-label-all-loops]
    for (int s = 0; s < 16; s++)
    ^~~
    VITIS_LOOP_248_4: 
/home/cym/prj2/finn/notebooks/icl_thesis-master/experiments/imgds_linear_sparse/final_paper_experiments/experiment1_sparse_board/hls_projects/q8_s30_attn_sparse/q8_s30_attn_sparse/solution1/.autopilot/db/imgds_linear_dense_q8.pp.0.cpp:12989:5: note: FIX-IT applied suggested code changes
/home/cym/prj2/finn/notebooks/icl_thesis-master/experiments/imgds_linear_sparse/final_paper_experiments/experiment1_sparse_board/hls_projects/q8_s30_attn_sparse/q8_s30_attn_sparse/solution1/.autopilot/db/imgds_linear_dense_q8.pp.0.cpp:13002:5: warning: Added loop label VITIS_LOOP_261_5:   [xilinx-label-all-loops]
    for (int s = 0; s < 16; s++)
    ^~~
    VITIS_LOOP_261_5: 
/home/cym/prj2/finn/notebooks/icl_thesis-master/experiments/imgds_linear_sparse/final_paper_experiments/experiment1_sparse_board/hls_projects/q8_s30_attn_sparse/q8_s30_attn_sparse/solution1/.autopilot/db/imgds_linear_dense_q8.pp.0.cpp:13002:5: note: FIX-IT applied suggested code changes
/home/cym/prj2/finn/notebooks/icl_thesis-master/experiments/imgds_linear_sparse/final_paper_experiments/experiment1_sparse_board/hls_projects/q8_s30_attn_sparse/q8_s30_attn_sparse/solution1/.autopilot/db/imgds_linear_dense_q8.pp.0.cpp:13007:5: warning: Added loop label VITIS_LOOP_266_6:   [xilinx-label-all-loops]
    for (int d = 0; d < 16; d++) {
    ^~~
    VITIS_LOOP_266_6: 
/home/cym/prj2/finn/notebooks/icl_thesis-master/experiments/imgds_linear_sparse/final_paper_experiments/experiment1_sparse_board/hls_projects/q8_s30_attn_sparse/q8_s30_attn_sparse/solution1/.autopilot/db/imgds_linear_dense_q8.pp.0.cpp:13007:5: note: FIX-IT applied suggested code changes
/home/cym/prj2/finn/notebooks/icl_thesis-master/experiments/imgds_linear_sparse/final_paper_experiments/experiment1_sparse_board/hls_projects/q8_s30_attn_sparse/q8_s30_attn_sparse/solution1/.autopilot/db/imgds_linear_dense_q8.pp.0.cpp:13009:9: warning: Added loop label VITIS_LOOP_268_7:   [xilinx-label-all-loops]
        for (int pos = 0; pos < 16; pos++) {
        ^~~
        VITIS_LOOP_268_7: 
/home/cym/prj2/finn/notebooks/icl_thesis-master/experiments/imgds_linear_sparse/final_paper_experiments/experiment1_sparse_board/hls_projects/q8_s30_attn_sparse/q8_s30_attn_sparse/solution1/.autopilot/db/imgds_linear_dense_q8.pp.0.cpp:13009:9: note: FIX-IT applied suggested code changes
/home/cym/prj2/finn/notebooks/icl_thesis-master/experiments/imgds_linear_sparse/final_paper_experiments/experiment1_sparse_board/hls_projects/q8_s30_attn_sparse/q8_s30_attn_sparse/solution1/.autopilot/db/imgds_linear_dense_q8.pp.0.cpp:13018:5: warning: Added loop label VITIS_LOOP_277_8:   [xilinx-label-all-loops]
    for (int c = 0; c < 2; c++) {
    ^~~
    VITIS_LOOP_277_8: 
/home/cym/prj2/finn/notebooks/icl_thesis-master/experiments/imgds_linear_sparse/final_paper_experiments/experiment1_sparse_board/hls_projects/q8_s30_attn_sparse/q8_s30_attn_sparse/solution1/.autopilot/db/imgds_linear_dense_q8.pp.0.cpp:13018:5: note: FIX-IT applied suggested code changes
/home/cym/prj2/finn/notebooks/icl_thesis-master/experiments/imgds_linear_sparse/final_paper_experiments/experiment1_sparse_board/hls_projects/q8_s30_attn_sparse/q8_s30_attn_sparse/solution1/.autopilot/db/imgds_linear_dense_q8.pp.0.cpp:13021:9: warning: Added loop label VITIS_LOOP_280_9:   [xilinx-label-all-loops]
        for (int d = 0; d < 16; d++) {
        ^~~
        VITIS_LOOP_280_9: 
/home/cym/prj2/finn/notebooks/icl_thesis-master/experiments/imgds_linear_sparse/final_paper_experiments/experiment1_sparse_board/hls_projects/q8_s30_attn_sparse/q8_s30_attn_sparse/solution1/.autopilot/db/imgds_linear_dense_q8.pp.0.cpp:13021:9: note: FIX-IT applied suggested code changes
