/home/cym/prj2/finn/notebooks/icl_thesis-master/experiments/imgds_linear_sparse/stage2_dense_hls_baselines/q16_s0_pareto2/hls/imgds_linear_dense_q16_pareto2/solution1/.autopilot/db/imgds_linear_dense_q16.pp.0.cpp:1338:7: warning: Added loop label VITIS_LOOP_1211_1:   [xilinx-label-all-loops]
      for (i = 0; i < __N - 1; ++i) {
      ^~~
      VITIS_LOOP_1211_1: 
/home/cym/prj2/finn/notebooks/icl_thesis-master/experiments/imgds_linear_sparse/stage2_dense_hls_baselines/q16_s0_pareto2/hls/imgds_linear_dense_q16_pareto2/solution1/.autopilot/db/imgds_linear_dense_q16.pp.0.cpp:1338:7: note: FIX-IT applied suggested code changes
/home/cym/prj2/finn/notebooks/icl_thesis-master/experiments/imgds_linear_sparse/stage2_dense_hls_baselines/q16_s0_pareto2/hls/imgds_linear_dense_q16_pareto2/solution1/.autopilot/db/imgds_linear_dense_q16.pp.0.cpp:2312:5: warning: Added loop label VITIS_LOOP_676_1:   [xilinx-label-all-loops]
    for (unsigned i = low; i != high; ++i) {
    ^~~
    VITIS_LOOP_676_1: 
/home/cym/prj2/finn/notebooks/icl_thesis-master/experiments/imgds_linear_sparse/stage2_dense_hls_baselines/q16_s0_pareto2/hls/imgds_linear_dense_q16_pareto2/solution1/.autopilot/db/imgds_linear_dense_q16.pp.0.cpp:2312:5: note: FIX-IT applied suggested code changes
/home/cym/prj2/finn/notebooks/icl_thesis-master/experiments/imgds_linear_sparse/stage2_dense_hls_baselines/q16_s0_pareto2/hls/imgds_linear_dense_q16_pareto2/solution1/.autopilot/db/imgds_linear_dense_q16.pp.0.cpp:2326:5: warning: Added loop label VITIS_LOOP_690_1:   [xilinx-label-all-loops]
    for (unsigned i = low; i != high; ++i) {
    ^~~
    VITIS_LOOP_690_1: 
/home/cym/prj2/finn/notebooks/icl_thesis-master/experiments/imgds_linear_sparse/stage2_dense_hls_baselines/q16_s0_pareto2/hls/imgds_linear_dense_q16_pareto2/solution1/.autopilot/db/imgds_linear_dense_q16.pp.0.cpp:2326:5: note: FIX-IT applied suggested code changes
/home/cym/prj2/finn/notebooks/icl_thesis-master/experiments/imgds_linear_sparse/stage2_dense_hls_baselines/q16_s0_pareto2/hls/imgds_linear_dense_q16_pareto2/solution1/.autopilot/db/imgds_linear_dense_q16.pp.0.cpp:2340:5: warning: Added loop label VITIS_LOOP_704_1:   [xilinx-label-all-loops]
    for (unsigned i = low; i != high; ++i) {
    ^~~
    VITIS_LOOP_704_1: 
/home/cym/prj2/finn/notebooks/icl_thesis-master/experiments/imgds_linear_sparse/stage2_dense_hls_baselines/q16_s0_pareto2/hls/imgds_linear_dense_q16_pareto2/solution1/.autopilot/db/imgds_linear_dense_q16.pp.0.cpp:2340:5: note: FIX-IT applied suggested code changes
/home/cym/prj2/finn/notebooks/icl_thesis-master/experiments/imgds_linear_sparse/stage2_dense_hls_baselines/q16_s0_pareto2/hls/imgds_linear_dense_q16_pareto2/solution1/.autopilot/db/imgds_linear_dense_q16.pp.0.cpp:3939:7: warning: Added loop label VITIS_LOOP_1245_1:   [xilinx-label-all-loops]
      for (i = 0; i < __N - 1; ++i) {
      ^~~
      VITIS_LOOP_1245_1: 
/home/cym/prj2/finn/notebooks/icl_thesis-master/experiments/imgds_linear_sparse/stage2_dense_hls_baselines/q16_s0_pareto2/hls/imgds_linear_dense_q16_pareto2/solution1/.autopilot/db/imgds_linear_dense_q16.pp.0.cpp:3939:7: note: FIX-IT applied suggested code changes
/home/cym/prj2/finn/notebooks/icl_thesis-master/experiments/imgds_linear_sparse/stage2_dense_hls_baselines/q16_s0_pareto2/hls/imgds_linear_dense_q16_pareto2/solution1/.autopilot/db/imgds_linear_dense_q16.pp.0.cpp:12772:5: warning: Added loop label VITIS_LOOP_46_1:   [xilinx-label-all-loops]
    for (int i = 0; i < 16; i++)
    ^~~
    VITIS_LOOP_46_1: 
/home/cym/prj2/finn/notebooks/icl_thesis-master/experiments/imgds_linear_sparse/stage2_dense_hls_baselines/q16_s0_pareto2/hls/imgds_linear_dense_q16_pareto2/solution1/.autopilot/db/imgds_linear_dense_q16.pp.0.cpp:12772:5: note: FIX-IT applied suggested code changes
/home/cym/prj2/finn/notebooks/icl_thesis-master/experiments/imgds_linear_sparse/stage2_dense_hls_baselines/q16_s0_pareto2/hls/imgds_linear_dense_q16_pareto2/solution1/.autopilot/db/imgds_linear_dense_q16.pp.0.cpp:12778:5: warning: Added loop label VITIS_LOOP_52_2:   [xilinx-label-all-loops]
    for (int i = 0; i < 16; i++) {
    ^~~
    VITIS_LOOP_52_2: 
/home/cym/prj2/finn/notebooks/icl_thesis-master/experiments/imgds_linear_sparse/stage2_dense_hls_baselines/q16_s0_pareto2/hls/imgds_linear_dense_q16_pareto2/solution1/.autopilot/db/imgds_linear_dense_q16.pp.0.cpp:12778:5: note: FIX-IT applied suggested code changes
/home/cym/prj2/finn/notebooks/icl_thesis-master/experiments/imgds_linear_sparse/stage2_dense_hls_baselines/q16_s0_pareto2/hls/imgds_linear_dense_q16_pareto2/solution1/.autopilot/db/imgds_linear_dense_q16.pp.0.cpp:12790:5: warning: Added loop label VITIS_LOOP_64_3:   [xilinx-label-all-loops]
    for (int i = 0; i < 16; i++) {
    ^~~
    VITIS_LOOP_64_3: 
/home/cym/prj2/finn/notebooks/icl_thesis-master/experiments/imgds_linear_sparse/stage2_dense_hls_baselines/q16_s0_pareto2/hls/imgds_linear_dense_q16_pareto2/solution1/.autopilot/db/imgds_linear_dense_q16.pp.0.cpp:12790:5: note: FIX-IT applied suggested code changes
/home/cym/prj2/finn/notebooks/icl_thesis-master/experiments/imgds_linear_sparse/stage2_dense_hls_baselines/q16_s0_pareto2/hls/imgds_linear_dense_q16_pareto2/solution1/.autopilot/db/imgds_linear_dense_q16.pp.0.cpp:12820:5: warning: Added loop label VITIS_LOOP_94_1:   [xilinx-label-all-loops]
    for (int s = 0; s < 16; s++) {
    ^~~
    VITIS_LOOP_94_1: 
/home/cym/prj2/finn/notebooks/icl_thesis-master/experiments/imgds_linear_sparse/stage2_dense_hls_baselines/q16_s0_pareto2/hls/imgds_linear_dense_q16_pareto2/solution1/.autopilot/db/imgds_linear_dense_q16.pp.0.cpp:12820:5: note: FIX-IT applied suggested code changes
/home/cym/prj2/finn/notebooks/icl_thesis-master/experiments/imgds_linear_sparse/stage2_dense_hls_baselines/q16_s0_pareto2/hls/imgds_linear_dense_q16_pareto2/solution1/.autopilot/db/imgds_linear_dense_q16.pp.0.cpp:12821:9: warning: Added loop label VITIS_LOOP_95_2:   [xilinx-label-all-loops]
        for (int d = 0; d < 16; d++) {
        ^~~
        VITIS_LOOP_95_2: 
/home/cym/prj2/finn/notebooks/icl_thesis-master/experiments/imgds_linear_sparse/stage2_dense_hls_baselines/q16_s0_pareto2/hls/imgds_linear_dense_q16_pareto2/solution1/.autopilot/db/imgds_linear_dense_q16.pp.0.cpp:12821:9: note: FIX-IT applied suggested code changes
/home/cym/prj2/finn/notebooks/icl_thesis-master/experiments/imgds_linear_sparse/stage2_dense_hls_baselines/q16_s0_pareto2/hls/imgds_linear_dense_q16_pareto2/solution1/.autopilot/db/imgds_linear_dense_q16.pp.0.cpp:12823:13: warning: Added loop label VITIS_LOOP_97_3:   [xilinx-label-all-loops]
            for (int i = 0; i < 16; i++) {
            ^~~
            VITIS_LOOP_97_3: 
/home/cym/prj2/finn/notebooks/icl_thesis-master/experiments/imgds_linear_sparse/stage2_dense_hls_baselines/q16_s0_pareto2/hls/imgds_linear_dense_q16_pareto2/solution1/.autopilot/db/imgds_linear_dense_q16.pp.0.cpp:12823:13: note: FIX-IT applied suggested code changes
/home/cym/prj2/finn/notebooks/icl_thesis-master/experiments/imgds_linear_sparse/stage2_dense_hls_baselines/q16_s0_pareto2/hls/imgds_linear_dense_q16_pareto2/solution1/.autopilot/db/imgds_linear_dense_q16.pp.0.cpp:12838:5: warning: Added loop label VITIS_LOOP_112_4:   [xilinx-label-all-loops]
    for (int d1 = 0; d1 < 16; d1++) {
    ^~~
    VITIS_LOOP_112_4: 
/home/cym/prj2/finn/notebooks/icl_thesis-master/experiments/imgds_linear_sparse/stage2_dense_hls_baselines/q16_s0_pareto2/hls/imgds_linear_dense_q16_pareto2/solution1/.autopilot/db/imgds_linear_dense_q16.pp.0.cpp:12838:5: note: FIX-IT applied suggested code changes
/home/cym/prj2/finn/notebooks/icl_thesis-master/experiments/imgds_linear_sparse/stage2_dense_hls_baselines/q16_s0_pareto2/hls/imgds_linear_dense_q16_pareto2/solution1/.autopilot/db/imgds_linear_dense_q16.pp.0.cpp:12839:9: warning: Added loop label VITIS_LOOP_113_5:   [xilinx-label-all-loops]
        for (int d2 = 0; d2 < 16; d2++) {
        ^~~
        VITIS_LOOP_113_5: 
/home/cym/prj2/finn/notebooks/icl_thesis-master/experiments/imgds_linear_sparse/stage2_dense_hls_baselines/q16_s0_pareto2/hls/imgds_linear_dense_q16_pareto2/solution1/.autopilot/db/imgds_linear_dense_q16.pp.0.cpp:12839:9: note: FIX-IT applied suggested code changes
/home/cym/prj2/finn/notebooks/icl_thesis-master/experiments/imgds_linear_sparse/stage2_dense_hls_baselines/q16_s0_pareto2/hls/imgds_linear_dense_q16_pareto2/solution1/.autopilot/db/imgds_linear_dense_q16.pp.0.cpp:12841:13: warning: Added loop label VITIS_LOOP_115_6:   [xilinx-label-all-loops]
            for (int pos = 0; pos < 16; pos++) {
            ^~~
            VITIS_LOOP_115_6: 
/home/cym/prj2/finn/notebooks/icl_thesis-master/experiments/imgds_linear_sparse/stage2_dense_hls_baselines/q16_s0_pareto2/hls/imgds_linear_dense_q16_pareto2/solution1/.autopilot/db/imgds_linear_dense_q16.pp.0.cpp:12841:13: note: FIX-IT applied suggested code changes
/home/cym/prj2/finn/notebooks/icl_thesis-master/experiments/imgds_linear_sparse/stage2_dense_hls_baselines/q16_s0_pareto2/hls/imgds_linear_dense_q16_pareto2/solution1/.autopilot/db/imgds_linear_dense_q16.pp.0.cpp:12851:5: warning: Added loop label VITIS_LOOP_125_7:   [xilinx-label-all-loops]
    for (int d = 0; d < 16; d++) {
    ^~~
    VITIS_LOOP_125_7: 
/home/cym/prj2/finn/notebooks/icl_thesis-master/experiments/imgds_linear_sparse/stage2_dense_hls_baselines/q16_s0_pareto2/hls/imgds_linear_dense_q16_pareto2/solution1/.autopilot/db/imgds_linear_dense_q16.pp.0.cpp:12851:5: note: FIX-IT applied suggested code changes
/home/cym/prj2/finn/notebooks/icl_thesis-master/experiments/imgds_linear_sparse/stage2_dense_hls_baselines/q16_s0_pareto2/hls/imgds_linear_dense_q16_pareto2/solution1/.autopilot/db/imgds_linear_dense_q16.pp.0.cpp:12853:9: warning: Added loop label VITIS_LOOP_127_8:   [xilinx-label-all-loops]
        for (int pos = 0; pos < 16; pos++) {
        ^~~
        VITIS_LOOP_127_8: 
/home/cym/prj2/finn/notebooks/icl_thesis-master/experiments/imgds_linear_sparse/stage2_dense_hls_baselines/q16_s0_pareto2/hls/imgds_linear_dense_q16_pareto2/solution1/.autopilot/db/imgds_linear_dense_q16.pp.0.cpp:12853:9: note: FIX-IT applied suggested code changes
/home/cym/prj2/finn/notebooks/icl_thesis-master/experiments/imgds_linear_sparse/stage2_dense_hls_baselines/q16_s0_pareto2/hls/imgds_linear_dense_q16_pareto2/solution1/.autopilot/db/imgds_linear_dense_q16.pp.0.cpp:12861:5: warning: Added loop label VITIS_LOOP_135_9:   [xilinx-label-all-loops]
    for (int pos = 0; pos < 16; pos++) {
    ^~~
    VITIS_LOOP_135_9: 
/home/cym/prj2/finn/notebooks/icl_thesis-master/experiments/imgds_linear_sparse/stage2_dense_hls_baselines/q16_s0_pareto2/hls/imgds_linear_dense_q16_pareto2/solution1/.autopilot/db/imgds_linear_dense_q16.pp.0.cpp:12861:5: note: FIX-IT applied suggested code changes
/home/cym/prj2/finn/notebooks/icl_thesis-master/experiments/imgds_linear_sparse/stage2_dense_hls_baselines/q16_s0_pareto2/hls/imgds_linear_dense_q16_pareto2/solution1/.autopilot/db/imgds_linear_dense_q16.pp.0.cpp:12864:9: warning: Added loop label VITIS_LOOP_138_10:   [xilinx-label-all-loops]
        for (int d = 0; d < 16; d++) {
        ^~~
        VITIS_LOOP_138_10: 
/home/cym/prj2/finn/notebooks/icl_thesis-master/experiments/imgds_linear_sparse/stage2_dense_hls_baselines/q16_s0_pareto2/hls/imgds_linear_dense_q16_pareto2/solution1/.autopilot/db/imgds_linear_dense_q16.pp.0.cpp:12864:9: note: FIX-IT applied suggested code changes
/home/cym/prj2/finn/notebooks/icl_thesis-master/experiments/imgds_linear_sparse/stage2_dense_hls_baselines/q16_s0_pareto2/hls/imgds_linear_dense_q16_pareto2/solution1/.autopilot/db/imgds_linear_dense_q16.pp.0.cpp:12873:9: warning: Added loop label VITIS_LOOP_147_11:   [xilinx-label-all-loops]
        for (int d2 = 0; d2 < 16; d2++) {
        ^~~
        VITIS_LOOP_147_11: 
/home/cym/prj2/finn/notebooks/icl_thesis-master/experiments/imgds_linear_sparse/stage2_dense_hls_baselines/q16_s0_pareto2/hls/imgds_linear_dense_q16_pareto2/solution1/.autopilot/db/imgds_linear_dense_q16.pp.0.cpp:12873:9: note: FIX-IT applied suggested code changes
/home/cym/prj2/finn/notebooks/icl_thesis-master/experiments/imgds_linear_sparse/stage2_dense_hls_baselines/q16_s0_pareto2/hls/imgds_linear_dense_q16_pareto2/solution1/.autopilot/db/imgds_linear_dense_q16.pp.0.cpp:12875:13: warning: Added loop label VITIS_LOOP_149_12:   [xilinx-label-all-loops]
            for (int d1 = 0; d1 < 16; d1++) {
            ^~~
            VITIS_LOOP_149_12: 
/home/cym/prj2/finn/notebooks/icl_thesis-master/experiments/imgds_linear_sparse/stage2_dense_hls_baselines/q16_s0_pareto2/hls/imgds_linear_dense_q16_pareto2/solution1/.autopilot/db/imgds_linear_dense_q16.pp.0.cpp:12875:13: note: FIX-IT applied suggested code changes
/home/cym/prj2/finn/notebooks/icl_thesis-master/experiments/imgds_linear_sparse/stage2_dense_hls_baselines/q16_s0_pareto2/hls/imgds_linear_dense_q16_pareto2/solution1/.autopilot/db/imgds_linear_dense_q16.pp.0.cpp:12883:9: warning: Added loop label VITIS_LOOP_157_13:   [xilinx-label-all-loops]
        for (int d = 0; d < 16; d++) {
        ^~~
        VITIS_LOOP_157_13: 
/home/cym/prj2/finn/notebooks/icl_thesis-master/experiments/imgds_linear_sparse/stage2_dense_hls_baselines/q16_s0_pareto2/hls/imgds_linear_dense_q16_pareto2/solution1/.autopilot/db/imgds_linear_dense_q16.pp.0.cpp:12883:9: note: FIX-IT applied suggested code changes
/home/cym/prj2/finn/notebooks/icl_thesis-master/experiments/imgds_linear_sparse/stage2_dense_hls_baselines/q16_s0_pareto2/hls/imgds_linear_dense_q16_pareto2/solution1/.autopilot/db/imgds_linear_dense_q16.pp.0.cpp:12885:13: warning: Added loop label VITIS_LOOP_159_14:   [xilinx-label-all-loops]
            for (int i = 0; i < 16; i++) {
            ^~~
            VITIS_LOOP_159_14: 
/home/cym/prj2/finn/notebooks/icl_thesis-master/experiments/imgds_linear_sparse/stage2_dense_hls_baselines/q16_s0_pareto2/hls/imgds_linear_dense_q16_pareto2/solution1/.autopilot/db/imgds_linear_dense_q16.pp.0.cpp:12885:13: note: FIX-IT applied suggested code changes
/home/cym/prj2/finn/notebooks/icl_thesis-master/experiments/imgds_linear_sparse/stage2_dense_hls_baselines/q16_s0_pareto2/hls/imgds_linear_dense_q16_pareto2/solution1/.autopilot/db/imgds_linear_dense_q16.pp.0.cpp:12906:2: warning: Added loop label VITIS_LOOP_180_1:   [xilinx-label-all-loops]
 for (int pos = 0; pos < 16; pos++) {
 ^~~
 VITIS_LOOP_180_1: 
/home/cym/prj2/finn/notebooks/icl_thesis-master/experiments/imgds_linear_sparse/stage2_dense_hls_baselines/q16_s0_pareto2/hls/imgds_linear_dense_q16_pareto2/solution1/.autopilot/db/imgds_linear_dense_q16.pp.0.cpp:12906:2: note: FIX-IT applied suggested code changes
/home/cym/prj2/finn/notebooks/icl_thesis-master/experiments/imgds_linear_sparse/stage2_dense_hls_baselines/q16_s0_pareto2/hls/imgds_linear_dense_q16_pareto2/solution1/.autopilot/db/imgds_linear_dense_q16.pp.0.cpp:12909:9: warning: Added loop label VITIS_LOOP_183_2:   [xilinx-label-all-loops]
        for (int d = 0; d < 32; d++) {
        ^~~
        VITIS_LOOP_183_2: 
/home/cym/prj2/finn/notebooks/icl_thesis-master/experiments/imgds_linear_sparse/stage2_dense_hls_baselines/q16_s0_pareto2/hls/imgds_linear_dense_q16_pareto2/solution1/.autopilot/db/imgds_linear_dense_q16.pp.0.cpp:12909:9: note: FIX-IT applied suggested code changes
/home/cym/prj2/finn/notebooks/icl_thesis-master/experiments/imgds_linear_sparse/stage2_dense_hls_baselines/q16_s0_pareto2/hls/imgds_linear_dense_q16_pareto2/solution1/.autopilot/db/imgds_linear_dense_q16.pp.0.cpp:12911:13: warning: Added loop label VITIS_LOOP_185_3:   [xilinx-label-all-loops]
            for (int i = 0; i < 16; i++) {
            ^~~
            VITIS_LOOP_185_3: 
/home/cym/prj2/finn/notebooks/icl_thesis-master/experiments/imgds_linear_sparse/stage2_dense_hls_baselines/q16_s0_pareto2/hls/imgds_linear_dense_q16_pareto2/solution1/.autopilot/db/imgds_linear_dense_q16.pp.0.cpp:12911:13: note: FIX-IT applied suggested code changes
/home/cym/prj2/finn/notebooks/icl_thesis-master/experiments/imgds_linear_sparse/stage2_dense_hls_baselines/q16_s0_pareto2/hls/imgds_linear_dense_q16_pareto2/solution1/.autopilot/db/imgds_linear_dense_q16.pp.0.cpp:12921:9: warning: Added loop label VITIS_LOOP_195_4:   [xilinx-label-all-loops]
        for (int d = 0; d < 16; d++) {
        ^~~
        VITIS_LOOP_195_4: 
/home/cym/prj2/finn/notebooks/icl_thesis-master/experiments/imgds_linear_sparse/stage2_dense_hls_baselines/q16_s0_pareto2/hls/imgds_linear_dense_q16_pareto2/solution1/.autopilot/db/imgds_linear_dense_q16.pp.0.cpp:12921:9: note: FIX-IT applied suggested code changes
/home/cym/prj2/finn/notebooks/icl_thesis-master/experiments/imgds_linear_sparse/stage2_dense_hls_baselines/q16_s0_pareto2/hls/imgds_linear_dense_q16_pareto2/solution1/.autopilot/db/imgds_linear_dense_q16.pp.0.cpp:12923:13: warning: Added loop label VITIS_LOOP_197_5:   [xilinx-label-all-loops]
            for (int i = 0; i < 32; i++) {
            ^~~
            VITIS_LOOP_197_5: 
/home/cym/prj2/finn/notebooks/icl_thesis-master/experiments/imgds_linear_sparse/stage2_dense_hls_baselines/q16_s0_pareto2/hls/imgds_linear_dense_q16_pareto2/solution1/.autopilot/db/imgds_linear_dense_q16.pp.0.cpp:12923:13: note: FIX-IT applied suggested code changes
/home/cym/prj2/finn/notebooks/icl_thesis-master/experiments/imgds_linear_sparse/stage2_dense_hls_baselines/q16_s0_pareto2/hls/imgds_linear_dense_q16_pareto2/solution1/.autopilot/db/imgds_linear_dense_q16.pp.0.cpp:12931:9: warning: Added loop label VITIS_LOOP_205_6:   [xilinx-label-all-loops]
        for (int d = 0; d < 16; d++)
        ^~~
        VITIS_LOOP_205_6: 
/home/cym/prj2/finn/notebooks/icl_thesis-master/experiments/imgds_linear_sparse/stage2_dense_hls_baselines/q16_s0_pareto2/hls/imgds_linear_dense_q16_pareto2/solution1/.autopilot/db/imgds_linear_dense_q16.pp.0.cpp:12931:9: note: FIX-IT applied suggested code changes
/home/cym/prj2/finn/notebooks/icl_thesis-master/experiments/imgds_linear_sparse/stage2_dense_hls_baselines/q16_s0_pareto2/hls/imgds_linear_dense_q16_pareto2/solution1/.autopilot/db/imgds_linear_dense_q16.pp.0.cpp:12956:5: warning: Added loop label VITIS_LOOP_226_1:   [xilinx-label-all-loops]
    for (int s = 0; s < 16; s++) {
    ^~~
    VITIS_LOOP_226_1: 
/home/cym/prj2/finn/notebooks/icl_thesis-master/experiments/imgds_linear_sparse/stage2_dense_hls_baselines/q16_s0_pareto2/hls/imgds_linear_dense_q16_pareto2/solution1/.autopilot/db/imgds_linear_dense_q16.pp.0.cpp:12956:5: note: FIX-IT applied suggested code changes
/home/cym/prj2/finn/notebooks/icl_thesis-master/experiments/imgds_linear_sparse/stage2_dense_hls_baselines/q16_s0_pareto2/hls/imgds_linear_dense_q16_pareto2/solution1/.autopilot/db/imgds_linear_dense_q16.pp.0.cpp:12957:9: warning: Added loop label VITIS_LOOP_227_2:   [xilinx-label-all-loops]
        for (int d = 0; d < 16; d++) {
        ^~~
        VITIS_LOOP_227_2: 
/home/cym/prj2/finn/notebooks/icl_thesis-master/experiments/imgds_linear_sparse/stage2_dense_hls_baselines/q16_s0_pareto2/hls/imgds_linear_dense_q16_pareto2/solution1/.autopilot/db/imgds_linear_dense_q16.pp.0.cpp:12957:9: note: FIX-IT applied suggested code changes
/home/cym/prj2/finn/notebooks/icl_thesis-master/experiments/imgds_linear_sparse/stage2_dense_hls_baselines/q16_s0_pareto2/hls/imgds_linear_dense_q16_pareto2/solution1/.autopilot/db/imgds_linear_dense_q16.pp.0.cpp:12959:13: warning: Added loop label VITIS_LOOP_229_3:   [xilinx-label-all-loops]
            for (int i = 0; i < 64; i++) {
            ^~~
            VITIS_LOOP_229_3: 
/home/cym/prj2/finn/notebooks/icl_thesis-master/experiments/imgds_linear_sparse/stage2_dense_hls_baselines/q16_s0_pareto2/hls/imgds_linear_dense_q16_pareto2/solution1/.autopilot/db/imgds_linear_dense_q16.pp.0.cpp:12959:13: note: FIX-IT applied suggested code changes
/home/cym/prj2/finn/notebooks/icl_thesis-master/experiments/imgds_linear_sparse/stage2_dense_hls_baselines/q16_s0_pareto2/hls/imgds_linear_dense_q16_pareto2/solution1/.autopilot/db/imgds_linear_dense_q16.pp.0.cpp:12979:5: warning: Added loop label VITIS_LOOP_249_4:   [xilinx-label-all-loops]
    for (int s = 0; s < 16; s++)
    ^~~
    VITIS_LOOP_249_4: 
/home/cym/prj2/finn/notebooks/icl_thesis-master/experiments/imgds_linear_sparse/stage2_dense_hls_baselines/q16_s0_pareto2/hls/imgds_linear_dense_q16_pareto2/solution1/.autopilot/db/imgds_linear_dense_q16.pp.0.cpp:12979:5: note: FIX-IT applied suggested code changes
/home/cym/prj2/finn/notebooks/icl_thesis-master/experiments/imgds_linear_sparse/stage2_dense_hls_baselines/q16_s0_pareto2/hls/imgds_linear_dense_q16_pareto2/solution1/.autopilot/db/imgds_linear_dense_q16.pp.0.cpp:12992:5: warning: Added loop label VITIS_LOOP_262_5:   [xilinx-label-all-loops]
    for (int s = 0; s < 16; s++)
    ^~~
    VITIS_LOOP_262_5: 
/home/cym/prj2/finn/notebooks/icl_thesis-master/experiments/imgds_linear_sparse/stage2_dense_hls_baselines/q16_s0_pareto2/hls/imgds_linear_dense_q16_pareto2/solution1/.autopilot/db/imgds_linear_dense_q16.pp.0.cpp:12992:5: note: FIX-IT applied suggested code changes
/home/cym/prj2/finn/notebooks/icl_thesis-master/experiments/imgds_linear_sparse/stage2_dense_hls_baselines/q16_s0_pareto2/hls/imgds_linear_dense_q16_pareto2/solution1/.autopilot/db/imgds_linear_dense_q16.pp.0.cpp:12997:5: warning: Added loop label VITIS_LOOP_267_6:   [xilinx-label-all-loops]
    for (int d = 0; d < 16; d++) {
    ^~~
    VITIS_LOOP_267_6: 
/home/cym/prj2/finn/notebooks/icl_thesis-master/experiments/imgds_linear_sparse/stage2_dense_hls_baselines/q16_s0_pareto2/hls/imgds_linear_dense_q16_pareto2/solution1/.autopilot/db/imgds_linear_dense_q16.pp.0.cpp:12997:5: note: FIX-IT applied suggested code changes
/home/cym/prj2/finn/notebooks/icl_thesis-master/experiments/imgds_linear_sparse/stage2_dense_hls_baselines/q16_s0_pareto2/hls/imgds_linear_dense_q16_pareto2/solution1/.autopilot/db/imgds_linear_dense_q16.pp.0.cpp:12999:9: warning: Added loop label VITIS_LOOP_269_7:   [xilinx-label-all-loops]
        for (int pos = 0; pos < 16; pos++) {
        ^~~
        VITIS_LOOP_269_7: 
/home/cym/prj2/finn/notebooks/icl_thesis-master/experiments/imgds_linear_sparse/stage2_dense_hls_baselines/q16_s0_pareto2/hls/imgds_linear_dense_q16_pareto2/solution1/.autopilot/db/imgds_linear_dense_q16.pp.0.cpp:12999:9: note: FIX-IT applied suggested code changes
/home/cym/prj2/finn/notebooks/icl_thesis-master/experiments/imgds_linear_sparse/stage2_dense_hls_baselines/q16_s0_pareto2/hls/imgds_linear_dense_q16_pareto2/solution1/.autopilot/db/imgds_linear_dense_q16.pp.0.cpp:13008:5: warning: Added loop label VITIS_LOOP_278_8:   [xilinx-label-all-loops]
    for (int c = 0; c < 2; c++) {
    ^~~
    VITIS_LOOP_278_8: 
/home/cym/prj2/finn/notebooks/icl_thesis-master/experiments/imgds_linear_sparse/stage2_dense_hls_baselines/q16_s0_pareto2/hls/imgds_linear_dense_q16_pareto2/solution1/.autopilot/db/imgds_linear_dense_q16.pp.0.cpp:13008:5: note: FIX-IT applied suggested code changes
/home/cym/prj2/finn/notebooks/icl_thesis-master/experiments/imgds_linear_sparse/stage2_dense_hls_baselines/q16_s0_pareto2/hls/imgds_linear_dense_q16_pareto2/solution1/.autopilot/db/imgds_linear_dense_q16.pp.0.cpp:13011:9: warning: Added loop label VITIS_LOOP_281_9:   [xilinx-label-all-loops]
        for (int d = 0; d < 16; d++) {
        ^~~
        VITIS_LOOP_281_9: 
/home/cym/prj2/finn/notebooks/icl_thesis-master/experiments/imgds_linear_sparse/stage2_dense_hls_baselines/q16_s0_pareto2/hls/imgds_linear_dense_q16_pareto2/solution1/.autopilot/db/imgds_linear_dense_q16.pp.0.cpp:13011:9: note: FIX-IT applied suggested code changes
