

================================================================
== Vitis HLS Report for 'transformer_for_sample_Pipeline_numerator_i'
================================================================
* Date:           Tue May 19 20:30:30 2026

* Version:        2022.2 (Build 3670227 on Oct 13 2022)
* Project:        linear_transformer_hls
* Solution:       solution1 (Vivado IP Flow Target)
* Product family: zynq
* Target device:  xc7z020-clg400-1


================================================================
== Performance Estimates
================================================================
+ Timing: 
    * Summary: 
    +--------+----------+----------+------------+
    |  Clock |  Target  | Estimated| Uncertainty|
    +--------+----------+----------+------------+
    |ap_clk  |  10.00 ns|  7.256 ns|     2.70 ns|
    +--------+----------+----------+------------+

+ Latency: 
    * Summary: 
    +---------+---------+----------+----------+-----+-----+---------+
    |  Latency (cycles) |  Latency (absolute) |  Interval | Pipeline|
    |   min   |   max   |    min   |    max   | min | max |   Type  |
    +---------+---------+----------+----------+-----+-----+---------+
    |       83|       83|  0.830 us|  0.830 us|   83|   83|       no|
    +---------+---------+----------+----------+-----+-----+---------+

    + Detail: 
        * Instance: 
        N/A

        * Loop: 
        +---------------+---------+---------+----------+-----------+-----------+------+----------+
        |               |  Latency (cycles) | Iteration|  Initiation Interval  | Trip |          |
        |   Loop Name   |   min   |   max   |  Latency |  achieved |   target  | Count| Pipelined|
        +---------------+---------+---------+----------+-----------+-----------+------+----------+
        |- numerator_i  |       81|       81|        54|          4|          1|     8|       yes|
        +---------------+---------+---------+----------+-----------+-----------+------+----------+



================================================================
== Utilization Estimates
================================================================
* Summary: 
+-----------------+---------+-----+--------+-------+-----+
|       Name      | BRAM_18K| DSP |   FF   |  LUT  | URAM|
+-----------------+---------+-----+--------+-------+-----+
|DSP              |        -|    -|       -|      -|    -|
|Expression       |        -|    -|       0|     66|    -|
|FIFO             |        -|    -|       -|      -|    -|
|Instance         |        -|    -|       -|      -|    -|
|Memory           |        -|    -|       -|      -|    -|
|Multiplexer      |        -|    -|       -|   1937|    -|
|Register         |        -|    -|    8739|   2112|    -|
+-----------------+---------+-----+--------+-------+-----+
|Total            |        0|    0|    8739|   4115|    0|
+-----------------+---------+-----+--------+-------+-----+
|Available        |      280|  220|  106400|  53200|    0|
+-----------------+---------+-----+--------+-------+-----+
|Utilization (%)  |        0|    0|       8|      7|    0|
+-----------------+---------+-----+--------+-------+-----+

+ Detail: 
    * Instance: 
    N/A

    * DSP: 
    N/A

    * Memory: 
    N/A

    * FIFO: 
    N/A

    * Expression: 
    +----------------------+----------+----+---+----+------------+------------+
    |     Variable Name    | Operation| DSP| FF| LUT| Bitwidth P0| Bitwidth P1|
    +----------------------+----------+----+---+----+------------+------------+
    |add_ln130_fu_965_p2   |         +|   0|  0|  13|           4|           1|
    |icmp_ln130_fu_891_p2  |      icmp|   0|  0|   9|           4|           5|
    |or_ln136_1_fu_925_p2  |        or|   0|  0|   6|           6|           2|
    |or_ln136_2_fu_935_p2  |        or|   0|  0|   6|           6|           2|
    |or_ln136_3_fu_945_p2  |        or|   0|  0|   6|           6|           3|
    |or_ln136_4_fu_955_p2  |        or|   0|  0|   6|           6|           3|
    |or_ln136_5_fu_970_p2  |        or|   0|  0|   6|           6|           3|
    |or_ln136_6_fu_980_p2  |        or|   0|  0|   6|           6|           3|
    |or_ln136_fu_914_p2    |        or|   0|  0|   6|           6|           1|
    |ap_enable_pp0         |       xor|   0|  0|   2|           1|           2|
    +----------------------+----------+----+---+----+------------+------------+
    |Total                 |          |   0|  0|  66|          51|          25|
    +----------------------+----------+----+---+----+------------+------------+

    * Multiplexer: 
    +-----------------------------------+----+-----------+-----+-----------+
    |                Name               | LUT| Input Size| Bits| Total Bits|
    +-----------------------------------+----+-----------+-----+-----------+
    |ap_NS_fsm                          |  25|          5|    1|          5|
    |ap_done_int                        |   9|          2|    1|          2|
    |ap_enable_reg_pp0_iter0            |   9|          2|    1|          2|
    |ap_enable_reg_pp0_iter1            |   9|          2|    1|          2|
    |ap_enable_reg_pp0_iter13           |   9|          2|    1|          2|
    |ap_loop_exit_ready_pp0_iter10_reg  |   9|          2|    1|          2|
    |ap_loop_exit_ready_pp0_iter11_reg  |   9|          2|    1|          2|
    |ap_loop_exit_ready_pp0_iter12_reg  |   9|          2|    1|          2|
    |ap_loop_exit_ready_pp0_iter1_reg   |   9|          2|    1|          2|
    |ap_loop_exit_ready_pp0_iter2_reg   |   9|          2|    1|          2|
    |ap_loop_exit_ready_pp0_iter3_reg   |   9|          2|    1|          2|
    |ap_loop_exit_ready_pp0_iter4_reg   |   9|          2|    1|          2|
    |ap_loop_exit_ready_pp0_iter5_reg   |   9|          2|    1|          2|
    |ap_loop_exit_ready_pp0_iter6_reg   |   9|          2|    1|          2|
    |ap_loop_exit_ready_pp0_iter7_reg   |   9|          2|    1|          2|
    |ap_loop_exit_ready_pp0_iter8_reg   |   9|          2|    1|          2|
    |ap_loop_exit_ready_pp0_iter9_reg   |   9|          2|    1|          2|
    |ap_sig_allocacmp_i_3               |   9|          2|    4|          8|
    |grp_fu_729_p0                      |  25|          5|   32|        160|
    |grp_fu_729_p1                      |  25|          5|   32|        160|
    |grp_fu_734_p0                      |  25|          5|   32|        160|
    |grp_fu_734_p1                      |  25|          5|   32|        160|
    |grp_fu_739_p0                      |  25|          5|   32|        160|
    |grp_fu_739_p1                      |  25|          5|   32|        160|
    |grp_fu_744_p0                      |  25|          5|   32|        160|
    |grp_fu_744_p1                      |  25|          5|   32|        160|
    |grp_fu_749_p0                      |  25|          5|   32|        160|
    |grp_fu_749_p1                      |  25|          5|   32|        160|
    |grp_fu_754_p0                      |  25|          5|   32|        160|
    |grp_fu_754_p1                      |  25|          5|   32|        160|
    |grp_fu_759_p0                      |  25|          5|   32|        160|
    |grp_fu_759_p1                      |  25|          5|   32|        160|
    |grp_fu_764_p0                      |  25|          5|   32|        160|
    |grp_fu_764_p1                      |  25|          5|   32|        160|
    |grp_fu_769_p0                      |  25|          5|   32|        160|
    |grp_fu_769_p1                      |  25|          5|   32|        160|
    |grp_fu_773_p0                      |  25|          5|   32|        160|
    |grp_fu_773_p1                      |  25|          5|   32|        160|
    |grp_fu_777_p0                      |  25|          5|   32|        160|
    |grp_fu_777_p1                      |  25|          5|   32|        160|
    |grp_fu_781_p0                      |  25|          5|   32|        160|
    |grp_fu_781_p1                      |  25|          5|   32|        160|
    |grp_fu_785_p0                      |  25|          5|   32|        160|
    |grp_fu_785_p1                      |  25|          5|   32|        160|
    |grp_fu_789_p0                      |  25|          5|   32|        160|
    |grp_fu_789_p1                      |  25|          5|   32|        160|
    |grp_fu_793_p0                      |  25|          5|   32|        160|
    |grp_fu_793_p1                      |  25|          5|   32|        160|
    |grp_fu_797_p0                      |  25|          5|   32|        160|
    |grp_fu_797_p1                      |  25|          5|   32|        160|
    |grp_fu_801_p0                      |  25|          5|   32|        160|
    |grp_fu_801_p1                      |  25|          5|   32|        160|
    |grp_fu_805_p0                      |  25|          5|   32|        160|
    |grp_fu_805_p1                      |  25|          5|   32|        160|
    |grp_fu_809_p0                      |  25|          5|   32|        160|
    |grp_fu_809_p1                      |  25|          5|   32|        160|
    |grp_fu_813_p0                      |  25|          5|   32|        160|
    |grp_fu_813_p1                      |  25|          5|   32|        160|
    |grp_fu_817_p0                      |  25|          5|   32|        160|
    |grp_fu_817_p1                      |  25|          5|   32|        160|
    |grp_fu_821_p0                      |  25|          5|   32|        160|
    |grp_fu_821_p1                      |  25|          5|   32|        160|
    |grp_fu_825_p0                      |  25|          5|   32|        160|
    |grp_fu_825_p1                      |  25|          5|   32|        160|
    |grp_fu_829_p0                      |  25|          5|   32|        160|
    |grp_fu_829_p1                      |  25|          5|   32|        160|
    |grp_fu_833_p0                      |  25|          5|   32|        160|
    |grp_fu_833_p1                      |  25|          5|   32|        160|
    |grp_fu_837_p0                      |  25|          5|   32|        160|
    |grp_fu_837_p1                      |  25|          5|   32|        160|
    |grp_fu_841_p0                      |  25|          5|   32|        160|
    |grp_fu_841_p1                      |  25|          5|   32|        160|
    |grp_fu_845_p0                      |  25|          5|   32|        160|
    |grp_fu_845_p1                      |  25|          5|   32|        160|
    |grp_fu_849_p0                      |  25|          5|   32|        160|
    |grp_fu_849_p1                      |  25|          5|   32|        160|
    |grp_fu_853_p0                      |  25|          5|   32|        160|
    |grp_fu_853_p1                      |  25|          5|   32|        160|
    |grp_fu_857_p0                      |  25|          5|   32|        160|
    |grp_fu_857_p1                      |  25|          5|   32|        160|
    |grp_fu_861_p0                      |  25|          5|   32|        160|
    |grp_fu_861_p1                      |  25|          5|   32|        160|
    |grp_fu_865_p0                      |  25|          5|   32|        160|
    |grp_fu_869_p0                      |  25|          5|   32|        160|
    |i_fu_182                           |   9|          2|    4|          8|
    |query_address0                     |  25|          5|    6|         30|
    |query_address1                     |  25|          5|    6|         30|
    |values_new_address0                |  25|          5|    6|         30|
    |values_new_address1                |  25|          5|    6|         30|
    +-----------------------------------+----+-----------+-----+-----------+
    |Total                              |1937|        391| 2161|      10733|
    +-----------------------------------+----+-----------+-----+-----------+

    * Register: 
    +-----------------------------------+----+----+-----+-----------+
    |                Name               | FF | LUT| Bits| Const Bits|
    +-----------------------------------+----+----+-----+-----------+
    |ap_CS_fsm                          |   4|   0|    4|          0|
    |ap_done_reg                        |   1|   0|    1|          0|
    |ap_enable_reg_pp0_iter0_reg        |   1|   0|    1|          0|
    |ap_enable_reg_pp0_iter1            |   1|   0|    1|          0|
    |ap_enable_reg_pp0_iter10           |   1|   0|    1|          0|
    |ap_enable_reg_pp0_iter11           |   1|   0|    1|          0|
    |ap_enable_reg_pp0_iter12           |   1|   0|    1|          0|
    |ap_enable_reg_pp0_iter13           |   1|   0|    1|          0|
    |ap_enable_reg_pp0_iter2            |   1|   0|    1|          0|
    |ap_enable_reg_pp0_iter3            |   1|   0|    1|          0|
    |ap_enable_reg_pp0_iter4            |   1|   0|    1|          0|
    |ap_enable_reg_pp0_iter5            |   1|   0|    1|          0|
    |ap_enable_reg_pp0_iter6            |   1|   0|    1|          0|
    |ap_enable_reg_pp0_iter7            |   1|   0|    1|          0|
    |ap_enable_reg_pp0_iter8            |   1|   0|    1|          0|
    |ap_enable_reg_pp0_iter9            |   1|   0|    1|          0|
    |ap_loop_exit_ready_pp0_iter10_reg  |   1|   0|    1|          0|
    |ap_loop_exit_ready_pp0_iter11_reg  |   1|   0|    1|          0|
    |ap_loop_exit_ready_pp0_iter12_reg  |   1|   0|    1|          0|
    |ap_loop_exit_ready_pp0_iter1_reg   |   1|   0|    1|          0|
    |ap_loop_exit_ready_pp0_iter2_reg   |   1|   0|    1|          0|
    |ap_loop_exit_ready_pp0_iter3_reg   |   1|   0|    1|          0|
    |ap_loop_exit_ready_pp0_iter4_reg   |   1|   0|    1|          0|
    |ap_loop_exit_ready_pp0_iter5_reg   |   1|   0|    1|          0|
    |ap_loop_exit_ready_pp0_iter6_reg   |   1|   0|    1|          0|
    |ap_loop_exit_ready_pp0_iter7_reg   |   1|   0|    1|          0|
    |ap_loop_exit_ready_pp0_iter8_reg   |   1|   0|    1|          0|
    |ap_loop_exit_ready_pp0_iter9_reg   |   1|   0|    1|          0|
    |i_3_reg_1326                       |   4|   0|    4|          0|
    |i_fu_182                           |   4|   0|    4|          0|
    |icmp_ln130_reg_1332                |   1|   0|    1|          0|
    |mul7_0_1_reg_1527                  |  32|   0|   32|          0|
    |mul7_0_2_reg_1602                  |  32|   0|   32|          0|
    |mul7_0_3_reg_1607                  |  32|   0|   32|          0|
    |mul7_0_4_reg_1682                  |  32|   0|   32|          0|
    |mul7_0_5_reg_1687                  |  32|   0|   32|          0|
    |mul7_0_6_reg_1762                  |  32|   0|   32|          0|
    |mul7_0_7_reg_1767                  |  32|   0|   32|          0|
    |mul7_1_1_reg_1537                  |  32|   0|   32|          0|
    |mul7_1_2_reg_1612                  |  32|   0|   32|          0|
    |mul7_1_3_reg_1617                  |  32|   0|   32|          0|
    |mul7_1_4_reg_1692                  |  32|   0|   32|          0|
    |mul7_1_5_reg_1697                  |  32|   0|   32|          0|
    |mul7_1_6_reg_1772                  |  32|   0|   32|          0|
    |mul7_1_7_reg_1777                  |  32|   0|   32|          0|
    |mul7_1_reg_1532                    |  32|   0|   32|          0|
    |mul7_2_1_reg_1547                  |  32|   0|   32|          0|
    |mul7_2_2_reg_1622                  |  32|   0|   32|          0|
    |mul7_2_3_reg_1627                  |  32|   0|   32|          0|
    |mul7_2_4_reg_1702                  |  32|   0|   32|          0|
    |mul7_2_5_reg_1707                  |  32|   0|   32|          0|
    |mul7_2_6_reg_1782                  |  32|   0|   32|          0|
    |mul7_2_7_reg_1787                  |  32|   0|   32|          0|
    |mul7_2_reg_1542                    |  32|   0|   32|          0|
    |mul7_3_1_reg_1557                  |  32|   0|   32|          0|
    |mul7_3_2_reg_1632                  |  32|   0|   32|          0|
    |mul7_3_3_reg_1637                  |  32|   0|   32|          0|
    |mul7_3_4_reg_1712                  |  32|   0|   32|          0|
    |mul7_3_5_reg_1717                  |  32|   0|   32|          0|
    |mul7_3_6_reg_1792                  |  32|   0|   32|          0|
    |mul7_3_7_reg_1797                  |  32|   0|   32|          0|
    |mul7_3_reg_1552                    |  32|   0|   32|          0|
    |mul7_4_1_reg_1567                  |  32|   0|   32|          0|
    |mul7_4_2_reg_1642                  |  32|   0|   32|          0|
    |mul7_4_3_reg_1647                  |  32|   0|   32|          0|
    |mul7_4_4_reg_1722                  |  32|   0|   32|          0|
    |mul7_4_5_reg_1727                  |  32|   0|   32|          0|
    |mul7_4_6_reg_1802                  |  32|   0|   32|          0|
    |mul7_4_7_reg_1807                  |  32|   0|   32|          0|
    |mul7_4_reg_1562                    |  32|   0|   32|          0|
    |mul7_5_1_reg_1577                  |  32|   0|   32|          0|
    |mul7_5_2_reg_1652                  |  32|   0|   32|          0|
    |mul7_5_3_reg_1657                  |  32|   0|   32|          0|
    |mul7_5_4_reg_1732                  |  32|   0|   32|          0|
    |mul7_5_5_reg_1737                  |  32|   0|   32|          0|
    |mul7_5_6_reg_1812                  |  32|   0|   32|          0|
    |mul7_5_7_reg_1817                  |  32|   0|   32|          0|
    |mul7_5_reg_1572                    |  32|   0|   32|          0|
    |mul7_6_1_reg_1587                  |  32|   0|   32|          0|
    |mul7_6_2_reg_1662                  |  32|   0|   32|          0|
    |mul7_6_3_reg_1667                  |  32|   0|   32|          0|
    |mul7_6_4_reg_1742                  |  32|   0|   32|          0|
    |mul7_6_5_reg_1747                  |  32|   0|   32|          0|
    |mul7_6_6_reg_1822                  |  32|   0|   32|          0|
    |mul7_6_7_reg_1827                  |  32|   0|   32|          0|
    |mul7_6_reg_1582                    |  32|   0|   32|          0|
    |mul7_7_1_reg_1597                  |  32|   0|   32|          0|
    |mul7_7_2_reg_1672                  |  32|   0|   32|          0|
    |mul7_7_3_reg_1677                  |  32|   0|   32|          0|
    |mul7_7_4_reg_1752                  |  32|   0|   32|          0|
    |mul7_7_5_reg_1757                  |  32|   0|   32|          0|
    |mul7_7_6_reg_1832                  |  32|   0|   32|          0|
    |mul7_7_7_reg_1837                  |  32|   0|   32|          0|
    |mul7_7_reg_1592                    |  32|   0|   32|          0|
    |mul7_reg_1522                      |  32|   0|   32|          0|
    |normalizer_load_reg_2127           |  32|   0|   32|          0|
    |p_cast27_reg_1346                  |   3|   0|   64|         61|
    |query_load_1_reg_1378              |  32|   0|   32|          0|
    |query_load_2_reg_1410              |  32|   0|   32|          0|
    |query_load_3_reg_1422              |  32|   0|   32|          0|
    |query_load_4_reg_1454              |  32|   0|   32|          0|
    |query_load_5_reg_1466              |  32|   0|   32|          0|
    |query_load_6_reg_1498              |  32|   0|   32|          0|
    |query_load_7_reg_1510              |  32|   0|   32|          0|
    |query_load_reg_1366                |  32|   0|   32|          0|
    |reg_873                            |  32|   0|   32|          0|
    |reg_878                            |  32|   0|   32|          0|
    |sum_9_0_1_reg_1882                 |  32|   0|   32|          0|
    |sum_9_0_2_reg_1922                 |  32|   0|   32|          0|
    |sum_9_0_3_reg_1962                 |  32|   0|   32|          0|
    |sum_9_0_4_reg_2002                 |  32|   0|   32|          0|
    |sum_9_0_5_reg_2042                 |  32|   0|   32|          0|
    |sum_9_0_6_reg_2082                 |  32|   0|   32|          0|
    |sum_9_0_7_reg_2133                 |  32|   0|   32|          0|
    |sum_9_1_1_reg_1887                 |  32|   0|   32|          0|
    |sum_9_1_2_reg_1927                 |  32|   0|   32|          0|
    |sum_9_1_3_reg_1967                 |  32|   0|   32|          0|
    |sum_9_1_4_reg_2007                 |  32|   0|   32|          0|
    |sum_9_1_5_reg_2047                 |  32|   0|   32|          0|
    |sum_9_1_6_reg_2087                 |  32|   0|   32|          0|
    |sum_9_1_7_reg_2138                 |  32|   0|   32|          0|
    |sum_9_1_reg_1847                   |  32|   0|   32|          0|
    |sum_9_2_1_reg_1892                 |  32|   0|   32|          0|
    |sum_9_2_2_reg_1932                 |  32|   0|   32|          0|
    |sum_9_2_3_reg_1972                 |  32|   0|   32|          0|
    |sum_9_2_4_reg_2012                 |  32|   0|   32|          0|
    |sum_9_2_5_reg_2052                 |  32|   0|   32|          0|
    |sum_9_2_6_reg_2092                 |  32|   0|   32|          0|
    |sum_9_2_7_reg_2143                 |  32|   0|   32|          0|
    |sum_9_2_reg_1852                   |  32|   0|   32|          0|
    |sum_9_3_1_reg_1897                 |  32|   0|   32|          0|
    |sum_9_3_2_reg_1937                 |  32|   0|   32|          0|
    |sum_9_3_3_reg_1977                 |  32|   0|   32|          0|
    |sum_9_3_4_reg_2017                 |  32|   0|   32|          0|
    |sum_9_3_5_reg_2057                 |  32|   0|   32|          0|
    |sum_9_3_6_reg_2097                 |  32|   0|   32|          0|
    |sum_9_3_7_reg_2148                 |  32|   0|   32|          0|
    |sum_9_3_reg_1857                   |  32|   0|   32|          0|
    |sum_9_4_1_reg_1902                 |  32|   0|   32|          0|
    |sum_9_4_2_reg_1942                 |  32|   0|   32|          0|
    |sum_9_4_3_reg_1982                 |  32|   0|   32|          0|
    |sum_9_4_4_reg_2022                 |  32|   0|   32|          0|
    |sum_9_4_5_reg_2062                 |  32|   0|   32|          0|
    |sum_9_4_6_reg_2102                 |  32|   0|   32|          0|
    |sum_9_4_7_reg_2153                 |  32|   0|   32|          0|
    |sum_9_4_reg_1862                   |  32|   0|   32|          0|
    |sum_9_5_1_reg_1907                 |  32|   0|   32|          0|
    |sum_9_5_2_reg_1947                 |  32|   0|   32|          0|
    |sum_9_5_3_reg_1987                 |  32|   0|   32|          0|
    |sum_9_5_4_reg_2027                 |  32|   0|   32|          0|
    |sum_9_5_5_reg_2067                 |  32|   0|   32|          0|
    |sum_9_5_6_reg_2107                 |  32|   0|   32|          0|
    |sum_9_5_7_reg_2158                 |  32|   0|   32|          0|
    |sum_9_5_reg_1867                   |  32|   0|   32|          0|
    |sum_9_6_1_reg_1912                 |  32|   0|   32|          0|
    |sum_9_6_2_reg_1952                 |  32|   0|   32|          0|
    |sum_9_6_3_reg_1992                 |  32|   0|   32|          0|
    |sum_9_6_4_reg_2032                 |  32|   0|   32|          0|
    |sum_9_6_5_reg_2072                 |  32|   0|   32|          0|
    |sum_9_6_6_reg_2112                 |  32|   0|   32|          0|
    |sum_9_6_7_reg_2163                 |  32|   0|   32|          0|
    |sum_9_6_reg_1872                   |  32|   0|   32|          0|
    |sum_9_7_1_reg_1917                 |  32|   0|   32|          0|
    |sum_9_7_2_reg_1957                 |  32|   0|   32|          0|
    |sum_9_7_3_reg_1997                 |  32|   0|   32|          0|
    |sum_9_7_4_reg_2037                 |  32|   0|   32|          0|
    |sum_9_7_5_reg_2077                 |  32|   0|   32|          0|
    |sum_9_7_6_reg_2117                 |  32|   0|   32|          0|
    |sum_9_7_7_reg_2168                 |  32|   0|   32|          0|
    |sum_9_7_reg_1877                   |  32|   0|   32|          0|
    |sum_9_reg_1842                     |  32|   0|   32|          0|
    |tmp_s_reg_1336                     |   3|   0|    6|          3|
    |zext_ln136_1_reg_1390              |   3|   0|   64|         61|
    |zext_ln136_2_reg_1400              |   3|   0|   64|         61|
    |zext_ln136_3_reg_1434              |   3|   0|   64|         61|
    |zext_ln136_4_reg_1444              |   3|   0|   64|         61|
    |zext_ln136_5_reg_1478              |   3|   0|   64|         61|
    |zext_ln136_6_reg_1488              |   3|   0|   64|         61|
    |zext_ln136_reg_1356                |   3|   0|   64|         61|
    |i_3_reg_1326                       |  64|  32|    4|          0|
    |icmp_ln130_reg_1332                |  64|  32|    1|          0|
    |mul7_0_1_reg_1527                  |  64|  32|   32|          0|
    |mul7_0_2_reg_1602                  |  64|  32|   32|          0|
    |mul7_0_3_reg_1607                  |  64|  32|   32|          0|
    |mul7_0_4_reg_1682                  |  64|  32|   32|          0|
    |mul7_0_5_reg_1687                  |  64|  32|   32|          0|
    |mul7_0_6_reg_1762                  |  64|  32|   32|          0|
    |mul7_0_7_reg_1767                  |  64|  32|   32|          0|
    |mul7_1_1_reg_1537                  |  64|  32|   32|          0|
    |mul7_1_2_reg_1612                  |  64|  32|   32|          0|
    |mul7_1_3_reg_1617                  |  64|  32|   32|          0|
    |mul7_1_4_reg_1692                  |  64|  32|   32|          0|
    |mul7_1_5_reg_1697                  |  64|  32|   32|          0|
    |mul7_1_6_reg_1772                  |  64|  32|   32|          0|
    |mul7_1_7_reg_1777                  |  64|  32|   32|          0|
    |mul7_2_1_reg_1547                  |  64|  32|   32|          0|
    |mul7_2_2_reg_1622                  |  64|  32|   32|          0|
    |mul7_2_3_reg_1627                  |  64|  32|   32|          0|
    |mul7_2_4_reg_1702                  |  64|  32|   32|          0|
    |mul7_2_5_reg_1707                  |  64|  32|   32|          0|
    |mul7_2_6_reg_1782                  |  64|  32|   32|          0|
    |mul7_2_7_reg_1787                  |  64|  32|   32|          0|
    |mul7_3_1_reg_1557                  |  64|  32|   32|          0|
    |mul7_3_2_reg_1632                  |  64|  32|   32|          0|
    |mul7_3_3_reg_1637                  |  64|  32|   32|          0|
    |mul7_3_4_reg_1712                  |  64|  32|   32|          0|
    |mul7_3_5_reg_1717                  |  64|  32|   32|          0|
    |mul7_3_6_reg_1792                  |  64|  32|   32|          0|
    |mul7_3_7_reg_1797                  |  64|  32|   32|          0|
    |mul7_4_1_reg_1567                  |  64|  32|   32|          0|
    |mul7_4_2_reg_1642                  |  64|  32|   32|          0|
    |mul7_4_3_reg_1647                  |  64|  32|   32|          0|
    |mul7_4_4_reg_1722                  |  64|  32|   32|          0|
    |mul7_4_5_reg_1727                  |  64|  32|   32|          0|
    |mul7_4_6_reg_1802                  |  64|  32|   32|          0|
    |mul7_4_7_reg_1807                  |  64|  32|   32|          0|
    |mul7_5_1_reg_1577                  |  64|  32|   32|          0|
    |mul7_5_2_reg_1652                  |  64|  32|   32|          0|
    |mul7_5_3_reg_1657                  |  64|  32|   32|          0|
    |mul7_5_4_reg_1732                  |  64|  32|   32|          0|
    |mul7_5_5_reg_1737                  |  64|  32|   32|          0|
    |mul7_5_6_reg_1812                  |  64|  32|   32|          0|
    |mul7_5_7_reg_1817                  |  64|  32|   32|          0|
    |mul7_6_1_reg_1587                  |  64|  32|   32|          0|
    |mul7_6_2_reg_1662                  |  64|  32|   32|          0|
    |mul7_6_3_reg_1667                  |  64|  32|   32|          0|
    |mul7_6_4_reg_1742                  |  64|  32|   32|          0|
    |mul7_6_5_reg_1747                  |  64|  32|   32|          0|
    |mul7_6_6_reg_1822                  |  64|  32|   32|          0|
    |mul7_6_7_reg_1827                  |  64|  32|   32|          0|
    |mul7_7_1_reg_1597                  |  64|  32|   32|          0|
    |mul7_7_2_reg_1672                  |  64|  32|   32|          0|
    |mul7_7_3_reg_1677                  |  64|  32|   32|          0|
    |mul7_7_4_reg_1752                  |  64|  32|   32|          0|
    |mul7_7_5_reg_1757                  |  64|  32|   32|          0|
    |mul7_7_6_reg_1832                  |  64|  32|   32|          0|
    |mul7_7_7_reg_1837                  |  64|  32|   32|          0|
    |p_cast27_reg_1346                  |  64|  32|   64|         61|
    |zext_ln136_1_reg_1390              |  64|  32|   64|         61|
    |zext_ln136_2_reg_1400              |  64|  32|   64|         61|
    |zext_ln136_3_reg_1434              |  64|  32|   64|         61|
    |zext_ln136_4_reg_1444              |  64|  32|   64|         61|
    |zext_ln136_5_reg_1478              |  64|  32|   64|         61|
    |zext_ln136_6_reg_1488              |  64|  32|   64|         61|
    |zext_ln136_reg_1356                |  64|  32|   64|         61|
    +-----------------------------------+----+----+-----+-----------+
    |Total                              |8739|2112| 7315|        979|
    +-----------------------------------+----+----+-----+-----------+



================================================================
== Interface
================================================================
* Summary: 
+----------------------+-----+-----+------------+---------------------------------------------+--------------+
|       RTL Ports      | Dir | Bits|  Protocol  |                Source Object                |    C Type    |
+----------------------+-----+-----+------------+---------------------------------------------+--------------+
|ap_clk                |   in|    1|  ap_ctrl_hs|  transformer_for_sample_Pipeline_numerator_i|  return value|
|ap_rst                |   in|    1|  ap_ctrl_hs|  transformer_for_sample_Pipeline_numerator_i|  return value|
|ap_start              |   in|    1|  ap_ctrl_hs|  transformer_for_sample_Pipeline_numerator_i|  return value|
|ap_done               |  out|    1|  ap_ctrl_hs|  transformer_for_sample_Pipeline_numerator_i|  return value|
|ap_idle               |  out|    1|  ap_ctrl_hs|  transformer_for_sample_Pipeline_numerator_i|  return value|
|ap_ready              |  out|    1|  ap_ctrl_hs|  transformer_for_sample_Pipeline_numerator_i|  return value|
|grp_fu_2070_p_din0    |  out|   32|  ap_ctrl_hs|  transformer_for_sample_Pipeline_numerator_i|  return value|
|grp_fu_2070_p_din1    |  out|   32|  ap_ctrl_hs|  transformer_for_sample_Pipeline_numerator_i|  return value|
|grp_fu_2070_p_opcode  |  out|    2|  ap_ctrl_hs|  transformer_for_sample_Pipeline_numerator_i|  return value|
|grp_fu_2070_p_dout0   |   in|   32|  ap_ctrl_hs|  transformer_for_sample_Pipeline_numerator_i|  return value|
|grp_fu_2070_p_ce      |  out|    1|  ap_ctrl_hs|  transformer_for_sample_Pipeline_numerator_i|  return value|
|grp_fu_2074_p_din0    |  out|   32|  ap_ctrl_hs|  transformer_for_sample_Pipeline_numerator_i|  return value|
|grp_fu_2074_p_din1    |  out|   32|  ap_ctrl_hs|  transformer_for_sample_Pipeline_numerator_i|  return value|
|grp_fu_2074_p_opcode  |  out|    2|  ap_ctrl_hs|  transformer_for_sample_Pipeline_numerator_i|  return value|
|grp_fu_2074_p_dout0   |   in|   32|  ap_ctrl_hs|  transformer_for_sample_Pipeline_numerator_i|  return value|
|grp_fu_2074_p_ce      |  out|    1|  ap_ctrl_hs|  transformer_for_sample_Pipeline_numerator_i|  return value|
|grp_fu_2082_p_din0    |  out|   32|  ap_ctrl_hs|  transformer_for_sample_Pipeline_numerator_i|  return value|
|grp_fu_2082_p_din1    |  out|   32|  ap_ctrl_hs|  transformer_for_sample_Pipeline_numerator_i|  return value|
|grp_fu_2082_p_opcode  |  out|    2|  ap_ctrl_hs|  transformer_for_sample_Pipeline_numerator_i|  return value|
|grp_fu_2082_p_dout0   |   in|   32|  ap_ctrl_hs|  transformer_for_sample_Pipeline_numerator_i|  return value|
|grp_fu_2082_p_ce      |  out|    1|  ap_ctrl_hs|  transformer_for_sample_Pipeline_numerator_i|  return value|
|grp_fu_2086_p_din0    |  out|   32|  ap_ctrl_hs|  transformer_for_sample_Pipeline_numerator_i|  return value|
|grp_fu_2086_p_din1    |  out|   32|  ap_ctrl_hs|  transformer_for_sample_Pipeline_numerator_i|  return value|
|grp_fu_2086_p_opcode  |  out|    2|  ap_ctrl_hs|  transformer_for_sample_Pipeline_numerator_i|  return value|
|grp_fu_2086_p_dout0   |   in|   32|  ap_ctrl_hs|  transformer_for_sample_Pipeline_numerator_i|  return value|
|grp_fu_2086_p_ce      |  out|    1|  ap_ctrl_hs|  transformer_for_sample_Pipeline_numerator_i|  return value|
|grp_fu_2090_p_din0    |  out|   32|  ap_ctrl_hs|  transformer_for_sample_Pipeline_numerator_i|  return value|
|grp_fu_2090_p_din1    |  out|   32|  ap_ctrl_hs|  transformer_for_sample_Pipeline_numerator_i|  return value|
|grp_fu_2090_p_opcode  |  out|    2|  ap_ctrl_hs|  transformer_for_sample_Pipeline_numerator_i|  return value|
|grp_fu_2090_p_dout0   |   in|   32|  ap_ctrl_hs|  transformer_for_sample_Pipeline_numerator_i|  return value|
|grp_fu_2090_p_ce      |  out|    1|  ap_ctrl_hs|  transformer_for_sample_Pipeline_numerator_i|  return value|
|grp_fu_2094_p_din0    |  out|   32|  ap_ctrl_hs|  transformer_for_sample_Pipeline_numerator_i|  return value|
|grp_fu_2094_p_din1    |  out|   32|  ap_ctrl_hs|  transformer_for_sample_Pipeline_numerator_i|  return value|
|grp_fu_2094_p_opcode  |  out|    2|  ap_ctrl_hs|  transformer_for_sample_Pipeline_numerator_i|  return value|
|grp_fu_2094_p_dout0   |   in|   32|  ap_ctrl_hs|  transformer_for_sample_Pipeline_numerator_i|  return value|
|grp_fu_2094_p_ce      |  out|    1|  ap_ctrl_hs|  transformer_for_sample_Pipeline_numerator_i|  return value|
|grp_fu_2098_p_din0    |  out|   32|  ap_ctrl_hs|  transformer_for_sample_Pipeline_numerator_i|  return value|
|grp_fu_2098_p_din1    |  out|   32|  ap_ctrl_hs|  transformer_for_sample_Pipeline_numerator_i|  return value|
|grp_fu_2098_p_opcode  |  out|    2|  ap_ctrl_hs|  transformer_for_sample_Pipeline_numerator_i|  return value|
|grp_fu_2098_p_dout0   |   in|   32|  ap_ctrl_hs|  transformer_for_sample_Pipeline_numerator_i|  return value|
|grp_fu_2098_p_ce      |  out|    1|  ap_ctrl_hs|  transformer_for_sample_Pipeline_numerator_i|  return value|
|grp_fu_2102_p_din0    |  out|   32|  ap_ctrl_hs|  transformer_for_sample_Pipeline_numerator_i|  return value|
|grp_fu_2102_p_din1    |  out|   32|  ap_ctrl_hs|  transformer_for_sample_Pipeline_numerator_i|  return value|
|grp_fu_2102_p_opcode  |  out|    2|  ap_ctrl_hs|  transformer_for_sample_Pipeline_numerator_i|  return value|
|grp_fu_2102_p_dout0   |   in|   32|  ap_ctrl_hs|  transformer_for_sample_Pipeline_numerator_i|  return value|
|grp_fu_2102_p_ce      |  out|    1|  ap_ctrl_hs|  transformer_for_sample_Pipeline_numerator_i|  return value|
|grp_fu_2106_p_din0    |  out|   32|  ap_ctrl_hs|  transformer_for_sample_Pipeline_numerator_i|  return value|
|grp_fu_2106_p_din1    |  out|   32|  ap_ctrl_hs|  transformer_for_sample_Pipeline_numerator_i|  return value|
|grp_fu_2106_p_opcode  |  out|    2|  ap_ctrl_hs|  transformer_for_sample_Pipeline_numerator_i|  return value|
|grp_fu_2106_p_dout0   |   in|   32|  ap_ctrl_hs|  transformer_for_sample_Pipeline_numerator_i|  return value|
|grp_fu_2106_p_ce      |  out|    1|  ap_ctrl_hs|  transformer_for_sample_Pipeline_numerator_i|  return value|
|grp_fu_2110_p_din0    |  out|   32|  ap_ctrl_hs|  transformer_for_sample_Pipeline_numerator_i|  return value|
|grp_fu_2110_p_din1    |  out|   32|  ap_ctrl_hs|  transformer_for_sample_Pipeline_numerator_i|  return value|
|grp_fu_2110_p_opcode  |  out|    2|  ap_ctrl_hs|  transformer_for_sample_Pipeline_numerator_i|  return value|
|grp_fu_2110_p_dout0   |   in|   32|  ap_ctrl_hs|  transformer_for_sample_Pipeline_numerator_i|  return value|
|grp_fu_2110_p_ce      |  out|    1|  ap_ctrl_hs|  transformer_for_sample_Pipeline_numerator_i|  return value|
|grp_fu_2114_p_din0    |  out|   32|  ap_ctrl_hs|  transformer_for_sample_Pipeline_numerator_i|  return value|
|grp_fu_2114_p_din1    |  out|   32|  ap_ctrl_hs|  transformer_for_sample_Pipeline_numerator_i|  return value|
|grp_fu_2114_p_opcode  |  out|    2|  ap_ctrl_hs|  transformer_for_sample_Pipeline_numerator_i|  return value|
|grp_fu_2114_p_dout0   |   in|   32|  ap_ctrl_hs|  transformer_for_sample_Pipeline_numerator_i|  return value|
|grp_fu_2114_p_ce      |  out|    1|  ap_ctrl_hs|  transformer_for_sample_Pipeline_numerator_i|  return value|
|grp_fu_2118_p_din0    |  out|   32|  ap_ctrl_hs|  transformer_for_sample_Pipeline_numerator_i|  return value|
|grp_fu_2118_p_din1    |  out|   32|  ap_ctrl_hs|  transformer_for_sample_Pipeline_numerator_i|  return value|
|grp_fu_2118_p_opcode  |  out|    2|  ap_ctrl_hs|  transformer_for_sample_Pipeline_numerator_i|  return value|
|grp_fu_2118_p_dout0   |   in|   32|  ap_ctrl_hs|  transformer_for_sample_Pipeline_numerator_i|  return value|
|grp_fu_2118_p_ce      |  out|    1|  ap_ctrl_hs|  transformer_for_sample_Pipeline_numerator_i|  return value|
|grp_fu_2122_p_din0    |  out|   32|  ap_ctrl_hs|  transformer_for_sample_Pipeline_numerator_i|  return value|
|grp_fu_2122_p_din1    |  out|   32|  ap_ctrl_hs|  transformer_for_sample_Pipeline_numerator_i|  return value|
|grp_fu_2122_p_opcode  |  out|    2|  ap_ctrl_hs|  transformer_for_sample_Pipeline_numerator_i|  return value|
|grp_fu_2122_p_dout0   |   in|   32|  ap_ctrl_hs|  transformer_for_sample_Pipeline_numerator_i|  return value|
|grp_fu_2122_p_ce      |  out|    1|  ap_ctrl_hs|  transformer_for_sample_Pipeline_numerator_i|  return value|
|grp_fu_2126_p_din0    |  out|   32|  ap_ctrl_hs|  transformer_for_sample_Pipeline_numerator_i|  return value|
|grp_fu_2126_p_din1    |  out|   32|  ap_ctrl_hs|  transformer_for_sample_Pipeline_numerator_i|  return value|
|grp_fu_2126_p_opcode  |  out|    2|  ap_ctrl_hs|  transformer_for_sample_Pipeline_numerator_i|  return value|
|grp_fu_2126_p_dout0   |   in|   32|  ap_ctrl_hs|  transformer_for_sample_Pipeline_numerator_i|  return value|
|grp_fu_2126_p_ce      |  out|    1|  ap_ctrl_hs|  transformer_for_sample_Pipeline_numerator_i|  return value|
|grp_fu_2130_p_din0    |  out|   32|  ap_ctrl_hs|  transformer_for_sample_Pipeline_numerator_i|  return value|
|grp_fu_2130_p_din1    |  out|   32|  ap_ctrl_hs|  transformer_for_sample_Pipeline_numerator_i|  return value|
|grp_fu_2130_p_opcode  |  out|    2|  ap_ctrl_hs|  transformer_for_sample_Pipeline_numerator_i|  return value|
|grp_fu_2130_p_dout0   |   in|   32|  ap_ctrl_hs|  transformer_for_sample_Pipeline_numerator_i|  return value|
|grp_fu_2130_p_ce      |  out|    1|  ap_ctrl_hs|  transformer_for_sample_Pipeline_numerator_i|  return value|
|grp_fu_2134_p_din0    |  out|   32|  ap_ctrl_hs|  transformer_for_sample_Pipeline_numerator_i|  return value|
|grp_fu_2134_p_din1    |  out|   32|  ap_ctrl_hs|  transformer_for_sample_Pipeline_numerator_i|  return value|
|grp_fu_2134_p_opcode  |  out|    2|  ap_ctrl_hs|  transformer_for_sample_Pipeline_numerator_i|  return value|
|grp_fu_2134_p_dout0   |   in|   32|  ap_ctrl_hs|  transformer_for_sample_Pipeline_numerator_i|  return value|
|grp_fu_2134_p_ce      |  out|    1|  ap_ctrl_hs|  transformer_for_sample_Pipeline_numerator_i|  return value|
|grp_fu_2078_p_din0    |  out|   32|  ap_ctrl_hs|  transformer_for_sample_Pipeline_numerator_i|  return value|
|grp_fu_2078_p_din1    |  out|   32|  ap_ctrl_hs|  transformer_for_sample_Pipeline_numerator_i|  return value|
|grp_fu_2078_p_dout0   |   in|   32|  ap_ctrl_hs|  transformer_for_sample_Pipeline_numerator_i|  return value|
|grp_fu_2078_p_ce      |  out|    1|  ap_ctrl_hs|  transformer_for_sample_Pipeline_numerator_i|  return value|
|grp_fu_2146_p_din0    |  out|   32|  ap_ctrl_hs|  transformer_for_sample_Pipeline_numerator_i|  return value|
|grp_fu_2146_p_din1    |  out|   32|  ap_ctrl_hs|  transformer_for_sample_Pipeline_numerator_i|  return value|
|grp_fu_2146_p_dout0   |   in|   32|  ap_ctrl_hs|  transformer_for_sample_Pipeline_numerator_i|  return value|
|grp_fu_2146_p_ce      |  out|    1|  ap_ctrl_hs|  transformer_for_sample_Pipeline_numerator_i|  return value|
|grp_fu_2150_p_din0    |  out|   32|  ap_ctrl_hs|  transformer_for_sample_Pipeline_numerator_i|  return value|
|grp_fu_2150_p_din1    |  out|   32|  ap_ctrl_hs|  transformer_for_sample_Pipeline_numerator_i|  return value|
|grp_fu_2150_p_dout0   |   in|   32|  ap_ctrl_hs|  transformer_for_sample_Pipeline_numerator_i|  return value|
|grp_fu_2150_p_ce      |  out|    1|  ap_ctrl_hs|  transformer_for_sample_Pipeline_numerator_i|  return value|
|grp_fu_2154_p_din0    |  out|   32|  ap_ctrl_hs|  transformer_for_sample_Pipeline_numerator_i|  return value|
|grp_fu_2154_p_din1    |  out|   32|  ap_ctrl_hs|  transformer_for_sample_Pipeline_numerator_i|  return value|
|grp_fu_2154_p_dout0   |   in|   32|  ap_ctrl_hs|  transformer_for_sample_Pipeline_numerator_i|  return value|
|grp_fu_2154_p_ce      |  out|    1|  ap_ctrl_hs|  transformer_for_sample_Pipeline_numerator_i|  return value|
|grp_fu_2158_p_din0    |  out|   32|  ap_ctrl_hs|  transformer_for_sample_Pipeline_numerator_i|  return value|
|grp_fu_2158_p_din1    |  out|   32|  ap_ctrl_hs|  transformer_for_sample_Pipeline_numerator_i|  return value|
|grp_fu_2158_p_dout0   |   in|   32|  ap_ctrl_hs|  transformer_for_sample_Pipeline_numerator_i|  return value|
|grp_fu_2158_p_ce      |  out|    1|  ap_ctrl_hs|  transformer_for_sample_Pipeline_numerator_i|  return value|
|grp_fu_2162_p_din0    |  out|   32|  ap_ctrl_hs|  transformer_for_sample_Pipeline_numerator_i|  return value|
|grp_fu_2162_p_din1    |  out|   32|  ap_ctrl_hs|  transformer_for_sample_Pipeline_numerator_i|  return value|
|grp_fu_2162_p_dout0   |   in|   32|  ap_ctrl_hs|  transformer_for_sample_Pipeline_numerator_i|  return value|
|grp_fu_2162_p_ce      |  out|    1|  ap_ctrl_hs|  transformer_for_sample_Pipeline_numerator_i|  return value|
|grp_fu_2166_p_din0    |  out|   32|  ap_ctrl_hs|  transformer_for_sample_Pipeline_numerator_i|  return value|
|grp_fu_2166_p_din1    |  out|   32|  ap_ctrl_hs|  transformer_for_sample_Pipeline_numerator_i|  return value|
|grp_fu_2166_p_dout0   |   in|   32|  ap_ctrl_hs|  transformer_for_sample_Pipeline_numerator_i|  return value|
|grp_fu_2166_p_ce      |  out|    1|  ap_ctrl_hs|  transformer_for_sample_Pipeline_numerator_i|  return value|
|grp_fu_2170_p_din0    |  out|   32|  ap_ctrl_hs|  transformer_for_sample_Pipeline_numerator_i|  return value|
|grp_fu_2170_p_din1    |  out|   32|  ap_ctrl_hs|  transformer_for_sample_Pipeline_numerator_i|  return value|
|grp_fu_2170_p_dout0   |   in|   32|  ap_ctrl_hs|  transformer_for_sample_Pipeline_numerator_i|  return value|
|grp_fu_2170_p_ce      |  out|    1|  ap_ctrl_hs|  transformer_for_sample_Pipeline_numerator_i|  return value|
|grp_fu_2174_p_din0    |  out|   32|  ap_ctrl_hs|  transformer_for_sample_Pipeline_numerator_i|  return value|
|grp_fu_2174_p_din1    |  out|   32|  ap_ctrl_hs|  transformer_for_sample_Pipeline_numerator_i|  return value|
|grp_fu_2174_p_dout0   |   in|   32|  ap_ctrl_hs|  transformer_for_sample_Pipeline_numerator_i|  return value|
|grp_fu_2174_p_ce      |  out|    1|  ap_ctrl_hs|  transformer_for_sample_Pipeline_numerator_i|  return value|
|grp_fu_2178_p_din0    |  out|   32|  ap_ctrl_hs|  transformer_for_sample_Pipeline_numerator_i|  return value|
|grp_fu_2178_p_din1    |  out|   32|  ap_ctrl_hs|  transformer_for_sample_Pipeline_numerator_i|  return value|
|grp_fu_2178_p_dout0   |   in|   32|  ap_ctrl_hs|  transformer_for_sample_Pipeline_numerator_i|  return value|
|grp_fu_2178_p_ce      |  out|    1|  ap_ctrl_hs|  transformer_for_sample_Pipeline_numerator_i|  return value|
|grp_fu_2182_p_din0    |  out|   32|  ap_ctrl_hs|  transformer_for_sample_Pipeline_numerator_i|  return value|
|grp_fu_2182_p_din1    |  out|   32|  ap_ctrl_hs|  transformer_for_sample_Pipeline_numerator_i|  return value|
|grp_fu_2182_p_dout0   |   in|   32|  ap_ctrl_hs|  transformer_for_sample_Pipeline_numerator_i|  return value|
|grp_fu_2182_p_ce      |  out|    1|  ap_ctrl_hs|  transformer_for_sample_Pipeline_numerator_i|  return value|
|grp_fu_2186_p_din0    |  out|   32|  ap_ctrl_hs|  transformer_for_sample_Pipeline_numerator_i|  return value|
|grp_fu_2186_p_din1    |  out|   32|  ap_ctrl_hs|  transformer_for_sample_Pipeline_numerator_i|  return value|
|grp_fu_2186_p_dout0   |   in|   32|  ap_ctrl_hs|  transformer_for_sample_Pipeline_numerator_i|  return value|
|grp_fu_2186_p_ce      |  out|    1|  ap_ctrl_hs|  transformer_for_sample_Pipeline_numerator_i|  return value|
|grp_fu_2190_p_din0    |  out|   32|  ap_ctrl_hs|  transformer_for_sample_Pipeline_numerator_i|  return value|
|grp_fu_2190_p_din1    |  out|   32|  ap_ctrl_hs|  transformer_for_sample_Pipeline_numerator_i|  return value|
|grp_fu_2190_p_dout0   |   in|   32|  ap_ctrl_hs|  transformer_for_sample_Pipeline_numerator_i|  return value|
|grp_fu_2190_p_ce      |  out|    1|  ap_ctrl_hs|  transformer_for_sample_Pipeline_numerator_i|  return value|
|grp_fu_2194_p_din0    |  out|   32|  ap_ctrl_hs|  transformer_for_sample_Pipeline_numerator_i|  return value|
|grp_fu_2194_p_din1    |  out|   32|  ap_ctrl_hs|  transformer_for_sample_Pipeline_numerator_i|  return value|
|grp_fu_2194_p_dout0   |   in|   32|  ap_ctrl_hs|  transformer_for_sample_Pipeline_numerator_i|  return value|
|grp_fu_2194_p_ce      |  out|    1|  ap_ctrl_hs|  transformer_for_sample_Pipeline_numerator_i|  return value|
|grp_fu_2198_p_din0    |  out|   32|  ap_ctrl_hs|  transformer_for_sample_Pipeline_numerator_i|  return value|
|grp_fu_2198_p_din1    |  out|   32|  ap_ctrl_hs|  transformer_for_sample_Pipeline_numerator_i|  return value|
|grp_fu_2198_p_dout0   |   in|   32|  ap_ctrl_hs|  transformer_for_sample_Pipeline_numerator_i|  return value|
|grp_fu_2198_p_ce      |  out|    1|  ap_ctrl_hs|  transformer_for_sample_Pipeline_numerator_i|  return value|
|grp_fu_2202_p_din0    |  out|   32|  ap_ctrl_hs|  transformer_for_sample_Pipeline_numerator_i|  return value|
|grp_fu_2202_p_din1    |  out|   32|  ap_ctrl_hs|  transformer_for_sample_Pipeline_numerator_i|  return value|
|grp_fu_2202_p_dout0   |   in|   32|  ap_ctrl_hs|  transformer_for_sample_Pipeline_numerator_i|  return value|
|grp_fu_2202_p_ce      |  out|    1|  ap_ctrl_hs|  transformer_for_sample_Pipeline_numerator_i|  return value|
|grp_fu_2206_p_din0    |  out|   32|  ap_ctrl_hs|  transformer_for_sample_Pipeline_numerator_i|  return value|
|grp_fu_2206_p_din1    |  out|   32|  ap_ctrl_hs|  transformer_for_sample_Pipeline_numerator_i|  return value|
|grp_fu_2206_p_dout0   |   in|   32|  ap_ctrl_hs|  transformer_for_sample_Pipeline_numerator_i|  return value|
|grp_fu_2206_p_ce      |  out|    1|  ap_ctrl_hs|  transformer_for_sample_Pipeline_numerator_i|  return value|
|grp_fu_2210_p_din0    |  out|   32|  ap_ctrl_hs|  transformer_for_sample_Pipeline_numerator_i|  return value|
|grp_fu_2210_p_din1    |  out|   32|  ap_ctrl_hs|  transformer_for_sample_Pipeline_numerator_i|  return value|
|grp_fu_2210_p_dout0   |   in|   32|  ap_ctrl_hs|  transformer_for_sample_Pipeline_numerator_i|  return value|
|grp_fu_2210_p_ce      |  out|    1|  ap_ctrl_hs|  transformer_for_sample_Pipeline_numerator_i|  return value|
|normalizer_address0   |  out|    3|   ap_memory|                                   normalizer|         array|
|normalizer_ce0        |  out|    1|   ap_memory|                                   normalizer|         array|
|normalizer_q0         |   in|   32|   ap_memory|                                   normalizer|         array|
|query_address0        |  out|    6|   ap_memory|                                        query|         array|
|query_ce0             |  out|    1|   ap_memory|                                        query|         array|
|query_q0              |   in|   32|   ap_memory|                                        query|         array|
|query_address1        |  out|    6|   ap_memory|                                        query|         array|
|query_ce1             |  out|    1|   ap_memory|                                        query|         array|
|query_q1              |   in|   32|   ap_memory|                                        query|         array|
|kv_load               |   in|   32|     ap_none|                                      kv_load|        scalar|
|kv_load_1             |   in|   32|     ap_none|                                    kv_load_1|        scalar|
|kv_load_2             |   in|   32|     ap_none|                                    kv_load_2|        scalar|
|kv_load_3             |   in|   32|     ap_none|                                    kv_load_3|        scalar|
|kv_load_4             |   in|   32|     ap_none|                                    kv_load_4|        scalar|
|kv_load_5             |   in|   32|     ap_none|                                    kv_load_5|        scalar|
|kv_load_6             |   in|   32|     ap_none|                                    kv_load_6|        scalar|
|kv_load_7             |   in|   32|     ap_none|                                    kv_load_7|        scalar|
|values_new_address0   |  out|    6|   ap_memory|                                   values_new|         array|
|values_new_ce0        |  out|    1|   ap_memory|                                   values_new|         array|
|values_new_we0        |  out|    1|   ap_memory|                                   values_new|         array|
|values_new_d0         |  out|   32|   ap_memory|                                   values_new|         array|
|values_new_address1   |  out|    6|   ap_memory|                                   values_new|         array|
|values_new_ce1        |  out|    1|   ap_memory|                                   values_new|         array|
|values_new_we1        |  out|    1|   ap_memory|                                   values_new|         array|
|values_new_d1         |  out|   32|   ap_memory|                                   values_new|         array|
|kv_load_8             |   in|   32|     ap_none|                                    kv_load_8|        scalar|
|kv_load_9             |   in|   32|     ap_none|                                    kv_load_9|        scalar|
|kv_load_10            |   in|   32|     ap_none|                                   kv_load_10|        scalar|
|kv_load_11            |   in|   32|     ap_none|                                   kv_load_11|        scalar|
|kv_load_12            |   in|   32|     ap_none|                                   kv_load_12|        scalar|
|kv_load_13            |   in|   32|     ap_none|                                   kv_load_13|        scalar|
|kv_load_14            |   in|   32|     ap_none|                                   kv_load_14|        scalar|
|kv_load_15            |   in|   32|     ap_none|                                   kv_load_15|        scalar|
|kv_load_16            |   in|   32|     ap_none|                                   kv_load_16|        scalar|
|kv_load_17            |   in|   32|     ap_none|                                   kv_load_17|        scalar|
|kv_load_18            |   in|   32|     ap_none|                                   kv_load_18|        scalar|
|kv_load_19            |   in|   32|     ap_none|                                   kv_load_19|        scalar|
|kv_load_20            |   in|   32|     ap_none|                                   kv_load_20|        scalar|
|kv_load_21            |   in|   32|     ap_none|                                   kv_load_21|        scalar|
|kv_load_22            |   in|   32|     ap_none|                                   kv_load_22|        scalar|
|kv_load_23            |   in|   32|     ap_none|                                   kv_load_23|        scalar|
|kv_load_24            |   in|   32|     ap_none|                                   kv_load_24|        scalar|
|kv_load_25            |   in|   32|     ap_none|                                   kv_load_25|        scalar|
|kv_load_26            |   in|   32|     ap_none|                                   kv_load_26|        scalar|
|kv_load_27            |   in|   32|     ap_none|                                   kv_load_27|        scalar|
|kv_load_28            |   in|   32|     ap_none|                                   kv_load_28|        scalar|
|kv_load_29            |   in|   32|     ap_none|                                   kv_load_29|        scalar|
|kv_load_30            |   in|   32|     ap_none|                                   kv_load_30|        scalar|
|kv_load_31            |   in|   32|     ap_none|                                   kv_load_31|        scalar|
|kv_load_32            |   in|   32|     ap_none|                                   kv_load_32|        scalar|
|kv_load_33            |   in|   32|     ap_none|                                   kv_load_33|        scalar|
|kv_load_34            |   in|   32|     ap_none|                                   kv_load_34|        scalar|
|kv_load_35            |   in|   32|     ap_none|                                   kv_load_35|        scalar|
|kv_load_36            |   in|   32|     ap_none|                                   kv_load_36|        scalar|
|kv_load_37            |   in|   32|     ap_none|                                   kv_load_37|        scalar|
|kv_load_38            |   in|   32|     ap_none|                                   kv_load_38|        scalar|
|kv_load_39            |   in|   32|     ap_none|                                   kv_load_39|        scalar|
|kv_load_40            |   in|   32|     ap_none|                                   kv_load_40|        scalar|
|kv_load_41            |   in|   32|     ap_none|                                   kv_load_41|        scalar|
|kv_load_42            |   in|   32|     ap_none|                                   kv_load_42|        scalar|
|kv_load_43            |   in|   32|     ap_none|                                   kv_load_43|        scalar|
|kv_load_44            |   in|   32|     ap_none|                                   kv_load_44|        scalar|
|kv_load_45            |   in|   32|     ap_none|                                   kv_load_45|        scalar|
|kv_load_46            |   in|   32|     ap_none|                                   kv_load_46|        scalar|
|kv_load_47            |   in|   32|     ap_none|                                   kv_load_47|        scalar|
|kv_load_48            |   in|   32|     ap_none|                                   kv_load_48|        scalar|
|kv_load_49            |   in|   32|     ap_none|                                   kv_load_49|        scalar|
|kv_load_50            |   in|   32|     ap_none|                                   kv_load_50|        scalar|
|kv_load_51            |   in|   32|     ap_none|                                   kv_load_51|        scalar|
|kv_load_52            |   in|   32|     ap_none|                                   kv_load_52|        scalar|
|kv_load_53            |   in|   32|     ap_none|                                   kv_load_53|        scalar|
|kv_load_54            |   in|   32|     ap_none|                                   kv_load_54|        scalar|
|kv_load_55            |   in|   32|     ap_none|                                   kv_load_55|        scalar|
|kv_load_56            |   in|   32|     ap_none|                                   kv_load_56|        scalar|
|kv_load_57            |   in|   32|     ap_none|                                   kv_load_57|        scalar|
|kv_load_58            |   in|   32|     ap_none|                                   kv_load_58|        scalar|
|kv_load_59            |   in|   32|     ap_none|                                   kv_load_59|        scalar|
|kv_load_60            |   in|   32|     ap_none|                                   kv_load_60|        scalar|
|kv_load_61            |   in|   32|     ap_none|                                   kv_load_61|        scalar|
|kv_load_62            |   in|   32|     ap_none|                                   kv_load_62|        scalar|
|kv_load_63            |   in|   32|     ap_none|                                   kv_load_63|        scalar|
+----------------------+-----+-----+------------+---------------------------------------------+--------------+

