

================================================================
== Vitis HLS Report for 'transformer_for_sample_Pipeline_sum_k_j'
================================================================
* Date:           Tue May 19 20:30:29 2026

* Version:        2022.2 (Build 3670227 on Oct 13 2022)
* Project:        linear_transformer_hls
* Solution:       solution1 (Vivado IP Flow Target)
* Product family: zynq
* Target device:  xc7z020-clg400-1


================================================================
== Performance Estimates
================================================================
+ Timing: 
    * Summary: 
    +--------+----------+----------+------------+
    |  Clock |  Target  | Estimated| Uncertainty|
    +--------+----------+----------+------------+
    |ap_clk  |  10.00 ns|  7.256 ns|     2.70 ns|
    +--------+----------+----------+------------+

+ Latency: 
    * Summary: 
    +---------+---------+----------+----------+-----+-----+---------+
    |  Latency (cycles) |  Latency (absolute) |  Interval | Pipeline|
    |   min   |   max   |    min   |    max   | min | max |   Type  |
    +---------+---------+----------+----------+-----+-----+---------+
    |       51|       51|  0.510 us|  0.510 us|   51|   51|       no|
    +---------+---------+----------+----------+-----+-----+---------+

    + Detail: 
        * Instance: 
        N/A

        * Loop: 
        +-----------+---------+---------+----------+-----------+-----------+------+----------+
        |           |  Latency (cycles) | Iteration|  Initiation Interval  | Trip |          |
        | Loop Name |   min   |   max   |  Latency |  achieved |   target  | Count| Pipelined|
        +-----------+---------+---------+----------+-----------+-----------+------+----------+
        |- sum_k_j  |       49|       49|        43|          1|          1|     8|       yes|
        +-----------+---------+---------+----------+-----------+-----------+------+----------+



================================================================
== Utilization Estimates
================================================================
* Summary: 
+-----------------+---------+-----+--------+-------+-----+
|       Name      | BRAM_18K| DSP |   FF   |  LUT  | URAM|
+-----------------+---------+-----+--------+-------+-----+
|DSP              |        -|    -|       -|      -|    -|
|Expression       |        -|    -|       0|     43|    -|
|FIFO             |        -|    -|       -|      -|    -|
|Instance         |        -|    -|       -|      -|    -|
|Memory           |        -|    -|       -|      -|    -|
|Multiplexer      |        -|    -|       -|     36|    -|
|Register         |        -|    -|    1117|    256|    -|
+-----------------+---------+-----+--------+-------+-----+
|Total            |        0|    0|    1117|    335|    0|
+-----------------+---------+-----+--------+-------+-----+
|Available        |      280|  220|  106400|  53200|    0|
+-----------------+---------+-----+--------+-------+-----+
|Utilization (%)  |        0|    0|       1|     ~0|    0|
+-----------------+---------+-----+--------+-------+-----+

+ Detail: 
    * Instance: 
    N/A

    * DSP: 
    N/A

    * Memory: 
    N/A

    * FIFO: 
    N/A

    * Expression: 
    +----------------------+----------+----+---+----+------------+------------+
    |     Variable Name    | Operation| DSP| FF| LUT| Bitwidth P0| Bitwidth P1|
    +----------------------+----------+----+---+----+------------+------------+
    |add_ln110_fu_203_p2   |         +|   0|  0|  13|           4|           1|
    |add_ln114_fu_264_p2   |         +|   0|  0|  14|           6|           6|
    |icmp_ln110_fu_197_p2  |      icmp|   0|  0|   9|           4|           5|
    |ap_enable_pp0         |       xor|   0|  0|   2|           1|           2|
    |xor_ln114_fu_218_p2   |       xor|   0|  0|   5|           4|           5|
    +----------------------+----------+----+---+----+------------+------------+
    |Total                 |          |   0|  0|  43|          19|          19|
    +----------------------+----------+----+---+----+------------+------------+

    * Multiplexer: 
    +-------------------------+----+-----------+-----+-----------+
    |           Name          | LUT| Input Size| Bits| Total Bits|
    +-------------------------+----+-----------+-----+-----------+
    |ap_done_int              |   9|          2|    1|          2|
    |ap_enable_reg_pp0_iter1  |   9|          2|    1|          2|
    |ap_sig_allocacmp_j_1     |   9|          2|    4|          8|
    |j_fu_42                  |   9|          2|    4|          8|
    +-------------------------+----+-----------+-----+-----------+
    |Total                    |  36|          8|   10|         20|
    +-------------------------+----+-----------+-----+-----------+

    * Register: 
    +-----------------------------------+----+----+-----+-----------+
    |                Name               | FF | LUT| Bits| Const Bits|
    +-----------------------------------+----+----+-----+-----------+
    |ap_CS_fsm                          |   1|   0|    1|          0|
    |ap_done_reg                        |   1|   0|    1|          0|
    |ap_enable_reg_pp0_iter1            |   1|   0|    1|          0|
    |ap_enable_reg_pp0_iter10           |   1|   0|    1|          0|
    |ap_enable_reg_pp0_iter11           |   1|   0|    1|          0|
    |ap_enable_reg_pp0_iter12           |   1|   0|    1|          0|
    |ap_enable_reg_pp0_iter13           |   1|   0|    1|          0|
    |ap_enable_reg_pp0_iter14           |   1|   0|    1|          0|
    |ap_enable_reg_pp0_iter15           |   1|   0|    1|          0|
    |ap_enable_reg_pp0_iter16           |   1|   0|    1|          0|
    |ap_enable_reg_pp0_iter17           |   1|   0|    1|          0|
    |ap_enable_reg_pp0_iter18           |   1|   0|    1|          0|
    |ap_enable_reg_pp0_iter19           |   1|   0|    1|          0|
    |ap_enable_reg_pp0_iter2            |   1|   0|    1|          0|
    |ap_enable_reg_pp0_iter20           |   1|   0|    1|          0|
    |ap_enable_reg_pp0_iter21           |   1|   0|    1|          0|
    |ap_enable_reg_pp0_iter22           |   1|   0|    1|          0|
    |ap_enable_reg_pp0_iter23           |   1|   0|    1|          0|
    |ap_enable_reg_pp0_iter24           |   1|   0|    1|          0|
    |ap_enable_reg_pp0_iter25           |   1|   0|    1|          0|
    |ap_enable_reg_pp0_iter26           |   1|   0|    1|          0|
    |ap_enable_reg_pp0_iter27           |   1|   0|    1|          0|
    |ap_enable_reg_pp0_iter28           |   1|   0|    1|          0|
    |ap_enable_reg_pp0_iter29           |   1|   0|    1|          0|
    |ap_enable_reg_pp0_iter3            |   1|   0|    1|          0|
    |ap_enable_reg_pp0_iter30           |   1|   0|    1|          0|
    |ap_enable_reg_pp0_iter31           |   1|   0|    1|          0|
    |ap_enable_reg_pp0_iter32           |   1|   0|    1|          0|
    |ap_enable_reg_pp0_iter33           |   1|   0|    1|          0|
    |ap_enable_reg_pp0_iter34           |   1|   0|    1|          0|
    |ap_enable_reg_pp0_iter35           |   1|   0|    1|          0|
    |ap_enable_reg_pp0_iter36           |   1|   0|    1|          0|
    |ap_enable_reg_pp0_iter37           |   1|   0|    1|          0|
    |ap_enable_reg_pp0_iter38           |   1|   0|    1|          0|
    |ap_enable_reg_pp0_iter39           |   1|   0|    1|          0|
    |ap_enable_reg_pp0_iter4            |   1|   0|    1|          0|
    |ap_enable_reg_pp0_iter40           |   1|   0|    1|          0|
    |ap_enable_reg_pp0_iter41           |   1|   0|    1|          0|
    |ap_enable_reg_pp0_iter42           |   1|   0|    1|          0|
    |ap_enable_reg_pp0_iter5            |   1|   0|    1|          0|
    |ap_enable_reg_pp0_iter6            |   1|   0|    1|          0|
    |ap_enable_reg_pp0_iter7            |   1|   0|    1|          0|
    |ap_enable_reg_pp0_iter8            |   1|   0|    1|          0|
    |ap_enable_reg_pp0_iter9            |   1|   0|    1|          0|
    |ap_loop_exit_ready_pp0_iter10_reg  |   1|   0|    1|          0|
    |ap_loop_exit_ready_pp0_iter11_reg  |   1|   0|    1|          0|
    |ap_loop_exit_ready_pp0_iter12_reg  |   1|   0|    1|          0|
    |ap_loop_exit_ready_pp0_iter13_reg  |   1|   0|    1|          0|
    |ap_loop_exit_ready_pp0_iter14_reg  |   1|   0|    1|          0|
    |ap_loop_exit_ready_pp0_iter15_reg  |   1|   0|    1|          0|
    |ap_loop_exit_ready_pp0_iter16_reg  |   1|   0|    1|          0|
    |ap_loop_exit_ready_pp0_iter17_reg  |   1|   0|    1|          0|
    |ap_loop_exit_ready_pp0_iter18_reg  |   1|   0|    1|          0|
    |ap_loop_exit_ready_pp0_iter19_reg  |   1|   0|    1|          0|
    |ap_loop_exit_ready_pp0_iter1_reg   |   1|   0|    1|          0|
    |ap_loop_exit_ready_pp0_iter20_reg  |   1|   0|    1|          0|
    |ap_loop_exit_ready_pp0_iter21_reg  |   1|   0|    1|          0|
    |ap_loop_exit_ready_pp0_iter22_reg  |   1|   0|    1|          0|
    |ap_loop_exit_ready_pp0_iter23_reg  |   1|   0|    1|          0|
    |ap_loop_exit_ready_pp0_iter24_reg  |   1|   0|    1|          0|
    |ap_loop_exit_ready_pp0_iter25_reg  |   1|   0|    1|          0|
    |ap_loop_exit_ready_pp0_iter26_reg  |   1|   0|    1|          0|
    |ap_loop_exit_ready_pp0_iter27_reg  |   1|   0|    1|          0|
    |ap_loop_exit_ready_pp0_iter28_reg  |   1|   0|    1|          0|
    |ap_loop_exit_ready_pp0_iter29_reg  |   1|   0|    1|          0|
    |ap_loop_exit_ready_pp0_iter2_reg   |   1|   0|    1|          0|
    |ap_loop_exit_ready_pp0_iter30_reg  |   1|   0|    1|          0|
    |ap_loop_exit_ready_pp0_iter31_reg  |   1|   0|    1|          0|
    |ap_loop_exit_ready_pp0_iter32_reg  |   1|   0|    1|          0|
    |ap_loop_exit_ready_pp0_iter33_reg  |   1|   0|    1|          0|
    |ap_loop_exit_ready_pp0_iter34_reg  |   1|   0|    1|          0|
    |ap_loop_exit_ready_pp0_iter35_reg  |   1|   0|    1|          0|
    |ap_loop_exit_ready_pp0_iter36_reg  |   1|   0|    1|          0|
    |ap_loop_exit_ready_pp0_iter37_reg  |   1|   0|    1|          0|
    |ap_loop_exit_ready_pp0_iter38_reg  |   1|   0|    1|          0|
    |ap_loop_exit_ready_pp0_iter39_reg  |   1|   0|    1|          0|
    |ap_loop_exit_ready_pp0_iter3_reg   |   1|   0|    1|          0|
    |ap_loop_exit_ready_pp0_iter40_reg  |   1|   0|    1|          0|
    |ap_loop_exit_ready_pp0_iter41_reg  |   1|   0|    1|          0|
    |ap_loop_exit_ready_pp0_iter4_reg   |   1|   0|    1|          0|
    |ap_loop_exit_ready_pp0_iter5_reg   |   1|   0|    1|          0|
    |ap_loop_exit_ready_pp0_iter6_reg   |   1|   0|    1|          0|
    |ap_loop_exit_ready_pp0_iter7_reg   |   1|   0|    1|          0|
    |ap_loop_exit_ready_pp0_iter8_reg   |   1|   0|    1|          0|
    |ap_loop_exit_ready_pp0_iter9_reg   |   1|   0|    1|          0|
    |j_3_cast22_reg_309                 |   4|   0|   64|         60|
    |j_fu_42                            |   4|   0|    4|          0|
    |key_load_1_reg_359                 |  32|   0|   32|          0|
    |key_load_2_reg_364                 |  32|   0|   32|          0|
    |key_load_3_reg_369                 |  32|   0|   32|          0|
    |key_load_4_reg_374                 |  32|   0|   32|          0|
    |key_load_5_reg_379                 |  32|   0|   32|          0|
    |key_load_6_reg_384                 |  32|   0|   32|          0|
    |key_load_7_reg_389                 |  32|   0|   32|          0|
    |key_load_reg_354                   |  32|   0|   32|          0|
    |sum_3_1_reg_399                    |  32|   0|   32|          0|
    |sum_3_2_reg_404                    |  32|   0|   32|          0|
    |sum_3_3_reg_409                    |  32|   0|   32|          0|
    |sum_3_4_reg_414                    |  32|   0|   32|          0|
    |sum_3_5_reg_419                    |  32|   0|   32|          0|
    |sum_3_6_reg_424                    |  32|   0|   32|          0|
    |sum_3_7_reg_429                    |  32|   0|   32|          0|
    |sum_3_reg_394                      |  32|   0|   32|          0|
    |j_3_cast22_reg_309                 |  64|  32|   64|         60|
    |key_load_1_reg_359                 |  64|  32|   32|          0|
    |key_load_2_reg_364                 |  64|  32|   32|          0|
    |key_load_3_reg_369                 |  64|  32|   32|          0|
    |key_load_4_reg_374                 |  64|  32|   32|          0|
    |key_load_5_reg_379                 |  64|  32|   32|          0|
    |key_load_6_reg_384                 |  64|  32|   32|          0|
    |key_load_7_reg_389                 |  64|  32|   32|          0|
    +-----------------------------------+----+----+-----+-----------+
    |Total                              |1117| 256|  953|        120|
    +-----------------------------------+----+----+-----+-----------+



================================================================
== Interface
================================================================
* Summary: 
+----------------------+-----+-----+------------+-----------------------------------------+--------------+
|       RTL Ports      | Dir | Bits|  Protocol  |              Source Object              |    C Type    |
+----------------------+-----+-----+------------+-----------------------------------------+--------------+
|ap_clk                |   in|    1|  ap_ctrl_hs|  transformer_for_sample_Pipeline_sum_k_j|  return value|
|ap_rst                |   in|    1|  ap_ctrl_hs|  transformer_for_sample_Pipeline_sum_k_j|  return value|
|ap_start              |   in|    1|  ap_ctrl_hs|  transformer_for_sample_Pipeline_sum_k_j|  return value|
|ap_done               |  out|    1|  ap_ctrl_hs|  transformer_for_sample_Pipeline_sum_k_j|  return value|
|ap_idle               |  out|    1|  ap_ctrl_hs|  transformer_for_sample_Pipeline_sum_k_j|  return value|
|ap_ready              |  out|    1|  ap_ctrl_hs|  transformer_for_sample_Pipeline_sum_k_j|  return value|
|grp_fu_2070_p_din0    |  out|   32|  ap_ctrl_hs|  transformer_for_sample_Pipeline_sum_k_j|  return value|
|grp_fu_2070_p_din1    |  out|   32|  ap_ctrl_hs|  transformer_for_sample_Pipeline_sum_k_j|  return value|
|grp_fu_2070_p_opcode  |  out|    2|  ap_ctrl_hs|  transformer_for_sample_Pipeline_sum_k_j|  return value|
|grp_fu_2070_p_dout0   |   in|   32|  ap_ctrl_hs|  transformer_for_sample_Pipeline_sum_k_j|  return value|
|grp_fu_2070_p_ce      |  out|    1|  ap_ctrl_hs|  transformer_for_sample_Pipeline_sum_k_j|  return value|
|grp_fu_2074_p_din0    |  out|   32|  ap_ctrl_hs|  transformer_for_sample_Pipeline_sum_k_j|  return value|
|grp_fu_2074_p_din1    |  out|   32|  ap_ctrl_hs|  transformer_for_sample_Pipeline_sum_k_j|  return value|
|grp_fu_2074_p_opcode  |  out|    2|  ap_ctrl_hs|  transformer_for_sample_Pipeline_sum_k_j|  return value|
|grp_fu_2074_p_dout0   |   in|   32|  ap_ctrl_hs|  transformer_for_sample_Pipeline_sum_k_j|  return value|
|grp_fu_2074_p_ce      |  out|    1|  ap_ctrl_hs|  transformer_for_sample_Pipeline_sum_k_j|  return value|
|grp_fu_2082_p_din0    |  out|   32|  ap_ctrl_hs|  transformer_for_sample_Pipeline_sum_k_j|  return value|
|grp_fu_2082_p_din1    |  out|   32|  ap_ctrl_hs|  transformer_for_sample_Pipeline_sum_k_j|  return value|
|grp_fu_2082_p_opcode  |  out|    2|  ap_ctrl_hs|  transformer_for_sample_Pipeline_sum_k_j|  return value|
|grp_fu_2082_p_dout0   |   in|   32|  ap_ctrl_hs|  transformer_for_sample_Pipeline_sum_k_j|  return value|
|grp_fu_2082_p_ce      |  out|    1|  ap_ctrl_hs|  transformer_for_sample_Pipeline_sum_k_j|  return value|
|grp_fu_2086_p_din0    |  out|   32|  ap_ctrl_hs|  transformer_for_sample_Pipeline_sum_k_j|  return value|
|grp_fu_2086_p_din1    |  out|   32|  ap_ctrl_hs|  transformer_for_sample_Pipeline_sum_k_j|  return value|
|grp_fu_2086_p_opcode  |  out|    2|  ap_ctrl_hs|  transformer_for_sample_Pipeline_sum_k_j|  return value|
|grp_fu_2086_p_dout0   |   in|   32|  ap_ctrl_hs|  transformer_for_sample_Pipeline_sum_k_j|  return value|
|grp_fu_2086_p_ce      |  out|    1|  ap_ctrl_hs|  transformer_for_sample_Pipeline_sum_k_j|  return value|
|grp_fu_2090_p_din0    |  out|   32|  ap_ctrl_hs|  transformer_for_sample_Pipeline_sum_k_j|  return value|
|grp_fu_2090_p_din1    |  out|   32|  ap_ctrl_hs|  transformer_for_sample_Pipeline_sum_k_j|  return value|
|grp_fu_2090_p_opcode  |  out|    2|  ap_ctrl_hs|  transformer_for_sample_Pipeline_sum_k_j|  return value|
|grp_fu_2090_p_dout0   |   in|   32|  ap_ctrl_hs|  transformer_for_sample_Pipeline_sum_k_j|  return value|
|grp_fu_2090_p_ce      |  out|    1|  ap_ctrl_hs|  transformer_for_sample_Pipeline_sum_k_j|  return value|
|grp_fu_2094_p_din0    |  out|   32|  ap_ctrl_hs|  transformer_for_sample_Pipeline_sum_k_j|  return value|
|grp_fu_2094_p_din1    |  out|   32|  ap_ctrl_hs|  transformer_for_sample_Pipeline_sum_k_j|  return value|
|grp_fu_2094_p_opcode  |  out|    2|  ap_ctrl_hs|  transformer_for_sample_Pipeline_sum_k_j|  return value|
|grp_fu_2094_p_dout0   |   in|   32|  ap_ctrl_hs|  transformer_for_sample_Pipeline_sum_k_j|  return value|
|grp_fu_2094_p_ce      |  out|    1|  ap_ctrl_hs|  transformer_for_sample_Pipeline_sum_k_j|  return value|
|grp_fu_2098_p_din0    |  out|   32|  ap_ctrl_hs|  transformer_for_sample_Pipeline_sum_k_j|  return value|
|grp_fu_2098_p_din1    |  out|   32|  ap_ctrl_hs|  transformer_for_sample_Pipeline_sum_k_j|  return value|
|grp_fu_2098_p_opcode  |  out|    2|  ap_ctrl_hs|  transformer_for_sample_Pipeline_sum_k_j|  return value|
|grp_fu_2098_p_dout0   |   in|   32|  ap_ctrl_hs|  transformer_for_sample_Pipeline_sum_k_j|  return value|
|grp_fu_2098_p_ce      |  out|    1|  ap_ctrl_hs|  transformer_for_sample_Pipeline_sum_k_j|  return value|
|grp_fu_2102_p_din0    |  out|   32|  ap_ctrl_hs|  transformer_for_sample_Pipeline_sum_k_j|  return value|
|grp_fu_2102_p_din1    |  out|   32|  ap_ctrl_hs|  transformer_for_sample_Pipeline_sum_k_j|  return value|
|grp_fu_2102_p_opcode  |  out|    2|  ap_ctrl_hs|  transformer_for_sample_Pipeline_sum_k_j|  return value|
|grp_fu_2102_p_dout0   |   in|   32|  ap_ctrl_hs|  transformer_for_sample_Pipeline_sum_k_j|  return value|
|grp_fu_2102_p_ce      |  out|    1|  ap_ctrl_hs|  transformer_for_sample_Pipeline_sum_k_j|  return value|
|key_address0          |  out|    6|   ap_memory|                                      key|         array|
|key_ce0               |  out|    1|   ap_memory|                                      key|         array|
|key_q0                |   in|   32|   ap_memory|                                      key|         array|
|key_address1          |  out|    6|   ap_memory|                                      key|         array|
|key_ce1               |  out|    1|   ap_memory|                                      key|         array|
|key_q1                |   in|   32|   ap_memory|                                      key|         array|
|key_address2          |  out|    6|   ap_memory|                                      key|         array|
|key_ce2               |  out|    1|   ap_memory|                                      key|         array|
|key_q2                |   in|   32|   ap_memory|                                      key|         array|
|key_address3          |  out|    6|   ap_memory|                                      key|         array|
|key_ce3               |  out|    1|   ap_memory|                                      key|         array|
|key_q3                |   in|   32|   ap_memory|                                      key|         array|
|key_address4          |  out|    6|   ap_memory|                                      key|         array|
|key_ce4               |  out|    1|   ap_memory|                                      key|         array|
|key_q4                |   in|   32|   ap_memory|                                      key|         array|
|key_address5          |  out|    6|   ap_memory|                                      key|         array|
|key_ce5               |  out|    1|   ap_memory|                                      key|         array|
|key_q5                |   in|   32|   ap_memory|                                      key|         array|
|key_address6          |  out|    6|   ap_memory|                                      key|         array|
|key_ce6               |  out|    1|   ap_memory|                                      key|         array|
|key_q6                |   in|   32|   ap_memory|                                      key|         array|
|key_address7          |  out|    6|   ap_memory|                                      key|         array|
|key_ce7               |  out|    1|   ap_memory|                                      key|         array|
|key_q7                |   in|   32|   ap_memory|                                      key|         array|
|sum_k_address0        |  out|    3|   ap_memory|                                    sum_k|         array|
|sum_k_ce0             |  out|    1|   ap_memory|                                    sum_k|         array|
|sum_k_we0             |  out|    1|   ap_memory|                                    sum_k|         array|
|sum_k_d0              |  out|   32|   ap_memory|                                    sum_k|         array|
+----------------------+-----+-----+------------+-----------------------------------------+--------------+

