

================================================================
== Vitis HLS Report for 'transformer_for_sample_Pipeline_qkv_i_qkv_j'
================================================================
* Date:           Tue May 19 20:30:28 2026

* Version:        2022.2 (Build 3670227 on Oct 13 2022)
* Project:        linear_transformer_hls
* Solution:       solution1 (Vivado IP Flow Target)
* Product family: zynq
* Target device:  xc7z020-clg400-1


================================================================
== Performance Estimates
================================================================
+ Timing: 
    * Summary: 
    +--------+----------+----------+------------+
    |  Clock |  Target  | Estimated| Uncertainty|
    +--------+----------+----------+------------+
    |ap_clk  |  10.00 ns|  7.256 ns|     2.70 ns|
    +--------+----------+----------+------------+

+ Latency: 
    * Summary: 
    +---------+---------+----------+----------+-----+-----+---------+
    |  Latency (cycles) |  Latency (absolute) |  Interval | Pipeline|
    |   min   |   max   |    min   |    max   | min | max |   Type  |
    +---------+---------+----------+----------+-----+-----+---------+
    |      121|      121|  1.210 us|  1.210 us|  121|  121|       no|
    +---------+---------+----------+----------+-----+-----+---------+

    + Detail: 
        * Instance: 
        N/A

        * Loop: 
        +---------------+---------+---------+----------+-----------+-----------+------+----------+
        |               |  Latency (cycles) | Iteration|  Initiation Interval  | Trip |          |
        |   Loop Name   |   min   |   max   |  Latency |  achieved |   target  | Count| Pipelined|
        +---------------+---------+---------+----------+-----------+-----------+------+----------+
        |- qkv_i_qkv_j  |      119|      119|        57|          1|          1|    64|       yes|
        +---------------+---------+---------+----------+-----------+-----------+------+----------+



================================================================
== Utilization Estimates
================================================================
* Summary: 
+-----------------+---------+-----+--------+-------+-----+
|       Name      | BRAM_18K| DSP |   FF   |  LUT  | URAM|
+-----------------+---------+-----+--------+-------+-----+
|DSP              |        -|    -|       -|      -|    -|
|Expression       |        -|    -|       0|    256|    -|
|FIFO             |        -|    -|       -|      -|    -|
|Instance         |        -|   48|    3132|   6882|    -|
|Memory           |        0|    -|     768|     96|    -|
|Multiplexer      |        -|    -|       -|     72|    -|
|Register         |        -|    -|    3990|    576|    -|
+-----------------+---------+-----+--------+-------+-----+
|Total            |        0|   48|    7890|   7882|    0|
+-----------------+---------+-----+--------+-------+-----+
|Available        |      280|  220|  106400|  53200|    0|
+-----------------+---------+-----+--------+-------+-----+
|Utilization (%)  |        0|   21|       7|     14|    0|
+-----------------+---------+-----+--------+-------+-----+

+ Detail: 
    * Instance: 
    +-------------------------------------+---------------------------------+---------+----+-----+-----+-----+
    |               Instance              |              Module             | BRAM_18K| DSP|  FF | LUT | URAM|
    +-------------------------------------+---------------------------------+---------+----+-----+-----+-----+
    |fadd_32ns_32ns_32_5_full_dsp_1_U41   |fadd_32ns_32ns_32_5_full_dsp_1   |        0|   2|  205|  390|    0|
    |fadd_32ns_32ns_32_5_full_dsp_1_U42   |fadd_32ns_32ns_32_5_full_dsp_1   |        0|   2|  205|  390|    0|
    |fadd_32ns_32ns_32_5_full_dsp_1_U43   |fadd_32ns_32ns_32_5_full_dsp_1   |        0|   2|  205|  390|    0|
    |fadd_32ns_32ns_32_5_full_dsp_1_U44   |fadd_32ns_32ns_32_5_full_dsp_1   |        0|   2|  205|  390|    0|
    |fadd_32ns_32ns_32_5_full_dsp_1_U45   |fadd_32ns_32ns_32_5_full_dsp_1   |        0|   2|  205|  390|    0|
    |fadd_32ns_32ns_32_5_full_dsp_1_U46   |fadd_32ns_32ns_32_5_full_dsp_1   |        0|   2|  205|  390|    0|
    |fadd_32ns_32ns_32_5_full_dsp_1_U47   |fadd_32ns_32ns_32_5_full_dsp_1   |        0|   2|  205|  390|    0|
    |fadd_32ns_32ns_32_5_full_dsp_1_U48   |fadd_32ns_32ns_32_5_full_dsp_1   |        0|   2|  205|  390|    0|
    |fcmp_32ns_32ns_1_2_no_dsp_1_U74      |fcmp_32ns_32ns_1_2_no_dsp_1      |        0|   0|    0|    0|    0|
    |fexp_32ns_32ns_32_10_full_dsp_1_U75  |fexp_32ns_32ns_32_10_full_dsp_1  |        0|   7|  317|  918|    0|
    |fexp_32ns_32ns_32_10_full_dsp_1_U76  |fexp_32ns_32ns_32_10_full_dsp_1  |        0|   7|  317|  918|    0|
    |fmul_32ns_32ns_32_4_max_dsp_1_U67    |fmul_32ns_32ns_32_4_max_dsp_1    |        0|   3|  143|  321|    0|
    |fmul_32ns_32ns_32_4_max_dsp_1_U68    |fmul_32ns_32ns_32_4_max_dsp_1    |        0|   3|  143|  321|    0|
    |fmul_32ns_32ns_32_4_max_dsp_1_U69    |fmul_32ns_32ns_32_4_max_dsp_1    |        0|   3|  143|  321|    0|
    |fmul_32ns_32ns_32_4_max_dsp_1_U70    |fmul_32ns_32ns_32_4_max_dsp_1    |        0|   3|  143|  321|    0|
    |fmul_32ns_32ns_32_4_max_dsp_1_U71    |fmul_32ns_32ns_32_4_max_dsp_1    |        0|   3|  143|  321|    0|
    |fmul_32ns_32ns_32_4_max_dsp_1_U72    |fmul_32ns_32ns_32_4_max_dsp_1    |        0|   3|  143|  321|    0|
    +-------------------------------------+---------------------------------+---------+----+-----+-----+-----+
    |Total                                |                                 |        0|  48| 3132| 6882|    0|
    +-------------------------------------+---------------------------------+---------+----+-----+-----+-----+

    * DSP: 
    N/A

    * Memory: 
    +-------------------------------------------------------------+----------------------------------------------------------------------------------+---------+----+----+-----+------+-----+------+-------------+
    |                            Memory                           |                                      Module                                      | BRAM_18K| FF | LUT| URAM| Words| Bits| Banks| W*Bits*Banks|
    +-------------------------------------------------------------+----------------------------------------------------------------------------------+---------+----+----+-----+------+-----+------+-------------+
    |TRANSFORMER_ENCODER_LAYERS_0_SELF_ATTN_KEY_MAT_WEIGHT_7_U    |transformer_for_sample_Pipeline_qkv_i_qkv_j_TRANSFORMER_ENCODER_LAYERS_0_SELFAem  |        0|  32|   4|    0|     8|   32|     1|          256|
    |TRANSFORMER_ENCODER_LAYERS_0_SELF_ATTN_VALUE_MAT_WEIGHT_7_U  |transformer_for_sample_Pipeline_qkv_i_qkv_j_TRANSFORMER_ENCODER_LAYERS_0_SELFBew  |        0|  32|   4|    0|     8|   32|     1|          256|
    |TRANSFORMER_ENCODER_LAYERS_0_SELF_ATTN_QUERY_MAT_WEIGHT_0_U  |transformer_for_sample_Pipeline_qkv_i_qkv_j_TRANSFORMER_ENCODER_LAYERS_0_SELFeOg  |        0|  32|   4|    0|     8|   32|     1|          256|
    |TRANSFORMER_ENCODER_LAYERS_0_SELF_ATTN_KEY_MAT_WEIGHT_0_U    |transformer_for_sample_Pipeline_qkv_i_qkv_j_TRANSFORMER_ENCODER_LAYERS_0_SELFfYi  |        0|  32|   4|    0|     8|   32|     1|          256|
    |TRANSFORMER_ENCODER_LAYERS_0_SELF_ATTN_VALUE_MAT_WEIGHT_0_U  |transformer_for_sample_Pipeline_qkv_i_qkv_j_TRANSFORMER_ENCODER_LAYERS_0_SELFg8j  |        0|  32|   4|    0|     8|   32|     1|          256|
    |TRANSFORMER_ENCODER_LAYERS_0_SELF_ATTN_QUERY_MAT_WEIGHT_1_U  |transformer_for_sample_Pipeline_qkv_i_qkv_j_TRANSFORMER_ENCODER_LAYERS_0_SELFhbi  |        0|  32|   4|    0|     8|   32|     1|          256|
    |TRANSFORMER_ENCODER_LAYERS_0_SELF_ATTN_KEY_MAT_WEIGHT_1_U    |transformer_for_sample_Pipeline_qkv_i_qkv_j_TRANSFORMER_ENCODER_LAYERS_0_SELFibs  |        0|  32|   4|    0|     8|   32|     1|          256|
    |TRANSFORMER_ENCODER_LAYERS_0_SELF_ATTN_VALUE_MAT_WEIGHT_1_U  |transformer_for_sample_Pipeline_qkv_i_qkv_j_TRANSFORMER_ENCODER_LAYERS_0_SELFjbC  |        0|  32|   4|    0|     8|   32|     1|          256|
    |TRANSFORMER_ENCODER_LAYERS_0_SELF_ATTN_QUERY_MAT_WEIGHT_2_U  |transformer_for_sample_Pipeline_qkv_i_qkv_j_TRANSFORMER_ENCODER_LAYERS_0_SELFkbM  |        0|  32|   4|    0|     8|   32|     1|          256|
    |TRANSFORMER_ENCODER_LAYERS_0_SELF_ATTN_KEY_MAT_WEIGHT_2_U    |transformer_for_sample_Pipeline_qkv_i_qkv_j_TRANSFORMER_ENCODER_LAYERS_0_SELFlbW  |        0|  32|   4|    0|     8|   32|     1|          256|
    |TRANSFORMER_ENCODER_LAYERS_0_SELF_ATTN_VALUE_MAT_WEIGHT_2_U  |transformer_for_sample_Pipeline_qkv_i_qkv_j_TRANSFORMER_ENCODER_LAYERS_0_SELFmb6  |        0|  32|   4|    0|     8|   32|     1|          256|
    |TRANSFORMER_ENCODER_LAYERS_0_SELF_ATTN_QUERY_MAT_WEIGHT_3_U  |transformer_for_sample_Pipeline_qkv_i_qkv_j_TRANSFORMER_ENCODER_LAYERS_0_SELFncg  |        0|  32|   4|    0|     8|   32|     1|          256|
    |TRANSFORMER_ENCODER_LAYERS_0_SELF_ATTN_KEY_MAT_WEIGHT_3_U    |transformer_for_sample_Pipeline_qkv_i_qkv_j_TRANSFORMER_ENCODER_LAYERS_0_SELFocq  |        0|  32|   4|    0|     8|   32|     1|          256|
    |TRANSFORMER_ENCODER_LAYERS_0_SELF_ATTN_VALUE_MAT_WEIGHT_3_U  |transformer_for_sample_Pipeline_qkv_i_qkv_j_TRANSFORMER_ENCODER_LAYERS_0_SELFpcA  |        0|  32|   4|    0|     8|   32|     1|          256|
    |TRANSFORMER_ENCODER_LAYERS_0_SELF_ATTN_QUERY_MAT_WEIGHT_4_U  |transformer_for_sample_Pipeline_qkv_i_qkv_j_TRANSFORMER_ENCODER_LAYERS_0_SELFqcK  |        0|  32|   4|    0|     8|   32|     1|          256|
    |TRANSFORMER_ENCODER_LAYERS_0_SELF_ATTN_KEY_MAT_WEIGHT_4_U    |transformer_for_sample_Pipeline_qkv_i_qkv_j_TRANSFORMER_ENCODER_LAYERS_0_SELFrcU  |        0|  32|   4|    0|     8|   32|     1|          256|
    |TRANSFORMER_ENCODER_LAYERS_0_SELF_ATTN_VALUE_MAT_WEIGHT_4_U  |transformer_for_sample_Pipeline_qkv_i_qkv_j_TRANSFORMER_ENCODER_LAYERS_0_SELFsc4  |        0|  32|   4|    0|     8|   32|     1|          256|
    |TRANSFORMER_ENCODER_LAYERS_0_SELF_ATTN_QUERY_MAT_WEIGHT_5_U  |transformer_for_sample_Pipeline_qkv_i_qkv_j_TRANSFORMER_ENCODER_LAYERS_0_SELFtde  |        0|  32|   4|    0|     8|   32|     1|          256|
    |TRANSFORMER_ENCODER_LAYERS_0_SELF_ATTN_KEY_MAT_WEIGHT_5_U    |transformer_for_sample_Pipeline_qkv_i_qkv_j_TRANSFORMER_ENCODER_LAYERS_0_SELFudo  |        0|  32|   4|    0|     8|   32|     1|          256|
    |TRANSFORMER_ENCODER_LAYERS_0_SELF_ATTN_VALUE_MAT_WEIGHT_5_U  |transformer_for_sample_Pipeline_qkv_i_qkv_j_TRANSFORMER_ENCODER_LAYERS_0_SELFvdy  |        0|  32|   4|    0|     8|   32|     1|          256|
    |TRANSFORMER_ENCODER_LAYERS_0_SELF_ATTN_QUERY_MAT_WEIGHT_6_U  |transformer_for_sample_Pipeline_qkv_i_qkv_j_TRANSFORMER_ENCODER_LAYERS_0_SELFwdI  |        0|  32|   4|    0|     8|   32|     1|          256|
    |TRANSFORMER_ENCODER_LAYERS_0_SELF_ATTN_KEY_MAT_WEIGHT_6_U    |transformer_for_sample_Pipeline_qkv_i_qkv_j_TRANSFORMER_ENCODER_LAYERS_0_SELFxdS  |        0|  32|   4|    0|     8|   32|     1|          256|
    |TRANSFORMER_ENCODER_LAYERS_0_SELF_ATTN_VALUE_MAT_WEIGHT_6_U  |transformer_for_sample_Pipeline_qkv_i_qkv_j_TRANSFORMER_ENCODER_LAYERS_0_SELFyd2  |        0|  32|   4|    0|     8|   32|     1|          256|
    |TRANSFORMER_ENCODER_LAYERS_0_SELF_ATTN_QUERY_MAT_WEIGHT_7_U  |transformer_for_sample_Pipeline_qkv_i_qkv_j_TRANSFORMER_ENCODER_LAYERS_0_SELFzec  |        0|  32|   4|    0|     8|   32|     1|          256|
    +-------------------------------------------------------------+----------------------------------------------------------------------------------+---------+----+----+-----+------+-----+------+-------------+
    |Total                                                        |                                                                                  |        0| 768|  96|    0|   192|  768|    24|         6144|
    +-------------------------------------------------------------+----------------------------------------------------------------------------------+---------+----+----+-----+------+-----+------+-------------+

    * FIFO: 
    N/A

    * Expression: 
    +-------------------------+----------+----+---+----+------------+------------+
    |      Variable Name      | Operation| DSP| FF| LUT| Bitwidth P0| Bitwidth P1|
    +-------------------------+----------+----+---+----+------------+------------+
    |add_ln67_1_fu_871_p2     |         +|   0|  0|  13|           4|           1|
    |add_ln67_fu_848_p2       |         +|   0|  0|  14|           7|           1|
    |add_ln69_fu_1004_p2      |         +|   0|  0|  13|           4|           1|
    |add_ln82_fu_998_p2       |         +|   0|  0|  14|           6|           6|
    |and_ln80_fu_1091_p2      |       and|   0|  0|   2|           1|           1|
    |and_ln81_fu_1107_p2      |       and|   0|  0|   2|           1|           1|
    |icmp_ln67_fu_842_p2      |      icmp|   0|  0|  11|           7|           8|
    |icmp_ln69_fu_857_p2      |      icmp|   0|  0|   9|           4|           5|
    |icmp_ln80_1_fu_1052_p2   |      icmp|   0|  0|  15|          23|           1|
    |icmp_ln80_fu_1046_p2     |      icmp|   0|  0|  11|           8|           2|
    |icmp_ln81_1_fu_1081_p2   |      icmp|   0|  0|  15|          23|           1|
    |icmp_ln81_fu_1075_p2     |      icmp|   0|  0|  11|           8|           2|
    |or_ln67_1_fu_913_p2      |        or|   0|  0|   6|           6|           2|
    |or_ln67_2_fu_924_p2      |        or|   0|  0|   6|           6|           2|
    |or_ln67_3_fu_935_p2      |        or|   0|  0|   6|           6|           3|
    |or_ln67_4_fu_946_p2      |        or|   0|  0|   6|           6|           3|
    |or_ln67_5_fu_957_p2      |        or|   0|  0|   6|           6|           3|
    |or_ln67_6_fu_968_p2      |        or|   0|  0|   6|           6|           3|
    |or_ln67_fu_902_p2        |        or|   0|  0|   6|           6|           1|
    |or_ln80_fu_1087_p2       |        or|   0|  0|   2|           1|           1|
    |or_ln81_fu_1103_p2       |        or|   0|  0|   2|           1|           1|
    |key_d0                   |    select|   0|  0|  32|           1|          32|
    |query_d0                 |    select|   0|  0|  32|           1|          32|
    |select_ln67_1_fu_889_p3  |    select|   0|  0|   6|           1|           6|
    |select_ln67_2_fu_979_p3  |    select|   0|  0|   4|           1|           4|
    |select_ln67_fu_863_p3    |    select|   0|  0|   4|           1|           1|
    |ap_enable_pp0            |       xor|   0|  0|   2|           1|           2|
    +-------------------------+----------+----+---+----+------------+------------+
    |Total                    |          |   0|  0| 256|         146|         126|
    +-------------------------+----------+----+---+----+------------+------------+

    * Multiplexer: 
    +----------------------------------------+----+-----------+-----+-----------+
    |                  Name                  | LUT| Input Size| Bits| Total Bits|
    +----------------------------------------+----+-----------+-----+-----------+
    |ap_done_int                             |   9|          2|    1|          2|
    |ap_enable_reg_pp0_iter1                 |   9|          2|    1|          2|
    |ap_sig_allocacmp_i_1                    |   9|          2|    4|          8|
    |ap_sig_allocacmp_indvar_flatten19_load  |   9|          2|    7|         14|
    |ap_sig_allocacmp_j_1_load               |   9|          2|    4|          8|
    |i_fu_128                                |   9|          2|    4|          8|
    |indvar_flatten19_fu_132                 |   9|          2|    7|         14|
    |j_1_fu_124                              |   9|          2|    4|          8|
    +----------------------------------------+----+-----------+-----+-----------+
    |Total                                   |  72|         16|   32|         64|
    +----------------------------------------+----+-----------+-----+-----------+

    * Register: 
    +-------------------------------------------------------------------------+----+----+-----+-----------+
    |                                   Name                                  | FF | LUT| Bits| Const Bits|
    +-------------------------------------------------------------------------+----+----+-----+-----------+
    |TRANSFORMER_ENCODER_LAYERS_0_SELF_ATTN_KEY_MAT_WEIGHT_0_load_reg_1290    |  32|   0|   32|          0|
    |TRANSFORMER_ENCODER_LAYERS_0_SELF_ATTN_KEY_MAT_WEIGHT_1_load_reg_1335    |  32|   0|   32|          0|
    |TRANSFORMER_ENCODER_LAYERS_0_SELF_ATTN_KEY_MAT_WEIGHT_2_load_reg_1395    |  32|   0|   32|          0|
    |TRANSFORMER_ENCODER_LAYERS_0_SELF_ATTN_KEY_MAT_WEIGHT_3_load_reg_1455    |  32|   0|   32|          0|
    |TRANSFORMER_ENCODER_LAYERS_0_SELF_ATTN_KEY_MAT_WEIGHT_4_load_reg_1515    |  32|   0|   32|          0|
    |TRANSFORMER_ENCODER_LAYERS_0_SELF_ATTN_KEY_MAT_WEIGHT_5_load_reg_1575    |  32|   0|   32|          0|
    |TRANSFORMER_ENCODER_LAYERS_0_SELF_ATTN_KEY_MAT_WEIGHT_6_load_reg_1635    |  32|   0|   32|          0|
    |TRANSFORMER_ENCODER_LAYERS_0_SELF_ATTN_KEY_MAT_WEIGHT_7_load_reg_1695    |  32|   0|   32|          0|
    |TRANSFORMER_ENCODER_LAYERS_0_SELF_ATTN_QUERY_MAT_WEIGHT_0_load_reg_1285  |  32|   0|   32|          0|
    |TRANSFORMER_ENCODER_LAYERS_0_SELF_ATTN_QUERY_MAT_WEIGHT_1_load_reg_1330  |  32|   0|   32|          0|
    |TRANSFORMER_ENCODER_LAYERS_0_SELF_ATTN_QUERY_MAT_WEIGHT_2_load_reg_1390  |  32|   0|   32|          0|
    |TRANSFORMER_ENCODER_LAYERS_0_SELF_ATTN_QUERY_MAT_WEIGHT_3_load_reg_1450  |  32|   0|   32|          0|
    |TRANSFORMER_ENCODER_LAYERS_0_SELF_ATTN_QUERY_MAT_WEIGHT_4_load_reg_1510  |  32|   0|   32|          0|
    |TRANSFORMER_ENCODER_LAYERS_0_SELF_ATTN_QUERY_MAT_WEIGHT_5_load_reg_1570  |  32|   0|   32|          0|
    |TRANSFORMER_ENCODER_LAYERS_0_SELF_ATTN_QUERY_MAT_WEIGHT_6_load_reg_1630  |  32|   0|   32|          0|
    |TRANSFORMER_ENCODER_LAYERS_0_SELF_ATTN_QUERY_MAT_WEIGHT_7_load_reg_1690  |  32|   0|   32|          0|
    |TRANSFORMER_ENCODER_LAYERS_0_SELF_ATTN_VALUE_MAT_WEIGHT_0_load_reg_1295  |  32|   0|   32|          0|
    |TRANSFORMER_ENCODER_LAYERS_0_SELF_ATTN_VALUE_MAT_WEIGHT_1_load_reg_1340  |  32|   0|   32|          0|
    |TRANSFORMER_ENCODER_LAYERS_0_SELF_ATTN_VALUE_MAT_WEIGHT_2_load_reg_1400  |  32|   0|   32|          0|
    |TRANSFORMER_ENCODER_LAYERS_0_SELF_ATTN_VALUE_MAT_WEIGHT_3_load_reg_1460  |  32|   0|   32|          0|
    |TRANSFORMER_ENCODER_LAYERS_0_SELF_ATTN_VALUE_MAT_WEIGHT_4_load_reg_1520  |  32|   0|   32|          0|
    |TRANSFORMER_ENCODER_LAYERS_0_SELF_ATTN_VALUE_MAT_WEIGHT_5_load_reg_1580  |  32|   0|   32|          0|
    |TRANSFORMER_ENCODER_LAYERS_0_SELF_ATTN_VALUE_MAT_WEIGHT_6_load_reg_1640  |  32|   0|   32|          0|
    |TRANSFORMER_ENCODER_LAYERS_0_SELF_ATTN_VALUE_MAT_WEIGHT_7_load_reg_1700  |  32|   0|   32|          0|
    |add2_reg_1797                                                            |  32|   0|   32|          0|
    |add3_reg_1807                                                            |  32|   0|   32|          0|
    |add_ln82_reg_1224                                                        |   6|   0|    6|          0|
    |ap_CS_fsm                                                                |   1|   0|    1|          0|
    |ap_done_reg                                                              |   1|   0|    1|          0|
    |ap_enable_reg_pp0_iter1                                                  |   1|   0|    1|          0|
    |ap_enable_reg_pp0_iter10                                                 |   1|   0|    1|          0|
    |ap_enable_reg_pp0_iter11                                                 |   1|   0|    1|          0|
    |ap_enable_reg_pp0_iter12                                                 |   1|   0|    1|          0|
    |ap_enable_reg_pp0_iter13                                                 |   1|   0|    1|          0|
    |ap_enable_reg_pp0_iter14                                                 |   1|   0|    1|          0|
    |ap_enable_reg_pp0_iter15                                                 |   1|   0|    1|          0|
    |ap_enable_reg_pp0_iter16                                                 |   1|   0|    1|          0|
    |ap_enable_reg_pp0_iter17                                                 |   1|   0|    1|          0|
    |ap_enable_reg_pp0_iter18                                                 |   1|   0|    1|          0|
    |ap_enable_reg_pp0_iter19                                                 |   1|   0|    1|          0|
    |ap_enable_reg_pp0_iter2                                                  |   1|   0|    1|          0|
    |ap_enable_reg_pp0_iter20                                                 |   1|   0|    1|          0|
    |ap_enable_reg_pp0_iter21                                                 |   1|   0|    1|          0|
    |ap_enable_reg_pp0_iter22                                                 |   1|   0|    1|          0|
    |ap_enable_reg_pp0_iter23                                                 |   1|   0|    1|          0|
    |ap_enable_reg_pp0_iter24                                                 |   1|   0|    1|          0|
    |ap_enable_reg_pp0_iter25                                                 |   1|   0|    1|          0|
    |ap_enable_reg_pp0_iter26                                                 |   1|   0|    1|          0|
    |ap_enable_reg_pp0_iter27                                                 |   1|   0|    1|          0|
    |ap_enable_reg_pp0_iter28                                                 |   1|   0|    1|          0|
    |ap_enable_reg_pp0_iter29                                                 |   1|   0|    1|          0|
    |ap_enable_reg_pp0_iter3                                                  |   1|   0|    1|          0|
    |ap_enable_reg_pp0_iter30                                                 |   1|   0|    1|          0|
    |ap_enable_reg_pp0_iter31                                                 |   1|   0|    1|          0|
    |ap_enable_reg_pp0_iter32                                                 |   1|   0|    1|          0|
    |ap_enable_reg_pp0_iter33                                                 |   1|   0|    1|          0|
    |ap_enable_reg_pp0_iter34                                                 |   1|   0|    1|          0|
    |ap_enable_reg_pp0_iter35                                                 |   1|   0|    1|          0|
    |ap_enable_reg_pp0_iter36                                                 |   1|   0|    1|          0|
    |ap_enable_reg_pp0_iter37                                                 |   1|   0|    1|          0|
    |ap_enable_reg_pp0_iter38                                                 |   1|   0|    1|          0|
    |ap_enable_reg_pp0_iter39                                                 |   1|   0|    1|          0|
    |ap_enable_reg_pp0_iter4                                                  |   1|   0|    1|          0|
    |ap_enable_reg_pp0_iter40                                                 |   1|   0|    1|          0|
    |ap_enable_reg_pp0_iter41                                                 |   1|   0|    1|          0|
    |ap_enable_reg_pp0_iter42                                                 |   1|   0|    1|          0|
    |ap_enable_reg_pp0_iter43                                                 |   1|   0|    1|          0|
    |ap_enable_reg_pp0_iter44                                                 |   1|   0|    1|          0|
    |ap_enable_reg_pp0_iter45                                                 |   1|   0|    1|          0|
    |ap_enable_reg_pp0_iter46                                                 |   1|   0|    1|          0|
    |ap_enable_reg_pp0_iter47                                                 |   1|   0|    1|          0|
    |ap_enable_reg_pp0_iter48                                                 |   1|   0|    1|          0|
    |ap_enable_reg_pp0_iter49                                                 |   1|   0|    1|          0|
    |ap_enable_reg_pp0_iter5                                                  |   1|   0|    1|          0|
    |ap_enable_reg_pp0_iter50                                                 |   1|   0|    1|          0|
    |ap_enable_reg_pp0_iter51                                                 |   1|   0|    1|          0|
    |ap_enable_reg_pp0_iter52                                                 |   1|   0|    1|          0|
    |ap_enable_reg_pp0_iter53                                                 |   1|   0|    1|          0|
    |ap_enable_reg_pp0_iter54                                                 |   1|   0|    1|          0|
    |ap_enable_reg_pp0_iter55                                                 |   1|   0|    1|          0|
    |ap_enable_reg_pp0_iter56                                                 |   1|   0|    1|          0|
    |ap_enable_reg_pp0_iter6                                                  |   1|   0|    1|          0|
    |ap_enable_reg_pp0_iter7                                                  |   1|   0|    1|          0|
    |ap_enable_reg_pp0_iter8                                                  |   1|   0|    1|          0|
    |ap_enable_reg_pp0_iter9                                                  |   1|   0|    1|          0|
    |ap_loop_exit_ready_pp0_iter10_reg                                        |   1|   0|    1|          0|
    |ap_loop_exit_ready_pp0_iter11_reg                                        |   1|   0|    1|          0|
    |ap_loop_exit_ready_pp0_iter12_reg                                        |   1|   0|    1|          0|
    |ap_loop_exit_ready_pp0_iter13_reg                                        |   1|   0|    1|          0|
    |ap_loop_exit_ready_pp0_iter14_reg                                        |   1|   0|    1|          0|
    |ap_loop_exit_ready_pp0_iter15_reg                                        |   1|   0|    1|          0|
    |ap_loop_exit_ready_pp0_iter16_reg                                        |   1|   0|    1|          0|
    |ap_loop_exit_ready_pp0_iter17_reg                                        |   1|   0|    1|          0|
    |ap_loop_exit_ready_pp0_iter18_reg                                        |   1|   0|    1|          0|
    |ap_loop_exit_ready_pp0_iter19_reg                                        |   1|   0|    1|          0|
    |ap_loop_exit_ready_pp0_iter1_reg                                         |   1|   0|    1|          0|
    |ap_loop_exit_ready_pp0_iter20_reg                                        |   1|   0|    1|          0|
    |ap_loop_exit_ready_pp0_iter21_reg                                        |   1|   0|    1|          0|
    |ap_loop_exit_ready_pp0_iter22_reg                                        |   1|   0|    1|          0|
    |ap_loop_exit_ready_pp0_iter23_reg                                        |   1|   0|    1|          0|
    |ap_loop_exit_ready_pp0_iter24_reg                                        |   1|   0|    1|          0|
    |ap_loop_exit_ready_pp0_iter25_reg                                        |   1|   0|    1|          0|
    |ap_loop_exit_ready_pp0_iter26_reg                                        |   1|   0|    1|          0|
    |ap_loop_exit_ready_pp0_iter27_reg                                        |   1|   0|    1|          0|
    |ap_loop_exit_ready_pp0_iter28_reg                                        |   1|   0|    1|          0|
    |ap_loop_exit_ready_pp0_iter29_reg                                        |   1|   0|    1|          0|
    |ap_loop_exit_ready_pp0_iter2_reg                                         |   1|   0|    1|          0|
    |ap_loop_exit_ready_pp0_iter30_reg                                        |   1|   0|    1|          0|
    |ap_loop_exit_ready_pp0_iter31_reg                                        |   1|   0|    1|          0|
    |ap_loop_exit_ready_pp0_iter32_reg                                        |   1|   0|    1|          0|
    |ap_loop_exit_ready_pp0_iter33_reg                                        |   1|   0|    1|          0|
    |ap_loop_exit_ready_pp0_iter34_reg                                        |   1|   0|    1|          0|
    |ap_loop_exit_ready_pp0_iter35_reg                                        |   1|   0|    1|          0|
    |ap_loop_exit_ready_pp0_iter36_reg                                        |   1|   0|    1|          0|
    |ap_loop_exit_ready_pp0_iter37_reg                                        |   1|   0|    1|          0|
    |ap_loop_exit_ready_pp0_iter38_reg                                        |   1|   0|    1|          0|
    |ap_loop_exit_ready_pp0_iter39_reg                                        |   1|   0|    1|          0|
    |ap_loop_exit_ready_pp0_iter3_reg                                         |   1|   0|    1|          0|
    |ap_loop_exit_ready_pp0_iter40_reg                                        |   1|   0|    1|          0|
    |ap_loop_exit_ready_pp0_iter41_reg                                        |   1|   0|    1|          0|
    |ap_loop_exit_ready_pp0_iter42_reg                                        |   1|   0|    1|          0|
    |ap_loop_exit_ready_pp0_iter43_reg                                        |   1|   0|    1|          0|
    |ap_loop_exit_ready_pp0_iter44_reg                                        |   1|   0|    1|          0|
    |ap_loop_exit_ready_pp0_iter45_reg                                        |   1|   0|    1|          0|
    |ap_loop_exit_ready_pp0_iter46_reg                                        |   1|   0|    1|          0|
    |ap_loop_exit_ready_pp0_iter47_reg                                        |   1|   0|    1|          0|
    |ap_loop_exit_ready_pp0_iter48_reg                                        |   1|   0|    1|          0|
    |ap_loop_exit_ready_pp0_iter49_reg                                        |   1|   0|    1|          0|
    |ap_loop_exit_ready_pp0_iter4_reg                                         |   1|   0|    1|          0|
    |ap_loop_exit_ready_pp0_iter50_reg                                        |   1|   0|    1|          0|
    |ap_loop_exit_ready_pp0_iter51_reg                                        |   1|   0|    1|          0|
    |ap_loop_exit_ready_pp0_iter52_reg                                        |   1|   0|    1|          0|
    |ap_loop_exit_ready_pp0_iter53_reg                                        |   1|   0|    1|          0|
    |ap_loop_exit_ready_pp0_iter54_reg                                        |   1|   0|    1|          0|
    |ap_loop_exit_ready_pp0_iter55_reg                                        |   1|   0|    1|          0|
    |ap_loop_exit_ready_pp0_iter5_reg                                         |   1|   0|    1|          0|
    |ap_loop_exit_ready_pp0_iter6_reg                                         |   1|   0|    1|          0|
    |ap_loop_exit_ready_pp0_iter7_reg                                         |   1|   0|    1|          0|
    |ap_loop_exit_ready_pp0_iter8_reg                                         |   1|   0|    1|          0|
    |ap_loop_exit_ready_pp0_iter9_reg                                         |   1|   0|    1|          0|
    |front_load_1_reg_1236                                                    |  32|   0|   32|          0|
    |front_load_2_reg_1243                                                    |  32|   0|   32|          0|
    |front_load_3_reg_1250                                                    |  32|   0|   32|          0|
    |front_load_4_reg_1257                                                    |  32|   0|   32|          0|
    |front_load_5_reg_1264                                                    |  32|   0|   32|          0|
    |front_load_6_reg_1271                                                    |  32|   0|   32|          0|
    |front_load_7_reg_1278                                                    |  32|   0|   32|          0|
    |front_load_reg_1229                                                      |  32|   0|   32|          0|
    |i_fu_128                                                                 |   4|   0|    4|          0|
    |icmp_ln80_1_reg_1767                                                     |   1|   0|    1|          0|
    |icmp_ln80_reg_1762                                                       |   1|   0|    1|          0|
    |icmp_ln81_1_reg_1777                                                     |   1|   0|    1|          0|
    |icmp_ln81_reg_1772                                                       |   1|   0|    1|          0|
    |indvar_flatten19_fu_132                                                  |   7|   0|    7|          0|
    |j_1_cast21_reg_1184                                                      |   4|   0|   64|         60|
    |j_1_fu_124                                                               |   4|   0|    4|          0|
    |k_sum_2_1_reg_1410                                                       |  32|   0|   32|          0|
    |k_sum_2_2_reg_1470                                                       |  32|   0|   32|          0|
    |k_sum_2_3_reg_1530                                                       |  32|   0|   32|          0|
    |k_sum_2_4_reg_1590                                                       |  32|   0|   32|          0|
    |k_sum_2_5_reg_1650                                                       |  32|   0|   32|          0|
    |k_sum_2_6_reg_1710                                                       |  32|   0|   32|          0|
    |k_sum_2_7_reg_1743                                                       |  32|   0|   32|          0|
    |k_sum_2_reg_1350                                                         |  32|   0|   32|          0|
    |mul1_1_reg_1360                                                          |  32|   0|   32|          0|
    |mul1_2_reg_1420                                                          |  32|   0|   32|          0|
    |mul1_3_reg_1480                                                          |  32|   0|   32|          0|
    |mul1_4_reg_1540                                                          |  32|   0|   32|          0|
    |mul1_5_reg_1600                                                          |  32|   0|   32|          0|
    |mul1_6_reg_1660                                                          |  32|   0|   32|          0|
    |mul1_7_reg_1720                                                          |  32|   0|   32|          0|
    |mul1_reg_1300                                                            |  32|   0|   32|          0|
    |mul2_1_reg_1365                                                          |  32|   0|   32|          0|
    |mul2_2_reg_1425                                                          |  32|   0|   32|          0|
    |mul2_3_reg_1485                                                          |  32|   0|   32|          0|
    |mul2_4_reg_1545                                                          |  32|   0|   32|          0|
    |mul2_5_reg_1605                                                          |  32|   0|   32|          0|
    |mul2_6_reg_1665                                                          |  32|   0|   32|          0|
    |mul2_7_reg_1725                                                          |  32|   0|   32|          0|
    |mul2_reg_1305                                                            |  32|   0|   32|          0|
    |mul3_1_reg_1370                                                          |  32|   0|   32|          0|
    |mul3_2_reg_1430                                                          |  32|   0|   32|          0|
    |mul3_3_reg_1490                                                          |  32|   0|   32|          0|
    |mul3_4_reg_1550                                                          |  32|   0|   32|          0|
    |mul3_5_reg_1610                                                          |  32|   0|   32|          0|
    |mul3_6_reg_1670                                                          |  32|   0|   32|          0|
    |mul3_7_reg_1730                                                          |  32|   0|   32|          0|
    |mul3_reg_1310                                                            |  32|   0|   32|          0|
    |q_sum_2_1_reg_1405                                                       |  32|   0|   32|          0|
    |q_sum_2_2_reg_1465                                                       |  32|   0|   32|          0|
    |q_sum_2_3_reg_1525                                                       |  32|   0|   32|          0|
    |q_sum_2_4_reg_1585                                                       |  32|   0|   32|          0|
    |q_sum_2_5_reg_1645                                                       |  32|   0|   32|          0|
    |q_sum_2_6_reg_1705                                                       |  32|   0|   32|          0|
    |q_sum_2_7_reg_1735                                                       |  32|   0|   32|          0|
    |q_sum_2_reg_1345                                                         |  32|   0|   32|          0|
    |tmp_1_reg_1802                                                           |  32|   0|   32|          0|
    |tmp_3_reg_1782                                                           |   1|   0|    1|          0|
    |tmp_5_reg_1787                                                           |   1|   0|    1|          0|
    |tmp_reg_1792                                                             |  32|   0|   32|          0|
    |v_sum_1_1_reg_1415                                                       |  32|   0|   32|          0|
    |v_sum_1_2_reg_1475                                                       |  32|   0|   32|          0|
    |v_sum_1_3_reg_1535                                                       |  32|   0|   32|          0|
    |v_sum_1_4_reg_1595                                                       |  32|   0|   32|          0|
    |v_sum_1_5_reg_1655                                                       |  32|   0|   32|          0|
    |v_sum_1_6_reg_1715                                                       |  32|   0|   32|          0|
    |v_sum_1_7_reg_1751                                                       |  32|   0|   32|          0|
    |v_sum_1_reg_1355                                                         |  32|   0|   32|          0|
    |zext_ln82_reg_1756                                                       |   6|   0|   64|         58|
    |add_ln82_reg_1224                                                        |  64|  32|    6|          0|
    |front_load_1_reg_1236                                                    |  64|  32|   32|          0|
    |front_load_2_reg_1243                                                    |  64|  32|   32|          0|
    |front_load_3_reg_1250                                                    |  64|  32|   32|          0|
    |front_load_4_reg_1257                                                    |  64|  32|   32|          0|
    |front_load_5_reg_1264                                                    |  64|  32|   32|          0|
    |front_load_6_reg_1271                                                    |  64|  32|   32|          0|
    |front_load_7_reg_1278                                                    |  64|  32|   32|          0|
    |icmp_ln80_1_reg_1767                                                     |  64|  32|    1|          0|
    |icmp_ln80_reg_1762                                                       |  64|  32|    1|          0|
    |icmp_ln81_1_reg_1777                                                     |  64|  32|    1|          0|
    |icmp_ln81_reg_1772                                                       |  64|  32|    1|          0|
    |j_1_cast21_reg_1184                                                      |  64|  32|   64|         60|
    |k_sum_2_7_reg_1743                                                       |  64|  32|   32|          0|
    |q_sum_2_7_reg_1735                                                       |  64|  32|   32|          0|
    |tmp_3_reg_1782                                                           |  64|  32|    1|          0|
    |tmp_5_reg_1787                                                           |  64|  32|    1|          0|
    |zext_ln82_reg_1756                                                       |  64|  32|   64|         58|
    +-------------------------------------------------------------------------+----+----+-----+-----------+
    |Total                                                                    |3990| 576| 3384|        236|
    +-------------------------------------------------------------------------+----+----+-----+-----------+



================================================================
== Interface
================================================================
* Summary: 
+----------------------+-----+-----+------------+---------------------------------------------+--------------+
|       RTL Ports      | Dir | Bits|  Protocol  |                Source Object                |    C Type    |
+----------------------+-----+-----+------------+---------------------------------------------+--------------+
|ap_clk                |   in|    1|  ap_ctrl_hs|  transformer_for_sample_Pipeline_qkv_i_qkv_j|  return value|
|ap_rst                |   in|    1|  ap_ctrl_hs|  transformer_for_sample_Pipeline_qkv_i_qkv_j|  return value|
|ap_start              |   in|    1|  ap_ctrl_hs|  transformer_for_sample_Pipeline_qkv_i_qkv_j|  return value|
|ap_done               |  out|    1|  ap_ctrl_hs|  transformer_for_sample_Pipeline_qkv_i_qkv_j|  return value|
|ap_idle               |  out|    1|  ap_ctrl_hs|  transformer_for_sample_Pipeline_qkv_i_qkv_j|  return value|
|ap_ready              |  out|    1|  ap_ctrl_hs|  transformer_for_sample_Pipeline_qkv_i_qkv_j|  return value|
|grp_fu_2070_p_din0    |  out|   32|  ap_ctrl_hs|  transformer_for_sample_Pipeline_qkv_i_qkv_j|  return value|
|grp_fu_2070_p_din1    |  out|   32|  ap_ctrl_hs|  transformer_for_sample_Pipeline_qkv_i_qkv_j|  return value|
|grp_fu_2070_p_opcode  |  out|    2|  ap_ctrl_hs|  transformer_for_sample_Pipeline_qkv_i_qkv_j|  return value|
|grp_fu_2070_p_dout0   |   in|   32|  ap_ctrl_hs|  transformer_for_sample_Pipeline_qkv_i_qkv_j|  return value|
|grp_fu_2070_p_ce      |  out|    1|  ap_ctrl_hs|  transformer_for_sample_Pipeline_qkv_i_qkv_j|  return value|
|grp_fu_2074_p_din0    |  out|   32|  ap_ctrl_hs|  transformer_for_sample_Pipeline_qkv_i_qkv_j|  return value|
|grp_fu_2074_p_din1    |  out|   32|  ap_ctrl_hs|  transformer_for_sample_Pipeline_qkv_i_qkv_j|  return value|
|grp_fu_2074_p_opcode  |  out|    2|  ap_ctrl_hs|  transformer_for_sample_Pipeline_qkv_i_qkv_j|  return value|
|grp_fu_2074_p_dout0   |   in|   32|  ap_ctrl_hs|  transformer_for_sample_Pipeline_qkv_i_qkv_j|  return value|
|grp_fu_2074_p_ce      |  out|    1|  ap_ctrl_hs|  transformer_for_sample_Pipeline_qkv_i_qkv_j|  return value|
|grp_fu_2082_p_din0    |  out|   32|  ap_ctrl_hs|  transformer_for_sample_Pipeline_qkv_i_qkv_j|  return value|
|grp_fu_2082_p_din1    |  out|   32|  ap_ctrl_hs|  transformer_for_sample_Pipeline_qkv_i_qkv_j|  return value|
|grp_fu_2082_p_opcode  |  out|    2|  ap_ctrl_hs|  transformer_for_sample_Pipeline_qkv_i_qkv_j|  return value|
|grp_fu_2082_p_dout0   |   in|   32|  ap_ctrl_hs|  transformer_for_sample_Pipeline_qkv_i_qkv_j|  return value|
|grp_fu_2082_p_ce      |  out|    1|  ap_ctrl_hs|  transformer_for_sample_Pipeline_qkv_i_qkv_j|  return value|
|grp_fu_2086_p_din0    |  out|   32|  ap_ctrl_hs|  transformer_for_sample_Pipeline_qkv_i_qkv_j|  return value|
|grp_fu_2086_p_din1    |  out|   32|  ap_ctrl_hs|  transformer_for_sample_Pipeline_qkv_i_qkv_j|  return value|
|grp_fu_2086_p_opcode  |  out|    2|  ap_ctrl_hs|  transformer_for_sample_Pipeline_qkv_i_qkv_j|  return value|
|grp_fu_2086_p_dout0   |   in|   32|  ap_ctrl_hs|  transformer_for_sample_Pipeline_qkv_i_qkv_j|  return value|
|grp_fu_2086_p_ce      |  out|    1|  ap_ctrl_hs|  transformer_for_sample_Pipeline_qkv_i_qkv_j|  return value|
|grp_fu_2090_p_din0    |  out|   32|  ap_ctrl_hs|  transformer_for_sample_Pipeline_qkv_i_qkv_j|  return value|
|grp_fu_2090_p_din1    |  out|   32|  ap_ctrl_hs|  transformer_for_sample_Pipeline_qkv_i_qkv_j|  return value|
|grp_fu_2090_p_opcode  |  out|    2|  ap_ctrl_hs|  transformer_for_sample_Pipeline_qkv_i_qkv_j|  return value|
|grp_fu_2090_p_dout0   |   in|   32|  ap_ctrl_hs|  transformer_for_sample_Pipeline_qkv_i_qkv_j|  return value|
|grp_fu_2090_p_ce      |  out|    1|  ap_ctrl_hs|  transformer_for_sample_Pipeline_qkv_i_qkv_j|  return value|
|grp_fu_2094_p_din0    |  out|   32|  ap_ctrl_hs|  transformer_for_sample_Pipeline_qkv_i_qkv_j|  return value|
|grp_fu_2094_p_din1    |  out|   32|  ap_ctrl_hs|  transformer_for_sample_Pipeline_qkv_i_qkv_j|  return value|
|grp_fu_2094_p_opcode  |  out|    2|  ap_ctrl_hs|  transformer_for_sample_Pipeline_qkv_i_qkv_j|  return value|
|grp_fu_2094_p_dout0   |   in|   32|  ap_ctrl_hs|  transformer_for_sample_Pipeline_qkv_i_qkv_j|  return value|
|grp_fu_2094_p_ce      |  out|    1|  ap_ctrl_hs|  transformer_for_sample_Pipeline_qkv_i_qkv_j|  return value|
|grp_fu_2098_p_din0    |  out|   32|  ap_ctrl_hs|  transformer_for_sample_Pipeline_qkv_i_qkv_j|  return value|
|grp_fu_2098_p_din1    |  out|   32|  ap_ctrl_hs|  transformer_for_sample_Pipeline_qkv_i_qkv_j|  return value|
|grp_fu_2098_p_opcode  |  out|    2|  ap_ctrl_hs|  transformer_for_sample_Pipeline_qkv_i_qkv_j|  return value|
|grp_fu_2098_p_dout0   |   in|   32|  ap_ctrl_hs|  transformer_for_sample_Pipeline_qkv_i_qkv_j|  return value|
|grp_fu_2098_p_ce      |  out|    1|  ap_ctrl_hs|  transformer_for_sample_Pipeline_qkv_i_qkv_j|  return value|
|grp_fu_2102_p_din0    |  out|   32|  ap_ctrl_hs|  transformer_for_sample_Pipeline_qkv_i_qkv_j|  return value|
|grp_fu_2102_p_din1    |  out|   32|  ap_ctrl_hs|  transformer_for_sample_Pipeline_qkv_i_qkv_j|  return value|
|grp_fu_2102_p_opcode  |  out|    2|  ap_ctrl_hs|  transformer_for_sample_Pipeline_qkv_i_qkv_j|  return value|
|grp_fu_2102_p_dout0   |   in|   32|  ap_ctrl_hs|  transformer_for_sample_Pipeline_qkv_i_qkv_j|  return value|
|grp_fu_2102_p_ce      |  out|    1|  ap_ctrl_hs|  transformer_for_sample_Pipeline_qkv_i_qkv_j|  return value|
|grp_fu_2106_p_din0    |  out|   32|  ap_ctrl_hs|  transformer_for_sample_Pipeline_qkv_i_qkv_j|  return value|
|grp_fu_2106_p_din1    |  out|   32|  ap_ctrl_hs|  transformer_for_sample_Pipeline_qkv_i_qkv_j|  return value|
|grp_fu_2106_p_opcode  |  out|    2|  ap_ctrl_hs|  transformer_for_sample_Pipeline_qkv_i_qkv_j|  return value|
|grp_fu_2106_p_dout0   |   in|   32|  ap_ctrl_hs|  transformer_for_sample_Pipeline_qkv_i_qkv_j|  return value|
|grp_fu_2106_p_ce      |  out|    1|  ap_ctrl_hs|  transformer_for_sample_Pipeline_qkv_i_qkv_j|  return value|
|grp_fu_2110_p_din0    |  out|   32|  ap_ctrl_hs|  transformer_for_sample_Pipeline_qkv_i_qkv_j|  return value|
|grp_fu_2110_p_din1    |  out|   32|  ap_ctrl_hs|  transformer_for_sample_Pipeline_qkv_i_qkv_j|  return value|
|grp_fu_2110_p_opcode  |  out|    2|  ap_ctrl_hs|  transformer_for_sample_Pipeline_qkv_i_qkv_j|  return value|
|grp_fu_2110_p_dout0   |   in|   32|  ap_ctrl_hs|  transformer_for_sample_Pipeline_qkv_i_qkv_j|  return value|
|grp_fu_2110_p_ce      |  out|    1|  ap_ctrl_hs|  transformer_for_sample_Pipeline_qkv_i_qkv_j|  return value|
|grp_fu_2114_p_din0    |  out|   32|  ap_ctrl_hs|  transformer_for_sample_Pipeline_qkv_i_qkv_j|  return value|
|grp_fu_2114_p_din1    |  out|   32|  ap_ctrl_hs|  transformer_for_sample_Pipeline_qkv_i_qkv_j|  return value|
|grp_fu_2114_p_opcode  |  out|    2|  ap_ctrl_hs|  transformer_for_sample_Pipeline_qkv_i_qkv_j|  return value|
|grp_fu_2114_p_dout0   |   in|   32|  ap_ctrl_hs|  transformer_for_sample_Pipeline_qkv_i_qkv_j|  return value|
|grp_fu_2114_p_ce      |  out|    1|  ap_ctrl_hs|  transformer_for_sample_Pipeline_qkv_i_qkv_j|  return value|
|grp_fu_2118_p_din0    |  out|   32|  ap_ctrl_hs|  transformer_for_sample_Pipeline_qkv_i_qkv_j|  return value|
|grp_fu_2118_p_din1    |  out|   32|  ap_ctrl_hs|  transformer_for_sample_Pipeline_qkv_i_qkv_j|  return value|
|grp_fu_2118_p_opcode  |  out|    2|  ap_ctrl_hs|  transformer_for_sample_Pipeline_qkv_i_qkv_j|  return value|
|grp_fu_2118_p_dout0   |   in|   32|  ap_ctrl_hs|  transformer_for_sample_Pipeline_qkv_i_qkv_j|  return value|
|grp_fu_2118_p_ce      |  out|    1|  ap_ctrl_hs|  transformer_for_sample_Pipeline_qkv_i_qkv_j|  return value|
|grp_fu_2122_p_din0    |  out|   32|  ap_ctrl_hs|  transformer_for_sample_Pipeline_qkv_i_qkv_j|  return value|
|grp_fu_2122_p_din1    |  out|   32|  ap_ctrl_hs|  transformer_for_sample_Pipeline_qkv_i_qkv_j|  return value|
|grp_fu_2122_p_opcode  |  out|    2|  ap_ctrl_hs|  transformer_for_sample_Pipeline_qkv_i_qkv_j|  return value|
|grp_fu_2122_p_dout0   |   in|   32|  ap_ctrl_hs|  transformer_for_sample_Pipeline_qkv_i_qkv_j|  return value|
|grp_fu_2122_p_ce      |  out|    1|  ap_ctrl_hs|  transformer_for_sample_Pipeline_qkv_i_qkv_j|  return value|
|grp_fu_2126_p_din0    |  out|   32|  ap_ctrl_hs|  transformer_for_sample_Pipeline_qkv_i_qkv_j|  return value|
|grp_fu_2126_p_din1    |  out|   32|  ap_ctrl_hs|  transformer_for_sample_Pipeline_qkv_i_qkv_j|  return value|
|grp_fu_2126_p_opcode  |  out|    2|  ap_ctrl_hs|  transformer_for_sample_Pipeline_qkv_i_qkv_j|  return value|
|grp_fu_2126_p_dout0   |   in|   32|  ap_ctrl_hs|  transformer_for_sample_Pipeline_qkv_i_qkv_j|  return value|
|grp_fu_2126_p_ce      |  out|    1|  ap_ctrl_hs|  transformer_for_sample_Pipeline_qkv_i_qkv_j|  return value|
|grp_fu_2130_p_din0    |  out|   32|  ap_ctrl_hs|  transformer_for_sample_Pipeline_qkv_i_qkv_j|  return value|
|grp_fu_2130_p_din1    |  out|   32|  ap_ctrl_hs|  transformer_for_sample_Pipeline_qkv_i_qkv_j|  return value|
|grp_fu_2130_p_opcode  |  out|    2|  ap_ctrl_hs|  transformer_for_sample_Pipeline_qkv_i_qkv_j|  return value|
|grp_fu_2130_p_dout0   |   in|   32|  ap_ctrl_hs|  transformer_for_sample_Pipeline_qkv_i_qkv_j|  return value|
|grp_fu_2130_p_ce      |  out|    1|  ap_ctrl_hs|  transformer_for_sample_Pipeline_qkv_i_qkv_j|  return value|
|grp_fu_2134_p_din0    |  out|   32|  ap_ctrl_hs|  transformer_for_sample_Pipeline_qkv_i_qkv_j|  return value|
|grp_fu_2134_p_din1    |  out|   32|  ap_ctrl_hs|  transformer_for_sample_Pipeline_qkv_i_qkv_j|  return value|
|grp_fu_2134_p_opcode  |  out|    2|  ap_ctrl_hs|  transformer_for_sample_Pipeline_qkv_i_qkv_j|  return value|
|grp_fu_2134_p_dout0   |   in|   32|  ap_ctrl_hs|  transformer_for_sample_Pipeline_qkv_i_qkv_j|  return value|
|grp_fu_2134_p_ce      |  out|    1|  ap_ctrl_hs|  transformer_for_sample_Pipeline_qkv_i_qkv_j|  return value|
|grp_fu_2138_p_din0    |  out|   32|  ap_ctrl_hs|  transformer_for_sample_Pipeline_qkv_i_qkv_j|  return value|
|grp_fu_2138_p_din1    |  out|   32|  ap_ctrl_hs|  transformer_for_sample_Pipeline_qkv_i_qkv_j|  return value|
|grp_fu_2138_p_opcode  |  out|    2|  ap_ctrl_hs|  transformer_for_sample_Pipeline_qkv_i_qkv_j|  return value|
|grp_fu_2138_p_dout0   |   in|   32|  ap_ctrl_hs|  transformer_for_sample_Pipeline_qkv_i_qkv_j|  return value|
|grp_fu_2138_p_ce      |  out|    1|  ap_ctrl_hs|  transformer_for_sample_Pipeline_qkv_i_qkv_j|  return value|
|grp_fu_2142_p_din0    |  out|   32|  ap_ctrl_hs|  transformer_for_sample_Pipeline_qkv_i_qkv_j|  return value|
|grp_fu_2142_p_din1    |  out|   32|  ap_ctrl_hs|  transformer_for_sample_Pipeline_qkv_i_qkv_j|  return value|
|grp_fu_2142_p_opcode  |  out|    2|  ap_ctrl_hs|  transformer_for_sample_Pipeline_qkv_i_qkv_j|  return value|
|grp_fu_2142_p_dout0   |   in|   32|  ap_ctrl_hs|  transformer_for_sample_Pipeline_qkv_i_qkv_j|  return value|
|grp_fu_2142_p_ce      |  out|    1|  ap_ctrl_hs|  transformer_for_sample_Pipeline_qkv_i_qkv_j|  return value|
|grp_fu_2078_p_din0    |  out|   32|  ap_ctrl_hs|  transformer_for_sample_Pipeline_qkv_i_qkv_j|  return value|
|grp_fu_2078_p_din1    |  out|   32|  ap_ctrl_hs|  transformer_for_sample_Pipeline_qkv_i_qkv_j|  return value|
|grp_fu_2078_p_dout0   |   in|   32|  ap_ctrl_hs|  transformer_for_sample_Pipeline_qkv_i_qkv_j|  return value|
|grp_fu_2078_p_ce      |  out|    1|  ap_ctrl_hs|  transformer_for_sample_Pipeline_qkv_i_qkv_j|  return value|
|grp_fu_2146_p_din0    |  out|   32|  ap_ctrl_hs|  transformer_for_sample_Pipeline_qkv_i_qkv_j|  return value|
|grp_fu_2146_p_din1    |  out|   32|  ap_ctrl_hs|  transformer_for_sample_Pipeline_qkv_i_qkv_j|  return value|
|grp_fu_2146_p_dout0   |   in|   32|  ap_ctrl_hs|  transformer_for_sample_Pipeline_qkv_i_qkv_j|  return value|
|grp_fu_2146_p_ce      |  out|    1|  ap_ctrl_hs|  transformer_for_sample_Pipeline_qkv_i_qkv_j|  return value|
|grp_fu_2150_p_din0    |  out|   32|  ap_ctrl_hs|  transformer_for_sample_Pipeline_qkv_i_qkv_j|  return value|
|grp_fu_2150_p_din1    |  out|   32|  ap_ctrl_hs|  transformer_for_sample_Pipeline_qkv_i_qkv_j|  return value|
|grp_fu_2150_p_dout0   |   in|   32|  ap_ctrl_hs|  transformer_for_sample_Pipeline_qkv_i_qkv_j|  return value|
|grp_fu_2150_p_ce      |  out|    1|  ap_ctrl_hs|  transformer_for_sample_Pipeline_qkv_i_qkv_j|  return value|
|grp_fu_2154_p_din0    |  out|   32|  ap_ctrl_hs|  transformer_for_sample_Pipeline_qkv_i_qkv_j|  return value|
|grp_fu_2154_p_din1    |  out|   32|  ap_ctrl_hs|  transformer_for_sample_Pipeline_qkv_i_qkv_j|  return value|
|grp_fu_2154_p_dout0   |   in|   32|  ap_ctrl_hs|  transformer_for_sample_Pipeline_qkv_i_qkv_j|  return value|
|grp_fu_2154_p_ce      |  out|    1|  ap_ctrl_hs|  transformer_for_sample_Pipeline_qkv_i_qkv_j|  return value|
|grp_fu_2158_p_din0    |  out|   32|  ap_ctrl_hs|  transformer_for_sample_Pipeline_qkv_i_qkv_j|  return value|
|grp_fu_2158_p_din1    |  out|   32|  ap_ctrl_hs|  transformer_for_sample_Pipeline_qkv_i_qkv_j|  return value|
|grp_fu_2158_p_dout0   |   in|   32|  ap_ctrl_hs|  transformer_for_sample_Pipeline_qkv_i_qkv_j|  return value|
|grp_fu_2158_p_ce      |  out|    1|  ap_ctrl_hs|  transformer_for_sample_Pipeline_qkv_i_qkv_j|  return value|
|grp_fu_2162_p_din0    |  out|   32|  ap_ctrl_hs|  transformer_for_sample_Pipeline_qkv_i_qkv_j|  return value|
|grp_fu_2162_p_din1    |  out|   32|  ap_ctrl_hs|  transformer_for_sample_Pipeline_qkv_i_qkv_j|  return value|
|grp_fu_2162_p_dout0   |   in|   32|  ap_ctrl_hs|  transformer_for_sample_Pipeline_qkv_i_qkv_j|  return value|
|grp_fu_2162_p_ce      |  out|    1|  ap_ctrl_hs|  transformer_for_sample_Pipeline_qkv_i_qkv_j|  return value|
|grp_fu_2166_p_din0    |  out|   32|  ap_ctrl_hs|  transformer_for_sample_Pipeline_qkv_i_qkv_j|  return value|
|grp_fu_2166_p_din1    |  out|   32|  ap_ctrl_hs|  transformer_for_sample_Pipeline_qkv_i_qkv_j|  return value|
|grp_fu_2166_p_dout0   |   in|   32|  ap_ctrl_hs|  transformer_for_sample_Pipeline_qkv_i_qkv_j|  return value|
|grp_fu_2166_p_ce      |  out|    1|  ap_ctrl_hs|  transformer_for_sample_Pipeline_qkv_i_qkv_j|  return value|
|grp_fu_2170_p_din0    |  out|   32|  ap_ctrl_hs|  transformer_for_sample_Pipeline_qkv_i_qkv_j|  return value|
|grp_fu_2170_p_din1    |  out|   32|  ap_ctrl_hs|  transformer_for_sample_Pipeline_qkv_i_qkv_j|  return value|
|grp_fu_2170_p_dout0   |   in|   32|  ap_ctrl_hs|  transformer_for_sample_Pipeline_qkv_i_qkv_j|  return value|
|grp_fu_2170_p_ce      |  out|    1|  ap_ctrl_hs|  transformer_for_sample_Pipeline_qkv_i_qkv_j|  return value|
|grp_fu_2174_p_din0    |  out|   32|  ap_ctrl_hs|  transformer_for_sample_Pipeline_qkv_i_qkv_j|  return value|
|grp_fu_2174_p_din1    |  out|   32|  ap_ctrl_hs|  transformer_for_sample_Pipeline_qkv_i_qkv_j|  return value|
|grp_fu_2174_p_dout0   |   in|   32|  ap_ctrl_hs|  transformer_for_sample_Pipeline_qkv_i_qkv_j|  return value|
|grp_fu_2174_p_ce      |  out|    1|  ap_ctrl_hs|  transformer_for_sample_Pipeline_qkv_i_qkv_j|  return value|
|grp_fu_2178_p_din0    |  out|   32|  ap_ctrl_hs|  transformer_for_sample_Pipeline_qkv_i_qkv_j|  return value|
|grp_fu_2178_p_din1    |  out|   32|  ap_ctrl_hs|  transformer_for_sample_Pipeline_qkv_i_qkv_j|  return value|
|grp_fu_2178_p_dout0   |   in|   32|  ap_ctrl_hs|  transformer_for_sample_Pipeline_qkv_i_qkv_j|  return value|
|grp_fu_2178_p_ce      |  out|    1|  ap_ctrl_hs|  transformer_for_sample_Pipeline_qkv_i_qkv_j|  return value|
|grp_fu_2182_p_din0    |  out|   32|  ap_ctrl_hs|  transformer_for_sample_Pipeline_qkv_i_qkv_j|  return value|
|grp_fu_2182_p_din1    |  out|   32|  ap_ctrl_hs|  transformer_for_sample_Pipeline_qkv_i_qkv_j|  return value|
|grp_fu_2182_p_dout0   |   in|   32|  ap_ctrl_hs|  transformer_for_sample_Pipeline_qkv_i_qkv_j|  return value|
|grp_fu_2182_p_ce      |  out|    1|  ap_ctrl_hs|  transformer_for_sample_Pipeline_qkv_i_qkv_j|  return value|
|grp_fu_2186_p_din0    |  out|   32|  ap_ctrl_hs|  transformer_for_sample_Pipeline_qkv_i_qkv_j|  return value|
|grp_fu_2186_p_din1    |  out|   32|  ap_ctrl_hs|  transformer_for_sample_Pipeline_qkv_i_qkv_j|  return value|
|grp_fu_2186_p_dout0   |   in|   32|  ap_ctrl_hs|  transformer_for_sample_Pipeline_qkv_i_qkv_j|  return value|
|grp_fu_2186_p_ce      |  out|    1|  ap_ctrl_hs|  transformer_for_sample_Pipeline_qkv_i_qkv_j|  return value|
|grp_fu_2190_p_din0    |  out|   32|  ap_ctrl_hs|  transformer_for_sample_Pipeline_qkv_i_qkv_j|  return value|
|grp_fu_2190_p_din1    |  out|   32|  ap_ctrl_hs|  transformer_for_sample_Pipeline_qkv_i_qkv_j|  return value|
|grp_fu_2190_p_dout0   |   in|   32|  ap_ctrl_hs|  transformer_for_sample_Pipeline_qkv_i_qkv_j|  return value|
|grp_fu_2190_p_ce      |  out|    1|  ap_ctrl_hs|  transformer_for_sample_Pipeline_qkv_i_qkv_j|  return value|
|grp_fu_2194_p_din0    |  out|   32|  ap_ctrl_hs|  transformer_for_sample_Pipeline_qkv_i_qkv_j|  return value|
|grp_fu_2194_p_din1    |  out|   32|  ap_ctrl_hs|  transformer_for_sample_Pipeline_qkv_i_qkv_j|  return value|
|grp_fu_2194_p_dout0   |   in|   32|  ap_ctrl_hs|  transformer_for_sample_Pipeline_qkv_i_qkv_j|  return value|
|grp_fu_2194_p_ce      |  out|    1|  ap_ctrl_hs|  transformer_for_sample_Pipeline_qkv_i_qkv_j|  return value|
|grp_fu_2198_p_din0    |  out|   32|  ap_ctrl_hs|  transformer_for_sample_Pipeline_qkv_i_qkv_j|  return value|
|grp_fu_2198_p_din1    |  out|   32|  ap_ctrl_hs|  transformer_for_sample_Pipeline_qkv_i_qkv_j|  return value|
|grp_fu_2198_p_dout0   |   in|   32|  ap_ctrl_hs|  transformer_for_sample_Pipeline_qkv_i_qkv_j|  return value|
|grp_fu_2198_p_ce      |  out|    1|  ap_ctrl_hs|  transformer_for_sample_Pipeline_qkv_i_qkv_j|  return value|
|grp_fu_2202_p_din0    |  out|   32|  ap_ctrl_hs|  transformer_for_sample_Pipeline_qkv_i_qkv_j|  return value|
|grp_fu_2202_p_din1    |  out|   32|  ap_ctrl_hs|  transformer_for_sample_Pipeline_qkv_i_qkv_j|  return value|
|grp_fu_2202_p_dout0   |   in|   32|  ap_ctrl_hs|  transformer_for_sample_Pipeline_qkv_i_qkv_j|  return value|
|grp_fu_2202_p_ce      |  out|    1|  ap_ctrl_hs|  transformer_for_sample_Pipeline_qkv_i_qkv_j|  return value|
|grp_fu_2206_p_din0    |  out|   32|  ap_ctrl_hs|  transformer_for_sample_Pipeline_qkv_i_qkv_j|  return value|
|grp_fu_2206_p_din1    |  out|   32|  ap_ctrl_hs|  transformer_for_sample_Pipeline_qkv_i_qkv_j|  return value|
|grp_fu_2206_p_dout0   |   in|   32|  ap_ctrl_hs|  transformer_for_sample_Pipeline_qkv_i_qkv_j|  return value|
|grp_fu_2206_p_ce      |  out|    1|  ap_ctrl_hs|  transformer_for_sample_Pipeline_qkv_i_qkv_j|  return value|
|grp_fu_2210_p_din0    |  out|   32|  ap_ctrl_hs|  transformer_for_sample_Pipeline_qkv_i_qkv_j|  return value|
|grp_fu_2210_p_din1    |  out|   32|  ap_ctrl_hs|  transformer_for_sample_Pipeline_qkv_i_qkv_j|  return value|
|grp_fu_2210_p_dout0   |   in|   32|  ap_ctrl_hs|  transformer_for_sample_Pipeline_qkv_i_qkv_j|  return value|
|grp_fu_2210_p_ce      |  out|    1|  ap_ctrl_hs|  transformer_for_sample_Pipeline_qkv_i_qkv_j|  return value|
|grp_fu_2214_p_din0    |  out|   32|  ap_ctrl_hs|  transformer_for_sample_Pipeline_qkv_i_qkv_j|  return value|
|grp_fu_2214_p_din1    |  out|   32|  ap_ctrl_hs|  transformer_for_sample_Pipeline_qkv_i_qkv_j|  return value|
|grp_fu_2214_p_opcode  |  out|    5|  ap_ctrl_hs|  transformer_for_sample_Pipeline_qkv_i_qkv_j|  return value|
|grp_fu_2214_p_dout0   |   in|    1|  ap_ctrl_hs|  transformer_for_sample_Pipeline_qkv_i_qkv_j|  return value|
|grp_fu_2214_p_ce      |  out|    1|  ap_ctrl_hs|  transformer_for_sample_Pipeline_qkv_i_qkv_j|  return value|
|front_address0        |  out|    6|   ap_memory|                                        front|         array|
|front_ce0             |  out|    1|   ap_memory|                                        front|         array|
|front_q0              |   in|   32|   ap_memory|                                        front|         array|
|front_address1        |  out|    6|   ap_memory|                                        front|         array|
|front_ce1             |  out|    1|   ap_memory|                                        front|         array|
|front_q1              |   in|   32|   ap_memory|                                        front|         array|
|front_address2        |  out|    6|   ap_memory|                                        front|         array|
|front_ce2             |  out|    1|   ap_memory|                                        front|         array|
|front_q2              |   in|   32|   ap_memory|                                        front|         array|
|front_address3        |  out|    6|   ap_memory|                                        front|         array|
|front_ce3             |  out|    1|   ap_memory|                                        front|         array|
|front_q3              |   in|   32|   ap_memory|                                        front|         array|
|front_address4        |  out|    6|   ap_memory|                                        front|         array|
|front_ce4             |  out|    1|   ap_memory|                                        front|         array|
|front_q4              |   in|   32|   ap_memory|                                        front|         array|
|front_address5        |  out|    6|   ap_memory|                                        front|         array|
|front_ce5             |  out|    1|   ap_memory|                                        front|         array|
|front_q5              |   in|   32|   ap_memory|                                        front|         array|
|front_address6        |  out|    6|   ap_memory|                                        front|         array|
|front_ce6             |  out|    1|   ap_memory|                                        front|         array|
|front_q6              |   in|   32|   ap_memory|                                        front|         array|
|front_address7        |  out|    6|   ap_memory|                                        front|         array|
|front_ce7             |  out|    1|   ap_memory|                                        front|         array|
|front_q7              |   in|   32|   ap_memory|                                        front|         array|
|query_address0        |  out|    6|   ap_memory|                                        query|         array|
|query_ce0             |  out|    1|   ap_memory|                                        query|         array|
|query_we0             |  out|    1|   ap_memory|                                        query|         array|
|query_d0              |  out|   32|   ap_memory|                                        query|         array|
|key_address0          |  out|    6|   ap_memory|                                          key|         array|
|key_ce0               |  out|    1|   ap_memory|                                          key|         array|
|key_we0               |  out|    1|   ap_memory|                                          key|         array|
|key_d0                |  out|   32|   ap_memory|                                          key|         array|
|value_r_address0      |  out|    6|   ap_memory|                                      value_r|         array|
|value_r_ce0           |  out|    1|   ap_memory|                                      value_r|         array|
|value_r_we0           |  out|    1|   ap_memory|                                      value_r|         array|
|value_r_d0            |  out|   32|   ap_memory|                                      value_r|         array|
+----------------------+-----+-----+------------+---------------------------------------------+--------------+

