

================================================================
== Vitis HLS Report for 'transformer_for_sample_Pipeline_normalizer_i'
================================================================
* Date:           Tue May 19 20:30:29 2026

* Version:        2022.2 (Build 3670227 on Oct 13 2022)
* Project:        linear_transformer_hls
* Solution:       solution1 (Vivado IP Flow Target)
* Product family: zynq
* Target device:  xc7z020-clg400-1


================================================================
== Performance Estimates
================================================================
+ Timing: 
    * Summary: 
    +--------+----------+----------+------------+
    |  Clock |  Target  | Estimated| Uncertainty|
    +--------+----------+----------+------------+
    |ap_clk  |  10.00 ns|  7.256 ns|     2.70 ns|
    +--------+----------+----------+------------+

+ Latency: 
    * Summary: 
    +---------+---------+----------+----------+-----+-----+---------+
    |  Latency (cycles) |  Latency (absolute) |  Interval | Pipeline|
    |   min   |   max   |    min   |    max   | min | max |   Type  |
    +---------+---------+----------+----------+-----+-----+---------+
    |       76|       76|  0.760 us|  0.760 us|   76|   76|       no|
    +---------+---------+----------+----------+-----+-----+---------+

    + Detail: 
        * Instance: 
        N/A

        * Loop: 
        +----------------+---------+---------+----------+-----------+-----------+------+----------+
        |                |  Latency (cycles) | Iteration|  Initiation Interval  | Trip |          |
        |    Loop Name   |   min   |   max   |  Latency |  achieved |   target  | Count| Pipelined|
        +----------------+---------+---------+----------+-----------+-----------+------+----------+
        |- normalizer_i  |       74|       74|        68|          1|          1|     8|       yes|
        +----------------+---------+---------+----------+-----------+-----------+------+----------+



================================================================
== Utilization Estimates
================================================================
* Summary: 
+-----------------+---------+-----+--------+-------+-----+
|       Name      | BRAM_18K| DSP |   FF   |  LUT  | URAM|
+-----------------+---------+-----+--------+-------+-----+
|DSP              |        -|    -|       -|      -|    -|
|Expression       |        -|    -|       0|     43|    -|
|FIFO             |        -|    -|       -|      -|    -|
|Instance         |        -|    -|       -|      -|    -|
|Memory           |        -|    -|       -|      -|    -|
|Multiplexer      |        -|    -|       -|     36|    -|
|Register         |        -|    -|    1487|    256|    -|
+-----------------+---------+-----+--------+-------+-----+
|Total            |        0|    0|    1487|    335|    0|
+-----------------+---------+-----+--------+-------+-----+
|Available        |      280|  220|  106400|  53200|    0|
+-----------------+---------+-----+--------+-------+-----+
|Utilization (%)  |        0|    0|       1|     ~0|    0|
+-----------------+---------+-----+--------+-------+-----+

+ Detail: 
    * Instance: 
    +------------------------------------+-------------------------------+---------+----+---+----+-----+
    |              Instance              |             Module            | BRAM_18K| DSP| FF| LUT| URAM|
    +------------------------------------+-------------------------------+---------+----+---+----+-----+
    |fdiv_32ns_32ns_32_16_no_dsp_1_U155  |fdiv_32ns_32ns_32_16_no_dsp_1  |        0|   0|  0|   0|    0|
    +------------------------------------+-------------------------------+---------+----+---+----+-----+
    |Total                               |                               |        0|   0|  0|   0|    0|
    +------------------------------------+-------------------------------+---------+----+---+----+-----+

    * DSP: 
    N/A

    * Memory: 
    N/A

    * FIFO: 
    N/A

    * Expression: 
    +----------------------+----------+----+---+----+------------+------------+
    |     Variable Name    | Operation| DSP| FF| LUT| Bitwidth P0| Bitwidth P1|
    +----------------------+----------+----+---+----+------------+------------+
    |add_ln120_fu_315_p2   |         +|   0|  0|  13|           4|           1|
    |add_ln124_fu_376_p2   |         +|   0|  0|  14|           6|           6|
    |icmp_ln120_fu_309_p2  |      icmp|   0|  0|   9|           4|           5|
    |ap_enable_pp0         |       xor|   0|  0|   2|           1|           2|
    |xor_ln124_fu_330_p2   |       xor|   0|  0|   5|           4|           5|
    +----------------------+----------+----+---+----+------------+------------+
    |Total                 |          |   0|  0|  43|          19|          19|
    +----------------------+----------+----+---+----+------------+------------+

    * Multiplexer: 
    +-------------------------+----+-----------+-----+-----------+
    |           Name          | LUT| Input Size| Bits| Total Bits|
    +-------------------------+----+-----------+-----+-----------+
    |ap_done_int              |   9|          2|    1|          2|
    |ap_enable_reg_pp0_iter1  |   9|          2|    1|          2|
    |ap_sig_allocacmp_i_4     |   9|          2|    4|          8|
    |i_fu_64                  |   9|          2|    4|          8|
    +-------------------------+----+-----------+-----+-----------+
    |Total                    |  36|          8|   10|         20|
    +-------------------------+----+-----------+-----+-----------+

    * Register: 
    +-----------------------------------+----+----+-----+-----------+
    |                Name               | FF | LUT| Bits| Const Bits|
    +-----------------------------------+----+----+-----+-----------+
    |add9_reg_626                       |  32|   0|   32|          0|
    |ap_CS_fsm                          |   1|   0|    1|          0|
    |ap_done_reg                        |   1|   0|    1|          0|
    |ap_enable_reg_pp0_iter1            |   1|   0|    1|          0|
    |ap_enable_reg_pp0_iter10           |   1|   0|    1|          0|
    |ap_enable_reg_pp0_iter11           |   1|   0|    1|          0|
    |ap_enable_reg_pp0_iter12           |   1|   0|    1|          0|
    |ap_enable_reg_pp0_iter13           |   1|   0|    1|          0|
    |ap_enable_reg_pp0_iter14           |   1|   0|    1|          0|
    |ap_enable_reg_pp0_iter15           |   1|   0|    1|          0|
    |ap_enable_reg_pp0_iter16           |   1|   0|    1|          0|
    |ap_enable_reg_pp0_iter17           |   1|   0|    1|          0|
    |ap_enable_reg_pp0_iter18           |   1|   0|    1|          0|
    |ap_enable_reg_pp0_iter19           |   1|   0|    1|          0|
    |ap_enable_reg_pp0_iter2            |   1|   0|    1|          0|
    |ap_enable_reg_pp0_iter20           |   1|   0|    1|          0|
    |ap_enable_reg_pp0_iter21           |   1|   0|    1|          0|
    |ap_enable_reg_pp0_iter22           |   1|   0|    1|          0|
    |ap_enable_reg_pp0_iter23           |   1|   0|    1|          0|
    |ap_enable_reg_pp0_iter24           |   1|   0|    1|          0|
    |ap_enable_reg_pp0_iter25           |   1|   0|    1|          0|
    |ap_enable_reg_pp0_iter26           |   1|   0|    1|          0|
    |ap_enable_reg_pp0_iter27           |   1|   0|    1|          0|
    |ap_enable_reg_pp0_iter28           |   1|   0|    1|          0|
    |ap_enable_reg_pp0_iter29           |   1|   0|    1|          0|
    |ap_enable_reg_pp0_iter3            |   1|   0|    1|          0|
    |ap_enable_reg_pp0_iter30           |   1|   0|    1|          0|
    |ap_enable_reg_pp0_iter31           |   1|   0|    1|          0|
    |ap_enable_reg_pp0_iter32           |   1|   0|    1|          0|
    |ap_enable_reg_pp0_iter33           |   1|   0|    1|          0|
    |ap_enable_reg_pp0_iter34           |   1|   0|    1|          0|
    |ap_enable_reg_pp0_iter35           |   1|   0|    1|          0|
    |ap_enable_reg_pp0_iter36           |   1|   0|    1|          0|
    |ap_enable_reg_pp0_iter37           |   1|   0|    1|          0|
    |ap_enable_reg_pp0_iter38           |   1|   0|    1|          0|
    |ap_enable_reg_pp0_iter39           |   1|   0|    1|          0|
    |ap_enable_reg_pp0_iter4            |   1|   0|    1|          0|
    |ap_enable_reg_pp0_iter40           |   1|   0|    1|          0|
    |ap_enable_reg_pp0_iter41           |   1|   0|    1|          0|
    |ap_enable_reg_pp0_iter42           |   1|   0|    1|          0|
    |ap_enable_reg_pp0_iter43           |   1|   0|    1|          0|
    |ap_enable_reg_pp0_iter44           |   1|   0|    1|          0|
    |ap_enable_reg_pp0_iter45           |   1|   0|    1|          0|
    |ap_enable_reg_pp0_iter46           |   1|   0|    1|          0|
    |ap_enable_reg_pp0_iter47           |   1|   0|    1|          0|
    |ap_enable_reg_pp0_iter48           |   1|   0|    1|          0|
    |ap_enable_reg_pp0_iter49           |   1|   0|    1|          0|
    |ap_enable_reg_pp0_iter5            |   1|   0|    1|          0|
    |ap_enable_reg_pp0_iter50           |   1|   0|    1|          0|
    |ap_enable_reg_pp0_iter51           |   1|   0|    1|          0|
    |ap_enable_reg_pp0_iter52           |   1|   0|    1|          0|
    |ap_enable_reg_pp0_iter53           |   1|   0|    1|          0|
    |ap_enable_reg_pp0_iter54           |   1|   0|    1|          0|
    |ap_enable_reg_pp0_iter55           |   1|   0|    1|          0|
    |ap_enable_reg_pp0_iter56           |   1|   0|    1|          0|
    |ap_enable_reg_pp0_iter57           |   1|   0|    1|          0|
    |ap_enable_reg_pp0_iter58           |   1|   0|    1|          0|
    |ap_enable_reg_pp0_iter59           |   1|   0|    1|          0|
    |ap_enable_reg_pp0_iter6            |   1|   0|    1|          0|
    |ap_enable_reg_pp0_iter60           |   1|   0|    1|          0|
    |ap_enable_reg_pp0_iter61           |   1|   0|    1|          0|
    |ap_enable_reg_pp0_iter62           |   1|   0|    1|          0|
    |ap_enable_reg_pp0_iter63           |   1|   0|    1|          0|
    |ap_enable_reg_pp0_iter64           |   1|   0|    1|          0|
    |ap_enable_reg_pp0_iter65           |   1|   0|    1|          0|
    |ap_enable_reg_pp0_iter66           |   1|   0|    1|          0|
    |ap_enable_reg_pp0_iter67           |   1|   0|    1|          0|
    |ap_enable_reg_pp0_iter7            |   1|   0|    1|          0|
    |ap_enable_reg_pp0_iter8            |   1|   0|    1|          0|
    |ap_enable_reg_pp0_iter9            |   1|   0|    1|          0|
    |ap_loop_exit_ready_pp0_iter10_reg  |   1|   0|    1|          0|
    |ap_loop_exit_ready_pp0_iter11_reg  |   1|   0|    1|          0|
    |ap_loop_exit_ready_pp0_iter12_reg  |   1|   0|    1|          0|
    |ap_loop_exit_ready_pp0_iter13_reg  |   1|   0|    1|          0|
    |ap_loop_exit_ready_pp0_iter14_reg  |   1|   0|    1|          0|
    |ap_loop_exit_ready_pp0_iter15_reg  |   1|   0|    1|          0|
    |ap_loop_exit_ready_pp0_iter16_reg  |   1|   0|    1|          0|
    |ap_loop_exit_ready_pp0_iter17_reg  |   1|   0|    1|          0|
    |ap_loop_exit_ready_pp0_iter18_reg  |   1|   0|    1|          0|
    |ap_loop_exit_ready_pp0_iter19_reg  |   1|   0|    1|          0|
    |ap_loop_exit_ready_pp0_iter1_reg   |   1|   0|    1|          0|
    |ap_loop_exit_ready_pp0_iter20_reg  |   1|   0|    1|          0|
    |ap_loop_exit_ready_pp0_iter21_reg  |   1|   0|    1|          0|
    |ap_loop_exit_ready_pp0_iter22_reg  |   1|   0|    1|          0|
    |ap_loop_exit_ready_pp0_iter23_reg  |   1|   0|    1|          0|
    |ap_loop_exit_ready_pp0_iter24_reg  |   1|   0|    1|          0|
    |ap_loop_exit_ready_pp0_iter25_reg  |   1|   0|    1|          0|
    |ap_loop_exit_ready_pp0_iter26_reg  |   1|   0|    1|          0|
    |ap_loop_exit_ready_pp0_iter27_reg  |   1|   0|    1|          0|
    |ap_loop_exit_ready_pp0_iter28_reg  |   1|   0|    1|          0|
    |ap_loop_exit_ready_pp0_iter29_reg  |   1|   0|    1|          0|
    |ap_loop_exit_ready_pp0_iter2_reg   |   1|   0|    1|          0|
    |ap_loop_exit_ready_pp0_iter30_reg  |   1|   0|    1|          0|
    |ap_loop_exit_ready_pp0_iter31_reg  |   1|   0|    1|          0|
    |ap_loop_exit_ready_pp0_iter32_reg  |   1|   0|    1|          0|
    |ap_loop_exit_ready_pp0_iter33_reg  |   1|   0|    1|          0|
    |ap_loop_exit_ready_pp0_iter34_reg  |   1|   0|    1|          0|
    |ap_loop_exit_ready_pp0_iter35_reg  |   1|   0|    1|          0|
    |ap_loop_exit_ready_pp0_iter36_reg  |   1|   0|    1|          0|
    |ap_loop_exit_ready_pp0_iter37_reg  |   1|   0|    1|          0|
    |ap_loop_exit_ready_pp0_iter38_reg  |   1|   0|    1|          0|
    |ap_loop_exit_ready_pp0_iter39_reg  |   1|   0|    1|          0|
    |ap_loop_exit_ready_pp0_iter3_reg   |   1|   0|    1|          0|
    |ap_loop_exit_ready_pp0_iter40_reg  |   1|   0|    1|          0|
    |ap_loop_exit_ready_pp0_iter41_reg  |   1|   0|    1|          0|
    |ap_loop_exit_ready_pp0_iter42_reg  |   1|   0|    1|          0|
    |ap_loop_exit_ready_pp0_iter43_reg  |   1|   0|    1|          0|
    |ap_loop_exit_ready_pp0_iter44_reg  |   1|   0|    1|          0|
    |ap_loop_exit_ready_pp0_iter45_reg  |   1|   0|    1|          0|
    |ap_loop_exit_ready_pp0_iter46_reg  |   1|   0|    1|          0|
    |ap_loop_exit_ready_pp0_iter47_reg  |   1|   0|    1|          0|
    |ap_loop_exit_ready_pp0_iter48_reg  |   1|   0|    1|          0|
    |ap_loop_exit_ready_pp0_iter49_reg  |   1|   0|    1|          0|
    |ap_loop_exit_ready_pp0_iter4_reg   |   1|   0|    1|          0|
    |ap_loop_exit_ready_pp0_iter50_reg  |   1|   0|    1|          0|
    |ap_loop_exit_ready_pp0_iter51_reg  |   1|   0|    1|          0|
    |ap_loop_exit_ready_pp0_iter52_reg  |   1|   0|    1|          0|
    |ap_loop_exit_ready_pp0_iter53_reg  |   1|   0|    1|          0|
    |ap_loop_exit_ready_pp0_iter54_reg  |   1|   0|    1|          0|
    |ap_loop_exit_ready_pp0_iter55_reg  |   1|   0|    1|          0|
    |ap_loop_exit_ready_pp0_iter56_reg  |   1|   0|    1|          0|
    |ap_loop_exit_ready_pp0_iter57_reg  |   1|   0|    1|          0|
    |ap_loop_exit_ready_pp0_iter58_reg  |   1|   0|    1|          0|
    |ap_loop_exit_ready_pp0_iter59_reg  |   1|   0|    1|          0|
    |ap_loop_exit_ready_pp0_iter5_reg   |   1|   0|    1|          0|
    |ap_loop_exit_ready_pp0_iter60_reg  |   1|   0|    1|          0|
    |ap_loop_exit_ready_pp0_iter61_reg  |   1|   0|    1|          0|
    |ap_loop_exit_ready_pp0_iter62_reg  |   1|   0|    1|          0|
    |ap_loop_exit_ready_pp0_iter63_reg  |   1|   0|    1|          0|
    |ap_loop_exit_ready_pp0_iter64_reg  |   1|   0|    1|          0|
    |ap_loop_exit_ready_pp0_iter65_reg  |   1|   0|    1|          0|
    |ap_loop_exit_ready_pp0_iter66_reg  |   1|   0|    1|          0|
    |ap_loop_exit_ready_pp0_iter6_reg   |   1|   0|    1|          0|
    |ap_loop_exit_ready_pp0_iter7_reg   |   1|   0|    1|          0|
    |ap_loop_exit_ready_pp0_iter8_reg   |   1|   0|    1|          0|
    |ap_loop_exit_ready_pp0_iter9_reg   |   1|   0|    1|          0|
    |div_reg_631                        |  32|   0|   32|          0|
    |i_4_cast25_reg_461                 |   4|   0|   64|         60|
    |i_fu_64                            |   4|   0|    4|          0|
    |mul5_1_reg_551                     |  32|   0|   32|          0|
    |mul5_2_reg_556                     |  32|   0|   32|          0|
    |mul5_3_reg_561                     |  32|   0|   32|          0|
    |mul5_4_reg_566                     |  32|   0|   32|          0|
    |mul5_5_reg_571                     |  32|   0|   32|          0|
    |mul5_6_reg_576                     |  32|   0|   32|          0|
    |mul5_7_reg_581                     |  32|   0|   32|          0|
    |mul5_reg_546                       |  32|   0|   32|          0|
    |query_load_1_reg_511               |  32|   0|   32|          0|
    |query_load_2_reg_516               |  32|   0|   32|          0|
    |query_load_3_reg_521               |  32|   0|   32|          0|
    |query_load_4_reg_526               |  32|   0|   32|          0|
    |query_load_5_reg_531               |  32|   0|   32|          0|
    |query_load_6_reg_536               |  32|   0|   32|          0|
    |query_load_7_reg_541               |  32|   0|   32|          0|
    |query_load_reg_506                 |  32|   0|   32|          0|
    |sum_7_1_reg_591                    |  32|   0|   32|          0|
    |sum_7_2_reg_596                    |  32|   0|   32|          0|
    |sum_7_3_reg_601                    |  32|   0|   32|          0|
    |sum_7_4_reg_606                    |  32|   0|   32|          0|
    |sum_7_5_reg_611                    |  32|   0|   32|          0|
    |sum_7_6_reg_616                    |  32|   0|   32|          0|
    |sum_7_7_reg_621                    |  32|   0|   32|          0|
    |sum_7_reg_586                      |  32|   0|   32|          0|
    |i_4_cast25_reg_461                 |  64|  32|   64|         60|
    |mul5_1_reg_551                     |  64|  32|   32|          0|
    |mul5_2_reg_556                     |  64|  32|   32|          0|
    |mul5_3_reg_561                     |  64|  32|   32|          0|
    |mul5_4_reg_566                     |  64|  32|   32|          0|
    |mul5_5_reg_571                     |  64|  32|   32|          0|
    |mul5_6_reg_576                     |  64|  32|   32|          0|
    |mul5_7_reg_581                     |  64|  32|   32|          0|
    +-----------------------------------+----+----+-----+-----------+
    |Total                              |1487| 256| 1323|        120|
    +-----------------------------------+----+----+-----+-----------+



================================================================
== Interface
================================================================
* Summary: 
+----------------------+-----+-----+------------+----------------------------------------------+--------------+
|       RTL Ports      | Dir | Bits|  Protocol  |                 Source Object                |    C Type    |
+----------------------+-----+-----+------------+----------------------------------------------+--------------+
|ap_clk                |   in|    1|  ap_ctrl_hs|  transformer_for_sample_Pipeline_normalizer_i|  return value|
|ap_rst                |   in|    1|  ap_ctrl_hs|  transformer_for_sample_Pipeline_normalizer_i|  return value|
|ap_start              |   in|    1|  ap_ctrl_hs|  transformer_for_sample_Pipeline_normalizer_i|  return value|
|ap_done               |  out|    1|  ap_ctrl_hs|  transformer_for_sample_Pipeline_normalizer_i|  return value|
|ap_idle               |  out|    1|  ap_ctrl_hs|  transformer_for_sample_Pipeline_normalizer_i|  return value|
|ap_ready              |  out|    1|  ap_ctrl_hs|  transformer_for_sample_Pipeline_normalizer_i|  return value|
|grp_fu_2070_p_din0    |  out|   32|  ap_ctrl_hs|  transformer_for_sample_Pipeline_normalizer_i|  return value|
|grp_fu_2070_p_din1    |  out|   32|  ap_ctrl_hs|  transformer_for_sample_Pipeline_normalizer_i|  return value|
|grp_fu_2070_p_opcode  |  out|    2|  ap_ctrl_hs|  transformer_for_sample_Pipeline_normalizer_i|  return value|
|grp_fu_2070_p_dout0   |   in|   32|  ap_ctrl_hs|  transformer_for_sample_Pipeline_normalizer_i|  return value|
|grp_fu_2070_p_ce      |  out|    1|  ap_ctrl_hs|  transformer_for_sample_Pipeline_normalizer_i|  return value|
|grp_fu_2074_p_din0    |  out|   32|  ap_ctrl_hs|  transformer_for_sample_Pipeline_normalizer_i|  return value|
|grp_fu_2074_p_din1    |  out|   32|  ap_ctrl_hs|  transformer_for_sample_Pipeline_normalizer_i|  return value|
|grp_fu_2074_p_opcode  |  out|    2|  ap_ctrl_hs|  transformer_for_sample_Pipeline_normalizer_i|  return value|
|grp_fu_2074_p_dout0   |   in|   32|  ap_ctrl_hs|  transformer_for_sample_Pipeline_normalizer_i|  return value|
|grp_fu_2074_p_ce      |  out|    1|  ap_ctrl_hs|  transformer_for_sample_Pipeline_normalizer_i|  return value|
|grp_fu_2082_p_din0    |  out|   32|  ap_ctrl_hs|  transformer_for_sample_Pipeline_normalizer_i|  return value|
|grp_fu_2082_p_din1    |  out|   32|  ap_ctrl_hs|  transformer_for_sample_Pipeline_normalizer_i|  return value|
|grp_fu_2082_p_opcode  |  out|    2|  ap_ctrl_hs|  transformer_for_sample_Pipeline_normalizer_i|  return value|
|grp_fu_2082_p_dout0   |   in|   32|  ap_ctrl_hs|  transformer_for_sample_Pipeline_normalizer_i|  return value|
|grp_fu_2082_p_ce      |  out|    1|  ap_ctrl_hs|  transformer_for_sample_Pipeline_normalizer_i|  return value|
|grp_fu_2086_p_din0    |  out|   32|  ap_ctrl_hs|  transformer_for_sample_Pipeline_normalizer_i|  return value|
|grp_fu_2086_p_din1    |  out|   32|  ap_ctrl_hs|  transformer_for_sample_Pipeline_normalizer_i|  return value|
|grp_fu_2086_p_opcode  |  out|    2|  ap_ctrl_hs|  transformer_for_sample_Pipeline_normalizer_i|  return value|
|grp_fu_2086_p_dout0   |   in|   32|  ap_ctrl_hs|  transformer_for_sample_Pipeline_normalizer_i|  return value|
|grp_fu_2086_p_ce      |  out|    1|  ap_ctrl_hs|  transformer_for_sample_Pipeline_normalizer_i|  return value|
|grp_fu_2090_p_din0    |  out|   32|  ap_ctrl_hs|  transformer_for_sample_Pipeline_normalizer_i|  return value|
|grp_fu_2090_p_din1    |  out|   32|  ap_ctrl_hs|  transformer_for_sample_Pipeline_normalizer_i|  return value|
|grp_fu_2090_p_opcode  |  out|    2|  ap_ctrl_hs|  transformer_for_sample_Pipeline_normalizer_i|  return value|
|grp_fu_2090_p_dout0   |   in|   32|  ap_ctrl_hs|  transformer_for_sample_Pipeline_normalizer_i|  return value|
|grp_fu_2090_p_ce      |  out|    1|  ap_ctrl_hs|  transformer_for_sample_Pipeline_normalizer_i|  return value|
|grp_fu_2094_p_din0    |  out|   32|  ap_ctrl_hs|  transformer_for_sample_Pipeline_normalizer_i|  return value|
|grp_fu_2094_p_din1    |  out|   32|  ap_ctrl_hs|  transformer_for_sample_Pipeline_normalizer_i|  return value|
|grp_fu_2094_p_opcode  |  out|    2|  ap_ctrl_hs|  transformer_for_sample_Pipeline_normalizer_i|  return value|
|grp_fu_2094_p_dout0   |   in|   32|  ap_ctrl_hs|  transformer_for_sample_Pipeline_normalizer_i|  return value|
|grp_fu_2094_p_ce      |  out|    1|  ap_ctrl_hs|  transformer_for_sample_Pipeline_normalizer_i|  return value|
|grp_fu_2098_p_din0    |  out|   32|  ap_ctrl_hs|  transformer_for_sample_Pipeline_normalizer_i|  return value|
|grp_fu_2098_p_din1    |  out|   32|  ap_ctrl_hs|  transformer_for_sample_Pipeline_normalizer_i|  return value|
|grp_fu_2098_p_opcode  |  out|    2|  ap_ctrl_hs|  transformer_for_sample_Pipeline_normalizer_i|  return value|
|grp_fu_2098_p_dout0   |   in|   32|  ap_ctrl_hs|  transformer_for_sample_Pipeline_normalizer_i|  return value|
|grp_fu_2098_p_ce      |  out|    1|  ap_ctrl_hs|  transformer_for_sample_Pipeline_normalizer_i|  return value|
|grp_fu_2102_p_din0    |  out|   32|  ap_ctrl_hs|  transformer_for_sample_Pipeline_normalizer_i|  return value|
|grp_fu_2102_p_din1    |  out|   32|  ap_ctrl_hs|  transformer_for_sample_Pipeline_normalizer_i|  return value|
|grp_fu_2102_p_opcode  |  out|    2|  ap_ctrl_hs|  transformer_for_sample_Pipeline_normalizer_i|  return value|
|grp_fu_2102_p_dout0   |   in|   32|  ap_ctrl_hs|  transformer_for_sample_Pipeline_normalizer_i|  return value|
|grp_fu_2102_p_ce      |  out|    1|  ap_ctrl_hs|  transformer_for_sample_Pipeline_normalizer_i|  return value|
|grp_fu_2106_p_din0    |  out|   32|  ap_ctrl_hs|  transformer_for_sample_Pipeline_normalizer_i|  return value|
|grp_fu_2106_p_din1    |  out|   32|  ap_ctrl_hs|  transformer_for_sample_Pipeline_normalizer_i|  return value|
|grp_fu_2106_p_opcode  |  out|    2|  ap_ctrl_hs|  transformer_for_sample_Pipeline_normalizer_i|  return value|
|grp_fu_2106_p_dout0   |   in|   32|  ap_ctrl_hs|  transformer_for_sample_Pipeline_normalizer_i|  return value|
|grp_fu_2106_p_ce      |  out|    1|  ap_ctrl_hs|  transformer_for_sample_Pipeline_normalizer_i|  return value|
|grp_fu_2078_p_din0    |  out|   32|  ap_ctrl_hs|  transformer_for_sample_Pipeline_normalizer_i|  return value|
|grp_fu_2078_p_din1    |  out|   32|  ap_ctrl_hs|  transformer_for_sample_Pipeline_normalizer_i|  return value|
|grp_fu_2078_p_dout0   |   in|   32|  ap_ctrl_hs|  transformer_for_sample_Pipeline_normalizer_i|  return value|
|grp_fu_2078_p_ce      |  out|    1|  ap_ctrl_hs|  transformer_for_sample_Pipeline_normalizer_i|  return value|
|grp_fu_2146_p_din0    |  out|   32|  ap_ctrl_hs|  transformer_for_sample_Pipeline_normalizer_i|  return value|
|grp_fu_2146_p_din1    |  out|   32|  ap_ctrl_hs|  transformer_for_sample_Pipeline_normalizer_i|  return value|
|grp_fu_2146_p_dout0   |   in|   32|  ap_ctrl_hs|  transformer_for_sample_Pipeline_normalizer_i|  return value|
|grp_fu_2146_p_ce      |  out|    1|  ap_ctrl_hs|  transformer_for_sample_Pipeline_normalizer_i|  return value|
|grp_fu_2150_p_din0    |  out|   32|  ap_ctrl_hs|  transformer_for_sample_Pipeline_normalizer_i|  return value|
|grp_fu_2150_p_din1    |  out|   32|  ap_ctrl_hs|  transformer_for_sample_Pipeline_normalizer_i|  return value|
|grp_fu_2150_p_dout0   |   in|   32|  ap_ctrl_hs|  transformer_for_sample_Pipeline_normalizer_i|  return value|
|grp_fu_2150_p_ce      |  out|    1|  ap_ctrl_hs|  transformer_for_sample_Pipeline_normalizer_i|  return value|
|grp_fu_2154_p_din0    |  out|   32|  ap_ctrl_hs|  transformer_for_sample_Pipeline_normalizer_i|  return value|
|grp_fu_2154_p_din1    |  out|   32|  ap_ctrl_hs|  transformer_for_sample_Pipeline_normalizer_i|  return value|
|grp_fu_2154_p_dout0   |   in|   32|  ap_ctrl_hs|  transformer_for_sample_Pipeline_normalizer_i|  return value|
|grp_fu_2154_p_ce      |  out|    1|  ap_ctrl_hs|  transformer_for_sample_Pipeline_normalizer_i|  return value|
|grp_fu_2158_p_din0    |  out|   32|  ap_ctrl_hs|  transformer_for_sample_Pipeline_normalizer_i|  return value|
|grp_fu_2158_p_din1    |  out|   32|  ap_ctrl_hs|  transformer_for_sample_Pipeline_normalizer_i|  return value|
|grp_fu_2158_p_dout0   |   in|   32|  ap_ctrl_hs|  transformer_for_sample_Pipeline_normalizer_i|  return value|
|grp_fu_2158_p_ce      |  out|    1|  ap_ctrl_hs|  transformer_for_sample_Pipeline_normalizer_i|  return value|
|grp_fu_2162_p_din0    |  out|   32|  ap_ctrl_hs|  transformer_for_sample_Pipeline_normalizer_i|  return value|
|grp_fu_2162_p_din1    |  out|   32|  ap_ctrl_hs|  transformer_for_sample_Pipeline_normalizer_i|  return value|
|grp_fu_2162_p_dout0   |   in|   32|  ap_ctrl_hs|  transformer_for_sample_Pipeline_normalizer_i|  return value|
|grp_fu_2162_p_ce      |  out|    1|  ap_ctrl_hs|  transformer_for_sample_Pipeline_normalizer_i|  return value|
|grp_fu_2166_p_din0    |  out|   32|  ap_ctrl_hs|  transformer_for_sample_Pipeline_normalizer_i|  return value|
|grp_fu_2166_p_din1    |  out|   32|  ap_ctrl_hs|  transformer_for_sample_Pipeline_normalizer_i|  return value|
|grp_fu_2166_p_dout0   |   in|   32|  ap_ctrl_hs|  transformer_for_sample_Pipeline_normalizer_i|  return value|
|grp_fu_2166_p_ce      |  out|    1|  ap_ctrl_hs|  transformer_for_sample_Pipeline_normalizer_i|  return value|
|grp_fu_2170_p_din0    |  out|   32|  ap_ctrl_hs|  transformer_for_sample_Pipeline_normalizer_i|  return value|
|grp_fu_2170_p_din1    |  out|   32|  ap_ctrl_hs|  transformer_for_sample_Pipeline_normalizer_i|  return value|
|grp_fu_2170_p_dout0   |   in|   32|  ap_ctrl_hs|  transformer_for_sample_Pipeline_normalizer_i|  return value|
|grp_fu_2170_p_ce      |  out|    1|  ap_ctrl_hs|  transformer_for_sample_Pipeline_normalizer_i|  return value|
|query_address0        |  out|    6|   ap_memory|                                         query|         array|
|query_ce0             |  out|    1|   ap_memory|                                         query|         array|
|query_q0              |   in|   32|   ap_memory|                                         query|         array|
|query_address1        |  out|    6|   ap_memory|                                         query|         array|
|query_ce1             |  out|    1|   ap_memory|                                         query|         array|
|query_q1              |   in|   32|   ap_memory|                                         query|         array|
|query_address2        |  out|    6|   ap_memory|                                         query|         array|
|query_ce2             |  out|    1|   ap_memory|                                         query|         array|
|query_q2              |   in|   32|   ap_memory|                                         query|         array|
|query_address3        |  out|    6|   ap_memory|                                         query|         array|
|query_ce3             |  out|    1|   ap_memory|                                         query|         array|
|query_q3              |   in|   32|   ap_memory|                                         query|         array|
|query_address4        |  out|    6|   ap_memory|                                         query|         array|
|query_ce4             |  out|    1|   ap_memory|                                         query|         array|
|query_q4              |   in|   32|   ap_memory|                                         query|         array|
|query_address5        |  out|    6|   ap_memory|                                         query|         array|
|query_ce5             |  out|    1|   ap_memory|                                         query|         array|
|query_q5              |   in|   32|   ap_memory|                                         query|         array|
|query_address6        |  out|    6|   ap_memory|                                         query|         array|
|query_ce6             |  out|    1|   ap_memory|                                         query|         array|
|query_q6              |   in|   32|   ap_memory|                                         query|         array|
|query_address7        |  out|    6|   ap_memory|                                         query|         array|
|query_ce7             |  out|    1|   ap_memory|                                         query|         array|
|query_q7              |   in|   32|   ap_memory|                                         query|         array|
|sum_k_load            |   in|   32|     ap_none|                                    sum_k_load|        scalar|
|sum_k_load_1          |   in|   32|     ap_none|                                  sum_k_load_1|        scalar|
|sum_k_load_2          |   in|   32|     ap_none|                                  sum_k_load_2|        scalar|
|sum_k_load_3          |   in|   32|     ap_none|                                  sum_k_load_3|        scalar|
|sum_k_load_4          |   in|   32|     ap_none|                                  sum_k_load_4|        scalar|
|sum_k_load_5          |   in|   32|     ap_none|                                  sum_k_load_5|        scalar|
|sum_k_load_6          |   in|   32|     ap_none|                                  sum_k_load_6|        scalar|
|sum_k_load_7          |   in|   32|     ap_none|                                  sum_k_load_7|        scalar|
|normalizer_address0   |  out|    3|   ap_memory|                                    normalizer|         array|
|normalizer_ce0        |  out|    1|   ap_memory|                                    normalizer|         array|
|normalizer_we0        |  out|    1|   ap_memory|                                    normalizer|         array|
|normalizer_d0         |  out|   32|   ap_memory|                                    normalizer|         array|
+----------------------+-----+-----+------------+----------------------------------------------+--------------+

