

================================================================
== Vitis HLS Report for 'layer_norm_q8_Pipeline_VITIS_LOOP_64_3'
================================================================
* Date:           Wed Jul  1 13:07:52 2026

* Version:        2022.2 (Build 3670227 on Oct 13 2022)
* Project:        imgds_linear_dense_q8_axi
* Solution:       solution1 (Vivado IP Flow Target)
* Product family: zynq
* Target device:  xc7z020-clg400-1


================================================================
== Performance Estimates
================================================================
+ Timing: 
    * Summary: 
    +--------+----------+----------+------------+
    |  Clock |  Target  | Estimated| Uncertainty|
    +--------+----------+----------+------------+
    |ap_clk  |  10.00 ns|  5.622 ns|     2.70 ns|
    +--------+----------+----------+------------+

+ Latency: 
    * Summary: 
    +---------+---------+----------+----------+-----+-----+---------+
    |  Latency (cycles) |  Latency (absolute) |  Interval | Pipeline|
    |   min   |   max   |    min   |    max   | min | max |   Type  |
    +---------+---------+----------+----------+-----+-----+---------+
    |       24|       24|  0.240 us|  0.240 us|   24|   24|       no|
    +---------+---------+----------+----------+-----+-----+---------+

    + Detail: 
        * Instance: 
        N/A

        * Loop: 
        +-------------------+---------+---------+----------+-----------+-----------+------+----------+
        |                   |  Latency (cycles) | Iteration|  Initiation Interval  | Trip |          |
        |     Loop Name     |   min   |   max   |  Latency |  achieved |   target  | Count| Pipelined|
        +-------------------+---------+---------+----------+-----------+-----------+------+----------+
        |- VITIS_LOOP_64_3  |       22|       22|         8|          1|          1|    16|       yes|
        +-------------------+---------+---------+----------+-----------+-----------+------+----------+

============================================================
+ Verbose Summary: Synthesis Manager
============================================================
InlineROM: 1
ExposeGlobal: 0
============================================================
+ Verbose Summary: CDFG Model
============================================================
IsTopModel: 0
ResetActiveHigh: 1
IsCombinational: 0
IsDatapathOnly: 0
HasWiredReturn: 1
HasMFsm: 2
HasVarLatency: 1
IsPipeline: 0
IsRtlPipelined: 0
IsInstanceOverlapped: 0
IsDontTouch: 0
HasImplIP: 0
IsGatedGlobalClock: 0

+ Individual pipeline summary: 
  * Pipeline-0: initiation interval (II) = 1, depth = 8


============================================================
+ Verbose Summary: Schedule
============================================================
* Number of FSM states : 8
* Pipeline : 1
  Pipeline-0 : II = 1, D = 8, States = { 1 2 3 4 5 6 7 8 }
* Dataflow Pipeline: 0

* FSM state transitions: 
1 --> 2 
2 --> 3 
3 --> 4 
4 --> 5 
5 --> 6 
6 --> 7 
7 --> 8 
8 --> 

* FSM state operations: 

State 1 <SV = 0> <Delay = 3.36>
ST_1 : Operation 11 [1/1] (0.00ns)   --->   "%i = alloca i32 1"   --->   Operation 11 'alloca' 'i' <Predicate = true> <Delay = 0.00>
ST_1 : Operation 12 [1/1] (0.00ns)   --->   "%sext_ln1270_read = read i16 @_ssdm_op_Read.ap_auto.i16, i16 %sext_ln1270"   --->   Operation 12 'read' 'sext_ln1270_read' <Predicate = true> <Delay = 0.00>
ST_1 : Operation 13 [1/1] (0.00ns)   --->   "%sext_ln1348_read = read i16 @_ssdm_op_Read.ap_auto.i16, i16 %sext_ln1348"   --->   Operation 13 'read' 'sext_ln1348_read' <Predicate = true> <Delay = 0.00>
ST_1 : Operation 14 [1/1] (0.00ns)   --->   "%sext_ln1270_cast = sext i16 %sext_ln1270_read"   --->   Operation 14 'sext' 'sext_ln1270_cast' <Predicate = true> <Delay = 0.00>
ST_1 : Operation 15 [1/1] (0.00ns)   --->   "%sext_ln1348_cast = sext i16 %sext_ln1348_read"   --->   Operation 15 'sext' 'sext_ln1348_cast' <Predicate = true> <Delay = 0.00>
ST_1 : Operation 16 [1/1] (1.58ns)   --->   "%store_ln0 = store i5 0, i5 %i"   --->   Operation 16 'store' 'store_ln0' <Predicate = true> <Delay = 1.58>
ST_1 : Operation 17 [1/1] (0.00ns)   --->   "%br_ln0 = br void %for.body22"   --->   Operation 17 'br' 'br_ln0' <Predicate = true> <Delay = 0.00>
ST_1 : Operation 18 [1/1] (0.00ns)   --->   "%i_2 = load i5 %i" [src/imgds_linear_dense_q8.cpp:64]   --->   Operation 18 'load' 'i_2' <Predicate = true> <Delay = 0.00>
ST_1 : Operation 19 [1/1] (0.00ns)   --->   "%specpipeline_ln0 = specpipeline void @_ssdm_op_SpecPipeline, i32 4294967295, i32 0, i32 1, i32 0, void @p_str"   --->   Operation 19 'specpipeline' 'specpipeline_ln0' <Predicate = true> <Delay = 0.00>
ST_1 : Operation 20 [1/1] (1.36ns)   --->   "%icmp_ln64 = icmp_eq  i5 %i_2, i5 16" [src/imgds_linear_dense_q8.cpp:64]   --->   Operation 20 'icmp' 'icmp_ln64' <Predicate = true> <Delay = 1.36> <CoreInst = "Cmp">   --->   Core 9 'Cmp' <Latency = 0> <II = 1> <Delay = 1.36> <FuncUnit> <Opcode : 'icmp'> <InPorts = 2> <OutPorts = 1>
ST_1 : Operation 21 [1/1] (0.00ns)   --->   "%empty = speclooptripcount i32 @_ssdm_op_SpecLoopTripCount, i64 16, i64 16, i64 16"   --->   Operation 21 'speclooptripcount' 'empty' <Predicate = true> <Delay = 0.00>
ST_1 : Operation 22 [1/1] (1.78ns)   --->   "%add_ln64 = add i5 %i_2, i5 1" [src/imgds_linear_dense_q8.cpp:64]   --->   Operation 22 'add' 'add_ln64' <Predicate = true> <Delay = 1.78> <CoreInst = "Adder">   --->   Core 1 'Adder' <Latency = 0> <II = 1> <Delay = 1.78> <FuncUnit> <Opcode : 'add' 'sub'> <InPorts = 2> <OutPorts = 1>
ST_1 : Operation 23 [1/1] (0.00ns)   --->   "%br_ln64 = br i1 %icmp_ln64, void %for.body22.split, void %for.end37.exitStub" [src/imgds_linear_dense_q8.cpp:64]   --->   Operation 23 'br' 'br_ln64' <Predicate = true> <Delay = 0.00>
ST_1 : Operation 24 [1/1] (0.00ns)   --->   "%i_3_cast = zext i5 %i_2" [src/imgds_linear_dense_q8.cpp:64]   --->   Operation 24 'zext' 'i_3_cast' <Predicate = (!icmp_ln64)> <Delay = 0.00>
ST_1 : Operation 25 [1/1] (0.00ns)   --->   "%x_addr = getelementptr i16 %x, i64 0, i64 %i_3_cast"   --->   Operation 25 'getelementptr' 'x_addr' <Predicate = (!icmp_ln64)> <Delay = 0.00>
ST_1 : Operation 26 [2/2] (2.32ns)   --->   "%x_load = load i4 %x_addr"   --->   Operation 26 'load' 'x_load' <Predicate = (!icmp_ln64)> <Delay = 2.32> <CoreInst = "RAM">   --->   Core 82 'RAM' <Latency = 1> <II = 1> <Delay = 2.32> <Storage> <Opcode : 'load' 'store'> <Ports = 2> <Width = 16> <Depth = 16> <RAM>
ST_1 : Operation 27 [1/1] (0.00ns)   --->   "%output_norm_weight_V_addr = getelementptr i5 %output_norm_weight_V, i64 0, i64 %i_3_cast"   --->   Operation 27 'getelementptr' 'output_norm_weight_V_addr' <Predicate = (!icmp_ln64)> <Delay = 0.00>
ST_1 : Operation 28 [2/2] (2.32ns)   --->   "%output_norm_weight_V_load = load i4 %output_norm_weight_V_addr"   --->   Operation 28 'load' 'output_norm_weight_V_load' <Predicate = (!icmp_ln64)> <Delay = 2.32> <CoreInst = "ROM">   --->   Core 95 'ROM' <Latency = 1> <II = 1> <Delay = 2.32> <Storage> <Opcode : 'load'> <Ports = 0> <Width = 5> <Depth = 16> <ROM>
ST_1 : Operation 29 [1/1] (0.00ns)   --->   "%output_norm_bias_V_addr = getelementptr i2 %output_norm_bias_V, i64 0, i64 %i_3_cast"   --->   Operation 29 'getelementptr' 'output_norm_bias_V_addr' <Predicate = (!icmp_ln64)> <Delay = 0.00>
ST_1 : Operation 30 [2/2] (2.32ns)   --->   "%rhs = load i4 %output_norm_bias_V_addr"   --->   Operation 30 'load' 'rhs' <Predicate = (!icmp_ln64)> <Delay = 2.32> <CoreInst = "ROM">   --->   Core 95 'ROM' <Latency = 1> <II = 1> <Delay = 2.32> <Storage> <Opcode : 'load'> <Ports = 0> <Width = 2> <Depth = 16> <ROM>
ST_1 : Operation 31 [1/1] (1.58ns)   --->   "%store_ln64 = store i5 %add_ln64, i5 %i" [src/imgds_linear_dense_q8.cpp:64]   --->   Operation 31 'store' 'store_ln64' <Predicate = (!icmp_ln64)> <Delay = 1.58>

State 2 <SV = 1> <Delay = 5.62>
ST_2 : Operation 32 [1/2] (2.32ns)   --->   "%x_load = load i4 %x_addr"   --->   Operation 32 'load' 'x_load' <Predicate = true> <Delay = 2.32> <CoreInst = "RAM">   --->   Core 82 'RAM' <Latency = 1> <II = 1> <Delay = 2.32> <Storage> <Opcode : 'load' 'store'> <Ports = 2> <Width = 16> <Depth = 16> <RAM>
ST_2 : Operation 33 [1/1] (0.00ns)   --->   "%sext_ln1348_1 = sext i16 %x_load"   --->   Operation 33 'sext' 'sext_ln1348_1' <Predicate = true> <Delay = 0.00>
ST_2 : Operation 34 [1/1] (2.25ns) (grouped into DSP with root node mul_ln1270)   --->   "%ret_V_1 = sub i17 %sext_ln1348_1, i17 %sext_ln1348_cast"   --->   Operation 34 'sub' 'ret_V_1' <Predicate = true> <Delay = 2.25> <CoreInst = "DSP48">   --->   Core 119 'DSP48' <Latency = 3> <II = 1> <Delay = 2.15> <IPBlock> <Opcode : 'mul' 'add' 'sub' 'select'> <InPorts = 0> <OutPorts = 1> <Sync> <CReg>
ST_2 : Operation 35 [1/1] (0.00ns) (grouped into DSP with root node mul_ln1270)   --->   "%sext_ln1270_4 = sext i17 %ret_V_1"   --->   Operation 35 'sext' 'sext_ln1270_4' <Predicate = true> <Delay = 0.00>
ST_2 : Operation 36 [4/4] (1.05ns) (root node of the DSP)   --->   "%mul_ln1270 = mul i26 %sext_ln1270_4, i26 %sext_ln1270_cast"   --->   Operation 36 'mul' 'mul_ln1270' <Predicate = true> <Delay = 1.05> <CoreInst = "DSP48">   --->   Core 119 'DSP48' <Latency = 3> <II = 1> <Delay = 2.15> <IPBlock> <Opcode : 'mul' 'add' 'sub' 'select'> <InPorts = 0> <OutPorts = 1> <Sync> <CReg>
ST_2 : Operation 37 [1/2] (2.32ns)   --->   "%output_norm_weight_V_load = load i4 %output_norm_weight_V_addr"   --->   Operation 37 'load' 'output_norm_weight_V_load' <Predicate = true> <Delay = 2.32> <CoreInst = "ROM">   --->   Core 95 'ROM' <Latency = 1> <II = 1> <Delay = 2.32> <Storage> <Opcode : 'load'> <Ports = 0> <Width = 5> <Depth = 16> <ROM>
ST_2 : Operation 38 [1/2] (2.32ns)   --->   "%rhs = load i4 %output_norm_bias_V_addr"   --->   Operation 38 'load' 'rhs' <Predicate = true> <Delay = 2.32> <CoreInst = "ROM">   --->   Core 95 'ROM' <Latency = 1> <II = 1> <Delay = 2.32> <Storage> <Opcode : 'load'> <Ports = 0> <Width = 2> <Depth = 16> <ROM>

State 3 <SV = 2> <Delay = 1.05>
ST_3 : Operation 39 [3/4] (1.05ns) (root node of the DSP)   --->   "%mul_ln1270 = mul i26 %sext_ln1270_4, i26 %sext_ln1270_cast"   --->   Operation 39 'mul' 'mul_ln1270' <Predicate = true> <Delay = 1.05> <CoreInst = "DSP48">   --->   Core 119 'DSP48' <Latency = 3> <II = 1> <Delay = 2.15> <IPBlock> <Opcode : 'mul' 'add' 'sub' 'select'> <InPorts = 0> <OutPorts = 1> <Sync> <CReg>

State 4 <SV = 3> <Delay = 1.05>
ST_4 : Operation 40 [2/4] (1.05ns) (root node of the DSP)   --->   "%mul_ln1270 = mul i26 %sext_ln1270_4, i26 %sext_ln1270_cast"   --->   Operation 40 'mul' 'mul_ln1270' <Predicate = true> <Delay = 1.05> <CoreInst = "DSP48">   --->   Core 119 'DSP48' <Latency = 3> <II = 1> <Delay = 2.15> <IPBlock> <Opcode : 'mul' 'add' 'sub' 'select'> <InPorts = 0> <OutPorts = 1> <Sync> <CReg>

State 5 <SV = 4> <Delay = 1.05>
ST_5 : Operation 41 [1/4] (0.00ns) (root node of the DSP)   --->   "%mul_ln1270 = mul i26 %sext_ln1270_4, i26 %sext_ln1270_cast"   --->   Operation 41 'mul' 'mul_ln1270' <Predicate = true> <Delay = 0.00> <CoreInst = "DSP48">   --->   Core 119 'DSP48' <Latency = 3> <II = 1> <Delay = 2.15> <IPBlock> <Opcode : 'mul' 'add' 'sub' 'select'> <InPorts = 0> <OutPorts = 1> <Sync> <CReg>
ST_5 : Operation 42 [1/1] (0.00ns)   --->   "%normed_V = partselect i16 @_ssdm_op_PartSelect.i16.i26.i32.i32, i26 %mul_ln1270, i32 10, i32 25"   --->   Operation 42 'partselect' 'normed_V' <Predicate = true> <Delay = 0.00>
ST_5 : Operation 43 [1/1] (0.00ns)   --->   "%sext_ln837 = sext i16 %normed_V"   --->   Operation 43 'sext' 'sext_ln837' <Predicate = true> <Delay = 0.00>
ST_5 : Operation 44 [1/1] (0.00ns)   --->   "%zext_ln837 = zext i5 %output_norm_weight_V_load"   --->   Operation 44 'zext' 'zext_ln837' <Predicate = true> <Delay = 0.00>
ST_5 : Operation 45 [3/3] (1.05ns) (grouped into DSP with root node ret_V)   --->   "%mul_ln837 = mul i20 %sext_ln837, i20 %zext_ln837"   --->   Operation 45 'mul' 'mul_ln837' <Predicate = true> <Delay = 1.05> <CoreInst = "DSP48">   --->   Core 119 'DSP48' <Latency = 3> <II = 1> <Delay = 2.15> <IPBlock> <Opcode : 'mul' 'add' 'sub' 'select'> <InPorts = 0> <OutPorts = 1> <Sync> <CReg>

State 6 <SV = 5> <Delay = 1.05>
ST_6 : Operation 46 [2/3] (1.05ns) (grouped into DSP with root node ret_V)   --->   "%mul_ln837 = mul i20 %sext_ln837, i20 %zext_ln837"   --->   Operation 46 'mul' 'mul_ln837' <Predicate = true> <Delay = 1.05> <CoreInst = "DSP48">   --->   Core 119 'DSP48' <Latency = 3> <II = 1> <Delay = 2.15> <IPBlock> <Opcode : 'mul' 'add' 'sub' 'select'> <InPorts = 0> <OutPorts = 1> <Sync> <CReg>

State 7 <SV = 6> <Delay = 2.10>
ST_7 : Operation 47 [1/3] (0.00ns) (grouped into DSP with root node ret_V)   --->   "%mul_ln837 = mul i20 %sext_ln837, i20 %zext_ln837"   --->   Operation 47 'mul' 'mul_ln837' <Predicate = true> <Delay = 0.00> <CoreInst = "DSP48">   --->   Core 119 'DSP48' <Latency = 3> <II = 1> <Delay = 2.15> <IPBlock> <Opcode : 'mul' 'add' 'sub' 'select'> <InPorts = 0> <OutPorts = 1> <Sync> <CReg>
ST_7 : Operation 48 [1/1] (0.00ns)   --->   "%rhs_1 = bitconcatenate i12 @_ssdm_op_BitConcatenate.i12.i2.i10, i2 %rhs, i10 0"   --->   Operation 48 'bitconcatenate' 'rhs_1' <Predicate = true> <Delay = 0.00>
ST_7 : Operation 49 [1/1] (0.00ns)   --->   "%sext_ln1347 = sext i12 %rhs_1"   --->   Operation 49 'sext' 'sext_ln1347' <Predicate = true> <Delay = 0.00>
ST_7 : Operation 50 [2/2] (2.10ns) (root node of the DSP)   --->   "%ret_V = add i20 %sext_ln1347, i20 %mul_ln837"   --->   Operation 50 'add' 'ret_V' <Predicate = true> <Delay = 2.10> <CoreInst = "DSP48">   --->   Core 119 'DSP48' <Latency = 3> <II = 1> <Delay = 2.15> <IPBlock> <Opcode : 'mul' 'add' 'sub' 'select'> <InPorts = 0> <OutPorts = 1> <Sync> <CReg>
ST_7 : Operation 56 [1/1] (0.00ns)   --->   "%ret_ln0 = ret"   --->   Operation 56 'ret' 'ret_ln0' <Predicate = (icmp_ln64)> <Delay = 0.00>

State 8 <SV = 7> <Delay = 4.42>
ST_8 : Operation 51 [1/1] (0.00ns)   --->   "%specloopname_ln64 = specloopname void @_ssdm_op_SpecLoopName, void @empty_30" [src/imgds_linear_dense_q8.cpp:64]   --->   Operation 51 'specloopname' 'specloopname_ln64' <Predicate = true> <Delay = 0.00>
ST_8 : Operation 52 [1/2] (2.10ns) (root node of the DSP)   --->   "%ret_V = add i20 %sext_ln1347, i20 %mul_ln837"   --->   Operation 52 'add' 'ret_V' <Predicate = true> <Delay = 2.10> <CoreInst = "DSP48">   --->   Core 119 'DSP48' <Latency = 3> <II = 1> <Delay = 2.15> <IPBlock> <Opcode : 'mul' 'add' 'sub' 'select'> <InPorts = 0> <OutPorts = 1> <Sync> <CReg>
ST_8 : Operation 53 [1/1] (0.00ns)   --->   "%trunc_ln = partselect i16 @_ssdm_op_PartSelect.i16.i20.i32.i32, i20 %ret_V, i32 4, i32 19"   --->   Operation 53 'partselect' 'trunc_ln' <Predicate = true> <Delay = 0.00>
ST_8 : Operation 54 [1/1] (2.32ns)   --->   "%store_ln66 = store i16 %trunc_ln, i4 %x_addr" [src/imgds_linear_dense_q8.cpp:66]   --->   Operation 54 'store' 'store_ln66' <Predicate = true> <Delay = 2.32> <CoreInst = "RAM">   --->   Core 82 'RAM' <Latency = 1> <II = 1> <Delay = 2.32> <Storage> <Opcode : 'load' 'store'> <Ports = 2> <Width = 16> <Depth = 16> <RAM>
ST_8 : Operation 55 [1/1] (0.00ns)   --->   "%br_ln64 = br void %for.body22" [src/imgds_linear_dense_q8.cpp:64]   --->   Operation 55 'br' 'br_ln64' <Predicate = true> <Delay = 0.00>


============================================================
+ Verbose Summary: Binding
============================================================
STG Binding: 
---------------- STG Properties BEGIN ----------------
- Is combinational: 0
- Is one-state seq: 0
- Is datapath-only: 0
- Is pipelined: 0
- Is top level: 0
Port [ Return ] is wired: 1; IO mode=ap_ctrl_hs:ce=0
Port [ x]:  wired=1; compound=1; hidden=0; nouse=0; global=0; static=0; extern=0; dir=2; type=1; pingpong=0; private_global=0; MemPort=[01]; IO mode=ap_memory:ce=0
Port [ sext_ln1348]:  wired=1; compound=0; hidden=0; nouse=0; global=0; static=0; extern=0; dir=0; type=0; pingpong=0; private_global=0; IO mode=ap_none:ce=0
Port [ sext_ln1270]:  wired=1; compound=0; hidden=0; nouse=0; global=0; static=0; extern=0; dir=0; type=0; pingpong=0; private_global=0; IO mode=ap_none:ce=0
Port [ output_norm_weight_V]:  wired=0; compound=1; hidden=1; nouse=0; global=1; static=1; extern=0; dir=0; type=1; pingpong=0; private_global=1; MemPort=[1]; IO mode=ap_memory:ce=0
Port [ output_norm_bias_V]:  wired=0; compound=1; hidden=1; nouse=0; global=1; static=1; extern=0; dir=0; type=1; pingpong=0; private_global=1; MemPort=[1]; IO mode=ap_memory:ce=0
---------------- STG Properties END ------------------

---------------- Datapath Model BEGIN ----------------

<LifeTime>
<method=bitvector/>
i                         (alloca           ) [ 010000000]
sext_ln1270_read          (read             ) [ 000000000]
sext_ln1348_read          (read             ) [ 000000000]
sext_ln1270_cast          (sext             ) [ 011111000]
sext_ln1348_cast          (sext             ) [ 011000000]
store_ln0                 (store            ) [ 000000000]
br_ln0                    (br               ) [ 000000000]
i_2                       (load             ) [ 000000000]
specpipeline_ln0          (specpipeline     ) [ 000000000]
icmp_ln64                 (icmp             ) [ 011111110]
empty                     (speclooptripcount) [ 000000000]
add_ln64                  (add              ) [ 000000000]
br_ln64                   (br               ) [ 000000000]
i_3_cast                  (zext             ) [ 000000000]
x_addr                    (getelementptr    ) [ 011111111]
output_norm_weight_V_addr (getelementptr    ) [ 011000000]
output_norm_bias_V_addr   (getelementptr    ) [ 011000000]
store_ln64                (store            ) [ 000000000]
x_load                    (load             ) [ 000000000]
sext_ln1348_1             (sext             ) [ 000000000]
ret_V_1                   (sub              ) [ 000000000]
sext_ln1270_4             (sext             ) [ 010111000]
output_norm_weight_V_load (load             ) [ 010111000]
rhs                       (load             ) [ 010111110]
mul_ln1270                (mul              ) [ 000000000]
normed_V                  (partselect       ) [ 000000000]
sext_ln837                (sext             ) [ 010000110]
zext_ln837                (zext             ) [ 010000110]
mul_ln837                 (mul              ) [ 010000001]
rhs_1                     (bitconcatenate   ) [ 000000000]
sext_ln1347               (sext             ) [ 010000001]
specloopname_ln64         (specloopname     ) [ 000000000]
ret_V                     (add              ) [ 000000000]
trunc_ln                  (partselect       ) [ 000000000]
store_ln66                (store            ) [ 000000000]
br_ln64                   (br               ) [ 000000000]
ret_ln0                   (ret              ) [ 000000000]
</LifeTime>

<model>

<comp_list>
<comp id="0" class="1000" name="x">
<pin_list>
<pin id="1" dir="1" index="0" bw="1" slack="0"/>
</pin_list>
<bind>
<StgValue><ssdm name="x"/><MemPortTyVec>0 1 </MemPortTyVec>
</StgValue>
</bind>
</comp>

<comp id="2" class="1000" name="sext_ln1348">
<pin_list>
<pin id="3" dir="1" index="0" bw="1" slack="0"/>
</pin_list>
<bind>
<StgValue><ssdm name="sext_ln1348"/></StgValue>
</bind>
</comp>

<comp id="4" class="1000" name="sext_ln1270">
<pin_list>
<pin id="5" dir="1" index="0" bw="1" slack="0"/>
</pin_list>
<bind>
<StgValue><ssdm name="sext_ln1270"/></StgValue>
</bind>
</comp>

<comp id="6" class="1000" name="output_norm_weight_V">
<pin_list>
<pin id="7" dir="1" index="0" bw="1" slack="0"/>
</pin_list>
<bind>
<StgValue><ssdm name="output_norm_weight_V"/><MemPortTyVec>1 </MemPortTyVec>
</StgValue>
</bind>
</comp>

<comp id="8" class="1000" name="output_norm_bias_V">
<pin_list>
<pin id="9" dir="1" index="0" bw="1" slack="0"/>
</pin_list>
<bind>
<StgValue><ssdm name="output_norm_bias_V"/><MemPortTyVec>1 </MemPortTyVec>
</StgValue>
</bind>
</comp>

<comp id="10" class="1001" name="const_10">
<pin_list>
<pin id="11" dir="1" index="0" bw="1" slack="0"/>
</pin_list>
<bind>
<StgValue><ssdm name=""/></StgValue>
</bind>
</comp>

<comp id="12" class="1001" name="const_12">
<pin_list>
<pin id="13" dir="1" index="0" bw="1" slack="0"/>
</pin_list>
<bind>
<StgValue><ssdm name="_ssdm_op_Read.ap_auto.i16"/></StgValue>
</bind>
</comp>

<comp id="14" class="1001" name="const_14">
<pin_list>
<pin id="15" dir="1" index="0" bw="1" slack="0"/>
</pin_list>
<bind>
<StgValue><ssdm name=""/></StgValue>
</bind>
</comp>

<comp id="16" class="1001" name="const_16">
<pin_list>
<pin id="17" dir="1" index="0" bw="1" slack="2147483647"/>
</pin_list>
<bind>
<StgValue><ssdm name="_ssdm_op_SpecPipeline"/></StgValue>
</bind>
</comp>

<comp id="18" class="1001" name="const_18">
<pin_list>
<pin id="19" dir="1" index="0" bw="1" slack="2147483647"/>
</pin_list>
<bind>
<StgValue><ssdm name=""/></StgValue>
</bind>
</comp>

<comp id="20" class="1001" name="const_20">
<pin_list>
<pin id="21" dir="1" index="0" bw="1" slack="2147483647"/>
</pin_list>
<bind>
<StgValue><ssdm name=""/></StgValue>
</bind>
</comp>

<comp id="22" class="1001" name="const_22">
<pin_list>
<pin id="23" dir="1" index="0" bw="1" slack="2147483647"/>
</pin_list>
<bind>
<StgValue><ssdm name="p_str"/></StgValue>
</bind>
</comp>

<comp id="24" class="1001" name="const_24">
<pin_list>
<pin id="25" dir="1" index="0" bw="1" slack="0"/>
</pin_list>
<bind>
<StgValue><ssdm name=""/></StgValue>
</bind>
</comp>

<comp id="26" class="1001" name="const_26">
<pin_list>
<pin id="27" dir="1" index="0" bw="1" slack="2147483647"/>
</pin_list>
<bind>
<StgValue><ssdm name="_ssdm_op_SpecLoopTripCount"/></StgValue>
</bind>
</comp>

<comp id="28" class="1001" name="const_28">
<pin_list>
<pin id="29" dir="1" index="0" bw="1" slack="2147483647"/>
</pin_list>
<bind>
<StgValue><ssdm name=""/></StgValue>
</bind>
</comp>

<comp id="30" class="1001" name="const_30">
<pin_list>
<pin id="31" dir="1" index="0" bw="1" slack="0"/>
</pin_list>
<bind>
<StgValue><ssdm name=""/></StgValue>
</bind>
</comp>

<comp id="32" class="1001" name="const_32">
<pin_list>
<pin id="33" dir="1" index="0" bw="1" slack="0"/>
</pin_list>
<bind>
<StgValue><ssdm name=""/></StgValue>
</bind>
</comp>

<comp id="34" class="1001" name="const_34">
<pin_list>
<pin id="35" dir="1" index="0" bw="1" slack="0"/>
</pin_list>
<bind>
<StgValue><ssdm name="_ssdm_op_PartSelect.i16.i26.i32.i32"/></StgValue>
</bind>
</comp>

<comp id="36" class="1001" name="const_36">
<pin_list>
<pin id="37" dir="1" index="0" bw="1" slack="0"/>
</pin_list>
<bind>
<StgValue><ssdm name=""/></StgValue>
</bind>
</comp>

<comp id="38" class="1001" name="const_38">
<pin_list>
<pin id="39" dir="1" index="0" bw="1" slack="0"/>
</pin_list>
<bind>
<StgValue><ssdm name=""/></StgValue>
</bind>
</comp>

<comp id="40" class="1001" name="const_40">
<pin_list>
<pin id="41" dir="1" index="0" bw="1" slack="0"/>
</pin_list>
<bind>
<StgValue><ssdm name="_ssdm_op_BitConcatenate.i12.i2.i10"/></StgValue>
</bind>
</comp>

<comp id="42" class="1001" name="const_42">
<pin_list>
<pin id="43" dir="1" index="0" bw="1" slack="0"/>
</pin_list>
<bind>
<StgValue><ssdm name=""/></StgValue>
</bind>
</comp>

<comp id="44" class="1001" name="const_44">
<pin_list>
<pin id="45" dir="1" index="0" bw="1" slack="2147483647"/>
</pin_list>
<bind>
<StgValue><ssdm name="_ssdm_op_SpecLoopName"/></StgValue>
</bind>
</comp>

<comp id="46" class="1001" name="const_46">
<pin_list>
<pin id="47" dir="1" index="0" bw="1" slack="2147483647"/>
</pin_list>
<bind>
<StgValue><ssdm name="empty_30"/></StgValue>
</bind>
</comp>

<comp id="48" class="1001" name="const_48">
<pin_list>
<pin id="49" dir="1" index="0" bw="1" slack="0"/>
</pin_list>
<bind>
<StgValue><ssdm name="_ssdm_op_PartSelect.i16.i20.i32.i32"/></StgValue>
</bind>
</comp>

<comp id="50" class="1001" name="const_50">
<pin_list>
<pin id="51" dir="1" index="0" bw="1" slack="0"/>
</pin_list>
<bind>
<StgValue><ssdm name=""/></StgValue>
</bind>
</comp>

<comp id="52" class="1001" name="const_52">
<pin_list>
<pin id="53" dir="1" index="0" bw="1" slack="0"/>
</pin_list>
<bind>
<StgValue><ssdm name=""/></StgValue>
</bind>
</comp>

<comp id="54" class="1004" name="i_fu_54">
<pin_list>
<pin id="55" dir="0" index="0" bw="1" slack="0"/>
<pin id="56" dir="1" index="1" bw="5" slack="0"/>
</pin_list>
<bind>
<opcode="alloca(26) " fcode="alloca"/>
<opset="i/1 "/>
</bind>
</comp>

<comp id="58" class="1004" name="sext_ln1270_read_read_fu_58">
<pin_list>
<pin id="59" dir="0" index="0" bw="16" slack="0"/>
<pin id="60" dir="0" index="1" bw="16" slack="0"/>
<pin id="61" dir="1" index="2" bw="16" slack="0"/>
</pin_list>
<bind>
<opcode="read(1150) " fcode="read"/>
<opset="sext_ln1270_read/1 "/>
</bind>
</comp>

<comp id="64" class="1004" name="sext_ln1348_read_read_fu_64">
<pin_list>
<pin id="65" dir="0" index="0" bw="16" slack="0"/>
<pin id="66" dir="0" index="1" bw="16" slack="0"/>
<pin id="67" dir="1" index="2" bw="16" slack="0"/>
</pin_list>
<bind>
<opcode="read(1150) " fcode="read"/>
<opset="sext_ln1348_read/1 "/>
</bind>
</comp>

<comp id="70" class="1004" name="x_addr_gep_fu_70">
<pin_list>
<pin id="71" dir="0" index="0" bw="16" slack="0"/>
<pin id="72" dir="0" index="1" bw="1" slack="0"/>
<pin id="73" dir="0" index="2" bw="5" slack="0"/>
<pin id="74" dir="1" index="3" bw="4" slack="0"/>
</pin_list>
<bind>
<opcode="getelementptr(29) " fcode="getelementptr"/>
<opset="x_addr/1 "/>
</bind>
</comp>

<comp id="77" class="1004" name="grp_access_fu_77">
<pin_list>
<pin id="78" dir="0" index="0" bw="4" slack="7"/>
<pin id="79" dir="0" index="1" bw="16" slack="0"/>
<pin id="80" dir="0" index="2" bw="0" slack="0"/>
<pin id="82" dir="0" index="4" bw="4" slack="2147483647"/>
<pin id="83" dir="0" index="5" bw="16" slack="2147483647"/>
<pin id="84" dir="0" index="6" bw="0" slack="2147483647"/>
<pin id="81" dir="1" index="3" bw="16" slack="2147483647"/>
<pin id="85" dir="1" index="7" bw="16" slack="0"/>
</pin_list>
<bind>
<opcode="load(27) store(28) " fcode="store"/>
<opset="x_load/1 store_ln66/8 "/>
</bind>
</comp>

<comp id="87" class="1004" name="output_norm_weight_V_addr_gep_fu_87">
<pin_list>
<pin id="88" dir="0" index="0" bw="5" slack="0"/>
<pin id="89" dir="0" index="1" bw="1" slack="0"/>
<pin id="90" dir="0" index="2" bw="5" slack="0"/>
<pin id="91" dir="1" index="3" bw="4" slack="0"/>
</pin_list>
<bind>
<opcode="getelementptr(29) " fcode="getelementptr"/>
<opset="output_norm_weight_V_addr/1 "/>
</bind>
</comp>

<comp id="94" class="1004" name="grp_access_fu_94">
<pin_list>
<pin id="95" dir="0" index="0" bw="4" slack="0"/>
<pin id="96" dir="0" index="1" bw="5" slack="2147483647"/>
<pin id="97" dir="0" index="2" bw="0" slack="2147483647"/>
<pin id="98" dir="1" index="3" bw="5" slack="3"/>
</pin_list>
<bind>
<opcode="load(27) " fcode="load"/>
<opset="output_norm_weight_V_load/1 "/>
</bind>
</comp>

<comp id="100" class="1004" name="output_norm_bias_V_addr_gep_fu_100">
<pin_list>
<pin id="101" dir="0" index="0" bw="2" slack="0"/>
<pin id="102" dir="0" index="1" bw="1" slack="0"/>
<pin id="103" dir="0" index="2" bw="5" slack="0"/>
<pin id="104" dir="1" index="3" bw="4" slack="0"/>
</pin_list>
<bind>
<opcode="getelementptr(29) " fcode="getelementptr"/>
<opset="output_norm_bias_V_addr/1 "/>
</bind>
</comp>

<comp id="107" class="1004" name="grp_access_fu_107">
<pin_list>
<pin id="108" dir="0" index="0" bw="4" slack="0"/>
<pin id="109" dir="0" index="1" bw="2" slack="2147483647"/>
<pin id="110" dir="0" index="2" bw="0" slack="2147483647"/>
<pin id="111" dir="1" index="3" bw="2" slack="5"/>
</pin_list>
<bind>
<opcode="load(27) " fcode="load"/>
<opset="rhs/1 "/>
</bind>
</comp>

<comp id="113" class="1004" name="sext_ln1270_cast_fu_113">
<pin_list>
<pin id="114" dir="0" index="0" bw="16" slack="0"/>
<pin id="115" dir="1" index="1" bw="26" slack="1"/>
</pin_list>
<bind>
<opcode="sext(35) " fcode="sext"/>
<opset="sext_ln1270_cast/1 "/>
</bind>
</comp>

<comp id="117" class="1004" name="sext_ln1348_cast_fu_117">
<pin_list>
<pin id="118" dir="0" index="0" bw="16" slack="0"/>
<pin id="119" dir="1" index="1" bw="17" slack="1"/>
</pin_list>
<bind>
<opcode="sext(35) " fcode="sext"/>
<opset="sext_ln1348_cast/1 "/>
</bind>
</comp>

<comp id="121" class="1004" name="store_ln0_store_fu_121">
<pin_list>
<pin id="122" dir="0" index="0" bw="1" slack="0"/>
<pin id="123" dir="0" index="1" bw="5" slack="0"/>
<pin id="124" dir="1" index="2" bw="0" slack="2147483647"/>
</pin_list>
<bind>
<opcode="store(28) " fcode="store"/>
<opset="store_ln0/1 "/>
</bind>
</comp>

<comp id="126" class="1004" name="i_2_load_fu_126">
<pin_list>
<pin id="127" dir="0" index="0" bw="5" slack="0"/>
<pin id="128" dir="1" index="1" bw="5" slack="0"/>
</pin_list>
<bind>
<opcode="load(27) " fcode="load"/>
<opset="i_2/1 "/>
</bind>
</comp>

<comp id="129" class="1004" name="icmp_ln64_fu_129">
<pin_list>
<pin id="130" dir="0" index="0" bw="5" slack="0"/>
<pin id="131" dir="0" index="1" bw="5" slack="0"/>
<pin id="132" dir="1" index="2" bw="1" slack="6"/>
</pin_list>
<bind>
<opcode="icmp(45) " fcode="icmp"/>
<opset="icmp_ln64/1 "/>
</bind>
</comp>

<comp id="135" class="1004" name="add_ln64_fu_135">
<pin_list>
<pin id="136" dir="0" index="0" bw="5" slack="0"/>
<pin id="137" dir="0" index="1" bw="1" slack="0"/>
<pin id="138" dir="1" index="2" bw="5" slack="0"/>
</pin_list>
<bind>
<opcode="add(8) " fcode="add"/>
<opset="add_ln64/1 "/>
</bind>
</comp>

<comp id="141" class="1004" name="i_3_cast_fu_141">
<pin_list>
<pin id="142" dir="0" index="0" bw="5" slack="0"/>
<pin id="143" dir="1" index="1" bw="64" slack="0"/>
</pin_list>
<bind>
<opcode="zext(34) " fcode="zext"/>
<opset="i_3_cast/1 "/>
</bind>
</comp>

<comp id="148" class="1004" name="store_ln64_store_fu_148">
<pin_list>
<pin id="149" dir="0" index="0" bw="5" slack="0"/>
<pin id="150" dir="0" index="1" bw="5" slack="0"/>
<pin id="151" dir="1" index="2" bw="0" slack="2147483647"/>
</pin_list>
<bind>
<opcode="store(28) " fcode="store"/>
<opset="store_ln64/1 "/>
</bind>
</comp>

<comp id="153" class="1004" name="sext_ln1348_1_fu_153">
<pin_list>
<pin id="154" dir="0" index="0" bw="16" slack="0"/>
<pin id="155" dir="1" index="1" bw="17" slack="0"/>
</pin_list>
<bind>
<opcode="sext(35) " fcode="sext"/>
<opset="sext_ln1348_1/2 "/>
</bind>
</comp>

<comp id="157" class="1004" name="normed_V_fu_157">
<pin_list>
<pin id="158" dir="0" index="0" bw="16" slack="0"/>
<pin id="159" dir="0" index="1" bw="26" slack="0"/>
<pin id="160" dir="0" index="2" bw="5" slack="0"/>
<pin id="161" dir="0" index="3" bw="6" slack="0"/>
<pin id="162" dir="1" index="4" bw="16" slack="0"/>
</pin_list>
<bind>
<opcode="partselect(1002) " fcode="partselect"/>
<opset="normed_V/5 "/>
</bind>
</comp>

<comp id="166" class="1004" name="sext_ln837_fu_166">
<pin_list>
<pin id="167" dir="0" index="0" bw="16" slack="0"/>
<pin id="168" dir="1" index="1" bw="20" slack="0"/>
</pin_list>
<bind>
<opcode="sext(35) " fcode="sext"/>
<opset="sext_ln837/5 "/>
</bind>
</comp>

<comp id="170" class="1004" name="zext_ln837_fu_170">
<pin_list>
<pin id="171" dir="0" index="0" bw="5" slack="3"/>
<pin id="172" dir="1" index="1" bw="20" slack="0"/>
</pin_list>
<bind>
<opcode="zext(34) " fcode="zext"/>
<opset="zext_ln837/5 "/>
</bind>
</comp>

<comp id="173" class="1004" name="rhs_1_fu_173">
<pin_list>
<pin id="174" dir="0" index="0" bw="12" slack="0"/>
<pin id="175" dir="0" index="1" bw="2" slack="5"/>
<pin id="176" dir="0" index="2" bw="1" slack="0"/>
<pin id="177" dir="1" index="3" bw="12" slack="0"/>
</pin_list>
<bind>
<opcode="bitconcatenate(1004) " fcode="bitconcatenate"/>
<opset="rhs_1/7 "/>
</bind>
</comp>

<comp id="180" class="1004" name="sext_ln1347_fu_180">
<pin_list>
<pin id="181" dir="0" index="0" bw="12" slack="0"/>
<pin id="182" dir="1" index="1" bw="20" slack="0"/>
</pin_list>
<bind>
<opcode="sext(35) " fcode="sext"/>
<opset="sext_ln1347/7 "/>
</bind>
</comp>

<comp id="184" class="1004" name="trunc_ln_fu_184">
<pin_list>
<pin id="185" dir="0" index="0" bw="16" slack="0"/>
<pin id="186" dir="0" index="1" bw="20" slack="0"/>
<pin id="187" dir="0" index="2" bw="4" slack="0"/>
<pin id="188" dir="0" index="3" bw="6" slack="0"/>
<pin id="189" dir="1" index="4" bw="16" slack="0"/>
</pin_list>
<bind>
<opcode="partselect(1002) " fcode="partselect"/>
<opset="trunc_ln/8 "/>
</bind>
</comp>

<comp id="194" class="1007" name="grp_fu_194">
<pin_list>
<pin id="195" dir="0" index="0" bw="16" slack="0"/>
<pin id="196" dir="0" index="1" bw="16" slack="1"/>
<pin id="197" dir="0" index="2" bw="16" slack="2147483647"/>
<pin id="198" dir="1" index="3" bw="26" slack="0"/>
</pin_list>
<bind>
<opcode="submul(1171) " fcode="submul"/>
<opset="ret_V_1/2 sext_ln1270_4/2 mul_ln1270/2 "/>
</bind>
</comp>

<comp id="201" class="1007" name="grp_fu_201">
<pin_list>
<pin id="202" dir="0" index="0" bw="16" slack="0"/>
<pin id="203" dir="0" index="1" bw="5" slack="0"/>
<pin id="204" dir="0" index="2" bw="12" slack="0"/>
<pin id="205" dir="1" index="3" bw="20" slack="0"/>
</pin_list>
<bind>
<opcode="muladd(1172) " fcode="muladd"/>
<opset="mul_ln837/5 ret_V/7 "/>
</bind>
</comp>

<comp id="210" class="1005" name="i_reg_210">
<pin_list>
<pin id="211" dir="0" index="0" bw="5" slack="0"/>
<pin id="212" dir="1" index="1" bw="5" slack="0"/>
</pin_list>
<bind>
<opset="i "/>
</bind>
</comp>

<comp id="217" class="1005" name="sext_ln1270_cast_reg_217">
<pin_list>
<pin id="218" dir="0" index="0" bw="26" slack="1"/>
<pin id="219" dir="1" index="1" bw="26" slack="1"/>
</pin_list>
<bind>
<opset="sext_ln1270_cast "/>
</bind>
</comp>

<comp id="222" class="1005" name="sext_ln1348_cast_reg_222">
<pin_list>
<pin id="223" dir="0" index="0" bw="17" slack="1"/>
<pin id="224" dir="1" index="1" bw="17" slack="1"/>
</pin_list>
<bind>
<opset="sext_ln1348_cast "/>
</bind>
</comp>

<comp id="227" class="1005" name="icmp_ln64_reg_227">
<pin_list>
<pin id="228" dir="0" index="0" bw="1" slack="6"/>
<pin id="229" dir="1" index="1" bw="1" slack="2147483647"/>
</pin_list>
<bind>
<opset="icmp_ln64 "/>
</bind>
</comp>

<comp id="231" class="1005" name="x_addr_reg_231">
<pin_list>
<pin id="232" dir="0" index="0" bw="4" slack="1"/>
<pin id="233" dir="1" index="1" bw="4" slack="1"/>
</pin_list>
<bind>
<opset="x_addr "/>
</bind>
</comp>

<comp id="237" class="1005" name="output_norm_weight_V_addr_reg_237">
<pin_list>
<pin id="238" dir="0" index="0" bw="4" slack="1"/>
<pin id="239" dir="1" index="1" bw="4" slack="1"/>
</pin_list>
<bind>
<opset="output_norm_weight_V_addr "/>
</bind>
</comp>

<comp id="242" class="1005" name="output_norm_bias_V_addr_reg_242">
<pin_list>
<pin id="243" dir="0" index="0" bw="4" slack="1"/>
<pin id="244" dir="1" index="1" bw="4" slack="1"/>
</pin_list>
<bind>
<opset="output_norm_bias_V_addr "/>
</bind>
</comp>

<comp id="247" class="1005" name="output_norm_weight_V_load_reg_247">
<pin_list>
<pin id="248" dir="0" index="0" bw="5" slack="3"/>
<pin id="249" dir="1" index="1" bw="5" slack="3"/>
</pin_list>
<bind>
<opset="output_norm_weight_V_load "/>
</bind>
</comp>

<comp id="252" class="1005" name="rhs_reg_252">
<pin_list>
<pin id="253" dir="0" index="0" bw="2" slack="5"/>
<pin id="254" dir="1" index="1" bw="2" slack="5"/>
</pin_list>
<bind>
<opset="rhs "/>
</bind>
</comp>

<comp id="257" class="1005" name="sext_ln837_reg_257">
<pin_list>
<pin id="258" dir="0" index="0" bw="20" slack="1"/>
<pin id="259" dir="1" index="1" bw="20" slack="1"/>
</pin_list>
<bind>
<opset="sext_ln837 "/>
</bind>
</comp>

<comp id="262" class="1005" name="zext_ln837_reg_262">
<pin_list>
<pin id="263" dir="0" index="0" bw="20" slack="1"/>
<pin id="264" dir="1" index="1" bw="20" slack="1"/>
</pin_list>
<bind>
<opset="zext_ln837 "/>
</bind>
</comp>

<comp id="267" class="1005" name="sext_ln1347_reg_267">
<pin_list>
<pin id="268" dir="0" index="0" bw="20" slack="1"/>
<pin id="269" dir="1" index="1" bw="20" slack="1"/>
</pin_list>
<bind>
<opset="sext_ln1347 "/>
</bind>
</comp>

</comp_list>

<net_list>
<net id="57"><net_src comp="10" pin="0"/><net_sink comp="54" pin=0"/></net>

<net id="62"><net_src comp="12" pin="0"/><net_sink comp="58" pin=0"/></net>

<net id="63"><net_src comp="4" pin="0"/><net_sink comp="58" pin=1"/></net>

<net id="68"><net_src comp="12" pin="0"/><net_sink comp="64" pin=0"/></net>

<net id="69"><net_src comp="2" pin="0"/><net_sink comp="64" pin=1"/></net>

<net id="75"><net_src comp="0" pin="0"/><net_sink comp="70" pin=0"/></net>

<net id="76"><net_src comp="32" pin="0"/><net_sink comp="70" pin=1"/></net>

<net id="86"><net_src comp="70" pin="3"/><net_sink comp="77" pin=2"/></net>

<net id="92"><net_src comp="6" pin="0"/><net_sink comp="87" pin=0"/></net>

<net id="93"><net_src comp="32" pin="0"/><net_sink comp="87" pin=1"/></net>

<net id="99"><net_src comp="87" pin="3"/><net_sink comp="94" pin=0"/></net>

<net id="105"><net_src comp="8" pin="0"/><net_sink comp="100" pin=0"/></net>

<net id="106"><net_src comp="32" pin="0"/><net_sink comp="100" pin=1"/></net>

<net id="112"><net_src comp="100" pin="3"/><net_sink comp="107" pin=0"/></net>

<net id="116"><net_src comp="58" pin="2"/><net_sink comp="113" pin=0"/></net>

<net id="120"><net_src comp="64" pin="2"/><net_sink comp="117" pin=0"/></net>

<net id="125"><net_src comp="14" pin="0"/><net_sink comp="121" pin=0"/></net>

<net id="133"><net_src comp="126" pin="1"/><net_sink comp="129" pin=0"/></net>

<net id="134"><net_src comp="24" pin="0"/><net_sink comp="129" pin=1"/></net>

<net id="139"><net_src comp="126" pin="1"/><net_sink comp="135" pin=0"/></net>

<net id="140"><net_src comp="30" pin="0"/><net_sink comp="135" pin=1"/></net>

<net id="144"><net_src comp="126" pin="1"/><net_sink comp="141" pin=0"/></net>

<net id="145"><net_src comp="141" pin="1"/><net_sink comp="70" pin=2"/></net>

<net id="146"><net_src comp="141" pin="1"/><net_sink comp="87" pin=2"/></net>

<net id="147"><net_src comp="141" pin="1"/><net_sink comp="100" pin=2"/></net>

<net id="152"><net_src comp="135" pin="2"/><net_sink comp="148" pin=0"/></net>

<net id="156"><net_src comp="77" pin="7"/><net_sink comp="153" pin=0"/></net>

<net id="163"><net_src comp="34" pin="0"/><net_sink comp="157" pin=0"/></net>

<net id="164"><net_src comp="36" pin="0"/><net_sink comp="157" pin=2"/></net>

<net id="165"><net_src comp="38" pin="0"/><net_sink comp="157" pin=3"/></net>

<net id="169"><net_src comp="157" pin="4"/><net_sink comp="166" pin=0"/></net>

<net id="178"><net_src comp="40" pin="0"/><net_sink comp="173" pin=0"/></net>

<net id="179"><net_src comp="42" pin="0"/><net_sink comp="173" pin=2"/></net>

<net id="183"><net_src comp="173" pin="3"/><net_sink comp="180" pin=0"/></net>

<net id="190"><net_src comp="48" pin="0"/><net_sink comp="184" pin=0"/></net>

<net id="191"><net_src comp="50" pin="0"/><net_sink comp="184" pin=2"/></net>

<net id="192"><net_src comp="52" pin="0"/><net_sink comp="184" pin=3"/></net>

<net id="193"><net_src comp="184" pin="4"/><net_sink comp="77" pin=1"/></net>

<net id="199"><net_src comp="153" pin="1"/><net_sink comp="194" pin=0"/></net>

<net id="200"><net_src comp="194" pin="3"/><net_sink comp="157" pin=1"/></net>

<net id="206"><net_src comp="166" pin="1"/><net_sink comp="201" pin=0"/></net>

<net id="207"><net_src comp="170" pin="1"/><net_sink comp="201" pin=1"/></net>

<net id="208"><net_src comp="180" pin="1"/><net_sink comp="201" pin=2"/></net>

<net id="209"><net_src comp="201" pin="3"/><net_sink comp="184" pin=1"/></net>

<net id="213"><net_src comp="54" pin="1"/><net_sink comp="210" pin=0"/></net>

<net id="214"><net_src comp="210" pin="1"/><net_sink comp="121" pin=1"/></net>

<net id="215"><net_src comp="210" pin="1"/><net_sink comp="126" pin=0"/></net>

<net id="216"><net_src comp="210" pin="1"/><net_sink comp="148" pin=1"/></net>

<net id="220"><net_src comp="113" pin="1"/><net_sink comp="217" pin=0"/></net>

<net id="221"><net_src comp="217" pin="1"/><net_sink comp="194" pin=1"/></net>

<net id="225"><net_src comp="117" pin="1"/><net_sink comp="222" pin=0"/></net>

<net id="226"><net_src comp="222" pin="1"/><net_sink comp="194" pin=1"/></net>

<net id="230"><net_src comp="129" pin="2"/><net_sink comp="227" pin=0"/></net>

<net id="234"><net_src comp="70" pin="3"/><net_sink comp="231" pin=0"/></net>

<net id="235"><net_src comp="231" pin="1"/><net_sink comp="77" pin=2"/></net>

<net id="236"><net_src comp="231" pin="1"/><net_sink comp="77" pin=0"/></net>

<net id="240"><net_src comp="87" pin="3"/><net_sink comp="237" pin=0"/></net>

<net id="241"><net_src comp="237" pin="1"/><net_sink comp="94" pin=0"/></net>

<net id="245"><net_src comp="100" pin="3"/><net_sink comp="242" pin=0"/></net>

<net id="246"><net_src comp="242" pin="1"/><net_sink comp="107" pin=0"/></net>

<net id="250"><net_src comp="94" pin="3"/><net_sink comp="247" pin=0"/></net>

<net id="251"><net_src comp="247" pin="1"/><net_sink comp="170" pin=0"/></net>

<net id="255"><net_src comp="107" pin="3"/><net_sink comp="252" pin=0"/></net>

<net id="256"><net_src comp="252" pin="1"/><net_sink comp="173" pin=1"/></net>

<net id="260"><net_src comp="166" pin="1"/><net_sink comp="257" pin=0"/></net>

<net id="261"><net_src comp="257" pin="1"/><net_sink comp="201" pin=0"/></net>

<net id="265"><net_src comp="170" pin="1"/><net_sink comp="262" pin=0"/></net>

<net id="266"><net_src comp="262" pin="1"/><net_sink comp="201" pin=1"/></net>

<net id="270"><net_src comp="180" pin="1"/><net_sink comp="267" pin=0"/></net>

<net id="271"><net_src comp="267" pin="1"/><net_sink comp="201" pin=0"/></net>

</net_list>

</model> 
---------------- Datapath Model END ------------------

* FSMD analyzer results:
  - Output states:
	Port: x | {8 }
 - Input state : 
	Port: layer_norm_q8_Pipeline_VITIS_LOOP_64_3 : x | {1 2 }
	Port: layer_norm_q8_Pipeline_VITIS_LOOP_64_3 : sext_ln1348 | {1 }
	Port: layer_norm_q8_Pipeline_VITIS_LOOP_64_3 : sext_ln1270 | {1 }
	Port: layer_norm_q8_Pipeline_VITIS_LOOP_64_3 : output_norm_weight_V | {1 2 }
	Port: layer_norm_q8_Pipeline_VITIS_LOOP_64_3 : output_norm_bias_V | {1 2 }
  - Chain level:
	State 1
		store_ln0 : 1
		i_2 : 1
		icmp_ln64 : 2
		add_ln64 : 2
		br_ln64 : 3
		i_3_cast : 2
		x_addr : 3
		x_load : 4
		output_norm_weight_V_addr : 3
		output_norm_weight_V_load : 4
		output_norm_bias_V_addr : 3
		rhs : 4
		store_ln64 : 3
	State 2
		sext_ln1348_1 : 1
		ret_V_1 : 2
		sext_ln1270_4 : 3
		mul_ln1270 : 4
	State 3
	State 4
	State 5
		normed_V : 1
		sext_ln837 : 2
		mul_ln837 : 3
	State 6
	State 7
		sext_ln1347 : 1
		ret_V : 2
	State 8
		trunc_ln : 1
		store_ln66 : 2


============================================================
+ Verbose Summary: Datapath Resource usage 
============================================================

* Functional unit list:
|----------|-----------------------------|---------|---------|---------|
| Operation|       Functional Unit       |   DSP   |    FF   |   LUT   |
|----------|-----------------------------|---------|---------|---------|
|    add   |       add_ln64_fu_135       |    0    |    0    |    13   |
|----------|-----------------------------|---------|---------|---------|
|   icmp   |       icmp_ln64_fu_129      |    0    |    0    |    9    |
|----------|-----------------------------|---------|---------|---------|
|  submul  |          grp_fu_194         |    1    |    0    |    0    |
|----------|-----------------------------|---------|---------|---------|
|  muladd  |          grp_fu_201         |    1    |    0    |    0    |
|----------|-----------------------------|---------|---------|---------|
|   read   | sext_ln1270_read_read_fu_58 |    0    |    0    |    0    |
|          | sext_ln1348_read_read_fu_64 |    0    |    0    |    0    |
|----------|-----------------------------|---------|---------|---------|
|          |   sext_ln1270_cast_fu_113   |    0    |    0    |    0    |
|          |   sext_ln1348_cast_fu_117   |    0    |    0    |    0    |
|   sext   |     sext_ln1348_1_fu_153    |    0    |    0    |    0    |
|          |      sext_ln837_fu_166      |    0    |    0    |    0    |
|          |      sext_ln1347_fu_180     |    0    |    0    |    0    |
|----------|-----------------------------|---------|---------|---------|
|   zext   |       i_3_cast_fu_141       |    0    |    0    |    0    |
|          |      zext_ln837_fu_170      |    0    |    0    |    0    |
|----------|-----------------------------|---------|---------|---------|
|partselect|       normed_V_fu_157       |    0    |    0    |    0    |
|          |       trunc_ln_fu_184       |    0    |    0    |    0    |
|----------|-----------------------------|---------|---------|---------|
|bitconcatenate|         rhs_1_fu_173        |    0    |    0    |    0    |
|----------|-----------------------------|---------|---------|---------|
|   Total  |                             |    2    |    0    |    22   |
|----------|-----------------------------|---------|---------|---------|

Memories:
N/A

* Register list:
+---------------------------------+--------+
|                                 |   FF   |
+---------------------------------+--------+
|            i_reg_210            |    5   |
|        icmp_ln64_reg_227        |    1   |
| output_norm_bias_V_addr_reg_242 |    4   |
|output_norm_weight_V_addr_reg_237|    4   |
|output_norm_weight_V_load_reg_247|    5   |
|           rhs_reg_252           |    2   |
|     sext_ln1270_cast_reg_217    |   26   |
|       sext_ln1347_reg_267       |   20   |
|     sext_ln1348_cast_reg_222    |   17   |
|        sext_ln837_reg_257       |   20   |
|          x_addr_reg_231         |    4   |
|        zext_ln837_reg_262       |   20   |
+---------------------------------+--------+
|              Total              |   128  |
+---------------------------------+--------+

* Multiplexer (MUX) list: 
|-------------------|------|------|------|--------||---------||---------|
|        Comp       |  Pin | Size |  BW  | S x BW ||  Delay  ||   LUT   |
|-------------------|------|------|------|--------||---------||---------|
|  grp_access_fu_77 |  p2  |   2  |   0  |    0   ||    9    |
|  grp_access_fu_94 |  p0  |   2  |   4  |    8   ||    9    |
| grp_access_fu_107 |  p0  |   2  |   4  |    8   ||    9    |
|     grp_fu_194    |  p1  |   2  |  16  |   32   ||    9    |
|     grp_fu_201    |  p0  |   3  |  16  |   48   ||    14   |
|     grp_fu_201    |  p1  |   2  |   5  |   10   ||    9    |
|-------------------|------|------|------|--------||---------||---------|
|       Total       |      |      |      |   106  ||  9.6473 ||    59   |
|-------------------|------|------|------|--------||---------||---------|



* Summary:
+-----------+--------+--------+--------+--------+
|           |   DSP  |  Delay |   FF   |   LUT  |
+-----------+--------+--------+--------+--------+
|  Function |    2   |    -   |    0   |   22   |
|   Memory  |    -   |    -   |    -   |    -   |
|Multiplexer|    -   |    9   |    -   |   59   |
|  Register |    -   |    -   |   128  |    -   |
+-----------+--------+--------+--------+--------+
|   Total   |    2   |    9   |   128  |   81   |
+-----------+--------+--------+--------+--------+
