Mon Jun 29 21:52:12 2026: Running xcd server. This server was built by gradle.
Mon Jun 29 21:52:12 2026: Server was asked to start on port: '38589'
Mon Jun 29 21:52:12 2026: Server is using token UUID: '993ac3e8-3936-40b3-9f50-378ab0e37fad'
Mon Jun 29 21:52:12 2026: SESSION_MGR: creating session with session uuid: '6d04a3e9-ade5-4ab9-8d63-1f78fcd2ec76' and name 'default'
Mon Jun 29 21:52:12 2026: Attempting to start server on port '38589'
Mon Jun 29 21:52:12 2026: XCD main fifo: created main fifo '/tmp/xcdmain993ac3e8-3936-40b3-9f50-378ab0e37fad', fd read = 13
Mon Jun 29 21:52:12 2026: Running Dispatch Server
Mon Jun 29 21:52:12 2026: Version 2.2.0
Mon Jun 29 21:52:21 2026: Dispatch Server: Accepted socket connection from client
Mon Jun 29 21:52:21 2026: Starting Socket connection
Mon Jun 29 21:52:21 2026: EXCHANGE_TOKEN received, server token: 993ac3e8-3936-40b3-9f50-378ab0e37fad, passed token: 993ac3e8-3936-40b3-9f50-378ab0e37fad
Mon Jun 29 21:52:21 2026: SESSION_MGR: creating session with session uuid: '5e96115d-925c-472c-9b0f-8d9516bed722' and name 'vitis_hls'
Mon Jun 29 21:52:21 2026: KERNEL_SVC: creating session with uuid: '5e96115d-925c-472c-9b0f-8d9516bed722' and name 'vitis_hls'
Mon Jun 29 21:52:21 2026: GUIDANCE_SMGR: creating guidance session with uuid: '5e96115d-925c-472c-9b0f-8d9516bed722' and name 'vitis_hls'
Mon Jun 29 21:53:13 2026: STOP_SERVER received, server token: 993ac3e8-3936-40b3-9f50-378ab0e37fad, passed token: 993ac3e8-3936-40b3-9f50-378ab0e37fad
Mon Jun 29 21:53:13 2026: Socket received request to stop server.
Mon Jun 29 21:53:13 2026: Dispatch Server: do_await_stop
Mon Jun 29 21:53:13 2026: Dispatch Server: stopping mainFifo_
Mon Jun 29 21:53:13 2026: XCD main fifo: Stopping
Mon Jun 29 21:53:13 2026: XCD main fifo: do_read error code: Operation canceled
Mon Jun 29 21:53:13 2026: XCD main fifo: bytes_transferred: 0
Mon Jun 29 21:53:13 2026: SERVER: destructor for server bound to port 38589
Mon Jun 29 21:53:13 2026: XCD main fifo: Good unlink of /tmp/xcdmain993ac3e8-3936-40b3-9f50-378ab0e37fad
Mon Jun 29 21:53:13 2026: Server exiting with status 0.
Mon Jun 29 21:53:13 2026: Closing log file.
