Q16-ESLA-K13 faithful phi(K) CSIM, samples=400
progress=250/400
dense_token_count=16
active_token_count=13
skipped_token_count=3
dense_kv_mac_count=4096
esla_kv_mac_count=3328
dense_total_mac_estimate=57632
esla_total_mac_estimate=50672
mac_reduction_ratio=0.120766241
dense_bram_read_proxy=50688
esla_bram_read_proxy=42624
bram_read_reduction_ratio=0.159090909
accuracy=0.952500000 precision=0.979710145 recall=0.965714286 f1=0.972661871
prediction_match_rate_vs_python_reference=1.000000000
prediction_match_rate_vs_dense=0.970000000
active_index_element_match_rate=0.995961538
max_abs_error=0.819104195 mean_abs_error=0.110587752
nan_samples=0 inf_samples=0
CSIM_PASS
